starting process log with one V8 and 1 scene(s) from E:\VsCode\skynet\ets_runtime\perf\results\runtime_configs\map_capacity_20260713_093540\100p_8g_r1\log.json
scene log (Log) listening on 127.0.0.1:7100
[process:log] one V8 started with 1 scene(s)
[log] Log scene started at 127.0.0.1:7100
log accepted 127.0.0.1:55401 as conn 1
log accepted 127.0.0.1:55443 as conn 2
[log] [login_1] perf_8g_10_100_0_1783935341323 login count 1
[log] [login_1] perf_8g_10_100_3_1783935341324 login count 1
[log] [login_1] perf_8g_10_100_2_1783935341324 login count 1
[log] [login_1] perf_8g_10_100_1_1783935341324 login count 1
[log] [login_1] perf_8g_10_100_4_1783935341324 login count 1
[log] [login_1] perf_8g_10_100_7_1783935341324 login count 1
[log] [login_1] perf_8g_10_100_6_1783935341324 login count 1
[log] [login_1] perf_8g_10_100_8_1783935341324 login count 1
[log] [login_1] perf_8g_10_100_5_1783935341324 login count 1
[log] [login_1] perf_8g_10_100_9_1783935341324 login count 1
[log] [login_1] perf_8g_10_100_10_1783935341324 login count 1
[log] [login_1] perf_8g_10_100_11_1783935341324 login count 1
[log] [login_1] perf_8g_10_100_12_1783935341325 login count 1
[log] [login_1] perf_8g_10_100_13_1783935341325 login count 1
[log] [login_1] perf_8g_10_100_14_1783935341325 login count 1
[log] [login_1] perf_8g_10_100_15_1783935341325 login count 1
log accepted 127.0.0.1:55469 as conn 3
[log] [gate_1] perf_8g_10_100_0_1783935341323 enter map_1 as unit 1000
log accepted 127.0.0.1:55479 as conn 4
log accepted 127.0.0.1:55478 as conn 5
log accepted 127.0.0.1:55482 as conn 6
log accepted 127.0.0.1:55481 as conn 7
[log] [gate_8] perf_8g_10_100_8_1783935341324 enter map_1 as unit 1007
log accepted 127.0.0.1:55483 as conn 8
log accepted 127.0.0.1:55484 as conn 9
log accepted 127.0.0.1:55485 as conn 10
[log] [gate_6] perf_8g_10_100_7_1783935341324 enter map_1 as unit 1003
[log] [gate_7] perf_8g_10_100_6_1783935341324 enter map_1 as unit 1004
[log] [gate_2] perf_8g_10_100_3_1783935341324 enter map_1 as unit 1001
[log] [gate_3] perf_8g_10_100_2_1783935341324 enter map_1 as unit 1002
[log] [login_1] perf_8g_10_100_16_1783935341348 login count 1
[log] [gate_1] perf_8g_10_100_5_1783935341324 enter map_1 as unit 1008
[log] [gate_5] perf_8g_10_100_4_1783935341324 enter map_1 as unit 1006
[log] [gate_7] perf_8g_10_100_14_1783935341325 enter map_1 as unit 1009
[log] [login_1] perf_8g_10_100_17_1783935341350 login count 1
[log] [gate_2] perf_8g_10_100_9_1783935341324 enter map_1 as unit 1014
[log] [gate_3] perf_8g_10_100_10_1783935341324 enter map_1 as unit 1012
[log] [gate_6] perf_8g_10_100_13_1783935341325 enter map_1 as unit 1011
[log] [gate_8] perf_8g_10_100_15_1783935341325 enter map_1 as unit 1010
[log] [gate_5] perf_8g_10_100_12_1783935341325 enter map_1 as unit 1013
[log] [gate_1] perf_8g_10_100_16_1783935341348 enter map_1 as unit 1015
[log] [login_1] perf_8g_10_100_18_1783935341352 login count 1
[log] [login_1] perf_8g_10_100_19_1783935341353 login count 1
[log] [gate_2] perf_8g_10_100_17_1783935341350 enter map_1 as unit 1016
[log] [login_1] perf_8g_10_100_20_1783935341353 login count 1
[log] [login_1] perf_8g_10_100_21_1783935341354 login count 1
[log] [login_1] perf_8g_10_100_22_1783935341354 login count 1
[log] [login_1] perf_8g_10_100_23_1783935341354 login count 1
[log] [login_1] perf_8g_10_100_24_1783935341354 login count 1
[log] [login_1] perf_8g_10_100_25_1783935341355 login count 1
[log] [login_1] perf_8g_10_100_28_1783935341356 login count 1
[log] [login_1] perf_8g_10_100_26_1783935341355 login count 1
[log] [login_1] perf_8g_10_100_27_1783935341355 login count 1
[log] [login_1] perf_8g_10_100_29_1783935341356 login count 1
[log] [login_1] perf_8g_10_100_30_1783935341356 login count 1
[log] [gate_3] perf_8g_10_100_18_1783935341352 enter map_1 as unit 1017
[log] [login_1] perf_8g_10_100_31_1783935341360 login count 1
[log] [gate_5] perf_8g_10_100_20_1783935341353 enter map_1 as unit 1018
[log] [gate_6] perf_8g_10_100_21_1783935341354 enter map_1 as unit 1019
[log] [login_1] perf_8g_10_100_32_1783935341364 login count 1
[log] [gate_8] perf_8g_10_100_23_1783935341354 enter map_1 as unit 1021
[log] [gate_7] perf_8g_10_100_22_1783935341354 enter map_1 as unit 1020
[log] [gate_1] perf_8g_10_100_24_1783935341354 enter map_1 as unit 1022
[log] [login_1] perf_8g_10_100_33_1783935341365 login count 1
[log] [gate_5] perf_8g_10_100_27_1783935341355 enter map_1 as unit 1025
[log] [gate_3] perf_8g_10_100_28_1783935341356 enter map_1 as unit 1024
[log] [gate_6] perf_8g_10_100_29_1783935341356 enter map_1 as unit 1026
[log] [gate_2] perf_8g_10_100_25_1783935341355 enter map_1 as unit 1023
[log] [gate_4] perf_8g_10_100_1_1783935341324 enter map_1 as unit 1005
[log] [gate_7] perf_8g_10_100_30_1783935341356 enter map_1 as unit 1027
[log] [gate_8] perf_8g_10_100_31_1783935341360 enter map_1 as unit 1028
[log] [gate_1] perf_8g_10_100_32_1783935341364 enter map_1 as unit 1029
[log] [gate_4] perf_8g_10_100_11_1783935341324 enter map_1 as unit 1030
[log] [gate_2] perf_8g_10_100_33_1783935341365 enter map_1 as unit 1031
[log] [login_1] perf_8g_10_100_34_1783935341368 login count 1
[log] [login_1] perf_8g_10_100_35_1783935341369 login count 1
[log] [login_1] perf_8g_10_100_36_1783935341370 login count 1
[log] [gate_4] perf_8g_10_100_26_1783935341355 enter map_1 as unit 1032
[log] [login_1] perf_8g_10_100_37_1783935341371 login count 1
[log] [login_1] perf_8g_10_100_38_1783935341371 login count 1
[log] [login_1] perf_8g_10_100_39_1783935341371 login count 1
[log] [login_1] perf_8g_10_100_40_1783935341371 login count 1
[log] [login_1] perf_8g_10_100_41_1783935341373 login count 1
[log] [login_1] perf_8g_10_100_42_1783935341373 login count 1
[log] [login_1] perf_8g_10_100_43_1783935341373 login count 1
[log] [gate_4] perf_8g_10_100_19_1783935341353 enter map_1 as unit 1033
[log] [login_1] perf_8g_10_100_44_1783935341374 login count 1
[log] [gate_3] perf_8g_10_100_34_1783935341368 enter map_1 as unit 1034
[log] [login_1] perf_8g_10_100_45_1783935341376 login count 1
[log] [login_1] perf_8g_10_100_46_1783935341377 login count 1
[log] [login_1] perf_8g_10_100_47_1783935341377 login count 1
[log] [gate_4] perf_8g_10_100_35_1783935341369 enter map_1 as unit 1035
[log] [gate_5] perf_8g_10_100_36_1783935341370 enter map_1 as unit 1036
[log] [gate_6] perf_8g_10_100_37_1783935341371 enter map_1 as unit 1037
[log] [gate_7] perf_8g_10_100_38_1783935341371 enter map_1 as unit 1038
[log] [gate_2] perf_8g_10_100_41_1783935341373 enter map_1 as unit 1040
[log] [gate_1] perf_8g_10_100_40_1783935341371 enter map_1 as unit 1041
[log] [gate_8] perf_8g_10_100_39_1783935341371 enter map_1 as unit 1039
[log] [gate_3] perf_8g_10_100_42_1783935341373 enter map_1 as unit 1042
[log] [gate_4] perf_8g_10_100_43_1783935341373 enter map_1 as unit 1043
[log] [login_1] perf_8g_10_100_48_1783935341383 login count 1
[log] [login_1] perf_8g_10_100_49_1783935341383 login count 1
[log] [gate_5] perf_8g_10_100_44_1783935341374 enter map_1 as unit 1044
[log] [gate_6] perf_8g_10_100_45_1783935341376 enter map_1 as unit 1045
[log] [login_1] perf_8g_10_100_50_1783935341386 login count 1
[log] [gate_8] perf_8g_10_100_47_1783935341377 enter map_1 as unit 1047
[log] [gate_7] perf_8g_10_100_46_1783935341377 enter map_1 as unit 1046
[log] [login_1] perf_8g_10_100_51_1783935341389 login count 1
[log] [login_1] perf_8g_10_100_52_1783935341390 login count 1
[log] [login_1] perf_8g_10_100_53_1783935341390 login count 1
[log] [login_1] perf_8g_10_100_54_1783935341391 login count 1
[log] [login_1] perf_8g_10_100_55_1783935341391 login count 1
[log] [login_1] perf_8g_10_100_56_1783935341392 login count 1
[log] [login_1] perf_8g_10_100_57_1783935341392 login count 1
[log] [login_1] perf_8g_10_100_58_1783935341393 login count 1
[log] [gate_1] perf_8g_10_100_48_1783935341383 enter map_1 as unit 1048
[log] [login_1] perf_8g_10_100_59_1783935341394 login count 1
[log] [gate_2] perf_8g_10_100_49_1783935341383 enter map_1 as unit 1049
[log] [login_1] perf_8g_10_100_60_1783935341396 login count 1
[log] [gate_3] perf_8g_10_100_50_1783935341386 enter map_1 as unit 1050
[log] [login_1] perf_8g_10_100_61_1783935341398 login count 1
[log] [gate_4] perf_8g_10_100_51_1783935341389 enter map_1 as unit 1051
[log] [login_1] perf_8g_10_100_62_1783935341399 login count 1
[log] [login_1] perf_8g_10_100_63_1783935341399 login count 1
[log] [gate_5] perf_8g_10_100_52_1783935341390 enter map_1 as unit 1052
[log] [gate_6] perf_8g_10_100_53_1783935341390 enter map_1 as unit 1053
[log] [gate_7] perf_8g_10_100_54_1783935341391 enter map_1 as unit 1054
[log] [gate_8] perf_8g_10_100_55_1783935341391 enter map_1 as unit 1055
[log] [login_1] perf_8g_10_100_64_1783935341405 login count 1
[log] [gate_1] perf_8g_10_100_56_1783935341392 enter map_1 as unit 1057
[log] [gate_3] perf_8g_10_100_58_1783935341393 enter map_1 as unit 1058
[log] [gate_2] perf_8g_10_100_57_1783935341392 enter map_1 as unit 1056
[log] [login_1] perf_8g_10_100_65_1783935341406 login count 1
[log] [gate_5] perf_8g_10_100_60_1783935341396 enter map_1 as unit 1060
[log] [gate_4] perf_8g_10_100_59_1783935341394 enter map_1 as unit 1059
[log] [login_1] perf_8g_10_100_66_1783935341408 login count 1
[log] [gate_6] perf_8g_10_100_61_1783935341398 enter map_1 as unit 1061
[log] [gate_7] perf_8g_10_100_62_1783935341399 enter map_1 as unit 1062
[log] [gate_8] perf_8g_10_100_63_1783935341399 enter map_1 as unit 1063
[log] [login_1] perf_8g_10_100_67_1783935341410 login count 1
[log] [login_1] perf_8g_10_100_68_1783935341411 login count 1
[log] [login_1] perf_8g_10_100_69_1783935341412 login count 1
[log] [login_1] perf_8g_10_100_70_1783935341412 login count 1
[log] [login_1] perf_8g_10_100_71_1783935341413 login count 1
[log] [gate_1] perf_8g_10_100_64_1783935341405 enter map_1 as unit 1064
[log] [login_1] perf_8g_10_100_72_1783935341415 login count 1
[log] [gate_2] perf_8g_10_100_65_1783935341406 enter map_1 as unit 1065
[log] [login_1] perf_8g_10_100_73_1783935341416 login count 1
[log] [login_1] perf_8g_10_100_74_1783935341416 login count 1
[log] [gate_3] perf_8g_10_100_66_1783935341408 enter map_1 as unit 1066
[log] [login_1] perf_8g_10_100_75_1783935341418 login count 1
[log] [login_1] perf_8g_10_100_76_1783935341419 login count 1
[log] [gate_4] perf_8g_10_100_67_1783935341410 enter map_1 as unit 1067
[log] [login_1] perf_8g_10_100_77_1783935341420 login count 1
[log] [login_1] perf_8g_10_100_78_1783935341420 login count 1
[log] [login_1] perf_8g_10_100_79_1783935341420 login count 1
[log] [gate_5] perf_8g_10_100_68_1783935341411 enter map_1 as unit 1068
[log] [gate_6] perf_8g_10_100_69_1783935341412 enter map_1 as unit 1069
[log] [gate_8] perf_8g_10_100_71_1783935341413 enter map_1 as unit 1071
[log] [gate_7] perf_8g_10_100_70_1783935341412 enter map_1 as unit 1070
[log] [gate_1] perf_8g_10_100_72_1783935341415 enter map_1 as unit 1072
[log] [login_1] perf_8g_10_100_80_1783935341426 login count 1
[log] [gate_2] perf_8g_10_100_73_1783935341416 enter map_1 as unit 1073
[log] [login_1] perf_8g_10_100_81_1783935341427 login count 1
[log] [gate_3] perf_8g_10_100_74_1783935341416 enter map_1 as unit 1074
[log] [login_1] perf_8g_10_100_82_1783935341429 login count 1
[log] [gate_4] perf_8g_10_100_75_1783935341418 enter map_1 as unit 1075
[log] [gate_5] perf_8g_10_100_76_1783935341419 enter map_1 as unit 1076
[log] [login_1] perf_8g_10_100_83_1783935341431 login count 1
[log] [gate_7] perf_8g_10_100_78_1783935341420 enter map_1 as unit 1079
[log] [gate_6] perf_8g_10_100_77_1783935341420 enter map_1 as unit 1077
[log] [gate_8] perf_8g_10_100_79_1783935341420 enter map_1 as unit 1078
[log] [login_1] perf_8g_10_100_84_1783935341433 login count 1
[log] [login_1] perf_8g_10_100_85_1783935341435 login count 1
[log] [login_1] perf_8g_10_100_86_1783935341435 login count 1
[log] [login_1] perf_8g_10_100_87_1783935341435 login count 1
[log] [gate_1] perf_8g_10_100_80_1783935341426 enter map_1 as unit 1080
[log] [login_1] perf_8g_10_100_88_1783935341437 login count 1
[log] [gate_2] perf_8g_10_100_81_1783935341427 enter map_1 as unit 1081
[log] [gate_3] perf_8g_10_100_82_1783935341429 enter map_1 as unit 1082
[log] [login_1] perf_8g_10_100_89_1783935341442 login count 1
[log] [login_1] perf_8g_10_100_90_1783935341443 login count 1
[log] [gate_4] perf_8g_10_100_83_1783935341431 enter map_1 as unit 1083
[log] [login_1] perf_8g_10_100_91_1783935341444 login count 1
[log] [login_1] perf_8g_10_100_92_1783935341444 login count 1
[log] [login_1] perf_8g_10_100_93_1783935341446 login count 1
[log] [gate_5] perf_8g_10_100_84_1783935341433 enter map_1 as unit 1084
[log] [login_1] perf_8g_10_100_94_1783935341446 login count 1
[log] [login_1] perf_8g_10_100_95_1783935341447 login count 1
[log] [gate_6] perf_8g_10_100_85_1783935341435 enter map_1 as unit 1085
[log] [gate_7] perf_8g_10_100_86_1783935341435 enter map_1 as unit 1086
[log] [gate_8] perf_8g_10_100_87_1783935341435 enter map_1 as unit 1087
[log] [login_1] perf_8g_10_100_96_1783935341451 login count 1
[log] [login_1] perf_8g_10_100_97_1783935341453 login count 1
[log] [gate_1] perf_8g_10_100_88_1783935341437 enter map_1 as unit 1088
[log] [login_1] perf_8g_10_100_98_1783935341455 login count 1
[log] [login_1] perf_8g_10_100_99_1783935341458 login count 1
[log] [gate_2] perf_8g_10_100_89_1783935341442 enter map_1 as unit 1089
[log] [gate_3] perf_8g_10_100_90_1783935341443 enter map_1 as unit 1090
[log] [gate_5] perf_8g_10_100_92_1783935341444 enter map_1 as unit 1092
[log] [gate_4] perf_8g_10_100_91_1783935341444 enter map_1 as unit 1091
[log] [gate_6] perf_8g_10_100_93_1783935341446 enter map_1 as unit 1093
[log] [gate_7] perf_8g_10_100_94_1783935341446 enter map_1 as unit 1094
[log] [gate_8] perf_8g_10_100_95_1783935341447 enter map_1 as unit 1095
[log] [gate_1] perf_8g_10_100_96_1783935341451 enter map_1 as unit 1096
[log] [gate_2] perf_8g_10_100_97_1783935341453 enter map_1 as unit 1097
[log] [gate_3] perf_8g_10_100_98_1783935341455 enter map_1 as unit 1098
[log] [gate_4] perf_8g_10_100_99_1783935341458 enter map_1 as unit 1099
[metrics:inner_transport] active=0 opened=0 pending=0 max_pending=0 overloads=0 timeouts=0 disconnected_calls=0 late_responses=0 idle_closes=0
[process-metrics] process=log cpu_percent=0.00 cpu_time_ms=46 rss_bytes=32669696 v8_heap_used_bytes=3016824 v8_heap_total_bytes=5517312 v8_gc_count=2 v8_gc_ms=0.871 timestamp_ms=1783935346042
[metrics:log] scene=log type=Log processed=200 failed=0 ts_queue=0 ts_max_queue=8 rust_queue=0 rust_max_queue=8 backpressure=0 slow_disconnects=0 update_ms=0.00 handler_ms=0.00 max_handler_ms=1.00 total_handler_ms=7.00
[metrics:inner_transport] active=0 opened=0 pending=0 max_pending=0 overloads=0 timeouts=0 disconnected_calls=0 late_responses=0 idle_closes=0
[process-metrics] process=log cpu_percent=0.32 cpu_time_ms=62 rss_bytes=32808960 v8_heap_used_bytes=3155496 v8_heap_total_bytes=5517312 v8_gc_count=2 v8_gc_ms=0.871 timestamp_ms=1783935351114
[metrics:log] scene=log type=Log processed=200 failed=0 ts_queue=0 ts_max_queue=8 rust_queue=0 rust_max_queue=8 backpressure=0 slow_disconnects=0 update_ms=0.00 handler_ms=0.00 max_handler_ms=1.00 total_handler_ms=7.00
[metrics:inner_transport] active=0 opened=0 pending=0 max_pending=0 overloads=0 timeouts=0 disconnected_calls=0 late_responses=0 idle_closes=0
[process-metrics] process=log cpu_percent=0.32 cpu_time_ms=78 rss_bytes=33067008 v8_heap_used_bytes=3299608 v8_heap_total_bytes=5779456 v8_gc_count=2 v8_gc_ms=0.871 timestamp_ms=1783935356161
[metrics:log] scene=log type=Log processed=200 failed=0 ts_queue=0 ts_max_queue=8 rust_queue=0 rust_max_queue=8 backpressure=0 slow_disconnects=0 update_ms=0.00 handler_ms=0.00 max_handler_ms=1.00 total_handler_ms=7.00
[metrics:inner_transport] active=0 opened=0 pending=0 max_pending=0 overloads=0 timeouts=0 disconnected_calls=0 late_responses=0 idle_closes=0
[process-metrics] process=log cpu_percent=0.30 cpu_time_ms=93 rss_bytes=33198080 v8_heap_used_bytes=3438280 v8_heap_total_bytes=5779456 v8_gc_count=2 v8_gc_ms=0.871 timestamp_ms=1783935361221
[metrics:log] scene=log type=Log processed=200 failed=0 ts_queue=0 ts_max_queue=8 rust_queue=0 rust_max_queue=8 backpressure=0 slow_disconnects=0 update_ms=0.00 handler_ms=0.00 max_handler_ms=1.00 total_handler_ms=7.00
[metrics:inner_transport] active=0 opened=0 pending=0 max_pending=0 overloads=0 timeouts=0 disconnected_calls=0 late_responses=0 idle_closes=0
[process-metrics] process=log cpu_percent=0.00 cpu_time_ms=93 rss_bytes=33857536 v8_heap_used_bytes=3592472 v8_heap_total_bytes=6041600 v8_gc_count=2 v8_gc_ms=0.871 timestamp_ms=1783935366263
[metrics:log] scene=log type=Log processed=200 failed=0 ts_queue=0 ts_max_queue=8 rust_queue=0 rust_max_queue=8 backpressure=0 slow_disconnects=0 update_ms=0.00 handler_ms=0.00 max_handler_ms=1.00 total_handler_ms=7.00
[metrics:inner_transport] active=0 opened=0 pending=0 max_pending=0 overloads=0 timeouts=0 disconnected_calls=0 late_responses=0 idle_closes=0
[process-metrics] process=log cpu_percent=0.00 cpu_time_ms=93 rss_bytes=33611776 v8_heap_used_bytes=2147568 v8_heap_total_bytes=4206592 v8_gc_count=3 v8_gc_ms=1.015 timestamp_ms=1783935371324
[metrics:log] scene=log type=Log processed=200 failed=0 ts_queue=0 ts_max_queue=8 rust_queue=0 rust_max_queue=8 backpressure=0 slow_disconnects=0 update_ms=0.00 handler_ms=0.00 max_handler_ms=1.00 total_handler_ms=7.00
[metrics:inner_transport] active=0 opened=0 pending=0 max_pending=0 overloads=0 timeouts=0 disconnected_calls=0 late_responses=0 idle_closes=0
[process-metrics] process=log cpu_percent=0.32 cpu_time_ms=109 rss_bytes=33832960 v8_heap_used_bytes=2281536 v8_heap_total_bytes=4206592 v8_gc_count=3 v8_gc_ms=1.015 timestamp_ms=1783935376372
[metrics:log] scene=log type=Log processed=200 failed=0 ts_queue=0 ts_max_queue=8 rust_queue=0 rust_max_queue=8 backpressure=0 slow_disconnects=0 update_ms=0.00 handler_ms=0.00 max_handler_ms=1.00 total_handler_ms=7.00
[metrics:inner_transport] active=0 opened=0 pending=0 max_pending=0 overloads=0 timeouts=0 disconnected_calls=0 late_responses=0 idle_closes=0
[process-metrics] process=log cpu_percent=0.00 cpu_time_ms=109 rss_bytes=33861632 v8_heap_used_bytes=2409840 v8_heap_total_bytes=4206592 v8_gc_count=3 v8_gc_ms=1.015 timestamp_ms=1783935381417
[metrics:log] scene=log type=Log processed=200 failed=0 ts_queue=0 ts_max_queue=8 rust_queue=0 rust_max_queue=8 backpressure=0 slow_disconnects=0 update_ms=0.00 handler_ms=0.00 max_handler_ms=1.00 total_handler_ms=7.00
