starting process map1 with one V8 and 1 scene(s) from E:\VsCode\skynet\ets_runtime\perf\results\runtime_configs\map_capacity_20260713_092657\200p_8g_r1\map1.json
scene map_1 (MapHost) listening on 127.0.0.1:7301
[process:map1] one V8 started with 1 scene(s)
[map_1] MapHost scene started at 127.0.0.1:7301
map_1 accepted 127.0.0.1:51750 as conn 1
map_1 accepted 127.0.0.1:51808 as conn 2
map_1 accepted 127.0.0.1:51809 as conn 3
map_1 accepted 127.0.0.1:51810 as conn 4
map_1 accepted 127.0.0.1:51811 as conn 5
map_1 accepted 127.0.0.1:51812 as conn 6
map_1 accepted 127.0.0.1:51813 as conn 7
[map_1] perf_8g_10_200_0_1783934818231 enter map 1 unit 1000
map_1 accepted 127.0.0.1:51814 as conn 8
map_1 accepted 127.0.0.1:51815 as conn 9
[map_1] perf_8g_10_200_10_1783934818232 enter map 1 unit 1001
[map_1] perf_8g_10_200_2_1783934818232 enter map 1 unit 1002
[map_1] perf_8g_10_200_6_1783934818232 enter map 1 unit 1003
[map_1] perf_8g_10_200_5_1783934818232 enter map 1 unit 1004
[map_1] perf_8g_10_200_8_1783934818232 enter map 1 unit 1005
[map_1] perf_8g_10_200_4_1783934818232 enter map 1 unit 1006
[map_1] perf_8g_10_200_3_1783934818232 enter map 1 unit 1007
[map_1] perf_8g_10_200_9_1783934818232 enter map 1 unit 1008
[map_1] perf_8g_10_200_1_1783934818232 enter map 1 unit 1009
[map_1] perf_8g_10_200_7_1783934818232 enter map 1 unit 1010
[map_1] perf_8g_10_200_15_1783934818232 enter map 1 unit 1011
[map_1] perf_8g_10_200_11_1783934818232 enter map 1 unit 1012
[map_1] perf_8g_10_200_14_1783934818232 enter map 1 unit 1013
[map_1] perf_8g_10_200_13_1783934818232 enter map 1 unit 1014
[map_1] perf_8g_10_200_12_1783934818232 enter map 1 unit 1015
[map_1] perf_8g_10_200_16_1783934818256 enter map 1 unit 1016
[map_1] perf_8g_10_200_17_1783934818258 enter map 1 unit 1017
[map_1] perf_8g_10_200_18_1783934818260 enter map 1 unit 1018
[map_1] perf_8g_10_200_19_1783934818261 enter map 1 unit 1019
[map_1] perf_8g_10_200_20_1783934818262 enter map 1 unit 1020
[map_1] perf_8g_10_200_21_1783934818262 enter map 1 unit 1021
[map_1] perf_8g_10_200_22_1783934818262 enter map 1 unit 1022
[map_1] perf_8g_10_200_24_1783934818263 enter map 1 unit 1023
[map_1] perf_8g_10_200_25_1783934818263 enter map 1 unit 1024
[map_1] perf_8g_10_200_23_1783934818263 enter map 1 unit 1025
[map_1] perf_8g_10_200_28_1783934818264 enter map 1 unit 1026
[map_1] perf_8g_10_200_26_1783934818263 enter map 1 unit 1027
[map_1] perf_8g_10_200_27_1783934818264 enter map 1 unit 1028
[map_1] perf_8g_10_200_32_1783934818265 enter map 1 unit 1029
[map_1] perf_8g_10_200_29_1783934818264 enter map 1 unit 1030
[map_1] perf_8g_10_200_30_1783934818264 enter map 1 unit 1031
[map_1] perf_8g_10_200_33_1783934818265 enter map 1 unit 1032
[map_1] perf_8g_10_200_31_1783934818265 enter map 1 unit 1033
[map_1] perf_8g_10_200_34_1783934818274 enter map 1 unit 1034
[map_1] perf_8g_10_200_36_1783934818275 enter map 1 unit 1035
[map_1] perf_8g_10_200_35_1783934818274 enter map 1 unit 1036
[map_1] perf_8g_10_200_37_1783934818277 enter map 1 unit 1037
[map_1] perf_8g_10_200_38_1783934818278 enter map 1 unit 1038
[map_1] perf_8g_10_200_39_1783934818280 enter map 1 unit 1039
[map_1] perf_8g_10_200_40_1783934818280 enter map 1 unit 1040
[map_1] perf_8g_10_200_41_1783934818282 enter map 1 unit 1041
[map_1] perf_8g_10_200_42_1783934818282 enter map 1 unit 1042
[map_1] perf_8g_10_200_43_1783934818283 enter map 1 unit 1043
[map_1] perf_8g_10_200_44_1783934818283 enter map 1 unit 1044
[map_1] perf_8g_10_200_45_1783934818284 enter map 1 unit 1045
[map_1] perf_8g_10_200_46_1783934818284 enter map 1 unit 1046
[map_1] perf_8g_10_200_47_1783934818285 enter map 1 unit 1047
[map_1] perf_8g_10_200_48_1783934818285 enter map 1 unit 1048
[map_1] perf_8g_10_200_49_1783934818286 enter map 1 unit 1049
[map_1] perf_8g_10_200_50_1783934818287 enter map 1 unit 1050
[map_1] perf_8g_10_200_51_1783934818288 enter map 1 unit 1051
[map_1] perf_8g_10_200_52_1783934818289 enter map 1 unit 1052
[map_1] perf_8g_10_200_53_1783934818290 enter map 1 unit 1053
[map_1] perf_8g_10_200_54_1783934818291 enter map 1 unit 1054
[map_1] perf_8g_10_200_55_1783934818296 enter map 1 unit 1055
[map_1] perf_8g_10_200_56_1783934818297 enter map 1 unit 1056
[map_1] perf_8g_10_200_57_1783934818298 enter map 1 unit 1057
[map_1] perf_8g_10_200_58_1783934818300 enter map 1 unit 1058
[map_1] perf_8g_10_200_59_1783934818301 enter map 1 unit 1059
[map_1] perf_8g_10_200_61_1783934818302 enter map 1 unit 1060
[map_1] perf_8g_10_200_60_1783934818301 enter map 1 unit 1061
[map_1] perf_8g_10_200_62_1783934818303 enter map 1 unit 1062
[map_1] perf_8g_10_200_63_1783934818304 enter map 1 unit 1063
[map_1] perf_8g_10_200_64_1783934818305 enter map 1 unit 1064
[map_1] perf_8g_10_200_65_1783934818306 enter map 1 unit 1065
[map_1] perf_8g_10_200_66_1783934818307 enter map 1 unit 1066
[map_1] perf_8g_10_200_67_1783934818307 enter map 1 unit 1067
[map_1] perf_8g_10_200_68_1783934818309 enter map 1 unit 1068
[map_1] perf_8g_10_200_69_1783934818310 enter map 1 unit 1069
[map_1] perf_8g_10_200_70_1783934818311 enter map 1 unit 1070
[map_1] perf_8g_10_200_71_1783934818317 enter map 1 unit 1071
[map_1] perf_8g_10_200_72_1783934818318 enter map 1 unit 1072
[map_1] perf_8g_10_200_73_1783934818319 enter map 1 unit 1073
[map_1] perf_8g_10_200_74_1783934818321 enter map 1 unit 1074
[map_1] perf_8g_10_200_75_1783934818322 enter map 1 unit 1075
[map_1] perf_8g_10_200_76_1783934818323 enter map 1 unit 1076
[map_1] perf_8g_10_200_77_1783934818323 enter map 1 unit 1077
[map_1] perf_8g_10_200_78_1783934818324 enter map 1 unit 1078
[map_1] perf_8g_10_200_79_1783934818326 enter map 1 unit 1079
[map_1] perf_8g_10_200_80_1783934818328 enter map 1 unit 1080
[map_1] perf_8g_10_200_81_1783934818328 enter map 1 unit 1081
[map_1] perf_8g_10_200_83_1783934818330 enter map 1 unit 1082
[map_1] perf_8g_10_200_82_1783934818330 enter map 1 unit 1083
[map_1] perf_8g_10_200_85_1783934818332 enter map 1 unit 1084
[map_1] perf_8g_10_200_86_1783934818333 enter map 1 unit 1086
[map_1] perf_8g_10_200_84_1783934818332 enter map 1 unit 1085
[map_1] perf_8g_10_200_87_1783934818340 enter map 1 unit 1087
[map_1] perf_8g_10_200_88_1783934818341 enter map 1 unit 1088
[map_1] perf_8g_10_200_89_1783934818343 enter map 1 unit 1089
[map_1] perf_8g_10_200_90_1783934818345 enter map 1 unit 1090
[map_1] perf_8g_10_200_91_1783934818346 enter map 1 unit 1091
[map_1] perf_8g_10_200_92_1783934818349 enter map 1 unit 1092
[map_1] perf_8g_10_200_93_1783934818349 enter map 1 unit 1093
[map_1] perf_8g_10_200_94_1783934818350 enter map 1 unit 1094
[map_1] perf_8g_10_200_95_1783934818351 enter map 1 unit 1095
[map_1] perf_8g_10_200_97_1783934818353 enter map 1 unit 1097
[map_1] perf_8g_10_200_96_1783934818352 enter map 1 unit 1096
[map_1] perf_8g_10_200_99_1783934818356 enter map 1 unit 1098
[map_1] perf_8g_10_200_98_1783934818356 enter map 1 unit 1099
[map_1] perf_8g_10_200_100_1783934818359 enter map 1 unit 1100
[map_1] perf_8g_10_200_101_1783934818359 enter map 1 unit 1101
[map_1] perf_8g_10_200_102_1783934818359 enter map 1 unit 1102
[map_1] perf_8g_10_200_103_1783934818365 enter map 1 unit 1103
[map_1] perf_8g_10_200_104_1783934818367 enter map 1 unit 1104
[map_1] perf_8g_10_200_105_1783934818368 enter map 1 unit 1105
[map_1] perf_8g_10_200_106_1783934818370 enter map 1 unit 1106
[map_1] perf_8g_10_200_107_1783934818371 enter map 1 unit 1107
[map_1] perf_8g_10_200_108_1783934818373 enter map 1 unit 1108
[map_1] perf_8g_10_200_109_1783934818376 enter map 1 unit 1109
[map_1] perf_8g_10_200_110_1783934818376 enter map 1 unit 1110
[map_1] perf_8g_10_200_111_1783934818379 enter map 1 unit 1111
[map_1] perf_8g_10_200_112_1783934818380 enter map 1 unit 1112
[map_1] perf_8g_10_200_113_1783934818380 enter map 1 unit 1113
[map_1] perf_8g_10_200_114_1783934818383 enter map 1 unit 1114
[map_1] perf_8g_10_200_115_1783934818384 enter map 1 unit 1115
[map_1] perf_8g_10_200_116_1783934818385 enter map 1 unit 1116
[map_1] perf_8g_10_200_117_1783934818386 enter map 1 unit 1117
[map_1] perf_8g_10_200_118_1783934818388 enter map 1 unit 1118
[map_1] perf_8g_10_200_119_1783934818391 enter map 1 unit 1119
[map_1] perf_8g_10_200_120_1783934818392 enter map 1 unit 1120
[map_1] perf_8g_10_200_121_1783934818395 enter map 1 unit 1121
[map_1] perf_8g_10_200_122_1783934818397 enter map 1 unit 1122
[map_1] perf_8g_10_200_123_1783934818400 enter map 1 unit 1123
[map_1] perf_8g_10_200_124_1783934818401 enter map 1 unit 1124
[map_1] perf_8g_10_200_125_1783934818401 enter map 1 unit 1125
[map_1] perf_8g_10_200_126_1783934818403 enter map 1 unit 1126
[map_1] perf_8g_10_200_127_1783934818407 enter map 1 unit 1127
[map_1] perf_8g_10_200_128_1783934818409 enter map 1 unit 1128
[map_1] perf_8g_10_200_129_1783934818410 enter map 1 unit 1129
[map_1] perf_8g_10_200_130_1783934818412 enter map 1 unit 1130
[map_1] perf_8g_10_200_131_1783934818413 enter map 1 unit 1131
[map_1] perf_8g_10_200_132_1783934818417 enter map 1 unit 1132
[map_1] perf_8g_10_200_133_1783934818417 enter map 1 unit 1133
[map_1] perf_8g_10_200_135_1783934818420 enter map 1 unit 1135
[map_1] perf_8g_10_200_134_1783934818419 enter map 1 unit 1134
[map_1] perf_8g_10_200_136_1783934818420 enter map 1 unit 1136
[map_1] perf_8g_10_200_138_1783934818425 enter map 1 unit 1138
[map_1] perf_8g_10_200_137_1783934818423 enter map 1 unit 1137
[map_1] perf_8g_10_200_139_1783934818428 enter map 1 unit 1139
[map_1] perf_8g_10_200_140_1783934818428 enter map 1 unit 1140
[map_1] perf_8g_10_200_141_1783934818433 enter map 1 unit 1141
[map_1] perf_8g_10_200_142_1783934818434 enter map 1 unit 1142
[map_1] perf_8g_10_200_143_1783934818438 enter map 1 unit 1143
[map_1] perf_8g_10_200_144_1783934818438 enter map 1 unit 1145
[map_1] perf_8g_10_200_145_1783934818439 enter map 1 unit 1144
[map_1] perf_8g_10_200_146_1783934818440 enter map 1 unit 1146
[map_1] perf_8g_10_200_148_1783934818446 enter map 1 unit 1148
[map_1] perf_8g_10_200_147_1783934818442 enter map 1 unit 1147
[map_1] perf_8g_10_200_149_1783934818450 enter map 1 unit 1149
[map_1] perf_8g_10_200_151_1783934818451 enter map 1 unit 1151
[map_1] perf_8g_10_200_150_1783934818451 enter map 1 unit 1150
[map_1] perf_8g_10_200_152_1783934818455 enter map 1 unit 1152
[map_1] perf_8g_10_200_156_1783934818460 enter map 1 unit 1154
[map_1] perf_8g_10_200_154_1783934818456 enter map 1 unit 1153
[map_1] perf_8g_10_200_153_1783934818455 enter map 1 unit 1155
[map_1] perf_8g_10_200_159_1783934818468 enter map 1 unit 1159
[map_1] perf_8g_10_200_155_1783934818459 enter map 1 unit 1156
[map_1] perf_8g_10_200_157_1783934818462 enter map 1 unit 1158
[map_1] perf_8g_10_200_158_1783934818462 enter map 1 unit 1157
[map_1] perf_8g_10_200_161_1783934818469 enter map 1 unit 1160
[map_1] perf_8g_10_200_160_1783934818468 enter map 1 unit 1162
[map_1] perf_8g_10_200_163_1783934818474 enter map 1 unit 1161
[map_1] perf_8g_10_200_166_1783934818478 enter map 1 unit 1163
[map_1] perf_8g_10_200_164_1783934818474 enter map 1 unit 1167
[map_1] perf_8g_10_200_165_1783934818478 enter map 1 unit 1164
[map_1] perf_8g_10_200_167_1783934818478 enter map 1 unit 1166
[map_1] perf_8g_10_200_162_1783934818473 enter map 1 unit 1165
[map_1] perf_8g_10_200_168_1783934818483 enter map 1 unit 1168
[map_1] perf_8g_10_200_172_1783934818491 enter map 1 unit 1170
[map_1] perf_8g_10_200_169_1783934818484 enter map 1 unit 1169
[map_1] perf_8g_10_200_170_1783934818484 enter map 1 unit 1171
[map_1] perf_8g_10_200_175_1783934818493 enter map 1 unit 1175
[map_1] perf_8g_10_200_171_1783934818491 enter map 1 unit 1172
[map_1] perf_8g_10_200_173_1783934818492 enter map 1 unit 1174
[map_1] perf_8g_10_200_174_1783934818493 enter map 1 unit 1173
[map_1] perf_8g_10_200_177_1783934818498 enter map 1 unit 1176
[map_1] perf_8g_10_200_176_1783934818496 enter map 1 unit 1178
[map_1] perf_8g_10_200_180_1783934818506 enter map 1 unit 1177
[map_1] perf_8g_10_200_182_1783934818507 enter map 1 unit 1179
[map_1] perf_8g_10_200_179_1783934818505 enter map 1 unit 1183
[map_1] perf_8g_10_200_178_1783934818498 enter map 1 unit 1180
[map_1] perf_8g_10_200_184_1783934818513 enter map 1 unit 1182
[map_1] perf_8g_10_200_181_1783934818507 enter map 1 unit 1181
[map_1] perf_8g_10_200_183_1783934818513 enter map 1 unit 1184
[map_1] perf_8g_10_200_188_1783934818523 enter map 1 unit 1186
[map_1] perf_8g_10_200_185_1783934818514 enter map 1 unit 1185
[map_1] perf_8g_10_200_191_1783934818525 enter map 1 unit 1187
[map_1] perf_8g_10_200_186_1783934818521 enter map 1 unit 1191
[map_1] perf_8g_10_200_190_1783934818525 enter map 1 unit 1188
[map_1] perf_8g_10_200_189_1783934818524 enter map 1 unit 1190
[map_1] perf_8g_10_200_187_1783934818522 enter map 1 unit 1189
[map_1] perf_8g_10_200_193_1783934818528 enter map 1 unit 1192
[map_1] perf_8g_10_200_197_1783934818540 enter map 1 unit 1194
[map_1] perf_8g_10_200_192_1783934818527 enter map 1 unit 1193
[map_1] perf_8g_10_200_194_1783934818529 enter map 1 unit 1195
[map_1] perf_8g_10_200_198_1783934818541 enter map 1 unit 1199
[map_1] perf_8g_10_200_199_1783934818542 enter map 1 unit 1196
[map_1] perf_8g_10_200_196_1783934818540 enter map 1 unit 1198
[map_1] perf_8g_10_200_195_1783934818538 enter map 1 unit 1197
[metrics:inner_transport] active=8 opened=8 pending=0 max_pending=0 overloads=0 timeouts=0 disconnected_calls=0 late_responses=0 idle_closes=0
[process-metrics] process=map1 cpu_percent=113.95 cpu_time_ms=5765 rss_bytes=121683968 v8_heap_used_bytes=31638344 v8_heap_total_bytes=78655488 v8_gc_count=130 v8_gc_ms=81.535 timestamp_ms=1783934822993
[metrics:map1] scene=map_1 type=MapHost processed=10000 failed=0 ts_queue=0 ts_max_queue=177 rust_queue=175 rust_max_queue=177 backpressure=0 slow_disconnects=0 update_ms=0.00 handler_ms=11.00 max_handler_ms=25.00 total_handler_ms=96859.00
[metrics:inner_transport] active=8 opened=8 pending=0 max_pending=0 overloads=0 timeouts=0 disconnected_calls=0 late_responses=0 idle_closes=0
[process-metrics] process=map1 cpu_percent=96.21 cpu_time_ms=10578 rss_bytes=128483328 v8_heap_used_bytes=39482896 v8_heap_total_bytes=81276928 v8_gc_count=232 v8_gc_ms=169.316 timestamp_ms=1783934827995
[metrics:map1] scene=map_1 type=MapHost processed=21008 failed=0 ts_queue=0 ts_max_queue=177 rust_queue=192 rust_max_queue=192 backpressure=0 slow_disconnects=0 update_ms=3.00 handler_ms=3.00 max_handler_ms=42.00 total_handler_ms=239514.00
[metrics:inner_transport] active=8 opened=8 pending=0 max_pending=0 overloads=0 timeouts=0 disconnected_calls=0 late_responses=0 idle_closes=0
[process-metrics] process=map1 cpu_percent=102.13 cpu_time_ms=15687 rss_bytes=126119936 v8_heap_used_bytes=13364096 v8_heap_total_bytes=80228352 v8_gc_count=337 v8_gc_ms=250.049 timestamp_ms=1783934832998
[metrics:map1] scene=map_1 type=MapHost processed=32092 failed=0 ts_queue=0 ts_max_queue=192 rust_queue=108 rust_max_queue=192 backpressure=0 slow_disconnects=0 update_ms=8.00 handler_ms=8.00 max_handler_ms=42.00 total_handler_ms=355548.00
[metrics:inner_transport] active=8 opened=8 pending=0 max_pending=0 overloads=0 timeouts=0 disconnected_calls=0 late_responses=0 idle_closes=0
[process-metrics] process=map1 cpu_percent=89.83 cpu_time_ms=20187 rss_bytes=157405184 v8_heap_used_bytes=34945080 v8_heap_total_bytes=109588480 v8_gc_count=438 v8_gc_ms=335.668 timestamp_ms=1783934838007
[metrics:map1] scene=map_1 type=MapHost processed=43094 failed=0 ts_queue=0 ts_max_queue=192 rust_queue=106 rust_max_queue=192 backpressure=0 slow_disconnects=0 update_ms=9.00 handler_ms=9.00 max_handler_ms=59.00 total_handler_ms=486755.00
[metrics:inner_transport] active=8 opened=8 pending=0 max_pending=0 overloads=0 timeouts=0 disconnected_calls=0 late_responses=0 idle_closes=0
[process-metrics] process=map1 cpu_percent=93.68 cpu_time_ms=24875 rss_bytes=150560768 v8_heap_used_bytes=34161104 v8_heap_total_bytes=102510592 v8_gc_count=538 v8_gc_ms=422.447 timestamp_ms=1783934843012
[metrics:map1] scene=map_1 type=MapHost processed=54023 failed=0 ts_queue=0 ts_max_queue=192 rust_queue=177 rust_max_queue=192 backpressure=0 slow_disconnects=0 update_ms=2.00 handler_ms=2.00 max_handler_ms=59.00 total_handler_ms=606177.00
[metrics:inner_transport] active=8 opened=8 pending=0 max_pending=0 overloads=0 timeouts=0 disconnected_calls=0 late_responses=0 idle_closes=0
[process-metrics] process=map1 cpu_percent=96.77 cpu_time_ms=29718 rss_bytes=151535616 v8_heap_used_bytes=8256184 v8_heap_total_bytes=80752640 v8_gc_count=644 v8_gc_ms=523.253 timestamp_ms=1783934848016
[metrics:map1] scene=map_1 type=MapHost processed=65195 failed=0 ts_queue=0 ts_max_queue=192 rust_queue=5 rust_max_queue=192 backpressure=0 slow_disconnects=0 update_ms=18.00 handler_ms=17.00 max_handler_ms=105.00 total_handler_ms=776703.00
[metrics:inner_transport] active=8 opened=8 pending=0 max_pending=0 overloads=0 timeouts=0 disconnected_calls=0 late_responses=0 idle_closes=0
[process-metrics] process=map1 cpu_percent=74.32 cpu_time_ms=33437 rss_bytes=152236032 v8_heap_used_bytes=13840360 v8_heap_total_bytes=80752640 v8_gc_count=745 v8_gc_ms=605.206 timestamp_ms=1783934853020
[metrics:map1] scene=map_1 type=MapHost processed=76194 failed=0 ts_queue=0 ts_max_queue=192 rust_queue=6 rust_max_queue=192 backpressure=0 slow_disconnects=0 update_ms=13.00 handler_ms=13.00 max_handler_ms=105.00 total_handler_ms=881939.00
[metrics:inner_transport] active=8 opened=8 pending=0 max_pending=0 overloads=0 timeouts=0 disconnected_calls=0 late_responses=0 idle_closes=0
[process-metrics] process=map1 cpu_percent=98.26 cpu_time_ms=38406 rss_bytes=128032768 v8_heap_used_bytes=15034952 v8_heap_total_bytes=78655488 v8_gc_count=848 v8_gc_ms=690.845 timestamp_ms=1783934858077
[metrics:map1] scene=map_1 type=MapHost processed=87200 failed=0 ts_queue=0 ts_max_queue=192 rust_queue=0 rust_max_queue=192 backpressure=0 slow_disconnects=0 update_ms=0.00 handler_ms=1.00 max_handler_ms=105.00 total_handler_ms=1000690.00
[map_1] perf_8g_10_200_0_1783934818231 leave map 1 unit 1000
[map_1] perf_8g_10_200_10_1783934818232 leave map 1 unit 1001
[map_1] perf_8g_10_200_1_1783934818232 leave map 1 unit 1009
[map_1] perf_8g_10_200_2_1783934818232 leave map 1 unit 1002
[map_1] perf_8g_10_200_67_1783934818307 leave map 1 unit 1067
[map_1] perf_8g_10_200_63_1783934818304 leave map 1 unit 1063
[map_1] perf_8g_10_200_4_1783934818232 leave map 1 unit 1006
[map_1] perf_8g_10_200_64_1783934818305 leave map 1 unit 1064
[map_1] perf_8g_10_200_9_1783934818232 leave map 1 unit 1008
[map_1] perf_8g_10_200_66_1783934818307 leave map 1 unit 1066
[map_1] perf_8g_10_200_65_1783934818306 leave map 1 unit 1065
[map_1] perf_8g_10_200_6_1783934818232 leave map 1 unit 1003
[map_1] perf_8g_10_200_62_1783934818303 leave map 1 unit 1062
[map_1] perf_8g_10_200_12_1783934818232 leave map 1 unit 1015
[map_1] perf_8g_10_200_61_1783934818302 leave map 1 unit 1060
[map_1] perf_8g_10_200_60_1783934818301 leave map 1 unit 1061
[map_1] perf_8g_10_200_13_1783934818232 leave map 1 unit 1014
[map_1] perf_8g_10_200_57_1783934818298 leave map 1 unit 1057
[map_1] perf_8g_10_200_15_1783934818232 leave map 1 unit 1011
[map_1] perf_8g_10_200_59_1783934818301 leave map 1 unit 1059
[map_1] perf_8g_10_200_58_1783934818300 leave map 1 unit 1058
[map_1] perf_8g_10_200_3_1783934818232 leave map 1 unit 1007
[map_1] perf_8g_10_200_56_1783934818297 leave map 1 unit 1056
[map_1] perf_8g_10_200_14_1783934818232 leave map 1 unit 1013
[map_1] perf_8g_10_200_55_1783934818296 leave map 1 unit 1055
[map_1] perf_8g_10_200_16_1783934818256 leave map 1 unit 1016
[map_1] perf_8g_10_200_54_1783934818291 leave map 1 unit 1054
[map_1] perf_8g_10_200_17_1783934818258 leave map 1 unit 1017
[map_1] perf_8g_10_200_53_1783934818290 leave map 1 unit 1053
[map_1] perf_8g_10_200_19_1783934818261 leave map 1 unit 1019
[map_1] perf_8g_10_200_52_1783934818289 leave map 1 unit 1052
[map_1] perf_8g_10_200_51_1783934818288 leave map 1 unit 1051
[map_1] perf_8g_10_200_7_1783934818232 leave map 1 unit 1010
[map_1] perf_8g_10_200_50_1783934818287 leave map 1 unit 1050
[map_1] perf_8g_10_200_20_1783934818262 leave map 1 unit 1020
[map_1] perf_8g_10_200_49_1783934818286 leave map 1 unit 1049
[map_1] perf_8g_10_200_8_1783934818232 leave map 1 unit 1005
[map_1] perf_8g_10_200_48_1783934818285 leave map 1 unit 1048
[map_1] perf_8g_10_200_21_1783934818262 leave map 1 unit 1021
[map_1] perf_8g_10_200_46_1783934818284 leave map 1 unit 1046
[map_1] perf_8g_10_200_22_1783934818262 leave map 1 unit 1022
[map_1] perf_8g_10_200_47_1783934818285 leave map 1 unit 1047
[map_1] perf_8g_10_200_45_1783934818284 leave map 1 unit 1045
[map_1] perf_8g_10_200_5_1783934818232 leave map 1 unit 1004
[map_1] perf_8g_10_200_44_1783934818283 leave map 1 unit 1044
[map_1] perf_8g_10_200_24_1783934818263 leave map 1 unit 1023
[map_1] perf_8g_10_200_43_1783934818283 leave map 1 unit 1043
[map_1] perf_8g_10_200_23_1783934818263 leave map 1 unit 1025
[map_1] perf_8g_10_200_42_1783934818282 leave map 1 unit 1042
[map_1] perf_8g_10_200_25_1783934818263 leave map 1 unit 1024
[map_1] perf_8g_10_200_41_1783934818282 leave map 1 unit 1041
[map_1] perf_8g_10_200_11_1783934818232 leave map 1 unit 1012
[map_1] perf_8g_10_200_40_1783934818280 leave map 1 unit 1040
[map_1] perf_8g_10_200_39_1783934818280 leave map 1 unit 1039
[map_1] perf_8g_10_200_28_1783934818264 leave map 1 unit 1026
[map_1] perf_8g_10_200_18_1783934818260 leave map 1 unit 1018
[map_1] perf_8g_10_200_38_1783934818278 leave map 1 unit 1038
[map_1] perf_8g_10_200_29_1783934818264 leave map 1 unit 1030
[map_1] perf_8g_10_200_37_1783934818277 leave map 1 unit 1037
[map_1] perf_8g_10_200_36_1783934818275 leave map 1 unit 1035
[map_1] perf_8g_10_200_27_1783934818264 leave map 1 unit 1028
[map_1] perf_8g_10_200_35_1783934818274 leave map 1 unit 1036
[map_1] perf_8g_10_200_26_1783934818263 leave map 1 unit 1027
[map_1] perf_8g_10_200_30_1783934818264 leave map 1 unit 1031
[map_1] perf_8g_10_200_33_1783934818265 leave map 1 unit 1032
[map_1] perf_8g_10_200_34_1783934818274 leave map 1 unit 1034
[map_1] perf_8g_10_200_31_1783934818265 leave map 1 unit 1033
[map_1] perf_8g_10_200_32_1783934818265 leave map 1 unit 1029
[map_1] perf_8g_10_200_199_1783934818542 leave map 1 unit 1196
[map_1] perf_8g_10_200_198_1783934818541 leave map 1 unit 1199
[map_1] perf_8g_10_200_197_1783934818540 leave map 1 unit 1194
[map_1] perf_8g_10_200_196_1783934818540 leave map 1 unit 1198
[map_1] perf_8g_10_200_195_1783934818538 leave map 1 unit 1197
[map_1] perf_8g_10_200_194_1783934818529 leave map 1 unit 1195
[map_1] perf_8g_10_200_189_1783934818524 leave map 1 unit 1190
[map_1] perf_8g_10_200_190_1783934818525 leave map 1 unit 1188
[map_1] perf_8g_10_200_191_1783934818525 leave map 1 unit 1187
[map_1] perf_8g_10_200_192_1783934818527 leave map 1 unit 1193
[map_1] perf_8g_10_200_193_1783934818528 leave map 1 unit 1192
[map_1] perf_8g_10_200_183_1783934818513 leave map 1 unit 1184
[map_1] perf_8g_10_200_187_1783934818522 leave map 1 unit 1189
[map_1] perf_8g_10_200_184_1783934818513 leave map 1 unit 1182
[map_1] perf_8g_10_200_188_1783934818523 leave map 1 unit 1186
[map_1] perf_8g_10_200_181_1783934818507 leave map 1 unit 1181
[map_1] perf_8g_10_200_68_1783934818309 leave map 1 unit 1068
[map_1] perf_8g_10_200_70_1783934818311 leave map 1 unit 1070
[map_1] perf_8g_10_200_185_1783934818514 leave map 1 unit 1185
[map_1] perf_8g_10_200_186_1783934818521 leave map 1 unit 1191
[map_1] perf_8g_10_200_180_1783934818506 leave map 1 unit 1177
[map_1] perf_8g_10_200_173_1783934818492 leave map 1 unit 1174
[map_1] perf_8g_10_200_182_1783934818507 leave map 1 unit 1179
[map_1] perf_8g_10_200_178_1783934818498 leave map 1 unit 1180
[map_1] perf_8g_10_200_172_1783934818491 leave map 1 unit 1170
[map_1] perf_8g_10_200_69_1783934818310 leave map 1 unit 1069
[map_1] perf_8g_10_200_165_1783934818478 leave map 1 unit 1164
[map_1] perf_8g_10_200_179_1783934818505 leave map 1 unit 1183
[map_1] perf_8g_10_200_175_1783934818493 leave map 1 unit 1175
[map_1] perf_8g_10_200_176_1783934818496 leave map 1 unit 1178
[map_1] perf_8g_10_200_171_1783934818491 leave map 1 unit 1172
[map_1] perf_8g_10_200_71_1783934818317 leave map 1 unit 1071
[map_1] perf_8g_10_200_177_1783934818498 leave map 1 unit 1176
[map_1] perf_8g_10_200_170_1783934818484 leave map 1 unit 1171
[map_1] perf_8g_10_200_164_1783934818474 leave map 1 unit 1167
[map_1] perf_8g_10_200_174_1783934818493 leave map 1 unit 1173
[map_1] perf_8g_10_200_72_1783934818318 leave map 1 unit 1072
[map_1] perf_8g_10_200_162_1783934818473 leave map 1 unit 1165
[map_1] perf_8g_10_200_166_1783934818478 leave map 1 unit 1163
[map_1] perf_8g_10_200_169_1783934818484 leave map 1 unit 1169
[map_1] perf_8g_10_200_168_1783934818483 leave map 1 unit 1168
[map_1] perf_8g_10_200_73_1783934818319 leave map 1 unit 1073
[map_1] perf_8g_10_200_167_1783934818478 leave map 1 unit 1166
[map_1] perf_8g_10_200_161_1783934818469 leave map 1 unit 1160
[map_1] perf_8g_10_200_163_1783934818474 leave map 1 unit 1161
[map_1] perf_8g_10_200_76_1783934818323 leave map 1 unit 1076
[map_1] perf_8g_10_200_159_1783934818468 leave map 1 unit 1159
[map_1] perf_8g_10_200_160_1783934818468 leave map 1 unit 1162
[map_1] perf_8g_10_200_156_1783934818460 leave map 1 unit 1154
[map_1] perf_8g_10_200_77_1783934818323 leave map 1 unit 1077
[map_1] perf_8g_10_200_153_1783934818455 leave map 1 unit 1155
[map_1] perf_8g_10_200_155_1783934818459 leave map 1 unit 1156
[map_1] perf_8g_10_200_158_1783934818462 leave map 1 unit 1157
[map_1] perf_8g_10_200_75_1783934818322 leave map 1 unit 1075
[map_1] perf_8g_10_200_151_1783934818451 leave map 1 unit 1151
[map_1] perf_8g_10_200_154_1783934818456 leave map 1 unit 1153
[map_1] perf_8g_10_200_157_1783934818462 leave map 1 unit 1158
[map_1] perf_8g_10_200_78_1783934818324 leave map 1 unit 1078
[map_1] perf_8g_10_200_149_1783934818450 leave map 1 unit 1149
[map_1] perf_8g_10_200_152_1783934818455 leave map 1 unit 1152
[map_1] perf_8g_10_200_150_1783934818451 leave map 1 unit 1150
[map_1] perf_8g_10_200_79_1783934818326 leave map 1 unit 1079
[map_1] perf_8g_10_200_148_1783934818446 leave map 1 unit 1148
[map_1] perf_8g_10_200_147_1783934818442 leave map 1 unit 1147
[map_1] perf_8g_10_200_74_1783934818321 leave map 1 unit 1074
[map_1] perf_8g_10_200_146_1783934818440 leave map 1 unit 1146
[map_1] perf_8g_10_200_145_1783934818439 leave map 1 unit 1144
[map_1] perf_8g_10_200_80_1783934818328 leave map 1 unit 1080
[map_1] perf_8g_10_200_141_1783934818433 leave map 1 unit 1141
[map_1] perf_8g_10_200_144_1783934818438 leave map 1 unit 1145
[map_1] perf_8g_10_200_143_1783934818438 leave map 1 unit 1143
[map_1] perf_8g_10_200_81_1783934818328 leave map 1 unit 1081
[map_1] perf_8g_10_200_140_1783934818428 leave map 1 unit 1140
[map_1] perf_8g_10_200_142_1783934818434 leave map 1 unit 1142
[map_1] perf_8g_10_200_84_1783934818332 leave map 1 unit 1085
[map_1] perf_8g_10_200_138_1783934818425 leave map 1 unit 1138
[map_1] perf_8g_10_200_139_1783934818428 leave map 1 unit 1139
[map_1] perf_8g_10_200_82_1783934818330 leave map 1 unit 1083
[map_1] perf_8g_10_200_85_1783934818332 leave map 1 unit 1084
[map_1] perf_8g_10_200_137_1783934818423 leave map 1 unit 1137
[map_1] perf_8g_10_200_136_1783934818420 leave map 1 unit 1136
[map_1] perf_8g_10_200_88_1783934818341 leave map 1 unit 1088
[map_1] perf_8g_10_200_135_1783934818420 leave map 1 unit 1135
[map_1] perf_8g_10_200_134_1783934818419 leave map 1 unit 1134
[map_1] perf_8g_10_200_83_1783934818330 leave map 1 unit 1082
[map_1] perf_8g_10_200_133_1783934818417 leave map 1 unit 1133
[map_1] perf_8g_10_200_132_1783934818417 leave map 1 unit 1132
[map_1] perf_8g_10_200_86_1783934818333 leave map 1 unit 1086
[map_1] perf_8g_10_200_131_1783934818413 leave map 1 unit 1131
[map_1] perf_8g_10_200_130_1783934818412 leave map 1 unit 1130
[map_1] perf_8g_10_200_89_1783934818343 leave map 1 unit 1089
[map_1] perf_8g_10_200_127_1783934818407 leave map 1 unit 1127
[map_1] perf_8g_10_200_129_1783934818410 leave map 1 unit 1129
[map_1] perf_8g_10_200_87_1783934818340 leave map 1 unit 1087
[map_1] perf_8g_10_200_124_1783934818401 leave map 1 unit 1124
[map_1] perf_8g_10_200_128_1783934818409 leave map 1 unit 1128
[map_1] perf_8g_10_200_90_1783934818345 leave map 1 unit 1090
[map_1] perf_8g_10_200_92_1783934818349 leave map 1 unit 1092
[map_1] perf_8g_10_200_122_1783934818397 leave map 1 unit 1122
[map_1] perf_8g_10_200_93_1783934818349 leave map 1 unit 1093
[map_1] perf_8g_10_200_125_1783934818401 leave map 1 unit 1125
[map_1] perf_8g_10_200_114_1783934818383 leave map 1 unit 1114
[map_1] perf_8g_10_200_91_1783934818346 leave map 1 unit 1091
[map_1] perf_8g_10_200_126_1783934818403 leave map 1 unit 1126
[map_1] perf_8g_10_200_119_1783934818391 leave map 1 unit 1119
[map_1] perf_8g_10_200_94_1783934818350 leave map 1 unit 1094
[map_1] perf_8g_10_200_120_1783934818392 leave map 1 unit 1120
[map_1] perf_8g_10_200_95_1783934818351 leave map 1 unit 1095
[map_1] perf_8g_10_200_97_1783934818353 leave map 1 unit 1097
[map_1] perf_8g_10_200_123_1783934818400 leave map 1 unit 1123
[map_1] perf_8g_10_200_118_1783934818388 leave map 1 unit 1118
[map_1] perf_8g_10_200_96_1783934818352 leave map 1 unit 1096
[map_1] perf_8g_10_200_116_1783934818385 leave map 1 unit 1116
[map_1] perf_8g_10_200_99_1783934818356 leave map 1 unit 1098
[map_1] perf_8g_10_200_112_1783934818380 leave map 1 unit 1112
[map_1] perf_8g_10_200_111_1783934818379 leave map 1 unit 1111
[map_1] perf_8g_10_200_98_1783934818356 leave map 1 unit 1099
[map_1] perf_8g_10_200_121_1783934818395 leave map 1 unit 1121
[map_1] perf_8g_10_200_117_1783934818386 leave map 1 unit 1117
[map_1] perf_8g_10_200_100_1783934818359 leave map 1 unit 1100
[map_1] perf_8g_10_200_102_1783934818359 leave map 1 unit 1102
[map_1] perf_8g_10_200_113_1783934818380 leave map 1 unit 1113
[map_1] perf_8g_10_200_101_1783934818359 leave map 1 unit 1101
[map_1] perf_8g_10_200_109_1783934818376 leave map 1 unit 1109
[map_1] perf_8g_10_200_115_1783934818384 leave map 1 unit 1115
[map_1] perf_8g_10_200_103_1783934818365 leave map 1 unit 1103
[map_1] perf_8g_10_200_104_1783934818367 leave map 1 unit 1104
[map_1] perf_8g_10_200_106_1783934818370 leave map 1 unit 1106
[map_1] perf_8g_10_200_105_1783934818368 leave map 1 unit 1105
[map_1] perf_8g_10_200_110_1783934818376 leave map 1 unit 1110
[map_1] perf_8g_10_200_107_1783934818371 leave map 1 unit 1107
[map_1] perf_8g_10_200_108_1783934818373 leave map 1 unit 1108
