starting process log with one V8 and 1 scene(s) from E:\VsCode\skynet\ets_runtime\perf\results\runtime_configs\map_capacity_20260713_092657\200p_8g_r1\log.json
scene log (Log) listening on 127.0.0.1:7100
[process:log] one V8 started with 1 scene(s)
[log] Log scene started at 127.0.0.1:7100
log accepted 127.0.0.1:51749 as conn 1
log accepted 127.0.0.1:51791 as conn 2
[log] [login_1] perf_8g_10_200_0_1783934818231 login count 1
[log] [login_1] perf_8g_10_200_1_1783934818232 login count 1
[log] [login_1] perf_8g_10_200_5_1783934818232 login count 1
[log] [login_1] perf_8g_10_200_2_1783934818232 login count 1
[log] [login_1] perf_8g_10_200_6_1783934818232 login count 1
[log] [login_1] perf_8g_10_200_3_1783934818232 login count 1
[log] [login_1] perf_8g_10_200_4_1783934818232 login count 1
[log] [login_1] perf_8g_10_200_8_1783934818232 login count 1
[log] [login_1] perf_8g_10_200_9_1783934818232 login count 1
[log] [login_1] perf_8g_10_200_10_1783934818232 login count 1
[log] [login_1] perf_8g_10_200_11_1783934818232 login count 1
[log] [login_1] perf_8g_10_200_12_1783934818232 login count 1
[log] [login_1] perf_8g_10_200_13_1783934818232 login count 1
[log] [login_1] perf_8g_10_200_14_1783934818232 login count 1
[log] [login_1] perf_8g_10_200_15_1783934818232 login count 1
[log] [login_1] perf_8g_10_200_7_1783934818232 login count 1
log accepted 127.0.0.1:51817 as conn 3
[log] [gate_1] perf_8g_10_200_0_1783934818231 enter map_1 as unit 1000
log accepted 127.0.0.1:51826 as conn 4
log accepted 127.0.0.1:51827 as conn 5
log accepted 127.0.0.1:51828 as conn 6
[log] [gate_2] perf_8g_10_200_10_1783934818232 enter map_1 as unit 1001
log accepted 127.0.0.1:51829 as conn 7
log accepted 127.0.0.1:51830 as conn 8
[log] [gate_7] perf_8g_10_200_4_1783934818232 enter map_1 as unit 1006
[log] [gate_6] perf_8g_10_200_3_1783934818232 enter map_1 as unit 1007
[log] [gate_8] perf_8g_10_200_8_1783934818232 enter map_1 as unit 1005
log accepted 127.0.0.1:51831 as conn 9
log accepted 127.0.0.1:51832 as conn 10
[log] [gate_5] perf_8g_10_200_6_1783934818232 enter map_1 as unit 1003
[log] [gate_3] perf_8g_10_200_5_1783934818232 enter map_1 as unit 1004
[log] [gate_4] perf_8g_10_200_2_1783934818232 enter map_1 as unit 1002
[log] [gate_1] perf_8g_10_200_9_1783934818232 enter map_1 as unit 1008
[log] [login_1] perf_8g_10_200_16_1783934818256 login count 1
[log] [gate_2] perf_8g_10_200_1_1783934818232 enter map_1 as unit 1009
[log] [login_1] perf_8g_10_200_17_1783934818258 login count 1
[log] [gate_3] perf_8g_10_200_11_1783934818232 enter map_1 as unit 1012
[log] [gate_5] perf_8g_10_200_13_1783934818232 enter map_1 as unit 1014
[log] [gate_6] perf_8g_10_200_14_1783934818232 enter map_1 as unit 1013
[log] [gate_7] perf_8g_10_200_15_1783934818232 enter map_1 as unit 1011
[log] [gate_8] perf_8g_10_200_7_1783934818232 enter map_1 as unit 1010
[log] [gate_4] perf_8g_10_200_12_1783934818232 enter map_1 as unit 1015
[log] [gate_1] perf_8g_10_200_16_1783934818256 enter map_1 as unit 1016
[log] [gate_2] perf_8g_10_200_17_1783934818258 enter map_1 as unit 1017
[log] [login_1] perf_8g_10_200_18_1783934818260 login count 1
[log] [login_1] perf_8g_10_200_19_1783934818261 login count 1
[log] [login_1] perf_8g_10_200_20_1783934818262 login count 1
[log] [login_1] perf_8g_10_200_21_1783934818262 login count 1
[log] [login_1] perf_8g_10_200_22_1783934818262 login count 1
[log] [login_1] perf_8g_10_200_23_1783934818263 login count 1
[log] [login_1] perf_8g_10_200_24_1783934818263 login count 1
[log] [login_1] perf_8g_10_200_25_1783934818263 login count 1
[log] [login_1] perf_8g_10_200_26_1783934818263 login count 1
[log] [login_1] perf_8g_10_200_27_1783934818264 login count 1
[log] [login_1] perf_8g_10_200_28_1783934818264 login count 1
[log] [login_1] perf_8g_10_200_29_1783934818264 login count 1
[log] [login_1] perf_8g_10_200_30_1783934818264 login count 1
[log] [login_1] perf_8g_10_200_31_1783934818265 login count 1
[log] [login_1] perf_8g_10_200_32_1783934818265 login count 1
[log] [gate_3] perf_8g_10_200_18_1783934818260 enter map_1 as unit 1018
[log] [login_1] perf_8g_10_200_33_1783934818265 login count 1
[log] [gate_4] perf_8g_10_200_19_1783934818261 enter map_1 as unit 1019
[log] [gate_5] perf_8g_10_200_20_1783934818262 enter map_1 as unit 1020
[log] [gate_6] perf_8g_10_200_21_1783934818262 enter map_1 as unit 1021
[log] [gate_7] perf_8g_10_200_22_1783934818262 enter map_1 as unit 1022
[log] [gate_1] perf_8g_10_200_24_1783934818263 enter map_1 as unit 1023
[log] [gate_2] perf_8g_10_200_25_1783934818263 enter map_1 as unit 1024
[log] [login_1] perf_8g_10_200_34_1783934818274 login count 1
[log] [gate_5] perf_8g_10_200_28_1783934818264 enter map_1 as unit 1026
[log] [gate_3] perf_8g_10_200_26_1783934818263 enter map_1 as unit 1027
[log] [gate_8] perf_8g_10_200_23_1783934818263 enter map_1 as unit 1025
[log] [login_1] perf_8g_10_200_35_1783934818274 login count 1
[log] [login_1] perf_8g_10_200_36_1783934818275 login count 1
[log] [login_1] perf_8g_10_200_37_1783934818277 login count 1
[log] [gate_6] perf_8g_10_200_29_1783934818264 enter map_1 as unit 1030
[log] [gate_1] perf_8g_10_200_32_1783934818265 enter map_1 as unit 1029
[log] [gate_4] perf_8g_10_200_27_1783934818264 enter map_1 as unit 1028
[log] [login_1] perf_8g_10_200_38_1783934818278 login count 1
[log] [gate_8] perf_8g_10_200_31_1783934818265 enter map_1 as unit 1033
[log] [gate_2] perf_8g_10_200_33_1783934818265 enter map_1 as unit 1032
[log] [gate_7] perf_8g_10_200_30_1783934818264 enter map_1 as unit 1031
[log] [gate_3] perf_8g_10_200_34_1783934818274 enter map_1 as unit 1034
[log] [gate_5] perf_8g_10_200_36_1783934818275 enter map_1 as unit 1035
[log] [login_1] perf_8g_10_200_39_1783934818280 login count 1
[log] [login_1] perf_8g_10_200_40_1783934818280 login count 1
[log] [gate_4] perf_8g_10_200_35_1783934818274 enter map_1 as unit 1036
[log] [gate_6] perf_8g_10_200_37_1783934818277 enter map_1 as unit 1037
[log] [login_1] perf_8g_10_200_41_1783934818282 login count 1
[log] [gate_7] perf_8g_10_200_38_1783934818278 enter map_1 as unit 1038
[log] [login_1] perf_8g_10_200_42_1783934818282 login count 1
[log] [login_1] perf_8g_10_200_43_1783934818283 login count 1
[log] [login_1] perf_8g_10_200_44_1783934818283 login count 1
[log] [login_1] perf_8g_10_200_45_1783934818284 login count 1
[log] [login_1] perf_8g_10_200_46_1783934818284 login count 1
[log] [login_1] perf_8g_10_200_47_1783934818285 login count 1
[log] [login_1] perf_8g_10_200_48_1783934818285 login count 1
[log] [login_1] perf_8g_10_200_49_1783934818286 login count 1
[log] [login_1] perf_8g_10_200_50_1783934818287 login count 1
[log] [gate_8] perf_8g_10_200_39_1783934818280 enter map_1 as unit 1039
[log] [login_1] perf_8g_10_200_51_1783934818288 login count 1
[log] [gate_1] perf_8g_10_200_40_1783934818280 enter map_1 as unit 1040
[log] [gate_2] perf_8g_10_200_41_1783934818282 enter map_1 as unit 1041
[log] [login_1] perf_8g_10_200_52_1783934818289 login count 1
[log] [gate_3] perf_8g_10_200_42_1783934818282 enter map_1 as unit 1042
[log] [login_1] perf_8g_10_200_53_1783934818290 login count 1
[log] [gate_4] perf_8g_10_200_43_1783934818283 enter map_1 as unit 1043
[log] [login_1] perf_8g_10_200_54_1783934818291 login count 1
[log] [gate_5] perf_8g_10_200_44_1783934818283 enter map_1 as unit 1044
[log] [gate_6] perf_8g_10_200_45_1783934818284 enter map_1 as unit 1045
[log] [gate_7] perf_8g_10_200_46_1783934818284 enter map_1 as unit 1046
[log] [gate_8] perf_8g_10_200_47_1783934818285 enter map_1 as unit 1047
[log] [gate_1] perf_8g_10_200_48_1783934818285 enter map_1 as unit 1048
[log] [gate_2] perf_8g_10_200_49_1783934818286 enter map_1 as unit 1049
[log] [gate_3] perf_8g_10_200_50_1783934818287 enter map_1 as unit 1050
[log] [gate_4] perf_8g_10_200_51_1783934818288 enter map_1 as unit 1051
[log] [login_1] perf_8g_10_200_55_1783934818296 login count 1
[log] [login_1] perf_8g_10_200_56_1783934818297 login count 1
[log] [gate_5] perf_8g_10_200_52_1783934818289 enter map_1 as unit 1052
[log] [login_1] perf_8g_10_200_57_1783934818298 login count 1
[log] [gate_6] perf_8g_10_200_53_1783934818290 enter map_1 as unit 1053
[log] [gate_7] perf_8g_10_200_54_1783934818291 enter map_1 as unit 1054
[log] [login_1] perf_8g_10_200_58_1783934818300 login count 1
[log] [login_1] perf_8g_10_200_59_1783934818301 login count 1
[log] [login_1] perf_8g_10_200_60_1783934818301 login count 1
[log] [login_1] perf_8g_10_200_61_1783934818302 login count 1
[log] [login_1] perf_8g_10_200_62_1783934818303 login count 1
[log] [login_1] perf_8g_10_200_63_1783934818304 login count 1
[log] [login_1] perf_8g_10_200_64_1783934818305 login count 1
[log] [login_1] perf_8g_10_200_65_1783934818306 login count 1
[log] [login_1] perf_8g_10_200_66_1783934818307 login count 1
[log] [login_1] perf_8g_10_200_67_1783934818307 login count 1
[log] [gate_8] perf_8g_10_200_55_1783934818296 enter map_1 as unit 1055
[log] [gate_1] perf_8g_10_200_56_1783934818297 enter map_1 as unit 1056
[log] [gate_2] perf_8g_10_200_57_1783934818298 enter map_1 as unit 1057
[log] [login_1] perf_8g_10_200_68_1783934818309 login count 1
[log] [login_1] perf_8g_10_200_69_1783934818310 login count 1
[log] [gate_3] perf_8g_10_200_58_1783934818300 enter map_1 as unit 1058
[log] [login_1] perf_8g_10_200_70_1783934818311 login count 1
[log] [gate_4] perf_8g_10_200_59_1783934818301 enter map_1 as unit 1059
[log] [gate_6] perf_8g_10_200_61_1783934818302 enter map_1 as unit 1060
[log] [gate_5] perf_8g_10_200_60_1783934818301 enter map_1 as unit 1061
[log] [gate_7] perf_8g_10_200_62_1783934818303 enter map_1 as unit 1062
[log] [gate_8] perf_8g_10_200_63_1783934818304 enter map_1 as unit 1063
[log] [gate_2] perf_8g_10_200_65_1783934818306 enter map_1 as unit 1065
[log] [gate_1] perf_8g_10_200_64_1783934818305 enter map_1 as unit 1064
[log] [gate_3] perf_8g_10_200_66_1783934818307 enter map_1 as unit 1066
[log] [gate_4] perf_8g_10_200_67_1783934818307 enter map_1 as unit 1067
[log] [login_1] perf_8g_10_200_71_1783934818317 login count 1
[log] [login_1] perf_8g_10_200_72_1783934818318 login count 1
[log] [login_1] perf_8g_10_200_73_1783934818319 login count 1
[log] [gate_6] perf_8g_10_200_69_1783934818310 enter map_1 as unit 1069
[log] [gate_5] perf_8g_10_200_68_1783934818309 enter map_1 as unit 1068
[log] [login_1] perf_8g_10_200_74_1783934818321 login count 1
[log] [gate_7] perf_8g_10_200_70_1783934818311 enter map_1 as unit 1070
[log] [login_1] perf_8g_10_200_75_1783934818322 login count 1
[log] [login_1] perf_8g_10_200_76_1783934818323 login count 1
[log] [login_1] perf_8g_10_200_77_1783934818323 login count 1
[log] [login_1] perf_8g_10_200_78_1783934818324 login count 1
[log] [login_1] perf_8g_10_200_79_1783934818326 login count 1
[log] [login_1] perf_8g_10_200_80_1783934818328 login count 1
[log] [login_1] perf_8g_10_200_81_1783934818328 login count 1
[log] [gate_8] perf_8g_10_200_71_1783934818317 enter map_1 as unit 1071
[log] [gate_1] perf_8g_10_200_72_1783934818318 enter map_1 as unit 1072
[log] [login_1] perf_8g_10_200_82_1783934818330 login count 1
[log] [login_1] perf_8g_10_200_83_1783934818330 login count 1
[log] [gate_2] perf_8g_10_200_73_1783934818319 enter map_1 as unit 1073
[log] [login_1] perf_8g_10_200_84_1783934818332 login count 1
[log] [login_1] perf_8g_10_200_85_1783934818332 login count 1
[log] [gate_3] perf_8g_10_200_74_1783934818321 enter map_1 as unit 1074
[log] [login_1] perf_8g_10_200_86_1783934818333 login count 1
[log] [gate_4] perf_8g_10_200_75_1783934818322 enter map_1 as unit 1075
[log] [gate_5] perf_8g_10_200_76_1783934818323 enter map_1 as unit 1076
[log] [gate_6] perf_8g_10_200_77_1783934818323 enter map_1 as unit 1077
[log] [gate_8] perf_8g_10_200_79_1783934818326 enter map_1 as unit 1079
[log] [gate_7] perf_8g_10_200_78_1783934818324 enter map_1 as unit 1078
[log] [gate_1] perf_8g_10_200_80_1783934818328 enter map_1 as unit 1080
[log] [gate_2] perf_8g_10_200_81_1783934818328 enter map_1 as unit 1081
[log] [login_1] perf_8g_10_200_87_1783934818340 login count 1
[log] [login_1] perf_8g_10_200_88_1783934818341 login count 1
[log] [gate_3] perf_8g_10_200_82_1783934818330 enter map_1 as unit 1083
[log] [gate_4] perf_8g_10_200_83_1783934818330 enter map_1 as unit 1082
[log] [login_1] perf_8g_10_200_89_1783934818343 login count 1
[log] [login_1] perf_8g_10_200_90_1783934818345 login count 1
[log] [login_1] perf_8g_10_200_91_1783934818346 login count 1
[log] [gate_6] perf_8g_10_200_85_1783934818332 enter map_1 as unit 1084
[log] [gate_5] perf_8g_10_200_84_1783934818332 enter map_1 as unit 1085
[log] [gate_7] perf_8g_10_200_86_1783934818333 enter map_1 as unit 1086
[log] [login_1] perf_8g_10_200_92_1783934818349 login count 1
[log] [login_1] perf_8g_10_200_93_1783934818349 login count 1
[log] [login_1] perf_8g_10_200_94_1783934818350 login count 1
[log] [login_1] perf_8g_10_200_95_1783934818351 login count 1
[log] [login_1] perf_8g_10_200_96_1783934818352 login count 1
[log] [gate_8] perf_8g_10_200_87_1783934818340 enter map_1 as unit 1087
[log] [login_1] perf_8g_10_200_97_1783934818353 login count 1
[log] [gate_1] perf_8g_10_200_88_1783934818341 enter map_1 as unit 1088
[log] [gate_2] perf_8g_10_200_89_1783934818343 enter map_1 as unit 1089
[log] [gate_3] perf_8g_10_200_90_1783934818345 enter map_1 as unit 1090
[log] [login_1] perf_8g_10_200_98_1783934818356 login count 1
[log] [login_1] perf_8g_10_200_99_1783934818356 login count 1
[log] [gate_4] perf_8g_10_200_91_1783934818346 enter map_1 as unit 1091
[log] [login_1] perf_8g_10_200_100_1783934818359 login count 1
[log] [gate_5] perf_8g_10_200_92_1783934818349 enter map_1 as unit 1092
[log] [login_1] perf_8g_10_200_101_1783934818359 login count 1
[log] [login_1] perf_8g_10_200_102_1783934818359 login count 1
[log] [gate_6] perf_8g_10_200_93_1783934818349 enter map_1 as unit 1093
[log] [gate_7] perf_8g_10_200_94_1783934818350 enter map_1 as unit 1094
[log] [login_1] perf_8g_10_200_103_1783934818365 login count 1
[log] [login_1] perf_8g_10_200_104_1783934818367 login count 1
[log] [gate_1] perf_8g_10_200_96_1783934818352 enter map_1 as unit 1096
[log] [gate_2] perf_8g_10_200_97_1783934818353 enter map_1 as unit 1097
[log] [gate_8] perf_8g_10_200_95_1783934818351 enter map_1 as unit 1095
[log] [login_1] perf_8g_10_200_105_1783934818368 login count 1
[log] [login_1] perf_8g_10_200_106_1783934818370 login count 1
[log] [gate_3] perf_8g_10_200_98_1783934818356 enter map_1 as unit 1099
[log] [gate_4] perf_8g_10_200_99_1783934818356 enter map_1 as unit 1098
[log] [login_1] perf_8g_10_200_107_1783934818371 login count 1
[log] [gate_6] perf_8g_10_200_101_1783934818359 enter map_1 as unit 1101
[log] [gate_5] perf_8g_10_200_100_1783934818359 enter map_1 as unit 1100
[log] [login_1] perf_8g_10_200_108_1783934818373 login count 1
[log] [gate_7] perf_8g_10_200_102_1783934818359 enter map_1 as unit 1102
[log] [login_1] perf_8g_10_200_109_1783934818376 login count 1
[log] [login_1] perf_8g_10_200_110_1783934818376 login count 1
[log] [gate_8] perf_8g_10_200_103_1783934818365 enter map_1 as unit 1103
[log] [gate_1] perf_8g_10_200_104_1783934818367 enter map_1 as unit 1104
[log] [login_1] perf_8g_10_200_111_1783934818379 login count 1
[log] [login_1] perf_8g_10_200_112_1783934818380 login count 1
[log] [gate_2] perf_8g_10_200_105_1783934818368 enter map_1 as unit 1105
[log] [login_1] perf_8g_10_200_113_1783934818380 login count 1
[log] [gate_3] perf_8g_10_200_106_1783934818370 enter map_1 as unit 1106
[log] [login_1] perf_8g_10_200_114_1783934818383 login count 1
[log] [login_1] perf_8g_10_200_115_1783934818384 login count 1
[log] [gate_4] perf_8g_10_200_107_1783934818371 enter map_1 as unit 1107
[log] [gate_5] perf_8g_10_200_108_1783934818373 enter map_1 as unit 1108
[log] [login_1] perf_8g_10_200_116_1783934818385 login count 1
[log] [login_1] perf_8g_10_200_117_1783934818386 login count 1
[log] [gate_6] perf_8g_10_200_109_1783934818376 enter map_1 as unit 1109
[log] [gate_7] perf_8g_10_200_110_1783934818376 enter map_1 as unit 1110
[log] [login_1] perf_8g_10_200_118_1783934818388 login count 1
[log] [login_1] perf_8g_10_200_119_1783934818391 login count 1
[log] [gate_8] perf_8g_10_200_111_1783934818379 enter map_1 as unit 1111
[log] [login_1] perf_8g_10_200_120_1783934818392 login count 1
[log] [gate_1] perf_8g_10_200_112_1783934818380 enter map_1 as unit 1112
[log] [gate_2] perf_8g_10_200_113_1783934818380 enter map_1 as unit 1113
[log] [login_1] perf_8g_10_200_121_1783934818395 login count 1
[log] [login_1] perf_8g_10_200_122_1783934818397 login count 1
[log] [gate_4] perf_8g_10_200_115_1783934818384 enter map_1 as unit 1115
[log] [gate_3] perf_8g_10_200_114_1783934818383 enter map_1 as unit 1114
[log] [login_1] perf_8g_10_200_123_1783934818400 login count 1
[log] [login_1] perf_8g_10_200_124_1783934818401 login count 1
[log] [login_1] perf_8g_10_200_125_1783934818401 login count 1
[log] [gate_5] perf_8g_10_200_116_1783934818385 enter map_1 as unit 1116
[log] [gate_6] perf_8g_10_200_117_1783934818386 enter map_1 as unit 1117
[log] [login_1] perf_8g_10_200_126_1783934818403 login count 1
[log] [gate_8] perf_8g_10_200_119_1783934818391 enter map_1 as unit 1119
[log] [gate_7] perf_8g_10_200_118_1783934818388 enter map_1 as unit 1118
[log] [gate_1] perf_8g_10_200_120_1783934818392 enter map_1 as unit 1120
[log] [login_1] perf_8g_10_200_127_1783934818407 login count 1
[log] [login_1] perf_8g_10_200_128_1783934818409 login count 1
[log] [gate_2] perf_8g_10_200_121_1783934818395 enter map_1 as unit 1121
[log] [login_1] perf_8g_10_200_129_1783934818410 login count 1
[log] [gate_3] perf_8g_10_200_122_1783934818397 enter map_1 as unit 1122
[log] [login_1] perf_8g_10_200_130_1783934818412 login count 1
[log] [login_1] perf_8g_10_200_131_1783934818413 login count 1
[log] [gate_5] perf_8g_10_200_124_1783934818401 enter map_1 as unit 1124
[log] [gate_4] perf_8g_10_200_123_1783934818400 enter map_1 as unit 1123
[log] [login_1] perf_8g_10_200_132_1783934818417 login count 1
[log] [login_1] perf_8g_10_200_133_1783934818417 login count 1
[log] [login_1] perf_8g_10_200_134_1783934818419 login count 1
[log] [login_1] perf_8g_10_200_135_1783934818420 login count 1
[log] [gate_6] perf_8g_10_200_125_1783934818401 enter map_1 as unit 1125
[log] [gate_7] perf_8g_10_200_126_1783934818403 enter map_1 as unit 1126
[log] [login_1] perf_8g_10_200_136_1783934818420 login count 1
[log] [gate_1] perf_8g_10_200_128_1783934818409 enter map_1 as unit 1128
[log] [gate_8] perf_8g_10_200_127_1783934818407 enter map_1 as unit 1127
[log] [login_1] perf_8g_10_200_137_1783934818423 login count 1
[log] [gate_2] perf_8g_10_200_129_1783934818410 enter map_1 as unit 1129
[log] [gate_3] perf_8g_10_200_130_1783934818412 enter map_1 as unit 1130
[log] [login_1] perf_8g_10_200_138_1783934818425 login count 1
[log] [gate_4] perf_8g_10_200_131_1783934818413 enter map_1 as unit 1131
[log] [login_1] perf_8g_10_200_139_1783934818428 login count 1
[log] [login_1] perf_8g_10_200_140_1783934818428 login count 1
[log] [gate_5] perf_8g_10_200_132_1783934818417 enter map_1 as unit 1132
[log] [login_1] perf_8g_10_200_141_1783934818433 login count 1
[log] [login_1] perf_8g_10_200_142_1783934818434 login count 1
[log] [login_1] perf_8g_10_200_143_1783934818438 login count 1
[log] [gate_7] perf_8g_10_200_134_1783934818419 enter map_1 as unit 1134
[log] [gate_6] perf_8g_10_200_133_1783934818417 enter map_1 as unit 1133
[log] [gate_8] perf_8g_10_200_135_1783934818420 enter map_1 as unit 1135
[log] [login_1] perf_8g_10_200_144_1783934818438 login count 1
[log] [login_1] perf_8g_10_200_145_1783934818439 login count 1
[log] [login_1] perf_8g_10_200_146_1783934818440 login count 1
[log] [login_1] perf_8g_10_200_147_1783934818442 login count 1
[log] [gate_2] perf_8g_10_200_137_1783934818423 enter map_1 as unit 1137
[log] [gate_3] perf_8g_10_200_138_1783934818425 enter map_1 as unit 1138
[log] [gate_1] perf_8g_10_200_136_1783934818420 enter map_1 as unit 1136
[log] [login_1] perf_8g_10_200_148_1783934818446 login count 1
[log] [gate_5] perf_8g_10_200_140_1783934818428 enter map_1 as unit 1140
[log] [gate_4] perf_8g_10_200_139_1783934818428 enter map_1 as unit 1139
[log] [gate_6] perf_8g_10_200_141_1783934818433 enter map_1 as unit 1141
[log] [gate_7] perf_8g_10_200_142_1783934818434 enter map_1 as unit 1142
[log] [login_1] perf_8g_10_200_149_1783934818450 login count 1
[log] [login_1] perf_8g_10_200_150_1783934818451 login count 1
[log] [login_1] perf_8g_10_200_151_1783934818451 login count 1
[log] [login_1] perf_8g_10_200_152_1783934818455 login count 1
[log] [login_1] perf_8g_10_200_154_1783934818456 login count 1
[log] [login_1] perf_8g_10_200_153_1783934818455 login count 1
[log] [gate_2] perf_8g_10_200_145_1783934818439 enter map_1 as unit 1144
[log] [gate_8] perf_8g_10_200_143_1783934818438 enter map_1 as unit 1143
[log] [gate_1] perf_8g_10_200_144_1783934818438 enter map_1 as unit 1145
[log] [login_1] perf_8g_10_200_155_1783934818459 login count 1
[log] [login_1] perf_8g_10_200_156_1783934818460 login count 1
[log] [login_1] perf_8g_10_200_157_1783934818462 login count 1
[log] [login_1] perf_8g_10_200_158_1783934818462 login count 1
[log] [gate_5] perf_8g_10_200_148_1783934818446 enter map_1 as unit 1148
[log] [gate_3] perf_8g_10_200_146_1783934818440 enter map_1 as unit 1146
[log] [gate_4] perf_8g_10_200_147_1783934818442 enter map_1 as unit 1147
[log] [login_1] perf_8g_10_200_159_1783934818468 login count 1
[log] [login_1] perf_8g_10_200_160_1783934818468 login count 1
[log] [login_1] perf_8g_10_200_161_1783934818469 login count 1
[log] [gate_7] perf_8g_10_200_150_1783934818451 enter map_1 as unit 1150
[log] [gate_6] perf_8g_10_200_149_1783934818450 enter map_1 as unit 1149
[log] [gate_8] perf_8g_10_200_151_1783934818451 enter map_1 as unit 1151
[log] [login_1] perf_8g_10_200_162_1783934818473 login count 1
[log] [login_1] perf_8g_10_200_164_1783934818474 login count 1
[log] [login_1] perf_8g_10_200_163_1783934818474 login count 1
[log] [gate_5] perf_8g_10_200_156_1783934818460 enter map_1 as unit 1154
[log] [gate_2] perf_8g_10_200_154_1783934818456 enter map_1 as unit 1153
[log] [gate_1] perf_8g_10_200_152_1783934818455 enter map_1 as unit 1152
[log] [login_1] perf_8g_10_200_165_1783934818478 login count 1
[log] [login_1] perf_8g_10_200_166_1783934818478 login count 1
[log] [login_1] perf_8g_10_200_167_1783934818478 login count 1
[log] [login_1] perf_8g_10_200_168_1783934818483 login count 1
[log] [login_1] perf_8g_10_200_169_1783934818484 login count 1
[log] [login_1] perf_8g_10_200_170_1783934818484 login count 1
[log] [gate_3] perf_8g_10_200_153_1783934818455 enter map_1 as unit 1155
[log] [gate_4] perf_8g_10_200_155_1783934818459 enter map_1 as unit 1156
[log] [gate_8] perf_8g_10_200_159_1783934818468 enter map_1 as unit 1159
[log] [gate_7] perf_8g_10_200_158_1783934818462 enter map_1 as unit 1157
[log] [gate_6] perf_8g_10_200_157_1783934818462 enter map_1 as unit 1158
[log] [gate_1] perf_8g_10_200_160_1783934818468 enter map_1 as unit 1162
[log] [gate_5] perf_8g_10_200_163_1783934818474 enter map_1 as unit 1161
[log] [gate_2] perf_8g_10_200_161_1783934818469 enter map_1 as unit 1160
[log] [login_1] perf_8g_10_200_171_1783934818491 login count 1
[log] [login_1] perf_8g_10_200_172_1783934818491 login count 1
[log] [login_1] perf_8g_10_200_173_1783934818492 login count 1
[log] [login_1] perf_8g_10_200_174_1783934818493 login count 1
[log] [login_1] perf_8g_10_200_175_1783934818493 login count 1
[log] [login_1] perf_8g_10_200_176_1783934818496 login count 1
[log] [login_1] perf_8g_10_200_177_1783934818498 login count 1
[log] [login_1] perf_8g_10_200_178_1783934818498 login count 1
[log] [gate_3] perf_8g_10_200_162_1783934818473 enter map_1 as unit 1165
[log] [gate_6] perf_8g_10_200_165_1783934818478 enter map_1 as unit 1164
[log] [gate_4] perf_8g_10_200_164_1783934818474 enter map_1 as unit 1167
[log] [gate_8] perf_8g_10_200_167_1783934818478 enter map_1 as unit 1166
[log] [gate_7] perf_8g_10_200_166_1783934818478 enter map_1 as unit 1163
[log] [login_1] perf_8g_10_200_179_1783934818505 login count 1
[log] [login_1] perf_8g_10_200_180_1783934818506 login count 1
[log] [login_1] perf_8g_10_200_181_1783934818507 login count 1
[log] [login_1] perf_8g_10_200_182_1783934818507 login count 1
[log] [gate_2] perf_8g_10_200_169_1783934818484 enter map_1 as unit 1169
[log] [gate_5] perf_8g_10_200_172_1783934818491 enter map_1 as unit 1170
[log] [gate_1] perf_8g_10_200_168_1783934818483 enter map_1 as unit 1168
[log] [login_1] perf_8g_10_200_184_1783934818513 login count 1
[log] [login_1] perf_8g_10_200_183_1783934818513 login count 1
[log] [login_1] perf_8g_10_200_185_1783934818514 login count 1
[log] [gate_8] perf_8g_10_200_175_1783934818493 enter map_1 as unit 1175
[log] [gate_7] perf_8g_10_200_174_1783934818493 enter map_1 as unit 1173
[log] [gate_3] perf_8g_10_200_170_1783934818484 enter map_1 as unit 1171
[log] [gate_4] perf_8g_10_200_171_1783934818491 enter map_1 as unit 1172
[log] [gate_6] perf_8g_10_200_173_1783934818492 enter map_1 as unit 1174
[log] [gate_1] perf_8g_10_200_176_1783934818496 enter map_1 as unit 1178
[log] [gate_2] perf_8g_10_200_177_1783934818498 enter map_1 as unit 1176
[log] [gate_5] perf_8g_10_200_180_1783934818506 enter map_1 as unit 1177
[log] [login_1] perf_8g_10_200_186_1783934818521 login count 1
[log] [login_1] perf_8g_10_200_187_1783934818522 login count 1
[log] [login_1] perf_8g_10_200_188_1783934818523 login count 1
[log] [login_1] perf_8g_10_200_189_1783934818524 login count 1
[log] [login_1] perf_8g_10_200_190_1783934818525 login count 1
[log] [login_1] perf_8g_10_200_191_1783934818525 login count 1
[log] [login_1] perf_8g_10_200_192_1783934818527 login count 1
[log] [login_1] perf_8g_10_200_193_1783934818528 login count 1
[log] [login_1] perf_8g_10_200_194_1783934818529 login count 1
[log] [gate_7] perf_8g_10_200_182_1783934818507 enter map_1 as unit 1179
[log] [gate_3] perf_8g_10_200_178_1783934818498 enter map_1 as unit 1180
[log] [gate_8] perf_8g_10_200_184_1783934818513 enter map_1 as unit 1182
[log] [gate_4] perf_8g_10_200_179_1783934818505 enter map_1 as unit 1183
[log] [gate_6] perf_8g_10_200_181_1783934818507 enter map_1 as unit 1181
[log] [gate_2] perf_8g_10_200_185_1783934818514 enter map_1 as unit 1185
[log] [gate_1] perf_8g_10_200_183_1783934818513 enter map_1 as unit 1184
[log] [gate_5] perf_8g_10_200_188_1783934818523 enter map_1 as unit 1186
[log] [login_1] perf_8g_10_200_195_1783934818538 login count 1
[log] [login_1] perf_8g_10_200_197_1783934818540 login count 1
[log] [login_1] perf_8g_10_200_196_1783934818540 login count 1
[log] [login_1] perf_8g_10_200_198_1783934818541 login count 1
[log] [login_1] perf_8g_10_200_199_1783934818542 login count 1
[log] [gate_8] perf_8g_10_200_191_1783934818525 enter map_1 as unit 1187
[log] [gate_7] perf_8g_10_200_190_1783934818525 enter map_1 as unit 1188
[log] [gate_4] perf_8g_10_200_187_1783934818522 enter map_1 as unit 1189
[log] [gate_6] perf_8g_10_200_189_1783934818524 enter map_1 as unit 1190
[log] [gate_3] perf_8g_10_200_186_1783934818521 enter map_1 as unit 1191
[log] [gate_5] perf_8g_10_200_197_1783934818540 enter map_1 as unit 1194
[log] [gate_2] perf_8g_10_200_193_1783934818528 enter map_1 as unit 1192
[log] [gate_1] perf_8g_10_200_192_1783934818527 enter map_1 as unit 1193
[log] [gate_7] perf_8g_10_200_198_1783934818541 enter map_1 as unit 1199
[log] [gate_6] perf_8g_10_200_196_1783934818540 enter map_1 as unit 1198
[log] [gate_4] perf_8g_10_200_195_1783934818538 enter map_1 as unit 1197
[log] [gate_3] perf_8g_10_200_194_1783934818529 enter map_1 as unit 1195
[log] [gate_8] perf_8g_10_200_199_1783934818542 enter map_1 as unit 1196
[metrics:inner_transport] active=0 opened=0 pending=0 max_pending=0 overloads=0 timeouts=0 disconnected_calls=0 late_responses=0 idle_closes=0
[process-metrics] process=log cpu_percent=1.88 cpu_time_ms=156 rss_bytes=36655104 v8_heap_used_bytes=2793696 v8_heap_total_bytes=6041600 v8_gc_count=3 v8_gc_ms=0.723 timestamp_ms=1783934822945
[metrics:log] scene=log type=Log processed=400 failed=0 ts_queue=0 ts_max_queue=10 rust_queue=0 rust_max_queue=10 backpressure=0 slow_disconnects=0 update_ms=0.00 handler_ms=0.00 max_handler_ms=1.00 total_handler_ms=15.00
[metrics:inner_transport] active=0 opened=0 pending=0 max_pending=0 overloads=0 timeouts=0 disconnected_calls=0 late_responses=0 idle_closes=0
[process-metrics] process=log cpu_percent=0.93 cpu_time_ms=203 rss_bytes=36864000 v8_heap_used_bytes=2932368 v8_heap_total_bytes=6041600 v8_gc_count=3 v8_gc_ms=0.723 timestamp_ms=1783934827996
[metrics:log] scene=log type=Log processed=400 failed=0 ts_queue=0 ts_max_queue=10 rust_queue=0 rust_max_queue=10 backpressure=0 slow_disconnects=0 update_ms=0.00 handler_ms=0.00 max_handler_ms=1.00 total_handler_ms=15.00
[metrics:inner_transport] active=0 opened=0 pending=0 max_pending=0 overloads=0 timeouts=0 disconnected_calls=0 late_responses=0 idle_closes=0
[process-metrics] process=log cpu_percent=0.62 cpu_time_ms=234 rss_bytes=37224448 v8_heap_used_bytes=3088888 v8_heap_total_bytes=6303744 v8_gc_count=3 v8_gc_ms=0.723 timestamp_ms=1783934833000
[metrics:log] scene=log type=Log processed=400 failed=0 ts_queue=0 ts_max_queue=10 rust_queue=0 rust_max_queue=10 backpressure=0 slow_disconnects=0 update_ms=0.00 handler_ms=0.00 max_handler_ms=1.00 total_handler_ms=15.00
[metrics:inner_transport] active=0 opened=0 pending=0 max_pending=0 overloads=0 timeouts=0 disconnected_calls=0 late_responses=0 idle_closes=0
[process-metrics] process=log cpu_percent=0.32 cpu_time_ms=250 rss_bytes=37367808 v8_heap_used_bytes=3218488 v8_heap_total_bytes=6303744 v8_gc_count=3 v8_gc_ms=0.723 timestamp_ms=1783934838056
[metrics:log] scene=log type=Log processed=400 failed=0 ts_queue=0 ts_max_queue=10 rust_queue=0 rust_max_queue=10 backpressure=0 slow_disconnects=0 update_ms=0.00 handler_ms=0.00 max_handler_ms=1.00 total_handler_ms=15.00
[metrics:inner_transport] active=0 opened=0 pending=0 max_pending=0 overloads=0 timeouts=0 disconnected_calls=0 late_responses=0 idle_closes=0
[process-metrics] process=log cpu_percent=0.30 cpu_time_ms=265 rss_bytes=37466112 v8_heap_used_bytes=3348136 v8_heap_total_bytes=6565888 v8_gc_count=3 v8_gc_ms=0.723 timestamp_ms=1783934843136
[metrics:log] scene=log type=Log processed=400 failed=0 ts_queue=0 ts_max_queue=10 rust_queue=0 rust_max_queue=10 backpressure=0 slow_disconnects=0 update_ms=0.00 handler_ms=0.00 max_handler_ms=1.00 total_handler_ms=15.00
[metrics:inner_transport] active=0 opened=0 pending=0 max_pending=0 overloads=0 timeouts=0 disconnected_calls=0 late_responses=0 idle_closes=0
[process-metrics] process=log cpu_percent=0.32 cpu_time_ms=281 rss_bytes=37593088 v8_heap_used_bytes=3476136 v8_heap_total_bytes=6565888 v8_gc_count=3 v8_gc_ms=0.723 timestamp_ms=1783934848127
[metrics:log] scene=log type=Log processed=400 failed=0 ts_queue=0 ts_max_queue=10 rust_queue=0 rust_max_queue=10 backpressure=0 slow_disconnects=0 update_ms=0.00 handler_ms=0.00 max_handler_ms=1.00 total_handler_ms=15.00
[metrics:inner_transport] active=0 opened=0 pending=0 max_pending=0 overloads=0 timeouts=0 disconnected_calls=0 late_responses=0 idle_closes=0
[process-metrics] process=log cpu_percent=0.30 cpu_time_ms=296 rss_bytes=37855232 v8_heap_used_bytes=3610024 v8_heap_total_bytes=6565888 v8_gc_count=3 v8_gc_ms=0.723 timestamp_ms=1783934853165
[metrics:log] scene=log type=Log processed=400 failed=0 ts_queue=0 ts_max_queue=10 rust_queue=0 rust_max_queue=10 backpressure=0 slow_disconnects=0 update_ms=0.00 handler_ms=0.00 max_handler_ms=1.00 total_handler_ms=15.00
[metrics:inner_transport] active=0 opened=0 pending=0 max_pending=0 overloads=0 timeouts=0 disconnected_calls=0 late_responses=0 idle_closes=0
[process-metrics] process=log cpu_percent=0.63 cpu_time_ms=328 rss_bytes=37801984 v8_heap_used_bytes=2181808 v8_heap_total_bytes=4206592 v8_gc_count=4 v8_gc_ms=0.914 timestamp_ms=1783934858218
[metrics:log] scene=log type=Log processed=400 failed=0 ts_queue=0 ts_max_queue=10 rust_queue=0 rust_max_queue=10 backpressure=0 slow_disconnects=0 update_ms=0.00 handler_ms=0.00 max_handler_ms=1.00 total_handler_ms=15.00
