starting process log with one V8 and 1 scene(s) from E:\VsCode\skynet\ets_runtime\configs/local/log.json
scene log (Log) listening on 127.0.0.1:7100
[process:log] one V8 started with 1 scene(s)
[log] Log scene started at 127.0.0.1:7100
log accepted 127.0.0.1:59251 as conn 1
log accepted 127.0.0.1:59274 as conn 2
[log] [login_2] perf_split_0_100_1_1783918822312 login count 1
[log] [login_2] perf_split_0_100_3_1783918822313 login count 1
log accepted 127.0.0.1:59288 as conn 3
[log] [login_2] perf_split_0_100_5_1783918822313 login count 1
[log] [login_2] perf_split_0_100_7_1783918822313 login count 1
[log] [login_2] perf_split_0_100_9_1783918822313 login count 1
[log] [login_2] perf_split_0_100_11_1783918822313 login count 1
[log] [login_1] perf_split_0_100_2_1783918822313 login count 1
[log] [login_1] perf_split_0_100_0_1783918822311 login count 1
[log] [login_2] perf_split_0_100_15_1783918822313 login count 1
[log] [login_2] perf_split_0_100_13_1783918822313 login count 1
[log] [login_1] perf_split_0_100_4_1783918822313 login count 1
[log] [login_1] perf_split_0_100_6_1783918822313 login count 1
[log] [login_1] perf_split_0_100_8_1783918822313 login count 1
[log] [login_1] perf_split_0_100_10_1783918822313 login count 1
[log] [login_1] perf_split_0_100_14_1783918822313 login count 1
[log] [login_1] perf_split_0_100_12_1783918822313 login count 1
log accepted 127.0.0.1:59306 as conn 4
[log] [gate_1] perf_split_0_100_1_1783918822312 enter map_1 as unit 1000
[log] [gate_1] perf_split_0_100_3_1783918822313 enter map_1 as unit 1001
[log] [gate_1] perf_split_0_100_5_1783918822313 enter map_1 as unit 1002
[log] [login_1] perf_split_0_100_16_1783918822363 login count 1
[log] [login_2] perf_split_0_100_17_1783918822363 login count 1
[log] [gate_1] perf_split_0_100_11_1783918822313 enter map_1 as unit 1003
[log] [gate_1] perf_split_0_100_9_1783918822313 enter map_1 as unit 1004
[log] [gate_1] perf_split_0_100_7_1783918822313 enter map_1 as unit 1005
[log] [gate_1] perf_split_0_100_2_1783918822313 enter map_1 as unit 1006
[log] [gate_1] perf_split_0_100_0_1783918822311 enter map_1 as unit 1007
[log] [gate_1] perf_split_0_100_13_1783918822313 enter map_1 as unit 1008
[log] [gate_1] perf_split_0_100_15_1783918822313 enter map_1 as unit 1009
[log] [gate_1] perf_split_0_100_4_1783918822313 enter map_1 as unit 1010
[log] [gate_1] perf_split_0_100_6_1783918822313 enter map_1 as unit 1011
[log] [gate_1] perf_split_0_100_8_1783918822313 enter map_1 as unit 1012
[log] [login_1] perf_split_0_100_18_1783918822374 login count 1
[log] [login_2] perf_split_0_100_19_1783918822374 login count 1
[log] [login_1] perf_split_0_100_20_1783918822375 login count 1
[log] [login_2] perf_split_0_100_21_1783918822375 login count 1
[log] [gate_1] perf_split_0_100_14_1783918822313 enter map_1 as unit 1013
[log] [gate_1] perf_split_0_100_12_1783918822313 enter map_1 as unit 1014
[log] [gate_1] perf_split_0_100_10_1783918822313 enter map_1 as unit 1015
[log] [login_1] perf_split_0_100_22_1783918822377 login count 1
[log] [login_2] perf_split_0_100_25_1783918822378 login count 1
[log] [login_2] perf_split_0_100_23_1783918822377 login count 1
[log] [login_1] perf_split_0_100_24_1783918822378 login count 1
[log] [gate_1] perf_split_0_100_17_1783918822363 enter map_1 as unit 1016
[log] [gate_1] perf_split_0_100_16_1783918822363 enter map_1 as unit 1017
[log] [gate_1] perf_split_0_100_18_1783918822374 enter map_1 as unit 1018
[log] [gate_1] perf_split_0_100_19_1783918822374 enter map_1 as unit 1019
[log] [login_1] perf_split_0_100_26_1783918822384 login count 1
[log] [gate_1] perf_split_0_100_20_1783918822375 enter map_1 as unit 1020
[log] [login_2] perf_split_0_100_30_1783918822386 login count 1
[log] [login_1] perf_split_0_100_27_1783918822385 login count 1
[log] [login_2] perf_split_0_100_28_1783918822385 login count 1
[log] [login_2] perf_split_0_100_31_1783918822386 login count 1
[log] [login_2] perf_split_0_100_33_1783918822387 login count 1
[log] [login_1] perf_split_0_100_29_1783918822385 login count 1
[log] [login_1] perf_split_0_100_32_1783918822387 login count 1
[log] [gate_1] perf_split_0_100_21_1783918822375 enter map_1 as unit 1021
[log] [gate_1] perf_split_0_100_22_1783918822377 enter map_1 as unit 1022
[log] [gate_1] perf_split_0_100_24_1783918822378 enter map_1 as unit 1023
[log] [gate_1] perf_split_0_100_25_1783918822378 enter map_1 as unit 1024
[log] [gate_1] perf_split_0_100_23_1783918822377 enter map_1 as unit 1025
[log] [login_1] perf_split_0_100_34_1783918822398 login count 1
[log] [gate_1] perf_split_0_100_26_1783918822384 enter map_1 as unit 1026
[log] [gate_1] perf_split_0_100_27_1783918822385 enter map_1 as unit 1027
[log] [gate_1] perf_split_0_100_28_1783918822385 enter map_1 as unit 1028
[log] [login_1] perf_split_0_100_36_1783918822400 login count 1
[log] [login_2] perf_split_0_100_39_1783918822401 login count 1
[log] [login_2] perf_split_0_100_37_1783918822400 login count 1
[log] [login_2] perf_split_0_100_35_1783918822399 login count 1
[log] [gate_1] perf_split_0_100_31_1783918822386 enter map_1 as unit 1029
[log] [login_1] perf_split_0_100_38_1783918822401 login count 1
[log] [login_1] perf_split_0_100_40_1783918822402 login count 1
[log] [login_2] perf_split_0_100_41_1783918822402 login count 1
[log] [gate_1] perf_split_0_100_29_1783918822385 enter map_1 as unit 1030
[log] [gate_1] perf_split_0_100_33_1783918822387 enter map_1 as unit 1031
[log] [gate_1] perf_split_0_100_32_1783918822387 enter map_1 as unit 1032
[log] [gate_1] perf_split_0_100_30_1783918822386 enter map_1 as unit 1033
[log] [login_1] perf_split_0_100_42_1783918822411 login count 1
[log] [gate_1] perf_split_0_100_34_1783918822398 enter map_1 as unit 1034
[log] [gate_1] perf_split_0_100_36_1783918822400 enter map_1 as unit 1035
[log] [gate_1] perf_split_0_100_39_1783918822401 enter map_1 as unit 1036
[log] [login_1] perf_split_0_100_44_1783918822414 login count 1
[log] [gate_1] perf_split_0_100_37_1783918822400 enter map_1 as unit 1037
[log] [login_2] perf_split_0_100_47_1783918822415 login count 1
[log] [login_2] perf_split_0_100_45_1783918822414 login count 1
[log] [login_2] perf_split_0_100_43_1783918822413 login count 1
[log] [login_1] perf_split_0_100_46_1783918822415 login count 1
[log] [login_1] perf_split_0_100_48_1783918822416 login count 1
[log] [login_2] perf_split_0_100_49_1783918822416 login count 1
[log] [gate_1] perf_split_0_100_40_1783918822402 enter map_1 as unit 1038
[log] [gate_1] perf_split_0_100_41_1783918822402 enter map_1 as unit 1039
[log] [gate_1] perf_split_0_100_38_1783918822401 enter map_1 as unit 1040
[log] [gate_1] perf_split_0_100_35_1783918822399 enter map_1 as unit 1041
[log] [login_1] perf_split_0_100_50_1783918822424 login count 1
[log] [gate_1] perf_split_0_100_42_1783918822411 enter map_1 as unit 1042
[log] [gate_1] perf_split_0_100_44_1783918822414 enter map_1 as unit 1043
[log] [gate_1] perf_split_0_100_47_1783918822415 enter map_1 as unit 1044
[log] [login_1] perf_split_0_100_51_1783918822426 login count 1
[log] [login_2] perf_split_0_100_53_1783918822427 login count 1
[log] [login_1] perf_split_0_100_54_1783918822427 login count 1
[log] [login_1] perf_split_0_100_56_1783918822428 login count 1
[log] [gate_1] perf_split_0_100_45_1783918822414 enter map_1 as unit 1045
[log] [login_2] perf_split_0_100_52_1783918822427 login count 1
[log] [login_2] perf_split_0_100_55_1783918822428 login count 1
[log] [login_2] perf_split_0_100_57_1783918822428 login count 1
[log] [gate_1] perf_split_0_100_49_1783918822416 enter map_1 as unit 1046
[log] [gate_1] perf_split_0_100_46_1783918822415 enter map_1 as unit 1047
[log] [gate_1] perf_split_0_100_48_1783918822416 enter map_1 as unit 1048
[log] [gate_1] perf_split_0_100_43_1783918822413 enter map_1 as unit 1049
[log] [login_1] perf_split_0_100_58_1783918822436 login count 1
[log] [gate_1] perf_split_0_100_50_1783918822424 enter map_1 as unit 1050
[log] [gate_1] perf_split_0_100_53_1783918822427 enter map_1 as unit 1051
[log] [gate_1] perf_split_0_100_51_1783918822426 enter map_1 as unit 1052
[log] [gate_1] perf_split_0_100_56_1783918822428 enter map_1 as unit 1053
[log] [login_2] perf_split_0_100_59_1783918822440 login count 1
[log] [login_1] perf_split_0_100_64_1783918822442 login count 1
[log] [login_1] perf_split_0_100_60_1783918822440 login count 1
[log] [login_1] perf_split_0_100_61_1783918822441 login count 1
[log] [login_2] perf_split_0_100_62_1783918822441 login count 1
[log] [login_2] perf_split_0_100_63_1783918822441 login count 1
[log] [login_2] perf_split_0_100_65_1783918822442 login count 1
[log] [gate_1] perf_split_0_100_52_1783918822427 enter map_1 as unit 1054
[log] [login_1] perf_split_0_100_66_1783918822442 login count 1
[log] [gate_1] perf_split_0_100_54_1783918822427 enter map_1 as unit 1055
[log] [gate_1] perf_split_0_100_57_1783918822428 enter map_1 as unit 1056
[log] [gate_1] perf_split_0_100_55_1783918822428 enter map_1 as unit 1057
[log] [gate_1] perf_split_0_100_58_1783918822436 enter map_1 as unit 1058
[log] [login_2] perf_split_0_100_67_1783918822452 login count 1
[log] [gate_1] perf_split_0_100_60_1783918822440 enter map_1 as unit 1059
[log] [gate_1] perf_split_0_100_61_1783918822441 enter map_1 as unit 1060
[log] [login_2] perf_split_0_100_69_1783918822454 login count 1
[log] [login_1] perf_split_0_100_68_1783918822454 login count 1
[log] [gate_1] perf_split_0_100_63_1783918822441 enter map_1 as unit 1061
[log] [login_2] perf_split_0_100_71_1783918822455 login count 1
[log] [login_2] perf_split_0_100_73_1783918822455 login count 1
[log] [login_1] perf_split_0_100_70_1783918822455 login count 1
[log] [login_1] perf_split_0_100_72_1783918822455 login count 1
[log] [login_1] perf_split_0_100_74_1783918822456 login count 1
[log] [gate_1] perf_split_0_100_59_1783918822440 enter map_1 as unit 1062
[log] [gate_1] perf_split_0_100_64_1783918822442 enter map_1 as unit 1063
[log] [gate_1] perf_split_0_100_65_1783918822442 enter map_1 as unit 1064
[log] [gate_1] perf_split_0_100_66_1783918822442 enter map_1 as unit 1065
[log] [gate_1] perf_split_0_100_62_1783918822441 enter map_1 as unit 1066
[log] [gate_1] perf_split_0_100_67_1783918822452 enter map_1 as unit 1067
[log] [login_2] perf_split_0_100_75_1783918822467 login count 1
[log] [gate_1] perf_split_0_100_69_1783918822454 enter map_1 as unit 1068
[log] [gate_1] perf_split_0_100_68_1783918822454 enter map_1 as unit 1069
[log] [gate_1] perf_split_0_100_71_1783918822455 enter map_1 as unit 1070
[log] [login_1] perf_split_0_100_78_1783918822471 login count 1
[log] [login_2] perf_split_0_100_79_1783918822471 login count 1
[log] [login_1] perf_split_0_100_76_1783918822470 login count 1
[log] [login_1] perf_split_0_100_80_1783918822472 login count 1
[log] [login_1] perf_split_0_100_82_1783918822472 login count 1
[log] [login_2] perf_split_0_100_77_1783918822471 login count 1
[log] [login_2] perf_split_0_100_81_1783918822472 login count 1
[log] [login_2] perf_split_0_100_83_1783918822472 login count 1
[log] [gate_1] perf_split_0_100_70_1783918822455 enter map_1 as unit 1071
[log] [gate_1] perf_split_0_100_74_1783918822456 enter map_1 as unit 1072
[log] [gate_1] perf_split_0_100_72_1783918822455 enter map_1 as unit 1073
[log] [gate_1] perf_split_0_100_73_1783918822455 enter map_1 as unit 1074
[log] [gate_1] perf_split_0_100_75_1783918822467 enter map_1 as unit 1075
[log] [login_1] perf_split_0_100_84_1783918822483 login count 1
[log] [gate_1] perf_split_0_100_79_1783918822471 enter map_1 as unit 1076
[log] [gate_1] perf_split_0_100_78_1783918822471 enter map_1 as unit 1077
[log] [login_1] perf_split_0_100_86_1783918822487 login count 1
[log] [gate_1] perf_split_0_100_76_1783918822470 enter map_1 as unit 1078
[log] [login_2] perf_split_0_100_89_1783918822488 login count 1
[log] [login_2] perf_split_0_100_85_1783918822487 login count 1
[log] [login_2] perf_split_0_100_88_1783918822488 login count 1
[log] [login_1] perf_split_0_100_87_1783918822488 login count 1
[log] [login_1] perf_split_0_100_90_1783918822489 login count 1
[log] [login_2] perf_split_0_100_91_1783918822489 login count 1
[log] [gate_1] perf_split_0_100_80_1783918822472 enter map_1 as unit 1079
[log] [gate_1] perf_split_0_100_82_1783918822472 enter map_1 as unit 1080
[log] [gate_1] perf_split_0_100_77_1783918822471 enter map_1 as unit 1081
[log] [gate_1] perf_split_0_100_81_1783918822472 enter map_1 as unit 1082
[log] [gate_1] perf_split_0_100_83_1783918822472 enter map_1 as unit 1083
[log] [gate_1] perf_split_0_100_84_1783918822483 enter map_1 as unit 1084
[log] [login_1] perf_split_0_100_92_1783918822503 login count 1
[log] [gate_1] perf_split_0_100_86_1783918822487 enter map_1 as unit 1085
[log] [gate_1] perf_split_0_100_85_1783918822487 enter map_1 as unit 1086
[log] [login_2] perf_split_0_100_93_1783918822505 login count 1
[log] [login_1] perf_split_0_100_94_1783918822506 login count 1
[log] [login_2] perf_split_0_100_99_1783918822508 login count 1
[log] [login_2] perf_split_0_100_96_1783918822506 login count 1
[log] [login_2] perf_split_0_100_97_1783918822506 login count 1
[log] [gate_1] perf_split_0_100_90_1783918822489 enter map_1 as unit 1087
[log] [login_1] perf_split_0_100_95_1783918822506 login count 1
[log] [login_1] perf_split_0_100_98_1783918822507 login count 1
[log] [gate_1] perf_split_0_100_89_1783918822488 enter map_1 as unit 1088
[log] [gate_1] perf_split_0_100_88_1783918822488 enter map_1 as unit 1089
[log] [gate_1] perf_split_0_100_87_1783918822488 enter map_1 as unit 1090
[log] [gate_1] perf_split_0_100_91_1783918822489 enter map_1 as unit 1091
[log] [gate_1] perf_split_0_100_92_1783918822503 enter map_1 as unit 1092
[log] [gate_1] perf_split_0_100_94_1783918822506 enter map_1 as unit 1093
[log] [gate_1] perf_split_0_100_96_1783918822506 enter map_1 as unit 1094
[log] [gate_1] perf_split_0_100_99_1783918822508 enter map_1 as unit 1095
[log] [gate_1] perf_split_0_100_98_1783918822507 enter map_1 as unit 1096
[log] [gate_1] perf_split_0_100_93_1783918822505 enter map_1 as unit 1097
[log] [gate_1] perf_split_0_100_97_1783918822506 enter map_1 as unit 1098
[log] [gate_1] perf_split_0_100_95_1783918822506 enter map_1 as unit 1099
[metrics:inner_transport] active=0 opened=0 pending=0 max_pending=0 overloads=0 timeouts=0 disconnected_calls=0 late_responses=0 idle_closes=0
[metrics:log] scene=log type=Log processed=200 failed=0 ts_queue=0 ts_max_queue=5 rust_queue=0 rust_max_queue=5 backpressure=0 slow_disconnects=0 update_ms=0.00 handler_ms=1.00 max_handler_ms=4.00 total_handler_ms=38.00
[metrics:inner_transport] active=0 opened=0 pending=0 max_pending=0 overloads=0 timeouts=0 disconnected_calls=0 late_responses=0 idle_closes=0
[metrics:log] scene=log type=Log processed=200 failed=0 ts_queue=0 ts_max_queue=5 rust_queue=0 rust_max_queue=5 backpressure=0 slow_disconnects=0 update_ms=0.00 handler_ms=1.00 max_handler_ms=4.00 total_handler_ms=38.00
