starting process map1 with one V8 and 1 scene(s) from E:\VsCode\skynet\ets_runtime\perf\results\runtime_configs\map_capacity_20260713_082359\180p_8g_r1\map1.json
scene map_1 (MapHost) listening on 127.0.0.1:7301
[process:map1] one V8 started with 1 scene(s)
[map_1] MapHost scene started at 127.0.0.1:7301
map_1 accepted 127.0.0.1:59260 as conn 1
map_1 accepted 127.0.0.1:59318 as conn 2
map_1 accepted 127.0.0.1:59319 as conn 3
map_1 accepted 127.0.0.1:59320 as conn 4
map_1 accepted 127.0.0.1:59321 as conn 5
map_1 accepted 127.0.0.1:59322 as conn 6
[map_1] perf_8g_10_180_0_1783931039703 enter map 1 unit 1000
map_1 accepted 127.0.0.1:59323 as conn 7
map_1 accepted 127.0.0.1:59324 as conn 8
map_1 accepted 127.0.0.1:59325 as conn 9
[map_1] perf_8g_10_180_1_1783931039704 enter map 1 unit 1001
[map_1] perf_8g_10_180_3_1783931039704 enter map 1 unit 1002
[map_1] perf_8g_10_180_2_1783931039704 enter map 1 unit 1003
[map_1] perf_8g_10_180_7_1783931039704 enter map 1 unit 1004
[map_1] perf_8g_10_180_5_1783931039704 enter map 1 unit 1005
[map_1] perf_8g_10_180_4_1783931039704 enter map 1 unit 1006
[map_1] perf_8g_10_180_6_1783931039704 enter map 1 unit 1007
[map_1] perf_8g_10_180_10_1783931039705 enter map 1 unit 1008
[map_1] perf_8g_10_180_11_1783931039705 enter map 1 unit 1009
[map_1] perf_8g_10_180_15_1783931039705 enter map 1 unit 1010
[map_1] perf_8g_10_180_12_1783931039705 enter map 1 unit 1011
[map_1] perf_8g_10_180_13_1783931039705 enter map 1 unit 1012
[map_1] perf_8g_10_180_14_1783931039705 enter map 1 unit 1013
[map_1] perf_8g_10_180_8_1783931039704 enter map 1 unit 1014
[map_1] perf_8g_10_180_16_1783931039728 enter map 1 unit 1015
[map_1] perf_8g_10_180_17_1783931039731 enter map 1 unit 1016
[map_1] perf_8g_10_180_18_1783931039732 enter map 1 unit 1017
[map_1] perf_8g_10_180_19_1783931039732 enter map 1 unit 1018
[map_1] perf_8g_10_180_21_1783931039734 enter map 1 unit 1019
[map_1] perf_8g_10_180_22_1783931039734 enter map 1 unit 1020
[map_1] perf_8g_10_180_23_1783931039734 enter map 1 unit 1021
[map_1] perf_8g_10_180_24_1783931039735 enter map 1 unit 1022
[map_1] perf_8g_10_180_25_1783931039735 enter map 1 unit 1023
[map_1] perf_8g_10_180_26_1783931039735 enter map 1 unit 1024
[map_1] perf_8g_10_180_27_1783931039736 enter map 1 unit 1025
[map_1] perf_8g_10_180_29_1783931039736 enter map 1 unit 1026
[map_1] perf_8g_10_180_31_1783931039737 enter map 1 unit 1027
[map_1] perf_8g_10_180_30_1783931039736 enter map 1 unit 1028
[map_1] perf_8g_10_180_9_1783931039704 enter map 1 unit 1029
[map_1] perf_8g_10_180_32_1783931039745 enter map 1 unit 1030
[map_1] perf_8g_10_180_34_1783931039746 enter map 1 unit 1031
[map_1] perf_8g_10_180_33_1783931039745 enter map 1 unit 1032
[map_1] perf_8g_10_180_28_1783931039736 enter map 1 unit 1033
[map_1] perf_8g_10_180_20_1783931039734 enter map 1 unit 1034
[map_1] perf_8g_10_180_35_1783931039748 enter map 1 unit 1035
[map_1] perf_8g_10_180_36_1783931039749 enter map 1 unit 1036
[map_1] perf_8g_10_180_37_1783931039752 enter map 1 unit 1037
[map_1] perf_8g_10_180_38_1783931039753 enter map 1 unit 1038
[map_1] perf_8g_10_180_40_1783931039754 enter map 1 unit 1039
[map_1] perf_8g_10_180_39_1783931039753 enter map 1 unit 1040
[map_1] perf_8g_10_180_41_1783931039755 enter map 1 unit 1041
[map_1] perf_8g_10_180_42_1783931039755 enter map 1 unit 1042
[map_1] perf_8g_10_180_43_1783931039756 enter map 1 unit 1043
[map_1] perf_8g_10_180_44_1783931039756 enter map 1 unit 1044
[map_1] perf_8g_10_180_45_1783931039758 enter map 1 unit 1045
[map_1] perf_8g_10_180_46_1783931039758 enter map 1 unit 1046
[map_1] perf_8g_10_180_47_1783931039759 enter map 1 unit 1047
[map_1] perf_8g_10_180_48_1783931039759 enter map 1 unit 1048
[map_1] perf_8g_10_180_49_1783931039761 enter map 1 unit 1049
[map_1] perf_8g_10_180_50_1783931039763 enter map 1 unit 1050
[map_1] perf_8g_10_180_51_1783931039764 enter map 1 unit 1051
[map_1] perf_8g_10_180_52_1783931039767 enter map 1 unit 1052
[map_1] perf_8g_10_180_53_1783931039770 enter map 1 unit 1053
[map_1] perf_8g_10_180_54_1783931039771 enter map 1 unit 1054
[map_1] perf_8g_10_180_55_1783931039772 enter map 1 unit 1055
[map_1] perf_8g_10_180_56_1783931039773 enter map 1 unit 1056
[map_1] perf_8g_10_180_57_1783931039774 enter map 1 unit 1057
[map_1] perf_8g_10_180_58_1783931039774 enter map 1 unit 1058
[map_1] perf_8g_10_180_59_1783931039776 enter map 1 unit 1059
[map_1] perf_8g_10_180_61_1783931039777 enter map 1 unit 1060
[map_1] perf_8g_10_180_60_1783931039776 enter map 1 unit 1061
[map_1] perf_8g_10_180_62_1783931039780 enter map 1 unit 1062
[map_1] perf_8g_10_180_63_1783931039780 enter map 1 unit 1063
[map_1] perf_8g_10_180_64_1783931039780 enter map 1 unit 1064
[map_1] perf_8g_10_180_65_1783931039781 enter map 1 unit 1065
[map_1] perf_8g_10_180_66_1783931039781 enter map 1 unit 1066
[map_1] perf_8g_10_180_67_1783931039783 enter map 1 unit 1067
[map_1] perf_8g_10_180_68_1783931039785 enter map 1 unit 1068
[map_1] perf_8g_10_180_69_1783931039788 enter map 1 unit 1069
[map_1] perf_8g_10_180_70_1783931039790 enter map 1 unit 1070
[map_1] perf_8g_10_180_71_1783931039793 enter map 1 unit 1071
[map_1] perf_8g_10_180_72_1783931039795 enter map 1 unit 1072
[map_1] perf_8g_10_180_73_1783931039796 enter map 1 unit 1073
[map_1] perf_8g_10_180_74_1783931039797 enter map 1 unit 1074
[map_1] perf_8g_10_180_75_1783931039798 enter map 1 unit 1075
[map_1] perf_8g_10_180_76_1783931039800 enter map 1 unit 1076
[map_1] perf_8g_10_180_78_1783931039802 enter map 1 unit 1078
[map_1] perf_8g_10_180_77_1783931039801 enter map 1 unit 1077
[map_1] perf_8g_10_180_79_1783931039803 enter map 1 unit 1079
[map_1] perf_8g_10_180_81_1783931039806 enter map 1 unit 1081
[map_1] perf_8g_10_180_80_1783931039805 enter map 1 unit 1080
[map_1] perf_8g_10_180_82_1783931039806 enter map 1 unit 1082
[map_1] perf_8g_10_180_85_1783931039813 enter map 1 unit 1085
[map_1] perf_8g_10_180_83_1783931039807 enter map 1 unit 1083
[map_1] perf_8g_10_180_84_1783931039808 enter map 1 unit 1084
[map_1] perf_8g_10_180_86_1783931039816 enter map 1 unit 1086
[map_1] perf_8g_10_180_88_1783931039820 enter map 1 unit 1088
[map_1] perf_8g_10_180_87_1783931039819 enter map 1 unit 1087
[map_1] perf_8g_10_180_89_1783931039821 enter map 1 unit 1089
[map_1] perf_8g_10_180_90_1783931039823 enter map 1 unit 1090
[map_1] perf_8g_10_180_91_1783931039823 enter map 1 unit 1091
[map_1] perf_8g_10_180_92_1783931039825 enter map 1 unit 1092
[map_1] perf_8g_10_180_93_1783931039825 enter map 1 unit 1093
[map_1] perf_8g_10_180_94_1783931039826 enter map 1 unit 1094
[map_1] perf_8g_10_180_95_1783931039830 enter map 1 unit 1095
[map_1] perf_8g_10_180_97_1783931039831 enter map 1 unit 1096
[map_1] perf_8g_10_180_96_1783931039830 enter map 1 unit 1097
[map_1] perf_8g_10_180_98_1783931039835 enter map 1 unit 1098
[map_1] perf_8g_10_180_100_1783931039836 enter map 1 unit 1099
[map_1] perf_8g_10_180_99_1783931039836 enter map 1 unit 1100
[map_1] perf_8g_10_180_101_1783931039836 enter map 1 unit 1101
[map_1] perf_8g_10_180_103_1783931039838 enter map 1 unit 1103
[map_1] perf_8g_10_180_102_1783931039838 enter map 1 unit 1102
[map_1] perf_8g_10_180_104_1783931039839 enter map 1 unit 1104
[map_1] perf_8g_10_180_106_1783931039843 enter map 1 unit 1106
[map_1] perf_8g_10_180_105_1783931039841 enter map 1 unit 1105
[map_1] perf_8g_10_180_107_1783931039845 enter map 1 unit 1107
[map_1] perf_8g_10_180_110_1783931039848 enter map 1 unit 1109
[map_1] perf_8g_10_180_108_1783931039845 enter map 1 unit 1108
[map_1] perf_8g_10_180_109_1783931039848 enter map 1 unit 1110
[map_1] perf_8g_10_180_113_1783931039854 enter map 1 unit 1114
[map_1] perf_8g_10_180_111_1783931039852 enter map 1 unit 1111
[map_1] perf_8g_10_180_114_1783931039857 enter map 1 unit 1113
[map_1] perf_8g_10_180_112_1783931039853 enter map 1 unit 1112
[map_1] perf_8g_10_180_115_1783931039860 enter map 1 unit 1115
[map_1] perf_8g_10_180_116_1783931039860 enter map 1 unit 1117
[map_1] perf_8g_10_180_118_1783931039863 enter map 1 unit 1116
[map_1] perf_8g_10_180_121_1783931039867 enter map 1 unit 1118
[map_1] perf_8g_10_180_119_1783931039864 enter map 1 unit 1122
[map_1] perf_8g_10_180_120_1783931039867 enter map 1 unit 1119
[map_1] perf_8g_10_180_117_1783931039863 enter map 1 unit 1121
[map_1] perf_8g_10_180_122_1783931039868 enter map 1 unit 1120
[map_1] perf_8g_10_180_123_1783931039872 enter map 1 unit 1123
[map_1] perf_8g_10_180_126_1783931039878 enter map 1 unit 1125
[map_1] perf_8g_10_180_124_1783931039872 enter map 1 unit 1124
[map_1] perf_8g_10_180_125_1783931039874 enter map 1 unit 1126
[map_1] perf_8g_10_180_129_1783931039879 enter map 1 unit 1130
[map_1] perf_8g_10_180_127_1783931039878 enter map 1 unit 1127
[map_1] perf_8g_10_180_128_1783931039879 enter map 1 unit 1129
[map_1] perf_8g_10_180_130_1783931039880 enter map 1 unit 1128
[map_1] perf_8g_10_180_132_1783931039884 enter map 1 unit 1133
[map_1] perf_8g_10_180_134_1783931039890 enter map 1 unit 1131
[map_1] perf_8g_10_180_131_1783931039884 enter map 1 unit 1132
[map_1] perf_8g_10_180_133_1783931039885 enter map 1 unit 1134
[map_1] perf_8g_10_180_135_1783931039891 enter map 1 unit 1138
[map_1] perf_8g_10_180_137_1783931039892 enter map 1 unit 1135
[map_1] perf_8g_10_180_138_1783931039897 enter map 1 unit 1137
[map_1] perf_8g_10_180_136_1783931039891 enter map 1 unit 1136
[map_1] perf_8g_10_180_139_1783931039897 enter map 1 unit 1139
[map_1] perf_8g_10_180_142_1783931039906 enter map 1 unit 1141
[map_1] perf_8g_10_180_140_1783931039898 enter map 1 unit 1140
[map_1] perf_8g_10_180_143_1783931039907 enter map 1 unit 1142
[map_1] perf_8g_10_180_145_1783931039908 enter map 1 unit 1146
[map_1] perf_8g_10_180_149_1783931039911 enter map 1 unit 1143
[map_1] perf_8g_10_180_146_1783931039908 enter map 1 unit 1145
[map_1] perf_8g_10_180_144_1783931039907 enter map 1 unit 1144
[map_1] perf_8g_10_180_150_1783931039918 enter map 1 unit 1147
[map_1] perf_8g_10_180_148_1783931039911 enter map 1 unit 1149
[map_1] perf_8g_10_180_147_1783931039911 enter map 1 unit 1148
[map_1] perf_8g_10_180_141_1783931039904 enter map 1 unit 1150
[map_1] perf_8g_10_180_151_1783931039919 enter map 1 unit 1154
[map_1] perf_8g_10_180_153_1783931039920 enter map 1 unit 1151
[map_1] perf_8g_10_180_152_1783931039920 enter map 1 unit 1153
[map_1] perf_8g_10_180_154_1783931039921 enter map 1 unit 1152
[map_1] perf_8g_10_180_155_1783931039923 enter map 1 unit 1155
[map_1] perf_8g_10_180_158_1783931039932 enter map 1 unit 1157
[map_1] perf_8g_10_180_156_1783931039925 enter map 1 unit 1156
[map_1] perf_8g_10_180_161_1783931039934 enter map 1 unit 1158
[map_1] perf_8g_10_180_157_1783931039926 enter map 1 unit 1162
[map_1] perf_8g_10_180_160_1783931039933 enter map 1 unit 1159
[map_1] perf_8g_10_180_159_1783931039933 enter map 1 unit 1161
[map_1] perf_8g_10_180_162_1783931039937 enter map 1 unit 1160
[map_1] perf_8g_10_180_164_1783931039939 enter map 1 unit 1163
[map_1] perf_8g_10_180_166_1783931039946 enter map 1 unit 1165
[map_1] perf_8g_10_180_163_1783931039937 enter map 1 unit 1164
[map_1] perf_8g_10_180_170_1783931039948 enter map 1 unit 1166
[map_1] perf_8g_10_180_169_1783931039948 enter map 1 unit 1170
[map_1] perf_8g_10_180_167_1783931039947 enter map 1 unit 1167
[map_1] perf_8g_10_180_168_1783931039947 enter map 1 unit 1169
[map_1] perf_8g_10_180_165_1783931039945 enter map 1 unit 1168
[map_1] perf_8g_10_180_174_1783931039961 enter map 1 unit 1171
[map_1] perf_8g_10_180_171_1783931039951 enter map 1 unit 1173
[map_1] perf_8g_10_180_172_1783931039952 enter map 1 unit 1172
[map_1] perf_8g_10_180_173_1783931039953 enter map 1 unit 1174
[map_1] perf_8g_10_180_178_1783931039963 enter map 1 unit 1178
[map_1] perf_8g_10_180_177_1783931039963 enter map 1 unit 1175
[map_1] perf_8g_10_180_175_1783931039962 enter map 1 unit 1177
[map_1] perf_8g_10_180_176_1783931039962 enter map 1 unit 1176
[map_1] perf_8g_10_180_179_1783931039966 enter map 1 unit 1179
[metrics:inner_transport] active=8 opened=8 pending=0 max_pending=0 overloads=0 timeouts=0 disconnected_calls=0 late_responses=0 idle_closes=0
[process-metrics] process=map1 cpu_percent=102.03 cpu_time_ms=5156 rss_bytes=126300160 v8_heap_used_bytes=11242480 v8_heap_total_bytes=77864960 v8_gc_count=117 v8_gc_ms=68.457 timestamp_ms=1783931044500
[metrics:map1] scene=map_1 type=MapHost processed=9180 failed=0 ts_queue=0 ts_max_queue=156 rust_queue=0 rust_max_queue=156 backpressure=0 slow_disconnects=0 update_ms=0.00 handler_ms=14.00 max_handler_ms=38.00 total_handler_ms=86636.00
[metrics:inner_transport] active=8 opened=8 pending=0 max_pending=0 overloads=0 timeouts=0 disconnected_calls=0 late_responses=0 idle_closes=0
[process-metrics] process=map1 cpu_percent=94.63 cpu_time_ms=9906 rss_bytes=158384128 v8_heap_used_bytes=48001352 v8_heap_total_bytes=92807168 v8_gc_count=204 v8_gc_ms=138.740 timestamp_ms=1783931049519
[metrics:map1] scene=map_1 type=MapHost processed=19081 failed=0 ts_queue=0 ts_max_queue=166 rust_queue=128 rust_max_queue=166 backpressure=0 slow_disconnects=0 update_ms=0.00 handler_ms=0.00 max_handler_ms=38.00 total_handler_ms=191403.00
[metrics:inner_transport] active=8 opened=8 pending=0 max_pending=0 overloads=0 timeouts=0 disconnected_calls=0 late_responses=0 idle_closes=0
[process-metrics] process=map1 cpu_percent=74.98 cpu_time_ms=13656 rss_bytes=144330752 v8_heap_used_bytes=20949120 v8_heap_total_bytes=79175680 v8_gc_count=294 v8_gc_ms=205.685 timestamp_ms=1783931054521
[metrics:map1] scene=map_1 type=MapHost processed=29004 failed=0 ts_queue=0 ts_max_queue=166 rust_queue=128 rust_max_queue=166 backpressure=0 slow_disconnects=0 update_ms=2.00 handler_ms=2.00 max_handler_ms=53.00 total_handler_ms=292331.00
[metrics:inner_transport] active=8 opened=8 pending=0 max_pending=0 overloads=0 timeouts=0 disconnected_calls=0 late_responses=0 idle_closes=0
[process-metrics] process=map1 cpu_percent=60.58 cpu_time_ms=16687 rss_bytes=144748544 v8_heap_used_bytes=6986184 v8_heap_total_bytes=79175680 v8_gc_count=376 v8_gc_ms=260.553 timestamp_ms=1783931059524
[metrics:map1] scene=map_1 type=MapHost processed=38998 failed=0 ts_queue=0 ts_max_queue=166 rust_queue=62 rust_max_queue=166 backpressure=0 slow_disconnects=0 update_ms=12.00 handler_ms=12.00 max_handler_ms=53.00 total_handler_ms=381756.00
[metrics:inner_transport] active=8 opened=8 pending=0 max_pending=0 overloads=0 timeouts=0 disconnected_calls=0 late_responses=0 idle_closes=0
[process-metrics] process=map1 cpu_percent=102.79 cpu_time_ms=21828 rss_bytes=125952000 v8_heap_used_bytes=28395192 v8_heap_total_bytes=79175680 v8_gc_count=455 v8_gc_ms=315.295 timestamp_ms=1783931064525
[metrics:map1] scene=map_1 type=MapHost processed=48909 failed=0 ts_queue=0 ts_max_queue=166 rust_queue=51 rust_max_queue=166 backpressure=0 slow_disconnects=0 update_ms=10.00 handler_ms=9.00 max_handler_ms=53.00 total_handler_ms=468973.00
[metrics:inner_transport] active=8 opened=8 pending=0 max_pending=0 overloads=0 timeouts=0 disconnected_calls=0 late_responses=0 idle_closes=0
[process-metrics] process=map1 cpu_percent=80.15 cpu_time_ms=25843 rss_bytes=125988864 v8_heap_used_bytes=27699944 v8_heap_total_bytes=79175680 v8_gc_count=535 v8_gc_ms=373.525 timestamp_ms=1783931069534
[metrics:map1] scene=map_1 type=MapHost processed=58860 failed=0 ts_queue=0 ts_max_queue=166 rust_queue=0 rust_max_queue=166 backpressure=0 slow_disconnects=0 update_ms=16.00 handler_ms=16.00 max_handler_ms=53.00 total_handler_ms=553636.00
[metrics:inner_transport] active=8 opened=8 pending=0 max_pending=0 overloads=0 timeouts=0 disconnected_calls=0 late_responses=0 idle_closes=0
[process-metrics] process=map1 cpu_percent=72.77 cpu_time_ms=29484 rss_bytes=125759488 v8_heap_used_bytes=7924472 v8_heap_total_bytes=79175680 v8_gc_count=616 v8_gc_ms=428.928 timestamp_ms=1783931074538
[metrics:map1] scene=map_1 type=MapHost processed=68760 failed=0 ts_queue=0 ts_max_queue=166 rust_queue=0 rust_max_queue=166 backpressure=0 slow_disconnects=0 update_ms=10.00 handler_ms=9.00 max_handler_ms=53.00 total_handler_ms=635773.00
[metrics:inner_transport] active=8 opened=8 pending=0 max_pending=0 overloads=0 timeouts=0 disconnected_calls=0 late_responses=0 idle_closes=0
[process-metrics] process=map1 cpu_percent=94.09 cpu_time_ms=34187 rss_bytes=126464000 v8_heap_used_bytes=21292776 v8_heap_total_bytes=79175680 v8_gc_count=695 v8_gc_ms=479.185 timestamp_ms=1783931079537
[metrics:map1] scene=map_1 type=MapHost processed=78649 failed=0 ts_queue=0 ts_max_queue=166 rust_queue=11 rust_max_queue=166 backpressure=0 slow_disconnects=0 update_ms=9.00 handler_ms=9.00 max_handler_ms=53.00 total_handler_ms=710007.00
[map_1] perf_8g_10_180_1_1783931039704 leave map 1 unit 1001
[map_1] perf_8g_10_180_0_1783931039703 leave map 1 unit 1000
[map_1] perf_8g_10_180_36_1783931039749 leave map 1 unit 1036
[map_1] perf_8g_10_180_2_1783931039704 leave map 1 unit 1003
[map_1] perf_8g_10_180_35_1783931039748 leave map 1 unit 1035
[map_1] perf_8g_10_180_34_1783931039746 leave map 1 unit 1031
[map_1] perf_8g_10_180_3_1783931039704 leave map 1 unit 1002
[map_1] perf_8g_10_180_31_1783931039737 leave map 1 unit 1027
[map_1] perf_8g_10_180_4_1783931039704 leave map 1 unit 1006
[map_1] perf_8g_10_180_32_1783931039745 leave map 1 unit 1030
[map_1] perf_8g_10_180_8_1783931039704 leave map 1 unit 1014
[map_1] perf_8g_10_180_30_1783931039736 leave map 1 unit 1028
[map_1] perf_8g_10_180_29_1783931039736 leave map 1 unit 1026
[map_1] perf_8g_10_180_5_1783931039704 leave map 1 unit 1005
[map_1] perf_8g_10_180_10_1783931039705 leave map 1 unit 1008
[map_1] perf_8g_10_180_27_1783931039736 leave map 1 unit 1025
[map_1] perf_8g_10_180_6_1783931039704 leave map 1 unit 1007
[map_1] perf_8g_10_180_28_1783931039736 leave map 1 unit 1033
[map_1] perf_8g_10_180_25_1783931039735 leave map 1 unit 1023
[map_1] perf_8g_10_180_11_1783931039705 leave map 1 unit 1009
[map_1] perf_8g_10_180_26_1783931039735 leave map 1 unit 1024
[map_1] perf_8g_10_180_7_1783931039704 leave map 1 unit 1004
[map_1] perf_8g_10_180_20_1783931039734 leave map 1 unit 1034
[map_1] perf_8g_10_180_15_1783931039705 leave map 1 unit 1010
[map_1] perf_8g_10_180_17_1783931039731 leave map 1 unit 1016
[map_1] perf_8g_10_180_24_1783931039735 leave map 1 unit 1022
[map_1] perf_8g_10_180_23_1783931039734 leave map 1 unit 1021
[map_1] perf_8g_10_180_13_1783931039705 leave map 1 unit 1012
[map_1] perf_8g_10_180_22_1783931039734 leave map 1 unit 1020
[map_1] perf_8g_10_180_16_1783931039728 leave map 1 unit 1015
[map_1] perf_8g_10_180_19_1783931039732 leave map 1 unit 1018
[map_1] perf_8g_10_180_14_1783931039705 leave map 1 unit 1013
[map_1] perf_8g_10_180_21_1783931039734 leave map 1 unit 1019
[map_1] perf_8g_10_180_12_1783931039705 leave map 1 unit 1011
[map_1] perf_8g_10_180_18_1783931039732 leave map 1 unit 1017
[map_1] perf_8g_10_180_9_1783931039704 leave map 1 unit 1029
[map_1] perf_8g_10_180_179_1783931039966 leave map 1 unit 1179
[map_1] perf_8g_10_180_178_1783931039963 leave map 1 unit 1178
[map_1] perf_8g_10_180_176_1783931039962 leave map 1 unit 1176
[map_1] perf_8g_10_180_177_1783931039963 leave map 1 unit 1175
[map_1] perf_8g_10_180_175_1783931039962 leave map 1 unit 1177
[map_1] perf_8g_10_180_174_1783931039961 leave map 1 unit 1171
[map_1] perf_8g_10_180_173_1783931039953 leave map 1 unit 1174
[map_1] perf_8g_10_180_172_1783931039952 leave map 1 unit 1172
[map_1] perf_8g_10_180_170_1783931039948 leave map 1 unit 1166
[map_1] perf_8g_10_180_171_1783931039951 leave map 1 unit 1173
[map_1] perf_8g_10_180_169_1783931039948 leave map 1 unit 1170
[map_1] perf_8g_10_180_168_1783931039947 leave map 1 unit 1169
[map_1] perf_8g_10_180_167_1783931039947 leave map 1 unit 1167
[map_1] perf_8g_10_180_165_1783931039945 leave map 1 unit 1168
[map_1] perf_8g_10_180_166_1783931039946 leave map 1 unit 1165
[map_1] perf_8g_10_180_164_1783931039939 leave map 1 unit 1163
[map_1] perf_8g_10_180_33_1783931039745 leave map 1 unit 1032
[map_1] perf_8g_10_180_163_1783931039937 leave map 1 unit 1164
[map_1] perf_8g_10_180_161_1783931039934 leave map 1 unit 1158
[map_1] perf_8g_10_180_162_1783931039937 leave map 1 unit 1160
[map_1] perf_8g_10_180_158_1783931039932 leave map 1 unit 1157
[map_1] perf_8g_10_180_160_1783931039933 leave map 1 unit 1159
[map_1] perf_8g_10_180_159_1783931039933 leave map 1 unit 1161
[map_1] perf_8g_10_180_155_1783931039923 leave map 1 unit 1155
[map_1] perf_8g_10_180_38_1783931039753 leave map 1 unit 1038
[map_1] perf_8g_10_180_157_1783931039926 leave map 1 unit 1162
[map_1] perf_8g_10_180_156_1783931039925 leave map 1 unit 1156
[map_1] perf_8g_10_180_154_1783931039921 leave map 1 unit 1152
[map_1] perf_8g_10_180_153_1783931039920 leave map 1 unit 1151
[map_1] perf_8g_10_180_152_1783931039920 leave map 1 unit 1153
[map_1] perf_8g_10_180_37_1783931039752 leave map 1 unit 1037
[map_1] perf_8g_10_180_151_1783931039919 leave map 1 unit 1154
[map_1] perf_8g_10_180_150_1783931039918 leave map 1 unit 1147
[map_1] perf_8g_10_180_148_1783931039911 leave map 1 unit 1149
[map_1] perf_8g_10_180_149_1783931039911 leave map 1 unit 1143
[map_1] perf_8g_10_180_39_1783931039753 leave map 1 unit 1040
[map_1] perf_8g_10_180_147_1783931039911 leave map 1 unit 1148
[map_1] perf_8g_10_180_146_1783931039908 leave map 1 unit 1145
[map_1] perf_8g_10_180_145_1783931039908 leave map 1 unit 1146
[map_1] perf_8g_10_180_144_1783931039907 leave map 1 unit 1144
[map_1] perf_8g_10_180_40_1783931039754 leave map 1 unit 1039
[map_1] perf_8g_10_180_143_1783931039907 leave map 1 unit 1142
[map_1] perf_8g_10_180_141_1783931039904 leave map 1 unit 1150
[map_1] perf_8g_10_180_142_1783931039906 leave map 1 unit 1141
[map_1] perf_8g_10_180_42_1783931039755 leave map 1 unit 1042
[map_1] perf_8g_10_180_140_1783931039898 leave map 1 unit 1140
[map_1] perf_8g_10_180_139_1783931039897 leave map 1 unit 1139
[map_1] perf_8g_10_180_138_1783931039897 leave map 1 unit 1137
[map_1] perf_8g_10_180_41_1783931039755 leave map 1 unit 1041
[map_1] perf_8g_10_180_137_1783931039892 leave map 1 unit 1135
[map_1] perf_8g_10_180_136_1783931039891 leave map 1 unit 1136
[map_1] perf_8g_10_180_135_1783931039891 leave map 1 unit 1138
[map_1] perf_8g_10_180_43_1783931039756 leave map 1 unit 1043
[map_1] perf_8g_10_180_134_1783931039890 leave map 1 unit 1131
[map_1] perf_8g_10_180_133_1783931039885 leave map 1 unit 1134
[map_1] perf_8g_10_180_132_1783931039884 leave map 1 unit 1133
[map_1] perf_8g_10_180_44_1783931039756 leave map 1 unit 1044
[map_1] perf_8g_10_180_131_1783931039884 leave map 1 unit 1132
[map_1] perf_8g_10_180_130_1783931039880 leave map 1 unit 1128
[map_1] perf_8g_10_180_129_1783931039879 leave map 1 unit 1130
[map_1] perf_8g_10_180_45_1783931039758 leave map 1 unit 1045
[map_1] perf_8g_10_180_128_1783931039879 leave map 1 unit 1129
[map_1] perf_8g_10_180_127_1783931039878 leave map 1 unit 1127
[map_1] perf_8g_10_180_47_1783931039759 leave map 1 unit 1047
[map_1] perf_8g_10_180_126_1783931039878 leave map 1 unit 1125
[map_1] perf_8g_10_180_125_1783931039874 leave map 1 unit 1126
[map_1] perf_8g_10_180_123_1783931039872 leave map 1 unit 1123
[map_1] perf_8g_10_180_46_1783931039758 leave map 1 unit 1046
[map_1] perf_8g_10_180_124_1783931039872 leave map 1 unit 1124
[map_1] perf_8g_10_180_122_1783931039868 leave map 1 unit 1120
[map_1] perf_8g_10_180_48_1783931039759 leave map 1 unit 1048
[map_1] perf_8g_10_180_121_1783931039867 leave map 1 unit 1118
[map_1] perf_8g_10_180_120_1783931039867 leave map 1 unit 1119
[map_1] perf_8g_10_180_49_1783931039761 leave map 1 unit 1049
[map_1] perf_8g_10_180_117_1783931039863 leave map 1 unit 1121
[map_1] perf_8g_10_180_119_1783931039864 leave map 1 unit 1122
[map_1] perf_8g_10_180_50_1783931039763 leave map 1 unit 1050
[map_1] perf_8g_10_180_116_1783931039860 leave map 1 unit 1117
[map_1] perf_8g_10_180_118_1783931039863 leave map 1 unit 1116
[map_1] perf_8g_10_180_51_1783931039764 leave map 1 unit 1051
[map_1] perf_8g_10_180_114_1783931039857 leave map 1 unit 1113
[map_1] perf_8g_10_180_115_1783931039860 leave map 1 unit 1115
[map_1] perf_8g_10_180_52_1783931039767 leave map 1 unit 1052
[map_1] perf_8g_10_180_112_1783931039853 leave map 1 unit 1112
[map_1] perf_8g_10_180_110_1783931039848 leave map 1 unit 1109
[map_1] perf_8g_10_180_54_1783931039771 leave map 1 unit 1054
[map_1] perf_8g_10_180_113_1783931039854 leave map 1 unit 1114
[map_1] perf_8g_10_180_111_1783931039852 leave map 1 unit 1111
[map_1] perf_8g_10_180_53_1783931039770 leave map 1 unit 1053
[map_1] perf_8g_10_180_109_1783931039848 leave map 1 unit 1110
[map_1] perf_8g_10_180_108_1783931039845 leave map 1 unit 1108
[map_1] perf_8g_10_180_55_1783931039772 leave map 1 unit 1055
[map_1] perf_8g_10_180_107_1783931039845 leave map 1 unit 1107
[map_1] perf_8g_10_180_106_1783931039843 leave map 1 unit 1106
[map_1] perf_8g_10_180_56_1783931039773 leave map 1 unit 1056
[map_1] perf_8g_10_180_105_1783931039841 leave map 1 unit 1105
[map_1] perf_8g_10_180_57_1783931039774 leave map 1 unit 1057
[map_1] perf_8g_10_180_104_1783931039839 leave map 1 unit 1104
[map_1] perf_8g_10_180_102_1783931039838 leave map 1 unit 1102
[map_1] perf_8g_10_180_58_1783931039774 leave map 1 unit 1058
[map_1] perf_8g_10_180_103_1783931039838 leave map 1 unit 1103
[map_1] perf_8g_10_180_101_1783931039836 leave map 1 unit 1101
[map_1] perf_8g_10_180_59_1783931039776 leave map 1 unit 1059
[map_1] perf_8g_10_180_100_1783931039836 leave map 1 unit 1099
[map_1] perf_8g_10_180_60_1783931039776 leave map 1 unit 1061
[map_1] perf_8g_10_180_99_1783931039836 leave map 1 unit 1100
[map_1] perf_8g_10_180_98_1783931039835 leave map 1 unit 1098
[map_1] perf_8g_10_180_61_1783931039777 leave map 1 unit 1060
[map_1] perf_8g_10_180_97_1783931039831 leave map 1 unit 1096
[map_1] perf_8g_10_180_62_1783931039780 leave map 1 unit 1062
[map_1] perf_8g_10_180_96_1783931039830 leave map 1 unit 1097
[map_1] perf_8g_10_180_95_1783931039830 leave map 1 unit 1095
[map_1] perf_8g_10_180_63_1783931039780 leave map 1 unit 1063
[map_1] perf_8g_10_180_94_1783931039826 leave map 1 unit 1094
[map_1] perf_8g_10_180_93_1783931039825 leave map 1 unit 1093
[map_1] perf_8g_10_180_64_1783931039780 leave map 1 unit 1064
[map_1] perf_8g_10_180_65_1783931039781 leave map 1 unit 1065
[map_1] perf_8g_10_180_91_1783931039823 leave map 1 unit 1091
[map_1] perf_8g_10_180_66_1783931039781 leave map 1 unit 1066
[map_1] perf_8g_10_180_92_1783931039825 leave map 1 unit 1092
[map_1] perf_8g_10_180_67_1783931039783 leave map 1 unit 1067
[map_1] perf_8g_10_180_90_1783931039823 leave map 1 unit 1090
[map_1] perf_8g_10_180_89_1783931039821 leave map 1 unit 1089
[map_1] perf_8g_10_180_68_1783931039785 leave map 1 unit 1068
[map_1] perf_8g_10_180_88_1783931039820 leave map 1 unit 1088
[map_1] perf_8g_10_180_69_1783931039788 leave map 1 unit 1069
[map_1] perf_8g_10_180_87_1783931039819 leave map 1 unit 1087
[map_1] perf_8g_10_180_84_1783931039808 leave map 1 unit 1084
[map_1] perf_8g_10_180_70_1783931039790 leave map 1 unit 1070
[map_1] perf_8g_10_180_86_1783931039816 leave map 1 unit 1086
[map_1] perf_8g_10_180_71_1783931039793 leave map 1 unit 1071
[map_1] perf_8g_10_180_72_1783931039795 leave map 1 unit 1072
[map_1] perf_8g_10_180_85_1783931039813 leave map 1 unit 1085
[map_1] perf_8g_10_180_73_1783931039796 leave map 1 unit 1073
[map_1] perf_8g_10_180_83_1783931039807 leave map 1 unit 1083
[map_1] perf_8g_10_180_81_1783931039806 leave map 1 unit 1081
[map_1] perf_8g_10_180_74_1783931039797 leave map 1 unit 1074
[map_1] perf_8g_10_180_82_1783931039806 leave map 1 unit 1082
[map_1] perf_8g_10_180_75_1783931039798 leave map 1 unit 1075
[map_1] perf_8g_10_180_80_1783931039805 leave map 1 unit 1080
[map_1] perf_8g_10_180_76_1783931039800 leave map 1 unit 1076
[map_1] perf_8g_10_180_77_1783931039801 leave map 1 unit 1077
[map_1] perf_8g_10_180_79_1783931039803 leave map 1 unit 1079
[map_1] perf_8g_10_180_78_1783931039802 leave map 1 unit 1078
