starting process log with one V8 and 1 scene(s) from E:\VsCode\skynet\ets_runtime\perf\results\runtime_configs\map_capacity_20260713_082359\180p_8g_r3\log.json
scene log (Log) listening on 127.0.0.1:7100
[process:log] one V8 started with 1 scene(s)
[log] Log scene started at 127.0.0.1:7100
log accepted 127.0.0.1:51044 as conn 1
log accepted 127.0.0.1:51086 as conn 2
[log] [login_1] perf_8g_10_180_0_1783931123687 login count 1
[log] [login_1] perf_8g_10_180_1_1783931123688 login count 1
[log] [login_1] perf_8g_10_180_4_1783931123688 login count 1
[log] [login_1] perf_8g_10_180_2_1783931123688 login count 1
[log] [login_1] perf_8g_10_180_6_1783931123689 login count 1
[log] [login_1] perf_8g_10_180_3_1783931123688 login count 1
[log] [login_1] perf_8g_10_180_9_1783931123689 login count 1
[log] [login_1] perf_8g_10_180_10_1783931123689 login count 1
[log] [login_1] perf_8g_10_180_5_1783931123689 login count 1
[log] [login_1] perf_8g_10_180_7_1783931123689 login count 1
[log] [login_1] perf_8g_10_180_12_1783931123689 login count 1
[log] [login_1] perf_8g_10_180_13_1783931123689 login count 1
[log] [login_1] perf_8g_10_180_8_1783931123689 login count 1
[log] [login_1] perf_8g_10_180_14_1783931123689 login count 1
[log] [login_1] perf_8g_10_180_11_1783931123689 login count 1
[log] [login_1] perf_8g_10_180_15_1783931123689 login count 1
log accepted 127.0.0.1:51112 as conn 3
[log] [gate_1] perf_8g_10_180_0_1783931123687 enter map_1 as unit 1000
log accepted 127.0.0.1:51121 as conn 4
log accepted 127.0.0.1:51122 as conn 5
log accepted 127.0.0.1:51123 as conn 6
log accepted 127.0.0.1:51125 as conn 7
log accepted 127.0.0.1:51124 as conn 8
[log] [gate_4] perf_8g_10_180_2_1783931123688 enter map_1 as unit 1002
[log] [gate_1] perf_8g_10_180_5_1783931123689 enter map_1 as unit 1008
log accepted 127.0.0.1:51127 as conn 9
log accepted 127.0.0.1:51128 as conn 10
[log] [gate_3] perf_8g_10_180_4_1783931123688 enter map_1 as unit 1006
[log] [gate_6] perf_8g_10_180_3_1783931123688 enter map_1 as unit 1001
[log] [gate_2] perf_8g_10_180_1_1783931123688 enter map_1 as unit 1005
[log] [gate_5] perf_8g_10_180_8_1783931123689 enter map_1 as unit 1007
[log] [gate_7] perf_8g_10_180_9_1783931123689 enter map_1 as unit 1003
[log] [login_1] perf_8g_10_180_16_1783931123736 login count 1
[log] [gate_4] perf_8g_10_180_13_1783931123689 enter map_1 as unit 1009
[log] [login_1] perf_8g_10_180_17_1783931123738 login count 1
[log] [gate_2] perf_8g_10_180_7_1783931123689 enter map_1 as unit 1012
[log] [gate_3] perf_8g_10_180_12_1783931123689 enter map_1 as unit 1011
[log] [gate_5] perf_8g_10_180_6_1783931123689 enter map_1 as unit 1013
[log] [gate_7] perf_8g_10_180_11_1783931123689 enter map_1 as unit 1014
[log] [gate_6] perf_8g_10_180_14_1783931123689 enter map_1 as unit 1010
[log] [gate_1] perf_8g_10_180_16_1783931123736 enter map_1 as unit 1015
[log] [login_1] perf_8g_10_180_18_1783931123740 login count 1
[log] [login_1] perf_8g_10_180_19_1783931123740 login count 1
[log] [gate_2] perf_8g_10_180_17_1783931123738 enter map_1 as unit 1016
[log] [login_1] perf_8g_10_180_20_1783931123741 login count 1
[log] [login_1] perf_8g_10_180_21_1783931123741 login count 1
[log] [login_1] perf_8g_10_180_23_1783931123742 login count 1
[log] [login_1] perf_8g_10_180_22_1783931123742 login count 1
[log] [login_1] perf_8g_10_180_24_1783931123742 login count 1
[log] [login_1] perf_8g_10_180_28_1783931123743 login count 1
[log] [login_1] perf_8g_10_180_25_1783931123743 login count 1
[log] [login_1] perf_8g_10_180_27_1783931123743 login count 1
[log] [login_1] perf_8g_10_180_29_1783931123743 login count 1
[log] [login_1] perf_8g_10_180_26_1783931123743 login count 1
[log] [login_1] perf_8g_10_180_30_1783931123743 login count 1
[log] [login_1] perf_8g_10_180_31_1783931123745 login count 1
[log] [gate_3] perf_8g_10_180_18_1783931123740 enter map_1 as unit 1017
[log] [gate_8] perf_8g_10_180_10_1783931123689 enter map_1 as unit 1004
[log] [gate_4] perf_8g_10_180_19_1783931123740 enter map_1 as unit 1018
[log] [gate_5] perf_8g_10_180_20_1783931123741 enter map_1 as unit 1019
[log] [gate_8] perf_8g_10_180_15_1783931123689 enter map_1 as unit 1020
[log] [gate_6] perf_8g_10_180_21_1783931123741 enter map_1 as unit 1021
[log] [gate_3] perf_8g_10_180_25_1783931123743 enter map_1 as unit 1023
[log] [gate_1] perf_8g_10_180_24_1783931123742 enter map_1 as unit 1024
[log] [gate_7] perf_8g_10_180_23_1783931123742 enter map_1 as unit 1022
[log] [login_1] perf_8g_10_180_32_1783931123752 login count 1
[log] [login_1] perf_8g_10_180_33_1783931123752 login count 1
[log] [login_1] perf_8g_10_180_34_1783931123753 login count 1
[log] [gate_5] perf_8g_10_180_29_1783931123743 enter map_1 as unit 1028
[log] [login_1] perf_8g_10_180_35_1783931123753 login count 1
[log] [gate_6] perf_8g_10_180_26_1783931123743 enter map_1 as unit 1029
[log] [login_1] perf_8g_10_180_36_1783931123754 login count 1
[log] [gate_8] perf_8g_10_180_22_1783931123742 enter map_1 as unit 1027
[log] [gate_2] perf_8g_10_180_28_1783931123743 enter map_1 as unit 1026
[log] [gate_4] perf_8g_10_180_27_1783931123743 enter map_1 as unit 1025
[log] [gate_7] perf_8g_10_180_30_1783931123743 enter map_1 as unit 1030
[log] [gate_8] perf_8g_10_180_31_1783931123745 enter map_1 as unit 1031
[log] [gate_1] perf_8g_10_180_32_1783931123752 enter map_1 as unit 1032
[log] [login_1] perf_8g_10_180_37_1783931123757 login count 1
[log] [login_1] perf_8g_10_180_38_1783931123757 login count 1
[log] [gate_2] perf_8g_10_180_33_1783931123752 enter map_1 as unit 1033
[log] [gate_3] perf_8g_10_180_34_1783931123753 enter map_1 as unit 1034
[log] [gate_4] perf_8g_10_180_35_1783931123753 enter map_1 as unit 1035
[log] [gate_5] perf_8g_10_180_36_1783931123754 enter map_1 as unit 1036
[log] [login_1] perf_8g_10_180_39_1783931123760 login count 1
[log] [login_1] perf_8g_10_180_40_1783931123761 login count 1
[log] [login_1] perf_8g_10_180_41_1783931123761 login count 1
[log] [login_1] perf_8g_10_180_42_1783931123761 login count 1
[log] [login_1] perf_8g_10_180_43_1783931123761 login count 1
[log] [login_1] perf_8g_10_180_44_1783931123761 login count 1
[log] [login_1] perf_8g_10_180_45_1783931123762 login count 1
[log] [login_1] perf_8g_10_180_46_1783931123762 login count 1
[log] [login_1] perf_8g_10_180_47_1783931123763 login count 1
[log] [gate_6] perf_8g_10_180_37_1783931123757 enter map_1 as unit 1037
[log] [login_1] perf_8g_10_180_48_1783931123763 login count 1
[log] [gate_7] perf_8g_10_180_38_1783931123757 enter map_1 as unit 1038
[log] [login_1] perf_8g_10_180_49_1783931123766 login count 1
[log] [login_1] perf_8g_10_180_50_1783931123766 login count 1
[log] [login_1] perf_8g_10_180_51_1783931123767 login count 1
[log] [gate_8] perf_8g_10_180_39_1783931123760 enter map_1 as unit 1039
[log] [login_1] perf_8g_10_180_52_1783931123768 login count 1
[log] [login_1] perf_8g_10_180_53_1783931123771 login count 1
[log] [gate_2] perf_8g_10_180_41_1783931123761 enter map_1 as unit 1041
[log] [gate_1] perf_8g_10_180_40_1783931123761 enter map_1 as unit 1040
[log] [gate_3] perf_8g_10_180_42_1783931123761 enter map_1 as unit 1042
[log] [login_1] perf_8g_10_180_54_1783931123772 login count 1
[log] [login_1] perf_8g_10_180_55_1783931123775 login count 1
[log] [gate_4] perf_8g_10_180_43_1783931123761 enter map_1 as unit 1043
[log] [gate_5] perf_8g_10_180_44_1783931123761 enter map_1 as unit 1044
[log] [gate_7] perf_8g_10_180_46_1783931123762 enter map_1 as unit 1046
[log] [gate_6] perf_8g_10_180_45_1783931123762 enter map_1 as unit 1045
[log] [gate_8] perf_8g_10_180_47_1783931123763 enter map_1 as unit 1047
[log] [gate_3] perf_8g_10_180_50_1783931123766 enter map_1 as unit 1048
[log] [gate_2] perf_8g_10_180_49_1783931123766 enter map_1 as unit 1049
[log] [gate_1] perf_8g_10_180_48_1783931123763 enter map_1 as unit 1050
[log] [login_1] perf_8g_10_180_56_1783931123777 login count 1
[log] [gate_7] perf_8g_10_180_54_1783931123772 enter map_1 as unit 1051
[log] [login_1] perf_8g_10_180_57_1783931123777 login count 1
[log] [login_1] perf_8g_10_180_58_1783931123778 login count 1
[log] [gate_5] perf_8g_10_180_52_1783931123768 enter map_1 as unit 1052
[log] [gate_6] perf_8g_10_180_53_1783931123771 enter map_1 as unit 1054
[log] [gate_4] perf_8g_10_180_51_1783931123767 enter map_1 as unit 1053
[log] [gate_8] perf_8g_10_180_55_1783931123775 enter map_1 as unit 1055
[log] [login_1] perf_8g_10_180_59_1783931123779 login count 1
[log] [login_1] perf_8g_10_180_60_1783931123780 login count 1
[log] [login_1] perf_8g_10_180_61_1783931123780 login count 1
[log] [login_1] perf_8g_10_180_62_1783931123781 login count 1
[log] [login_1] perf_8g_10_180_63_1783931123783 login count 1
[log] [login_1] perf_8g_10_180_64_1783931123783 login count 1
[log] [gate_1] perf_8g_10_180_56_1783931123777 enter map_1 as unit 1056
[log] [login_1] perf_8g_10_180_65_1783931123784 login count 1
[log] [login_1] perf_8g_10_180_66_1783931123785 login count 1
[log] [gate_2] perf_8g_10_180_57_1783931123777 enter map_1 as unit 1057
[log] [login_1] perf_8g_10_180_67_1783931123787 login count 1
[log] [gate_3] perf_8g_10_180_58_1783931123778 enter map_1 as unit 1058
[log] [login_1] perf_8g_10_180_68_1783931123788 login count 1
[log] [gate_4] perf_8g_10_180_59_1783931123779 enter map_1 as unit 1059
[log] [login_1] perf_8g_10_180_69_1783931123789 login count 1
[log] [login_1] perf_8g_10_180_70_1783931123789 login count 1
[log] [login_1] perf_8g_10_180_71_1783931123790 login count 1
[log] [gate_5] perf_8g_10_180_60_1783931123780 enter map_1 as unit 1061
[log] [gate_6] perf_8g_10_180_61_1783931123780 enter map_1 as unit 1060
[log] [gate_7] perf_8g_10_180_62_1783931123781 enter map_1 as unit 1062
[log] [gate_8] perf_8g_10_180_63_1783931123783 enter map_1 as unit 1063
[log] [login_1] perf_8g_10_180_72_1783931123794 login count 1
[log] [gate_1] perf_8g_10_180_64_1783931123783 enter map_1 as unit 1064
[log] [login_1] perf_8g_10_180_73_1783931123797 login count 1
[log] [gate_2] perf_8g_10_180_65_1783931123784 enter map_1 as unit 1065
[log] [gate_3] perf_8g_10_180_66_1783931123785 enter map_1 as unit 1066
[log] [gate_4] perf_8g_10_180_67_1783931123787 enter map_1 as unit 1067
[log] [gate_5] perf_8g_10_180_68_1783931123788 enter map_1 as unit 1068
[log] [login_1] perf_8g_10_180_74_1783931123799 login count 1
[log] [gate_6] perf_8g_10_180_69_1783931123789 enter map_1 as unit 1069
[log] [gate_8] perf_8g_10_180_71_1783931123790 enter map_1 as unit 1071
[log] [gate_7] perf_8g_10_180_70_1783931123789 enter map_1 as unit 1070
[log] [login_1] perf_8g_10_180_75_1783931123801 login count 1
[log] [login_1] perf_8g_10_180_76_1783931123803 login count 1
[log] [login_1] perf_8g_10_180_77_1783931123804 login count 1
[log] [login_1] perf_8g_10_180_78_1783931123806 login count 1
[log] [gate_1] perf_8g_10_180_72_1783931123794 enter map_1 as unit 1072
[log] [login_1] perf_8g_10_180_79_1783931123806 login count 1
[log] [gate_2] perf_8g_10_180_73_1783931123797 enter map_1 as unit 1073
[log] [login_1] perf_8g_10_180_80_1783931123808 login count 1
[log] [login_1] perf_8g_10_180_81_1783931123812 login count 1
[log] [gate_3] perf_8g_10_180_74_1783931123799 enter map_1 as unit 1074
[log] [login_1] perf_8g_10_180_82_1783931123813 login count 1
[log] [login_1] perf_8g_10_180_83_1783931123814 login count 1
[log] [login_1] perf_8g_10_180_84_1783931123815 login count 1
[log] [login_1] perf_8g_10_180_85_1783931123816 login count 1
[log] [login_1] perf_8g_10_180_86_1783931123816 login count 1
[log] [gate_4] perf_8g_10_180_75_1783931123801 enter map_1 as unit 1075
[log] [login_1] perf_8g_10_180_87_1783931123816 login count 1
[log] [gate_5] perf_8g_10_180_76_1783931123803 enter map_1 as unit 1076
[log] [gate_6] perf_8g_10_180_77_1783931123804 enter map_1 as unit 1077
[log] [gate_7] perf_8g_10_180_78_1783931123806 enter map_1 as unit 1078
[log] [gate_8] perf_8g_10_180_79_1783931123806 enter map_1 as unit 1079
[log] [login_1] perf_8g_10_180_88_1783931123823 login count 1
[log] [gate_1] perf_8g_10_180_80_1783931123808 enter map_1 as unit 1080
[log] [login_1] perf_8g_10_180_89_1783931123824 login count 1
[log] [gate_2] perf_8g_10_180_81_1783931123812 enter map_1 as unit 1081
[log] [login_1] perf_8g_10_180_90_1783931123826 login count 1
[log] [gate_3] perf_8g_10_180_82_1783931123813 enter map_1 as unit 1082
[log] [login_1] perf_8g_10_180_91_1783931123831 login count 1
[log] [login_1] perf_8g_10_180_92_1783931123833 login count 1
[log] [login_1] perf_8g_10_180_93_1783931123834 login count 1
[log] [gate_7] perf_8g_10_180_86_1783931123816 enter map_1 as unit 1086
[log] [gate_4] perf_8g_10_180_83_1783931123814 enter map_1 as unit 1083
[log] [gate_6] perf_8g_10_180_85_1783931123816 enter map_1 as unit 1085
[log] [gate_5] perf_8g_10_180_84_1783931123815 enter map_1 as unit 1084
[log] [login_1] perf_8g_10_180_94_1783931123835 login count 1
[log] [login_1] perf_8g_10_180_95_1783931123836 login count 1
[log] [gate_8] perf_8g_10_180_87_1783931123816 enter map_1 as unit 1087
[log] [login_1] perf_8g_10_180_96_1783931123838 login count 1
[log] [gate_1] perf_8g_10_180_88_1783931123823 enter map_1 as unit 1088
[log] [login_1] perf_8g_10_180_97_1783931123840 login count 1
[log] [gate_2] perf_8g_10_180_89_1783931123824 enter map_1 as unit 1089
[log] [gate_3] perf_8g_10_180_90_1783931123826 enter map_1 as unit 1090
[log] [login_1] perf_8g_10_180_98_1783931123842 login count 1
[log] [gate_4] perf_8g_10_180_91_1783931123831 enter map_1 as unit 1091
[log] [login_1] perf_8g_10_180_99_1783931123847 login count 1
[log] [login_1] perf_8g_10_180_100_1783931123848 login count 1
[log] [login_1] perf_8g_10_180_101_1783931123848 login count 1
[log] [login_1] perf_8g_10_180_102_1783931123848 login count 1
[log] [gate_5] perf_8g_10_180_92_1783931123833 enter map_1 as unit 1092
[log] [gate_6] perf_8g_10_180_93_1783931123834 enter map_1 as unit 1093
[log] [login_1] perf_8g_10_180_103_1783931123851 login count 1
[log] [login_1] perf_8g_10_180_104_1783931123852 login count 1
[log] [gate_8] perf_8g_10_180_95_1783931123836 enter map_1 as unit 1095
[log] [gate_7] perf_8g_10_180_94_1783931123835 enter map_1 as unit 1094
[log] [gate_1] perf_8g_10_180_96_1783931123838 enter map_1 as unit 1096
[log] [login_1] perf_8g_10_180_105_1783931123855 login count 1
[log] [login_1] perf_8g_10_180_106_1783931123855 login count 1
[log] [gate_2] perf_8g_10_180_97_1783931123840 enter map_1 as unit 1097
[log] [gate_3] perf_8g_10_180_98_1783931123842 enter map_1 as unit 1098
[log] [gate_4] perf_8g_10_180_99_1783931123847 enter map_1 as unit 1099
[log] [login_1] perf_8g_10_180_107_1783931123858 login count 1
[log] [gate_5] perf_8g_10_180_100_1783931123848 enter map_1 as unit 1100
[log] [login_1] perf_8g_10_180_108_1783931123864 login count 1
[log] [login_1] perf_8g_10_180_109_1783931123864 login count 1
[log] [gate_7] perf_8g_10_180_102_1783931123848 enter map_1 as unit 1102
[log] [gate_8] perf_8g_10_180_103_1783931123851 enter map_1 as unit 1103
[log] [gate_6] perf_8g_10_180_101_1783931123848 enter map_1 as unit 1101
[log] [login_1] perf_8g_10_180_110_1783931123867 login count 1
[log] [login_1] perf_8g_10_180_111_1783931123867 login count 1
[log] [gate_1] perf_8g_10_180_104_1783931123852 enter map_1 as unit 1104
[log] [gate_2] perf_8g_10_180_105_1783931123855 enter map_1 as unit 1105
[log] [login_1] perf_8g_10_180_112_1783931123868 login count 1
[log] [gate_3] perf_8g_10_180_106_1783931123855 enter map_1 as unit 1106
[log] [gate_4] perf_8g_10_180_107_1783931123858 enter map_1 as unit 1107
[log] [login_1] perf_8g_10_180_113_1783931123872 login count 1
[log] [login_1] perf_8g_10_180_114_1783931123872 login count 1
[log] [login_1] perf_8g_10_180_115_1783931123874 login count 1
[log] [login_1] perf_8g_10_180_116_1783931123877 login count 1
[log] [gate_5] perf_8g_10_180_108_1783931123864 enter map_1 as unit 1108
[log] [gate_6] perf_8g_10_180_109_1783931123864 enter map_1 as unit 1109
[log] [gate_7] perf_8g_10_180_110_1783931123867 enter map_1 as unit 1110
[log] [login_1] perf_8g_10_180_117_1783931123883 login count 1
[log] [login_1] perf_8g_10_180_118_1783931123883 login count 1
[log] [login_1] perf_8g_10_180_119_1783931123884 login count 1
[log] [gate_8] perf_8g_10_180_111_1783931123867 enter map_1 as unit 1111
[log] [gate_1] perf_8g_10_180_112_1783931123868 enter map_1 as unit 1112
[log] [login_1] perf_8g_10_180_120_1783931123887 login count 1
[log] [login_1] perf_8g_10_180_121_1783931123887 login count 1
[log] [gate_2] perf_8g_10_180_113_1783931123872 enter map_1 as unit 1113
[log] [login_1] perf_8g_10_180_122_1783931123888 login count 1
[log] [login_1] perf_8g_10_180_123_1783931123889 login count 1
[log] [gate_3] perf_8g_10_180_114_1783931123872 enter map_1 as unit 1114
[log] [gate_4] perf_8g_10_180_115_1783931123874 enter map_1 as unit 1115
[log] [gate_5] perf_8g_10_180_116_1783931123877 enter map_1 as unit 1116
[log] [login_1] perf_8g_10_180_124_1783931123896 login count 1
[log] [login_1] perf_8g_10_180_125_1783931123898 login count 1
[log] [gate_6] perf_8g_10_180_117_1783931123883 enter map_1 as unit 1117
[log] [login_1] perf_8g_10_180_126_1783931123899 login count 1
[log] [login_1] perf_8g_10_180_127_1783931123902 login count 1
[log] [login_1] perf_8g_10_180_128_1783931123903 login count 1
[log] [gate_7] perf_8g_10_180_118_1783931123883 enter map_1 as unit 1118
[log] [gate_8] perf_8g_10_180_119_1783931123884 enter map_1 as unit 1119
[log] [login_1] perf_8g_10_180_129_1783931123906 login count 1
[log] [login_1] perf_8g_10_180_130_1783931123908 login count 1
[log] [login_1] perf_8g_10_180_131_1783931123909 login count 1
[log] [login_1] perf_8g_10_180_132_1783931123910 login count 1
[log] [gate_3] perf_8g_10_180_122_1783931123888 enter map_1 as unit 1122
[log] [gate_2] perf_8g_10_180_121_1783931123887 enter map_1 as unit 1121
[log] [gate_1] perf_8g_10_180_120_1783931123887 enter map_1 as unit 1120
[log] [gate_4] perf_8g_10_180_123_1783931123889 enter map_1 as unit 1123
[log] [login_1] perf_8g_10_180_133_1783931123915 login count 1
[log] [login_1] perf_8g_10_180_134_1783931123919 login count 1
[log] [login_1] perf_8g_10_180_135_1783931123919 login count 1
[log] [gate_5] perf_8g_10_180_124_1783931123896 enter map_1 as unit 1124
[log] [gate_6] perf_8g_10_180_125_1783931123898 enter map_1 as unit 1125
[log] [gate_7] perf_8g_10_180_126_1783931123899 enter map_1 as unit 1126
[log] [login_1] perf_8g_10_180_137_1783931123926 login count 1
[log] [login_1] perf_8g_10_180_136_1783931123926 login count 1
[log] [login_1] perf_8g_10_180_139_1783931123928 login count 1
[log] [login_1] perf_8g_10_180_138_1783931123927 login count 1
[log] [login_1] perf_8g_10_180_140_1783931123932 login count 1
[log] [login_1] perf_8g_10_180_141_1783931123933 login count 1
[log] [login_1] perf_8g_10_180_142_1783931123935 login count 1
[log] [gate_1] perf_8g_10_180_128_1783931123903 enter map_1 as unit 1131
[log] [gate_3] perf_8g_10_180_130_1783931123908 enter map_1 as unit 1130
[log] [gate_2] perf_8g_10_180_129_1783931123906 enter map_1 as unit 1128
[log] [gate_4] perf_8g_10_180_131_1783931123909 enter map_1 as unit 1129
[log] [gate_8] perf_8g_10_180_127_1783931123902 enter map_1 as unit 1127
[log] [gate_7] perf_8g_10_180_134_1783931123919 enter map_1 as unit 1134
[log] [gate_5] perf_8g_10_180_132_1783931123910 enter map_1 as unit 1133
[log] [gate_6] perf_8g_10_180_133_1783931123915 enter map_1 as unit 1132
[log] [login_1] perf_8g_10_180_143_1783931123943 login count 1
[log] [login_1] perf_8g_10_180_144_1783931123944 login count 1
[log] [login_1] perf_8g_10_180_145_1783931123945 login count 1
[log] [login_1] perf_8g_10_180_146_1783931123946 login count 1
[log] [login_1] perf_8g_10_180_147_1783931123947 login count 1
[log] [login_1] perf_8g_10_180_148_1783931123951 login count 1
[log] [login_1] perf_8g_10_180_149_1783931123953 login count 1
[log] [login_1] perf_8g_10_180_150_1783931123953 login count 1
[log] [gate_4] perf_8g_10_180_138_1783931123927 enter map_1 as unit 1137
[log] [gate_2] perf_8g_10_180_136_1783931123926 enter map_1 as unit 1138
[log] [gate_8] perf_8g_10_180_135_1783931123919 enter map_1 as unit 1139
[log] [gate_1] perf_8g_10_180_137_1783931123926 enter map_1 as unit 1135
[log] [gate_3] perf_8g_10_180_139_1783931123928 enter map_1 as unit 1136
[log] [gate_7] perf_8g_10_180_142_1783931123935 enter map_1 as unit 1141
[log] [gate_6] perf_8g_10_180_141_1783931123933 enter map_1 as unit 1142
[log] [gate_5] perf_8g_10_180_140_1783931123932 enter map_1 as unit 1140
[log] [login_1] perf_8g_10_180_151_1783931123962 login count 1
[log] [login_1] perf_8g_10_180_152_1783931123963 login count 1
[log] [login_1] perf_8g_10_180_153_1783931123963 login count 1
[log] [login_1] perf_8g_10_180_154_1783931123964 login count 1
[log] [login_1] perf_8g_10_180_155_1783931123965 login count 1
[log] [login_1] perf_8g_10_180_156_1783931123968 login count 1
[log] [login_1] perf_8g_10_180_157_1783931123969 login count 1
[log] [login_1] perf_8g_10_180_158_1783931123969 login count 1
[log] [gate_1] perf_8g_10_180_144_1783931123944 enter map_1 as unit 1143
[log] [gate_2] perf_8g_10_180_145_1783931123945 enter map_1 as unit 1144
[log] [gate_4] perf_8g_10_180_147_1783931123947 enter map_1 as unit 1147
[log] [gate_8] perf_8g_10_180_143_1783931123943 enter map_1 as unit 1145
[log] [gate_3] perf_8g_10_180_146_1783931123946 enter map_1 as unit 1146
[log] [gate_7] perf_8g_10_180_150_1783931123953 enter map_1 as unit 1148
[log] [gate_5] perf_8g_10_180_148_1783931123951 enter map_1 as unit 1150
[log] [gate_6] perf_8g_10_180_149_1783931123953 enter map_1 as unit 1149
[log] [login_1] perf_8g_10_180_159_1783931123979 login count 1
[log] [login_1] perf_8g_10_180_161_1783931123980 login count 1
[log] [login_1] perf_8g_10_180_160_1783931123979 login count 1
[log] [login_1] perf_8g_10_180_162_1783931123981 login count 1
[log] [login_1] perf_8g_10_180_163_1783931123982 login count 1
[log] [login_1] perf_8g_10_180_164_1783931123987 login count 1
[log] [login_1] perf_8g_10_180_165_1783931123988 login count 1
[log] [login_1] perf_8g_10_180_166_1783931123989 login count 1
[log] [gate_8] perf_8g_10_180_151_1783931123962 enter map_1 as unit 1151
[log] [gate_1] perf_8g_10_180_152_1783931123963 enter map_1 as unit 1155
[log] [gate_4] perf_8g_10_180_155_1783931123965 enter map_1 as unit 1153
[log] [gate_3] perf_8g_10_180_154_1783931123964 enter map_1 as unit 1152
[log] [gate_2] perf_8g_10_180_153_1783931123963 enter map_1 as unit 1154
[log] [login_1] perf_8g_10_180_167_1783931123996 login count 1
[log] [gate_5] perf_8g_10_180_156_1783931123968 enter map_1 as unit 1156
[log] [gate_6] perf_8g_10_180_157_1783931123969 enter map_1 as unit 1158
[log] [gate_7] perf_8g_10_180_158_1783931123969 enter map_1 as unit 1157
[log] [login_1] perf_8g_10_180_168_1783931123998 login count 1
[log] [login_1] perf_8g_10_180_169_1783931123998 login count 1
[log] [login_1] perf_8g_10_180_170_1783931123999 login count 1
[log] [login_1] perf_8g_10_180_171_1783931124000 login count 1
[log] [login_1] perf_8g_10_180_172_1783931124006 login count 1
[log] [login_1] perf_8g_10_180_173_1783931124007 login count 1
[log] [login_1] perf_8g_10_180_174_1783931124008 login count 1
[log] [gate_2] perf_8g_10_180_160_1783931123979 enter map_1 as unit 1159
[log] [gate_4] perf_8g_10_180_163_1783931123982 enter map_1 as unit 1163
[log] [gate_3] perf_8g_10_180_162_1783931123981 enter map_1 as unit 1162
[log] [gate_1] perf_8g_10_180_161_1783931123980 enter map_1 as unit 1161
[log] [gate_8] perf_8g_10_180_159_1783931123979 enter map_1 as unit 1160
[log] [login_1] perf_8g_10_180_175_1783931124018 login count 1
[log] [login_1] perf_8g_10_180_177_1783931124020 login count 1
[log] [login_1] perf_8g_10_180_176_1783931124019 login count 1
[log] [login_1] perf_8g_10_180_178_1783931124020 login count 1
[log] [login_1] perf_8g_10_180_179_1783931124021 login count 1
[log] [gate_6] perf_8g_10_180_165_1783931123988 enter map_1 as unit 1164
[log] [gate_7] perf_8g_10_180_166_1783931123989 enter map_1 as unit 1165
[log] [gate_5] perf_8g_10_180_164_1783931123987 enter map_1 as unit 1166
[log] [gate_2] perf_8g_10_180_169_1783931123998 enter map_1 as unit 1167
[log] [gate_4] perf_8g_10_180_171_1783931124000 enter map_1 as unit 1169
[log] [gate_1] perf_8g_10_180_168_1783931123998 enter map_1 as unit 1168
[log] [gate_3] perf_8g_10_180_170_1783931123999 enter map_1 as unit 1170
[log] [gate_8] perf_8g_10_180_167_1783931123996 enter map_1 as unit 1171
[log] [gate_7] perf_8g_10_180_174_1783931124008 enter map_1 as unit 1172
[log] [gate_5] perf_8g_10_180_172_1783931124006 enter map_1 as unit 1174
[log] [gate_6] perf_8g_10_180_173_1783931124007 enter map_1 as unit 1173
[log] [gate_8] perf_8g_10_180_175_1783931124018 enter map_1 as unit 1175
[log] [gate_1] perf_8g_10_180_177_1783931124020 enter map_1 as unit 1179
[log] [gate_4] perf_8g_10_180_179_1783931124021 enter map_1 as unit 1177
[log] [gate_2] perf_8g_10_180_176_1783931124019 enter map_1 as unit 1178
[log] [gate_3] perf_8g_10_180_178_1783931124020 enter map_1 as unit 1176
[metrics:inner_transport] active=0 opened=0 pending=0 max_pending=0 overloads=0 timeouts=0 disconnected_calls=0 late_responses=0 idle_closes=0
[process-metrics] process=log cpu_percent=1.55 cpu_time_ms=140 rss_bytes=36962304 v8_heap_used_bytes=2445688 v8_heap_total_bytes=5775360 v8_gc_count=3 v8_gc_ms=0.875 timestamp_ms=1783931128500
[metrics:log] scene=log type=Log processed=360 failed=0 ts_queue=0 ts_max_queue=12 rust_queue=0 rust_max_queue=12 backpressure=0 slow_disconnects=0 update_ms=0.00 handler_ms=0.00 max_handler_ms=1.00 total_handler_ms=13.00
[metrics:inner_transport] active=0 opened=0 pending=0 max_pending=0 overloads=0 timeouts=0 disconnected_calls=0 late_responses=0 idle_closes=0
[process-metrics] process=log cpu_percent=0.62 cpu_time_ms=171 rss_bytes=37036032 v8_heap_used_bytes=2582648 v8_heap_total_bytes=5775360 v8_gc_count=3 v8_gc_ms=0.875 timestamp_ms=1783931133503
[metrics:log] scene=log type=Log processed=360 failed=0 ts_queue=0 ts_max_queue=12 rust_queue=0 rust_max_queue=12 backpressure=0 slow_disconnects=0 update_ms=0.00 handler_ms=0.00 max_handler_ms=1.00 total_handler_ms=13.00
[metrics:inner_transport] active=0 opened=0 pending=0 max_pending=0 overloads=0 timeouts=0 disconnected_calls=0 late_responses=0 idle_closes=0
[process-metrics] process=log cpu_percent=0.32 cpu_time_ms=187 rss_bytes=37105664 v8_heap_used_bytes=2740712 v8_heap_total_bytes=6037504 v8_gc_count=3 v8_gc_ms=0.875 timestamp_ms=1783931138507
[metrics:log] scene=log type=Log processed=360 failed=0 ts_queue=0 ts_max_queue=12 rust_queue=0 rust_max_queue=12 backpressure=0 slow_disconnects=0 update_ms=0.00 handler_ms=0.00 max_handler_ms=1.00 total_handler_ms=13.00
[metrics:inner_transport] active=0 opened=0 pending=0 max_pending=0 overloads=0 timeouts=0 disconnected_calls=0 late_responses=0 idle_closes=0
[process-metrics] process=log cpu_percent=0.32 cpu_time_ms=203 rss_bytes=37175296 v8_heap_used_bytes=2868728 v8_heap_total_bytes=6037504 v8_gc_count=3 v8_gc_ms=0.875 timestamp_ms=1783931143531
[metrics:log] scene=log type=Log processed=360 failed=0 ts_queue=0 ts_max_queue=12 rust_queue=0 rust_max_queue=12 backpressure=0 slow_disconnects=0 update_ms=0.00 handler_ms=0.00 max_handler_ms=1.00 total_handler_ms=13.00
[metrics:inner_transport] active=0 opened=0 pending=0 max_pending=0 overloads=0 timeouts=0 disconnected_calls=0 late_responses=0 idle_closes=0
[process-metrics] process=log cpu_percent=0.30 cpu_time_ms=218 rss_bytes=37306368 v8_heap_used_bytes=2996728 v8_heap_total_bytes=6037504 v8_gc_count=3 v8_gc_ms=0.875 timestamp_ms=1783931148512
[metrics:log] scene=log type=Log processed=360 failed=0 ts_queue=0 ts_max_queue=12 rust_queue=0 rust_max_queue=12 backpressure=0 slow_disconnects=0 update_ms=0.00 handler_ms=0.00 max_handler_ms=1.00 total_handler_ms=13.00
[metrics:inner_transport] active=0 opened=0 pending=0 max_pending=0 overloads=0 timeouts=0 disconnected_calls=0 late_responses=0 idle_closes=0
[process-metrics] process=log cpu_percent=0.32 cpu_time_ms=234 rss_bytes=37388288 v8_heap_used_bytes=3126344 v8_heap_total_bytes=6299648 v8_gc_count=3 v8_gc_ms=0.875 timestamp_ms=1783931153556
[metrics:log] scene=log type=Log processed=360 failed=0 ts_queue=0 ts_max_queue=12 rust_queue=0 rust_max_queue=12 backpressure=0 slow_disconnects=0 update_ms=0.00 handler_ms=0.00 max_handler_ms=1.00 total_handler_ms=13.00
[metrics:inner_transport] active=0 opened=0 pending=0 max_pending=0 overloads=0 timeouts=0 disconnected_calls=0 late_responses=0 idle_closes=0
[process-metrics] process=log cpu_percent=0.00 cpu_time_ms=234 rss_bytes=37752832 v8_heap_used_bytes=3260160 v8_heap_total_bytes=6299648 v8_gc_count=3 v8_gc_ms=0.875 timestamp_ms=1783931158605
[metrics:log] scene=log type=Log processed=360 failed=0 ts_queue=0 ts_max_queue=12 rust_queue=0 rust_max_queue=12 backpressure=0 slow_disconnects=0 update_ms=0.00 handler_ms=0.00 max_handler_ms=1.00 total_handler_ms=13.00
[metrics:inner_transport] active=0 opened=0 pending=0 max_pending=0 overloads=0 timeouts=0 disconnected_calls=0 late_responses=0 idle_closes=0
[process-metrics] process=log cpu_percent=0.00 cpu_time_ms=234 rss_bytes=37810176 v8_heap_used_bytes=3386880 v8_heap_total_bytes=6561792 v8_gc_count=3 v8_gc_ms=0.875 timestamp_ms=1783931163608
[metrics:log] scene=log type=Log processed=360 failed=0 ts_queue=0 ts_max_queue=12 rust_queue=0 rust_max_queue=12 backpressure=0 slow_disconnects=0 update_ms=0.00 handler_ms=0.00 max_handler_ms=1.00 total_handler_ms=13.00
