starting process log with one V8 and 1 scene(s) from E:\VsCode\skynet\ets_runtime\perf\results\runtime_configs\map_capacity_20260713_082359\180p_8g_r2\log.json
scene log (Log) listening on 127.0.0.1:7100
[process:log] one V8 started with 1 scene(s)
[log] Log scene started at 127.0.0.1:7100
log accepted 127.0.0.1:58329 as conn 1
log accepted 127.0.0.1:58371 as conn 2
[log] [login_1] perf_8g_10_180_0_1783931081729 login count 1
[log] [login_1] perf_8g_10_180_1_1783931081730 login count 1
[log] [login_1] perf_8g_10_180_2_1783931081730 login count 1
[log] [login_1] perf_8g_10_180_3_1783931081730 login count 1
[log] [login_1] perf_8g_10_180_4_1783931081730 login count 1
[log] [login_1] perf_8g_10_180_5_1783931081730 login count 1
[log] [login_1] perf_8g_10_180_6_1783931081730 login count 1
[log] [login_1] perf_8g_10_180_7_1783931081730 login count 1
[log] [login_1] perf_8g_10_180_8_1783931081730 login count 1
[log] [login_1] perf_8g_10_180_9_1783931081731 login count 1
[log] [login_1] perf_8g_10_180_10_1783931081731 login count 1
[log] [login_1] perf_8g_10_180_12_1783931081731 login count 1
[log] [login_1] perf_8g_10_180_14_1783931081731 login count 1
[log] [login_1] perf_8g_10_180_11_1783931081731 login count 1
[log] [login_1] perf_8g_10_180_13_1783931081731 login count 1
[log] [login_1] perf_8g_10_180_15_1783931081731 login count 1
log accepted 127.0.0.1:58397 as conn 3
[log] [gate_1] perf_8g_10_180_0_1783931081729 enter map_1 as unit 1000
log accepted 127.0.0.1:58406 as conn 4
log accepted 127.0.0.1:58407 as conn 5
log accepted 127.0.0.1:58408 as conn 6
log accepted 127.0.0.1:58409 as conn 7
[log] [gate_3] perf_8g_10_180_2_1783931081730 enter map_1 as unit 1003
log accepted 127.0.0.1:58410 as conn 8
log accepted 127.0.0.1:58411 as conn 9
log accepted 127.0.0.1:58412 as conn 10
[log] [gate_8] perf_8g_10_180_15_1783931081731 enter map_1 as unit 1007
[log] [gate_7] perf_8g_10_180_6_1783931081730 enter map_1 as unit 1002
[log] [gate_1] perf_8g_10_180_8_1783931081730 enter map_1 as unit 1008
[log] [gate_2] perf_8g_10_180_1_1783931081730 enter map_1 as unit 1001
[log] [gate_4] perf_8g_10_180_3_1783931081730 enter map_1 as unit 1006
[log] [gate_5] perf_8g_10_180_4_1783931081730 enter map_1 as unit 1005
[log] [login_1] perf_8g_10_180_16_1783931081755 login count 1
[log] [gate_8] perf_8g_10_180_7_1783931081730 enter map_1 as unit 1009
[log] [login_1] perf_8g_10_180_17_1783931081757 login count 1
[log] [gate_3] perf_8g_10_180_10_1783931081731 enter map_1 as unit 1011
[log] [gate_4] perf_8g_10_180_12_1783931081731 enter map_1 as unit 1014
[log] [gate_7] perf_8g_10_180_13_1783931081731 enter map_1 as unit 1010
[log] [gate_2] perf_8g_10_180_9_1783931081731 enter map_1 as unit 1012
[log] [gate_5] perf_8g_10_180_14_1783931081731 enter map_1 as unit 1013
[log] [gate_1] perf_8g_10_180_16_1783931081755 enter map_1 as unit 1015
[log] [login_1] perf_8g_10_180_18_1783931081758 login count 1
[log] [login_1] perf_8g_10_180_19_1783931081759 login count 1
[log] [gate_2] perf_8g_10_180_17_1783931081757 enter map_1 as unit 1016
[log] [login_1] perf_8g_10_180_20_1783931081760 login count 1
[log] [login_1] perf_8g_10_180_21_1783931081760 login count 1
[log] [login_1] perf_8g_10_180_23_1783931081761 login count 1
[log] [login_1] perf_8g_10_180_22_1783931081761 login count 1
[log] [login_1] perf_8g_10_180_24_1783931081761 login count 1
[log] [login_1] perf_8g_10_180_26_1783931081761 login count 1
[log] [login_1] perf_8g_10_180_25_1783931081761 login count 1
[log] [login_1] perf_8g_10_180_27_1783931081762 login count 1
[log] [login_1] perf_8g_10_180_28_1783931081762 login count 1
[log] [login_1] perf_8g_10_180_29_1783931081762 login count 1
[log] [gate_6] perf_8g_10_180_5_1783931081730 enter map_1 as unit 1004
[log] [login_1] perf_8g_10_180_30_1783931081762 login count 1
[log] [gate_3] perf_8g_10_180_18_1783931081758 enter map_1 as unit 1017
[log] [gate_4] perf_8g_10_180_19_1783931081759 enter map_1 as unit 1018
[log] [gate_6] perf_8g_10_180_11_1783931081731 enter map_1 as unit 1019
[log] [gate_5] perf_8g_10_180_20_1783931081760 enter map_1 as unit 1020
[log] [login_1] perf_8g_10_180_31_1783931081766 login count 1
[log] [gate_7] perf_8g_10_180_23_1783931081761 enter map_1 as unit 1021
[log] [gate_6] perf_8g_10_180_21_1783931081760 enter map_1 as unit 1022
[log] [gate_1] perf_8g_10_180_24_1783931081761 enter map_1 as unit 1023
[log] [gate_8] perf_8g_10_180_22_1783931081761 enter map_1 as unit 1024
[log] [gate_4] perf_8g_10_180_27_1783931081762 enter map_1 as unit 1027
[log] [gate_5] perf_8g_10_180_28_1783931081762 enter map_1 as unit 1028
[log] [gate_3] perf_8g_10_180_25_1783931081761 enter map_1 as unit 1026
[log] [gate_2] perf_8g_10_180_26_1783931081761 enter map_1 as unit 1025
[log] [login_1] perf_8g_10_180_32_1783931081771 login count 1
[log] [login_1] perf_8g_10_180_33_1783931081771 login count 1
[log] [login_1] perf_8g_10_180_34_1783931081772 login count 1
[log] [login_1] perf_8g_10_180_35_1783931081772 login count 1
[log] [login_1] perf_8g_10_180_36_1783931081773 login count 1
[log] [gate_6] perf_8g_10_180_29_1783931081762 enter map_1 as unit 1030
[log] [gate_7] perf_8g_10_180_30_1783931081762 enter map_1 as unit 1029
[log] [login_1] perf_8g_10_180_37_1783931081775 login count 1
[log] [gate_8] perf_8g_10_180_31_1783931081766 enter map_1 as unit 1031
[log] [login_1] perf_8g_10_180_38_1783931081776 login count 1
[log] [login_1] perf_8g_10_180_39_1783931081777 login count 1
[log] [login_1] perf_8g_10_180_40_1783931081777 login count 1
[log] [login_1] perf_8g_10_180_41_1783931081778 login count 1
[log] [gate_1] perf_8g_10_180_32_1783931081771 enter map_1 as unit 1032
[log] [gate_2] perf_8g_10_180_33_1783931081771 enter map_1 as unit 1033
[log] [login_1] perf_8g_10_180_42_1783931081779 login count 1
[log] [login_1] perf_8g_10_180_43_1783931081780 login count 1
[log] [login_1] perf_8g_10_180_44_1783931081780 login count 1
[log] [login_1] perf_8g_10_180_45_1783931081782 login count 1
[log] [login_1] perf_8g_10_180_46_1783931081782 login count 1
[log] [gate_4] perf_8g_10_180_35_1783931081772 enter map_1 as unit 1037
[log] [gate_3] perf_8g_10_180_34_1783931081772 enter map_1 as unit 1034
[log] [gate_5] perf_8g_10_180_36_1783931081773 enter map_1 as unit 1035
[log] [gate_6] perf_8g_10_180_37_1783931081775 enter map_1 as unit 1036
[log] [login_1] perf_8g_10_180_47_1783931081782 login count 1
[log] [gate_7] perf_8g_10_180_38_1783931081776 enter map_1 as unit 1038
[log] [gate_8] perf_8g_10_180_39_1783931081777 enter map_1 as unit 1039
[log] [gate_1] perf_8g_10_180_40_1783931081777 enter map_1 as unit 1040
[log] [gate_2] perf_8g_10_180_41_1783931081778 enter map_1 as unit 1041
[log] [gate_3] perf_8g_10_180_42_1783931081779 enter map_1 as unit 1042
[log] [login_1] perf_8g_10_180_48_1783931081787 login count 1
[log] [login_1] perf_8g_10_180_49_1783931081787 login count 1
[log] [gate_4] perf_8g_10_180_43_1783931081780 enter map_1 as unit 1043
[log] [gate_5] perf_8g_10_180_44_1783931081780 enter map_1 as unit 1044
[log] [gate_6] perf_8g_10_180_45_1783931081782 enter map_1 as unit 1045
[log] [gate_7] perf_8g_10_180_46_1783931081782 enter map_1 as unit 1046
[log] [gate_8] perf_8g_10_180_47_1783931081782 enter map_1 as unit 1047
[log] [login_1] perf_8g_10_180_50_1783931081790 login count 1
[log] [login_1] perf_8g_10_180_51_1783931081790 login count 1
[log] [login_1] perf_8g_10_180_52_1783931081790 login count 1
[log] [login_1] perf_8g_10_180_53_1783931081791 login count 1
[log] [login_1] perf_8g_10_180_54_1783931081792 login count 1
[log] [login_1] perf_8g_10_180_55_1783931081792 login count 1
[log] [login_1] perf_8g_10_180_56_1783931081792 login count 1
[log] [login_1] perf_8g_10_180_57_1783931081793 login count 1
[log] [gate_1] perf_8g_10_180_48_1783931081787 enter map_1 as unit 1048
[log] [gate_2] perf_8g_10_180_49_1783931081787 enter map_1 as unit 1049
[log] [login_1] perf_8g_10_180_58_1783931081796 login count 1
[log] [login_1] perf_8g_10_180_59_1783931081797 login count 1
[log] [login_1] perf_8g_10_180_60_1783931081798 login count 1
[log] [login_1] perf_8g_10_180_61_1783931081798 login count 1
[log] [gate_3] perf_8g_10_180_50_1783931081790 enter map_1 as unit 1050
[log] [login_1] perf_8g_10_180_62_1783931081798 login count 1
[log] [login_1] perf_8g_10_180_63_1783931081799 login count 1
[log] [gate_6] perf_8g_10_180_53_1783931081791 enter map_1 as unit 1053
[log] [gate_4] perf_8g_10_180_51_1783931081790 enter map_1 as unit 1052
[log] [gate_5] perf_8g_10_180_52_1783931081790 enter map_1 as unit 1051
[log] [login_1] perf_8g_10_180_64_1783931081804 login count 1
[log] [login_1] perf_8g_10_180_65_1783931081805 login count 1
[log] [login_1] perf_8g_10_180_66_1783931081807 login count 1
[log] [login_1] perf_8g_10_180_67_1783931081809 login count 1
[log] [gate_7] perf_8g_10_180_54_1783931081792 enter map_1 as unit 1054
[log] [gate_2] perf_8g_10_180_57_1783931081793 enter map_1 as unit 1057
[log] [gate_1] perf_8g_10_180_56_1783931081792 enter map_1 as unit 1056
[log] [gate_8] perf_8g_10_180_55_1783931081792 enter map_1 as unit 1055
[log] [login_1] perf_8g_10_180_68_1783931081809 login count 1
[log] [login_1] perf_8g_10_180_69_1783931081810 login count 1
[log] [login_1] perf_8g_10_180_70_1783931081813 login count 1
[log] [gate_4] perf_8g_10_180_59_1783931081797 enter map_1 as unit 1059
[log] [login_1] perf_8g_10_180_71_1783931081813 login count 1
[log] [gate_6] perf_8g_10_180_61_1783931081798 enter map_1 as unit 1060
[log] [login_1] perf_8g_10_180_72_1783931081814 login count 1
[log] [gate_5] perf_8g_10_180_60_1783931081798 enter map_1 as unit 1061
[log] [gate_3] perf_8g_10_180_58_1783931081796 enter map_1 as unit 1058
[log] [login_1] perf_8g_10_180_73_1783931081814 login count 1
[log] [login_1] perf_8g_10_180_74_1783931081818 login count 1
[log] [login_1] perf_8g_10_180_75_1783931081818 login count 1
[log] [login_1] perf_8g_10_180_76_1783931081819 login count 1
[log] [login_1] perf_8g_10_180_77_1783931081820 login count 1
[log] [gate_2] perf_8g_10_180_65_1783931081805 enter map_1 as unit 1063
[log] [gate_8] perf_8g_10_180_63_1783931081799 enter map_1 as unit 1064
[log] [gate_7] perf_8g_10_180_62_1783931081798 enter map_1 as unit 1065
[log] [gate_1] perf_8g_10_180_64_1783931081804 enter map_1 as unit 1062
[log] [gate_4] perf_8g_10_180_67_1783931081809 enter map_1 as unit 1067
[log] [gate_6] perf_8g_10_180_69_1783931081810 enter map_1 as unit 1068
[log] [gate_3] perf_8g_10_180_66_1783931081807 enter map_1 as unit 1069
[log] [gate_5] perf_8g_10_180_68_1783931081809 enter map_1 as unit 1066
[log] [login_1] perf_8g_10_180_78_1783931081823 login count 1
[log] [gate_8] perf_8g_10_180_71_1783931081813 enter map_1 as unit 1073
[log] [gate_2] perf_8g_10_180_73_1783931081814 enter map_1 as unit 1072
[log] [gate_7] perf_8g_10_180_70_1783931081813 enter map_1 as unit 1071
[log] [login_1] perf_8g_10_180_79_1783931081824 login count 1
[log] [gate_1] perf_8g_10_180_72_1783931081814 enter map_1 as unit 1070
[log] [login_1] perf_8g_10_180_80_1783931081825 login count 1
[log] [login_1] perf_8g_10_180_81_1783931081825 login count 1
[log] [gate_6] perf_8g_10_180_77_1783931081820 enter map_1 as unit 1074
[log] [login_1] perf_8g_10_180_82_1783931081828 login count 1
[log] [login_1] perf_8g_10_180_83_1783931081828 login count 1
[log] [login_1] perf_8g_10_180_84_1783931081829 login count 1
[log] [login_1] perf_8g_10_180_85_1783931081830 login count 1
[log] [gate_5] perf_8g_10_180_76_1783931081819 enter map_1 as unit 1077
[log] [gate_3] perf_8g_10_180_74_1783931081818 enter map_1 as unit 1075
[log] [gate_4] perf_8g_10_180_75_1783931081818 enter map_1 as unit 1076
[log] [gate_7] perf_8g_10_180_78_1783931081823 enter map_1 as unit 1078
[log] [gate_8] perf_8g_10_180_79_1783931081824 enter map_1 as unit 1079
[log] [gate_1] perf_8g_10_180_80_1783931081825 enter map_1 as unit 1080
[log] [login_1] perf_8g_10_180_86_1783931081833 login count 1
[log] [login_1] perf_8g_10_180_87_1783931081834 login count 1
[log] [login_1] perf_8g_10_180_88_1783931081834 login count 1
[log] [login_1] perf_8g_10_180_89_1783931081835 login count 1
[log] [gate_2] perf_8g_10_180_81_1783931081825 enter map_1 as unit 1081
[log] [login_1] perf_8g_10_180_90_1783931081836 login count 1
[log] [gate_3] perf_8g_10_180_82_1783931081828 enter map_1 as unit 1082
[log] [login_1] perf_8g_10_180_91_1783931081839 login count 1
[log] [login_1] perf_8g_10_180_92_1783931081840 login count 1
[log] [login_1] perf_8g_10_180_93_1783931081840 login count 1
[log] [gate_5] perf_8g_10_180_84_1783931081829 enter map_1 as unit 1084
[log] [gate_4] perf_8g_10_180_83_1783931081828 enter map_1 as unit 1083
[log] [gate_6] perf_8g_10_180_85_1783931081830 enter map_1 as unit 1085
[log] [login_1] perf_8g_10_180_94_1783931081842 login count 1
[log] [login_1] perf_8g_10_180_95_1783931081843 login count 1
[log] [gate_7] perf_8g_10_180_86_1783931081833 enter map_1 as unit 1086
[log] [login_1] perf_8g_10_180_96_1783931081844 login count 1
[log] [login_1] perf_8g_10_180_97_1783931081848 login count 1
[log] [gate_8] perf_8g_10_180_87_1783931081834 enter map_1 as unit 1087
[log] [gate_1] perf_8g_10_180_88_1783931081834 enter map_1 as unit 1088
[log] [login_1] perf_8g_10_180_98_1783931081849 login count 1
[log] [gate_2] perf_8g_10_180_89_1783931081835 enter map_1 as unit 1089
[log] [gate_3] perf_8g_10_180_90_1783931081836 enter map_1 as unit 1090
[log] [login_1] perf_8g_10_180_99_1783931081852 login count 1
[log] [login_1] perf_8g_10_180_101_1783931081854 login count 1
[log] [login_1] perf_8g_10_180_100_1783931081853 login count 1
[log] [gate_4] perf_8g_10_180_91_1783931081839 enter map_1 as unit 1091
[log] [gate_5] perf_8g_10_180_92_1783931081840 enter map_1 as unit 1092
[log] [gate_6] perf_8g_10_180_93_1783931081840 enter map_1 as unit 1093
[log] [login_1] perf_8g_10_180_102_1783931081858 login count 1
[log] [gate_1] perf_8g_10_180_96_1783931081844 enter map_1 as unit 1096
[log] [gate_8] perf_8g_10_180_95_1783931081843 enter map_1 as unit 1095
[log] [gate_7] perf_8g_10_180_94_1783931081842 enter map_1 as unit 1094
[log] [gate_3] perf_8g_10_180_98_1783931081849 enter map_1 as unit 1098
[log] [gate_2] perf_8g_10_180_97_1783931081848 enter map_1 as unit 1097
[log] [login_1] perf_8g_10_180_105_1783931081862 login count 1
[log] [login_1] perf_8g_10_180_104_1783931081862 login count 1
[log] [login_1] perf_8g_10_180_103_1783931081861 login count 1
[log] [gate_4] perf_8g_10_180_99_1783931081852 enter map_1 as unit 1099
[log] [login_1] perf_8g_10_180_106_1783931081865 login count 1
[log] [gate_5] perf_8g_10_180_101_1783931081854 enter map_1 as unit 1100
[log] [gate_6] perf_8g_10_180_100_1783931081853 enter map_1 as unit 1101
[log] [login_1] perf_8g_10_180_107_1783931081869 login count 1
[log] [login_1] perf_8g_10_180_108_1783931081870 login count 1
[log] [gate_7] perf_8g_10_180_102_1783931081858 enter map_1 as unit 1102
[log] [login_1] perf_8g_10_180_109_1783931081870 login count 1
[log] [login_1] perf_8g_10_180_110_1783931081873 login count 1
[log] [login_1] perf_8g_10_180_111_1783931081873 login count 1
[log] [login_1] perf_8g_10_180_112_1783931081874 login count 1
[log] [gate_8] perf_8g_10_180_105_1783931081862 enter map_1 as unit 1103
[log] [login_1] perf_8g_10_180_113_1783931081878 login count 1
[log] [login_1] perf_8g_10_180_114_1783931081879 login count 1
[log] [login_1] perf_8g_10_180_115_1783931081882 login count 1
[log] [login_1] perf_8g_10_180_116_1783931081883 login count 1
[log] [gate_3] perf_8g_10_180_106_1783931081865 enter map_1 as unit 1106
[log] [gate_1] perf_8g_10_180_104_1783931081862 enter map_1 as unit 1104
[log] [gate_2] perf_8g_10_180_103_1783931081861 enter map_1 as unit 1105
[log] [login_1] perf_8g_10_180_117_1783931081884 login count 1
[log] [gate_5] perf_8g_10_180_108_1783931081870 enter map_1 as unit 1108
[log] [gate_4] perf_8g_10_180_107_1783931081869 enter map_1 as unit 1107
[log] [login_1] perf_8g_10_180_118_1783931081887 login count 1
[log] [gate_6] perf_8g_10_180_109_1783931081870 enter map_1 as unit 1109
[log] [gate_7] perf_8g_10_180_110_1783931081873 enter map_1 as unit 1110
[log] [login_1] perf_8g_10_180_119_1783931081895 login count 1
[log] [login_1] perf_8g_10_180_120_1783931081899 login count 1
[log] [login_1] perf_8g_10_180_121_1783931081899 login count 1
[log] [login_1] perf_8g_10_180_122_1783931081900 login count 1
[log] [gate_1] perf_8g_10_180_112_1783931081874 enter map_1 as unit 1112
[log] [gate_8] perf_8g_10_180_111_1783931081873 enter map_1 as unit 1111
[log] [gate_3] perf_8g_10_180_114_1783931081879 enter map_1 as unit 1114
[log] [gate_2] perf_8g_10_180_113_1783931081878 enter map_1 as unit 1113
[log] [login_1] perf_8g_10_180_123_1783931081903 login count 1
[log] [login_1] perf_8g_10_180_124_1783931081903 login count 1
[log] [login_1] perf_8g_10_180_125_1783931081907 login count 1
[log] [login_1] perf_8g_10_180_126_1783931081908 login count 1
[log] [gate_5] perf_8g_10_180_116_1783931081883 enter map_1 as unit 1116
[log] [gate_4] perf_8g_10_180_115_1783931081882 enter map_1 as unit 1115
[log] [gate_6] perf_8g_10_180_117_1783931081884 enter map_1 as unit 1117
[log] [login_1] perf_8g_10_180_127_1783931081913 login count 1
[log] [login_1] perf_8g_10_180_128_1783931081913 login count 1
[log] [login_1] perf_8g_10_180_129_1783931081914 login count 1
[log] [login_1] perf_8g_10_180_130_1783931081915 login count 1
[log] [gate_2] perf_8g_10_180_121_1783931081899 enter map_1 as unit 1121
[log] [gate_8] perf_8g_10_180_119_1783931081895 enter map_1 as unit 1119
[log] [gate_7] perf_8g_10_180_118_1783931081887 enter map_1 as unit 1118
[log] [gate_1] perf_8g_10_180_120_1783931081899 enter map_1 as unit 1120
[log] [login_1] perf_8g_10_180_131_1783931081920 login count 1
[log] [login_1] perf_8g_10_180_132_1783931081920 login count 1
[log] [login_1] perf_8g_10_180_133_1783931081921 login count 1
[log] [login_1] perf_8g_10_180_134_1783931081927 login count 1
[log] [gate_3] perf_8g_10_180_122_1783931081900 enter map_1 as unit 1122
[log] [gate_5] perf_8g_10_180_124_1783931081903 enter map_1 as unit 1123
[log] [gate_6] perf_8g_10_180_125_1783931081907 enter map_1 as unit 1125
[log] [gate_4] perf_8g_10_180_123_1783931081903 enter map_1 as unit 1124
[log] [login_1] perf_8g_10_180_135_1783931081928 login count 1
[log] [login_1] perf_8g_10_180_136_1783931081929 login count 1
[log] [login_1] perf_8g_10_180_137_1783931081931 login count 1
[log] [login_1] perf_8g_10_180_138_1783931081936 login count 1
[log] [login_1] perf_8g_10_180_139_1783931081937 login count 1
[log] [login_1] perf_8g_10_180_140_1783931081937 login count 1
[log] [login_1] perf_8g_10_180_141_1783931081938 login count 1
[log] [gate_1] perf_8g_10_180_128_1783931081913 enter map_1 as unit 1128
[log] [gate_7] perf_8g_10_180_126_1783931081908 enter map_1 as unit 1129
[log] [gate_2] perf_8g_10_180_129_1783931081914 enter map_1 as unit 1127
[log] [gate_8] perf_8g_10_180_127_1783931081913 enter map_1 as unit 1126
[log] [login_1] perf_8g_10_180_142_1783931081944 login count 1
[log] [login_1] perf_8g_10_180_144_1783931081946 login count 1
[log] [login_1] perf_8g_10_180_143_1783931081945 login count 1
[log] [login_1] perf_8g_10_180_145_1783931081947 login count 1
[log] [gate_6] perf_8g_10_180_133_1783931081921 enter map_1 as unit 1130
[log] [gate_3] perf_8g_10_180_130_1783931081915 enter map_1 as unit 1133
[log] [gate_5] perf_8g_10_180_132_1783931081920 enter map_1 as unit 1131
[log] [gate_4] perf_8g_10_180_131_1783931081920 enter map_1 as unit 1132
[log] [login_1] perf_8g_10_180_146_1783931081953 login count 1
[log] [login_1] perf_8g_10_180_147_1783931081955 login count 1
[log] [login_1] perf_8g_10_180_148_1783931081955 login count 1
[log] [login_1] perf_8g_10_180_149_1783931081956 login count 1
[log] [gate_8] perf_8g_10_180_135_1783931081928 enter map_1 as unit 1137
[log] [gate_1] perf_8g_10_180_136_1783931081929 enter map_1 as unit 1134
[log] [gate_2] perf_8g_10_180_137_1783931081931 enter map_1 as unit 1135
[log] [gate_7] perf_8g_10_180_134_1783931081927 enter map_1 as unit 1136
[log] [login_1] perf_8g_10_180_150_1783931081963 login count 1
[log] [login_1] perf_8g_10_180_151_1783931081964 login count 1
[log] [login_1] perf_8g_10_180_152_1783931081965 login count 1
[log] [login_1] perf_8g_10_180_153_1783931081965 login count 1
[log] [gate_6] perf_8g_10_180_141_1783931081938 enter map_1 as unit 1138
[log] [gate_3] perf_8g_10_180_138_1783931081936 enter map_1 as unit 1139
[log] [gate_5] perf_8g_10_180_140_1783931081937 enter map_1 as unit 1141
[log] [gate_4] perf_8g_10_180_139_1783931081937 enter map_1 as unit 1140
[log] [login_1] perf_8g_10_180_154_1783931081973 login count 1
[log] [login_1] perf_8g_10_180_155_1783931081973 login count 1
[log] [login_1] perf_8g_10_180_156_1783931081974 login count 1
[log] [login_1] perf_8g_10_180_157_1783931081975 login count 1
[log] [gate_1] perf_8g_10_180_143_1783931081945 enter map_1 as unit 1145
[log] [gate_2] perf_8g_10_180_145_1783931081947 enter map_1 as unit 1143
[log] [gate_8] perf_8g_10_180_144_1783931081946 enter map_1 as unit 1142
[log] [gate_7] perf_8g_10_180_142_1783931081944 enter map_1 as unit 1144
[log] [login_1] perf_8g_10_180_158_1783931081981 login count 1
[log] [login_1] perf_8g_10_180_159_1783931081982 login count 1
[log] [login_1] perf_8g_10_180_160_1783931081982 login count 1
[log] [login_1] perf_8g_10_180_161_1783931081983 login count 1
[log] [gate_6] perf_8g_10_180_149_1783931081956 enter map_1 as unit 1149
[log] [gate_5] perf_8g_10_180_148_1783931081955 enter map_1 as unit 1146
[log] [gate_4] perf_8g_10_180_147_1783931081955 enter map_1 as unit 1148
[log] [gate_3] perf_8g_10_180_146_1783931081953 enter map_1 as unit 1147
[log] [login_1] perf_8g_10_180_162_1783931081989 login count 1
[log] [login_1] perf_8g_10_180_163_1783931081989 login count 1
[log] [login_1] perf_8g_10_180_164_1783931081990 login count 1
[log] [login_1] perf_8g_10_180_165_1783931081991 login count 1
[log] [gate_1] perf_8g_10_180_152_1783931081965 enter map_1 as unit 1150
[log] [gate_2] perf_8g_10_180_153_1783931081965 enter map_1 as unit 1151
[log] [gate_7] perf_8g_10_180_150_1783931081963 enter map_1 as unit 1152
[log] [gate_8] perf_8g_10_180_151_1783931081964 enter map_1 as unit 1153
[log] [login_1] perf_8g_10_180_166_1783931081998 login count 1
[log] [login_1] perf_8g_10_180_167_1783931081999 login count 1
[log] [login_1] perf_8g_10_180_168_1783931081999 login count 1
[log] [login_1] perf_8g_10_180_169_1783931082000 login count 1
[log] [gate_3] perf_8g_10_180_154_1783931081973 enter map_1 as unit 1157
[log] [gate_6] perf_8g_10_180_157_1783931081975 enter map_1 as unit 1155
[log] [gate_5] perf_8g_10_180_156_1783931081974 enter map_1 as unit 1156
[log] [gate_4] perf_8g_10_180_155_1783931081973 enter map_1 as unit 1154
[log] [login_1] perf_8g_10_180_170_1783931082007 login count 1
[log] [login_1] perf_8g_10_180_171_1783931082009 login count 1
[log] [login_1] perf_8g_10_180_172_1783931082010 login count 1
[log] [login_1] perf_8g_10_180_173_1783931082011 login count 1
[log] [gate_7] perf_8g_10_180_158_1783931081981 enter map_1 as unit 1159
[log] [gate_1] perf_8g_10_180_160_1783931081982 enter map_1 as unit 1161
[log] [gate_2] perf_8g_10_180_161_1783931081983 enter map_1 as unit 1158
[log] [gate_8] perf_8g_10_180_159_1783931081982 enter map_1 as unit 1160
[log] [login_1] perf_8g_10_180_174_1783931082017 login count 1
[log] [login_1] perf_8g_10_180_175_1783931082018 login count 1
[log] [login_1] perf_8g_10_180_176_1783931082019 login count 1
[log] [login_1] perf_8g_10_180_177_1783931082020 login count 1
[log] [gate_6] perf_8g_10_180_165_1783931081991 enter map_1 as unit 1165
[log] [gate_3] perf_8g_10_180_162_1783931081989 enter map_1 as unit 1162
[log] [gate_5] perf_8g_10_180_164_1783931081990 enter map_1 as unit 1163
[log] [gate_4] perf_8g_10_180_163_1783931081989 enter map_1 as unit 1164
[log] [login_1] perf_8g_10_180_178_1783931082027 login count 1
[log] [login_1] perf_8g_10_180_179_1783931082028 login count 1
[log] [gate_1] perf_8g_10_180_168_1783931081999 enter map_1 as unit 1166
[log] [gate_8] perf_8g_10_180_167_1783931081999 enter map_1 as unit 1169
[log] [gate_7] perf_8g_10_180_166_1783931081998 enter map_1 as unit 1167
[log] [gate_2] perf_8g_10_180_169_1783931082000 enter map_1 as unit 1168
[log] [gate_6] perf_8g_10_180_173_1783931082011 enter map_1 as unit 1170
[log] [gate_5] perf_8g_10_180_172_1783931082010 enter map_1 as unit 1171
[log] [gate_3] perf_8g_10_180_170_1783931082007 enter map_1 as unit 1173
[log] [gate_4] perf_8g_10_180_171_1783931082009 enter map_1 as unit 1172
[log] [gate_8] perf_8g_10_180_175_1783931082018 enter map_1 as unit 1177
[log] [gate_1] perf_8g_10_180_176_1783931082019 enter map_1 as unit 1174
[log] [gate_7] perf_8g_10_180_174_1783931082017 enter map_1 as unit 1176
[log] [gate_2] perf_8g_10_180_177_1783931082020 enter map_1 as unit 1175
[log] [gate_3] perf_8g_10_180_178_1783931082027 enter map_1 as unit 1179
[log] [gate_4] perf_8g_10_180_179_1783931082028 enter map_1 as unit 1178
[metrics:inner_transport] active=0 opened=0 pending=0 max_pending=0 overloads=0 timeouts=0 disconnected_calls=0 late_responses=0 idle_closes=0
[process-metrics] process=log cpu_percent=0.94 cpu_time_ms=125 rss_bytes=37076992 v8_heap_used_bytes=2380272 v8_heap_total_bytes=6037504 v8_gc_count=3 v8_gc_ms=0.964 timestamp_ms=1783931086514
[metrics:log] scene=log type=Log processed=360 failed=0 ts_queue=0 ts_max_queue=8 rust_queue=0 rust_max_queue=8 backpressure=0 slow_disconnects=0 update_ms=0.00 handler_ms=0.00 max_handler_ms=1.00 total_handler_ms=14.00
[metrics:inner_transport] active=0 opened=0 pending=0 max_pending=0 overloads=0 timeouts=0 disconnected_calls=0 late_responses=0 idle_closes=0
[process-metrics] process=log cpu_percent=0.00 cpu_time_ms=125 rss_bytes=37085184 v8_heap_used_bytes=2518960 v8_heap_total_bytes=6037504 v8_gc_count=3 v8_gc_ms=0.964 timestamp_ms=1783931091558
[metrics:log] scene=log type=Log processed=360 failed=0 ts_queue=0 ts_max_queue=8 rust_queue=0 rust_max_queue=8 backpressure=0 slow_disconnects=0 update_ms=0.00 handler_ms=0.00 max_handler_ms=1.00 total_handler_ms=14.00
[metrics:inner_transport] active=0 opened=0 pending=0 max_pending=0 overloads=0 timeouts=0 disconnected_calls=0 late_responses=0 idle_closes=0
[process-metrics] process=log cpu_percent=0.00 cpu_time_ms=125 rss_bytes=37089280 v8_heap_used_bytes=2657632 v8_heap_total_bytes=6037504 v8_gc_count=3 v8_gc_ms=0.964 timestamp_ms=1783931096605
[metrics:log] scene=log type=Log processed=360 failed=0 ts_queue=0 ts_max_queue=8 rust_queue=0 rust_max_queue=8 backpressure=0 slow_disconnects=0 update_ms=0.00 handler_ms=0.00 max_handler_ms=1.00 total_handler_ms=14.00
[metrics:inner_transport] active=0 opened=0 pending=0 max_pending=0 overloads=0 timeouts=0 disconnected_calls=0 late_responses=0 idle_closes=0
[process-metrics] process=log cpu_percent=0.30 cpu_time_ms=140 rss_bytes=37462016 v8_heap_used_bytes=2810272 v8_heap_total_bytes=6037504 v8_gc_count=3 v8_gc_ms=0.964 timestamp_ms=1783931101649
[metrics:log] scene=log type=Log processed=360 failed=0 ts_queue=0 ts_max_queue=8 rust_queue=0 rust_max_queue=8 backpressure=0 slow_disconnects=0 update_ms=0.00 handler_ms=0.00 max_handler_ms=1.00 total_handler_ms=14.00
[metrics:inner_transport] active=0 opened=0 pending=0 max_pending=0 overloads=0 timeouts=0 disconnected_calls=0 late_responses=0 idle_closes=0
[process-metrics] process=log cpu_percent=0.32 cpu_time_ms=156 rss_bytes=37609472 v8_heap_used_bytes=2939872 v8_heap_total_bytes=6037504 v8_gc_count=3 v8_gc_ms=0.964 timestamp_ms=1783931106704
[metrics:log] scene=log type=Log processed=360 failed=0 ts_queue=0 ts_max_queue=8 rust_queue=0 rust_max_queue=8 backpressure=0 slow_disconnects=0 update_ms=0.00 handler_ms=0.00 max_handler_ms=1.00 total_handler_ms=14.00
[metrics:inner_transport] active=0 opened=0 pending=0 max_pending=0 overloads=0 timeouts=0 disconnected_calls=0 late_responses=0 idle_closes=0
[process-metrics] process=log cpu_percent=0.30 cpu_time_ms=171 rss_bytes=37675008 v8_heap_used_bytes=3067880 v8_heap_total_bytes=6299648 v8_gc_count=3 v8_gc_ms=0.964 timestamp_ms=1783931111709
[metrics:log] scene=log type=Log processed=360 failed=0 ts_queue=0 ts_max_queue=8 rust_queue=0 rust_max_queue=8 backpressure=0 slow_disconnects=0 update_ms=0.00 handler_ms=0.00 max_handler_ms=1.00 total_handler_ms=14.00
[metrics:inner_transport] active=0 opened=0 pending=0 max_pending=0 overloads=0 timeouts=0 disconnected_calls=0 late_responses=0 idle_closes=0
[process-metrics] process=log cpu_percent=0.32 cpu_time_ms=187 rss_bytes=37986304 v8_heap_used_bytes=3201648 v8_heap_total_bytes=6299648 v8_gc_count=3 v8_gc_ms=0.964 timestamp_ms=1783931116762
[metrics:log] scene=log type=Log processed=360 failed=0 ts_queue=0 ts_max_queue=8 rust_queue=0 rust_max_queue=8 backpressure=0 slow_disconnects=0 update_ms=0.00 handler_ms=0.00 max_handler_ms=1.00 total_handler_ms=14.00
[metrics:inner_transport] active=0 opened=0 pending=0 max_pending=0 overloads=0 timeouts=0 disconnected_calls=0 late_responses=0 idle_closes=0
[process-metrics] process=log cpu_percent=0.32 cpu_time_ms=203 rss_bytes=38068224 v8_heap_used_bytes=3330064 v8_heap_total_bytes=6561792 v8_gc_count=3 v8_gc_ms=0.964 timestamp_ms=1783931121825
[metrics:log] scene=log type=Log processed=360 failed=0 ts_queue=0 ts_max_queue=8 rust_queue=0 rust_max_queue=8 backpressure=0 slow_disconnects=0 update_ms=0.00 handler_ms=0.00 max_handler_ms=1.00 total_handler_ms=14.00
