starting process map1 with one V8 and 1 scene(s) from E:\VsCode\skynet\ets_runtime\perf\results\runtime_configs\map_capacity_20260713_082359\180p_8g_r2\map1.json
scene map_1 (MapHost) listening on 127.0.0.1:7301
[process:map1] one V8 started with 1 scene(s)
[map_1] MapHost scene started at 127.0.0.1:7301
map_1 accepted 127.0.0.1:58330 as conn 1
map_1 accepted 127.0.0.1:58388 as conn 2
map_1 accepted 127.0.0.1:58389 as conn 3
map_1 accepted 127.0.0.1:58390 as conn 4
map_1 accepted 127.0.0.1:58392 as conn 5
map_1 accepted 127.0.0.1:58391 as conn 6
map_1 accepted 127.0.0.1:58393 as conn 7
map_1 accepted 127.0.0.1:58394 as conn 8
map_1 accepted 127.0.0.1:58395 as conn 9
[map_1] perf_8g_10_180_0_1783931081729 enter map 1 unit 1000
[map_1] perf_8g_10_180_1_1783931081730 enter map 1 unit 1001
[map_1] perf_8g_10_180_6_1783931081730 enter map 1 unit 1002
[map_1] perf_8g_10_180_2_1783931081730 enter map 1 unit 1003
[map_1] perf_8g_10_180_5_1783931081730 enter map 1 unit 1004
[map_1] perf_8g_10_180_4_1783931081730 enter map 1 unit 1005
[map_1] perf_8g_10_180_3_1783931081730 enter map 1 unit 1006
[map_1] perf_8g_10_180_15_1783931081731 enter map 1 unit 1007
[map_1] perf_8g_10_180_8_1783931081730 enter map 1 unit 1008
[map_1] perf_8g_10_180_7_1783931081730 enter map 1 unit 1009
[map_1] perf_8g_10_180_13_1783931081731 enter map 1 unit 1010
[map_1] perf_8g_10_180_10_1783931081731 enter map 1 unit 1011
[map_1] perf_8g_10_180_9_1783931081731 enter map 1 unit 1012
[map_1] perf_8g_10_180_14_1783931081731 enter map 1 unit 1013
[map_1] perf_8g_10_180_12_1783931081731 enter map 1 unit 1014
[map_1] perf_8g_10_180_16_1783931081755 enter map 1 unit 1015
[map_1] perf_8g_10_180_17_1783931081757 enter map 1 unit 1016
[map_1] perf_8g_10_180_18_1783931081758 enter map 1 unit 1017
[map_1] perf_8g_10_180_19_1783931081759 enter map 1 unit 1018
[map_1] perf_8g_10_180_11_1783931081731 enter map 1 unit 1019
[map_1] perf_8g_10_180_20_1783931081760 enter map 1 unit 1020
[map_1] perf_8g_10_180_23_1783931081761 enter map 1 unit 1021
[map_1] perf_8g_10_180_21_1783931081760 enter map 1 unit 1022
[map_1] perf_8g_10_180_24_1783931081761 enter map 1 unit 1023
[map_1] perf_8g_10_180_22_1783931081761 enter map 1 unit 1024
[map_1] perf_8g_10_180_26_1783931081761 enter map 1 unit 1025
[map_1] perf_8g_10_180_25_1783931081761 enter map 1 unit 1026
[map_1] perf_8g_10_180_27_1783931081762 enter map 1 unit 1027
[map_1] perf_8g_10_180_28_1783931081762 enter map 1 unit 1028
[map_1] perf_8g_10_180_30_1783931081762 enter map 1 unit 1029
[map_1] perf_8g_10_180_29_1783931081762 enter map 1 unit 1030
[map_1] perf_8g_10_180_31_1783931081766 enter map 1 unit 1031
[map_1] perf_8g_10_180_32_1783931081771 enter map 1 unit 1032
[map_1] perf_8g_10_180_33_1783931081771 enter map 1 unit 1033
[map_1] perf_8g_10_180_34_1783931081772 enter map 1 unit 1034
[map_1] perf_8g_10_180_36_1783931081773 enter map 1 unit 1035
[map_1] perf_8g_10_180_37_1783931081775 enter map 1 unit 1036
[map_1] perf_8g_10_180_35_1783931081772 enter map 1 unit 1037
[map_1] perf_8g_10_180_38_1783931081776 enter map 1 unit 1038
[map_1] perf_8g_10_180_39_1783931081777 enter map 1 unit 1039
[map_1] perf_8g_10_180_40_1783931081777 enter map 1 unit 1040
[map_1] perf_8g_10_180_41_1783931081778 enter map 1 unit 1041
[map_1] perf_8g_10_180_42_1783931081779 enter map 1 unit 1042
[map_1] perf_8g_10_180_43_1783931081780 enter map 1 unit 1043
[map_1] perf_8g_10_180_44_1783931081780 enter map 1 unit 1044
[map_1] perf_8g_10_180_45_1783931081782 enter map 1 unit 1045
[map_1] perf_8g_10_180_46_1783931081782 enter map 1 unit 1046
[map_1] perf_8g_10_180_47_1783931081782 enter map 1 unit 1047
[map_1] perf_8g_10_180_48_1783931081787 enter map 1 unit 1048
[map_1] perf_8g_10_180_49_1783931081787 enter map 1 unit 1049
[map_1] perf_8g_10_180_50_1783931081790 enter map 1 unit 1050
[map_1] perf_8g_10_180_52_1783931081790 enter map 1 unit 1051
[map_1] perf_8g_10_180_51_1783931081790 enter map 1 unit 1052
[map_1] perf_8g_10_180_53_1783931081791 enter map 1 unit 1053
[map_1] perf_8g_10_180_54_1783931081792 enter map 1 unit 1054
[map_1] perf_8g_10_180_55_1783931081792 enter map 1 unit 1055
[map_1] perf_8g_10_180_57_1783931081793 enter map 1 unit 1057
[map_1] perf_8g_10_180_56_1783931081792 enter map 1 unit 1056
[map_1] perf_8g_10_180_58_1783931081796 enter map 1 unit 1058
[map_1] perf_8g_10_180_59_1783931081797 enter map 1 unit 1059
[map_1] perf_8g_10_180_60_1783931081798 enter map 1 unit 1061
[map_1] perf_8g_10_180_61_1783931081798 enter map 1 unit 1060
[map_1] perf_8g_10_180_64_1783931081804 enter map 1 unit 1062
[map_1] perf_8g_10_180_65_1783931081805 enter map 1 unit 1063
[map_1] perf_8g_10_180_62_1783931081798 enter map 1 unit 1065
[map_1] perf_8g_10_180_63_1783931081799 enter map 1 unit 1064
[map_1] perf_8g_10_180_68_1783931081809 enter map 1 unit 1066
[map_1] perf_8g_10_180_66_1783931081807 enter map 1 unit 1069
[map_1] perf_8g_10_180_67_1783931081809 enter map 1 unit 1067
[map_1] perf_8g_10_180_69_1783931081810 enter map 1 unit 1068
[map_1] perf_8g_10_180_72_1783931081814 enter map 1 unit 1070
[map_1] perf_8g_10_180_71_1783931081813 enter map 1 unit 1073
[map_1] perf_8g_10_180_70_1783931081813 enter map 1 unit 1071
[map_1] perf_8g_10_180_73_1783931081814 enter map 1 unit 1072
[map_1] perf_8g_10_180_77_1783931081820 enter map 1 unit 1074
[map_1] perf_8g_10_180_74_1783931081818 enter map 1 unit 1075
[map_1] perf_8g_10_180_76_1783931081819 enter map 1 unit 1077
[map_1] perf_8g_10_180_75_1783931081818 enter map 1 unit 1076
[map_1] perf_8g_10_180_78_1783931081823 enter map 1 unit 1078
[map_1] perf_8g_10_180_79_1783931081824 enter map 1 unit 1079
[map_1] perf_8g_10_180_80_1783931081825 enter map 1 unit 1080
[map_1] perf_8g_10_180_81_1783931081825 enter map 1 unit 1081
[map_1] perf_8g_10_180_82_1783931081828 enter map 1 unit 1082
[map_1] perf_8g_10_180_83_1783931081828 enter map 1 unit 1083
[map_1] perf_8g_10_180_85_1783931081830 enter map 1 unit 1085
[map_1] perf_8g_10_180_84_1783931081829 enter map 1 unit 1084
[map_1] perf_8g_10_180_86_1783931081833 enter map 1 unit 1086
[map_1] perf_8g_10_180_87_1783931081834 enter map 1 unit 1087
[map_1] perf_8g_10_180_89_1783931081835 enter map 1 unit 1089
[map_1] perf_8g_10_180_88_1783931081834 enter map 1 unit 1088
[map_1] perf_8g_10_180_90_1783931081836 enter map 1 unit 1090
[map_1] perf_8g_10_180_91_1783931081839 enter map 1 unit 1091
[map_1] perf_8g_10_180_93_1783931081840 enter map 1 unit 1093
[map_1] perf_8g_10_180_92_1783931081840 enter map 1 unit 1092
[map_1] perf_8g_10_180_94_1783931081842 enter map 1 unit 1094
[map_1] perf_8g_10_180_96_1783931081844 enter map 1 unit 1096
[map_1] perf_8g_10_180_95_1783931081843 enter map 1 unit 1095
[map_1] perf_8g_10_180_97_1783931081848 enter map 1 unit 1097
[map_1] perf_8g_10_180_98_1783931081849 enter map 1 unit 1098
[map_1] perf_8g_10_180_99_1783931081852 enter map 1 unit 1099
[map_1] perf_8g_10_180_101_1783931081854 enter map 1 unit 1100
[map_1] perf_8g_10_180_100_1783931081853 enter map 1 unit 1101
[map_1] perf_8g_10_180_102_1783931081858 enter map 1 unit 1102
[map_1] perf_8g_10_180_105_1783931081862 enter map 1 unit 1103
[map_1] perf_8g_10_180_104_1783931081862 enter map 1 unit 1104
[map_1] perf_8g_10_180_106_1783931081865 enter map 1 unit 1106
[map_1] perf_8g_10_180_103_1783931081861 enter map 1 unit 1105
[map_1] perf_8g_10_180_107_1783931081869 enter map 1 unit 1107
[map_1] perf_8g_10_180_108_1783931081870 enter map 1 unit 1108
[map_1] perf_8g_10_180_109_1783931081870 enter map 1 unit 1109
[map_1] perf_8g_10_180_110_1783931081873 enter map 1 unit 1110
[map_1] perf_8g_10_180_111_1783931081873 enter map 1 unit 1111
[map_1] perf_8g_10_180_114_1783931081879 enter map 1 unit 1114
[map_1] perf_8g_10_180_112_1783931081874 enter map 1 unit 1112
[map_1] perf_8g_10_180_113_1783931081878 enter map 1 unit 1113
[map_1] perf_8g_10_180_115_1783931081882 enter map 1 unit 1115
[map_1] perf_8g_10_180_117_1783931081884 enter map 1 unit 1117
[map_1] perf_8g_10_180_116_1783931081883 enter map 1 unit 1116
[map_1] perf_8g_10_180_118_1783931081887 enter map 1 unit 1118
[map_1] perf_8g_10_180_121_1783931081899 enter map 1 unit 1121
[map_1] perf_8g_10_180_119_1783931081895 enter map 1 unit 1119
[map_1] perf_8g_10_180_120_1783931081899 enter map 1 unit 1120
[map_1] perf_8g_10_180_122_1783931081900 enter map 1 unit 1122
[map_1] perf_8g_10_180_125_1783931081907 enter map 1 unit 1125
[map_1] perf_8g_10_180_124_1783931081903 enter map 1 unit 1123
[map_1] perf_8g_10_180_123_1783931081903 enter map 1 unit 1124
[map_1] perf_8g_10_180_127_1783931081913 enter map 1 unit 1126
[map_1] perf_8g_10_180_129_1783931081914 enter map 1 unit 1127
[map_1] perf_8g_10_180_126_1783931081908 enter map 1 unit 1129
[map_1] perf_8g_10_180_128_1783931081913 enter map 1 unit 1128
[map_1] perf_8g_10_180_133_1783931081921 enter map 1 unit 1130
[map_1] perf_8g_10_180_130_1783931081915 enter map 1 unit 1133
[map_1] perf_8g_10_180_132_1783931081920 enter map 1 unit 1131
[map_1] perf_8g_10_180_131_1783931081920 enter map 1 unit 1132
[map_1] perf_8g_10_180_136_1783931081929 enter map 1 unit 1134
[map_1] perf_8g_10_180_135_1783931081928 enter map 1 unit 1137
[map_1] perf_8g_10_180_137_1783931081931 enter map 1 unit 1135
[map_1] perf_8g_10_180_134_1783931081927 enter map 1 unit 1136
[map_1] perf_8g_10_180_141_1783931081938 enter map 1 unit 1138
[map_1] perf_8g_10_180_140_1783931081937 enter map 1 unit 1141
[map_1] perf_8g_10_180_138_1783931081936 enter map 1 unit 1139
[map_1] perf_8g_10_180_139_1783931081937 enter map 1 unit 1140
[map_1] perf_8g_10_180_144_1783931081946 enter map 1 unit 1142
[map_1] perf_8g_10_180_143_1783931081945 enter map 1 unit 1145
[map_1] perf_8g_10_180_145_1783931081947 enter map 1 unit 1143
[map_1] perf_8g_10_180_142_1783931081944 enter map 1 unit 1144
[map_1] perf_8g_10_180_148_1783931081955 enter map 1 unit 1146
[map_1] perf_8g_10_180_149_1783931081956 enter map 1 unit 1149
[map_1] perf_8g_10_180_146_1783931081953 enter map 1 unit 1147
[map_1] perf_8g_10_180_147_1783931081955 enter map 1 unit 1148
[map_1] perf_8g_10_180_152_1783931081965 enter map 1 unit 1150
[map_1] perf_8g_10_180_151_1783931081964 enter map 1 unit 1153
[map_1] perf_8g_10_180_153_1783931081965 enter map 1 unit 1151
[map_1] perf_8g_10_180_150_1783931081963 enter map 1 unit 1152
[map_1] perf_8g_10_180_155_1783931081973 enter map 1 unit 1154
[map_1] perf_8g_10_180_154_1783931081973 enter map 1 unit 1157
[map_1] perf_8g_10_180_157_1783931081975 enter map 1 unit 1155
[map_1] perf_8g_10_180_156_1783931081974 enter map 1 unit 1156
[map_1] perf_8g_10_180_161_1783931081983 enter map 1 unit 1158
[map_1] perf_8g_10_180_160_1783931081982 enter map 1 unit 1161
[map_1] perf_8g_10_180_158_1783931081981 enter map 1 unit 1159
[map_1] perf_8g_10_180_159_1783931081982 enter map 1 unit 1160
[map_1] perf_8g_10_180_162_1783931081989 enter map 1 unit 1162
[map_1] perf_8g_10_180_165_1783931081991 enter map 1 unit 1165
[map_1] perf_8g_10_180_164_1783931081990 enter map 1 unit 1163
[map_1] perf_8g_10_180_163_1783931081989 enter map 1 unit 1164
[map_1] perf_8g_10_180_168_1783931081999 enter map 1 unit 1166
[map_1] perf_8g_10_180_167_1783931081999 enter map 1 unit 1169
[map_1] perf_8g_10_180_166_1783931081998 enter map 1 unit 1167
[map_1] perf_8g_10_180_169_1783931082000 enter map 1 unit 1168
[map_1] perf_8g_10_180_173_1783931082011 enter map 1 unit 1170
[map_1] perf_8g_10_180_170_1783931082007 enter map 1 unit 1173
[map_1] perf_8g_10_180_172_1783931082010 enter map 1 unit 1171
[map_1] perf_8g_10_180_171_1783931082009 enter map 1 unit 1172
[map_1] perf_8g_10_180_176_1783931082019 enter map 1 unit 1174
[map_1] perf_8g_10_180_175_1783931082018 enter map 1 unit 1177
[map_1] perf_8g_10_180_177_1783931082020 enter map 1 unit 1175
[map_1] perf_8g_10_180_174_1783931082017 enter map 1 unit 1176
[map_1] perf_8g_10_180_179_1783931082028 enter map 1 unit 1178
[map_1] perf_8g_10_180_178_1783931082027 enter map 1 unit 1179
[metrics:inner_transport] active=8 opened=8 pending=0 max_pending=0 overloads=0 timeouts=0 disconnected_calls=0 late_responses=0 idle_closes=0
[process-metrics] process=map1 cpu_percent=108.52 cpu_time_ms=5515 rss_bytes=156639232 v8_heap_used_bytes=32521512 v8_heap_total_bytes=84418560 v8_gc_count=114 v8_gc_ms=74.918 timestamp_ms=1783931086514
[metrics:map1] scene=map_1 type=MapHost processed=9180 failed=0 ts_queue=0 ts_max_queue=150 rust_queue=0 rust_max_queue=150 backpressure=0 slow_disconnects=0 update_ms=14.00 handler_ms=14.00 max_handler_ms=51.00 total_handler_ms=101631.00
[metrics:inner_transport] active=8 opened=8 pending=0 max_pending=0 overloads=0 timeouts=0 disconnected_calls=0 late_responses=0 idle_closes=0
[process-metrics] process=map1 cpu_percent=107.18 cpu_time_ms=10875 rss_bytes=155287552 v8_heap_used_bytes=11015832 v8_heap_total_bytes=78651392 v8_gc_count=201 v8_gc_ms=139.044 timestamp_ms=1783931091515
[metrics:map1] scene=map_1 type=MapHost processed=19080 failed=0 ts_queue=0 ts_max_queue=150 rust_queue=0 rust_max_queue=150 backpressure=0 slow_disconnects=0 update_ms=4.00 handler_ms=4.00 max_handler_ms=51.00 total_handler_ms=187056.00
[metrics:inner_transport] active=8 opened=8 pending=0 max_pending=0 overloads=0 timeouts=0 disconnected_calls=0 late_responses=0 idle_closes=0
[process-metrics] process=map1 cpu_percent=88.09 cpu_time_ms=15281 rss_bytes=133230592 v8_heap_used_bytes=19344560 v8_heap_total_bytes=88088576 v8_gc_count=288 v8_gc_ms=205.624 timestamp_ms=1783931096517
[metrics:map1] scene=map_1 type=MapHost processed=28980 failed=0 ts_queue=0 ts_max_queue=150 rust_queue=0 rust_max_queue=150 backpressure=0 slow_disconnects=0 update_ms=14.00 handler_ms=14.00 max_handler_ms=51.00 total_handler_ms=271568.00
[metrics:inner_transport] active=8 opened=8 pending=0 max_pending=0 overloads=0 timeouts=0 disconnected_calls=0 late_responses=0 idle_closes=0
[process-metrics] process=map1 cpu_percent=75.44 cpu_time_ms=19093 rss_bytes=135446528 v8_heap_used_bytes=11265256 v8_heap_total_bytes=78913536 v8_gc_count=373 v8_gc_ms=271.070 timestamp_ms=1783931101570
[metrics:map1] scene=map_1 type=MapHost processed=38880 failed=0 ts_queue=0 ts_max_queue=150 rust_queue=0 rust_max_queue=150 backpressure=0 slow_disconnects=0 update_ms=0.00 handler_ms=4.00 max_handler_ms=51.00 total_handler_ms=364997.00
[metrics:inner_transport] active=8 opened=8 pending=0 max_pending=0 overloads=0 timeouts=0 disconnected_calls=0 late_responses=0 idle_closes=0
[process-metrics] process=map1 cpu_percent=91.22 cpu_time_ms=23656 rss_bytes=124432384 v8_heap_used_bytes=6173024 v8_heap_total_bytes=78913536 v8_gc_count=453 v8_gc_ms=325.988 timestamp_ms=1783931106572
[metrics:map1] scene=map_1 type=MapHost processed=48781 failed=0 ts_queue=0 ts_max_queue=150 rust_queue=33 rust_max_queue=150 backpressure=0 slow_disconnects=0 update_ms=0.00 handler_ms=0.00 max_handler_ms=60.00 total_handler_ms=455959.00
[metrics:inner_transport] active=8 opened=8 pending=0 max_pending=0 overloads=0 timeouts=0 disconnected_calls=0 late_responses=0 idle_closes=0
[process-metrics] process=map1 cpu_percent=77.70 cpu_time_ms=27546 rss_bytes=125222912 v8_heap_used_bytes=22931792 v8_heap_total_bytes=78913536 v8_gc_count=532 v8_gc_ms=379.873 timestamp_ms=1783931111578
[metrics:map1] scene=map_1 type=MapHost processed=58681 failed=0 ts_queue=0 ts_max_queue=150 rust_queue=179 rust_max_queue=179 backpressure=0 slow_disconnects=0 update_ms=0.00 handler_ms=0.00 max_handler_ms=60.00 total_handler_ms=536644.00
[metrics:inner_transport] active=8 opened=8 pending=0 max_pending=0 overloads=0 timeouts=0 disconnected_calls=0 late_responses=0 idle_closes=0
[process-metrics] process=map1 cpu_percent=81.25 cpu_time_ms=31609 rss_bytes=125714432 v8_heap_used_bytes=14712792 v8_heap_total_bytes=78913536 v8_gc_count=612 v8_gc_ms=430.412 timestamp_ms=1783931116579
[metrics:map1] scene=map_1 type=MapHost processed=68608 failed=0 ts_queue=0 ts_max_queue=179 rust_queue=152 rust_max_queue=179 backpressure=0 slow_disconnects=0 update_ms=3.00 handler_ms=3.00 max_handler_ms=60.00 total_handler_ms=611647.00
[metrics:inner_transport] active=8 opened=8 pending=0 max_pending=0 overloads=0 timeouts=0 disconnected_calls=0 late_responses=0 idle_closes=0
[process-metrics] process=map1 cpu_percent=74.96 cpu_time_ms=35359 rss_bytes=125394944 v8_heap_used_bytes=6893768 v8_heap_total_bytes=78913536 v8_gc_count=692 v8_gc_ms=487.049 timestamp_ms=1783931121582
[metrics:map1] scene=map_1 type=MapHost processed=78499 failed=0 ts_queue=0 ts_max_queue=179 rust_queue=161 rust_max_queue=179 backpressure=0 slow_disconnects=0 update_ms=3.00 handler_ms=3.00 max_handler_ms=60.00 total_handler_ms=692750.00
[map_1] perf_8g_10_180_0_1783931081729 leave map 1 unit 1000
[map_1] perf_8g_10_180_63_1783931081799 leave map 1 unit 1064
[map_1] perf_8g_10_180_1_1783931081730 leave map 1 unit 1001
[map_1] perf_8g_10_180_67_1783931081809 leave map 1 unit 1067
[map_1] perf_8g_10_180_4_1783931081730 leave map 1 unit 1005
[map_1] perf_8g_10_180_69_1783931081810 leave map 1 unit 1068
[map_1] perf_8g_10_180_65_1783931081805 leave map 1 unit 1063
[map_1] perf_8g_10_180_5_1783931081730 leave map 1 unit 1004
[map_1] perf_8g_10_180_54_1783931081792 leave map 1 unit 1054
[map_1] perf_8g_10_180_3_1783931081730 leave map 1 unit 1006
[map_1] perf_8g_10_180_61_1783931081798 leave map 1 unit 1060
[map_1] perf_8g_10_180_11_1783931081731 leave map 1 unit 1019
[map_1] perf_8g_10_180_66_1783931081807 leave map 1 unit 1069
[map_1] perf_8g_10_180_56_1783931081792 leave map 1 unit 1056
[map_1] perf_8g_10_180_14_1783931081731 leave map 1 unit 1013
[map_1] perf_8g_10_180_60_1783931081798 leave map 1 unit 1061
[map_1] perf_8g_10_180_8_1783931081730 leave map 1 unit 1008
[map_1] perf_8g_10_180_57_1783931081793 leave map 1 unit 1057
[map_1] perf_8g_10_180_12_1783931081731 leave map 1 unit 1014
[map_1] perf_8g_10_180_46_1783931081782 leave map 1 unit 1046
[map_1] perf_8g_10_180_58_1783931081796 leave map 1 unit 1058
[map_1] perf_8g_10_180_59_1783931081797 leave map 1 unit 1059
[map_1] perf_8g_10_180_9_1783931081731 leave map 1 unit 1012
[map_1] perf_8g_10_180_50_1783931081790 leave map 1 unit 1050
[map_1] perf_8g_10_180_16_1783931081755 leave map 1 unit 1015
[map_1] perf_8g_10_180_55_1783931081792 leave map 1 unit 1055
[map_1] perf_8g_10_180_19_1783931081759 leave map 1 unit 1018
[map_1] perf_8g_10_180_51_1783931081790 leave map 1 unit 1052
[map_1] perf_8g_10_180_53_1783931081791 leave map 1 unit 1053
[map_1] perf_8g_10_180_20_1783931081760 leave map 1 unit 1020
[map_1] perf_8g_10_180_48_1783931081787 leave map 1 unit 1048
[map_1] perf_8g_10_180_21_1783931081760 leave map 1 unit 1022
[map_1] perf_8g_10_180_52_1783931081790 leave map 1 unit 1051
[map_1] perf_8g_10_180_24_1783931081761 leave map 1 unit 1023
[map_1] perf_8g_10_180_47_1783931081782 leave map 1 unit 1047
[map_1] perf_8g_10_180_49_1783931081787 leave map 1 unit 1049
[map_1] perf_8g_10_180_17_1783931081757 leave map 1 unit 1016
[map_1] perf_8g_10_180_38_1783931081776 leave map 1 unit 1038
[map_1] perf_8g_10_180_27_1783931081762 leave map 1 unit 1027
[map_1] perf_8g_10_180_29_1783931081762 leave map 1 unit 1030
[map_1] perf_8g_10_180_45_1783931081782 leave map 1 unit 1045
[map_1] perf_8g_10_180_2_1783931081730 leave map 1 unit 1003
[map_1] perf_8g_10_180_44_1783931081780 leave map 1 unit 1044
[map_1] perf_8g_10_180_43_1783931081780 leave map 1 unit 1043
[map_1] perf_8g_10_180_28_1783931081762 leave map 1 unit 1028
[map_1] perf_8g_10_180_30_1783931081762 leave map 1 unit 1029
[map_1] perf_8g_10_180_10_1783931081731 leave map 1 unit 1011
[map_1] perf_8g_10_180_23_1783931081761 leave map 1 unit 1021
[map_1] perf_8g_10_180_26_1783931081761 leave map 1 unit 1025
[map_1] perf_8g_10_180_42_1783931081779 leave map 1 unit 1042
[map_1] perf_8g_10_180_7_1783931081730 leave map 1 unit 1009
[map_1] perf_8g_10_180_39_1783931081777 leave map 1 unit 1039
[map_1] perf_8g_10_180_32_1783931081771 leave map 1 unit 1032
[map_1] perf_8g_10_180_13_1783931081731 leave map 1 unit 1010
[map_1] perf_8g_10_180_34_1783931081772 leave map 1 unit 1034
[map_1] perf_8g_10_180_33_1783931081771 leave map 1 unit 1033
[map_1] perf_8g_10_180_6_1783931081730 leave map 1 unit 1002
[map_1] perf_8g_10_180_15_1783931081731 leave map 1 unit 1007
[map_1] perf_8g_10_180_25_1783931081761 leave map 1 unit 1026
[map_1] perf_8g_10_180_35_1783931081772 leave map 1 unit 1037
[map_1] perf_8g_10_180_31_1783931081766 leave map 1 unit 1031
[map_1] perf_8g_10_180_37_1783931081775 leave map 1 unit 1036
[map_1] perf_8g_10_180_22_1783931081761 leave map 1 unit 1024
[map_1] perf_8g_10_180_41_1783931081778 leave map 1 unit 1041
[map_1] perf_8g_10_180_18_1783931081758 leave map 1 unit 1017
[map_1] perf_8g_10_180_40_1783931081777 leave map 1 unit 1040
[map_1] perf_8g_10_180_36_1783931081773 leave map 1 unit 1035
[map_1] perf_8g_10_180_179_1783931082028 leave map 1 unit 1178
[map_1] perf_8g_10_180_62_1783931081798 leave map 1 unit 1065
[map_1] perf_8g_10_180_178_1783931082027 leave map 1 unit 1179
[map_1] perf_8g_10_180_177_1783931082020 leave map 1 unit 1175
[map_1] perf_8g_10_180_176_1783931082019 leave map 1 unit 1174
[map_1] perf_8g_10_180_175_1783931082018 leave map 1 unit 1177
[map_1] perf_8g_10_180_174_1783931082017 leave map 1 unit 1176
[map_1] perf_8g_10_180_173_1783931082011 leave map 1 unit 1170
[map_1] perf_8g_10_180_172_1783931082010 leave map 1 unit 1171
[map_1] perf_8g_10_180_171_1783931082009 leave map 1 unit 1172
[map_1] perf_8g_10_180_170_1783931082007 leave map 1 unit 1173
[map_1] perf_8g_10_180_169_1783931082000 leave map 1 unit 1168
[map_1] perf_8g_10_180_167_1783931081999 leave map 1 unit 1169
[map_1] perf_8g_10_180_168_1783931081999 leave map 1 unit 1166
[map_1] perf_8g_10_180_166_1783931081998 leave map 1 unit 1167
[map_1] perf_8g_10_180_165_1783931081991 leave map 1 unit 1165
[map_1] perf_8g_10_180_164_1783931081990 leave map 1 unit 1163
[map_1] perf_8g_10_180_68_1783931081809 leave map 1 unit 1066
[map_1] perf_8g_10_180_162_1783931081989 leave map 1 unit 1162
[map_1] perf_8g_10_180_163_1783931081989 leave map 1 unit 1164
[map_1] perf_8g_10_180_160_1783931081982 leave map 1 unit 1161
[map_1] perf_8g_10_180_161_1783931081983 leave map 1 unit 1158
[map_1] perf_8g_10_180_159_1783931081982 leave map 1 unit 1160
[map_1] perf_8g_10_180_157_1783931081975 leave map 1 unit 1155
[map_1] perf_8g_10_180_158_1783931081981 leave map 1 unit 1159
[map_1] perf_8g_10_180_70_1783931081813 leave map 1 unit 1071
[map_1] perf_8g_10_180_156_1783931081974 leave map 1 unit 1156
[map_1] perf_8g_10_180_155_1783931081973 leave map 1 unit 1154
[map_1] perf_8g_10_180_154_1783931081973 leave map 1 unit 1157
[map_1] perf_8g_10_180_153_1783931081965 leave map 1 unit 1151
[map_1] perf_8g_10_180_152_1783931081965 leave map 1 unit 1150
[map_1] perf_8g_10_180_73_1783931081814 leave map 1 unit 1072
[map_1] perf_8g_10_180_150_1783931081963 leave map 1 unit 1152
[map_1] perf_8g_10_180_151_1783931081964 leave map 1 unit 1153
[map_1] perf_8g_10_180_148_1783931081955 leave map 1 unit 1146
[map_1] perf_8g_10_180_149_1783931081956 leave map 1 unit 1149
[map_1] perf_8g_10_180_74_1783931081818 leave map 1 unit 1075
[map_1] perf_8g_10_180_147_1783931081955 leave map 1 unit 1148
[map_1] perf_8g_10_180_145_1783931081947 leave map 1 unit 1143
[map_1] perf_8g_10_180_146_1783931081953 leave map 1 unit 1147
[map_1] perf_8g_10_180_144_1783931081946 leave map 1 unit 1142
[map_1] perf_8g_10_180_71_1783931081813 leave map 1 unit 1073
[map_1] perf_8g_10_180_64_1783931081804 leave map 1 unit 1062
[map_1] perf_8g_10_180_143_1783931081945 leave map 1 unit 1145
[map_1] perf_8g_10_180_142_1783931081944 leave map 1 unit 1144
[map_1] perf_8g_10_180_141_1783931081938 leave map 1 unit 1138
[map_1] perf_8g_10_180_139_1783931081937 leave map 1 unit 1140
[map_1] perf_8g_10_180_75_1783931081818 leave map 1 unit 1076
[map_1] perf_8g_10_180_140_1783931081937 leave map 1 unit 1141
[map_1] perf_8g_10_180_138_1783931081936 leave map 1 unit 1139
[map_1] perf_8g_10_180_137_1783931081931 leave map 1 unit 1135
[map_1] perf_8g_10_180_76_1783931081819 leave map 1 unit 1077
[map_1] perf_8g_10_180_135_1783931081928 leave map 1 unit 1137
[map_1] perf_8g_10_180_136_1783931081929 leave map 1 unit 1134
[map_1] perf_8g_10_180_133_1783931081921 leave map 1 unit 1130
[map_1] perf_8g_10_180_77_1783931081820 leave map 1 unit 1074
[map_1] perf_8g_10_180_134_1783931081927 leave map 1 unit 1136
[map_1] perf_8g_10_180_132_1783931081920 leave map 1 unit 1131
[map_1] perf_8g_10_180_72_1783931081814 leave map 1 unit 1070
[map_1] perf_8g_10_180_79_1783931081824 leave map 1 unit 1079
[map_1] perf_8g_10_180_124_1783931081903 leave map 1 unit 1123
[map_1] perf_8g_10_180_131_1783931081920 leave map 1 unit 1132
[map_1] perf_8g_10_180_130_1783931081915 leave map 1 unit 1133
[map_1] perf_8g_10_180_80_1783931081825 leave map 1 unit 1080
[map_1] perf_8g_10_180_129_1783931081914 leave map 1 unit 1127
[map_1] perf_8g_10_180_128_1783931081913 leave map 1 unit 1128
[map_1] perf_8g_10_180_83_1783931081828 leave map 1 unit 1083
[map_1] perf_8g_10_180_127_1783931081913 leave map 1 unit 1126
[map_1] perf_8g_10_180_126_1783931081908 leave map 1 unit 1129
[map_1] perf_8g_10_180_125_1783931081907 leave map 1 unit 1125
[map_1] perf_8g_10_180_81_1783931081825 leave map 1 unit 1081
[map_1] perf_8g_10_180_123_1783931081903 leave map 1 unit 1124
[map_1] perf_8g_10_180_122_1783931081900 leave map 1 unit 1122
[map_1] perf_8g_10_180_78_1783931081823 leave map 1 unit 1078
[map_1] perf_8g_10_180_84_1783931081829 leave map 1 unit 1084
[map_1] perf_8g_10_180_116_1783931081883 leave map 1 unit 1116
[map_1] perf_8g_10_180_121_1783931081899 leave map 1 unit 1121
[map_1] perf_8g_10_180_82_1783931081828 leave map 1 unit 1082
[map_1] perf_8g_10_180_120_1783931081899 leave map 1 unit 1120
[map_1] perf_8g_10_180_119_1783931081895 leave map 1 unit 1119
[map_1] perf_8g_10_180_85_1783931081830 leave map 1 unit 1085
[map_1] perf_8g_10_180_117_1783931081884 leave map 1 unit 1117
[map_1] perf_8g_10_180_118_1783931081887 leave map 1 unit 1118
[map_1] perf_8g_10_180_115_1783931081882 leave map 1 unit 1115
[map_1] perf_8g_10_180_86_1783931081833 leave map 1 unit 1086
[map_1] perf_8g_10_180_87_1783931081834 leave map 1 unit 1087
[map_1] perf_8g_10_180_114_1783931081879 leave map 1 unit 1114
[map_1] perf_8g_10_180_113_1783931081878 leave map 1 unit 1113
[map_1] perf_8g_10_180_88_1783931081834 leave map 1 unit 1088
[map_1] perf_8g_10_180_112_1783931081874 leave map 1 unit 1112
[map_1] perf_8g_10_180_89_1783931081835 leave map 1 unit 1089
[map_1] perf_8g_10_180_90_1783931081836 leave map 1 unit 1090
[map_1] perf_8g_10_180_111_1783931081873 leave map 1 unit 1111
[map_1] perf_8g_10_180_110_1783931081873 leave map 1 unit 1110
[map_1] perf_8g_10_180_92_1783931081840 leave map 1 unit 1092
[map_1] perf_8g_10_180_109_1783931081870 leave map 1 unit 1109
[map_1] perf_8g_10_180_108_1783931081870 leave map 1 unit 1108
[map_1] perf_8g_10_180_93_1783931081840 leave map 1 unit 1093
[map_1] perf_8g_10_180_91_1783931081839 leave map 1 unit 1091
[map_1] perf_8g_10_180_107_1783931081869 leave map 1 unit 1107
[map_1] perf_8g_10_180_105_1783931081862 leave map 1 unit 1103
[map_1] perf_8g_10_180_95_1783931081843 leave map 1 unit 1095
[map_1] perf_8g_10_180_103_1783931081861 leave map 1 unit 1105
[map_1] perf_8g_10_180_106_1783931081865 leave map 1 unit 1106
[map_1] perf_8g_10_180_94_1783931081842 leave map 1 unit 1094
[map_1] perf_8g_10_180_97_1783931081848 leave map 1 unit 1097
[map_1] perf_8g_10_180_104_1783931081862 leave map 1 unit 1104
[map_1] perf_8g_10_180_96_1783931081844 leave map 1 unit 1096
[map_1] perf_8g_10_180_100_1783931081853 leave map 1 unit 1101
[map_1] perf_8g_10_180_101_1783931081854 leave map 1 unit 1100
[map_1] perf_8g_10_180_98_1783931081849 leave map 1 unit 1098
[map_1] perf_8g_10_180_99_1783931081852 leave map 1 unit 1099
[map_1] perf_8g_10_180_102_1783931081858 leave map 1 unit 1102
