starting process map1 with one V8 and 1 scene(s) from E:\VsCode\skynet\ets_runtime\perf\results\runtime_configs\map_capacity_20260713_082359\180p_8g_r3\map1.json
scene map_1 (MapHost) listening on 127.0.0.1:7301
[process:map1] one V8 started with 1 scene(s)
[map_1] MapHost scene started at 127.0.0.1:7301
map_1 accepted 127.0.0.1:51045 as conn 1
map_1 accepted 127.0.0.1:51103 as conn 2
map_1 accepted 127.0.0.1:51104 as conn 3
map_1 accepted 127.0.0.1:51106 as conn 4
map_1 accepted 127.0.0.1:51105 as conn 5
map_1 accepted 127.0.0.1:51107 as conn 6
map_1 accepted 127.0.0.1:51108 as conn 7
map_1 accepted 127.0.0.1:51109 as conn 8
map_1 accepted 127.0.0.1:51110 as conn 9
[map_1] perf_8g_10_180_0_1783931123687 enter map 1 unit 1000
[map_1] perf_8g_10_180_3_1783931123688 enter map 1 unit 1001
[map_1] perf_8g_10_180_2_1783931123688 enter map 1 unit 1002
[map_1] perf_8g_10_180_9_1783931123689 enter map 1 unit 1003
[map_1] perf_8g_10_180_10_1783931123689 enter map 1 unit 1004
[map_1] perf_8g_10_180_1_1783931123688 enter map 1 unit 1005
[map_1] perf_8g_10_180_4_1783931123688 enter map 1 unit 1006
[map_1] perf_8g_10_180_8_1783931123689 enter map 1 unit 1007
[map_1] perf_8g_10_180_5_1783931123689 enter map 1 unit 1008
[map_1] perf_8g_10_180_13_1783931123689 enter map 1 unit 1009
[map_1] perf_8g_10_180_14_1783931123689 enter map 1 unit 1010
[map_1] perf_8g_10_180_12_1783931123689 enter map 1 unit 1011
[map_1] perf_8g_10_180_7_1783931123689 enter map 1 unit 1012
[map_1] perf_8g_10_180_6_1783931123689 enter map 1 unit 1013
[map_1] perf_8g_10_180_11_1783931123689 enter map 1 unit 1014
[map_1] perf_8g_10_180_16_1783931123736 enter map 1 unit 1015
[map_1] perf_8g_10_180_17_1783931123738 enter map 1 unit 1016
[map_1] perf_8g_10_180_18_1783931123740 enter map 1 unit 1017
[map_1] perf_8g_10_180_19_1783931123740 enter map 1 unit 1018
[map_1] perf_8g_10_180_20_1783931123741 enter map 1 unit 1019
[map_1] perf_8g_10_180_15_1783931123689 enter map 1 unit 1020
[map_1] perf_8g_10_180_21_1783931123741 enter map 1 unit 1021
[map_1] perf_8g_10_180_23_1783931123742 enter map 1 unit 1022
[map_1] perf_8g_10_180_25_1783931123743 enter map 1 unit 1023
[map_1] perf_8g_10_180_24_1783931123742 enter map 1 unit 1024
[map_1] perf_8g_10_180_27_1783931123743 enter map 1 unit 1025
[map_1] perf_8g_10_180_28_1783931123743 enter map 1 unit 1026
[map_1] perf_8g_10_180_22_1783931123742 enter map 1 unit 1027
[map_1] perf_8g_10_180_29_1783931123743 enter map 1 unit 1028
[map_1] perf_8g_10_180_26_1783931123743 enter map 1 unit 1029
[map_1] perf_8g_10_180_30_1783931123743 enter map 1 unit 1030
[map_1] perf_8g_10_180_31_1783931123745 enter map 1 unit 1031
[map_1] perf_8g_10_180_32_1783931123752 enter map 1 unit 1032
[map_1] perf_8g_10_180_33_1783931123752 enter map 1 unit 1033
[map_1] perf_8g_10_180_34_1783931123753 enter map 1 unit 1034
[map_1] perf_8g_10_180_35_1783931123753 enter map 1 unit 1035
[map_1] perf_8g_10_180_36_1783931123754 enter map 1 unit 1036
[map_1] perf_8g_10_180_37_1783931123757 enter map 1 unit 1037
[map_1] perf_8g_10_180_38_1783931123757 enter map 1 unit 1038
[map_1] perf_8g_10_180_39_1783931123760 enter map 1 unit 1039
[map_1] perf_8g_10_180_40_1783931123761 enter map 1 unit 1040
[map_1] perf_8g_10_180_41_1783931123761 enter map 1 unit 1041
[map_1] perf_8g_10_180_42_1783931123761 enter map 1 unit 1042
[map_1] perf_8g_10_180_43_1783931123761 enter map 1 unit 1043
[map_1] perf_8g_10_180_44_1783931123761 enter map 1 unit 1044
[map_1] perf_8g_10_180_46_1783931123762 enter map 1 unit 1046
[map_1] perf_8g_10_180_45_1783931123762 enter map 1 unit 1045
[map_1] perf_8g_10_180_47_1783931123763 enter map 1 unit 1047
[map_1] perf_8g_10_180_50_1783931123766 enter map 1 unit 1048
[map_1] perf_8g_10_180_49_1783931123766 enter map 1 unit 1049
[map_1] perf_8g_10_180_48_1783931123763 enter map 1 unit 1050
[map_1] perf_8g_10_180_54_1783931123772 enter map 1 unit 1051
[map_1] perf_8g_10_180_52_1783931123768 enter map 1 unit 1052
[map_1] perf_8g_10_180_51_1783931123767 enter map 1 unit 1053
[map_1] perf_8g_10_180_53_1783931123771 enter map 1 unit 1054
[map_1] perf_8g_10_180_55_1783931123775 enter map 1 unit 1055
[map_1] perf_8g_10_180_56_1783931123777 enter map 1 unit 1056
[map_1] perf_8g_10_180_57_1783931123777 enter map 1 unit 1057
[map_1] perf_8g_10_180_58_1783931123778 enter map 1 unit 1058
[map_1] perf_8g_10_180_59_1783931123779 enter map 1 unit 1059
[map_1] perf_8g_10_180_61_1783931123780 enter map 1 unit 1060
[map_1] perf_8g_10_180_60_1783931123780 enter map 1 unit 1061
[map_1] perf_8g_10_180_62_1783931123781 enter map 1 unit 1062
[map_1] perf_8g_10_180_63_1783931123783 enter map 1 unit 1063
[map_1] perf_8g_10_180_64_1783931123783 enter map 1 unit 1064
[map_1] perf_8g_10_180_65_1783931123784 enter map 1 unit 1065
[map_1] perf_8g_10_180_66_1783931123785 enter map 1 unit 1066
[map_1] perf_8g_10_180_67_1783931123787 enter map 1 unit 1067
[map_1] perf_8g_10_180_68_1783931123788 enter map 1 unit 1068
[map_1] perf_8g_10_180_69_1783931123789 enter map 1 unit 1069
[map_1] perf_8g_10_180_70_1783931123789 enter map 1 unit 1070
[map_1] perf_8g_10_180_71_1783931123790 enter map 1 unit 1071
[map_1] perf_8g_10_180_72_1783931123794 enter map 1 unit 1072
[map_1] perf_8g_10_180_73_1783931123797 enter map 1 unit 1073
[map_1] perf_8g_10_180_74_1783931123799 enter map 1 unit 1074
[map_1] perf_8g_10_180_75_1783931123801 enter map 1 unit 1075
[map_1] perf_8g_10_180_76_1783931123803 enter map 1 unit 1076
[map_1] perf_8g_10_180_77_1783931123804 enter map 1 unit 1077
[map_1] perf_8g_10_180_78_1783931123806 enter map 1 unit 1078
[map_1] perf_8g_10_180_79_1783931123806 enter map 1 unit 1079
[map_1] perf_8g_10_180_80_1783931123808 enter map 1 unit 1080
[map_1] perf_8g_10_180_81_1783931123812 enter map 1 unit 1081
[map_1] perf_8g_10_180_82_1783931123813 enter map 1 unit 1082
[map_1] perf_8g_10_180_83_1783931123814 enter map 1 unit 1083
[map_1] perf_8g_10_180_86_1783931123816 enter map 1 unit 1086
[map_1] perf_8g_10_180_84_1783931123815 enter map 1 unit 1084
[map_1] perf_8g_10_180_85_1783931123816 enter map 1 unit 1085
[map_1] perf_8g_10_180_87_1783931123816 enter map 1 unit 1087
[map_1] perf_8g_10_180_88_1783931123823 enter map 1 unit 1088
[map_1] perf_8g_10_180_89_1783931123824 enter map 1 unit 1089
[map_1] perf_8g_10_180_90_1783931123826 enter map 1 unit 1090
[map_1] perf_8g_10_180_91_1783931123831 enter map 1 unit 1091
[map_1] perf_8g_10_180_92_1783931123833 enter map 1 unit 1092
[map_1] perf_8g_10_180_93_1783931123834 enter map 1 unit 1093
[map_1] perf_8g_10_180_94_1783931123835 enter map 1 unit 1094
[map_1] perf_8g_10_180_96_1783931123838 enter map 1 unit 1096
[map_1] perf_8g_10_180_95_1783931123836 enter map 1 unit 1095
[map_1] perf_8g_10_180_97_1783931123840 enter map 1 unit 1097
[map_1] perf_8g_10_180_98_1783931123842 enter map 1 unit 1098
[map_1] perf_8g_10_180_99_1783931123847 enter map 1 unit 1099
[map_1] perf_8g_10_180_100_1783931123848 enter map 1 unit 1100
[map_1] perf_8g_10_180_101_1783931123848 enter map 1 unit 1101
[map_1] perf_8g_10_180_103_1783931123851 enter map 1 unit 1103
[map_1] perf_8g_10_180_102_1783931123848 enter map 1 unit 1102
[map_1] perf_8g_10_180_104_1783931123852 enter map 1 unit 1104
[map_1] perf_8g_10_180_105_1783931123855 enter map 1 unit 1105
[map_1] perf_8g_10_180_106_1783931123855 enter map 1 unit 1106
[map_1] perf_8g_10_180_107_1783931123858 enter map 1 unit 1107
[map_1] perf_8g_10_180_108_1783931123864 enter map 1 unit 1108
[map_1] perf_8g_10_180_109_1783931123864 enter map 1 unit 1109
[map_1] perf_8g_10_180_110_1783931123867 enter map 1 unit 1110
[map_1] perf_8g_10_180_111_1783931123867 enter map 1 unit 1111
[map_1] perf_8g_10_180_112_1783931123868 enter map 1 unit 1112
[map_1] perf_8g_10_180_113_1783931123872 enter map 1 unit 1113
[map_1] perf_8g_10_180_114_1783931123872 enter map 1 unit 1114
[map_1] perf_8g_10_180_115_1783931123874 enter map 1 unit 1115
[map_1] perf_8g_10_180_116_1783931123877 enter map 1 unit 1116
[map_1] perf_8g_10_180_117_1783931123883 enter map 1 unit 1117
[map_1] perf_8g_10_180_118_1783931123883 enter map 1 unit 1118
[map_1] perf_8g_10_180_119_1783931123884 enter map 1 unit 1119
[map_1] perf_8g_10_180_120_1783931123887 enter map 1 unit 1120
[map_1] perf_8g_10_180_123_1783931123889 enter map 1 unit 1123
[map_1] perf_8g_10_180_121_1783931123887 enter map 1 unit 1121
[map_1] perf_8g_10_180_122_1783931123888 enter map 1 unit 1122
[map_1] perf_8g_10_180_124_1783931123896 enter map 1 unit 1124
[map_1] perf_8g_10_180_126_1783931123899 enter map 1 unit 1126
[map_1] perf_8g_10_180_125_1783931123898 enter map 1 unit 1125
[map_1] perf_8g_10_180_128_1783931123903 enter map 1 unit 1131
[map_1] perf_8g_10_180_127_1783931123902 enter map 1 unit 1127
[map_1] perf_8g_10_180_130_1783931123908 enter map 1 unit 1130
[map_1] perf_8g_10_180_129_1783931123906 enter map 1 unit 1128
[map_1] perf_8g_10_180_131_1783931123909 enter map 1 unit 1129
[map_1] perf_8g_10_180_133_1783931123915 enter map 1 unit 1132
[map_1] perf_8g_10_180_134_1783931123919 enter map 1 unit 1134
[map_1] perf_8g_10_180_132_1783931123910 enter map 1 unit 1133
[map_1] perf_8g_10_180_137_1783931123926 enter map 1 unit 1135
[map_1] perf_8g_10_180_135_1783931123919 enter map 1 unit 1139
[map_1] perf_8g_10_180_139_1783931123928 enter map 1 unit 1136
[map_1] perf_8g_10_180_136_1783931123926 enter map 1 unit 1138
[map_1] perf_8g_10_180_138_1783931123927 enter map 1 unit 1137
[map_1] perf_8g_10_180_140_1783931123932 enter map 1 unit 1140
[map_1] perf_8g_10_180_141_1783931123933 enter map 1 unit 1142
[map_1] perf_8g_10_180_142_1783931123935 enter map 1 unit 1141
[map_1] perf_8g_10_180_144_1783931123944 enter map 1 unit 1143
[map_1] perf_8g_10_180_147_1783931123947 enter map 1 unit 1147
[map_1] perf_8g_10_180_145_1783931123945 enter map 1 unit 1144
[map_1] perf_8g_10_180_146_1783931123946 enter map 1 unit 1146
[map_1] perf_8g_10_180_143_1783931123943 enter map 1 unit 1145
[map_1] perf_8g_10_180_150_1783931123953 enter map 1 unit 1148
[map_1] perf_8g_10_180_148_1783931123951 enter map 1 unit 1150
[map_1] perf_8g_10_180_149_1783931123953 enter map 1 unit 1149
[map_1] perf_8g_10_180_151_1783931123962 enter map 1 unit 1151
[map_1] perf_8g_10_180_152_1783931123963 enter map 1 unit 1155
[map_1] perf_8g_10_180_154_1783931123964 enter map 1 unit 1152
[map_1] perf_8g_10_180_153_1783931123963 enter map 1 unit 1154
[map_1] perf_8g_10_180_155_1783931123965 enter map 1 unit 1153
[map_1] perf_8g_10_180_156_1783931123968 enter map 1 unit 1156
[map_1] perf_8g_10_180_157_1783931123969 enter map 1 unit 1158
[map_1] perf_8g_10_180_158_1783931123969 enter map 1 unit 1157
[map_1] perf_8g_10_180_160_1783931123979 enter map 1 unit 1159
[map_1] perf_8g_10_180_163_1783931123982 enter map 1 unit 1163
[map_1] perf_8g_10_180_159_1783931123979 enter map 1 unit 1160
[map_1] perf_8g_10_180_162_1783931123981 enter map 1 unit 1162
[map_1] perf_8g_10_180_161_1783931123980 enter map 1 unit 1161
[map_1] perf_8g_10_180_165_1783931123988 enter map 1 unit 1164
[map_1] perf_8g_10_180_164_1783931123987 enter map 1 unit 1166
[map_1] perf_8g_10_180_166_1783931123989 enter map 1 unit 1165
[map_1] perf_8g_10_180_169_1783931123998 enter map 1 unit 1167
[map_1] perf_8g_10_180_167_1783931123996 enter map 1 unit 1171
[map_1] perf_8g_10_180_168_1783931123998 enter map 1 unit 1168
[map_1] perf_8g_10_180_170_1783931123999 enter map 1 unit 1170
[map_1] perf_8g_10_180_171_1783931124000 enter map 1 unit 1169
[map_1] perf_8g_10_180_174_1783931124008 enter map 1 unit 1172
[map_1] perf_8g_10_180_172_1783931124006 enter map 1 unit 1174
[map_1] perf_8g_10_180_173_1783931124007 enter map 1 unit 1173
[map_1] perf_8g_10_180_175_1783931124018 enter map 1 unit 1175
[map_1] perf_8g_10_180_177_1783931124020 enter map 1 unit 1179
[map_1] perf_8g_10_180_178_1783931124020 enter map 1 unit 1176
[map_1] perf_8g_10_180_176_1783931124019 enter map 1 unit 1178
[map_1] perf_8g_10_180_179_1783931124021 enter map 1 unit 1177
[metrics:inner_transport] active=8 opened=8 pending=0 max_pending=0 overloads=0 timeouts=0 disconnected_calls=0 late_responses=0 idle_closes=0
[process-metrics] process=map1 cpu_percent=101.83 cpu_time_ms=5156 rss_bytes=163909632 v8_heap_used_bytes=17817176 v8_heap_total_bytes=81010688 v8_gc_count=118 v8_gc_ms=80.420 timestamp_ms=1783931128479
[metrics:map1] scene=map_1 type=MapHost processed=9036 failed=0 ts_queue=0 ts_max_queue=140 rust_queue=144 rust_max_queue=144 backpressure=0 slow_disconnects=0 update_ms=4.00 handler_ms=4.00 max_handler_ms=61.00 total_handler_ms=100709.00
[metrics:inner_transport] active=8 opened=8 pending=0 max_pending=0 overloads=0 timeouts=0 disconnected_calls=0 late_responses=0 idle_closes=0
[process-metrics] process=map1 cpu_percent=64.37 cpu_time_ms=8375 rss_bytes=164184064 v8_heap_used_bytes=29545176 v8_heap_total_bytes=81010688 v8_gc_count=200 v8_gc_ms=140.210 timestamp_ms=1783931133479
[metrics:map1] scene=map_1 type=MapHost processed=18914 failed=0 ts_queue=0 ts_max_queue=144 rust_queue=166 rust_max_queue=166 backpressure=0 slow_disconnects=0 update_ms=2.00 handler_ms=2.00 max_handler_ms=61.00 total_handler_ms=193886.00
[metrics:inner_transport] active=8 opened=8 pending=0 max_pending=0 overloads=0 timeouts=0 disconnected_calls=0 late_responses=0 idle_closes=0
[process-metrics] process=map1 cpu_percent=82.77 cpu_time_ms=12515 rss_bytes=124665856 v8_heap_used_bytes=8459512 v8_heap_total_bytes=81010688 v8_gc_count=284 v8_gc_ms=201.175 timestamp_ms=1783931138481
[metrics:map1] scene=map_1 type=MapHost processed=28801 failed=0 ts_queue=0 ts_max_queue=170 rust_queue=179 rust_max_queue=179 backpressure=0 slow_disconnects=0 update_ms=1.00 handler_ms=1.00 max_handler_ms=61.00 total_handler_ms=297841.00
[metrics:inner_transport] active=8 opened=8 pending=0 max_pending=0 overloads=0 timeouts=0 disconnected_calls=0 late_responses=0 idle_closes=0
[process-metrics] process=map1 cpu_percent=92.14 cpu_time_ms=17125 rss_bytes=126001152 v8_heap_used_bytes=27249416 v8_heap_total_bytes=81010688 v8_gc_count=365 v8_gc_ms=257.053 timestamp_ms=1783931143484
[metrics:map1] scene=map_1 type=MapHost processed=38701 failed=0 ts_queue=0 ts_max_queue=179 rust_queue=179 rust_max_queue=179 backpressure=0 slow_disconnects=0 update_ms=0.00 handler_ms=0.00 max_handler_ms=61.00 total_handler_ms=379667.00
[metrics:inner_transport] active=8 opened=8 pending=0 max_pending=0 overloads=0 timeouts=0 disconnected_calls=0 late_responses=0 idle_closes=0
[process-metrics] process=map1 cpu_percent=92.71 cpu_time_ms=21765 rss_bytes=125939712 v8_heap_used_bytes=29772816 v8_heap_total_bytes=81010688 v8_gc_count=447 v8_gc_ms=310.465 timestamp_ms=1783931148489
[metrics:map1] scene=map_1 type=MapHost processed=48680 failed=0 ts_queue=0 ts_max_queue=179 rust_queue=100 rust_max_queue=179 backpressure=0 slow_disconnects=0 update_ms=6.00 handler_ms=6.00 max_handler_ms=61.00 total_handler_ms=459736.00
[metrics:inner_transport] active=8 opened=8 pending=0 max_pending=0 overloads=0 timeouts=0 disconnected_calls=0 late_responses=0 idle_closes=0
[process-metrics] process=map1 cpu_percent=82.29 cpu_time_ms=25890 rss_bytes=126771200 v8_heap_used_bytes=15199600 v8_heap_total_bytes=81010688 v8_gc_count=531 v8_gc_ms=368.352 timestamp_ms=1783931153502
[metrics:map1] scene=map_1 type=MapHost processed=58680 failed=0 ts_queue=0 ts_max_queue=179 rust_queue=0 rust_max_queue=179 backpressure=0 slow_disconnects=0 update_ms=13.00 handler_ms=13.00 max_handler_ms=61.00 total_handler_ms=539476.00
[metrics:inner_transport] active=8 opened=8 pending=0 max_pending=0 overloads=0 timeouts=0 disconnected_calls=0 late_responses=0 idle_closes=0
[process-metrics] process=map1 cpu_percent=82.04 cpu_time_ms=30031 rss_bytes=127614976 v8_heap_used_bytes=21045232 v8_heap_total_bytes=81010688 v8_gc_count=613 v8_gc_ms=422.618 timestamp_ms=1783931158549
[metrics:map1] scene=map_1 type=MapHost processed=68580 failed=0 ts_queue=0 ts_max_queue=179 rust_queue=0 rust_max_queue=179 backpressure=0 slow_disconnects=0 update_ms=0.00 handler_ms=0.00 max_handler_ms=61.00 total_handler_ms=610113.00
[metrics:inner_transport] active=8 opened=8 pending=0 max_pending=0 overloads=0 timeouts=0 disconnected_calls=0 late_responses=0 idle_closes=0
[process-metrics] process=map1 cpu_percent=89.50 cpu_time_ms=34515 rss_bytes=127651840 v8_heap_used_bytes=24480464 v8_heap_total_bytes=81010688 v8_gc_count=695 v8_gc_ms=494.874 timestamp_ms=1783931163560
[metrics:map1] scene=map_1 type=MapHost processed=78480 failed=0 ts_queue=0 ts_max_queue=179 rust_queue=0 rust_max_queue=179 backpressure=0 slow_disconnects=0 update_ms=0.00 handler_ms=5.00 max_handler_ms=61.00 total_handler_ms=695265.00
[map_1] perf_8g_10_180_0_1783931123687 leave map 1 unit 1000
[map_1] perf_8g_10_180_5_1783931123689 leave map 1 unit 1008
[map_1] perf_8g_10_180_3_1783931123688 leave map 1 unit 1001
[map_1] perf_8g_10_180_42_1783931123761 leave map 1 unit 1042
[map_1] perf_8g_10_180_2_1783931123688 leave map 1 unit 1002
[map_1] perf_8g_10_180_41_1783931123761 leave map 1 unit 1041
[map_1] perf_8g_10_180_39_1783931123760 leave map 1 unit 1039
[map_1] perf_8g_10_180_1_1783931123688 leave map 1 unit 1005
[map_1] perf_8g_10_180_38_1783931123757 leave map 1 unit 1038
[map_1] perf_8g_10_180_7_1783931123689 leave map 1 unit 1012
[map_1] perf_8g_10_180_36_1783931123754 leave map 1 unit 1036
[map_1] perf_8g_10_180_4_1783931123688 leave map 1 unit 1006
[map_1] perf_8g_10_180_34_1783931123753 leave map 1 unit 1034
[map_1] perf_8g_10_180_35_1783931123753 leave map 1 unit 1035
[map_1] perf_8g_10_180_12_1783931123689 leave map 1 unit 1011
[map_1] perf_8g_10_180_37_1783931123757 leave map 1 unit 1037
[map_1] perf_8g_10_180_13_1783931123689 leave map 1 unit 1009
[map_1] perf_8g_10_180_31_1783931123745 leave map 1 unit 1031
[map_1] perf_8g_10_180_9_1783931123689 leave map 1 unit 1003
[map_1] perf_8g_10_180_33_1783931123752 leave map 1 unit 1033
[map_1] perf_8g_10_180_14_1783931123689 leave map 1 unit 1010
[map_1] perf_8g_10_180_32_1783931123752 leave map 1 unit 1032
[map_1] perf_8g_10_180_6_1783931123689 leave map 1 unit 1013
[map_1] perf_8g_10_180_29_1783931123743 leave map 1 unit 1028
[map_1] perf_8g_10_180_11_1783931123689 leave map 1 unit 1014
[map_1] perf_8g_10_180_30_1783931123743 leave map 1 unit 1030
[map_1] perf_8g_10_180_17_1783931123738 leave map 1 unit 1016
[map_1] perf_8g_10_180_28_1783931123743 leave map 1 unit 1026
[map_1] perf_8g_10_180_22_1783931123742 leave map 1 unit 1027
[map_1] perf_8g_10_180_18_1783931123740 leave map 1 unit 1017
[map_1] perf_8g_10_180_16_1783931123736 leave map 1 unit 1015
[map_1] perf_8g_10_180_15_1783931123689 leave map 1 unit 1020
[map_1] perf_8g_10_180_8_1783931123689 leave map 1 unit 1007
[map_1] perf_8g_10_180_10_1783931123689 leave map 1 unit 1004
[map_1] perf_8g_10_180_19_1783931123740 leave map 1 unit 1018
[map_1] perf_8g_10_180_25_1783931123743 leave map 1 unit 1023
[map_1] perf_8g_10_180_26_1783931123743 leave map 1 unit 1029
[map_1] perf_8g_10_180_20_1783931123741 leave map 1 unit 1019
[map_1] perf_8g_10_180_27_1783931123743 leave map 1 unit 1025
[map_1] perf_8g_10_180_21_1783931123741 leave map 1 unit 1021
[map_1] perf_8g_10_180_23_1783931123742 leave map 1 unit 1022
[map_1] perf_8g_10_180_24_1783931123742 leave map 1 unit 1024
[map_1] perf_8g_10_180_179_1783931124021 leave map 1 unit 1177
[map_1] perf_8g_10_180_178_1783931124020 leave map 1 unit 1176
[map_1] perf_8g_10_180_177_1783931124020 leave map 1 unit 1179
[map_1] perf_8g_10_180_176_1783931124019 leave map 1 unit 1178
[map_1] perf_8g_10_180_175_1783931124018 leave map 1 unit 1175
[map_1] perf_8g_10_180_174_1783931124008 leave map 1 unit 1172
[map_1] perf_8g_10_180_173_1783931124007 leave map 1 unit 1173
[map_1] perf_8g_10_180_172_1783931124006 leave map 1 unit 1174
[map_1] perf_8g_10_180_171_1783931124000 leave map 1 unit 1169
[map_1] perf_8g_10_180_170_1783931123999 leave map 1 unit 1170
[map_1] perf_8g_10_180_169_1783931123998 leave map 1 unit 1167
[map_1] perf_8g_10_180_168_1783931123998 leave map 1 unit 1168
[map_1] perf_8g_10_180_167_1783931123996 leave map 1 unit 1171
[map_1] perf_8g_10_180_163_1783931123982 leave map 1 unit 1163
[map_1] perf_8g_10_180_166_1783931123989 leave map 1 unit 1165
[map_1] perf_8g_10_180_165_1783931123988 leave map 1 unit 1164
[map_1] perf_8g_10_180_40_1783931123761 leave map 1 unit 1040
[map_1] perf_8g_10_180_164_1783931123987 leave map 1 unit 1166
[map_1] perf_8g_10_180_162_1783931123981 leave map 1 unit 1162
[map_1] perf_8g_10_180_161_1783931123980 leave map 1 unit 1161
[map_1] perf_8g_10_180_160_1783931123979 leave map 1 unit 1159
[map_1] perf_8g_10_180_159_1783931123979 leave map 1 unit 1160
[map_1] perf_8g_10_180_158_1783931123969 leave map 1 unit 1157
[map_1] perf_8g_10_180_157_1783931123969 leave map 1 unit 1158
[map_1] perf_8g_10_180_43_1783931123761 leave map 1 unit 1043
[map_1] perf_8g_10_180_156_1783931123968 leave map 1 unit 1156
[map_1] perf_8g_10_180_155_1783931123965 leave map 1 unit 1153
[map_1] perf_8g_10_180_154_1783931123964 leave map 1 unit 1152
[map_1] perf_8g_10_180_153_1783931123963 leave map 1 unit 1154
[map_1] perf_8g_10_180_152_1783931123963 leave map 1 unit 1155
[map_1] perf_8g_10_180_44_1783931123761 leave map 1 unit 1044
[map_1] perf_8g_10_180_151_1783931123962 leave map 1 unit 1151
[map_1] perf_8g_10_180_150_1783931123953 leave map 1 unit 1148
[map_1] perf_8g_10_180_149_1783931123953 leave map 1 unit 1149
[map_1] perf_8g_10_180_148_1783931123951 leave map 1 unit 1150
[map_1] perf_8g_10_180_45_1783931123762 leave map 1 unit 1045
[map_1] perf_8g_10_180_146_1783931123946 leave map 1 unit 1146
[map_1] perf_8g_10_180_147_1783931123947 leave map 1 unit 1147
[map_1] perf_8g_10_180_145_1783931123945 leave map 1 unit 1144
[map_1] perf_8g_10_180_144_1783931123944 leave map 1 unit 1143
[map_1] perf_8g_10_180_46_1783931123762 leave map 1 unit 1046
[map_1] perf_8g_10_180_143_1783931123943 leave map 1 unit 1145
[map_1] perf_8g_10_180_142_1783931123935 leave map 1 unit 1141
[map_1] perf_8g_10_180_141_1783931123933 leave map 1 unit 1142
[map_1] perf_8g_10_180_47_1783931123763 leave map 1 unit 1047
[map_1] perf_8g_10_180_140_1783931123932 leave map 1 unit 1140
[map_1] perf_8g_10_180_139_1783931123928 leave map 1 unit 1136
[map_1] perf_8g_10_180_138_1783931123927 leave map 1 unit 1137
[map_1] perf_8g_10_180_48_1783931123763 leave map 1 unit 1050
[map_1] perf_8g_10_180_137_1783931123926 leave map 1 unit 1135
[map_1] perf_8g_10_180_136_1783931123926 leave map 1 unit 1138
[map_1] perf_8g_10_180_135_1783931123919 leave map 1 unit 1139
[map_1] perf_8g_10_180_49_1783931123766 leave map 1 unit 1049
[map_1] perf_8g_10_180_133_1783931123915 leave map 1 unit 1132
[map_1] perf_8g_10_180_134_1783931123919 leave map 1 unit 1134
[map_1] perf_8g_10_180_132_1783931123910 leave map 1 unit 1133
[map_1] perf_8g_10_180_50_1783931123766 leave map 1 unit 1048
[map_1] perf_8g_10_180_131_1783931123909 leave map 1 unit 1129
[map_1] perf_8g_10_180_130_1783931123908 leave map 1 unit 1130
[map_1] perf_8g_10_180_129_1783931123906 leave map 1 unit 1128
[map_1] perf_8g_10_180_51_1783931123767 leave map 1 unit 1053
[map_1] perf_8g_10_180_127_1783931123902 leave map 1 unit 1127
[map_1] perf_8g_10_180_128_1783931123903 leave map 1 unit 1131
[map_1] perf_8g_10_180_52_1783931123768 leave map 1 unit 1052
[map_1] perf_8g_10_180_126_1783931123899 leave map 1 unit 1126
[map_1] perf_8g_10_180_124_1783931123896 leave map 1 unit 1124
[map_1] perf_8g_10_180_125_1783931123898 leave map 1 unit 1125
[map_1] perf_8g_10_180_53_1783931123771 leave map 1 unit 1054
[map_1] perf_8g_10_180_122_1783931123888 leave map 1 unit 1122
[map_1] perf_8g_10_180_123_1783931123889 leave map 1 unit 1123
[map_1] perf_8g_10_180_54_1783931123772 leave map 1 unit 1051
[map_1] perf_8g_10_180_55_1783931123775 leave map 1 unit 1055
[map_1] perf_8g_10_180_121_1783931123887 leave map 1 unit 1121
[map_1] perf_8g_10_180_120_1783931123887 leave map 1 unit 1120
[map_1] perf_8g_10_180_56_1783931123777 leave map 1 unit 1056
[map_1] perf_8g_10_180_119_1783931123884 leave map 1 unit 1119
[map_1] perf_8g_10_180_118_1783931123883 leave map 1 unit 1118
[map_1] perf_8g_10_180_57_1783931123777 leave map 1 unit 1057
[map_1] perf_8g_10_180_117_1783931123883 leave map 1 unit 1117
[map_1] perf_8g_10_180_116_1783931123877 leave map 1 unit 1116
[map_1] perf_8g_10_180_58_1783931123778 leave map 1 unit 1058
[map_1] perf_8g_10_180_115_1783931123874 leave map 1 unit 1115
[map_1] perf_8g_10_180_114_1783931123872 leave map 1 unit 1114
[map_1] perf_8g_10_180_59_1783931123779 leave map 1 unit 1059
[map_1] perf_8g_10_180_113_1783931123872 leave map 1 unit 1113
[map_1] perf_8g_10_180_112_1783931123868 leave map 1 unit 1112
[map_1] perf_8g_10_180_60_1783931123780 leave map 1 unit 1061
[map_1] perf_8g_10_180_111_1783931123867 leave map 1 unit 1111
[map_1] perf_8g_10_180_110_1783931123867 leave map 1 unit 1110
[map_1] perf_8g_10_180_61_1783931123780 leave map 1 unit 1060
[map_1] perf_8g_10_180_109_1783931123864 leave map 1 unit 1109
[map_1] perf_8g_10_180_106_1783931123855 leave map 1 unit 1106
[map_1] perf_8g_10_180_62_1783931123781 leave map 1 unit 1062
[map_1] perf_8g_10_180_107_1783931123858 leave map 1 unit 1107
[map_1] perf_8g_10_180_108_1783931123864 leave map 1 unit 1108
[map_1] perf_8g_10_180_63_1783931123783 leave map 1 unit 1063
[map_1] perf_8g_10_180_105_1783931123855 leave map 1 unit 1105
[map_1] perf_8g_10_180_64_1783931123783 leave map 1 unit 1064
[map_1] perf_8g_10_180_103_1783931123851 leave map 1 unit 1103
[map_1] perf_8g_10_180_102_1783931123848 leave map 1 unit 1102
[map_1] perf_8g_10_180_65_1783931123784 leave map 1 unit 1065
[map_1] perf_8g_10_180_66_1783931123785 leave map 1 unit 1066
[map_1] perf_8g_10_180_104_1783931123852 leave map 1 unit 1104
[map_1] perf_8g_10_180_101_1783931123848 leave map 1 unit 1101
[map_1] perf_8g_10_180_67_1783931123787 leave map 1 unit 1067
[map_1] perf_8g_10_180_99_1783931123847 leave map 1 unit 1099
[map_1] perf_8g_10_180_69_1783931123789 leave map 1 unit 1069
[map_1] perf_8g_10_180_100_1783931123848 leave map 1 unit 1100
[map_1] perf_8g_10_180_98_1783931123842 leave map 1 unit 1098
[map_1] perf_8g_10_180_70_1783931123789 leave map 1 unit 1070
[map_1] perf_8g_10_180_97_1783931123840 leave map 1 unit 1097
[map_1] perf_8g_10_180_71_1783931123790 leave map 1 unit 1071
[map_1] perf_8g_10_180_95_1783931123836 leave map 1 unit 1095
[map_1] perf_8g_10_180_96_1783931123838 leave map 1 unit 1096
[map_1] perf_8g_10_180_68_1783931123788 leave map 1 unit 1068
[map_1] perf_8g_10_180_94_1783931123835 leave map 1 unit 1094
[map_1] perf_8g_10_180_72_1783931123794 leave map 1 unit 1072
[map_1] perf_8g_10_180_73_1783931123797 leave map 1 unit 1073
[map_1] perf_8g_10_180_93_1783931123834 leave map 1 unit 1093
[map_1] perf_8g_10_180_92_1783931123833 leave map 1 unit 1092
[map_1] perf_8g_10_180_74_1783931123799 leave map 1 unit 1074
[map_1] perf_8g_10_180_91_1783931123831 leave map 1 unit 1091
[map_1] perf_8g_10_180_75_1783931123801 leave map 1 unit 1075
[map_1] perf_8g_10_180_89_1783931123824 leave map 1 unit 1089
[map_1] perf_8g_10_180_90_1783931123826 leave map 1 unit 1090
[map_1] perf_8g_10_180_78_1783931123806 leave map 1 unit 1078
[map_1] perf_8g_10_180_88_1783931123823 leave map 1 unit 1088
[map_1] perf_8g_10_180_77_1783931123804 leave map 1 unit 1077
[map_1] perf_8g_10_180_79_1783931123806 leave map 1 unit 1079
[map_1] perf_8g_10_180_87_1783931123816 leave map 1 unit 1087
[map_1] perf_8g_10_180_85_1783931123816 leave map 1 unit 1085
[map_1] perf_8g_10_180_76_1783931123803 leave map 1 unit 1076
[map_1] perf_8g_10_180_86_1783931123816 leave map 1 unit 1086
[map_1] perf_8g_10_180_81_1783931123812 leave map 1 unit 1081
[map_1] perf_8g_10_180_84_1783931123815 leave map 1 unit 1084
[map_1] perf_8g_10_180_82_1783931123813 leave map 1 unit 1082
[map_1] perf_8g_10_180_83_1783931123814 leave map 1 unit 1083
[map_1] perf_8g_10_180_80_1783931123808 leave map 1 unit 1080
