starting process log with one V8 and 1 scene(s) from E:\VsCode\skynet\ets_runtime\perf\results\runtime_configs\map_capacity_20260713_082359\180p_8g_r1\log.json
scene log (Log) listening on 127.0.0.1:7100
[process:log] one V8 started with 1 scene(s)
[log] Log scene started at 127.0.0.1:7100
log accepted 127.0.0.1:59259 as conn 1
log accepted 127.0.0.1:59301 as conn 2
[log] [login_1] perf_8g_10_180_0_1783931039703 login count 1
[log] [login_1] perf_8g_10_180_1_1783931039704 login count 1
[log] [login_1] perf_8g_10_180_3_1783931039704 login count 1
[log] [login_1] perf_8g_10_180_2_1783931039704 login count 1
[log] [login_1] perf_8g_10_180_6_1783931039704 login count 1
[log] [login_1] perf_8g_10_180_7_1783931039704 login count 1
[log] [login_1] perf_8g_10_180_5_1783931039704 login count 1
[log] [login_1] perf_8g_10_180_4_1783931039704 login count 1
[log] [login_1] perf_8g_10_180_10_1783931039705 login count 1
[log] [login_1] perf_8g_10_180_11_1783931039705 login count 1
[log] [login_1] perf_8g_10_180_8_1783931039704 login count 1
[log] [login_1] perf_8g_10_180_13_1783931039705 login count 1
[log] [login_1] perf_8g_10_180_9_1783931039704 login count 1
[log] [login_1] perf_8g_10_180_14_1783931039705 login count 1
[log] [login_1] perf_8g_10_180_15_1783931039705 login count 1
[log] [login_1] perf_8g_10_180_12_1783931039705 login count 1
log accepted 127.0.0.1:59327 as conn 3
[log] [gate_1] perf_8g_10_180_0_1783931039703 enter map_1 as unit 1000
log accepted 127.0.0.1:59336 as conn 4
log accepted 127.0.0.1:59338 as conn 5
log accepted 127.0.0.1:59337 as conn 6
log accepted 127.0.0.1:59339 as conn 7
log accepted 127.0.0.1:59340 as conn 8
[log] [gate_4] perf_8g_10_180_2_1783931039704 enter map_1 as unit 1003
log accepted 127.0.0.1:59341 as conn 9
[log] [gate_8] perf_8g_10_180_4_1783931039704 enter map_1 as unit 1006
log accepted 127.0.0.1:59342 as conn 10
[log] [gate_2] perf_8g_10_180_1_1783931039704 enter map_1 as unit 1001
[log] [gate_7] perf_8g_10_180_5_1783931039704 enter map_1 as unit 1005
[log] [gate_3] perf_8g_10_180_3_1783931039704 enter map_1 as unit 1002
[log] [gate_6] perf_8g_10_180_7_1783931039704 enter map_1 as unit 1004
[log] [login_1] perf_8g_10_180_16_1783931039728 login count 1
[log] [gate_1] perf_8g_10_180_10_1783931039705 enter map_1 as unit 1008
[log] [gate_2] perf_8g_10_180_11_1783931039705 enter map_1 as unit 1009
[log] [login_1] perf_8g_10_180_17_1783931039731 login count 1
[log] [gate_8] perf_8g_10_180_12_1783931039705 enter map_1 as unit 1011
[log] [gate_6] perf_8g_10_180_14_1783931039705 enter map_1 as unit 1013
[log] [gate_4] perf_8g_10_180_13_1783931039705 enter map_1 as unit 1012
[log] [gate_7] perf_8g_10_180_15_1783931039705 enter map_1 as unit 1010
[log] [gate_3] perf_8g_10_180_8_1783931039704 enter map_1 as unit 1014
[log] [gate_1] perf_8g_10_180_16_1783931039728 enter map_1 as unit 1015
[log] [login_1] perf_8g_10_180_18_1783931039732 login count 1
[log] [login_1] perf_8g_10_180_19_1783931039732 login count 1
[log] [gate_2] perf_8g_10_180_17_1783931039731 enter map_1 as unit 1016
[log] [login_1] perf_8g_10_180_20_1783931039734 login count 1
[log] [login_1] perf_8g_10_180_21_1783931039734 login count 1
[log] [login_1] perf_8g_10_180_22_1783931039734 login count 1
[log] [login_1] perf_8g_10_180_23_1783931039734 login count 1
[log] [login_1] perf_8g_10_180_24_1783931039735 login count 1
[log] [login_1] perf_8g_10_180_25_1783931039735 login count 1
[log] [login_1] perf_8g_10_180_26_1783931039735 login count 1
[log] [gate_3] perf_8g_10_180_18_1783931039732 enter map_1 as unit 1017
[log] [login_1] perf_8g_10_180_27_1783931039736 login count 1
[log] [login_1] perf_8g_10_180_28_1783931039736 login count 1
[log] [login_1] perf_8g_10_180_29_1783931039736 login count 1
[log] [login_1] perf_8g_10_180_30_1783931039736 login count 1
[log] [login_1] perf_8g_10_180_31_1783931039737 login count 1
[log] [gate_4] perf_8g_10_180_19_1783931039732 enter map_1 as unit 1018
[log] [gate_6] perf_8g_10_180_21_1783931039734 enter map_1 as unit 1019
[log] [gate_7] perf_8g_10_180_22_1783931039734 enter map_1 as unit 1020
[log] [gate_8] perf_8g_10_180_23_1783931039734 enter map_1 as unit 1021
[log] [gate_1] perf_8g_10_180_24_1783931039735 enter map_1 as unit 1022
[log] [login_1] perf_8g_10_180_32_1783931039745 login count 1
[log] [login_1] perf_8g_10_180_33_1783931039745 login count 1
[log] [gate_5] perf_8g_10_180_6_1783931039704 enter map_1 as unit 1007
[log] [login_1] perf_8g_10_180_34_1783931039746 login count 1
[log] [gate_4] perf_8g_10_180_27_1783931039736 enter map_1 as unit 1025
[log] [gate_6] perf_8g_10_180_29_1783931039736 enter map_1 as unit 1026
[log] [gate_2] perf_8g_10_180_25_1783931039735 enter map_1 as unit 1023
[log] [gate_3] perf_8g_10_180_26_1783931039735 enter map_1 as unit 1024
[log] [login_1] perf_8g_10_180_35_1783931039748 login count 1
[log] [gate_8] perf_8g_10_180_31_1783931039737 enter map_1 as unit 1027
[log] [gate_7] perf_8g_10_180_30_1783931039736 enter map_1 as unit 1028
[log] [gate_5] perf_8g_10_180_9_1783931039704 enter map_1 as unit 1029
[log] [gate_1] perf_8g_10_180_32_1783931039745 enter map_1 as unit 1030
[log] [login_1] perf_8g_10_180_36_1783931039749 login count 1
[log] [gate_3] perf_8g_10_180_34_1783931039746 enter map_1 as unit 1031
[log] [gate_2] perf_8g_10_180_33_1783931039745 enter map_1 as unit 1032
[log] [gate_5] perf_8g_10_180_28_1783931039736 enter map_1 as unit 1033
[log] [login_1] perf_8g_10_180_37_1783931039752 login count 1
[log] [login_1] perf_8g_10_180_38_1783931039753 login count 1
[log] [login_1] perf_8g_10_180_39_1783931039753 login count 1
[log] [login_1] perf_8g_10_180_40_1783931039754 login count 1
[log] [gate_5] perf_8g_10_180_20_1783931039734 enter map_1 as unit 1034
[log] [gate_4] perf_8g_10_180_35_1783931039748 enter map_1 as unit 1035
[log] [login_1] perf_8g_10_180_41_1783931039755 login count 1
[log] [login_1] perf_8g_10_180_42_1783931039755 login count 1
[log] [login_1] perf_8g_10_180_43_1783931039756 login count 1
[log] [login_1] perf_8g_10_180_44_1783931039756 login count 1
[log] [login_1] perf_8g_10_180_45_1783931039758 login count 1
[log] [gate_5] perf_8g_10_180_36_1783931039749 enter map_1 as unit 1036
[log] [login_1] perf_8g_10_180_46_1783931039758 login count 1
[log] [login_1] perf_8g_10_180_47_1783931039759 login count 1
[log] [login_1] perf_8g_10_180_48_1783931039759 login count 1
[log] [gate_6] perf_8g_10_180_37_1783931039752 enter map_1 as unit 1037
[log] [login_1] perf_8g_10_180_49_1783931039761 login count 1
[log] [gate_7] perf_8g_10_180_38_1783931039753 enter map_1 as unit 1038
[log] [login_1] perf_8g_10_180_50_1783931039763 login count 1
[log] [gate_1] perf_8g_10_180_40_1783931039754 enter map_1 as unit 1039
[log] [gate_8] perf_8g_10_180_39_1783931039753 enter map_1 as unit 1040
[log] [login_1] perf_8g_10_180_51_1783931039764 login count 1
[log] [gate_2] perf_8g_10_180_41_1783931039755 enter map_1 as unit 1041
[log] [gate_3] perf_8g_10_180_42_1783931039755 enter map_1 as unit 1042
[log] [login_1] perf_8g_10_180_52_1783931039767 login count 1
[log] [gate_4] perf_8g_10_180_43_1783931039756 enter map_1 as unit 1043
[log] [gate_5] perf_8g_10_180_44_1783931039756 enter map_1 as unit 1044
[log] [gate_6] perf_8g_10_180_45_1783931039758 enter map_1 as unit 1045
[log] [login_1] perf_8g_10_180_53_1783931039770 login count 1
[log] [gate_7] perf_8g_10_180_46_1783931039758 enter map_1 as unit 1046
[log] [gate_1] perf_8g_10_180_48_1783931039759 enter map_1 as unit 1048
[log] [gate_8] perf_8g_10_180_47_1783931039759 enter map_1 as unit 1047
[log] [gate_3] perf_8g_10_180_50_1783931039763 enter map_1 as unit 1050
[log] [gate_2] perf_8g_10_180_49_1783931039761 enter map_1 as unit 1049
[log] [login_1] perf_8g_10_180_54_1783931039771 login count 1
[log] [gate_4] perf_8g_10_180_51_1783931039764 enter map_1 as unit 1051
[log] [login_1] perf_8g_10_180_55_1783931039772 login count 1
[log] [login_1] perf_8g_10_180_56_1783931039773 login count 1
[log] [login_1] perf_8g_10_180_57_1783931039774 login count 1
[log] [gate_5] perf_8g_10_180_52_1783931039767 enter map_1 as unit 1052
[log] [login_1] perf_8g_10_180_58_1783931039774 login count 1
[log] [login_1] perf_8g_10_180_59_1783931039776 login count 1
[log] [login_1] perf_8g_10_180_60_1783931039776 login count 1
[log] [login_1] perf_8g_10_180_61_1783931039777 login count 1
[log] [gate_6] perf_8g_10_180_53_1783931039770 enter map_1 as unit 1053
[log] [login_1] perf_8g_10_180_62_1783931039780 login count 1
[log] [gate_7] perf_8g_10_180_54_1783931039771 enter map_1 as unit 1054
[log] [login_1] perf_8g_10_180_63_1783931039780 login count 1
[log] [login_1] perf_8g_10_180_64_1783931039780 login count 1
[log] [login_1] perf_8g_10_180_65_1783931039781 login count 1
[log] [login_1] perf_8g_10_180_66_1783931039781 login count 1
[log] [gate_8] perf_8g_10_180_55_1783931039772 enter map_1 as unit 1055
[log] [login_1] perf_8g_10_180_67_1783931039783 login count 1
[log] [gate_2] perf_8g_10_180_57_1783931039774 enter map_1 as unit 1057
[log] [gate_1] perf_8g_10_180_56_1783931039773 enter map_1 as unit 1056
[log] [login_1] perf_8g_10_180_68_1783931039785 login count 1
[log] [gate_3] perf_8g_10_180_58_1783931039774 enter map_1 as unit 1058
[log] [gate_4] perf_8g_10_180_59_1783931039776 enter map_1 as unit 1059
[log] [gate_5] perf_8g_10_180_60_1783931039776 enter map_1 as unit 1061
[log] [gate_6] perf_8g_10_180_61_1783931039777 enter map_1 as unit 1060
[log] [login_1] perf_8g_10_180_69_1783931039788 login count 1
[log] [gate_7] perf_8g_10_180_62_1783931039780 enter map_1 as unit 1062
[log] [gate_8] perf_8g_10_180_63_1783931039780 enter map_1 as unit 1063
[log] [gate_1] perf_8g_10_180_64_1783931039780 enter map_1 as unit 1064
[log] [login_1] perf_8g_10_180_70_1783931039790 login count 1
[log] [gate_2] perf_8g_10_180_65_1783931039781 enter map_1 as unit 1065
[log] [gate_3] perf_8g_10_180_66_1783931039781 enter map_1 as unit 1066
[log] [gate_4] perf_8g_10_180_67_1783931039783 enter map_1 as unit 1067
[log] [gate_5] perf_8g_10_180_68_1783931039785 enter map_1 as unit 1068
[log] [login_1] perf_8g_10_180_71_1783931039793 login count 1
[log] [login_1] perf_8g_10_180_72_1783931039795 login count 1
[log] [login_1] perf_8g_10_180_73_1783931039796 login count 1
[log] [login_1] perf_8g_10_180_74_1783931039797 login count 1
[log] [login_1] perf_8g_10_180_75_1783931039798 login count 1
[log] [gate_6] perf_8g_10_180_69_1783931039788 enter map_1 as unit 1069
[log] [login_1] perf_8g_10_180_76_1783931039800 login count 1
[log] [login_1] perf_8g_10_180_77_1783931039801 login count 1
[log] [login_1] perf_8g_10_180_78_1783931039802 login count 1
[log] [gate_7] perf_8g_10_180_70_1783931039790 enter map_1 as unit 1070
[log] [login_1] perf_8g_10_180_79_1783931039803 login count 1
[log] [login_1] perf_8g_10_180_80_1783931039805 login count 1
[log] [login_1] perf_8g_10_180_81_1783931039806 login count 1
[log] [login_1] perf_8g_10_180_82_1783931039806 login count 1
[log] [login_1] perf_8g_10_180_83_1783931039807 login count 1
[log] [gate_8] perf_8g_10_180_71_1783931039793 enter map_1 as unit 1071
[log] [login_1] perf_8g_10_180_84_1783931039808 login count 1
[log] [gate_1] perf_8g_10_180_72_1783931039795 enter map_1 as unit 1072
[log] [gate_2] perf_8g_10_180_73_1783931039796 enter map_1 as unit 1073
[log] [gate_3] perf_8g_10_180_74_1783931039797 enter map_1 as unit 1074
[log] [gate_4] perf_8g_10_180_75_1783931039798 enter map_1 as unit 1075
[log] [login_1] perf_8g_10_180_85_1783931039813 login count 1
[log] [login_1] perf_8g_10_180_86_1783931039816 login count 1
[log] [gate_5] perf_8g_10_180_76_1783931039800 enter map_1 as unit 1076
[log] [gate_6] perf_8g_10_180_77_1783931039801 enter map_1 as unit 1077
[log] [gate_7] perf_8g_10_180_78_1783931039802 enter map_1 as unit 1078
[log] [login_1] perf_8g_10_180_87_1783931039819 login count 1
[log] [login_1] perf_8g_10_180_88_1783931039820 login count 1
[log] [login_1] perf_8g_10_180_89_1783931039821 login count 1
[log] [gate_2] perf_8g_10_180_81_1783931039806 enter map_1 as unit 1081
[log] [gate_8] perf_8g_10_180_79_1783931039803 enter map_1 as unit 1079
[log] [login_1] perf_8g_10_180_90_1783931039823 login count 1
[log] [gate_1] perf_8g_10_180_80_1783931039805 enter map_1 as unit 1080
[log] [login_1] perf_8g_10_180_91_1783931039823 login count 1
[log] [login_1] perf_8g_10_180_92_1783931039825 login count 1
[log] [login_1] perf_8g_10_180_93_1783931039825 login count 1
[log] [login_1] perf_8g_10_180_94_1783931039826 login count 1
[log] [gate_3] perf_8g_10_180_82_1783931039806 enter map_1 as unit 1082
[log] [gate_6] perf_8g_10_180_85_1783931039813 enter map_1 as unit 1085
[log] [gate_5] perf_8g_10_180_84_1783931039808 enter map_1 as unit 1084
[log] [gate_4] perf_8g_10_180_83_1783931039807 enter map_1 as unit 1083
[log] [gate_7] perf_8g_10_180_86_1783931039816 enter map_1 as unit 1086
[log] [gate_8] perf_8g_10_180_87_1783931039819 enter map_1 as unit 1087
[log] [gate_1] perf_8g_10_180_88_1783931039820 enter map_1 as unit 1088
[log] [gate_2] perf_8g_10_180_89_1783931039821 enter map_1 as unit 1089
[log] [login_1] perf_8g_10_180_95_1783931039830 login count 1
[log] [login_1] perf_8g_10_180_96_1783931039830 login count 1
[log] [login_1] perf_8g_10_180_97_1783931039831 login count 1
[log] [gate_3] perf_8g_10_180_90_1783931039823 enter map_1 as unit 1090
[log] [gate_5] perf_8g_10_180_92_1783931039825 enter map_1 as unit 1092
[log] [gate_4] perf_8g_10_180_91_1783931039823 enter map_1 as unit 1091
[log] [login_1] perf_8g_10_180_98_1783931039835 login count 1
[log] [login_1] perf_8g_10_180_99_1783931039836 login count 1
[log] [login_1] perf_8g_10_180_100_1783931039836 login count 1
[log] [gate_6] perf_8g_10_180_93_1783931039825 enter map_1 as unit 1093
[log] [gate_7] perf_8g_10_180_94_1783931039826 enter map_1 as unit 1094
[log] [login_1] perf_8g_10_180_101_1783931039836 login count 1
[log] [login_1] perf_8g_10_180_102_1783931039838 login count 1
[log] [login_1] perf_8g_10_180_103_1783931039838 login count 1
[log] [gate_8] perf_8g_10_180_95_1783931039830 enter map_1 as unit 1095
[log] [login_1] perf_8g_10_180_104_1783931039839 login count 1
[log] [login_1] perf_8g_10_180_105_1783931039841 login count 1
[log] [gate_2] perf_8g_10_180_97_1783931039831 enter map_1 as unit 1096
[log] [gate_1] perf_8g_10_180_96_1783931039830 enter map_1 as unit 1097
[log] [login_1] perf_8g_10_180_106_1783931039843 login count 1
[log] [login_1] perf_8g_10_180_107_1783931039845 login count 1
[log] [login_1] perf_8g_10_180_108_1783931039845 login count 1
[log] [gate_3] perf_8g_10_180_98_1783931039835 enter map_1 as unit 1098
[log] [login_1] perf_8g_10_180_109_1783931039848 login count 1
[log] [login_1] perf_8g_10_180_110_1783931039848 login count 1
[log] [gate_5] perf_8g_10_180_100_1783931039836 enter map_1 as unit 1099
[log] [gate_4] perf_8g_10_180_99_1783931039836 enter map_1 as unit 1100
[log] [login_1] perf_8g_10_180_111_1783931039852 login count 1
[log] [login_1] perf_8g_10_180_112_1783931039853 login count 1
[log] [gate_7] perf_8g_10_180_102_1783931039838 enter map_1 as unit 1102
[log] [gate_6] perf_8g_10_180_101_1783931039836 enter map_1 as unit 1101
[log] [gate_8] perf_8g_10_180_103_1783931039838 enter map_1 as unit 1103
[log] [login_1] perf_8g_10_180_113_1783931039854 login count 1
[log] [login_1] perf_8g_10_180_114_1783931039857 login count 1
[log] [login_1] perf_8g_10_180_115_1783931039860 login count 1
[log] [gate_3] perf_8g_10_180_106_1783931039843 enter map_1 as unit 1106
[log] [gate_1] perf_8g_10_180_104_1783931039839 enter map_1 as unit 1104
[log] [gate_2] perf_8g_10_180_105_1783931039841 enter map_1 as unit 1105
[log] [login_1] perf_8g_10_180_116_1783931039860 login count 1
[log] [login_1] perf_8g_10_180_117_1783931039863 login count 1
[log] [login_1] perf_8g_10_180_118_1783931039863 login count 1
[log] [login_1] perf_8g_10_180_119_1783931039864 login count 1
[log] [gate_4] perf_8g_10_180_107_1783931039845 enter map_1 as unit 1107
[log] [gate_5] perf_8g_10_180_108_1783931039845 enter map_1 as unit 1108
[log] [gate_7] perf_8g_10_180_110_1783931039848 enter map_1 as unit 1109
[log] [login_1] perf_8g_10_180_120_1783931039867 login count 1
[log] [login_1] perf_8g_10_180_121_1783931039867 login count 1
[log] [login_1] perf_8g_10_180_122_1783931039868 login count 1
[log] [login_1] perf_8g_10_180_124_1783931039872 login count 1
[log] [login_1] perf_8g_10_180_123_1783931039872 login count 1
[log] [gate_6] perf_8g_10_180_109_1783931039848 enter map_1 as unit 1110
[log] [gate_2] perf_8g_10_180_113_1783931039854 enter map_1 as unit 1114
[log] [gate_1] perf_8g_10_180_112_1783931039853 enter map_1 as unit 1112
[log] [gate_8] perf_8g_10_180_111_1783931039852 enter map_1 as unit 1111
[log] [gate_3] perf_8g_10_180_114_1783931039857 enter map_1 as unit 1113
[log] [login_1] perf_8g_10_180_125_1783931039874 login count 1
[log] [gate_5] perf_8g_10_180_116_1783931039860 enter map_1 as unit 1117
[log] [gate_4] perf_8g_10_180_115_1783931039860 enter map_1 as unit 1115
[log] [gate_7] perf_8g_10_180_118_1783931039863 enter map_1 as unit 1116
[log] [login_1] perf_8g_10_180_126_1783931039878 login count 1
[log] [login_1] perf_8g_10_180_127_1783931039878 login count 1
[log] [login_1] perf_8g_10_180_128_1783931039879 login count 1
[log] [login_1] perf_8g_10_180_129_1783931039879 login count 1
[log] [login_1] perf_8g_10_180_130_1783931039880 login count 1
[log] [login_1] perf_8g_10_180_131_1783931039884 login count 1
[log] [login_1] perf_8g_10_180_132_1783931039884 login count 1
[log] [login_1] perf_8g_10_180_133_1783931039885 login count 1
[log] [gate_8] perf_8g_10_180_119_1783931039864 enter map_1 as unit 1122
[log] [gate_3] perf_8g_10_180_122_1783931039868 enter map_1 as unit 1120
[log] [gate_1] perf_8g_10_180_120_1783931039867 enter map_1 as unit 1119
[log] [gate_2] perf_8g_10_180_121_1783931039867 enter map_1 as unit 1118
[log] [gate_6] perf_8g_10_180_117_1783931039863 enter map_1 as unit 1121
[log] [login_1] perf_8g_10_180_134_1783931039890 login count 1
[log] [login_1] perf_8g_10_180_135_1783931039891 login count 1
[log] [login_1] perf_8g_10_180_136_1783931039891 login count 1
[log] [login_1] perf_8g_10_180_137_1783931039892 login count 1
[log] [gate_7] perf_8g_10_180_126_1783931039878 enter map_1 as unit 1125
[log] [gate_4] perf_8g_10_180_124_1783931039872 enter map_1 as unit 1124
[log] [gate_5] perf_8g_10_180_123_1783931039872 enter map_1 as unit 1123
[log] [login_1] perf_8g_10_180_138_1783931039897 login count 1
[log] [login_1] perf_8g_10_180_140_1783931039898 login count 1
[log] [login_1] perf_8g_10_180_139_1783931039897 login count 1
[log] [gate_6] perf_8g_10_180_125_1783931039874 enter map_1 as unit 1126
[log] [gate_2] perf_8g_10_180_129_1783931039879 enter map_1 as unit 1130
[log] [gate_8] perf_8g_10_180_127_1783931039878 enter map_1 as unit 1127
[log] [gate_3] perf_8g_10_180_130_1783931039880 enter map_1 as unit 1128
[log] [gate_1] perf_8g_10_180_128_1783931039879 enter map_1 as unit 1129
[log] [gate_5] perf_8g_10_180_132_1783931039884 enter map_1 as unit 1133
[log] [gate_4] perf_8g_10_180_131_1783931039884 enter map_1 as unit 1132
[log] [gate_7] perf_8g_10_180_134_1783931039890 enter map_1 as unit 1131
[log] [login_1] perf_8g_10_180_141_1783931039904 login count 1
[log] [login_1] perf_8g_10_180_142_1783931039906 login count 1
[log] [login_1] perf_8g_10_180_143_1783931039907 login count 1
[log] [login_1] perf_8g_10_180_144_1783931039907 login count 1
[log] [login_1] perf_8g_10_180_145_1783931039908 login count 1
[log] [login_1] perf_8g_10_180_146_1783931039908 login count 1
[log] [login_1] perf_8g_10_180_147_1783931039911 login count 1
[log] [login_1] perf_8g_10_180_148_1783931039911 login count 1
[log] [login_1] perf_8g_10_180_149_1783931039911 login count 1
[log] [gate_2] perf_8g_10_180_137_1783931039892 enter map_1 as unit 1135
[log] [gate_6] perf_8g_10_180_133_1783931039885 enter map_1 as unit 1134
[log] [gate_3] perf_8g_10_180_138_1783931039897 enter map_1 as unit 1137
[log] [gate_1] perf_8g_10_180_136_1783931039891 enter map_1 as unit 1136
[log] [gate_8] perf_8g_10_180_135_1783931039891 enter map_1 as unit 1138
[log] [gate_7] perf_8g_10_180_142_1783931039906 enter map_1 as unit 1141
[log] [gate_5] perf_8g_10_180_139_1783931039897 enter map_1 as unit 1139
[log] [gate_4] perf_8g_10_180_140_1783931039898 enter map_1 as unit 1140
[log] [login_1] perf_8g_10_180_150_1783931039918 login count 1
[log] [login_1] perf_8g_10_180_151_1783931039919 login count 1
[log] [login_1] perf_8g_10_180_152_1783931039920 login count 1
[log] [login_1] perf_8g_10_180_153_1783931039920 login count 1
[log] [login_1] perf_8g_10_180_154_1783931039921 login count 1
[log] [login_1] perf_8g_10_180_155_1783931039923 login count 1
[log] [login_1] perf_8g_10_180_156_1783931039925 login count 1
[log] [login_1] perf_8g_10_180_157_1783931039926 login count 1
[log] [gate_8] perf_8g_10_180_143_1783931039907 enter map_1 as unit 1142
[log] [gate_2] perf_8g_10_180_145_1783931039908 enter map_1 as unit 1146
[log] [gate_3] perf_8g_10_180_146_1783931039908 enter map_1 as unit 1145
[log] [gate_1] perf_8g_10_180_144_1783931039907 enter map_1 as unit 1144
[log] [gate_6] perf_8g_10_180_149_1783931039911 enter map_1 as unit 1143
[log] [gate_5] perf_8g_10_180_148_1783931039911 enter map_1 as unit 1149
[log] [gate_4] perf_8g_10_180_147_1783931039911 enter map_1 as unit 1148
[log] [gate_7] perf_8g_10_180_150_1783931039918 enter map_1 as unit 1147
[log] [login_1] perf_8g_10_180_158_1783931039932 login count 1
[log] [login_1] perf_8g_10_180_160_1783931039933 login count 1
[log] [login_1] perf_8g_10_180_159_1783931039933 login count 1
[log] [login_1] perf_8g_10_180_161_1783931039934 login count 1
[log] [login_1] perf_8g_10_180_162_1783931039937 login count 1
[log] [login_1] perf_8g_10_180_163_1783931039937 login count 1
[log] [login_1] perf_8g_10_180_164_1783931039939 login count 1
[log] [gate_2] perf_8g_10_180_153_1783931039920 enter map_1 as unit 1151
[log] [gate_1] perf_8g_10_180_152_1783931039920 enter map_1 as unit 1153
[log] [gate_6] perf_8g_10_180_141_1783931039904 enter map_1 as unit 1150
[log] [gate_3] perf_8g_10_180_154_1783931039921 enter map_1 as unit 1152
[log] [gate_8] perf_8g_10_180_151_1783931039919 enter map_1 as unit 1154
[log] [gate_4] perf_8g_10_180_155_1783931039923 enter map_1 as unit 1155
[log] [gate_5] perf_8g_10_180_156_1783931039925 enter map_1 as unit 1156
[log] [gate_7] perf_8g_10_180_158_1783931039932 enter map_1 as unit 1157
[log] [login_1] perf_8g_10_180_165_1783931039945 login count 1
[log] [login_1] perf_8g_10_180_166_1783931039946 login count 1
[log] [login_1] perf_8g_10_180_167_1783931039947 login count 1
[log] [login_1] perf_8g_10_180_168_1783931039947 login count 1
[log] [login_1] perf_8g_10_180_169_1783931039948 login count 1
[log] [login_1] perf_8g_10_180_170_1783931039948 login count 1
[log] [login_1] perf_8g_10_180_171_1783931039951 login count 1
[log] [login_1] perf_8g_10_180_172_1783931039952 login count 1
[log] [login_1] perf_8g_10_180_173_1783931039953 login count 1
[log] [gate_6] perf_8g_10_180_157_1783931039926 enter map_1 as unit 1162
[log] [gate_2] perf_8g_10_180_161_1783931039934 enter map_1 as unit 1158
[log] [gate_3] perf_8g_10_180_162_1783931039937 enter map_1 as unit 1160
[log] [gate_1] perf_8g_10_180_159_1783931039933 enter map_1 as unit 1161
[log] [gate_8] perf_8g_10_180_160_1783931039933 enter map_1 as unit 1159
[log] [gate_4] perf_8g_10_180_163_1783931039937 enter map_1 as unit 1164
[log] [gate_5] perf_8g_10_180_164_1783931039939 enter map_1 as unit 1163
[log] [gate_7] perf_8g_10_180_166_1783931039946 enter map_1 as unit 1165
[log] [login_1] perf_8g_10_180_174_1783931039961 login count 1
[log] [login_1] perf_8g_10_180_175_1783931039962 login count 1
[log] [login_1] perf_8g_10_180_176_1783931039962 login count 1
[log] [login_1] perf_8g_10_180_177_1783931039963 login count 1
[log] [login_1] perf_8g_10_180_178_1783931039963 login count 1
[log] [login_1] perf_8g_10_180_179_1783931039966 login count 1
[log] [gate_6] perf_8g_10_180_165_1783931039945 enter map_1 as unit 1168
[log] [gate_3] perf_8g_10_180_170_1783931039948 enter map_1 as unit 1166
[log] [gate_8] perf_8g_10_180_167_1783931039947 enter map_1 as unit 1167
[log] [gate_1] perf_8g_10_180_168_1783931039947 enter map_1 as unit 1169
[log] [gate_2] perf_8g_10_180_169_1783931039948 enter map_1 as unit 1170
[log] [gate_4] perf_8g_10_180_171_1783931039951 enter map_1 as unit 1173
[log] [gate_5] perf_8g_10_180_172_1783931039952 enter map_1 as unit 1172
[log] [gate_7] perf_8g_10_180_174_1783931039961 enter map_1 as unit 1171
[log] [gate_6] perf_8g_10_180_173_1783931039953 enter map_1 as unit 1174
[log] [gate_3] perf_8g_10_180_178_1783931039963 enter map_1 as unit 1178
[log] [gate_2] perf_8g_10_180_177_1783931039963 enter map_1 as unit 1175
[log] [gate_8] perf_8g_10_180_175_1783931039962 enter map_1 as unit 1177
[log] [gate_1] perf_8g_10_180_176_1783931039962 enter map_1 as unit 1176
[log] [gate_4] perf_8g_10_180_179_1783931039966 enter map_1 as unit 1179
[metrics:inner_transport] active=0 opened=0 pending=0 max_pending=0 overloads=0 timeouts=0 disconnected_calls=0 late_responses=0 idle_closes=0
[process-metrics] process=log cpu_percent=3.12 cpu_time_ms=203 rss_bytes=36847616 v8_heap_used_bytes=2461872 v8_heap_total_bytes=6037504 v8_gc_count=3 v8_gc_ms=0.761 timestamp_ms=1783931044500
[metrics:log] scene=log type=Log processed=360 failed=0 ts_queue=0 ts_max_queue=6 rust_queue=0 rust_max_queue=6 backpressure=0 slow_disconnects=0 update_ms=0.00 handler_ms=0.00 max_handler_ms=1.00 total_handler_ms=6.00
[metrics:inner_transport] active=0 opened=0 pending=0 max_pending=0 overloads=0 timeouts=0 disconnected_calls=0 late_responses=0 idle_closes=0
[process-metrics] process=log cpu_percent=0.00 cpu_time_ms=203 rss_bytes=36855808 v8_heap_used_bytes=2600544 v8_heap_total_bytes=6037504 v8_gc_count=3 v8_gc_ms=0.761 timestamp_ms=1783931049556
[metrics:log] scene=log type=Log processed=360 failed=0 ts_queue=0 ts_max_queue=6 rust_queue=0 rust_max_queue=6 backpressure=0 slow_disconnects=0 update_ms=0.00 handler_ms=0.00 max_handler_ms=1.00 total_handler_ms=6.00
[metrics:inner_transport] active=0 opened=0 pending=0 max_pending=0 overloads=0 timeouts=0 disconnected_calls=0 late_responses=0 idle_closes=0
[process-metrics] process=log cpu_percent=0.30 cpu_time_ms=218 rss_bytes=36847616 v8_heap_used_bytes=2765048 v8_heap_total_bytes=6037504 v8_gc_count=3 v8_gc_ms=0.761 timestamp_ms=1783931054621
[metrics:log] scene=log type=Log processed=360 failed=0 ts_queue=0 ts_max_queue=6 rust_queue=0 rust_max_queue=6 backpressure=0 slow_disconnects=0 update_ms=0.00 handler_ms=0.00 max_handler_ms=1.00 total_handler_ms=6.00
[metrics:inner_transport] active=0 opened=0 pending=0 max_pending=0 overloads=0 timeouts=0 disconnected_calls=0 late_responses=0 idle_closes=0
[process-metrics] process=log cpu_percent=0.64 cpu_time_ms=250 rss_bytes=36925440 v8_heap_used_bytes=2893048 v8_heap_total_bytes=6037504 v8_gc_count=3 v8_gc_ms=0.761 timestamp_ms=1783931059628
[metrics:log] scene=log type=Log processed=360 failed=0 ts_queue=0 ts_max_queue=6 rust_queue=0 rust_max_queue=6 backpressure=0 slow_disconnects=0 update_ms=0.00 handler_ms=0.00 max_handler_ms=1.00 total_handler_ms=6.00
[metrics:inner_transport] active=0 opened=0 pending=0 max_pending=0 overloads=0 timeouts=0 disconnected_calls=0 late_responses=0 idle_closes=0
[process-metrics] process=log cpu_percent=0.62 cpu_time_ms=281 rss_bytes=37056512 v8_heap_used_bytes=3021048 v8_heap_total_bytes=6037504 v8_gc_count=3 v8_gc_ms=0.761 timestamp_ms=1783931064639
[metrics:log] scene=log type=Log processed=360 failed=0 ts_queue=0 ts_max_queue=6 rust_queue=0 rust_max_queue=6 backpressure=0 slow_disconnects=0 update_ms=0.00 handler_ms=0.00 max_handler_ms=1.00 total_handler_ms=6.00
[metrics:inner_transport] active=0 opened=0 pending=0 max_pending=0 overloads=0 timeouts=0 disconnected_calls=0 late_responses=0 idle_closes=0
[process-metrics] process=log cpu_percent=0.62 cpu_time_ms=312 rss_bytes=37138432 v8_heap_used_bytes=3150664 v8_heap_total_bytes=6299648 v8_gc_count=3 v8_gc_ms=0.761 timestamp_ms=1783931069677
[metrics:log] scene=log type=Log processed=360 failed=0 ts_queue=0 ts_max_queue=6 rust_queue=0 rust_max_queue=6 backpressure=0 slow_disconnects=0 update_ms=0.00 handler_ms=0.00 max_handler_ms=1.00 total_handler_ms=6.00
[metrics:inner_transport] active=0 opened=0 pending=0 max_pending=0 overloads=0 timeouts=0 disconnected_calls=0 late_responses=0 idle_closes=0
[process-metrics] process=log cpu_percent=0.32 cpu_time_ms=328 rss_bytes=37449728 v8_heap_used_bytes=3284520 v8_heap_total_bytes=6299648 v8_gc_count=3 v8_gc_ms=0.761 timestamp_ms=1783931074740
[metrics:log] scene=log type=Log processed=360 failed=0 ts_queue=0 ts_max_queue=6 rust_queue=0 rust_max_queue=6 backpressure=0 slow_disconnects=0 update_ms=0.00 handler_ms=0.00 max_handler_ms=1.00 total_handler_ms=6.00
[metrics:inner_transport] active=0 opened=0 pending=0 max_pending=0 overloads=0 timeouts=0 disconnected_calls=0 late_responses=0 idle_closes=0
[process-metrics] process=log cpu_percent=0.30 cpu_time_ms=343 rss_bytes=37580800 v8_heap_used_bytes=3411248 v8_heap_total_bytes=6561792 v8_gc_count=3 v8_gc_ms=0.761 timestamp_ms=1783931079736
[metrics:log] scene=log type=Log processed=360 failed=0 ts_queue=0 ts_max_queue=6 rust_queue=0 rust_max_queue=6 backpressure=0 slow_disconnects=0 update_ms=0.00 handler_ms=0.00 max_handler_ms=1.00 total_handler_ms=6.00
