starting process map1 with one V8 and 1 scene(s) from E:\VsCode\skynet\ets_runtime\perf\results\runtime_configs\map_capacity_20260713_082359\195p_8g_r2\map1.json
scene map_1 (MapHost) listening on 127.0.0.1:7301
[process:map1] one V8 started with 1 scene(s)
[map_1] MapHost scene started at 127.0.0.1:7301
map_1 accepted 127.0.0.1:52455 as conn 1
map_1 accepted 127.0.0.1:52513 as conn 2
map_1 accepted 127.0.0.1:52514 as conn 3
map_1 accepted 127.0.0.1:52515 as conn 4
map_1 accepted 127.0.0.1:52518 as conn 5
map_1 accepted 127.0.0.1:52517 as conn 6
map_1 accepted 127.0.0.1:52516 as conn 7
[map_1] perf_8g_10_195_0_1783931207804 enter map 1 unit 1000
map_1 accepted 127.0.0.1:52519 as conn 8
map_1 accepted 127.0.0.1:52521 as conn 9
[map_1] perf_8g_10_195_3_1783931207805 enter map 1 unit 1001
[map_1] perf_8g_10_195_6_1783931207805 enter map 1 unit 1002
[map_1] perf_8g_10_195_1_1783931207805 enter map 1 unit 1003
[map_1] perf_8g_10_195_9_1783931207805 enter map 1 unit 1004
[map_1] perf_8g_10_195_13_1783931207805 enter map 1 unit 1005
[map_1] perf_8g_10_195_7_1783931207805 enter map 1 unit 1006
[map_1] perf_8g_10_195_12_1783931207805 enter map 1 unit 1007
[map_1] perf_8g_10_195_10_1783931207805 enter map 1 unit 1008
[map_1] perf_8g_10_195_15_1783931207806 enter map 1 unit 1009
[map_1] perf_8g_10_195_5_1783931207805 enter map 1 unit 1010
[map_1] perf_8g_10_195_14_1783931207805 enter map 1 unit 1011
[map_1] perf_8g_10_195_11_1783931207805 enter map 1 unit 1012
[map_1] perf_8g_10_195_8_1783931207805 enter map 1 unit 1013
[map_1] perf_8g_10_195_4_1783931207805 enter map 1 unit 1014
[map_1] perf_8g_10_195_2_1783931207805 enter map 1 unit 1015
[map_1] perf_8g_10_195_16_1783931207830 enter map 1 unit 1016
[map_1] perf_8g_10_195_17_1783931207831 enter map 1 unit 1017
[map_1] perf_8g_10_195_18_1783931207833 enter map 1 unit 1018
[map_1] perf_8g_10_195_19_1783931207834 enter map 1 unit 1019
[map_1] perf_8g_10_195_20_1783931207836 enter map 1 unit 1020
[map_1] perf_8g_10_195_21_1783931207836 enter map 1 unit 1021
[map_1] perf_8g_10_195_22_1783931207837 enter map 1 unit 1022
[map_1] perf_8g_10_195_24_1783931207837 enter map 1 unit 1023
[map_1] perf_8g_10_195_27_1783931207838 enter map 1 unit 1024
[map_1] perf_8g_10_195_25_1783931207838 enter map 1 unit 1025
[map_1] perf_8g_10_195_26_1783931207838 enter map 1 unit 1026
[map_1] perf_8g_10_195_28_1783931207838 enter map 1 unit 1027
[map_1] perf_8g_10_195_23_1783931207837 enter map 1 unit 1028
[map_1] perf_8g_10_195_30_1783931207839 enter map 1 unit 1029
[map_1] perf_8g_10_195_29_1783931207839 enter map 1 unit 1030
[map_1] perf_8g_10_195_32_1783931207839 enter map 1 unit 1031
[map_1] perf_8g_10_195_33_1783931207845 enter map 1 unit 1032
[map_1] perf_8g_10_195_35_1783931207845 enter map 1 unit 1033
[map_1] perf_8g_10_195_31_1783931207839 enter map 1 unit 1034
[map_1] perf_8g_10_195_34_1783931207845 enter map 1 unit 1035
[map_1] perf_8g_10_195_36_1783931207851 enter map 1 unit 1036
[map_1] perf_8g_10_195_37_1783931207853 enter map 1 unit 1037
[map_1] perf_8g_10_195_38_1783931207854 enter map 1 unit 1038
[map_1] perf_8g_10_195_39_1783931207855 enter map 1 unit 1039
[map_1] perf_8g_10_195_40_1783931207856 enter map 1 unit 1040
[map_1] perf_8g_10_195_41_1783931207858 enter map 1 unit 1041
[map_1] perf_8g_10_195_42_1783931207858 enter map 1 unit 1042
[map_1] perf_8g_10_195_43_1783931207859 enter map 1 unit 1043
[map_1] perf_8g_10_195_44_1783931207859 enter map 1 unit 1044
[map_1] perf_8g_10_195_45_1783931207860 enter map 1 unit 1045
[map_1] perf_8g_10_195_46_1783931207860 enter map 1 unit 1046
[map_1] perf_8g_10_195_48_1783931207861 enter map 1 unit 1048
[map_1] perf_8g_10_195_47_1783931207861 enter map 1 unit 1047
[map_1] perf_8g_10_195_49_1783931207862 enter map 1 unit 1049
[map_1] perf_8g_10_195_51_1783931207864 enter map 1 unit 1050
[map_1] perf_8g_10_195_50_1783931207862 enter map 1 unit 1051
[map_1] perf_8g_10_195_52_1783931207864 enter map 1 unit 1052
[map_1] perf_8g_10_195_54_1783931207867 enter map 1 unit 1053
[map_1] perf_8g_10_195_53_1783931207865 enter map 1 unit 1054
[map_1] perf_8g_10_195_55_1783931207870 enter map 1 unit 1055
[map_1] perf_8g_10_195_56_1783931207871 enter map 1 unit 1056
[map_1] perf_8g_10_195_57_1783931207876 enter map 1 unit 1057
[map_1] perf_8g_10_195_58_1783931207876 enter map 1 unit 1058
[map_1] perf_8g_10_195_59_1783931207877 enter map 1 unit 1059
[map_1] perf_8g_10_195_60_1783931207877 enter map 1 unit 1060
[map_1] perf_8g_10_195_61_1783931207879 enter map 1 unit 1061
[map_1] perf_8g_10_195_62_1783931207879 enter map 1 unit 1062
[map_1] perf_8g_10_195_63_1783931207880 enter map 1 unit 1063
[map_1] perf_8g_10_195_64_1783931207880 enter map 1 unit 1064
[map_1] perf_8g_10_195_65_1783931207881 enter map 1 unit 1065
[map_1] perf_8g_10_195_68_1783931207884 enter map 1 unit 1066
[map_1] perf_8g_10_195_66_1783931207883 enter map 1 unit 1068
[map_1] perf_8g_10_195_67_1783931207884 enter map 1 unit 1067
[map_1] perf_8g_10_195_69_1783931207885 enter map 1 unit 1069
[map_1] perf_8g_10_195_70_1783931207886 enter map 1 unit 1070
[map_1] perf_8g_10_195_72_1783931207889 enter map 1 unit 1072
[map_1] perf_8g_10_195_71_1783931207888 enter map 1 unit 1071
[map_1] perf_8g_10_195_73_1783931207895 enter map 1 unit 1073
[map_1] perf_8g_10_195_74_1783931207898 enter map 1 unit 1074
[map_1] perf_8g_10_195_75_1783931207898 enter map 1 unit 1075
[map_1] perf_8g_10_195_77_1783931207900 enter map 1 unit 1077
[map_1] perf_8g_10_195_76_1783931207899 enter map 1 unit 1076
[map_1] perf_8g_10_195_78_1783931207901 enter map 1 unit 1078
[map_1] perf_8g_10_195_81_1783931207903 enter map 1 unit 1081
[map_1] perf_8g_10_195_79_1783931207902 enter map 1 unit 1079
[map_1] perf_8g_10_195_80_1783931207902 enter map 1 unit 1080
[map_1] perf_8g_10_195_82_1783931207906 enter map 1 unit 1082
[map_1] perf_8g_10_195_83_1783931207907 enter map 1 unit 1085
[map_1] perf_8g_10_195_84_1783931207907 enter map 1 unit 1083
[map_1] perf_8g_10_195_85_1783931207908 enter map 1 unit 1084
[map_1] perf_8g_10_195_88_1783931207910 enter map 1 unit 1086
[map_1] perf_8g_10_195_89_1783931207917 enter map 1 unit 1089
[map_1] perf_8g_10_195_86_1783931207910 enter map 1 unit 1087
[map_1] perf_8g_10_195_87_1783931207910 enter map 1 unit 1088
[map_1] perf_8g_10_195_92_1783931207922 enter map 1 unit 1090
[map_1] perf_8g_10_195_91_1783931207922 enter map 1 unit 1093
[map_1] perf_8g_10_195_93_1783931207923 enter map 1 unit 1091
[map_1] perf_8g_10_195_90_1783931207919 enter map 1 unit 1092
[map_1] perf_8g_10_195_94_1783931207925 enter map 1 unit 1094
[map_1] perf_8g_10_195_97_1783931207927 enter map 1 unit 1097
[map_1] perf_8g_10_195_96_1783931207926 enter map 1 unit 1095
[map_1] perf_8g_10_195_95_1783931207926 enter map 1 unit 1096
[map_1] perf_8g_10_195_98_1783931207931 enter map 1 unit 1098
[map_1] perf_8g_10_195_99_1783931207931 enter map 1 unit 1099
[map_1] perf_8g_10_195_101_1783931207932 enter map 1 unit 1101
[map_1] perf_8g_10_195_100_1783931207931 enter map 1 unit 1100
[map_1] perf_8g_10_195_102_1783931207937 enter map 1 unit 1102
[map_1] perf_8g_10_195_103_1783931207937 enter map 1 unit 1103
[map_1] perf_8g_10_195_104_1783931207937 enter map 1 unit 1104
[map_1] perf_8g_10_195_105_1783931207938 enter map 1 unit 1105
[map_1] perf_8g_10_195_107_1783931207945 enter map 1 unit 1106
[map_1] perf_8g_10_195_106_1783931207945 enter map 1 unit 1107
[map_1] perf_8g_10_195_108_1783931207946 enter map 1 unit 1108
[map_1] perf_8g_10_195_109_1783931207946 enter map 1 unit 1109
[map_1] perf_8g_10_195_110_1783931207952 enter map 1 unit 1110
[map_1] perf_8g_10_195_112_1783931207952 enter map 1 unit 1111
[map_1] perf_8g_10_195_113_1783931207953 enter map 1 unit 1114
[map_1] perf_8g_10_195_114_1783931207954 enter map 1 unit 1112
[map_1] perf_8g_10_195_111_1783931207952 enter map 1 unit 1113
[map_1] perf_8g_10_195_115_1783931207958 enter map 1 unit 1115
[map_1] perf_8g_10_195_116_1783931207958 enter map 1 unit 1116
[map_1] perf_8g_10_195_117_1783931207959 enter map 1 unit 1117
[map_1] perf_8g_10_195_121_1783931207969 enter map 1 unit 1120
[map_1] perf_8g_10_195_118_1783931207963 enter map 1 unit 1118
[map_1] perf_8g_10_195_120_1783931207965 enter map 1 unit 1119
[map_1] perf_8g_10_195_119_1783931207964 enter map 1 unit 1121
[map_1] perf_8g_10_195_124_1783931207974 enter map 1 unit 1124
[map_1] perf_8g_10_195_122_1783931207971 enter map 1 unit 1122
[map_1] perf_8g_10_195_123_1783931207974 enter map 1 unit 1123
[map_1] perf_8g_10_195_128_1783931207988 enter map 1 unit 1125
[map_1] perf_8g_10_195_129_1783931207988 enter map 1 unit 1128
[map_1] perf_8g_10_195_125_1783931207977 enter map 1 unit 1126
[map_1] perf_8g_10_195_126_1783931207982 enter map 1 unit 1127
[map_1] perf_8g_10_195_131_1783931207992 enter map 1 unit 1129
[map_1] perf_8g_10_195_130_1783931207989 enter map 1 unit 1132
[map_1] perf_8g_10_195_132_1783931207993 enter map 1 unit 1130
[map_1] perf_8g_10_195_127_1783931207987 enter map 1 unit 1131
[map_1] perf_8g_10_195_133_1783931208000 enter map 1 unit 1133
[map_1] perf_8g_10_195_134_1783931208001 enter map 1 unit 1136
[map_1] perf_8g_10_195_137_1783931208008 enter map 1 unit 1134
[map_1] perf_8g_10_195_136_1783931208002 enter map 1 unit 1135
[map_1] perf_8g_10_195_138_1783931208010 enter map 1 unit 1137
[map_1] perf_8g_10_195_135_1783931208001 enter map 1 unit 1140
[map_1] perf_8g_10_195_139_1783931208011 enter map 1 unit 1138
[map_1] perf_8g_10_195_140_1783931208014 enter map 1 unit 1139
[map_1] perf_8g_10_195_142_1783931208020 enter map 1 unit 1141
[map_1] perf_8g_10_195_141_1783931208019 enter map 1 unit 1144
[map_1] perf_8g_10_195_144_1783931208022 enter map 1 unit 1142
[map_1] perf_8g_10_195_145_1783931208029 enter map 1 unit 1143
[map_1] perf_8g_10_195_143_1783931208021 enter map 1 unit 1145
[map_1] perf_8g_10_195_147_1783931208031 enter map 1 unit 1148
[map_1] perf_8g_10_195_148_1783931208032 enter map 1 unit 1146
[map_1] perf_8g_10_195_146_1783931208030 enter map 1 unit 1147
[map_1] perf_8g_10_195_149_1783931208037 enter map 1 unit 1149
[map_1] perf_8g_10_195_150_1783931208039 enter map 1 unit 1152
[map_1] perf_8g_10_195_154_1783931208047 enter map 1 unit 1150
[map_1] perf_8g_10_195_152_1783931208040 enter map 1 unit 1151
[map_1] perf_8g_10_195_153_1783931208046 enter map 1 unit 1153
[map_1] perf_8g_10_195_151_1783931208040 enter map 1 unit 1156
[map_1] perf_8g_10_195_155_1783931208048 enter map 1 unit 1154
[map_1] perf_8g_10_195_157_1783931208057 enter map 1 unit 1155
[map_1] perf_8g_10_195_161_1783931208064 enter map 1 unit 1157
[map_1] perf_8g_10_195_156_1783931208055 enter map 1 unit 1160
[map_1] perf_8g_10_195_160_1783931208063 enter map 1 unit 1158
[map_1] perf_8g_10_195_158_1783931208058 enter map 1 unit 1159
[map_1] perf_8g_10_195_159_1783931208058 enter map 1 unit 1161
[map_1] perf_8g_10_195_164_1783931208068 enter map 1 unit 1164
[map_1] perf_8g_10_195_162_1783931208065 enter map 1 unit 1162
[map_1] perf_8g_10_195_163_1783931208066 enter map 1 unit 1163
[map_1] perf_8g_10_195_165_1783931208074 enter map 1 unit 1165
[map_1] perf_8g_10_195_169_1783931208084 enter map 1 unit 1168
[map_1] perf_8g_10_195_168_1783931208077 enter map 1 unit 1166
[map_1] perf_8g_10_195_166_1783931208075 enter map 1 unit 1167
[map_1] perf_8g_10_195_167_1783931208076 enter map 1 unit 1169
[map_1] perf_8g_10_195_174_1783931208098 enter map 1 unit 1172
[map_1] perf_8g_10_195_170_1783931208085 enter map 1 unit 1170
[map_1] perf_8g_10_195_171_1783931208086 enter map 1 unit 1171
[map_1] perf_8g_10_195_172_1783931208095 enter map 1 unit 1173
[map_1] perf_8g_10_195_176_1783931208105 enter map 1 unit 1176
[map_1] perf_8g_10_195_177_1783931208106 enter map 1 unit 1174
[map_1] perf_8g_10_195_173_1783931208097 enter map 1 unit 1175
[map_1] perf_8g_10_195_178_1783931208107 enter map 1 unit 1177
[map_1] perf_8g_10_195_179_1783931208107 enter map 1 unit 1180
[map_1] perf_8g_10_195_175_1783931208099 enter map 1 unit 1178
[map_1] perf_8g_10_195_180_1783931208108 enter map 1 unit 1179
[map_1] perf_8g_10_195_183_1783931208119 enter map 1 unit 1181
[map_1] perf_8g_10_195_181_1783931208117 enter map 1 unit 1184
[map_1] perf_8g_10_195_185_1783931208130 enter map 1 unit 1182
[map_1] perf_8g_10_195_184_1783931208120 enter map 1 unit 1183
[map_1] perf_8g_10_195_182_1783931208118 enter map 1 unit 1185
[map_1] perf_8g_10_195_186_1783931208130 enter map 1 unit 1188
[map_1] perf_8g_10_195_187_1783931208132 enter map 1 unit 1186
[map_1] perf_8g_10_195_188_1783931208133 enter map 1 unit 1187
[map_1] perf_8g_10_195_189_1783931208140 enter map 1 unit 1189
[map_1] perf_8g_10_195_190_1783931208142 enter map 1 unit 1192
[map_1] perf_8g_10_195_192_1783931208143 enter map 1 unit 1190
[map_1] perf_8g_10_195_193_1783931208152 enter map 1 unit 1191
[map_1] perf_8g_10_195_194_1783931208153 enter map 1 unit 1193
[map_1] perf_8g_10_195_191_1783931208143 enter map 1 unit 1194
[metrics:inner_transport] active=8 opened=8 pending=0 max_pending=0 overloads=0 timeouts=0 disconnected_calls=0 late_responses=0 idle_closes=0
[process-metrics] process=map1 cpu_percent=142.54 cpu_time_ms=7265 rss_bytes=122847232 v8_heap_used_bytes=5871048 v8_heap_total_bytes=76292096 v8_gc_count=125 v8_gc_ms=80.929 timestamp_ms=1783931212595
[metrics:map1] scene=map_1 type=MapHost processed=9750 failed=0 ts_queue=0 ts_max_queue=172 rust_queue=0 rust_max_queue=172 backpressure=0 slow_disconnects=0 update_ms=0.00 handler_ms=16.00 max_handler_ms=31.00 total_handler_ms=106311.00
[metrics:inner_transport] active=8 opened=8 pending=0 max_pending=0 overloads=0 timeouts=0 disconnected_calls=0 late_responses=0 idle_closes=0
[process-metrics] process=map1 cpu_percent=119.98 cpu_time_ms=13281 rss_bytes=124628992 v8_heap_used_bytes=29696248 v8_heap_total_bytes=77864960 v8_gc_count=223 v8_gc_ms=160.982 timestamp_ms=1783931217609
[metrics:map1] scene=map_1 type=MapHost processed=20475 failed=0 ts_queue=0 ts_max_queue=172 rust_queue=190 rust_max_queue=190 backpressure=0 slow_disconnects=0 update_ms=0.00 handler_ms=20.00 max_handler_ms=50.00 total_handler_ms=239964.00
[metrics:inner_transport] active=8 opened=8 pending=0 max_pending=0 overloads=0 timeouts=0 disconnected_calls=0 late_responses=0 idle_closes=0
[process-metrics] process=map1 cpu_percent=98.45 cpu_time_ms=18203 rss_bytes=128385024 v8_heap_used_bytes=14955040 v8_heap_total_bytes=82059264 v8_gc_count=322 v8_gc_ms=245.583 timestamp_ms=1783931222609
[metrics:map1] scene=map_1 type=MapHost processed=31209 failed=0 ts_queue=0 ts_max_queue=190 rust_queue=177 rust_max_queue=190 backpressure=0 slow_disconnects=0 update_ms=1.00 handler_ms=1.00 max_handler_ms=96.00 total_handler_ms=390711.00
[metrics:inner_transport] active=8 opened=8 pending=0 max_pending=0 overloads=0 timeouts=0 disconnected_calls=0 late_responses=0 idle_closes=0
[process-metrics] process=map1 cpu_percent=91.13 cpu_time_ms=22765 rss_bytes=135434240 v8_heap_used_bytes=23720144 v8_heap_total_bytes=89923584 v8_gc_count=421 v8_gc_ms=320.039 timestamp_ms=1783931227615
[metrics:map1] scene=map_1 type=MapHost processed=41985 failed=0 ts_queue=0 ts_max_queue=190 rust_queue=130 rust_max_queue=190 backpressure=0 slow_disconnects=0 update_ms=6.00 handler_ms=6.00 max_handler_ms=96.00 total_handler_ms=493027.00
[metrics:inner_transport] active=8 opened=8 pending=0 max_pending=0 overloads=0 timeouts=0 disconnected_calls=0 late_responses=0 idle_closes=0
[process-metrics] process=map1 cpu_percent=95.93 cpu_time_ms=27562 rss_bytes=136433664 v8_heap_used_bytes=25191800 v8_heap_total_bytes=89923584 v8_gc_count=519 v8_gc_ms=401.727 timestamp_ms=1783931232615
[metrics:map1] scene=map_1 type=MapHost processed=52711 failed=0 ts_queue=0 ts_max_queue=190 rust_queue=131 rust_max_queue=190 backpressure=0 slow_disconnects=0 update_ms=8.00 handler_ms=8.00 max_handler_ms=96.00 total_handler_ms=620040.00
[metrics:inner_transport] active=8 opened=8 pending=0 max_pending=0 overloads=0 timeouts=0 disconnected_calls=0 late_responses=0 idle_closes=0
[process-metrics] process=map1 cpu_percent=92.86 cpu_time_ms=32218 rss_bytes=136482816 v8_heap_used_bytes=22120712 v8_heap_total_bytes=89923584 v8_gc_count=616 v8_gc_ms=469.151 timestamp_ms=1783931237629
[metrics:map1] scene=map_1 type=MapHost processed=63540 failed=0 ts_queue=0 ts_max_queue=190 rust_queue=30 rust_max_queue=190 backpressure=0 slow_disconnects=0 update_ms=13.00 handler_ms=13.00 max_handler_ms=96.00 total_handler_ms=712579.00
[metrics:inner_transport] active=8 opened=8 pending=0 max_pending=0 overloads=0 timeouts=0 disconnected_calls=0 late_responses=0 idle_closes=0
[process-metrics] process=map1 cpu_percent=81.86 cpu_time_ms=36312 rss_bytes=136470528 v8_heap_used_bytes=19634504 v8_heap_total_bytes=83632128 v8_gc_count=714 v8_gc_ms=543.882 timestamp_ms=1783931242630
[metrics:map1] scene=map_1 type=MapHost processed=74292 failed=0 ts_queue=0 ts_max_queue=190 rust_queue=3 rust_max_queue=190 backpressure=0 slow_disconnects=0 update_ms=5.00 handler_ms=5.00 max_handler_ms=96.00 total_handler_ms=811175.00
[metrics:inner_transport] active=8 opened=8 pending=0 max_pending=0 overloads=0 timeouts=0 disconnected_calls=0 late_responses=0 idle_closes=0
[process-metrics] process=map1 cpu_percent=90.28 cpu_time_ms=40828 rss_bytes=129777664 v8_heap_used_bytes=37643888 v8_heap_total_bytes=83632128 v8_gc_count=809 v8_gc_ms=619.090 timestamp_ms=1783931247632
[metrics:map1] scene=map_1 type=MapHost processed=84913 failed=0 ts_queue=0 ts_max_queue=190 rust_queue=107 rust_max_queue=190 backpressure=0 slow_disconnects=0 update_ms=5.00 handler_ms=4.00 max_handler_ms=96.00 total_handler_ms=919145.00
[map_1] perf_8g_10_195_2_1783931207805 leave map 1 unit 1015
[map_1] perf_8g_10_195_0_1783931207804 leave map 1 unit 1000
[map_1] perf_8g_10_195_101_1783931207932 leave map 1 unit 1101
[map_1] perf_8g_10_195_13_1783931207805 leave map 1 unit 1005
[map_1] perf_8g_10_195_100_1783931207931 leave map 1 unit 1100
[map_1] perf_8g_10_195_10_1783931207805 leave map 1 unit 1008
[map_1] perf_8g_10_195_110_1783931207952 leave map 1 unit 1110
[map_1] perf_8g_10_195_98_1783931207931 leave map 1 unit 1098
[map_1] perf_8g_10_195_107_1783931207945 leave map 1 unit 1106
[map_1] perf_8g_10_195_16_1783931207830 leave map 1 unit 1016
[map_1] perf_8g_10_195_105_1783931207938 leave map 1 unit 1105
[map_1] perf_8g_10_195_96_1783931207926 leave map 1 unit 1095
[map_1] perf_8g_10_195_1_1783931207805 leave map 1 unit 1003
[map_1] perf_8g_10_195_112_1783931207952 leave map 1 unit 1111
[map_1] perf_8g_10_195_93_1783931207923 leave map 1 unit 1091
[map_1] perf_8g_10_195_5_1783931207805 leave map 1 unit 1010
[map_1] perf_8g_10_195_99_1783931207931 leave map 1 unit 1099
[map_1] perf_8g_10_195_102_1783931207937 leave map 1 unit 1102
[map_1] perf_8g_10_195_7_1783931207805 leave map 1 unit 1006
[map_1] perf_8g_10_195_103_1783931207937 leave map 1 unit 1103
[map_1] perf_8g_10_195_88_1783931207910 leave map 1 unit 1086
[map_1] perf_8g_10_195_8_1783931207805 leave map 1 unit 1013
[map_1] perf_8g_10_195_97_1783931207927 leave map 1 unit 1097
[map_1] perf_8g_10_195_3_1783931207805 leave map 1 unit 1001
[map_1] perf_8g_10_195_95_1783931207926 leave map 1 unit 1096
[map_1] perf_8g_10_195_92_1783931207922 leave map 1 unit 1090
[map_1] perf_8g_10_195_84_1783931207907 leave map 1 unit 1083
[map_1] perf_8g_10_195_21_1783931207836 leave map 1 unit 1021
[map_1] perf_8g_10_195_90_1783931207919 leave map 1 unit 1092
[map_1] perf_8g_10_195_17_1783931207831 leave map 1 unit 1017
[map_1] perf_8g_10_195_82_1783931207906 leave map 1 unit 1082
[map_1] perf_8g_10_195_11_1783931207805 leave map 1 unit 1012
[map_1] perf_8g_10_195_91_1783931207922 leave map 1 unit 1093
[map_1] perf_8g_10_195_80_1783931207902 leave map 1 unit 1080
[map_1] perf_8g_10_195_87_1783931207910 leave map 1 unit 1088
[map_1] perf_8g_10_195_4_1783931207805 leave map 1 unit 1014
[map_1] perf_8g_10_195_94_1783931207925 leave map 1 unit 1094
[map_1] perf_8g_10_195_22_1783931207837 leave map 1 unit 1022
[map_1] perf_8g_10_195_86_1783931207910 leave map 1 unit 1087
[map_1] perf_8g_10_195_85_1783931207908 leave map 1 unit 1084
[map_1] perf_8g_10_195_24_1783931207837 leave map 1 unit 1023
[map_1] perf_8g_10_195_77_1783931207900 leave map 1 unit 1077
[map_1] perf_8g_10_195_25_1783931207838 leave map 1 unit 1025
[map_1] perf_8g_10_195_89_1783931207917 leave map 1 unit 1089
[map_1] perf_8g_10_195_81_1783931207903 leave map 1 unit 1081
[map_1] perf_8g_10_195_9_1783931207805 leave map 1 unit 1004
[map_1] perf_8g_10_195_74_1783931207898 leave map 1 unit 1074
[map_1] perf_8g_10_195_76_1783931207899 leave map 1 unit 1076
[map_1] perf_8g_10_195_18_1783931207833 leave map 1 unit 1018
[map_1] perf_8g_10_195_83_1783931207907 leave map 1 unit 1085
[map_1] perf_8g_10_195_6_1783931207805 leave map 1 unit 1002
[map_1] perf_8g_10_195_79_1783931207902 leave map 1 unit 1079
[map_1] perf_8g_10_195_12_1783931207805 leave map 1 unit 1007
[map_1] perf_8g_10_195_73_1783931207895 leave map 1 unit 1073
[map_1] perf_8g_10_195_69_1783931207885 leave map 1 unit 1069
[map_1] perf_8g_10_195_15_1783931207806 leave map 1 unit 1009
[map_1] perf_8g_10_195_61_1783931207879 leave map 1 unit 1061
[map_1] perf_8g_10_195_23_1783931207837 leave map 1 unit 1028
[map_1] perf_8g_10_195_78_1783931207901 leave map 1 unit 1078
[map_1] perf_8g_10_195_29_1783931207839 leave map 1 unit 1030
[map_1] perf_8g_10_195_65_1783931207881 leave map 1 unit 1065
[map_1] perf_8g_10_195_72_1783931207889 leave map 1 unit 1072
[map_1] perf_8g_10_195_14_1783931207805 leave map 1 unit 1011
[map_1] perf_8g_10_195_64_1783931207880 leave map 1 unit 1064
[map_1] perf_8g_10_195_30_1783931207839 leave map 1 unit 1029
[map_1] perf_8g_10_195_75_1783931207898 leave map 1 unit 1075
[map_1] perf_8g_10_195_26_1783931207838 leave map 1 unit 1026
[map_1] perf_8g_10_195_67_1783931207884 leave map 1 unit 1067
[map_1] perf_8g_10_195_31_1783931207839 leave map 1 unit 1034
[map_1] perf_8g_10_195_71_1783931207888 leave map 1 unit 1071
[map_1] perf_8g_10_195_63_1783931207880 leave map 1 unit 1063
[map_1] perf_8g_10_195_20_1783931207836 leave map 1 unit 1020
[map_1] perf_8g_10_195_66_1783931207883 leave map 1 unit 1068
[map_1] perf_8g_10_195_19_1783931207834 leave map 1 unit 1019
[map_1] perf_8g_10_195_58_1783931207876 leave map 1 unit 1058
[map_1] perf_8g_10_195_27_1783931207838 leave map 1 unit 1024
[map_1] perf_8g_10_195_70_1783931207886 leave map 1 unit 1070
[map_1] perf_8g_10_195_57_1783931207876 leave map 1 unit 1057
[map_1] perf_8g_10_195_32_1783931207839 leave map 1 unit 1031
[map_1] perf_8g_10_195_68_1783931207884 leave map 1 unit 1066
[map_1] perf_8g_10_195_35_1783931207845 leave map 1 unit 1033
[map_1] perf_8g_10_195_62_1783931207879 leave map 1 unit 1062
[map_1] perf_8g_10_195_34_1783931207845 leave map 1 unit 1035
[map_1] perf_8g_10_195_60_1783931207877 leave map 1 unit 1060
[map_1] perf_8g_10_195_28_1783931207838 leave map 1 unit 1027
[map_1] perf_8g_10_195_56_1783931207871 leave map 1 unit 1056
[map_1] perf_8g_10_195_33_1783931207845 leave map 1 unit 1032
[map_1] perf_8g_10_195_59_1783931207877 leave map 1 unit 1059
[map_1] perf_8g_10_195_55_1783931207870 leave map 1 unit 1055
[map_1] perf_8g_10_195_37_1783931207853 leave map 1 unit 1037
[map_1] perf_8g_10_195_54_1783931207867 leave map 1 unit 1053
[map_1] perf_8g_10_195_38_1783931207854 leave map 1 unit 1038
[map_1] perf_8g_10_195_52_1783931207864 leave map 1 unit 1052
[map_1] perf_8g_10_195_36_1783931207851 leave map 1 unit 1036
[map_1] perf_8g_10_195_51_1783931207864 leave map 1 unit 1050
[map_1] perf_8g_10_195_39_1783931207855 leave map 1 unit 1039
[map_1] perf_8g_10_195_49_1783931207862 leave map 1 unit 1049
[map_1] perf_8g_10_195_40_1783931207856 leave map 1 unit 1040
[map_1] perf_8g_10_195_50_1783931207862 leave map 1 unit 1051
[map_1] perf_8g_10_195_41_1783931207858 leave map 1 unit 1041
[map_1] perf_8g_10_195_53_1783931207865 leave map 1 unit 1054
[map_1] perf_8g_10_195_42_1783931207858 leave map 1 unit 1042
[map_1] perf_8g_10_195_48_1783931207861 leave map 1 unit 1048
[map_1] perf_8g_10_195_43_1783931207859 leave map 1 unit 1043
[map_1] perf_8g_10_195_47_1783931207861 leave map 1 unit 1047
[map_1] perf_8g_10_195_44_1783931207859 leave map 1 unit 1044
[map_1] perf_8g_10_195_45_1783931207860 leave map 1 unit 1045
[map_1] perf_8g_10_195_46_1783931207860 leave map 1 unit 1046
[map_1] perf_8g_10_195_193_1783931208152 leave map 1 unit 1191
[map_1] perf_8g_10_195_115_1783931207958 leave map 1 unit 1115
[map_1] perf_8g_10_195_194_1783931208153 leave map 1 unit 1193
[map_1] perf_8g_10_195_192_1783931208143 leave map 1 unit 1190
[map_1] perf_8g_10_195_191_1783931208143 leave map 1 unit 1194
[map_1] perf_8g_10_195_190_1783931208142 leave map 1 unit 1192
[map_1] perf_8g_10_195_189_1783931208140 leave map 1 unit 1189
[map_1] perf_8g_10_195_188_1783931208133 leave map 1 unit 1187
[map_1] perf_8g_10_195_185_1783931208130 leave map 1 unit 1182
[map_1] perf_8g_10_195_186_1783931208130 leave map 1 unit 1188
[map_1] perf_8g_10_195_187_1783931208132 leave map 1 unit 1186
[map_1] perf_8g_10_195_184_1783931208120 leave map 1 unit 1183
[map_1] perf_8g_10_195_183_1783931208119 leave map 1 unit 1181
[map_1] perf_8g_10_195_181_1783931208117 leave map 1 unit 1184
[map_1] perf_8g_10_195_182_1783931208118 leave map 1 unit 1185
[map_1] perf_8g_10_195_180_1783931208108 leave map 1 unit 1179
[map_1] perf_8g_10_195_179_1783931208107 leave map 1 unit 1180
[map_1] perf_8g_10_195_119_1783931207964 leave map 1 unit 1121
[map_1] perf_8g_10_195_106_1783931207945 leave map 1 unit 1107
[map_1] perf_8g_10_195_178_1783931208107 leave map 1 unit 1177
[map_1] perf_8g_10_195_177_1783931208106 leave map 1 unit 1174
[map_1] perf_8g_10_195_176_1783931208105 leave map 1 unit 1176
[map_1] perf_8g_10_195_174_1783931208098 leave map 1 unit 1172
[map_1] perf_8g_10_195_172_1783931208095 leave map 1 unit 1173
[map_1] perf_8g_10_195_175_1783931208099 leave map 1 unit 1178
[map_1] perf_8g_10_195_173_1783931208097 leave map 1 unit 1175
[map_1] perf_8g_10_195_108_1783931207946 leave map 1 unit 1108
[map_1] perf_8g_10_195_171_1783931208086 leave map 1 unit 1171
[map_1] perf_8g_10_195_170_1783931208085 leave map 1 unit 1170
[map_1] perf_8g_10_195_169_1783931208084 leave map 1 unit 1168
[map_1] perf_8g_10_195_168_1783931208077 leave map 1 unit 1166
[map_1] perf_8g_10_195_166_1783931208075 leave map 1 unit 1167
[map_1] perf_8g_10_195_118_1783931207963 leave map 1 unit 1118
[map_1] perf_8g_10_195_109_1783931207946 leave map 1 unit 1109
[map_1] perf_8g_10_195_167_1783931208076 leave map 1 unit 1169
[map_1] perf_8g_10_195_165_1783931208074 leave map 1 unit 1165
[map_1] perf_8g_10_195_163_1783931208066 leave map 1 unit 1163
[map_1] perf_8g_10_195_164_1783931208068 leave map 1 unit 1164
[map_1] perf_8g_10_195_113_1783931207953 leave map 1 unit 1114
[map_1] perf_8g_10_195_162_1783931208065 leave map 1 unit 1162
[map_1] perf_8g_10_195_161_1783931208064 leave map 1 unit 1157
[map_1] perf_8g_10_195_160_1783931208063 leave map 1 unit 1158
[map_1] perf_8g_10_195_157_1783931208057 leave map 1 unit 1155
[map_1] perf_8g_10_195_104_1783931207937 leave map 1 unit 1104
[map_1] perf_8g_10_195_114_1783931207954 leave map 1 unit 1112
[map_1] perf_8g_10_195_159_1783931208058 leave map 1 unit 1161
[map_1] perf_8g_10_195_158_1783931208058 leave map 1 unit 1159
[map_1] perf_8g_10_195_156_1783931208055 leave map 1 unit 1160
[map_1] perf_8g_10_195_155_1783931208048 leave map 1 unit 1154
[map_1] perf_8g_10_195_117_1783931207959 leave map 1 unit 1117
[map_1] perf_8g_10_195_111_1783931207952 leave map 1 unit 1113
[map_1] perf_8g_10_195_154_1783931208047 leave map 1 unit 1150
[map_1] perf_8g_10_195_153_1783931208046 leave map 1 unit 1153
[map_1] perf_8g_10_195_152_1783931208040 leave map 1 unit 1151
[map_1] perf_8g_10_195_121_1783931207969 leave map 1 unit 1120
[map_1] perf_8g_10_195_149_1783931208037 leave map 1 unit 1149
[map_1] perf_8g_10_195_151_1783931208040 leave map 1 unit 1156
[map_1] perf_8g_10_195_150_1783931208039 leave map 1 unit 1152
[map_1] perf_8g_10_195_123_1783931207974 leave map 1 unit 1123
[map_1] perf_8g_10_195_116_1783931207958 leave map 1 unit 1116
[map_1] perf_8g_10_195_148_1783931208032 leave map 1 unit 1146
[map_1] perf_8g_10_195_147_1783931208031 leave map 1 unit 1148
[map_1] perf_8g_10_195_126_1783931207982 leave map 1 unit 1127
[map_1] perf_8g_10_195_122_1783931207971 leave map 1 unit 1122
[map_1] perf_8g_10_195_146_1783931208030 leave map 1 unit 1147
[map_1] perf_8g_10_195_145_1783931208029 leave map 1 unit 1143
[map_1] perf_8g_10_195_143_1783931208021 leave map 1 unit 1145
[map_1] perf_8g_10_195_124_1783931207974 leave map 1 unit 1124
[map_1] perf_8g_10_195_127_1783931207987 leave map 1 unit 1131
[map_1] perf_8g_10_195_144_1783931208022 leave map 1 unit 1142
[map_1] perf_8g_10_195_142_1783931208020 leave map 1 unit 1141
[map_1] perf_8g_10_195_141_1783931208019 leave map 1 unit 1144
[map_1] perf_8g_10_195_120_1783931207965 leave map 1 unit 1119
[map_1] perf_8g_10_195_129_1783931207988 leave map 1 unit 1128
[map_1] perf_8g_10_195_140_1783931208014 leave map 1 unit 1139
[map_1] perf_8g_10_195_138_1783931208010 leave map 1 unit 1137
[map_1] perf_8g_10_195_130_1783931207989 leave map 1 unit 1132
[map_1] perf_8g_10_195_125_1783931207977 leave map 1 unit 1126
[map_1] perf_8g_10_195_139_1783931208011 leave map 1 unit 1138
[map_1] perf_8g_10_195_137_1783931208008 leave map 1 unit 1134
[map_1] perf_8g_10_195_132_1783931207993 leave map 1 unit 1130
[map_1] perf_8g_10_195_128_1783931207988 leave map 1 unit 1125
[map_1] perf_8g_10_195_136_1783931208002 leave map 1 unit 1135
[map_1] perf_8g_10_195_135_1783931208001 leave map 1 unit 1140
[map_1] perf_8g_10_195_131_1783931207992 leave map 1 unit 1129
[map_1] perf_8g_10_195_133_1783931208000 leave map 1 unit 1133
[map_1] perf_8g_10_195_134_1783931208001 leave map 1 unit 1136
