starting process log with one V8 and 1 scene(s) from E:\VsCode\skynet\ets_runtime\perf\results\runtime_configs\map_capacity_20260713_082359\195p_8g_r2\log.json
scene log (Log) listening on 127.0.0.1:7100
[process:log] one V8 started with 1 scene(s)
[log] Log scene started at 127.0.0.1:7100
log accepted 127.0.0.1:52454 as conn 1
log accepted 127.0.0.1:52496 as conn 2
[log] [login_1] perf_8g_10_195_0_1783931207804 login count 1
[log] [login_1] perf_8g_10_195_1_1783931207805 login count 1
[log] [login_1] perf_8g_10_195_3_1783931207805 login count 1
[log] [login_1] perf_8g_10_195_4_1783931207805 login count 1
[log] [login_1] perf_8g_10_195_6_1783931207805 login count 1
[log] [login_1] perf_8g_10_195_2_1783931207805 login count 1
[log] [login_1] perf_8g_10_195_7_1783931207805 login count 1
[log] [login_1] perf_8g_10_195_9_1783931207805 login count 1
[log] [login_1] perf_8g_10_195_10_1783931207805 login count 1
[log] [login_1] perf_8g_10_195_5_1783931207805 login count 1
[log] [login_1] perf_8g_10_195_11_1783931207805 login count 1
[log] [login_1] perf_8g_10_195_12_1783931207805 login count 1
[log] [login_1] perf_8g_10_195_14_1783931207805 login count 1
[log] [login_1] perf_8g_10_195_13_1783931207805 login count 1
[log] [login_1] perf_8g_10_195_8_1783931207805 login count 1
[log] [login_1] perf_8g_10_195_15_1783931207806 login count 1
log accepted 127.0.0.1:52522 as conn 3
[log] [gate_1] perf_8g_10_195_0_1783931207804 enter map_1 as unit 1000
log accepted 127.0.0.1:52531 as conn 4
log accepted 127.0.0.1:52533 as conn 5
log accepted 127.0.0.1:52532 as conn 6
log accepted 127.0.0.1:52534 as conn 7
log accepted 127.0.0.1:52535 as conn 8
log accepted 127.0.0.1:52536 as conn 9
[log] [gate_3] perf_8g_10_195_3_1783931207805 enter map_1 as unit 1001
[log] [gate_8] perf_8g_10_195_9_1783931207805 enter map_1 as unit 1004
log accepted 127.0.0.1:52537 as conn 10
[log] [gate_4] perf_8g_10_195_12_1783931207805 enter map_1 as unit 1007
[log] [gate_2] perf_8g_10_195_1_1783931207805 enter map_1 as unit 1003
[log] [gate_7] perf_8g_10_195_7_1783931207805 enter map_1 as unit 1006
[log] [gate_6] perf_8g_10_195_13_1783931207805 enter map_1 as unit 1005
[log] [gate_5] perf_8g_10_195_6_1783931207805 enter map_1 as unit 1002
[log] [gate_1] perf_8g_10_195_10_1783931207805 enter map_1 as unit 1008
[log] [login_1] perf_8g_10_195_16_1783931207830 login count 1
[log] [gate_8] perf_8g_10_195_15_1783931207806 enter map_1 as unit 1009
[log] [login_1] perf_8g_10_195_17_1783931207831 login count 1
[log] [gate_2] perf_8g_10_195_5_1783931207805 enter map_1 as unit 1010
[log] [gate_5] perf_8g_10_195_14_1783931207805 enter map_1 as unit 1011
[log] [gate_3] perf_8g_10_195_11_1783931207805 enter map_1 as unit 1012
[log] [gate_7] perf_8g_10_195_8_1783931207805 enter map_1 as unit 1013
[log] [gate_6] perf_8g_10_195_2_1783931207805 enter map_1 as unit 1015
[log] [gate_4] perf_8g_10_195_4_1783931207805 enter map_1 as unit 1014
[log] [login_1] perf_8g_10_195_18_1783931207833 login count 1
[log] [gate_1] perf_8g_10_195_16_1783931207830 enter map_1 as unit 1016
[log] [login_1] perf_8g_10_195_19_1783931207834 login count 1
[log] [gate_2] perf_8g_10_195_17_1783931207831 enter map_1 as unit 1017
[log] [gate_3] perf_8g_10_195_18_1783931207833 enter map_1 as unit 1018
[log] [gate_4] perf_8g_10_195_19_1783931207834 enter map_1 as unit 1019
[log] [login_1] perf_8g_10_195_20_1783931207836 login count 1
[log] [login_1] perf_8g_10_195_21_1783931207836 login count 1
[log] [login_1] perf_8g_10_195_22_1783931207837 login count 1
[log] [login_1] perf_8g_10_195_23_1783931207837 login count 1
[log] [login_1] perf_8g_10_195_24_1783931207837 login count 1
[log] [login_1] perf_8g_10_195_25_1783931207838 login count 1
[log] [login_1] perf_8g_10_195_26_1783931207838 login count 1
[log] [login_1] perf_8g_10_195_27_1783931207838 login count 1
[log] [login_1] perf_8g_10_195_28_1783931207838 login count 1
[log] [login_1] perf_8g_10_195_29_1783931207839 login count 1
[log] [login_1] perf_8g_10_195_30_1783931207839 login count 1
[log] [login_1] perf_8g_10_195_31_1783931207839 login count 1
[log] [login_1] perf_8g_10_195_32_1783931207839 login count 1
[log] [login_1] perf_8g_10_195_33_1783931207845 login count 1
[log] [gate_5] perf_8g_10_195_20_1783931207836 enter map_1 as unit 1020
[log] [login_1] perf_8g_10_195_34_1783931207845 login count 1
[log] [login_1] perf_8g_10_195_35_1783931207845 login count 1
[log] [gate_6] perf_8g_10_195_21_1783931207836 enter map_1 as unit 1021
[log] [gate_7] perf_8g_10_195_22_1783931207837 enter map_1 as unit 1022
[log] [gate_1] perf_8g_10_195_24_1783931207837 enter map_1 as unit 1023
[log] [gate_2] perf_8g_10_195_25_1783931207838 enter map_1 as unit 1025
[log] [gate_4] perf_8g_10_195_27_1783931207838 enter map_1 as unit 1024
[log] [login_1] perf_8g_10_195_36_1783931207851 login count 1
[log] [login_1] perf_8g_10_195_37_1783931207853 login count 1
[log] [gate_5] perf_8g_10_195_28_1783931207838 enter map_1 as unit 1027
[log] [gate_3] perf_8g_10_195_26_1783931207838 enter map_1 as unit 1026
[log] [gate_6] perf_8g_10_195_29_1783931207839 enter map_1 as unit 1030
[log] [gate_7] perf_8g_10_195_30_1783931207839 enter map_1 as unit 1029
[log] [gate_8] perf_8g_10_195_23_1783931207837 enter map_1 as unit 1028
[log] [login_1] perf_8g_10_195_38_1783931207854 login count 1
[log] [gate_2] perf_8g_10_195_33_1783931207845 enter map_1 as unit 1032
[log] [gate_1] perf_8g_10_195_32_1783931207839 enter map_1 as unit 1031
[log] [gate_8] perf_8g_10_195_31_1783931207839 enter map_1 as unit 1034
[log] [gate_4] perf_8g_10_195_35_1783931207845 enter map_1 as unit 1033
[log] [login_1] perf_8g_10_195_39_1783931207855 login count 1
[log] [login_1] perf_8g_10_195_40_1783931207856 login count 1
[log] [gate_3] perf_8g_10_195_34_1783931207845 enter map_1 as unit 1035
[log] [gate_5] perf_8g_10_195_36_1783931207851 enter map_1 as unit 1036
[log] [gate_6] perf_8g_10_195_37_1783931207853 enter map_1 as unit 1037
[log] [gate_7] perf_8g_10_195_38_1783931207854 enter map_1 as unit 1038
[log] [login_1] perf_8g_10_195_41_1783931207858 login count 1
[log] [login_1] perf_8g_10_195_42_1783931207858 login count 1
[log] [login_1] perf_8g_10_195_43_1783931207859 login count 1
[log] [login_1] perf_8g_10_195_44_1783931207859 login count 1
[log] [gate_8] perf_8g_10_195_39_1783931207855 enter map_1 as unit 1039
[log] [login_1] perf_8g_10_195_45_1783931207860 login count 1
[log] [login_1] perf_8g_10_195_46_1783931207860 login count 1
[log] [login_1] perf_8g_10_195_47_1783931207861 login count 1
[log] [login_1] perf_8g_10_195_48_1783931207861 login count 1
[log] [gate_1] perf_8g_10_195_40_1783931207856 enter map_1 as unit 1040
[log] [login_1] perf_8g_10_195_49_1783931207862 login count 1
[log] [login_1] perf_8g_10_195_50_1783931207862 login count 1
[log] [login_1] perf_8g_10_195_51_1783931207864 login count 1
[log] [login_1] perf_8g_10_195_52_1783931207864 login count 1
[log] [login_1] perf_8g_10_195_53_1783931207865 login count 1
[log] [gate_2] perf_8g_10_195_41_1783931207858 enter map_1 as unit 1041
[log] [login_1] perf_8g_10_195_54_1783931207867 login count 1
[log] [gate_4] perf_8g_10_195_43_1783931207859 enter map_1 as unit 1043
[log] [gate_3] perf_8g_10_195_42_1783931207858 enter map_1 as unit 1042
[log] [gate_5] perf_8g_10_195_44_1783931207859 enter map_1 as unit 1044
[log] [login_1] perf_8g_10_195_55_1783931207870 login count 1
[log] [login_1] perf_8g_10_195_56_1783931207871 login count 1
[log] [gate_6] perf_8g_10_195_45_1783931207860 enter map_1 as unit 1045
[log] [gate_1] perf_8g_10_195_48_1783931207861 enter map_1 as unit 1048
[log] [gate_7] perf_8g_10_195_46_1783931207860 enter map_1 as unit 1046
[log] [gate_8] perf_8g_10_195_47_1783931207861 enter map_1 as unit 1047
[log] [gate_2] perf_8g_10_195_49_1783931207862 enter map_1 as unit 1049
[log] [gate_4] perf_8g_10_195_51_1783931207864 enter map_1 as unit 1050
[log] [gate_3] perf_8g_10_195_50_1783931207862 enter map_1 as unit 1051
[log] [gate_5] perf_8g_10_195_52_1783931207864 enter map_1 as unit 1052
[log] [gate_7] perf_8g_10_195_54_1783931207867 enter map_1 as unit 1053
[log] [gate_6] perf_8g_10_195_53_1783931207865 enter map_1 as unit 1054
[log] [login_1] perf_8g_10_195_57_1783931207876 login count 1
[log] [login_1] perf_8g_10_195_58_1783931207876 login count 1
[log] [gate_8] perf_8g_10_195_55_1783931207870 enter map_1 as unit 1055
[log] [login_1] perf_8g_10_195_59_1783931207877 login count 1
[log] [login_1] perf_8g_10_195_60_1783931207877 login count 1
[log] [gate_1] perf_8g_10_195_56_1783931207871 enter map_1 as unit 1056
[log] [login_1] perf_8g_10_195_61_1783931207879 login count 1
[log] [login_1] perf_8g_10_195_62_1783931207879 login count 1
[log] [login_1] perf_8g_10_195_63_1783931207880 login count 1
[log] [login_1] perf_8g_10_195_64_1783931207880 login count 1
[log] [login_1] perf_8g_10_195_65_1783931207881 login count 1
[log] [login_1] perf_8g_10_195_66_1783931207883 login count 1
[log] [login_1] perf_8g_10_195_67_1783931207884 login count 1
[log] [login_1] perf_8g_10_195_68_1783931207884 login count 1
[log] [login_1] perf_8g_10_195_69_1783931207885 login count 1
[log] [gate_2] perf_8g_10_195_57_1783931207876 enter map_1 as unit 1057
[log] [login_1] perf_8g_10_195_70_1783931207886 login count 1
[log] [login_1] perf_8g_10_195_71_1783931207888 login count 1
[log] [login_1] perf_8g_10_195_72_1783931207889 login count 1
[log] [gate_4] perf_8g_10_195_59_1783931207877 enter map_1 as unit 1059
[log] [gate_3] perf_8g_10_195_58_1783931207876 enter map_1 as unit 1058
[log] [gate_5] perf_8g_10_195_60_1783931207877 enter map_1 as unit 1060
[log] [gate_6] perf_8g_10_195_61_1783931207879 enter map_1 as unit 1061
[log] [gate_1] perf_8g_10_195_64_1783931207880 enter map_1 as unit 1064
[log] [gate_8] perf_8g_10_195_63_1783931207880 enter map_1 as unit 1063
[log] [gate_7] perf_8g_10_195_62_1783931207879 enter map_1 as unit 1062
[log] [gate_2] perf_8g_10_195_65_1783931207881 enter map_1 as unit 1065
[log] [gate_4] perf_8g_10_195_67_1783931207884 enter map_1 as unit 1067
[log] [gate_3] perf_8g_10_195_66_1783931207883 enter map_1 as unit 1068
[log] [gate_5] perf_8g_10_195_68_1783931207884 enter map_1 as unit 1066
[log] [login_1] perf_8g_10_195_73_1783931207895 login count 1
[log] [gate_6] perf_8g_10_195_69_1783931207885 enter map_1 as unit 1069
[log] [gate_1] perf_8g_10_195_72_1783931207889 enter map_1 as unit 1072
[log] [gate_7] perf_8g_10_195_70_1783931207886 enter map_1 as unit 1070
[log] [gate_8] perf_8g_10_195_71_1783931207888 enter map_1 as unit 1071
[log] [login_1] perf_8g_10_195_74_1783931207898 login count 1
[log] [login_1] perf_8g_10_195_75_1783931207898 login count 1
[log] [login_1] perf_8g_10_195_76_1783931207899 login count 1
[log] [login_1] perf_8g_10_195_77_1783931207900 login count 1
[log] [login_1] perf_8g_10_195_78_1783931207901 login count 1
[log] [login_1] perf_8g_10_195_79_1783931207902 login count 1
[log] [login_1] perf_8g_10_195_80_1783931207902 login count 1
[log] [login_1] perf_8g_10_195_81_1783931207903 login count 1
[log] [gate_2] perf_8g_10_195_73_1783931207895 enter map_1 as unit 1073
[log] [login_1] perf_8g_10_195_82_1783931207906 login count 1
[log] [login_1] perf_8g_10_195_83_1783931207907 login count 1
[log] [login_1] perf_8g_10_195_84_1783931207907 login count 1
[log] [login_1] perf_8g_10_195_85_1783931207908 login count 1
[log] [gate_3] perf_8g_10_195_74_1783931207898 enter map_1 as unit 1074
[log] [login_1] perf_8g_10_195_86_1783931207910 login count 1
[log] [login_1] perf_8g_10_195_87_1783931207910 login count 1
[log] [login_1] perf_8g_10_195_88_1783931207910 login count 1
[log] [gate_6] perf_8g_10_195_77_1783931207900 enter map_1 as unit 1077
[log] [gate_4] perf_8g_10_195_75_1783931207898 enter map_1 as unit 1075
[log] [gate_5] perf_8g_10_195_76_1783931207899 enter map_1 as unit 1076
[log] [login_1] perf_8g_10_195_89_1783931207917 login count 1
[log] [gate_2] perf_8g_10_195_81_1783931207903 enter map_1 as unit 1081
[log] [gate_1] perf_8g_10_195_80_1783931207902 enter map_1 as unit 1080
[log] [gate_8] perf_8g_10_195_79_1783931207902 enter map_1 as unit 1079
[log] [gate_7] perf_8g_10_195_78_1783931207901 enter map_1 as unit 1078
[log] [login_1] perf_8g_10_195_90_1783931207919 login count 1
[log] [login_1] perf_8g_10_195_91_1783931207922 login count 1
[log] [login_1] perf_8g_10_195_92_1783931207922 login count 1
[log] [login_1] perf_8g_10_195_93_1783931207923 login count 1
[log] [gate_5] perf_8g_10_195_84_1783931207907 enter map_1 as unit 1083
[log] [gate_6] perf_8g_10_195_85_1783931207908 enter map_1 as unit 1084
[log] [gate_3] perf_8g_10_195_82_1783931207906 enter map_1 as unit 1082
[log] [gate_4] perf_8g_10_195_83_1783931207907 enter map_1 as unit 1085
[log] [login_1] perf_8g_10_195_94_1783931207925 login count 1
[log] [login_1] perf_8g_10_195_95_1783931207926 login count 1
[log] [login_1] perf_8g_10_195_96_1783931207926 login count 1
[log] [login_1] perf_8g_10_195_97_1783931207927 login count 1
[log] [gate_2] perf_8g_10_195_89_1783931207917 enter map_1 as unit 1089
[log] [gate_7] perf_8g_10_195_86_1783931207910 enter map_1 as unit 1087
[log] [gate_1] perf_8g_10_195_88_1783931207910 enter map_1 as unit 1086
[log] [gate_8] perf_8g_10_195_87_1783931207910 enter map_1 as unit 1088
[log] [login_1] perf_8g_10_195_98_1783931207931 login count 1
[log] [login_1] perf_8g_10_195_99_1783931207931 login count 1
[log] [login_1] perf_8g_10_195_100_1783931207931 login count 1
[log] [login_1] perf_8g_10_195_101_1783931207932 login count 1
[log] [gate_4] perf_8g_10_195_91_1783931207922 enter map_1 as unit 1093
[log] [gate_6] perf_8g_10_195_93_1783931207923 enter map_1 as unit 1091
[log] [gate_3] perf_8g_10_195_90_1783931207919 enter map_1 as unit 1092
[log] [gate_5] perf_8g_10_195_92_1783931207922 enter map_1 as unit 1090
[log] [login_1] perf_8g_10_195_102_1783931207937 login count 1
[log] [login_1] perf_8g_10_195_103_1783931207937 login count 1
[log] [login_1] perf_8g_10_195_104_1783931207937 login count 1
[log] [gate_7] perf_8g_10_195_94_1783931207925 enter map_1 as unit 1094
[log] [gate_2] perf_8g_10_195_97_1783931207927 enter map_1 as unit 1097
[log] [gate_1] perf_8g_10_195_96_1783931207926 enter map_1 as unit 1095
[log] [gate_8] perf_8g_10_195_95_1783931207926 enter map_1 as unit 1096
[log] [login_1] perf_8g_10_195_105_1783931207938 login count 1
[log] [gate_3] perf_8g_10_195_98_1783931207931 enter map_1 as unit 1098
[log] [login_1] perf_8g_10_195_106_1783931207945 login count 1
[log] [login_1] perf_8g_10_195_107_1783931207945 login count 1
[log] [login_1] perf_8g_10_195_108_1783931207946 login count 1
[log] [gate_6] perf_8g_10_195_101_1783931207932 enter map_1 as unit 1101
[log] [gate_5] perf_8g_10_195_100_1783931207931 enter map_1 as unit 1100
[log] [gate_4] perf_8g_10_195_99_1783931207931 enter map_1 as unit 1099
[log] [login_1] perf_8g_10_195_109_1783931207946 login count 1
[log] [gate_7] perf_8g_10_195_102_1783931207937 enter map_1 as unit 1102
[log] [gate_8] perf_8g_10_195_103_1783931207937 enter map_1 as unit 1103
[log] [gate_1] perf_8g_10_195_104_1783931207937 enter map_1 as unit 1104
[log] [login_1] perf_8g_10_195_110_1783931207952 login count 1
[log] [gate_2] perf_8g_10_195_105_1783931207938 enter map_1 as unit 1105
[log] [login_1] perf_8g_10_195_112_1783931207952 login count 1
[log] [login_1] perf_8g_10_195_111_1783931207952 login count 1
[log] [login_1] perf_8g_10_195_113_1783931207953 login count 1
[log] [login_1] perf_8g_10_195_114_1783931207954 login count 1
[log] [gate_4] perf_8g_10_195_107_1783931207945 enter map_1 as unit 1106
[log] [gate_5] perf_8g_10_195_108_1783931207946 enter map_1 as unit 1108
[log] [gate_3] perf_8g_10_195_106_1783931207945 enter map_1 as unit 1107
[log] [login_1] perf_8g_10_195_115_1783931207958 login count 1
[log] [login_1] perf_8g_10_195_116_1783931207958 login count 1
[log] [gate_6] perf_8g_10_195_109_1783931207946 enter map_1 as unit 1109
[log] [login_1] perf_8g_10_195_117_1783931207959 login count 1
[log] [login_1] perf_8g_10_195_118_1783931207963 login count 1
[log] [login_1] perf_8g_10_195_119_1783931207964 login count 1
[log] [gate_7] perf_8g_10_195_110_1783931207952 enter map_1 as unit 1110
[log] [login_1] perf_8g_10_195_120_1783931207965 login count 1
[log] [login_1] perf_8g_10_195_121_1783931207969 login count 1
[log] [login_1] perf_8g_10_195_122_1783931207971 login count 1
[log] [gate_3] perf_8g_10_195_114_1783931207954 enter map_1 as unit 1112
[log] [gate_1] perf_8g_10_195_111_1783931207952 enter map_1 as unit 1113
[log] [gate_8] perf_8g_10_195_112_1783931207952 enter map_1 as unit 1111
[log] [gate_2] perf_8g_10_195_113_1783931207953 enter map_1 as unit 1114
[log] [login_1] perf_8g_10_195_123_1783931207974 login count 1
[log] [login_1] perf_8g_10_195_124_1783931207974 login count 1
[log] [login_1] perf_8g_10_195_125_1783931207977 login count 1
[log] [gate_4] perf_8g_10_195_115_1783931207958 enter map_1 as unit 1115
[log] [gate_5] perf_8g_10_195_116_1783931207958 enter map_1 as unit 1116
[log] [login_1] perf_8g_10_195_126_1783931207982 login count 1
[log] [login_1] perf_8g_10_195_127_1783931207987 login count 1
[log] [login_1] perf_8g_10_195_128_1783931207988 login count 1
[log] [login_1] perf_8g_10_195_129_1783931207988 login count 1
[log] [login_1] perf_8g_10_195_130_1783931207989 login count 1
[log] [gate_1] perf_8g_10_195_120_1783931207965 enter map_1 as unit 1119
[log] [gate_2] perf_8g_10_195_121_1783931207969 enter map_1 as unit 1120
[log] [gate_7] perf_8g_10_195_118_1783931207963 enter map_1 as unit 1118
[log] [gate_6] perf_8g_10_195_117_1783931207959 enter map_1 as unit 1117
[log] [login_1] perf_8g_10_195_131_1783931207992 login count 1
[log] [login_1] perf_8g_10_195_132_1783931207993 login count 1
[log] [gate_8] perf_8g_10_195_119_1783931207964 enter map_1 as unit 1121
[log] [gate_5] perf_8g_10_195_124_1783931207974 enter map_1 as unit 1124
[log] [gate_3] perf_8g_10_195_122_1783931207971 enter map_1 as unit 1122
[log] [gate_4] perf_8g_10_195_123_1783931207974 enter map_1 as unit 1123
[log] [login_1] perf_8g_10_195_133_1783931208000 login count 1
[log] [login_1] perf_8g_10_195_134_1783931208001 login count 1
[log] [login_1] perf_8g_10_195_135_1783931208001 login count 1
[log] [login_1] perf_8g_10_195_136_1783931208002 login count 1
[log] [login_1] perf_8g_10_195_137_1783931208008 login count 1
[log] [gate_1] perf_8g_10_195_128_1783931207988 enter map_1 as unit 1125
[log] [gate_2] perf_8g_10_195_129_1783931207988 enter map_1 as unit 1128
[log] [gate_6] perf_8g_10_195_125_1783931207977 enter map_1 as unit 1126
[log] [gate_7] perf_8g_10_195_126_1783931207982 enter map_1 as unit 1127
[log] [login_1] perf_8g_10_195_138_1783931208010 login count 1
[log] [login_1] perf_8g_10_195_139_1783931208011 login count 1
[log] [login_1] perf_8g_10_195_140_1783931208014 login count 1
[log] [login_1] perf_8g_10_195_141_1783931208019 login count 1
[log] [login_1] perf_8g_10_195_142_1783931208020 login count 1
[log] [login_1] perf_8g_10_195_143_1783931208021 login count 1
[log] [login_1] perf_8g_10_195_144_1783931208022 login count 1
[log] [gate_3] perf_8g_10_195_130_1783931207989 enter map_1 as unit 1132
[log] [gate_8] perf_8g_10_195_127_1783931207987 enter map_1 as unit 1131
[log] [gate_4] perf_8g_10_195_131_1783931207992 enter map_1 as unit 1129
[log] [gate_5] perf_8g_10_195_132_1783931207993 enter map_1 as unit 1130
[log] [login_1] perf_8g_10_195_145_1783931208029 login count 1
[log] [login_1] perf_8g_10_195_146_1783931208030 login count 1
[log] [gate_2] perf_8g_10_195_137_1783931208008 enter map_1 as unit 1134
[log] [gate_6] perf_8g_10_195_133_1783931208000 enter map_1 as unit 1133
[log] [gate_1] perf_8g_10_195_136_1783931208002 enter map_1 as unit 1135
[log] [gate_7] perf_8g_10_195_134_1783931208001 enter map_1 as unit 1136
[log] [login_1] perf_8g_10_195_147_1783931208031 login count 1
[log] [login_1] perf_8g_10_195_148_1783931208032 login count 1
[log] [login_1] perf_8g_10_195_149_1783931208037 login count 1
[log] [login_1] perf_8g_10_195_150_1783931208039 login count 1
[log] [login_1] perf_8g_10_195_151_1783931208040 login count 1
[log] [login_1] perf_8g_10_195_152_1783931208040 login count 1
[log] [gate_3] perf_8g_10_195_138_1783931208010 enter map_1 as unit 1137
[log] [gate_4] perf_8g_10_195_139_1783931208011 enter map_1 as unit 1138
[log] [gate_8] perf_8g_10_195_135_1783931208001 enter map_1 as unit 1140
[log] [gate_5] perf_8g_10_195_140_1783931208014 enter map_1 as unit 1139
[log] [login_1] perf_8g_10_195_154_1783931208047 login count 1
[log] [login_1] perf_8g_10_195_153_1783931208046 login count 1
[log] [login_1] perf_8g_10_195_155_1783931208048 login count 1
[log] [gate_6] perf_8g_10_195_141_1783931208019 enter map_1 as unit 1144
[log] [gate_1] perf_8g_10_195_144_1783931208022 enter map_1 as unit 1142
[log] [gate_2] perf_8g_10_195_145_1783931208029 enter map_1 as unit 1143
[log] [gate_7] perf_8g_10_195_142_1783931208020 enter map_1 as unit 1141
[log] [login_1] perf_8g_10_195_157_1783931208057 login count 1
[log] [login_1] perf_8g_10_195_156_1783931208055 login count 1
[log] [login_1] perf_8g_10_195_158_1783931208058 login count 1
[log] [login_1] perf_8g_10_195_159_1783931208058 login count 1
[log] [gate_4] perf_8g_10_195_147_1783931208031 enter map_1 as unit 1148
[log] [gate_8] perf_8g_10_195_143_1783931208021 enter map_1 as unit 1145
[log] [gate_3] perf_8g_10_195_146_1783931208030 enter map_1 as unit 1147
[log] [gate_5] perf_8g_10_195_148_1783931208032 enter map_1 as unit 1146
[log] [login_1] perf_8g_10_195_160_1783931208063 login count 1
[log] [login_1] perf_8g_10_195_161_1783931208064 login count 1
[log] [gate_7] perf_8g_10_195_150_1783931208039 enter map_1 as unit 1152
[log] [gate_2] perf_8g_10_195_154_1783931208047 enter map_1 as unit 1150
[log] [gate_6] perf_8g_10_195_149_1783931208037 enter map_1 as unit 1149
[log] [login_1] perf_8g_10_195_162_1783931208065 login count 1
[log] [gate_1] perf_8g_10_195_152_1783931208040 enter map_1 as unit 1151
[log] [login_1] perf_8g_10_195_163_1783931208066 login count 1
[log] [login_1] perf_8g_10_195_164_1783931208068 login count 1
[log] [login_1] perf_8g_10_195_165_1783931208074 login count 1
[log] [login_1] perf_8g_10_195_166_1783931208075 login count 1
[log] [login_1] perf_8g_10_195_167_1783931208076 login count 1
[log] [login_1] perf_8g_10_195_168_1783931208077 login count 1
[log] [gate_8] perf_8g_10_195_151_1783931208040 enter map_1 as unit 1156
[log] [gate_4] perf_8g_10_195_155_1783931208048 enter map_1 as unit 1154
[log] [gate_5] perf_8g_10_195_157_1783931208057 enter map_1 as unit 1155
[log] [gate_3] perf_8g_10_195_153_1783931208046 enter map_1 as unit 1153
[log] [login_1] perf_8g_10_195_169_1783931208084 login count 1
[log] [login_1] perf_8g_10_195_170_1783931208085 login count 1
[log] [login_1] perf_8g_10_195_171_1783931208086 login count 1
[log] [gate_6] perf_8g_10_195_156_1783931208055 enter map_1 as unit 1160
[log] [gate_2] perf_8g_10_195_161_1783931208064 enter map_1 as unit 1157
[log] [gate_1] perf_8g_10_195_160_1783931208063 enter map_1 as unit 1158
[log] [gate_7] perf_8g_10_195_158_1783931208058 enter map_1 as unit 1159
[log] [login_1] perf_8g_10_195_174_1783931208098 login count 1
[log] [gate_8] perf_8g_10_195_159_1783931208058 enter map_1 as unit 1161
[log] [login_1] perf_8g_10_195_172_1783931208095 login count 1
[log] [gate_4] perf_8g_10_195_163_1783931208066 enter map_1 as unit 1163
[log] [login_1] perf_8g_10_195_173_1783931208097 login count 1
[log] [gate_5] perf_8g_10_195_164_1783931208068 enter map_1 as unit 1164
[log] [gate_3] perf_8g_10_195_162_1783931208065 enter map_1 as unit 1162
[log] [login_1] perf_8g_10_195_175_1783931208099 login count 1
[log] [login_1] perf_8g_10_195_176_1783931208105 login count 1
[log] [login_1] perf_8g_10_195_177_1783931208106 login count 1
[log] [login_1] perf_8g_10_195_178_1783931208107 login count 1
[log] [login_1] perf_8g_10_195_179_1783931208107 login count 1
[log] [login_1] perf_8g_10_195_180_1783931208108 login count 1
[log] [gate_7] perf_8g_10_195_166_1783931208075 enter map_1 as unit 1167
[log] [gate_6] perf_8g_10_195_165_1783931208074 enter map_1 as unit 1165
[log] [gate_1] perf_8g_10_195_168_1783931208077 enter map_1 as unit 1166
[log] [gate_2] perf_8g_10_195_169_1783931208084 enter map_1 as unit 1168
[log] [login_1] perf_8g_10_195_181_1783931208117 login count 1
[log] [login_1] perf_8g_10_195_183_1783931208119 login count 1
[log] [login_1] perf_8g_10_195_182_1783931208118 login count 1
[log] [login_1] perf_8g_10_195_184_1783931208120 login count 1
[log] [gate_8] perf_8g_10_195_167_1783931208076 enter map_1 as unit 1169
[log] [gate_5] perf_8g_10_195_174_1783931208098 enter map_1 as unit 1172
[log] [gate_4] perf_8g_10_195_171_1783931208086 enter map_1 as unit 1171
[log] [gate_3] perf_8g_10_195_170_1783931208085 enter map_1 as unit 1170
[log] [login_1] perf_8g_10_195_185_1783931208130 login count 1
[log] [login_1] perf_8g_10_195_186_1783931208130 login count 1
[log] [login_1] perf_8g_10_195_187_1783931208132 login count 1
[log] [login_1] perf_8g_10_195_188_1783931208133 login count 1
[log] [gate_6] perf_8g_10_195_172_1783931208095 enter map_1 as unit 1173
[log] [gate_7] perf_8g_10_195_173_1783931208097 enter map_1 as unit 1175
[log] [gate_2] perf_8g_10_195_177_1783931208106 enter map_1 as unit 1174
[log] [gate_1] perf_8g_10_195_176_1783931208105 enter map_1 as unit 1176
[log] [login_1] perf_8g_10_195_189_1783931208140 login count 1
[log] [login_1] perf_8g_10_195_190_1783931208142 login count 1
[log] [login_1] perf_8g_10_195_191_1783931208143 login count 1
[log] [login_1] perf_8g_10_195_192_1783931208143 login count 1
[log] [gate_3] perf_8g_10_195_178_1783931208107 enter map_1 as unit 1177
[log] [gate_4] perf_8g_10_195_179_1783931208107 enter map_1 as unit 1180
[log] [gate_5] perf_8g_10_195_180_1783931208108 enter map_1 as unit 1179
[log] [gate_8] perf_8g_10_195_175_1783931208099 enter map_1 as unit 1178
[log] [login_1] perf_8g_10_195_193_1783931208152 login count 1
[log] [login_1] perf_8g_10_195_194_1783931208153 login count 1
[log] [gate_6] perf_8g_10_195_181_1783931208117 enter map_1 as unit 1184
[log] [gate_2] perf_8g_10_195_185_1783931208130 enter map_1 as unit 1182
[log] [gate_1] perf_8g_10_195_184_1783931208120 enter map_1 as unit 1183
[log] [gate_7] perf_8g_10_195_183_1783931208119 enter map_1 as unit 1181
[log] [gate_8] perf_8g_10_195_182_1783931208118 enter map_1 as unit 1185
[log] [gate_4] perf_8g_10_195_187_1783931208132 enter map_1 as unit 1186
[log] [gate_5] perf_8g_10_195_188_1783931208133 enter map_1 as unit 1187
[log] [gate_3] perf_8g_10_195_186_1783931208130 enter map_1 as unit 1188
[log] [gate_7] perf_8g_10_195_190_1783931208142 enter map_1 as unit 1192
[log] [gate_2] perf_8g_10_195_193_1783931208152 enter map_1 as unit 1191
[log] [gate_1] perf_8g_10_195_192_1783931208143 enter map_1 as unit 1190
[log] [gate_6] perf_8g_10_195_189_1783931208140 enter map_1 as unit 1189
[log] [gate_3] perf_8g_10_195_194_1783931208153 enter map_1 as unit 1193
[log] [gate_8] perf_8g_10_195_191_1783931208143 enter map_1 as unit 1194
[metrics:inner_transport] active=0 opened=0 pending=0 max_pending=0 overloads=0 timeouts=0 disconnected_calls=0 late_responses=0 idle_closes=0
[process-metrics] process=log cpu_percent=1.54 cpu_time_ms=171 rss_bytes=36716544 v8_heap_used_bytes=2678376 v8_heap_total_bytes=6037504 v8_gc_count=3 v8_gc_ms=0.721 timestamp_ms=1783931212654
[metrics:log] scene=log type=Log processed=390 failed=0 ts_queue=0 ts_max_queue=7 rust_queue=0 rust_max_queue=7 backpressure=0 slow_disconnects=0 update_ms=0.00 handler_ms=0.00 max_handler_ms=1.00 total_handler_ms=8.00
[metrics:inner_transport] active=0 opened=0 pending=0 max_pending=0 overloads=0 timeouts=0 disconnected_calls=0 late_responses=0 idle_closes=0
[process-metrics] process=log cpu_percent=0.32 cpu_time_ms=187 rss_bytes=36794368 v8_heap_used_bytes=2815344 v8_heap_total_bytes=6037504 v8_gc_count=3 v8_gc_ms=0.721 timestamp_ms=1783931217655
[metrics:log] scene=log type=Log processed=390 failed=0 ts_queue=0 ts_max_queue=7 rust_queue=0 rust_max_queue=7 backpressure=0 slow_disconnects=0 update_ms=0.00 handler_ms=0.00 max_handler_ms=1.00 total_handler_ms=8.00
[metrics:inner_transport] active=0 opened=0 pending=0 max_pending=0 overloads=0 timeouts=0 disconnected_calls=0 late_responses=0 idle_closes=0
[process-metrics] process=log cpu_percent=0.93 cpu_time_ms=234 rss_bytes=37388288 v8_heap_used_bytes=2973168 v8_heap_total_bytes=6037504 v8_gc_count=3 v8_gc_ms=0.721 timestamp_ms=1783931222718
[metrics:log] scene=log type=Log processed=390 failed=0 ts_queue=0 ts_max_queue=7 rust_queue=0 rust_max_queue=7 backpressure=0 slow_disconnects=0 update_ms=0.00 handler_ms=0.00 max_handler_ms=1.00 total_handler_ms=8.00
[metrics:inner_transport] active=0 opened=0 pending=0 max_pending=0 overloads=0 timeouts=0 disconnected_calls=0 late_responses=0 idle_closes=0
[process-metrics] process=log cpu_percent=0.32 cpu_time_ms=250 rss_bytes=37535744 v8_heap_used_bytes=3101336 v8_heap_total_bytes=6299648 v8_gc_count=3 v8_gc_ms=0.721 timestamp_ms=1783931227723
[metrics:log] scene=log type=Log processed=390 failed=0 ts_queue=0 ts_max_queue=7 rust_queue=0 rust_max_queue=7 backpressure=0 slow_disconnects=0 update_ms=0.00 handler_ms=0.00 max_handler_ms=1.00 total_handler_ms=8.00
[metrics:inner_transport] active=0 opened=0 pending=0 max_pending=0 overloads=0 timeouts=0 disconnected_calls=0 late_responses=0 idle_closes=0
[process-metrics] process=log cpu_percent=0.30 cpu_time_ms=265 rss_bytes=37609472 v8_heap_used_bytes=3229336 v8_heap_total_bytes=6299648 v8_gc_count=3 v8_gc_ms=0.721 timestamp_ms=1783931232725
[metrics:log] scene=log type=Log processed=390 failed=0 ts_queue=0 ts_max_queue=7 rust_queue=0 rust_max_queue=7 backpressure=0 slow_disconnects=0 update_ms=0.00 handler_ms=0.00 max_handler_ms=1.00 total_handler_ms=8.00
[metrics:inner_transport] active=0 opened=0 pending=0 max_pending=0 overloads=0 timeouts=0 disconnected_calls=0 late_responses=0 idle_closes=0
[process-metrics] process=log cpu_percent=0.00 cpu_time_ms=265 rss_bytes=37695488 v8_heap_used_bytes=3358984 v8_heap_total_bytes=6561792 v8_gc_count=3 v8_gc_ms=0.721 timestamp_ms=1783931237774
[metrics:log] scene=log type=Log processed=390 failed=0 ts_queue=0 ts_max_queue=7 rust_queue=0 rust_max_queue=7 backpressure=0 slow_disconnects=0 update_ms=0.00 handler_ms=0.00 max_handler_ms=1.00 total_handler_ms=8.00
[metrics:inner_transport] active=0 opened=0 pending=0 max_pending=0 overloads=0 timeouts=0 disconnected_calls=0 late_responses=0 idle_closes=0
[process-metrics] process=log cpu_percent=0.93 cpu_time_ms=312 rss_bytes=38031360 v8_heap_used_bytes=3492872 v8_heap_total_bytes=6561792 v8_gc_count=3 v8_gc_ms=0.721 timestamp_ms=1783931242831
[metrics:log] scene=log type=Log processed=390 failed=0 ts_queue=0 ts_max_queue=7 rust_queue=0 rust_max_queue=7 backpressure=0 slow_disconnects=0 update_ms=0.00 handler_ms=0.00 max_handler_ms=1.00 total_handler_ms=8.00
[metrics:inner_transport] active=0 opened=0 pending=0 max_pending=0 overloads=0 timeouts=0 disconnected_calls=0 late_responses=0 idle_closes=0
[process-metrics] process=log cpu_percent=0.62 cpu_time_ms=343 rss_bytes=38133760 v8_heap_used_bytes=3621208 v8_heap_total_bytes=6823936 v8_gc_count=3 v8_gc_ms=0.721 timestamp_ms=1783931247865
[metrics:log] scene=log type=Log processed=390 failed=0 ts_queue=0 ts_max_queue=7 rust_queue=0 rust_max_queue=7 backpressure=0 slow_disconnects=0 update_ms=0.00 handler_ms=0.00 max_handler_ms=1.00 total_handler_ms=8.00
