starting process map1 with one V8 and 1 scene(s) from E:\VsCode\skynet\ets_runtime\perf\results\runtime_configs\map_capacity_20260713_082359\195p_8g_r3\map1.json
scene map_1 (MapHost) listening on 127.0.0.1:7301
[process:map1] one V8 started with 1 scene(s)
[map_1] MapHost scene started at 127.0.0.1:7301
map_1 accepted 127.0.0.1:53213 as conn 1
map_1 accepted 127.0.0.1:53272 as conn 2
map_1 accepted 127.0.0.1:53271 as conn 3
map_1 accepted 127.0.0.1:53273 as conn 4
map_1 accepted 127.0.0.1:53274 as conn 5
map_1 accepted 127.0.0.1:53275 as conn 6
map_1 accepted 127.0.0.1:53276 as conn 7
map_1 accepted 127.0.0.1:53277 as conn 8
map_1 accepted 127.0.0.1:53278 as conn 9
[map_1] perf_8g_10_195_1_1783931249903 enter map 1 unit 1001
[map_1] perf_8g_10_195_0_1783931249902 enter map 1 unit 1000
[map_1] perf_8g_10_195_3_1783931249903 enter map 1 unit 1002
[map_1] perf_8g_10_195_2_1783931249903 enter map 1 unit 1003
[map_1] perf_8g_10_195_4_1783931249903 enter map 1 unit 1004
[map_1] perf_8g_10_195_8_1783931249904 enter map 1 unit 1005
[map_1] perf_8g_10_195_5_1783931249903 enter map 1 unit 1006
[map_1] perf_8g_10_195_7_1783931249904 enter map 1 unit 1007
[map_1] perf_8g_10_195_6_1783931249904 enter map 1 unit 1008
[map_1] perf_8g_10_195_9_1783931249904 enter map 1 unit 1009
[map_1] perf_8g_10_195_13_1783931249904 enter map 1 unit 1010
[map_1] perf_8g_10_195_11_1783931249904 enter map 1 unit 1011
[map_1] perf_8g_10_195_14_1783931249904 enter map 1 unit 1012
[map_1] perf_8g_10_195_15_1783931249904 enter map 1 unit 1013
[map_1] perf_8g_10_195_12_1783931249904 enter map 1 unit 1014
[map_1] perf_8g_10_195_10_1783931249904 enter map 1 unit 1015
[map_1] perf_8g_10_195_16_1783931249938 enter map 1 unit 1016
[map_1] perf_8g_10_195_17_1783931249939 enter map 1 unit 1017
[map_1] perf_8g_10_195_18_1783931249941 enter map 1 unit 1018
[map_1] perf_8g_10_195_19_1783931249942 enter map 1 unit 1019
[map_1] perf_8g_10_195_20_1783931249942 enter map 1 unit 1020
[map_1] perf_8g_10_195_21_1783931249943 enter map 1 unit 1021
[map_1] perf_8g_10_195_22_1783931249945 enter map 1 unit 1022
[map_1] perf_8g_10_195_23_1783931249946 enter map 1 unit 1023
[map_1] perf_8g_10_195_27_1783931249947 enter map 1 unit 1024
[map_1] perf_8g_10_195_24_1783931249946 enter map 1 unit 1025
[map_1] perf_8g_10_195_25_1783931249947 enter map 1 unit 1026
[map_1] perf_8g_10_195_26_1783931249947 enter map 1 unit 1027
[map_1] perf_8g_10_195_28_1783931249948 enter map 1 unit 1028
[map_1] perf_8g_10_195_29_1783931249948 enter map 1 unit 1029
[map_1] perf_8g_10_195_30_1783931249949 enter map 1 unit 1030
[map_1] perf_8g_10_195_31_1783931249949 enter map 1 unit 1031
[map_1] perf_8g_10_195_32_1783931249956 enter map 1 unit 1032
[map_1] perf_8g_10_195_33_1783931249957 enter map 1 unit 1033
[map_1] perf_8g_10_195_34_1783931249964 enter map 1 unit 1034
[map_1] perf_8g_10_195_35_1783931249964 enter map 1 unit 1035
[map_1] perf_8g_10_195_36_1783931249965 enter map 1 unit 1036
[map_1] perf_8g_10_195_37_1783931249966 enter map 1 unit 1037
[map_1] perf_8g_10_195_38_1783931249969 enter map 1 unit 1038
[map_1] perf_8g_10_195_39_1783931249970 enter map 1 unit 1039
[map_1] perf_8g_10_195_40_1783931249972 enter map 1 unit 1040
[map_1] perf_8g_10_195_41_1783931249974 enter map 1 unit 1041
[map_1] perf_8g_10_195_42_1783931249974 enter map 1 unit 1042
[map_1] perf_8g_10_195_43_1783931249977 enter map 1 unit 1043
[map_1] perf_8g_10_195_44_1783931249978 enter map 1 unit 1044
[map_1] perf_8g_10_195_45_1783931249978 enter map 1 unit 1045
[map_1] perf_8g_10_195_46_1783931249978 enter map 1 unit 1046
[map_1] perf_8g_10_195_47_1783931249979 enter map 1 unit 1047
[map_1] perf_8g_10_195_48_1783931249981 enter map 1 unit 1048
[map_1] perf_8g_10_195_49_1783931249982 enter map 1 unit 1049
[map_1] perf_8g_10_195_50_1783931249988 enter map 1 unit 1050
[map_1] perf_8g_10_195_51_1783931249989 enter map 1 unit 1051
[map_1] perf_8g_10_195_52_1783931249990 enter map 1 unit 1052
[map_1] perf_8g_10_195_53_1783931249991 enter map 1 unit 1053
[map_1] perf_8g_10_195_54_1783931249994 enter map 1 unit 1054
[map_1] perf_8g_10_195_55_1783931249995 enter map 1 unit 1055
[map_1] perf_8g_10_195_56_1783931249997 enter map 1 unit 1056
[map_1] perf_8g_10_195_57_1783931249998 enter map 1 unit 1057
[map_1] perf_8g_10_195_58_1783931250000 enter map 1 unit 1058
[map_1] perf_8g_10_195_59_1783931250003 enter map 1 unit 1059
[map_1] perf_8g_10_195_60_1783931250005 enter map 1 unit 1060
[map_1] perf_8g_10_195_61_1783931250006 enter map 1 unit 1061
[map_1] perf_8g_10_195_62_1783931250008 enter map 1 unit 1062
[map_1] perf_8g_10_195_63_1783931250008 enter map 1 unit 1063
[map_1] perf_8g_10_195_65_1783931250010 enter map 1 unit 1065
[map_1] perf_8g_10_195_64_1783931250008 enter map 1 unit 1064
[map_1] perf_8g_10_195_66_1783931250018 enter map 1 unit 1066
[map_1] perf_8g_10_195_67_1783931250019 enter map 1 unit 1067
[map_1] perf_8g_10_195_68_1783931250020 enter map 1 unit 1068
[map_1] perf_8g_10_195_69_1783931250020 enter map 1 unit 1069
[map_1] perf_8g_10_195_70_1783931250025 enter map 1 unit 1070
[map_1] perf_8g_10_195_71_1783931250027 enter map 1 unit 1071
[map_1] perf_8g_10_195_72_1783931250027 enter map 1 unit 1072
[map_1] perf_8g_10_195_73_1783931250029 enter map 1 unit 1073
[map_1] perf_8g_10_195_74_1783931250030 enter map 1 unit 1074
[map_1] perf_8g_10_195_75_1783931250031 enter map 1 unit 1075
[map_1] perf_8g_10_195_76_1783931250037 enter map 1 unit 1076
[map_1] perf_8g_10_195_77_1783931250038 enter map 1 unit 1077
[map_1] perf_8g_10_195_78_1783931250039 enter map 1 unit 1078
[map_1] perf_8g_10_195_79_1783931250040 enter map 1 unit 1079
[map_1] perf_8g_10_195_80_1783931250041 enter map 1 unit 1080
[map_1] perf_8g_10_195_81_1783931250041 enter map 1 unit 1081
[map_1] perf_8g_10_195_82_1783931250046 enter map 1 unit 1082
[map_1] perf_8g_10_195_83_1783931250049 enter map 1 unit 1083
[map_1] perf_8g_10_195_84_1783931250053 enter map 1 unit 1084
[map_1] perf_8g_10_195_85_1783931250054 enter map 1 unit 1085
[map_1] perf_8g_10_195_86_1783931250056 enter map 1 unit 1086
[map_1] perf_8g_10_195_87_1783931250058 enter map 1 unit 1087
[map_1] perf_8g_10_195_88_1783931250061 enter map 1 unit 1088
[map_1] perf_8g_10_195_89_1783931250061 enter map 1 unit 1089
[map_1] perf_8g_10_195_90_1783931250064 enter map 1 unit 1090
[map_1] perf_8g_10_195_91_1783931250067 enter map 1 unit 1091
[map_1] perf_8g_10_195_92_1783931250069 enter map 1 unit 1092
[map_1] perf_8g_10_195_93_1783931250071 enter map 1 unit 1093
[map_1] perf_8g_10_195_94_1783931250072 enter map 1 unit 1094
[map_1] perf_8g_10_195_95_1783931250075 enter map 1 unit 1095
[map_1] perf_8g_10_195_96_1783931250075 enter map 1 unit 1096
[map_1] perf_8g_10_195_97_1783931250078 enter map 1 unit 1097
[map_1] perf_8g_10_195_98_1783931250084 enter map 1 unit 1098
[map_1] perf_8g_10_195_99_1783931250089 enter map 1 unit 1099
[map_1] perf_8g_10_195_100_1783931250091 enter map 1 unit 1100
[map_1] perf_8g_10_195_101_1783931250094 enter map 1 unit 1101
[map_1] perf_8g_10_195_102_1783931250097 enter map 1 unit 1102
[map_1] perf_8g_10_195_103_1783931250099 enter map 1 unit 1103
[map_1] perf_8g_10_195_104_1783931250104 enter map 1 unit 1104
[map_1] perf_8g_10_195_105_1783931250107 enter map 1 unit 1105
[map_1] perf_8g_10_195_106_1783931250109 enter map 1 unit 1106
[map_1] perf_8g_10_195_107_1783931250110 enter map 1 unit 1107
[map_1] perf_8g_10_195_108_1783931250112 enter map 1 unit 1108
[map_1] perf_8g_10_195_109_1783931250114 enter map 1 unit 1109
[map_1] perf_8g_10_195_110_1783931250117 enter map 1 unit 1110
[map_1] perf_8g_10_195_111_1783931250120 enter map 1 unit 1111
[map_1] perf_8g_10_195_112_1783931250120 enter map 1 unit 1112
[map_1] perf_8g_10_195_113_1783931250123 enter map 1 unit 1113
[map_1] perf_8g_10_195_114_1783931250128 enter map 1 unit 1114
[map_1] perf_8g_10_195_115_1783931250133 enter map 1 unit 1115
[map_1] perf_8g_10_195_116_1783931250135 enter map 1 unit 1116
[map_1] perf_8g_10_195_117_1783931250138 enter map 1 unit 1117
[map_1] perf_8g_10_195_118_1783931250142 enter map 1 unit 1118
[map_1] perf_8g_10_195_119_1783931250145 enter map 1 unit 1119
[map_1] perf_8g_10_195_120_1783931250148 enter map 1 unit 1120
[map_1] perf_8g_10_195_121_1783931250151 enter map 1 unit 1121
[map_1] perf_8g_10_195_122_1783931250152 enter map 1 unit 1122
[map_1] perf_8g_10_195_124_1783931250156 enter map 1 unit 1124
[map_1] perf_8g_10_195_123_1783931250154 enter map 1 unit 1123
[map_1] perf_8g_10_195_125_1783931250159 enter map 1 unit 1125
[map_1] perf_8g_10_195_127_1783931250163 enter map 1 unit 1127
[map_1] perf_8g_10_195_126_1783931250161 enter map 1 unit 1126
[map_1] perf_8g_10_195_128_1783931250165 enter map 1 unit 1128
[map_1] perf_8g_10_195_130_1783931250172 enter map 1 unit 1130
[map_1] perf_8g_10_195_129_1783931250166 enter map 1 unit 1129
[map_1] perf_8g_10_195_131_1783931250179 enter map 1 unit 1131
[map_1] perf_8g_10_195_134_1783931250188 enter map 1 unit 1134
[map_1] perf_8g_10_195_132_1783931250180 enter map 1 unit 1132
[map_1] perf_8g_10_195_133_1783931250181 enter map 1 unit 1133
[map_1] perf_8g_10_195_135_1783931250190 enter map 1 unit 1135
[map_1] perf_8g_10_195_138_1783931250200 enter map 1 unit 1138
[map_1] perf_8g_10_195_136_1783931250192 enter map 1 unit 1136
[map_1] perf_8g_10_195_137_1783931250194 enter map 1 unit 1137
[map_1] perf_8g_10_195_142_1783931250207 enter map 1 unit 1139
[map_1] perf_8g_10_195_139_1783931250200 enter map 1 unit 1142
[map_1] perf_8g_10_195_140_1783931250201 enter map 1 unit 1140
[map_1] perf_8g_10_195_141_1783931250206 enter map 1 unit 1141
[map_1] perf_8g_10_195_144_1783931250213 enter map 1 unit 1143
[map_1] perf_8g_10_195_145_1783931250214 enter map 1 unit 1146
[map_1] perf_8g_10_195_143_1783931250208 enter map 1 unit 1144
[map_1] perf_8g_10_195_146_1783931250215 enter map 1 unit 1145
[map_1] perf_8g_10_195_150_1783931250225 enter map 1 unit 1147
[map_1] perf_8g_10_195_148_1783931250224 enter map 1 unit 1150
[map_1] perf_8g_10_195_147_1783931250223 enter map 1 unit 1148
[map_1] perf_8g_10_195_149_1783931250225 enter map 1 unit 1149
[map_1] perf_8g_10_195_153_1783931250234 enter map 1 unit 1151
[map_1] perf_8g_10_195_152_1783931250234 enter map 1 unit 1154
[map_1] perf_8g_10_195_154_1783931250235 enter map 1 unit 1152
[map_1] perf_8g_10_195_151_1783931250233 enter map 1 unit 1153
[map_1] perf_8g_10_195_156_1783931250243 enter map 1 unit 1155
[map_1] perf_8g_10_195_155_1783931250242 enter map 1 unit 1158
[map_1] perf_8g_10_195_157_1783931250244 enter map 1 unit 1156
[map_1] perf_8g_10_195_158_1783931250245 enter map 1 unit 1157
[map_1] perf_8g_10_195_160_1783931250253 enter map 1 unit 1159
[map_1] perf_8g_10_195_162_1783931250254 enter map 1 unit 1162
[map_1] perf_8g_10_195_161_1783931250254 enter map 1 unit 1160
[map_1] perf_8g_10_195_159_1783931250252 enter map 1 unit 1161
[map_1] perf_8g_10_195_163_1783931250262 enter map 1 unit 1163
[map_1] perf_8g_10_195_164_1783931250263 enter map 1 unit 1166
[map_1] perf_8g_10_195_165_1783931250264 enter map 1 unit 1164
[map_1] perf_8g_10_195_166_1783931250265 enter map 1 unit 1165
[map_1] perf_8g_10_195_168_1783931250273 enter map 1 unit 1167
[map_1] perf_8g_10_195_169_1783931250274 enter map 1 unit 1170
[map_1] perf_8g_10_195_170_1783931250275 enter map 1 unit 1168
[map_1] perf_8g_10_195_167_1783931250272 enter map 1 unit 1169
[map_1] perf_8g_10_195_171_1783931250281 enter map 1 unit 1171
[map_1] perf_8g_10_195_173_1783931250283 enter map 1 unit 1174
[map_1] perf_8g_10_195_174_1783931250284 enter map 1 unit 1172
[map_1] perf_8g_10_195_172_1783931250282 enter map 1 unit 1173
[map_1] perf_8g_10_195_177_1783931250292 enter map 1 unit 1175
[map_1] perf_8g_10_195_175_1783931250291 enter map 1 unit 1178
[map_1] perf_8g_10_195_176_1783931250291 enter map 1 unit 1176
[map_1] perf_8g_10_195_178_1783931250294 enter map 1 unit 1177
[map_1] perf_8g_10_195_182_1783931250307 enter map 1 unit 1179
[map_1] perf_8g_10_195_179_1783931250304 enter map 1 unit 1182
[map_1] perf_8g_10_195_181_1783931250306 enter map 1 unit 1180
[map_1] perf_8g_10_195_180_1783931250305 enter map 1 unit 1181
[map_1] perf_8g_10_195_183_1783931250315 enter map 1 unit 1183
[map_1] perf_8g_10_195_185_1783931250317 enter map 1 unit 1186
[map_1] perf_8g_10_195_184_1783931250317 enter map 1 unit 1184
[map_1] perf_8g_10_195_186_1783931250318 enter map 1 unit 1185
[map_1] perf_8g_10_195_189_1783931250330 enter map 1 unit 1187
[map_1] perf_8g_10_195_187_1783931250328 enter map 1 unit 1190
[map_1] perf_8g_10_195_188_1783931250329 enter map 1 unit 1188
[map_1] perf_8g_10_195_190_1783931250331 enter map 1 unit 1189
[map_1] perf_8g_10_195_192_1783931250341 enter map 1 unit 1191
[map_1] perf_8g_10_195_193_1783931250342 enter map 1 unit 1194
[map_1] perf_8g_10_195_194_1783931250343 enter map 1 unit 1192
[map_1] perf_8g_10_195_191_1783931250340 enter map 1 unit 1193
[metrics:inner_transport] active=8 opened=8 pending=0 max_pending=0 overloads=0 timeouts=0 disconnected_calls=0 late_responses=0 idle_closes=0
[process-metrics] process=map1 cpu_percent=126.78 cpu_time_ms=6343 rss_bytes=154411008 v8_heap_used_bytes=49134872 v8_heap_total_bytes=95952896 v8_gc_count=123 v8_gc_ms=82.310 timestamp_ms=1783931254698
[metrics:map1] scene=map_1 type=MapHost processed=9555 failed=0 ts_queue=0 ts_max_queue=175 rust_queue=0 rust_max_queue=175 backpressure=0 slow_disconnects=0 update_ms=0.00 handler_ms=8.00 max_handler_ms=63.00 total_handler_ms=114277.00
[metrics:inner_transport] active=8 opened=8 pending=0 max_pending=0 overloads=0 timeouts=0 disconnected_calls=0 late_responses=0 idle_closes=0
[process-metrics] process=map1 cpu_percent=98.40 cpu_time_ms=11281 rss_bytes=154128384 v8_heap_used_bytes=6212536 v8_heap_total_bytes=78651392 v8_gc_count=223 v8_gc_ms=156.054 timestamp_ms=1783931259716
[metrics:map1] scene=map_1 type=MapHost processed=20280 failed=0 ts_queue=0 ts_max_queue=175 rust_queue=190 rust_max_queue=190 backpressure=0 slow_disconnects=0 update_ms=59.00 handler_ms=59.00 max_handler_ms=63.00 total_handler_ms=241089.00
[metrics:inner_transport] active=8 opened=8 pending=0 max_pending=0 overloads=0 timeouts=0 disconnected_calls=0 late_responses=0 idle_closes=0
[process-metrics] process=map1 cpu_percent=107.44 cpu_time_ms=16656 rss_bytes=123744256 v8_heap_used_bytes=33555560 v8_heap_total_bytes=78651392 v8_gc_count=321 v8_gc_ms=237.001 timestamp_ms=1783931264719
[metrics:map1] scene=map_1 type=MapHost processed=31057 failed=0 ts_queue=0 ts_max_queue=190 rust_queue=134 rust_max_queue=190 backpressure=0 slow_disconnects=0 update_ms=7.00 handler_ms=7.00 max_handler_ms=80.00 total_handler_ms=399915.00
[metrics:inner_transport] active=8 opened=8 pending=0 max_pending=0 overloads=0 timeouts=0 disconnected_calls=0 late_responses=0 idle_closes=0
[process-metrics] process=map1 cpu_percent=94.58 cpu_time_ms=21390 rss_bytes=125050880 v8_heap_used_bytes=25837736 v8_heap_total_bytes=78389248 v8_gc_count=420 v8_gc_ms=314.970 timestamp_ms=1783931269725
[metrics:map1] scene=map_1 type=MapHost processed=41796 failed=0 ts_queue=0 ts_max_queue=190 rust_queue=129 rust_max_queue=190 backpressure=0 slow_disconnects=0 update_ms=8.00 handler_ms=8.00 max_handler_ms=80.00 total_handler_ms=518251.00
[metrics:inner_transport] active=8 opened=8 pending=0 max_pending=0 overloads=0 timeouts=0 disconnected_calls=0 late_responses=0 idle_closes=0
[process-metrics] process=map1 cpu_percent=88.97 cpu_time_ms=25843 rss_bytes=124555264 v8_heap_used_bytes=15251264 v8_heap_total_bytes=79437824 v8_gc_count=518 v8_gc_ms=391.636 timestamp_ms=1783931274730
[metrics:map1] scene=map_1 type=MapHost processed=52583 failed=0 ts_queue=0 ts_max_queue=190 rust_queue=67 rust_max_queue=190 backpressure=0 slow_disconnects=0 update_ms=10.00 handler_ms=10.00 max_handler_ms=80.00 total_handler_ms=637171.00
[metrics:inner_transport] active=8 opened=8 pending=0 max_pending=0 overloads=0 timeouts=0 disconnected_calls=0 late_responses=0 idle_closes=0
[process-metrics] process=map1 cpu_percent=90.53 cpu_time_ms=30375 rss_bytes=139821056 v8_heap_used_bytes=39914008 v8_heap_total_bytes=92545024 v8_gc_count=616 v8_gc_ms=472.224 timestamp_ms=1783931279736
[metrics:map1] scene=map_1 type=MapHost processed=63347 failed=0 ts_queue=0 ts_max_queue=190 rust_queue=28 rust_max_queue=190 backpressure=0 slow_disconnects=0 update_ms=16.00 handler_ms=16.00 max_handler_ms=80.00 total_handler_ms=740975.00
[metrics:inner_transport] active=8 opened=8 pending=0 max_pending=0 overloads=0 timeouts=0 disconnected_calls=0 late_responses=0 idle_closes=0
[process-metrics] process=map1 cpu_percent=91.66 cpu_time_ms=35000 rss_bytes=139313152 v8_heap_used_bytes=32324072 v8_heap_total_bytes=92545024 v8_gc_count=714 v8_gc_ms=551.149 timestamp_ms=1783931284782
[metrics:map1] scene=map_1 type=MapHost processed=74100 failed=0 ts_queue=0 ts_max_queue=190 rust_queue=0 rust_max_queue=190 backpressure=0 slow_disconnects=0 update_ms=0.00 handler_ms=12.00 max_handler_ms=80.00 total_handler_ms=840798.00
[metrics:inner_transport] active=8 opened=8 pending=0 max_pending=0 overloads=0 timeouts=0 disconnected_calls=0 late_responses=0 idle_closes=0
[process-metrics] process=map1 cpu_percent=81.49 cpu_time_ms=39093 rss_bytes=139923456 v8_heap_used_bytes=23405016 v8_heap_total_bytes=92545024 v8_gc_count=812 v8_gc_ms=629.511 timestamp_ms=1783931289805
[metrics:map1] scene=map_1 type=MapHost processed=84825 failed=0 ts_queue=0 ts_max_queue=190 rust_queue=22 rust_max_queue=190 backpressure=0 slow_disconnects=0 update_ms=0.00 handler_ms=1.00 max_handler_ms=80.00 total_handler_ms=944034.00
[map_1] perf_8g_10_195_0_1783931249902 leave map 1 unit 1000
[map_1] perf_8g_10_195_3_1783931249903 leave map 1 unit 1002
[map_1] perf_8g_10_195_1_1783931249903 leave map 1 unit 1001
[map_1] perf_8g_10_195_67_1783931250019 leave map 1 unit 1067
[map_1] perf_8g_10_195_2_1783931249903 leave map 1 unit 1003
[map_1] perf_8g_10_195_66_1783931250018 leave map 1 unit 1066
[map_1] perf_8g_10_195_4_1783931249903 leave map 1 unit 1004
[map_1] perf_8g_10_195_65_1783931250010 leave map 1 unit 1065
[map_1] perf_8g_10_195_64_1783931250008 leave map 1 unit 1064
[map_1] perf_8g_10_195_10_1783931249904 leave map 1 unit 1015
[map_1] perf_8g_10_195_63_1783931250008 leave map 1 unit 1063
[map_1] perf_8g_10_195_6_1783931249904 leave map 1 unit 1008
[map_1] perf_8g_10_195_62_1783931250008 leave map 1 unit 1062
[map_1] perf_8g_10_195_12_1783931249904 leave map 1 unit 1014
[map_1] perf_8g_10_195_61_1783931250006 leave map 1 unit 1061
[map_1] perf_8g_10_195_5_1783931249903 leave map 1 unit 1006
[map_1] perf_8g_10_195_60_1783931250005 leave map 1 unit 1060
[map_1] perf_8g_10_195_59_1783931250003 leave map 1 unit 1059
[map_1] perf_8g_10_195_9_1783931249904 leave map 1 unit 1009
[map_1] perf_8g_10_195_58_1783931250000 leave map 1 unit 1058
[map_1] perf_8g_10_195_11_1783931249904 leave map 1 unit 1011
[map_1] perf_8g_10_195_57_1783931249998 leave map 1 unit 1057
[map_1] perf_8g_10_195_56_1783931249997 leave map 1 unit 1056
[map_1] perf_8g_10_195_7_1783931249904 leave map 1 unit 1007
[map_1] perf_8g_10_195_54_1783931249994 leave map 1 unit 1054
[map_1] perf_8g_10_195_13_1783931249904 leave map 1 unit 1010
[map_1] perf_8g_10_195_55_1783931249995 leave map 1 unit 1055
[map_1] perf_8g_10_195_14_1783931249904 leave map 1 unit 1012
[map_1] perf_8g_10_195_51_1783931249989 leave map 1 unit 1051
[map_1] perf_8g_10_195_53_1783931249991 leave map 1 unit 1053
[map_1] perf_8g_10_195_8_1783931249904 leave map 1 unit 1005
[map_1] perf_8g_10_195_52_1783931249990 leave map 1 unit 1052
[map_1] perf_8g_10_195_17_1783931249939 leave map 1 unit 1017
[map_1] perf_8g_10_195_50_1783931249988 leave map 1 unit 1050
[map_1] perf_8g_10_195_15_1783931249904 leave map 1 unit 1013
[map_1] perf_8g_10_195_49_1783931249982 leave map 1 unit 1049
[map_1] perf_8g_10_195_16_1783931249938 leave map 1 unit 1016
[map_1] perf_8g_10_195_48_1783931249981 leave map 1 unit 1048
[map_1] perf_8g_10_195_19_1783931249942 leave map 1 unit 1019
[map_1] perf_8g_10_195_47_1783931249979 leave map 1 unit 1047
[map_1] perf_8g_10_195_46_1783931249978 leave map 1 unit 1046
[map_1] perf_8g_10_195_18_1783931249941 leave map 1 unit 1018
[map_1] perf_8g_10_195_45_1783931249978 leave map 1 unit 1045
[map_1] perf_8g_10_195_20_1783931249942 leave map 1 unit 1020
[map_1] perf_8g_10_195_44_1783931249978 leave map 1 unit 1044
[map_1] perf_8g_10_195_21_1783931249943 leave map 1 unit 1021
[map_1] perf_8g_10_195_43_1783931249977 leave map 1 unit 1043
[map_1] perf_8g_10_195_22_1783931249945 leave map 1 unit 1022
[map_1] perf_8g_10_195_42_1783931249974 leave map 1 unit 1042
[map_1] perf_8g_10_195_28_1783931249948 leave map 1 unit 1028
[map_1] perf_8g_10_195_41_1783931249974 leave map 1 unit 1041
[map_1] perf_8g_10_195_23_1783931249946 leave map 1 unit 1023
[map_1] perf_8g_10_195_40_1783931249972 leave map 1 unit 1040
[map_1] perf_8g_10_195_39_1783931249970 leave map 1 unit 1039
[map_1] perf_8g_10_195_26_1783931249947 leave map 1 unit 1027
[map_1] perf_8g_10_195_38_1783931249969 leave map 1 unit 1038
[map_1] perf_8g_10_195_25_1783931249947 leave map 1 unit 1026
[map_1] perf_8g_10_195_24_1783931249946 leave map 1 unit 1025
[map_1] perf_8g_10_195_37_1783931249966 leave map 1 unit 1037
[map_1] perf_8g_10_195_27_1783931249947 leave map 1 unit 1024
[map_1] perf_8g_10_195_36_1783931249965 leave map 1 unit 1036
[map_1] perf_8g_10_195_35_1783931249964 leave map 1 unit 1035
[map_1] perf_8g_10_195_32_1783931249956 leave map 1 unit 1032
[map_1] perf_8g_10_195_33_1783931249957 leave map 1 unit 1033
[map_1] perf_8g_10_195_29_1783931249948 leave map 1 unit 1029
[map_1] perf_8g_10_195_30_1783931249949 leave map 1 unit 1030
[map_1] perf_8g_10_195_34_1783931249964 leave map 1 unit 1034
[map_1] perf_8g_10_195_31_1783931249949 leave map 1 unit 1031
[map_1] perf_8g_10_195_194_1783931250343 leave map 1 unit 1192
[map_1] perf_8g_10_195_68_1783931250020 leave map 1 unit 1068
[map_1] perf_8g_10_195_193_1783931250342 leave map 1 unit 1194
[map_1] perf_8g_10_195_191_1783931250340 leave map 1 unit 1193
[map_1] perf_8g_10_195_192_1783931250341 leave map 1 unit 1191
[map_1] perf_8g_10_195_190_1783931250331 leave map 1 unit 1189
[map_1] perf_8g_10_195_189_1783931250330 leave map 1 unit 1187
[map_1] perf_8g_10_195_188_1783931250329 leave map 1 unit 1188
[map_1] perf_8g_10_195_187_1783931250328 leave map 1 unit 1190
[map_1] perf_8g_10_195_186_1783931250318 leave map 1 unit 1185
[map_1] perf_8g_10_195_185_1783931250317 leave map 1 unit 1186
[map_1] perf_8g_10_195_184_1783931250317 leave map 1 unit 1184
[map_1] perf_8g_10_195_183_1783931250315 leave map 1 unit 1183
[map_1] perf_8g_10_195_182_1783931250307 leave map 1 unit 1179
[map_1] perf_8g_10_195_181_1783931250306 leave map 1 unit 1180
[map_1] perf_8g_10_195_180_1783931250305 leave map 1 unit 1181
[map_1] perf_8g_10_195_179_1783931250304 leave map 1 unit 1182
[map_1] perf_8g_10_195_69_1783931250020 leave map 1 unit 1069
[map_1] perf_8g_10_195_178_1783931250294 leave map 1 unit 1177
[map_1] perf_8g_10_195_177_1783931250292 leave map 1 unit 1175
[map_1] perf_8g_10_195_175_1783931250291 leave map 1 unit 1178
[map_1] perf_8g_10_195_176_1783931250291 leave map 1 unit 1176
[map_1] perf_8g_10_195_174_1783931250284 leave map 1 unit 1172
[map_1] perf_8g_10_195_173_1783931250283 leave map 1 unit 1174
[map_1] perf_8g_10_195_172_1783931250282 leave map 1 unit 1173
[map_1] perf_8g_10_195_71_1783931250027 leave map 1 unit 1071
[map_1] perf_8g_10_195_171_1783931250281 leave map 1 unit 1171
[map_1] perf_8g_10_195_169_1783931250274 leave map 1 unit 1170
[map_1] perf_8g_10_195_170_1783931250275 leave map 1 unit 1168
[map_1] perf_8g_10_195_168_1783931250273 leave map 1 unit 1167
[map_1] perf_8g_10_195_167_1783931250272 leave map 1 unit 1169
[map_1] perf_8g_10_195_70_1783931250025 leave map 1 unit 1070
[map_1] perf_8g_10_195_166_1783931250265 leave map 1 unit 1165
[map_1] perf_8g_10_195_164_1783931250263 leave map 1 unit 1166
[map_1] perf_8g_10_195_165_1783931250264 leave map 1 unit 1164
[map_1] perf_8g_10_195_163_1783931250262 leave map 1 unit 1163
[map_1] perf_8g_10_195_72_1783931250027 leave map 1 unit 1072
[map_1] perf_8g_10_195_162_1783931250254 leave map 1 unit 1162
[map_1] perf_8g_10_195_160_1783931250253 leave map 1 unit 1159
[map_1] perf_8g_10_195_161_1783931250254 leave map 1 unit 1160
[map_1] perf_8g_10_195_159_1783931250252 leave map 1 unit 1161
[map_1] perf_8g_10_195_74_1783931250030 leave map 1 unit 1074
[map_1] perf_8g_10_195_158_1783931250245 leave map 1 unit 1157
[map_1] perf_8g_10_195_155_1783931250242 leave map 1 unit 1158
[map_1] perf_8g_10_195_157_1783931250244 leave map 1 unit 1156
[map_1] perf_8g_10_195_73_1783931250029 leave map 1 unit 1073
[map_1] perf_8g_10_195_156_1783931250243 leave map 1 unit 1155
[map_1] perf_8g_10_195_154_1783931250235 leave map 1 unit 1152
[map_1] perf_8g_10_195_153_1783931250234 leave map 1 unit 1151
[map_1] perf_8g_10_195_152_1783931250234 leave map 1 unit 1154
[map_1] perf_8g_10_195_75_1783931250031 leave map 1 unit 1075
[map_1] perf_8g_10_195_150_1783931250225 leave map 1 unit 1147
[map_1] perf_8g_10_195_149_1783931250225 leave map 1 unit 1149
[map_1] perf_8g_10_195_151_1783931250233 leave map 1 unit 1153
[map_1] perf_8g_10_195_76_1783931250037 leave map 1 unit 1076
[map_1] perf_8g_10_195_148_1783931250224 leave map 1 unit 1150
[map_1] perf_8g_10_195_147_1783931250223 leave map 1 unit 1148
[map_1] perf_8g_10_195_78_1783931250039 leave map 1 unit 1078
[map_1] perf_8g_10_195_144_1783931250213 leave map 1 unit 1143
[map_1] perf_8g_10_195_146_1783931250215 leave map 1 unit 1145
[map_1] perf_8g_10_195_143_1783931250208 leave map 1 unit 1144
[map_1] perf_8g_10_195_77_1783931250038 leave map 1 unit 1077
[map_1] perf_8g_10_195_145_1783931250214 leave map 1 unit 1146
[map_1] perf_8g_10_195_141_1783931250206 leave map 1 unit 1141
[map_1] perf_8g_10_195_79_1783931250040 leave map 1 unit 1079
[map_1] perf_8g_10_195_80_1783931250041 leave map 1 unit 1080
[map_1] perf_8g_10_195_142_1783931250207 leave map 1 unit 1139
[map_1] perf_8g_10_195_140_1783931250201 leave map 1 unit 1140
[map_1] perf_8g_10_195_139_1783931250200 leave map 1 unit 1142
[map_1] perf_8g_10_195_81_1783931250041 leave map 1 unit 1081
[map_1] perf_8g_10_195_138_1783931250200 leave map 1 unit 1138
[map_1] perf_8g_10_195_137_1783931250194 leave map 1 unit 1137
[map_1] perf_8g_10_195_82_1783931250046 leave map 1 unit 1082
[map_1] perf_8g_10_195_135_1783931250190 leave map 1 unit 1135
[map_1] perf_8g_10_195_136_1783931250192 leave map 1 unit 1136
[map_1] perf_8g_10_195_84_1783931250053 leave map 1 unit 1084
[map_1] perf_8g_10_195_134_1783931250188 leave map 1 unit 1134
[map_1] perf_8g_10_195_132_1783931250180 leave map 1 unit 1132
[map_1] perf_8g_10_195_83_1783931250049 leave map 1 unit 1083
[map_1] perf_8g_10_195_133_1783931250181 leave map 1 unit 1133
[map_1] perf_8g_10_195_131_1783931250179 leave map 1 unit 1131
[map_1] perf_8g_10_195_85_1783931250054 leave map 1 unit 1085
[map_1] perf_8g_10_195_129_1783931250166 leave map 1 unit 1129
[map_1] perf_8g_10_195_130_1783931250172 leave map 1 unit 1130
[map_1] perf_8g_10_195_86_1783931250056 leave map 1 unit 1086
[map_1] perf_8g_10_195_87_1783931250058 leave map 1 unit 1087
[map_1] perf_8g_10_195_128_1783931250165 leave map 1 unit 1128
[map_1] perf_8g_10_195_127_1783931250163 leave map 1 unit 1127
[map_1] perf_8g_10_195_88_1783931250061 leave map 1 unit 1088
[map_1] perf_8g_10_195_126_1783931250161 leave map 1 unit 1126
[map_1] perf_8g_10_195_124_1783931250156 leave map 1 unit 1124
[map_1] perf_8g_10_195_89_1783931250061 leave map 1 unit 1089
[map_1] perf_8g_10_195_125_1783931250159 leave map 1 unit 1125
[map_1] perf_8g_10_195_123_1783931250154 leave map 1 unit 1123
[map_1] perf_8g_10_195_90_1783931250064 leave map 1 unit 1090
[map_1] perf_8g_10_195_122_1783931250152 leave map 1 unit 1122
[map_1] perf_8g_10_195_121_1783931250151 leave map 1 unit 1121
[map_1] perf_8g_10_195_91_1783931250067 leave map 1 unit 1091
[map_1] perf_8g_10_195_92_1783931250069 leave map 1 unit 1092
[map_1] perf_8g_10_195_120_1783931250148 leave map 1 unit 1120
[map_1] perf_8g_10_195_119_1783931250145 leave map 1 unit 1119
[map_1] perf_8g_10_195_93_1783931250071 leave map 1 unit 1093
[map_1] perf_8g_10_195_116_1783931250135 leave map 1 unit 1116
[map_1] perf_8g_10_195_94_1783931250072 leave map 1 unit 1094
[map_1] perf_8g_10_195_114_1783931250128 leave map 1 unit 1114
[map_1] perf_8g_10_195_118_1783931250142 leave map 1 unit 1118
[map_1] perf_8g_10_195_95_1783931250075 leave map 1 unit 1095
[map_1] perf_8g_10_195_96_1783931250075 leave map 1 unit 1096
[map_1] perf_8g_10_195_117_1783931250138 leave map 1 unit 1117
[map_1] perf_8g_10_195_115_1783931250133 leave map 1 unit 1115
[map_1] perf_8g_10_195_97_1783931250078 leave map 1 unit 1097
[map_1] perf_8g_10_195_113_1783931250123 leave map 1 unit 1113
[map_1] perf_8g_10_195_98_1783931250084 leave map 1 unit 1098
[map_1] perf_8g_10_195_111_1783931250120 leave map 1 unit 1111
[map_1] perf_8g_10_195_112_1783931250120 leave map 1 unit 1112
[map_1] perf_8g_10_195_100_1783931250091 leave map 1 unit 1100
[map_1] perf_8g_10_195_99_1783931250089 leave map 1 unit 1099
[map_1] perf_8g_10_195_109_1783931250114 leave map 1 unit 1109
[map_1] perf_8g_10_195_101_1783931250094 leave map 1 unit 1101
[map_1] perf_8g_10_195_110_1783931250117 leave map 1 unit 1110
[map_1] perf_8g_10_195_107_1783931250110 leave map 1 unit 1107
[map_1] perf_8g_10_195_103_1783931250099 leave map 1 unit 1103
[map_1] perf_8g_10_195_108_1783931250112 leave map 1 unit 1108
[map_1] perf_8g_10_195_104_1783931250104 leave map 1 unit 1104
[map_1] perf_8g_10_195_102_1783931250097 leave map 1 unit 1102
[map_1] perf_8g_10_195_106_1783931250109 leave map 1 unit 1106
[map_1] perf_8g_10_195_105_1783931250107 leave map 1 unit 1105
