starting process log with one V8 and 1 scene(s) from E:\VsCode\skynet\ets_runtime\perf\results\runtime_configs\map_capacity_20260713_082359\195p_8g_r1\log.json
scene log (Log) listening on 127.0.0.1:7100
[process:log] one V8 started with 1 scene(s)
[log] Log scene started at 127.0.0.1:7100
log accepted 127.0.0.1:51751 as conn 1
log accepted 127.0.0.1:51793 as conn 2
[log] [login_1] perf_8g_10_195_0_1783931165815 login count 1
[log] [login_1] perf_8g_10_195_1_1783931165816 login count 1
[log] [login_1] perf_8g_10_195_3_1783931165817 login count 1
[log] [login_1] perf_8g_10_195_2_1783931165817 login count 1
[log] [login_1] perf_8g_10_195_5_1783931165817 login count 1
[log] [login_1] perf_8g_10_195_6_1783931165817 login count 1
[log] [login_1] perf_8g_10_195_8_1783931165817 login count 1
[log] [login_1] perf_8g_10_195_10_1783931165817 login count 1
[log] [login_1] perf_8g_10_195_7_1783931165817 login count 1
[log] [login_1] perf_8g_10_195_12_1783931165817 login count 1
[log] [login_1] perf_8g_10_195_9_1783931165817 login count 1
[log] [login_1] perf_8g_10_195_4_1783931165817 login count 1
[log] [login_1] perf_8g_10_195_13_1783931165817 login count 1
[log] [login_1] perf_8g_10_195_14_1783931165817 login count 1
[log] [login_1] perf_8g_10_195_15_1783931165817 login count 1
[log] [login_1] perf_8g_10_195_11_1783931165817 login count 1
log accepted 127.0.0.1:51819 as conn 3
[log] [gate_1] perf_8g_10_195_0_1783931165815 enter map_1 as unit 1000
log accepted 127.0.0.1:51827 as conn 4
log accepted 127.0.0.1:51829 as conn 5
log accepted 127.0.0.1:51830 as conn 6
log accepted 127.0.0.1:51831 as conn 7
log accepted 127.0.0.1:51832 as conn 8
[log] [gate_7] perf_8g_10_195_8_1783931165817 enter map_1 as unit 1004
log accepted 127.0.0.1:51833 as conn 9
[log] [gate_3] perf_8g_10_195_3_1783931165817 enter map_1 as unit 1002
[log] [gate_6] perf_8g_10_195_6_1783931165817 enter map_1 as unit 1006
[log] [gate_2] perf_8g_10_195_1_1783931165816 enter map_1 as unit 1001
[log] [gate_5] perf_8g_10_195_5_1783931165817 enter map_1 as unit 1003
[log] [gate_4] perf_8g_10_195_2_1783931165817 enter map_1 as unit 1005
[log] [login_1] perf_8g_10_195_16_1783931165841 login count 1
[log] [gate_1] perf_8g_10_195_7_1783931165817 enter map_1 as unit 1007
[log] [gate_3] perf_8g_10_195_9_1783931165817 enter map_1 as unit 1008
[log] [login_1] perf_8g_10_195_17_1783931165844 login count 1
[log] [gate_7] perf_8g_10_195_15_1783931165817 enter map_1 as unit 1010
[log] [gate_6] perf_8g_10_195_14_1783931165817 enter map_1 as unit 1012
[log] [gate_2] perf_8g_10_195_12_1783931165817 enter map_1 as unit 1009
[log] [gate_4] perf_8g_10_195_4_1783931165817 enter map_1 as unit 1011
[log] [gate_5] perf_8g_10_195_13_1783931165817 enter map_1 as unit 1013
[log] [gate_1] perf_8g_10_195_16_1783931165841 enter map_1 as unit 1014
[log] [gate_2] perf_8g_10_195_17_1783931165844 enter map_1 as unit 1015
[log] [login_1] perf_8g_10_195_18_1783931165846 login count 1
[log] [login_1] perf_8g_10_195_19_1783931165846 login count 1
[log] [login_1] perf_8g_10_195_20_1783931165847 login count 1
[log] [login_1] perf_8g_10_195_21_1783931165847 login count 1
[log] [login_1] perf_8g_10_195_22_1783931165848 login count 1
[log] [login_1] perf_8g_10_195_23_1783931165848 login count 1
[log] [login_1] perf_8g_10_195_24_1783931165848 login count 1
[log] [login_1] perf_8g_10_195_25_1783931165848 login count 1
[log] [login_1] perf_8g_10_195_26_1783931165849 login count 1
[log] [login_1] perf_8g_10_195_27_1783931165849 login count 1
[log] [login_1] perf_8g_10_195_28_1783931165849 login count 1
[log] [login_1] perf_8g_10_195_29_1783931165849 login count 1
[log] [login_1] perf_8g_10_195_30_1783931165850 login count 1
[log] [gate_3] perf_8g_10_195_18_1783931165846 enter map_1 as unit 1016
[log] [login_1] perf_8g_10_195_31_1783931165851 login count 1
[log] [gate_4] perf_8g_10_195_19_1783931165846 enter map_1 as unit 1017
[log] [gate_5] perf_8g_10_195_20_1783931165847 enter map_1 as unit 1018
[log] [gate_6] perf_8g_10_195_21_1783931165847 enter map_1 as unit 1019
[log] [gate_7] perf_8g_10_195_22_1783931165848 enter map_1 as unit 1020
[log] [gate_2] perf_8g_10_195_25_1783931165848 enter map_1 as unit 1023
[log] [gate_1] perf_8g_10_195_24_1783931165848 enter map_1 as unit 1022
log accepted 127.0.0.1:51888 as conn 10
[log] [gate_8] perf_8g_10_195_10_1783931165817 enter map_1 as unit 1021
[log] [login_1] perf_8g_10_195_32_1783931165859 login count 1
[log] [login_1] perf_8g_10_195_33_1783931165859 login count 1
[log] [login_1] perf_8g_10_195_34_1783931165860 login count 1
[log] [gate_6] perf_8g_10_195_29_1783931165849 enter map_1 as unit 1027
[log] [gate_5] perf_8g_10_195_28_1783931165849 enter map_1 as unit 1024
[log] [gate_4] perf_8g_10_195_27_1783931165849 enter map_1 as unit 1025
[log] [gate_3] perf_8g_10_195_26_1783931165849 enter map_1 as unit 1026
[log] [gate_8] perf_8g_10_195_11_1783931165817 enter map_1 as unit 1029
[log] [gate_7] perf_8g_10_195_30_1783931165850 enter map_1 as unit 1028
[log] [login_1] perf_8g_10_195_35_1783931165861 login count 1
[log] [login_1] perf_8g_10_195_36_1783931165863 login count 1
[log] [login_1] perf_8g_10_195_37_1783931165864 login count 1
[log] [login_1] perf_8g_10_195_38_1783931165864 login count 1
[log] [gate_8] perf_8g_10_195_31_1783931165851 enter map_1 as unit 1030
[log] [login_1] perf_8g_10_195_39_1783931165866 login count 1
[log] [login_1] perf_8g_10_195_40_1783931165866 login count 1
[log] [gate_1] perf_8g_10_195_32_1783931165859 enter map_1 as unit 1031
[log] [gate_2] perf_8g_10_195_33_1783931165859 enter map_1 as unit 1033
[log] [gate_3] perf_8g_10_195_34_1783931165860 enter map_1 as unit 1032
[log] [login_1] perf_8g_10_195_41_1783931165867 login count 1
[log] [login_1] perf_8g_10_195_42_1783931165867 login count 1
[log] [gate_8] perf_8g_10_195_23_1783931165848 enter map_1 as unit 1034
[log] [gate_4] perf_8g_10_195_35_1783931165861 enter map_1 as unit 1035
[log] [login_1] perf_8g_10_195_43_1783931165868 login count 1
[log] [login_1] perf_8g_10_195_44_1783931165869 login count 1
[log] [login_1] perf_8g_10_195_45_1783931165869 login count 1
[log] [gate_5] perf_8g_10_195_36_1783931165863 enter map_1 as unit 1036
[log] [gate_6] perf_8g_10_195_37_1783931165864 enter map_1 as unit 1037
[log] [gate_7] perf_8g_10_195_38_1783931165864 enter map_1 as unit 1038
[log] [gate_8] perf_8g_10_195_39_1783931165866 enter map_1 as unit 1039
[log] [gate_1] perf_8g_10_195_40_1783931165866 enter map_1 as unit 1040
[log] [gate_2] perf_8g_10_195_41_1783931165867 enter map_1 as unit 1041
[log] [login_1] perf_8g_10_195_46_1783931165874 login count 1
[log] [gate_4] perf_8g_10_195_43_1783931165868 enter map_1 as unit 1043
[log] [gate_3] perf_8g_10_195_42_1783931165867 enter map_1 as unit 1042
[log] [login_1] perf_8g_10_195_47_1783931165874 login count 1
[log] [login_1] perf_8g_10_195_48_1783931165875 login count 1
[log] [gate_5] perf_8g_10_195_44_1783931165869 enter map_1 as unit 1044
[log] [login_1] perf_8g_10_195_49_1783931165876 login count 1
[log] [login_1] perf_8g_10_195_50_1783931165876 login count 1
[log] [login_1] perf_8g_10_195_51_1783931165876 login count 1
[log] [gate_6] perf_8g_10_195_45_1783931165869 enter map_1 as unit 1045
[log] [login_1] perf_8g_10_195_52_1783931165878 login count 1
[log] [login_1] perf_8g_10_195_53_1783931165880 login count 1
[log] [login_1] perf_8g_10_195_54_1783931165880 login count 1
[log] [login_1] perf_8g_10_195_55_1783931165882 login count 1
[log] [login_1] perf_8g_10_195_56_1783931165883 login count 1
[log] [gate_7] perf_8g_10_195_46_1783931165874 enter map_1 as unit 1046
[log] [login_1] perf_8g_10_195_57_1783931165883 login count 1
[log] [gate_8] perf_8g_10_195_47_1783931165874 enter map_1 as unit 1047
[log] [gate_2] perf_8g_10_195_49_1783931165876 enter map_1 as unit 1049
[log] [gate_1] perf_8g_10_195_48_1783931165875 enter map_1 as unit 1048
[log] [login_1] perf_8g_10_195_58_1783931165885 login count 1
[log] [login_1] perf_8g_10_195_59_1783931165885 login count 1
[log] [gate_3] perf_8g_10_195_50_1783931165876 enter map_1 as unit 1050
[log] [gate_4] perf_8g_10_195_51_1783931165876 enter map_1 as unit 1051
[log] [login_1] perf_8g_10_195_60_1783931165886 login count 1
[log] [login_1] perf_8g_10_195_61_1783931165887 login count 1
[log] [gate_5] perf_8g_10_195_52_1783931165878 enter map_1 as unit 1052
[log] [gate_6] perf_8g_10_195_53_1783931165880 enter map_1 as unit 1053
[log] [gate_7] perf_8g_10_195_54_1783931165880 enter map_1 as unit 1054
[log] [gate_8] perf_8g_10_195_55_1783931165882 enter map_1 as unit 1055
[log] [gate_1] perf_8g_10_195_56_1783931165883 enter map_1 as unit 1056
[log] [gate_2] perf_8g_10_195_57_1783931165883 enter map_1 as unit 1057
[log] [login_1] perf_8g_10_195_62_1783931165893 login count 1
[log] [gate_3] perf_8g_10_195_58_1783931165885 enter map_1 as unit 1058
[log] [login_1] perf_8g_10_195_63_1783931165893 login count 1
[log] [gate_4] perf_8g_10_195_59_1783931165885 enter map_1 as unit 1059
[log] [login_1] perf_8g_10_195_64_1783931165894 login count 1
[log] [login_1] perf_8g_10_195_65_1783931165895 login count 1
[log] [gate_5] perf_8g_10_195_60_1783931165886 enter map_1 as unit 1060
[log] [gate_6] perf_8g_10_195_61_1783931165887 enter map_1 as unit 1061
[log] [login_1] perf_8g_10_195_66_1783931165895 login count 1
[log] [login_1] perf_8g_10_195_67_1783931165896 login count 1
[log] [login_1] perf_8g_10_195_68_1783931165897 login count 1
[log] [login_1] perf_8g_10_195_69_1783931165898 login count 1
[log] [login_1] perf_8g_10_195_70_1783931165900 login count 1
[log] [login_1] perf_8g_10_195_71_1783931165900 login count 1
[log] [login_1] perf_8g_10_195_72_1783931165901 login count 1
[log] [login_1] perf_8g_10_195_73_1783931165902 login count 1
[log] [gate_7] perf_8g_10_195_62_1783931165893 enter map_1 as unit 1062
[log] [gate_8] perf_8g_10_195_63_1783931165893 enter map_1 as unit 1063
[log] [login_1] perf_8g_10_195_74_1783931165905 login count 1
[log] [gate_2] perf_8g_10_195_65_1783931165895 enter map_1 as unit 1065
[log] [gate_1] perf_8g_10_195_64_1783931165894 enter map_1 as unit 1064
[log] [login_1] perf_8g_10_195_75_1783931165905 login count 1
[log] [login_1] perf_8g_10_195_76_1783931165906 login count 1
[log] [gate_3] perf_8g_10_195_66_1783931165895 enter map_1 as unit 1066
[log] [gate_4] perf_8g_10_195_67_1783931165896 enter map_1 as unit 1067
[log] [login_1] perf_8g_10_195_77_1783931165907 login count 1
[log] [gate_6] perf_8g_10_195_69_1783931165898 enter map_1 as unit 1069
[log] [gate_5] perf_8g_10_195_68_1783931165897 enter map_1 as unit 1068
[log] [gate_7] perf_8g_10_195_70_1783931165900 enter map_1 as unit 1070
[log] [gate_1] perf_8g_10_195_72_1783931165901 enter map_1 as unit 1072
[log] [gate_8] perf_8g_10_195_71_1783931165900 enter map_1 as unit 1071
[log] [gate_2] perf_8g_10_195_73_1783931165902 enter map_1 as unit 1073
[log] [login_1] perf_8g_10_195_78_1783931165913 login count 1
[log] [gate_3] perf_8g_10_195_74_1783931165905 enter map_1 as unit 1074
[log] [login_1] perf_8g_10_195_79_1783931165914 login count 1
[log] [gate_4] perf_8g_10_195_75_1783931165905 enter map_1 as unit 1075
[log] [login_1] perf_8g_10_195_80_1783931165915 login count 1
[log] [gate_5] perf_8g_10_195_76_1783931165906 enter map_1 as unit 1076
[log] [login_1] perf_8g_10_195_81_1783931165915 login count 1
[log] [gate_6] perf_8g_10_195_77_1783931165907 enter map_1 as unit 1077
[log] [login_1] perf_8g_10_195_82_1783931165917 login count 1
[log] [login_1] perf_8g_10_195_83_1783931165918 login count 1
[log] [login_1] perf_8g_10_195_84_1783931165919 login count 1
[log] [login_1] perf_8g_10_195_85_1783931165920 login count 1
[log] [login_1] perf_8g_10_195_86_1783931165924 login count 1
[log] [login_1] perf_8g_10_195_87_1783931165925 login count 1
[log] [gate_7] perf_8g_10_195_78_1783931165913 enter map_1 as unit 1078
[log] [login_1] perf_8g_10_195_88_1783931165926 login count 1
[log] [login_1] perf_8g_10_195_89_1783931165927 login count 1
[log] [login_1] perf_8g_10_195_90_1783931165927 login count 1
[log] [gate_8] perf_8g_10_195_79_1783931165914 enter map_1 as unit 1079
[log] [login_1] perf_8g_10_195_91_1783931165929 login count 1
[log] [login_1] perf_8g_10_195_92_1783931165929 login count 1
[log] [login_1] perf_8g_10_195_93_1783931165930 login count 1
[log] [gate_1] perf_8g_10_195_80_1783931165915 enter map_1 as unit 1080
[log] [gate_2] perf_8g_10_195_81_1783931165915 enter map_1 as unit 1081
[log] [gate_4] perf_8g_10_195_83_1783931165918 enter map_1 as unit 1083
[log] [gate_3] perf_8g_10_195_82_1783931165917 enter map_1 as unit 1082
[log] [gate_6] perf_8g_10_195_85_1783931165920 enter map_1 as unit 1085
[log] [gate_5] perf_8g_10_195_84_1783931165919 enter map_1 as unit 1084
[log] [login_1] perf_8g_10_195_94_1783931165936 login count 1
[log] [login_1] perf_8g_10_195_95_1783931165938 login count 1
[log] [login_1] perf_8g_10_195_96_1783931165940 login count 1
[log] [login_1] perf_8g_10_195_97_1783931165940 login count 1
[log] [gate_2] perf_8g_10_195_89_1783931165927 enter map_1 as unit 1089
[log] [gate_7] perf_8g_10_195_86_1783931165924 enter map_1 as unit 1086
[log] [gate_1] perf_8g_10_195_88_1783931165926 enter map_1 as unit 1088
[log] [gate_8] perf_8g_10_195_87_1783931165925 enter map_1 as unit 1087
[log] [login_1] perf_8g_10_195_98_1783931165942 login count 1
[log] [login_1] perf_8g_10_195_99_1783931165942 login count 1
[log] [gate_4] perf_8g_10_195_91_1783931165929 enter map_1 as unit 1090
[log] [gate_6] perf_8g_10_195_93_1783931165930 enter map_1 as unit 1093
[log] [gate_3] perf_8g_10_195_90_1783931165927 enter map_1 as unit 1091
[log] [gate_5] perf_8g_10_195_92_1783931165929 enter map_1 as unit 1092
[log] [gate_7] perf_8g_10_195_94_1783931165936 enter map_1 as unit 1094
[log] [login_1] perf_8g_10_195_100_1783931165945 login count 1
[log] [login_1] perf_8g_10_195_101_1783931165945 login count 1
[log] [gate_8] perf_8g_10_195_95_1783931165938 enter map_1 as unit 1095
[log] [gate_2] perf_8g_10_195_97_1783931165940 enter map_1 as unit 1097
[log] [gate_1] perf_8g_10_195_96_1783931165940 enter map_1 as unit 1096
[log] [login_1] perf_8g_10_195_102_1783931165949 login count 1
[log] [login_1] perf_8g_10_195_103_1783931165949 login count 1
[log] [login_1] perf_8g_10_195_104_1783931165949 login count 1
[log] [login_1] perf_8g_10_195_105_1783931165950 login count 1
[log] [gate_4] perf_8g_10_195_99_1783931165942 enter map_1 as unit 1098
[log] [gate_3] perf_8g_10_195_98_1783931165942 enter map_1 as unit 1099
[log] [gate_5] perf_8g_10_195_100_1783931165945 enter map_1 as unit 1100
[log] [login_1] perf_8g_10_195_106_1783931165954 login count 1
[log] [login_1] perf_8g_10_195_107_1783931165955 login count 1
[log] [login_1] perf_8g_10_195_108_1783931165956 login count 1
[log] [gate_6] perf_8g_10_195_101_1783931165945 enter map_1 as unit 1101
[log] [login_1] perf_8g_10_195_109_1783931165956 login count 1
[log] [login_1] perf_8g_10_195_110_1783931165958 login count 1
[log] [login_1] perf_8g_10_195_111_1783931165959 login count 1
[log] [login_1] perf_8g_10_195_112_1783931165960 login count 1
[log] [login_1] perf_8g_10_195_113_1783931165960 login count 1
[log] [gate_7] perf_8g_10_195_102_1783931165949 enter map_1 as unit 1102
[log] [login_1] perf_8g_10_195_114_1783931165964 login count 1
[log] [login_1] perf_8g_10_195_115_1783931165966 login count 1
[log] [gate_8] perf_8g_10_195_103_1783931165949 enter map_1 as unit 1103
[log] [gate_1] perf_8g_10_195_104_1783931165949 enter map_1 as unit 1104
[log] [gate_2] perf_8g_10_195_105_1783931165950 enter map_1 as unit 1105
[log] [login_1] perf_8g_10_195_116_1783931165967 login count 1
[log] [login_1] perf_8g_10_195_117_1783931165968 login count 1
[log] [gate_3] perf_8g_10_195_106_1783931165954 enter map_1 as unit 1106
[log] [gate_4] perf_8g_10_195_107_1783931165955 enter map_1 as unit 1107
[log] [gate_5] perf_8g_10_195_108_1783931165956 enter map_1 as unit 1108
[log] [login_1] perf_8g_10_195_118_1783931165973 login count 1
[log] [login_1] perf_8g_10_195_119_1783931165976 login count 1
[log] [login_1] perf_8g_10_195_121_1783931165977 login count 1
[log] [login_1] perf_8g_10_195_120_1783931165976 login count 1
[log] [login_1] perf_8g_10_195_122_1783931165980 login count 1
[log] [login_1] perf_8g_10_195_123_1783931165980 login count 1
[log] [login_1] perf_8g_10_195_124_1783931165981 login count 1
[log] [gate_1] perf_8g_10_195_112_1783931165960 enter map_1 as unit 1113
[log] [gate_7] perf_8g_10_195_110_1783931165958 enter map_1 as unit 1110
[log] [gate_6] perf_8g_10_195_109_1783931165956 enter map_1 as unit 1109
[log] [gate_8] perf_8g_10_195_111_1783931165959 enter map_1 as unit 1111
[log] [gate_2] perf_8g_10_195_113_1783931165960 enter map_1 as unit 1112
[log] [gate_3] perf_8g_10_195_114_1783931165964 enter map_1 as unit 1114
[log] [gate_5] perf_8g_10_195_116_1783931165967 enter map_1 as unit 1115
[log] [gate_4] perf_8g_10_195_115_1783931165966 enter map_1 as unit 1116
[log] [login_1] perf_8g_10_195_125_1783931165987 login count 1
[log] [login_1] perf_8g_10_195_126_1783931165987 login count 1
[log] [login_1] perf_8g_10_195_127_1783931165988 login count 1
[log] [login_1] perf_8g_10_195_128_1783931165988 login count 1
[log] [login_1] perf_8g_10_195_129_1783931165989 login count 1
[log] [login_1] perf_8g_10_195_130_1783931165991 login count 1
[log] [login_1] perf_8g_10_195_131_1783931165992 login count 1
[log] [login_1] perf_8g_10_195_132_1783931165992 login count 1
[log] [gate_1] perf_8g_10_195_121_1783931165977 enter map_1 as unit 1117
[log] [gate_7] perf_8g_10_195_118_1783931165973 enter map_1 as unit 1118
[log] [gate_2] perf_8g_10_195_120_1783931165976 enter map_1 as unit 1120
[log] [gate_8] perf_8g_10_195_119_1783931165976 enter map_1 as unit 1119
[log] [gate_6] perf_8g_10_195_117_1783931165968 enter map_1 as unit 1121
[log] [gate_5] perf_8g_10_195_124_1783931165981 enter map_1 as unit 1123
[log] [gate_3] perf_8g_10_195_122_1783931165980 enter map_1 as unit 1122
[log] [login_1] perf_8g_10_195_133_1783931165999 login count 1
[log] [gate_4] perf_8g_10_195_123_1783931165980 enter map_1 as unit 1124
[log] [login_1] perf_8g_10_195_134_1783931166000 login count 1
[log] [login_1] perf_8g_10_195_135_1783931166001 login count 1
[log] [login_1] perf_8g_10_195_136_1783931166002 login count 1
[log] [login_1] perf_8g_10_195_137_1783931166002 login count 1
[log] [login_1] perf_8g_10_195_138_1783931166007 login count 1
[log] [login_1] perf_8g_10_195_139_1783931166008 login count 1
[log] [login_1] perf_8g_10_195_140_1783931166009 login count 1
[log] [gate_8] perf_8g_10_195_127_1783931165988 enter map_1 as unit 1125
[log] [gate_2] perf_8g_10_195_129_1783931165989 enter map_1 as unit 1128
[log] [gate_7] perf_8g_10_195_126_1783931165987 enter map_1 as unit 1127
[log] [gate_6] perf_8g_10_195_125_1783931165987 enter map_1 as unit 1126
[log] [gate_1] perf_8g_10_195_128_1783931165988 enter map_1 as unit 1129
[log] [login_1] perf_8g_10_195_142_1783931166017 login count 1
[log] [gate_3] perf_8g_10_195_130_1783931165991 enter map_1 as unit 1131
[log] [gate_5] perf_8g_10_195_132_1783931165992 enter map_1 as unit 1130
[log] [gate_4] perf_8g_10_195_131_1783931165992 enter map_1 as unit 1132
[log] [login_1] perf_8g_10_195_141_1783931166016 login count 1
[log] [login_1] perf_8g_10_195_143_1783931166018 login count 1
[log] [login_1] perf_8g_10_195_144_1783931166018 login count 1
[log] [login_1] perf_8g_10_195_145_1783931166019 login count 1
[log] [login_1] perf_8g_10_195_146_1783931166025 login count 1
[log] [login_1] perf_8g_10_195_147_1783931166025 login count 1
[log] [login_1] perf_8g_10_195_148_1783931166026 login count 1
[log] [gate_8] perf_8g_10_195_135_1783931166001 enter map_1 as unit 1137
[log] [gate_1] perf_8g_10_195_136_1783931166002 enter map_1 as unit 1134
[log] [gate_7] perf_8g_10_195_134_1783931166000 enter map_1 as unit 1136
[log] [gate_6] perf_8g_10_195_133_1783931165999 enter map_1 as unit 1135
[log] [gate_2] perf_8g_10_195_137_1783931166002 enter map_1 as unit 1133
[log] [gate_4] perf_8g_10_195_139_1783931166008 enter map_1 as unit 1138
[log] [gate_3] perf_8g_10_195_138_1783931166007 enter map_1 as unit 1139
[log] [gate_5] perf_8g_10_195_140_1783931166009 enter map_1 as unit 1140
[log] [login_1] perf_8g_10_195_149_1783931166033 login count 1
[log] [login_1] perf_8g_10_195_150_1783931166034 login count 1
[log] [login_1] perf_8g_10_195_151_1783931166035 login count 1
[log] [login_1] perf_8g_10_195_152_1783931166036 login count 1
[log] [login_1] perf_8g_10_195_153_1783931166036 login count 1
[log] [login_1] perf_8g_10_195_154_1783931166040 login count 1
[log] [login_1] perf_8g_10_195_155_1783931166041 login count 1
[log] [login_1] perf_8g_10_195_156_1783931166042 login count 1
[log] [gate_1] perf_8g_10_195_144_1783931166018 enter map_1 as unit 1143
[log] [gate_7] perf_8g_10_195_141_1783931166016 enter map_1 as unit 1144
[log] [gate_8] perf_8g_10_195_143_1783931166018 enter map_1 as unit 1141
[log] [gate_6] perf_8g_10_195_142_1783931166017 enter map_1 as unit 1142
[log] [login_1] perf_8g_10_195_157_1783931166047 login count 1
[log] [login_1] perf_8g_10_195_159_1783931166049 login count 1
[log] [login_1] perf_8g_10_195_158_1783931166048 login count 1
[log] [login_1] perf_8g_10_195_160_1783931166050 login count 1
[log] [gate_5] perf_8g_10_195_148_1783931166026 enter map_1 as unit 1148
[log] [gate_2] perf_8g_10_195_145_1783931166019 enter map_1 as unit 1145
[log] [gate_3] perf_8g_10_195_146_1783931166025 enter map_1 as unit 1146
[log] [gate_4] perf_8g_10_195_147_1783931166025 enter map_1 as unit 1147
[log] [login_1] perf_8g_10_195_161_1783931166056 login count 1
[log] [login_1] perf_8g_10_195_162_1783931166057 login count 1
[log] [login_1] perf_8g_10_195_163_1783931166058 login count 1
[log] [login_1] perf_8g_10_195_164_1783931166059 login count 1
[log] [gate_1] perf_8g_10_195_152_1783931166036 enter map_1 as unit 1149
[log] [gate_6] perf_8g_10_195_149_1783931166033 enter map_1 as unit 1151
[log] [gate_7] perf_8g_10_195_150_1783931166034 enter map_1 as unit 1150
[log] [gate_8] perf_8g_10_195_151_1783931166035 enter map_1 as unit 1152
[log] [login_1] perf_8g_10_195_165_1783931166064 login count 1
[log] [login_1] perf_8g_10_195_166_1783931166065 login count 1
[log] [login_1] perf_8g_10_195_167_1783931166066 login count 1
[log] [login_1] perf_8g_10_195_168_1783931166067 login count 1
[log] [gate_2] perf_8g_10_195_153_1783931166036 enter map_1 as unit 1156
[log] [gate_5] perf_8g_10_195_156_1783931166042 enter map_1 as unit 1154
[log] [gate_4] perf_8g_10_195_155_1783931166041 enter map_1 as unit 1153
[log] [gate_3] perf_8g_10_195_154_1783931166040 enter map_1 as unit 1155
[log] [login_1] perf_8g_10_195_169_1783931166075 login count 1
[log] [login_1] perf_8g_10_195_170_1783931166075 login count 1
[log] [login_1] perf_8g_10_195_171_1783931166076 login count 1
[log] [login_1] perf_8g_10_195_172_1783931166077 login count 1
[log] [gate_8] perf_8g_10_195_158_1783931166048 enter map_1 as unit 1157
[log] [gate_7] perf_8g_10_195_159_1783931166049 enter map_1 as unit 1159
[log] [gate_6] perf_8g_10_195_157_1783931166047 enter map_1 as unit 1160
[log] [gate_1] perf_8g_10_195_160_1783931166050 enter map_1 as unit 1158
[log] [login_1] perf_8g_10_195_173_1783931166084 login count 1
[log] [login_1] perf_8g_10_195_174_1783931166085 login count 1
[log] [login_1] perf_8g_10_195_175_1783931166086 login count 1
[log] [login_1] perf_8g_10_195_176_1783931166087 login count 1
[log] [gate_4] perf_8g_10_195_163_1783931166058 enter map_1 as unit 1164
[log] [gate_5] perf_8g_10_195_164_1783931166059 enter map_1 as unit 1163
[log] [gate_2] perf_8g_10_195_161_1783931166056 enter map_1 as unit 1162
[log] [gate_3] perf_8g_10_195_162_1783931166057 enter map_1 as unit 1161
[log] [login_1] perf_8g_10_195_177_1783931166095 login count 1
[log] [login_1] perf_8g_10_195_178_1783931166096 login count 1
[log] [login_1] perf_8g_10_195_179_1783931166097 login count 1
[log] [login_1] perf_8g_10_195_180_1783931166098 login count 1
[log] [gate_1] perf_8g_10_195_168_1783931166067 enter map_1 as unit 1167
[log] [gate_8] perf_8g_10_195_167_1783931166066 enter map_1 as unit 1165
[log] [gate_7] perf_8g_10_195_166_1783931166065 enter map_1 as unit 1166
[log] [gate_6] perf_8g_10_195_165_1783931166064 enter map_1 as unit 1168
[log] [login_1] perf_8g_10_195_181_1783931166104 login count 1
[log] [login_1] perf_8g_10_195_182_1783931166105 login count 1
[log] [login_1] perf_8g_10_195_183_1783931166106 login count 1
[log] [login_1] perf_8g_10_195_184_1783931166106 login count 1
[log] [gate_3] perf_8g_10_195_170_1783931166075 enter map_1 as unit 1172
[log] [gate_4] perf_8g_10_195_171_1783931166076 enter map_1 as unit 1170
[log] [gate_5] perf_8g_10_195_172_1783931166077 enter map_1 as unit 1171
[log] [gate_2] perf_8g_10_195_169_1783931166075 enter map_1 as unit 1169
[log] [login_1] perf_8g_10_195_185_1783931166115 login count 1
[log] [login_1] perf_8g_10_195_186_1783931166116 login count 1
[log] [login_1] perf_8g_10_195_187_1783931166117 login count 1
[log] [login_1] perf_8g_10_195_188_1783931166118 login count 1
[log] [gate_6] perf_8g_10_195_173_1783931166084 enter map_1 as unit 1174
[log] [gate_8] perf_8g_10_195_175_1783931166086 enter map_1 as unit 1176
[log] [gate_1] perf_8g_10_195_176_1783931166087 enter map_1 as unit 1175
[log] [gate_7] perf_8g_10_195_174_1783931166085 enter map_1 as unit 1173
[log] [login_1] perf_8g_10_195_190_1783931166128 login count 1
[log] [login_1] perf_8g_10_195_189_1783931166126 login count 1
[log] [login_1] perf_8g_10_195_191_1783931166128 login count 1
[log] [login_1] perf_8g_10_195_192_1783931166129 login count 1
[log] [gate_3] perf_8g_10_195_178_1783931166096 enter map_1 as unit 1177
[log] [gate_2] perf_8g_10_195_177_1783931166095 enter map_1 as unit 1178
[log] [gate_4] perf_8g_10_195_179_1783931166097 enter map_1 as unit 1180
[log] [gate_5] perf_8g_10_195_180_1783931166098 enter map_1 as unit 1179
[log] [login_1] perf_8g_10_195_194_1783931166136 login count 1
[log] [login_1] perf_8g_10_195_193_1783931166135 login count 1
[log] [gate_7] perf_8g_10_195_182_1783931166105 enter map_1 as unit 1184
[log] [gate_6] perf_8g_10_195_181_1783931166104 enter map_1 as unit 1183
[log] [gate_8] perf_8g_10_195_183_1783931166106 enter map_1 as unit 1181
[log] [gate_1] perf_8g_10_195_184_1783931166106 enter map_1 as unit 1182
[log] [gate_5] perf_8g_10_195_188_1783931166118 enter map_1 as unit 1188
[log] [gate_2] perf_8g_10_195_185_1783931166115 enter map_1 as unit 1187
[log] [gate_3] perf_8g_10_195_186_1783931166116 enter map_1 as unit 1186
[log] [gate_4] perf_8g_10_195_187_1783931166117 enter map_1 as unit 1185
[log] [gate_7] perf_8g_10_195_189_1783931166126 enter map_1 as unit 1191
[log] [gate_8] perf_8g_10_195_191_1783931166128 enter map_1 as unit 1192
[log] [gate_6] perf_8g_10_195_190_1783931166128 enter map_1 as unit 1189
[log] [gate_1] perf_8g_10_195_192_1783931166129 enter map_1 as unit 1190
[log] [gate_3] perf_8g_10_195_193_1783931166135 enter map_1 as unit 1194
[log] [gate_2] perf_8g_10_195_194_1783931166136 enter map_1 as unit 1193
[metrics:inner_transport] active=0 opened=0 pending=0 max_pending=0 overloads=0 timeouts=0 disconnected_calls=0 late_responses=0 idle_closes=0
[process-metrics] process=log cpu_percent=1.26 cpu_time_ms=109 rss_bytes=36974592 v8_heap_used_bytes=2625272 v8_heap_total_bytes=6037504 v8_gc_count=3 v8_gc_ms=0.902 timestamp_ms=1783931170600
[metrics:log] scene=log type=Log processed=390 failed=0 ts_queue=0 ts_max_queue=7 rust_queue=0 rust_max_queue=7 backpressure=0 slow_disconnects=0 update_ms=0.00 handler_ms=0.00 max_handler_ms=1.00 total_handler_ms=13.00
[metrics:inner_transport] active=0 opened=0 pending=0 max_pending=0 overloads=0 timeouts=0 disconnected_calls=0 late_responses=0 idle_closes=0
[process-metrics] process=log cpu_percent=0.00 cpu_time_ms=109 rss_bytes=36982784 v8_heap_used_bytes=2763960 v8_heap_total_bytes=6037504 v8_gc_count=3 v8_gc_ms=0.902 timestamp_ms=1783931175656
[metrics:log] scene=log type=Log processed=390 failed=0 ts_queue=0 ts_max_queue=7 rust_queue=0 rust_max_queue=7 backpressure=0 slow_disconnects=0 update_ms=0.00 handler_ms=0.00 max_handler_ms=1.00 total_handler_ms=13.00
[metrics:inner_transport] active=0 opened=0 pending=0 max_pending=0 overloads=0 timeouts=0 disconnected_calls=0 late_responses=0 idle_closes=0
[process-metrics] process=log cpu_percent=0.32 cpu_time_ms=125 rss_bytes=37367808 v8_heap_used_bytes=2920888 v8_heap_total_bytes=6037504 v8_gc_count=3 v8_gc_ms=0.902 timestamp_ms=1783931180718
[metrics:log] scene=log type=Log processed=390 failed=0 ts_queue=0 ts_max_queue=7 rust_queue=0 rust_max_queue=7 backpressure=0 slow_disconnects=0 update_ms=0.00 handler_ms=0.00 max_handler_ms=1.00 total_handler_ms=13.00
[metrics:inner_transport] active=0 opened=0 pending=0 max_pending=0 overloads=0 timeouts=0 disconnected_calls=0 late_responses=0 idle_closes=0
[process-metrics] process=log cpu_percent=0.30 cpu_time_ms=140 rss_bytes=37453824 v8_heap_used_bytes=3050576 v8_heap_total_bytes=6299648 v8_gc_count=3 v8_gc_ms=0.902 timestamp_ms=1783931185764
[metrics:log] scene=log type=Log processed=390 failed=0 ts_queue=0 ts_max_queue=7 rust_queue=0 rust_max_queue=7 backpressure=0 slow_disconnects=0 update_ms=0.00 handler_ms=0.00 max_handler_ms=1.00 total_handler_ms=13.00
[metrics:inner_transport] active=0 opened=0 pending=0 max_pending=0 overloads=0 timeouts=0 disconnected_calls=0 late_responses=0 idle_closes=0
[process-metrics] process=log cpu_percent=0.00 cpu_time_ms=140 rss_bytes=37650432 v8_heap_used_bytes=3180176 v8_heap_total_bytes=6299648 v8_gc_count=3 v8_gc_ms=0.902 timestamp_ms=1783931190823
[metrics:log] scene=log type=Log processed=390 failed=0 ts_queue=0 ts_max_queue=7 rust_queue=0 rust_max_queue=7 backpressure=0 slow_disconnects=0 update_ms=0.00 handler_ms=0.00 max_handler_ms=1.00 total_handler_ms=13.00
[metrics:inner_transport] active=0 opened=0 pending=0 max_pending=0 overloads=0 timeouts=0 disconnected_calls=0 late_responses=0 idle_closes=0
[process-metrics] process=log cpu_percent=0.00 cpu_time_ms=140 rss_bytes=37662720 v8_heap_used_bytes=3308176 v8_heap_total_bytes=6299648 v8_gc_count=3 v8_gc_ms=0.902 timestamp_ms=1783931195823
[metrics:log] scene=log type=Log processed=390 failed=0 ts_queue=0 ts_max_queue=7 rust_queue=0 rust_max_queue=7 backpressure=0 slow_disconnects=0 update_ms=0.00 handler_ms=0.00 max_handler_ms=1.00 total_handler_ms=13.00
[metrics:inner_transport] active=0 opened=0 pending=0 max_pending=0 overloads=0 timeouts=0 disconnected_calls=0 late_responses=0 idle_closes=0
[process-metrics] process=log cpu_percent=0.32 cpu_time_ms=156 rss_bytes=38014976 v8_heap_used_bytes=3442080 v8_heap_total_bytes=6561792 v8_gc_count=3 v8_gc_ms=0.902 timestamp_ms=1783931200882
[metrics:log] scene=log type=Log processed=390 failed=0 ts_queue=0 ts_max_queue=7 rust_queue=0 rust_max_queue=7 backpressure=0 slow_disconnects=0 update_ms=0.00 handler_ms=0.00 max_handler_ms=1.00 total_handler_ms=13.00
[metrics:inner_transport] active=0 opened=0 pending=0 max_pending=0 overloads=0 timeouts=0 disconnected_calls=0 late_responses=0 idle_closes=0
[process-metrics] process=log cpu_percent=0.30 cpu_time_ms=171 rss_bytes=38158336 v8_heap_used_bytes=3570384 v8_heap_total_bytes=6561792 v8_gc_count=3 v8_gc_ms=0.902 timestamp_ms=1783931205928
[metrics:log] scene=log type=Log processed=390 failed=0 ts_queue=0 ts_max_queue=7 rust_queue=0 rust_max_queue=7 backpressure=0 slow_disconnects=0 update_ms=0.00 handler_ms=0.00 max_handler_ms=1.00 total_handler_ms=13.00
