starting process map1 with one V8 and 1 scene(s) from E:\VsCode\skynet\ets_runtime\perf\results\runtime_configs\map_capacity_20260713_082359\195p_8g_r1\map1.json
scene map_1 (MapHost) listening on 127.0.0.1:7301
[process:map1] one V8 started with 1 scene(s)
[map_1] MapHost scene started at 127.0.0.1:7301
map_1 accepted 127.0.0.1:51752 as conn 1
map_1 accepted 127.0.0.1:51810 as conn 2
map_1 accepted 127.0.0.1:51811 as conn 3
map_1 accepted 127.0.0.1:51812 as conn 4
map_1 accepted 127.0.0.1:51813 as conn 5
map_1 accepted 127.0.0.1:51814 as conn 6
[map_1] perf_8g_10_195_0_1783931165815 enter map 1 unit 1000
map_1 accepted 127.0.0.1:51815 as conn 7
map_1 accepted 127.0.0.1:51816 as conn 8
map_1 accepted 127.0.0.1:51817 as conn 9
[map_1] perf_8g_10_195_1_1783931165816 enter map 1 unit 1001
[map_1] perf_8g_10_195_3_1783931165817 enter map 1 unit 1002
[map_1] perf_8g_10_195_5_1783931165817 enter map 1 unit 1003
[map_1] perf_8g_10_195_8_1783931165817 enter map 1 unit 1004
[map_1] perf_8g_10_195_2_1783931165817 enter map 1 unit 1005
[map_1] perf_8g_10_195_6_1783931165817 enter map 1 unit 1006
[map_1] perf_8g_10_195_7_1783931165817 enter map 1 unit 1007
[map_1] perf_8g_10_195_9_1783931165817 enter map 1 unit 1008
[map_1] perf_8g_10_195_12_1783931165817 enter map 1 unit 1009
[map_1] perf_8g_10_195_15_1783931165817 enter map 1 unit 1010
[map_1] perf_8g_10_195_4_1783931165817 enter map 1 unit 1011
[map_1] perf_8g_10_195_14_1783931165817 enter map 1 unit 1012
[map_1] perf_8g_10_195_13_1783931165817 enter map 1 unit 1013
[map_1] perf_8g_10_195_16_1783931165841 enter map 1 unit 1014
[map_1] perf_8g_10_195_17_1783931165844 enter map 1 unit 1015
[map_1] perf_8g_10_195_18_1783931165846 enter map 1 unit 1016
[map_1] perf_8g_10_195_19_1783931165846 enter map 1 unit 1017
[map_1] perf_8g_10_195_20_1783931165847 enter map 1 unit 1018
[map_1] perf_8g_10_195_21_1783931165847 enter map 1 unit 1019
[map_1] perf_8g_10_195_22_1783931165848 enter map 1 unit 1020
[map_1] perf_8g_10_195_10_1783931165817 enter map 1 unit 1021
[map_1] perf_8g_10_195_24_1783931165848 enter map 1 unit 1022
[map_1] perf_8g_10_195_25_1783931165848 enter map 1 unit 1023
[map_1] perf_8g_10_195_28_1783931165849 enter map 1 unit 1024
[map_1] perf_8g_10_195_27_1783931165849 enter map 1 unit 1025
[map_1] perf_8g_10_195_26_1783931165849 enter map 1 unit 1026
[map_1] perf_8g_10_195_29_1783931165849 enter map 1 unit 1027
[map_1] perf_8g_10_195_30_1783931165850 enter map 1 unit 1028
[map_1] perf_8g_10_195_11_1783931165817 enter map 1 unit 1029
[map_1] perf_8g_10_195_31_1783931165851 enter map 1 unit 1030
[map_1] perf_8g_10_195_32_1783931165859 enter map 1 unit 1031
[map_1] perf_8g_10_195_34_1783931165860 enter map 1 unit 1032
[map_1] perf_8g_10_195_33_1783931165859 enter map 1 unit 1033
[map_1] perf_8g_10_195_23_1783931165848 enter map 1 unit 1034
[map_1] perf_8g_10_195_35_1783931165861 enter map 1 unit 1035
[map_1] perf_8g_10_195_36_1783931165863 enter map 1 unit 1036
[map_1] perf_8g_10_195_37_1783931165864 enter map 1 unit 1037
[map_1] perf_8g_10_195_38_1783931165864 enter map 1 unit 1038
[map_1] perf_8g_10_195_39_1783931165866 enter map 1 unit 1039
[map_1] perf_8g_10_195_40_1783931165866 enter map 1 unit 1040
[map_1] perf_8g_10_195_41_1783931165867 enter map 1 unit 1041
[map_1] perf_8g_10_195_42_1783931165867 enter map 1 unit 1042
[map_1] perf_8g_10_195_43_1783931165868 enter map 1 unit 1043
[map_1] perf_8g_10_195_44_1783931165869 enter map 1 unit 1044
[map_1] perf_8g_10_195_45_1783931165869 enter map 1 unit 1045
[map_1] perf_8g_10_195_46_1783931165874 enter map 1 unit 1046
[map_1] perf_8g_10_195_47_1783931165874 enter map 1 unit 1047
[map_1] perf_8g_10_195_48_1783931165875 enter map 1 unit 1048
[map_1] perf_8g_10_195_49_1783931165876 enter map 1 unit 1049
[map_1] perf_8g_10_195_50_1783931165876 enter map 1 unit 1050
[map_1] perf_8g_10_195_51_1783931165876 enter map 1 unit 1051
[map_1] perf_8g_10_195_52_1783931165878 enter map 1 unit 1052
[map_1] perf_8g_10_195_53_1783931165880 enter map 1 unit 1053
[map_1] perf_8g_10_195_54_1783931165880 enter map 1 unit 1054
[map_1] perf_8g_10_195_55_1783931165882 enter map 1 unit 1055
[map_1] perf_8g_10_195_56_1783931165883 enter map 1 unit 1056
[map_1] perf_8g_10_195_57_1783931165883 enter map 1 unit 1057
[map_1] perf_8g_10_195_58_1783931165885 enter map 1 unit 1058
[map_1] perf_8g_10_195_59_1783931165885 enter map 1 unit 1059
[map_1] perf_8g_10_195_60_1783931165886 enter map 1 unit 1060
[map_1] perf_8g_10_195_61_1783931165887 enter map 1 unit 1061
[map_1] perf_8g_10_195_62_1783931165893 enter map 1 unit 1062
[map_1] perf_8g_10_195_63_1783931165893 enter map 1 unit 1063
[map_1] perf_8g_10_195_64_1783931165894 enter map 1 unit 1064
[map_1] perf_8g_10_195_65_1783931165895 enter map 1 unit 1065
[map_1] perf_8g_10_195_66_1783931165895 enter map 1 unit 1066
[map_1] perf_8g_10_195_67_1783931165896 enter map 1 unit 1067
[map_1] perf_8g_10_195_68_1783931165897 enter map 1 unit 1068
[map_1] perf_8g_10_195_69_1783931165898 enter map 1 unit 1069
[map_1] perf_8g_10_195_70_1783931165900 enter map 1 unit 1070
[map_1] perf_8g_10_195_71_1783931165900 enter map 1 unit 1071
[map_1] perf_8g_10_195_72_1783931165901 enter map 1 unit 1072
[map_1] perf_8g_10_195_73_1783931165902 enter map 1 unit 1073
[map_1] perf_8g_10_195_74_1783931165905 enter map 1 unit 1074
[map_1] perf_8g_10_195_75_1783931165905 enter map 1 unit 1075
[map_1] perf_8g_10_195_76_1783931165906 enter map 1 unit 1076
[map_1] perf_8g_10_195_77_1783931165907 enter map 1 unit 1077
[map_1] perf_8g_10_195_78_1783931165913 enter map 1 unit 1078
[map_1] perf_8g_10_195_79_1783931165914 enter map 1 unit 1079
[map_1] perf_8g_10_195_80_1783931165915 enter map 1 unit 1080
[map_1] perf_8g_10_195_81_1783931165915 enter map 1 unit 1081
[map_1] perf_8g_10_195_82_1783931165917 enter map 1 unit 1082
[map_1] perf_8g_10_195_83_1783931165918 enter map 1 unit 1083
[map_1] perf_8g_10_195_84_1783931165919 enter map 1 unit 1084
[map_1] perf_8g_10_195_85_1783931165920 enter map 1 unit 1085
[map_1] perf_8g_10_195_86_1783931165924 enter map 1 unit 1086
[map_1] perf_8g_10_195_89_1783931165927 enter map 1 unit 1089
[map_1] perf_8g_10_195_87_1783931165925 enter map 1 unit 1087
[map_1] perf_8g_10_195_88_1783931165926 enter map 1 unit 1088
[map_1] perf_8g_10_195_91_1783931165929 enter map 1 unit 1090
[map_1] perf_8g_10_195_93_1783931165930 enter map 1 unit 1093
[map_1] perf_8g_10_195_90_1783931165927 enter map 1 unit 1091
[map_1] perf_8g_10_195_92_1783931165929 enter map 1 unit 1092
[map_1] perf_8g_10_195_94_1783931165936 enter map 1 unit 1094
[map_1] perf_8g_10_195_95_1783931165938 enter map 1 unit 1095
[map_1] perf_8g_10_195_96_1783931165940 enter map 1 unit 1096
[map_1] perf_8g_10_195_97_1783931165940 enter map 1 unit 1097
[map_1] perf_8g_10_195_99_1783931165942 enter map 1 unit 1098
[map_1] perf_8g_10_195_98_1783931165942 enter map 1 unit 1099
[map_1] perf_8g_10_195_100_1783931165945 enter map 1 unit 1100
[map_1] perf_8g_10_195_101_1783931165945 enter map 1 unit 1101
[map_1] perf_8g_10_195_102_1783931165949 enter map 1 unit 1102
[map_1] perf_8g_10_195_103_1783931165949 enter map 1 unit 1103
[map_1] perf_8g_10_195_105_1783931165950 enter map 1 unit 1105
[map_1] perf_8g_10_195_104_1783931165949 enter map 1 unit 1104
[map_1] perf_8g_10_195_106_1783931165954 enter map 1 unit 1106
[map_1] perf_8g_10_195_108_1783931165956 enter map 1 unit 1108
[map_1] perf_8g_10_195_107_1783931165955 enter map 1 unit 1107
[map_1] perf_8g_10_195_109_1783931165956 enter map 1 unit 1109
[map_1] perf_8g_10_195_112_1783931165960 enter map 1 unit 1113
[map_1] perf_8g_10_195_110_1783931165958 enter map 1 unit 1110
[map_1] perf_8g_10_195_113_1783931165960 enter map 1 unit 1112
[map_1] perf_8g_10_195_111_1783931165959 enter map 1 unit 1111
[map_1] perf_8g_10_195_114_1783931165964 enter map 1 unit 1114
[map_1] perf_8g_10_195_115_1783931165966 enter map 1 unit 1116
[map_1] perf_8g_10_195_116_1783931165967 enter map 1 unit 1115
[map_1] perf_8g_10_195_121_1783931165977 enter map 1 unit 1117
[map_1] perf_8g_10_195_117_1783931165968 enter map 1 unit 1121
[map_1] perf_8g_10_195_118_1783931165973 enter map 1 unit 1118
[map_1] perf_8g_10_195_120_1783931165976 enter map 1 unit 1120
[map_1] perf_8g_10_195_119_1783931165976 enter map 1 unit 1119
[map_1] perf_8g_10_195_122_1783931165980 enter map 1 unit 1122
[map_1] perf_8g_10_195_123_1783931165980 enter map 1 unit 1124
[map_1] perf_8g_10_195_124_1783931165981 enter map 1 unit 1123
[map_1] perf_8g_10_195_127_1783931165988 enter map 1 unit 1125
[map_1] perf_8g_10_195_128_1783931165988 enter map 1 unit 1129
[map_1] perf_8g_10_195_125_1783931165987 enter map 1 unit 1126
[map_1] perf_8g_10_195_129_1783931165989 enter map 1 unit 1128
[map_1] perf_8g_10_195_126_1783931165987 enter map 1 unit 1127
[map_1] perf_8g_10_195_132_1783931165992 enter map 1 unit 1130
[map_1] perf_8g_10_195_130_1783931165991 enter map 1 unit 1131
[map_1] perf_8g_10_195_131_1783931165992 enter map 1 unit 1132
[map_1] perf_8g_10_195_137_1783931166002 enter map 1 unit 1133
[map_1] perf_8g_10_195_135_1783931166001 enter map 1 unit 1137
[map_1] perf_8g_10_195_136_1783931166002 enter map 1 unit 1134
[map_1] perf_8g_10_195_134_1783931166000 enter map 1 unit 1136
[map_1] perf_8g_10_195_133_1783931165999 enter map 1 unit 1135
[map_1] perf_8g_10_195_139_1783931166008 enter map 1 unit 1138
[map_1] perf_8g_10_195_140_1783931166009 enter map 1 unit 1140
[map_1] perf_8g_10_195_138_1783931166007 enter map 1 unit 1139
[map_1] perf_8g_10_195_143_1783931166018 enter map 1 unit 1141
[map_1] perf_8g_10_195_141_1783931166016 enter map 1 unit 1144
[map_1] perf_8g_10_195_142_1783931166017 enter map 1 unit 1142
[map_1] perf_8g_10_195_144_1783931166018 enter map 1 unit 1143
[map_1] perf_8g_10_195_145_1783931166019 enter map 1 unit 1145
[map_1] perf_8g_10_195_148_1783931166026 enter map 1 unit 1148
[map_1] perf_8g_10_195_146_1783931166025 enter map 1 unit 1146
[map_1] perf_8g_10_195_147_1783931166025 enter map 1 unit 1147
[map_1] perf_8g_10_195_152_1783931166036 enter map 1 unit 1149
[map_1] perf_8g_10_195_151_1783931166035 enter map 1 unit 1152
[map_1] perf_8g_10_195_150_1783931166034 enter map 1 unit 1150
[map_1] perf_8g_10_195_149_1783931166033 enter map 1 unit 1151
[map_1] perf_8g_10_195_155_1783931166041 enter map 1 unit 1153
[map_1] perf_8g_10_195_153_1783931166036 enter map 1 unit 1156
[map_1] perf_8g_10_195_156_1783931166042 enter map 1 unit 1154
[map_1] perf_8g_10_195_154_1783931166040 enter map 1 unit 1155
[map_1] perf_8g_10_195_158_1783931166048 enter map 1 unit 1157
[map_1] perf_8g_10_195_157_1783931166047 enter map 1 unit 1160
[map_1] perf_8g_10_195_160_1783931166050 enter map 1 unit 1158
[map_1] perf_8g_10_195_159_1783931166049 enter map 1 unit 1159
[map_1] perf_8g_10_195_162_1783931166057 enter map 1 unit 1161
[map_1] perf_8g_10_195_163_1783931166058 enter map 1 unit 1164
[map_1] perf_8g_10_195_161_1783931166056 enter map 1 unit 1162
[map_1] perf_8g_10_195_164_1783931166059 enter map 1 unit 1163
[map_1] perf_8g_10_195_167_1783931166066 enter map 1 unit 1165
[map_1] perf_8g_10_195_165_1783931166064 enter map 1 unit 1168
[map_1] perf_8g_10_195_166_1783931166065 enter map 1 unit 1166
[map_1] perf_8g_10_195_168_1783931166067 enter map 1 unit 1167
[map_1] perf_8g_10_195_169_1783931166075 enter map 1 unit 1169
[map_1] perf_8g_10_195_170_1783931166075 enter map 1 unit 1172
[map_1] perf_8g_10_195_171_1783931166076 enter map 1 unit 1170
[map_1] perf_8g_10_195_172_1783931166077 enter map 1 unit 1171
[map_1] perf_8g_10_195_174_1783931166085 enter map 1 unit 1173
[map_1] perf_8g_10_195_175_1783931166086 enter map 1 unit 1176
[map_1] perf_8g_10_195_173_1783931166084 enter map 1 unit 1174
[map_1] perf_8g_10_195_176_1783931166087 enter map 1 unit 1175
[map_1] perf_8g_10_195_178_1783931166096 enter map 1 unit 1177
[map_1] perf_8g_10_195_179_1783931166097 enter map 1 unit 1180
[map_1] perf_8g_10_195_177_1783931166095 enter map 1 unit 1178
[map_1] perf_8g_10_195_180_1783931166098 enter map 1 unit 1179
[map_1] perf_8g_10_195_183_1783931166106 enter map 1 unit 1181
[map_1] perf_8g_10_195_182_1783931166105 enter map 1 unit 1184
[map_1] perf_8g_10_195_184_1783931166106 enter map 1 unit 1182
[map_1] perf_8g_10_195_181_1783931166104 enter map 1 unit 1183
[map_1] perf_8g_10_195_187_1783931166117 enter map 1 unit 1185
[map_1] perf_8g_10_195_188_1783931166118 enter map 1 unit 1188
[map_1] perf_8g_10_195_186_1783931166116 enter map 1 unit 1186
[map_1] perf_8g_10_195_185_1783931166115 enter map 1 unit 1187
[map_1] perf_8g_10_195_190_1783931166128 enter map 1 unit 1189
[map_1] perf_8g_10_195_191_1783931166128 enter map 1 unit 1192
[map_1] perf_8g_10_195_192_1783931166129 enter map 1 unit 1190
[map_1] perf_8g_10_195_189_1783931166126 enter map 1 unit 1191
[map_1] perf_8g_10_195_194_1783931166136 enter map 1 unit 1193
[map_1] perf_8g_10_195_193_1783931166135 enter map 1 unit 1194
[metrics:inner_transport] active=8 opened=8 pending=0 max_pending=0 overloads=0 timeouts=0 disconnected_calls=0 late_responses=0 idle_closes=0
[process-metrics] process=map1 cpu_percent=119.45 cpu_time_ms=6015 rss_bytes=154595328 v8_heap_used_bytes=30970192 v8_heap_total_bytes=87302144 v8_gc_count=127 v8_gc_ms=87.023 timestamp_ms=1783931170599
[metrics:map1] scene=map_1 type=MapHost processed=9751 failed=0 ts_queue=0 ts_max_queue=167 rust_queue=194 rust_max_queue=194 backpressure=0 slow_disconnects=0 update_ms=1.00 handler_ms=1.00 max_handler_ms=52.00 total_handler_ms=115907.00
[metrics:inner_transport] active=8 opened=8 pending=0 max_pending=0 overloads=0 timeouts=0 disconnected_calls=0 late_responses=0 idle_closes=0
[process-metrics] process=map1 cpu_percent=108.43 cpu_time_ms=11437 rss_bytes=171270144 v8_heap_used_bytes=18652176 v8_heap_total_bytes=82845696 v8_gc_count=230 v8_gc_ms=177.183 timestamp_ms=1783931175600
[metrics:map1] scene=map_1 type=MapHost processed=20502 failed=0 ts_queue=0 ts_max_queue=194 rust_queue=168 rust_max_queue=194 backpressure=0 slow_disconnects=0 update_ms=5.00 handler_ms=4.00 max_handler_ms=52.00 total_handler_ms=238577.00
[metrics:inner_transport] active=8 opened=8 pending=0 max_pending=0 overloads=0 timeouts=0 disconnected_calls=0 late_responses=0 idle_closes=0
[process-metrics] process=map1 cpu_percent=86.25 cpu_time_ms=15750 rss_bytes=145817600 v8_heap_used_bytes=44397264 v8_heap_total_bytes=97787904 v8_gc_count=332 v8_gc_ms=261.303 timestamp_ms=1783931180600
[metrics:map1] scene=map_1 type=MapHost processed=31201 failed=0 ts_queue=0 ts_max_queue=194 rust_queue=194 rust_max_queue=194 backpressure=0 slow_disconnects=0 update_ms=1.00 handler_ms=1.00 max_handler_ms=52.00 total_handler_ms=349680.00
[metrics:inner_transport] active=8 opened=8 pending=0 max_pending=0 overloads=0 timeouts=0 disconnected_calls=0 late_responses=0 idle_closes=0
[process-metrics] process=map1 cpu_percent=87.40 cpu_time_ms=20125 rss_bytes=152346624 v8_heap_used_bytes=22495216 v8_heap_total_bytes=76816384 v8_gc_count=438 v8_gc_ms=351.706 timestamp_ms=1783931185606
[metrics:map1] scene=map_1 type=MapHost processed=41969 failed=0 ts_queue=0 ts_max_queue=194 rust_queue=151 rust_max_queue=194 backpressure=0 slow_disconnects=0 update_ms=6.00 handler_ms=6.00 max_handler_ms=52.00 total_handler_ms=467363.00
[metrics:inner_transport] active=8 opened=8 pending=0 max_pending=0 overloads=0 timeouts=0 disconnected_calls=0 late_responses=0 idle_closes=0
[process-metrics] process=map1 cpu_percent=99.71 cpu_time_ms=25109 rss_bytes=125968384 v8_heap_used_bytes=7335264 v8_heap_total_bytes=77602816 v8_gc_count=540 v8_gc_ms=441.007 timestamp_ms=1783931190604
[metrics:map1] scene=map_1 type=MapHost processed=52717 failed=0 ts_queue=0 ts_max_queue=194 rust_queue=128 rust_max_queue=194 backpressure=0 slow_disconnects=0 update_ms=10.00 handler_ms=10.00 max_handler_ms=62.00 total_handler_ms=609072.00
[metrics:inner_transport] active=8 opened=8 pending=0 max_pending=0 overloads=0 timeouts=0 disconnected_calls=0 late_responses=0 idle_closes=0
[process-metrics] process=map1 cpu_percent=83.28 cpu_time_ms=29281 rss_bytes=126394368 v8_heap_used_bytes=7839432 v8_heap_total_bytes=77602816 v8_gc_count=636 v8_gc_ms=511.789 timestamp_ms=1783931195614
[metrics:map1] scene=map_1 type=MapHost processed=63570 failed=0 ts_queue=0 ts_max_queue=194 rust_queue=0 rust_max_queue=194 backpressure=0 slow_disconnects=0 update_ms=11.00 handler_ms=11.00 max_handler_ms=62.00 total_handler_ms=707068.00
[metrics:inner_transport] active=8 opened=8 pending=0 max_pending=0 overloads=0 timeouts=0 disconnected_calls=0 late_responses=0 idle_closes=0
[process-metrics] process=map1 cpu_percent=81.20 cpu_time_ms=33343 rss_bytes=126701568 v8_heap_used_bytes=19003176 v8_heap_total_bytes=77602816 v8_gc_count=729 v8_gc_ms=583.394 timestamp_ms=1783931200616
[metrics:map1] scene=map_1 type=MapHost processed=74295 failed=0 ts_queue=0 ts_max_queue=194 rust_queue=0 rust_max_queue=194 backpressure=0 slow_disconnects=0 update_ms=10.00 handler_ms=10.00 max_handler_ms=62.00 total_handler_ms=810208.00
[metrics:inner_transport] active=8 opened=8 pending=0 max_pending=0 overloads=0 timeouts=0 disconnected_calls=0 late_responses=0 idle_closes=0
[process-metrics] process=map1 cpu_percent=107.41 cpu_time_ms=38781 rss_bytes=128155648 v8_heap_used_bytes=23813408 v8_heap_total_bytes=77340672 v8_gc_count=824 v8_gc_ms=654.685 timestamp_ms=1783931205679
[metrics:map1] scene=map_1 type=MapHost processed=85020 failed=0 ts_queue=0 ts_max_queue=194 rust_queue=0 rust_max_queue=194 backpressure=0 slow_disconnects=0 update_ms=0.00 handler_ms=13.00 max_handler_ms=62.00 total_handler_ms=909525.00
[map_1] perf_8g_10_195_0_1783931165815 leave map 1 unit 1000
[map_1] perf_8g_10_195_7_1783931165817 leave map 1 unit 1007
[map_1] perf_8g_10_195_33_1783931165859 leave map 1 unit 1033
[map_1] perf_8g_10_195_3_1783931165817 leave map 1 unit 1002
[map_1] perf_8g_10_195_32_1783931165859 leave map 1 unit 1031
[map_1] perf_8g_10_195_30_1783931165850 leave map 1 unit 1028
[map_1] perf_8g_10_195_9_1783931165817 leave map 1 unit 1008
[map_1] perf_8g_10_195_31_1783931165851 leave map 1 unit 1030
[map_1] perf_8g_10_195_18_1783931165846 leave map 1 unit 1016
[map_1] perf_8g_10_195_28_1783931165849 leave map 1 unit 1024
[map_1] perf_8g_10_195_16_1783931165841 leave map 1 unit 1014
[map_1] perf_8g_10_195_29_1783931165849 leave map 1 unit 1027
[map_1] perf_8g_10_195_1_1783931165816 leave map 1 unit 1001
[map_1] perf_8g_10_195_27_1783931165849 leave map 1 unit 1025
[map_1] perf_8g_10_195_6_1783931165817 leave map 1 unit 1006
[map_1] perf_8g_10_195_26_1783931165849 leave map 1 unit 1026
[map_1] perf_8g_10_195_5_1783931165817 leave map 1 unit 1003
[map_1] perf_8g_10_195_24_1783931165848 leave map 1 unit 1022
[map_1] perf_8g_10_195_25_1783931165848 leave map 1 unit 1023
[map_1] perf_8g_10_195_4_1783931165817 leave map 1 unit 1011
[map_1] perf_8g_10_195_8_1783931165817 leave map 1 unit 1004
[map_1] perf_8g_10_195_22_1783931165848 leave map 1 unit 1020
[map_1] perf_8g_10_195_10_1783931165817 leave map 1 unit 1021
[map_1] perf_8g_10_195_23_1783931165848 leave map 1 unit 1034
[map_1] perf_8g_10_195_15_1783931165817 leave map 1 unit 1010
[map_1] perf_8g_10_195_12_1783931165817 leave map 1 unit 1009
[map_1] perf_8g_10_195_11_1783931165817 leave map 1 unit 1029
[map_1] perf_8g_10_195_21_1783931165847 leave map 1 unit 1019
[map_1] perf_8g_10_195_20_1783931165847 leave map 1 unit 1018
[map_1] perf_8g_10_195_2_1783931165817 leave map 1 unit 1005
[map_1] perf_8g_10_195_19_1783931165846 leave map 1 unit 1017
[map_1] perf_8g_10_195_13_1783931165817 leave map 1 unit 1013
[map_1] perf_8g_10_195_14_1783931165817 leave map 1 unit 1012
[map_1] perf_8g_10_195_17_1783931165844 leave map 1 unit 1015
[map_1] perf_8g_10_195_194_1783931166136 leave map 1 unit 1193
[map_1] perf_8g_10_195_193_1783931166135 leave map 1 unit 1194
[map_1] perf_8g_10_195_192_1783931166129 leave map 1 unit 1190
[map_1] perf_8g_10_195_191_1783931166128 leave map 1 unit 1192
[map_1] perf_8g_10_195_188_1783931166118 leave map 1 unit 1188
[map_1] perf_8g_10_195_190_1783931166128 leave map 1 unit 1189
[map_1] perf_8g_10_195_187_1783931166117 leave map 1 unit 1185
[map_1] perf_8g_10_195_189_1783931166126 leave map 1 unit 1191
[map_1] perf_8g_10_195_182_1783931166105 leave map 1 unit 1184
[map_1] perf_8g_10_195_184_1783931166106 leave map 1 unit 1182
[map_1] perf_8g_10_195_186_1783931166116 leave map 1 unit 1186
[map_1] perf_8g_10_195_183_1783931166106 leave map 1 unit 1181
[map_1] perf_8g_10_195_185_1783931166115 leave map 1 unit 1187
[map_1] perf_8g_10_195_180_1783931166098 leave map 1 unit 1179
[map_1] perf_8g_10_195_181_1783931166104 leave map 1 unit 1183
[map_1] perf_8g_10_195_179_1783931166097 leave map 1 unit 1180
[map_1] perf_8g_10_195_34_1783931165860 leave map 1 unit 1032
[map_1] perf_8g_10_195_178_1783931166096 leave map 1 unit 1177
[map_1] perf_8g_10_195_177_1783931166095 leave map 1 unit 1178
[map_1] perf_8g_10_195_176_1783931166087 leave map 1 unit 1175
[map_1] perf_8g_10_195_175_1783931166086 leave map 1 unit 1176
[map_1] perf_8g_10_195_174_1783931166085 leave map 1 unit 1173
[map_1] perf_8g_10_195_173_1783931166084 leave map 1 unit 1174
[map_1] perf_8g_10_195_172_1783931166077 leave map 1 unit 1171
[map_1] perf_8g_10_195_35_1783931165861 leave map 1 unit 1035
[map_1] perf_8g_10_195_171_1783931166076 leave map 1 unit 1170
[map_1] perf_8g_10_195_170_1783931166075 leave map 1 unit 1172
[map_1] perf_8g_10_195_169_1783931166075 leave map 1 unit 1169
[map_1] perf_8g_10_195_168_1783931166067 leave map 1 unit 1167
[map_1] perf_8g_10_195_167_1783931166066 leave map 1 unit 1165
[map_1] perf_8g_10_195_37_1783931165864 leave map 1 unit 1037
[map_1] perf_8g_10_195_166_1783931166065 leave map 1 unit 1166
[map_1] perf_8g_10_195_165_1783931166064 leave map 1 unit 1168
[map_1] perf_8g_10_195_163_1783931166058 leave map 1 unit 1164
[map_1] perf_8g_10_195_164_1783931166059 leave map 1 unit 1163
[map_1] perf_8g_10_195_38_1783931165864 leave map 1 unit 1038
[map_1] perf_8g_10_195_162_1783931166057 leave map 1 unit 1161
[map_1] perf_8g_10_195_161_1783931166056 leave map 1 unit 1162
[map_1] perf_8g_10_195_160_1783931166050 leave map 1 unit 1158
[map_1] perf_8g_10_195_159_1783931166049 leave map 1 unit 1159
[map_1] perf_8g_10_195_158_1783931166048 leave map 1 unit 1157
[map_1] perf_8g_10_195_157_1783931166047 leave map 1 unit 1160
[map_1] perf_8g_10_195_156_1783931166042 leave map 1 unit 1154
[map_1] perf_8g_10_195_39_1783931165866 leave map 1 unit 1039
[map_1] perf_8g_10_195_155_1783931166041 leave map 1 unit 1153
[map_1] perf_8g_10_195_154_1783931166040 leave map 1 unit 1155
[map_1] perf_8g_10_195_153_1783931166036 leave map 1 unit 1156
[map_1] perf_8g_10_195_40_1783931165866 leave map 1 unit 1040
[map_1] perf_8g_10_195_152_1783931166036 leave map 1 unit 1149
[map_1] perf_8g_10_195_151_1783931166035 leave map 1 unit 1152
[map_1] perf_8g_10_195_150_1783931166034 leave map 1 unit 1150
[map_1] perf_8g_10_195_36_1783931165863 leave map 1 unit 1036
[map_1] perf_8g_10_195_148_1783931166026 leave map 1 unit 1148
[map_1] perf_8g_10_195_149_1783931166033 leave map 1 unit 1151
[map_1] perf_8g_10_195_146_1783931166025 leave map 1 unit 1146
[map_1] perf_8g_10_195_41_1783931165867 leave map 1 unit 1041
[map_1] perf_8g_10_195_147_1783931166025 leave map 1 unit 1147
[map_1] perf_8g_10_195_145_1783931166019 leave map 1 unit 1145
[map_1] perf_8g_10_195_144_1783931166018 leave map 1 unit 1143
[map_1] perf_8g_10_195_43_1783931165868 leave map 1 unit 1043
[map_1] perf_8g_10_195_143_1783931166018 leave map 1 unit 1141
[map_1] perf_8g_10_195_142_1783931166017 leave map 1 unit 1142
[map_1] perf_8g_10_195_141_1783931166016 leave map 1 unit 1144
[map_1] perf_8g_10_195_139_1783931166008 leave map 1 unit 1138
[map_1] perf_8g_10_195_42_1783931165867 leave map 1 unit 1042
[map_1] perf_8g_10_195_140_1783931166009 leave map 1 unit 1140
[map_1] perf_8g_10_195_138_1783931166007 leave map 1 unit 1139
[map_1] perf_8g_10_195_137_1783931166002 leave map 1 unit 1133
[map_1] perf_8g_10_195_44_1783931165869 leave map 1 unit 1044
[map_1] perf_8g_10_195_136_1783931166002 leave map 1 unit 1134
[map_1] perf_8g_10_195_134_1783931166000 leave map 1 unit 1136
[map_1] perf_8g_10_195_45_1783931165869 leave map 1 unit 1045
[map_1] perf_8g_10_195_135_1783931166001 leave map 1 unit 1137
[map_1] perf_8g_10_195_133_1783931165999 leave map 1 unit 1135
[map_1] perf_8g_10_195_48_1783931165875 leave map 1 unit 1048
[map_1] perf_8g_10_195_132_1783931165992 leave map 1 unit 1130
[map_1] perf_8g_10_195_131_1783931165992 leave map 1 unit 1132
[map_1] perf_8g_10_195_47_1783931165874 leave map 1 unit 1047
[map_1] perf_8g_10_195_130_1783931165991 leave map 1 unit 1131
[map_1] perf_8g_10_195_129_1783931165989 leave map 1 unit 1128
[map_1] perf_8g_10_195_46_1783931165874 leave map 1 unit 1046
[map_1] perf_8g_10_195_128_1783931165988 leave map 1 unit 1129
[map_1] perf_8g_10_195_127_1783931165988 leave map 1 unit 1125
[map_1] perf_8g_10_195_49_1783931165876 leave map 1 unit 1049
[map_1] perf_8g_10_195_126_1783931165987 leave map 1 unit 1127
[map_1] perf_8g_10_195_125_1783931165987 leave map 1 unit 1126
[map_1] perf_8g_10_195_124_1783931165981 leave map 1 unit 1123
[map_1] perf_8g_10_195_123_1783931165980 leave map 1 unit 1124
[map_1] perf_8g_10_195_50_1783931165876 leave map 1 unit 1050
[map_1] perf_8g_10_195_122_1783931165980 leave map 1 unit 1122
[map_1] perf_8g_10_195_51_1783931165876 leave map 1 unit 1051
[map_1] perf_8g_10_195_121_1783931165977 leave map 1 unit 1117
[map_1] perf_8g_10_195_120_1783931165976 leave map 1 unit 1120
[map_1] perf_8g_10_195_52_1783931165878 leave map 1 unit 1052
[map_1] perf_8g_10_195_119_1783931165976 leave map 1 unit 1119
[map_1] perf_8g_10_195_118_1783931165973 leave map 1 unit 1118
[map_1] perf_8g_10_195_54_1783931165880 leave map 1 unit 1054
[map_1] perf_8g_10_195_117_1783931165968 leave map 1 unit 1121
[map_1] perf_8g_10_195_116_1783931165967 leave map 1 unit 1115
[map_1] perf_8g_10_195_53_1783931165880 leave map 1 unit 1053
[map_1] perf_8g_10_195_115_1783931165966 leave map 1 unit 1116
[map_1] perf_8g_10_195_55_1783931165882 leave map 1 unit 1055
[map_1] perf_8g_10_195_114_1783931165964 leave map 1 unit 1114
[map_1] perf_8g_10_195_113_1783931165960 leave map 1 unit 1112
[map_1] perf_8g_10_195_56_1783931165883 leave map 1 unit 1056
[map_1] perf_8g_10_195_110_1783931165958 leave map 1 unit 1110
[map_1] perf_8g_10_195_57_1783931165883 leave map 1 unit 1057
[map_1] perf_8g_10_195_112_1783931165960 leave map 1 unit 1113
[map_1] perf_8g_10_195_111_1783931165959 leave map 1 unit 1111
[map_1] perf_8g_10_195_60_1783931165886 leave map 1 unit 1060
[map_1] perf_8g_10_195_109_1783931165956 leave map 1 unit 1109
[map_1] perf_8g_10_195_58_1783931165885 leave map 1 unit 1058
[map_1] perf_8g_10_195_108_1783931165956 leave map 1 unit 1108
[map_1] perf_8g_10_195_107_1783931165955 leave map 1 unit 1107
[map_1] perf_8g_10_195_59_1783931165885 leave map 1 unit 1059
[map_1] perf_8g_10_195_106_1783931165954 leave map 1 unit 1106
[map_1] perf_8g_10_195_61_1783931165887 leave map 1 unit 1061
[map_1] perf_8g_10_195_105_1783931165950 leave map 1 unit 1105
[map_1] perf_8g_10_195_104_1783931165949 leave map 1 unit 1104
[map_1] perf_8g_10_195_63_1783931165893 leave map 1 unit 1063
[map_1] perf_8g_10_195_103_1783931165949 leave map 1 unit 1103
[map_1] perf_8g_10_195_65_1783931165895 leave map 1 unit 1065
[map_1] perf_8g_10_195_102_1783931165949 leave map 1 unit 1102
[map_1] perf_8g_10_195_101_1783931165945 leave map 1 unit 1101
[map_1] perf_8g_10_195_62_1783931165893 leave map 1 unit 1062
[map_1] perf_8g_10_195_100_1783931165945 leave map 1 unit 1100
[map_1] perf_8g_10_195_66_1783931165895 leave map 1 unit 1066
[map_1] perf_8g_10_195_99_1783931165942 leave map 1 unit 1098
[map_1] perf_8g_10_195_64_1783931165894 leave map 1 unit 1064
[map_1] perf_8g_10_195_98_1783931165942 leave map 1 unit 1099
[map_1] perf_8g_10_195_97_1783931165940 leave map 1 unit 1097
[map_1] perf_8g_10_195_67_1783931165896 leave map 1 unit 1067
[map_1] perf_8g_10_195_96_1783931165940 leave map 1 unit 1096
[map_1] perf_8g_10_195_68_1783931165897 leave map 1 unit 1068
[map_1] perf_8g_10_195_94_1783931165936 leave map 1 unit 1094
[map_1] perf_8g_10_195_69_1783931165898 leave map 1 unit 1069
[map_1] perf_8g_10_195_95_1783931165938 leave map 1 unit 1095
[map_1] perf_8g_10_195_93_1783931165930 leave map 1 unit 1093
[map_1] perf_8g_10_195_70_1783931165900 leave map 1 unit 1070
[map_1] perf_8g_10_195_92_1783931165929 leave map 1 unit 1092
[map_1] perf_8g_10_195_71_1783931165900 leave map 1 unit 1071
[map_1] perf_8g_10_195_91_1783931165929 leave map 1 unit 1090
[map_1] perf_8g_10_195_73_1783931165902 leave map 1 unit 1073
[map_1] perf_8g_10_195_90_1783931165927 leave map 1 unit 1091
[map_1] perf_8g_10_195_72_1783931165901 leave map 1 unit 1072
[map_1] perf_8g_10_195_89_1783931165927 leave map 1 unit 1089
[map_1] perf_8g_10_195_88_1783931165926 leave map 1 unit 1088
[map_1] perf_8g_10_195_74_1783931165905 leave map 1 unit 1074
[map_1] perf_8g_10_195_87_1783931165925 leave map 1 unit 1087
[map_1] perf_8g_10_195_75_1783931165905 leave map 1 unit 1075
[map_1] perf_8g_10_195_86_1783931165924 leave map 1 unit 1086
[map_1] perf_8g_10_195_76_1783931165906 leave map 1 unit 1076
[map_1] perf_8g_10_195_85_1783931165920 leave map 1 unit 1085
[map_1] perf_8g_10_195_77_1783931165907 leave map 1 unit 1077
[map_1] perf_8g_10_195_84_1783931165919 leave map 1 unit 1084
[map_1] perf_8g_10_195_78_1783931165913 leave map 1 unit 1078
[map_1] perf_8g_10_195_80_1783931165915 leave map 1 unit 1080
[map_1] perf_8g_10_195_82_1783931165917 leave map 1 unit 1082
[map_1] perf_8g_10_195_81_1783931165915 leave map 1 unit 1081
[map_1] perf_8g_10_195_79_1783931165914 leave map 1 unit 1079
[map_1] perf_8g_10_195_83_1783931165918 leave map 1 unit 1083
