starting process log with one V8 and 1 scene(s) from E:\VsCode\skynet\ets_runtime\perf\results\runtime_configs\map_capacity_20260713_082359\200p_8g_r1\log.json
scene log (Log) listening on 127.0.0.1:7100
[process:log] one V8 started with 1 scene(s)
[log] Log scene started at 127.0.0.1:7100
log accepted 127.0.0.1:54199 as conn 1
log accepted 127.0.0.1:54241 as conn 2
[log] [login_1] perf_8g_10_200_0_1783931291974 login count 1
[log] [login_1] perf_8g_10_200_1_1783931291975 login count 1
[log] [login_1] perf_8g_10_200_2_1783931291975 login count 1
[log] [login_1] perf_8g_10_200_3_1783931291975 login count 1
[log] [login_1] perf_8g_10_200_4_1783931291975 login count 1
[log] [login_1] perf_8g_10_200_5_1783931291975 login count 1
[log] [login_1] perf_8g_10_200_6_1783931291975 login count 1
[log] [login_1] perf_8g_10_200_8_1783931291975 login count 1
[log] [login_1] perf_8g_10_200_9_1783931291975 login count 1
[log] [login_1] perf_8g_10_200_7_1783931291975 login count 1
[log] [login_1] perf_8g_10_200_10_1783931291975 login count 1
[log] [login_1] perf_8g_10_200_11_1783931291975 login count 1
[log] [login_1] perf_8g_10_200_12_1783931291975 login count 1
[log] [login_1] perf_8g_10_200_13_1783931291975 login count 1
[log] [login_1] perf_8g_10_200_15_1783931291975 login count 1
[log] [login_1] perf_8g_10_200_14_1783931291975 login count 1
log accepted 127.0.0.1:54267 as conn 3
[log] [gate_1] perf_8g_10_200_0_1783931291974 enter map_1 as unit 1000
log accepted 127.0.0.1:54277 as conn 4
log accepted 127.0.0.1:54280 as conn 5
log accepted 127.0.0.1:54276 as conn 6
log accepted 127.0.0.1:54279 as conn 7
log accepted 127.0.0.1:54278 as conn 8
[log] [gate_3] perf_8g_10_200_2_1783931291975 enter map_1 as unit 1001
log accepted 127.0.0.1:54281 as conn 9
[log] [gate_7] perf_8g_10_200_6_1783931291975 enter map_1 as unit 1005
[log] [gate_2] perf_8g_10_200_1_1783931291975 enter map_1 as unit 1002
[log] [gate_5] perf_8g_10_200_4_1783931291975 enter map_1 as unit 1006
[log] [gate_8] perf_8g_10_200_8_1783931291975 enter map_1 as unit 1004
[log] [gate_6] perf_8g_10_200_5_1783931291975 enter map_1 as unit 1007
[log] [gate_1] perf_8g_10_200_9_1783931291975 enter map_1 as unit 1008
log accepted 127.0.0.1:54282 as conn 10
[log] [gate_4] perf_8g_10_200_3_1783931291975 enter map_1 as unit 1003
[log] [login_1] perf_8g_10_200_16_1783931292001 login count 1
[log] [gate_5] perf_8g_10_200_12_1783931291975 enter map_1 as unit 1009
[log] [login_1] perf_8g_10_200_17_1783931292002 login count 1
[log] [gate_6] perf_8g_10_200_13_1783931291975 enter map_1 as unit 1011
[log] [gate_2] perf_8g_10_200_7_1783931291975 enter map_1 as unit 1013
[log] [gate_3] perf_8g_10_200_10_1783931291975 enter map_1 as unit 1010
[log] [gate_4] perf_8g_10_200_11_1783931291975 enter map_1 as unit 1015
[log] [gate_7] perf_8g_10_200_15_1783931291975 enter map_1 as unit 1014
[log] [gate_8] perf_8g_10_200_14_1783931291975 enter map_1 as unit 1012
[log] [login_1] perf_8g_10_200_18_1783931292005 login count 1
[log] [gate_1] perf_8g_10_200_16_1783931292001 enter map_1 as unit 1016
[log] [login_1] perf_8g_10_200_19_1783931292005 login count 1
[log] [gate_2] perf_8g_10_200_17_1783931292002 enter map_1 as unit 1017
[log] [gate_3] perf_8g_10_200_18_1783931292005 enter map_1 as unit 1018
[log] [gate_4] perf_8g_10_200_19_1783931292005 enter map_1 as unit 1019
[log] [login_1] perf_8g_10_200_20_1783931292008 login count 1
[log] [login_1] perf_8g_10_200_21_1783931292008 login count 1
[log] [login_1] perf_8g_10_200_22_1783931292009 login count 1
[log] [login_1] perf_8g_10_200_23_1783931292009 login count 1
[log] [login_1] perf_8g_10_200_24_1783931292009 login count 1
[log] [login_1] perf_8g_10_200_25_1783931292009 login count 1
[log] [login_1] perf_8g_10_200_26_1783931292010 login count 1
[log] [login_1] perf_8g_10_200_27_1783931292010 login count 1
[log] [login_1] perf_8g_10_200_28_1783931292010 login count 1
[log] [login_1] perf_8g_10_200_29_1783931292010 login count 1
[log] [login_1] perf_8g_10_200_30_1783931292011 login count 1
[log] [login_1] perf_8g_10_200_32_1783931292011 login count 1
[log] [login_1] perf_8g_10_200_31_1783931292011 login count 1
[log] [login_1] perf_8g_10_200_33_1783931292013 login count 1
[log] [login_1] perf_8g_10_200_34_1783931292015 login count 1
[log] [login_1] perf_8g_10_200_35_1783931292017 login count 1
[log] [gate_5] perf_8g_10_200_20_1783931292008 enter map_1 as unit 1020
[log] [gate_8] perf_8g_10_200_23_1783931292009 enter map_1 as unit 1021
[log] [gate_6] perf_8g_10_200_21_1783931292008 enter map_1 as unit 1022
[log] [login_1] perf_8g_10_200_36_1783931292023 login count 1
[log] [gate_1] perf_8g_10_200_24_1783931292009 enter map_1 as unit 1026
[log] [gate_2] perf_8g_10_200_25_1783931292009 enter map_1 as unit 1024
[log] [gate_3] perf_8g_10_200_26_1783931292010 enter map_1 as unit 1025
[log] [gate_7] perf_8g_10_200_22_1783931292009 enter map_1 as unit 1023
[log] [gate_4] perf_8g_10_200_27_1783931292010 enter map_1 as unit 1027
[log] [gate_8] perf_8g_10_200_32_1783931292011 enter map_1 as unit 1029
[log] [gate_5] perf_8g_10_200_28_1783931292010 enter map_1 as unit 1028
[log] [gate_6] perf_8g_10_200_29_1783931292010 enter map_1 as unit 1030
[log] [login_1] perf_8g_10_200_37_1783931292027 login count 1
[log] [gate_2] perf_8g_10_200_33_1783931292013 enter map_1 as unit 1033
[log] [gate_3] perf_8g_10_200_34_1783931292015 enter map_1 as unit 1034
[log] [gate_4] perf_8g_10_200_35_1783931292017 enter map_1 as unit 1035
[log] [gate_7] perf_8g_10_200_30_1783931292011 enter map_1 as unit 1032
[log] [gate_1] perf_8g_10_200_31_1783931292011 enter map_1 as unit 1031
[log] [gate_5] perf_8g_10_200_36_1783931292023 enter map_1 as unit 1036
[log] [login_1] perf_8g_10_200_38_1783931292028 login count 1
[log] [login_1] perf_8g_10_200_39_1783931292029 login count 1
[log] [login_1] perf_8g_10_200_40_1783931292029 login count 1
[log] [gate_6] perf_8g_10_200_37_1783931292027 enter map_1 as unit 1037
[log] [login_1] perf_8g_10_200_41_1783931292030 login count 1
[log] [login_1] perf_8g_10_200_42_1783931292030 login count 1
[log] [login_1] perf_8g_10_200_43_1783931292032 login count 1
[log] [login_1] perf_8g_10_200_44_1783931292033 login count 1
[log] [login_1] perf_8g_10_200_45_1783931292033 login count 1
[log] [login_1] perf_8g_10_200_46_1783931292033 login count 1
[log] [login_1] perf_8g_10_200_47_1783931292033 login count 1
[log] [login_1] perf_8g_10_200_48_1783931292034 login count 1
[log] [login_1] perf_8g_10_200_49_1783931292034 login count 1
[log] [login_1] perf_8g_10_200_50_1783931292034 login count 1
[log] [gate_7] perf_8g_10_200_38_1783931292028 enter map_1 as unit 1038
[log] [login_1] perf_8g_10_200_51_1783931292034 login count 1
[log] [login_1] perf_8g_10_200_52_1783931292035 login count 1
[log] [login_1] perf_8g_10_200_53_1783931292036 login count 1
[log] [gate_1] perf_8g_10_200_40_1783931292029 enter map_1 as unit 1039
[log] [gate_8] perf_8g_10_200_39_1783931292029 enter map_1 as unit 1040
[log] [gate_2] perf_8g_10_200_41_1783931292030 enter map_1 as unit 1042
[log] [gate_3] perf_8g_10_200_42_1783931292030 enter map_1 as unit 1041
[log] [gate_4] perf_8g_10_200_43_1783931292032 enter map_1 as unit 1043
[log] [gate_5] perf_8g_10_200_44_1783931292033 enter map_1 as unit 1044
[log] [login_1] perf_8g_10_200_54_1783931292044 login count 1
[log] [login_1] perf_8g_10_200_56_1783931292045 login count 1
[log] [login_1] perf_8g_10_200_55_1783931292045 login count 1
[log] [login_1] perf_8g_10_200_57_1783931292046 login count 1
[log] [login_1] perf_8g_10_200_58_1783931292046 login count 1
[log] [gate_7] perf_8g_10_200_46_1783931292033 enter map_1 as unit 1046
[log] [gate_3] perf_8g_10_200_50_1783931292034 enter map_1 as unit 1049
[log] [gate_6] perf_8g_10_200_45_1783931292033 enter map_1 as unit 1045
[log] [gate_2] perf_8g_10_200_49_1783931292034 enter map_1 as unit 1050
[log] [gate_8] perf_8g_10_200_47_1783931292033 enter map_1 as unit 1047
[log] [gate_1] perf_8g_10_200_48_1783931292034 enter map_1 as unit 1048
[log] [login_1] perf_8g_10_200_59_1783931292049 login count 1
[log] [gate_5] perf_8g_10_200_52_1783931292035 enter map_1 as unit 1051
[log] [gate_4] perf_8g_10_200_51_1783931292034 enter map_1 as unit 1052
[log] [gate_6] perf_8g_10_200_53_1783931292036 enter map_1 as unit 1053
[log] [gate_7] perf_8g_10_200_54_1783931292044 enter map_1 as unit 1054
[log] [gate_8] perf_8g_10_200_56_1783931292045 enter map_1 as unit 1055
[log] [gate_3] perf_8g_10_200_58_1783931292046 enter map_1 as unit 1056
[log] [gate_1] perf_8g_10_200_55_1783931292045 enter map_1 as unit 1057
[log] [gate_2] perf_8g_10_200_57_1783931292046 enter map_1 as unit 1058
[log] [gate_4] perf_8g_10_200_59_1783931292049 enter map_1 as unit 1059
[log] [login_1] perf_8g_10_200_60_1783931292053 login count 1
[log] [login_1] perf_8g_10_200_61_1783931292054 login count 1
[log] [login_1] perf_8g_10_200_62_1783931292055 login count 1
[log] [login_1] perf_8g_10_200_63_1783931292056 login count 1
[log] [login_1] perf_8g_10_200_64_1783931292057 login count 1
[log] [login_1] perf_8g_10_200_65_1783931292057 login count 1
[log] [login_1] perf_8g_10_200_66_1783931292058 login count 1
[log] [login_1] perf_8g_10_200_67_1783931292058 login count 1
[log] [login_1] perf_8g_10_200_68_1783931292059 login count 1
[log] [login_1] perf_8g_10_200_69_1783931292060 login count 1
[log] [login_1] perf_8g_10_200_70_1783931292060 login count 1
[log] [login_1] perf_8g_10_200_71_1783931292061 login count 1
[log] [login_1] perf_8g_10_200_72_1783931292062 login count 1
[log] [login_1] perf_8g_10_200_73_1783931292063 login count 1
[log] [login_1] perf_8g_10_200_74_1783931292063 login count 1
[log] [login_1] perf_8g_10_200_75_1783931292063 login count 1
[log] [gate_5] perf_8g_10_200_60_1783931292053 enter map_1 as unit 1060
[log] [gate_6] perf_8g_10_200_61_1783931292054 enter map_1 as unit 1061
[log] [gate_7] perf_8g_10_200_62_1783931292055 enter map_1 as unit 1062
[log] [gate_2] perf_8g_10_200_65_1783931292057 enter map_1 as unit 1065
[log] [gate_1] perf_8g_10_200_64_1783931292057 enter map_1 as unit 1064
[log] [gate_8] perf_8g_10_200_63_1783931292056 enter map_1 as unit 1063
[log] [gate_3] perf_8g_10_200_66_1783931292058 enter map_1 as unit 1066
[log] [login_1] perf_8g_10_200_76_1783931292073 login count 1
[log] [login_1] perf_8g_10_200_77_1783931292074 login count 1
[log] [login_1] perf_8g_10_200_78_1783931292075 login count 1
[log] [gate_4] perf_8g_10_200_67_1783931292058 enter map_1 as unit 1067
[log] [gate_7] perf_8g_10_200_70_1783931292060 enter map_1 as unit 1069
[log] [gate_6] perf_8g_10_200_69_1783931292060 enter map_1 as unit 1070
[log] [gate_5] perf_8g_10_200_68_1783931292059 enter map_1 as unit 1068
[log] [login_1] perf_8g_10_200_79_1783931292077 login count 1
[log] [login_1] perf_8g_10_200_81_1783931292079 login count 1
[log] [login_1] perf_8g_10_200_80_1783931292079 login count 1
[log] [login_1] perf_8g_10_200_82_1783931292079 login count 1
[log] [gate_3] perf_8g_10_200_74_1783931292063 enter map_1 as unit 1071
[log] [gate_1] perf_8g_10_200_72_1783931292062 enter map_1 as unit 1073
[log] [gate_8] perf_8g_10_200_71_1783931292061 enter map_1 as unit 1074
[log] [gate_2] perf_8g_10_200_73_1783931292063 enter map_1 as unit 1072
[log] [gate_7] perf_8g_10_200_78_1783931292075 enter map_1 as unit 1075
[log] [login_1] perf_8g_10_200_83_1783931292084 login count 1
[log] [login_1] perf_8g_10_200_84_1783931292085 login count 1
[log] [login_1] perf_8g_10_200_85_1783931292085 login count 1
[log] [login_1] perf_8g_10_200_86_1783931292086 login count 1
[log] [gate_5] perf_8g_10_200_76_1783931292073 enter map_1 as unit 1076
[log] [gate_6] perf_8g_10_200_77_1783931292074 enter map_1 as unit 1077
[log] [gate_4] perf_8g_10_200_75_1783931292063 enter map_1 as unit 1078
[log] [login_1] perf_8g_10_200_87_1783931292089 login count 1
[log] [login_1] perf_8g_10_200_88_1783931292089 login count 1
[log] [login_1] perf_8g_10_200_89_1783931292090 login count 1
[log] [login_1] perf_8g_10_200_90_1783931292090 login count 1
[log] [login_1] perf_8g_10_200_91_1783931292091 login count 1
[log] [gate_2] perf_8g_10_200_80_1783931292079 enter map_1 as unit 1082
[log] [gate_3] perf_8g_10_200_82_1783931292079 enter map_1 as unit 1080
[log] [gate_8] perf_8g_10_200_79_1783931292077 enter map_1 as unit 1081
[log] [gate_1] perf_8g_10_200_81_1783931292079 enter map_1 as unit 1079
[log] [login_1] perf_8g_10_200_92_1783931292096 login count 1
[log] [login_1] perf_8g_10_200_93_1783931292096 login count 1
[log] [login_1] perf_8g_10_200_94_1783931292097 login count 1
[log] [gate_4] perf_8g_10_200_83_1783931292084 enter map_1 as unit 1083
[log] [gate_6] perf_8g_10_200_85_1783931292085 enter map_1 as unit 1085
[log] [gate_5] perf_8g_10_200_84_1783931292085 enter map_1 as unit 1084
[log] [gate_7] perf_8g_10_200_86_1783931292086 enter map_1 as unit 1086
[log] [gate_8] perf_8g_10_200_87_1783931292089 enter map_1 as unit 1087
[log] [login_1] perf_8g_10_200_95_1783931292101 login count 1
[log] [login_1] perf_8g_10_200_96_1783931292102 login count 1
[log] [login_1] perf_8g_10_200_97_1783931292102 login count 1
[log] [login_1] perf_8g_10_200_98_1783931292103 login count 1
[log] [gate_1] perf_8g_10_200_88_1783931292089 enter map_1 as unit 1088
[log] [gate_3] perf_8g_10_200_90_1783931292090 enter map_1 as unit 1090
[log] [gate_2] perf_8g_10_200_89_1783931292090 enter map_1 as unit 1089
[log] [login_1] perf_8g_10_200_99_1783931292110 login count 1
[log] [login_1] perf_8g_10_200_100_1783931292110 login count 1
[log] [login_1] perf_8g_10_200_101_1783931292111 login count 1
[log] [login_1] perf_8g_10_200_102_1783931292111 login count 1
[log] [login_1] perf_8g_10_200_103_1783931292113 login count 1
[log] [gate_5] perf_8g_10_200_92_1783931292096 enter map_1 as unit 1093
[log] [gate_6] perf_8g_10_200_93_1783931292096 enter map_1 as unit 1091
[log] [gate_4] perf_8g_10_200_91_1783931292091 enter map_1 as unit 1092
[log] [gate_7] perf_8g_10_200_94_1783931292097 enter map_1 as unit 1094
[log] [gate_8] perf_8g_10_200_95_1783931292101 enter map_1 as unit 1095
[log] [gate_2] perf_8g_10_200_97_1783931292102 enter map_1 as unit 1097
[log] [gate_3] perf_8g_10_200_98_1783931292103 enter map_1 as unit 1098
[log] [login_1] perf_8g_10_200_104_1783931292119 login count 1
[log] [gate_1] perf_8g_10_200_96_1783931292102 enter map_1 as unit 1096
[log] [login_1] perf_8g_10_200_105_1783931292119 login count 1
[log] [login_1] perf_8g_10_200_106_1783931292120 login count 1
[log] [gate_4] perf_8g_10_200_99_1783931292110 enter map_1 as unit 1099
[log] [login_1] perf_8g_10_200_107_1783931292125 login count 1
[log] [login_1] perf_8g_10_200_108_1783931292126 login count 1
[log] [login_1] perf_8g_10_200_109_1783931292127 login count 1
[log] [login_1] perf_8g_10_200_110_1783931292128 login count 1
[log] [login_1] perf_8g_10_200_111_1783931292129 login count 1
[log] [gate_8] perf_8g_10_200_103_1783931292113 enter map_1 as unit 1103
[log] [gate_6] perf_8g_10_200_101_1783931292111 enter map_1 as unit 1101
[log] [gate_5] perf_8g_10_200_100_1783931292110 enter map_1 as unit 1100
[log] [gate_7] perf_8g_10_200_102_1783931292111 enter map_1 as unit 1102
[log] [login_1] perf_8g_10_200_112_1783931292131 login count 1
[log] [gate_1] perf_8g_10_200_104_1783931292119 enter map_1 as unit 1104
[log] [login_1] perf_8g_10_200_113_1783931292132 login count 1
[log] [login_1] perf_8g_10_200_114_1783931292133 login count 1
[log] [gate_2] perf_8g_10_200_105_1783931292119 enter map_1 as unit 1105
[log] [gate_3] perf_8g_10_200_106_1783931292120 enter map_1 as unit 1106
[log] [login_1] perf_8g_10_200_115_1783931292138 login count 1
[log] [gate_4] perf_8g_10_200_107_1783931292125 enter map_1 as unit 1107
[log] [gate_5] perf_8g_10_200_108_1783931292126 enter map_1 as unit 1108
[log] [gate_8] perf_8g_10_200_111_1783931292129 enter map_1 as unit 1111
[log] [gate_7] perf_8g_10_200_110_1783931292128 enter map_1 as unit 1110
[log] [gate_6] perf_8g_10_200_109_1783931292127 enter map_1 as unit 1109
[log] [login_1] perf_8g_10_200_116_1783931292144 login count 1
[log] [login_1] perf_8g_10_200_117_1783931292145 login count 1
[log] [login_1] perf_8g_10_200_118_1783931292145 login count 1
[log] [login_1] perf_8g_10_200_119_1783931292146 login count 1
[log] [login_1] perf_8g_10_200_120_1783931292149 login count 1
[log] [login_1] perf_8g_10_200_121_1783931292152 login count 1
[log] [login_1] perf_8g_10_200_122_1783931292153 login count 1
[log] [gate_1] perf_8g_10_200_112_1783931292131 enter map_1 as unit 1112
[log] [gate_3] perf_8g_10_200_114_1783931292133 enter map_1 as unit 1113
[log] [gate_2] perf_8g_10_200_113_1783931292132 enter map_1 as unit 1114
[log] [login_1] perf_8g_10_200_123_1783931292157 login count 1
[log] [gate_4] perf_8g_10_200_115_1783931292138 enter map_1 as unit 1115
[log] [login_1] perf_8g_10_200_124_1783931292157 login count 1
[log] [gate_5] perf_8g_10_200_116_1783931292144 enter map_1 as unit 1116
[log] [login_1] perf_8g_10_200_125_1783931292160 login count 1
[log] [login_1] perf_8g_10_200_126_1783931292161 login count 1
[log] [login_1] perf_8g_10_200_127_1783931292162 login count 1
[log] [gate_7] perf_8g_10_200_118_1783931292145 enter map_1 as unit 1118
[log] [gate_8] perf_8g_10_200_119_1783931292146 enter map_1 as unit 1119
[log] [gate_6] perf_8g_10_200_117_1783931292145 enter map_1 as unit 1117
[log] [login_1] perf_8g_10_200_128_1783931292169 login count 1
[log] [login_1] perf_8g_10_200_129_1783931292169 login count 1
[log] [login_1] perf_8g_10_200_130_1783931292170 login count 1
[log] [login_1] perf_8g_10_200_131_1783931292172 login count 1
[log] [gate_4] perf_8g_10_200_123_1783931292157 enter map_1 as unit 1123
[log] [gate_1] perf_8g_10_200_120_1783931292149 enter map_1 as unit 1120
[log] [gate_2] perf_8g_10_200_121_1783931292152 enter map_1 as unit 1121
[log] [gate_3] perf_8g_10_200_122_1783931292153 enter map_1 as unit 1122
[log] [login_1] perf_8g_10_200_132_1783931292176 login count 1
[log] [gate_5] perf_8g_10_200_124_1783931292157 enter map_1 as unit 1124
[log] [login_1] perf_8g_10_200_133_1783931292183 login count 1
[log] [login_1] perf_8g_10_200_134_1783931292184 login count 1
[log] [login_1] perf_8g_10_200_135_1783931292184 login count 1
[log] [gate_6] perf_8g_10_200_125_1783931292160 enter map_1 as unit 1125
[log] [gate_7] perf_8g_10_200_126_1783931292161 enter map_1 as unit 1126
[log] [gate_8] perf_8g_10_200_127_1783931292162 enter map_1 as unit 1127
[log] [login_1] perf_8g_10_200_136_1783931292191 login count 1
[log] [login_1] perf_8g_10_200_137_1783931292191 login count 1
[log] [login_1] perf_8g_10_200_138_1783931292192 login count 1
[log] [login_1] perf_8g_10_200_139_1783931292192 login count 1
[log] [login_1] perf_8g_10_200_140_1783931292195 login count 1
[log] [gate_2] perf_8g_10_200_129_1783931292169 enter map_1 as unit 1129
[log] [gate_4] perf_8g_10_200_131_1783931292172 enter map_1 as unit 1131
[log] [gate_3] perf_8g_10_200_130_1783931292170 enter map_1 as unit 1128
[log] [gate_1] perf_8g_10_200_128_1783931292169 enter map_1 as unit 1130
[log] [login_1] perf_8g_10_200_141_1783931292201 login count 1
[log] [login_1] perf_8g_10_200_142_1783931292202 login count 1
[log] [login_1] perf_8g_10_200_143_1783931292203 login count 1
[log] [gate_5] perf_8g_10_200_132_1783931292176 enter map_1 as unit 1132
[log] [gate_6] perf_8g_10_200_133_1783931292183 enter map_1 as unit 1133
[log] [login_1] perf_8g_10_200_144_1783931292211 login count 1
[log] [gate_7] perf_8g_10_200_134_1783931292184 enter map_1 as unit 1134
[log] [gate_8] perf_8g_10_200_135_1783931292184 enter map_1 as unit 1135
[log] [login_1] perf_8g_10_200_145_1783931292212 login count 1
[log] [login_1] perf_8g_10_200_146_1783931292212 login count 1
[log] [login_1] perf_8g_10_200_147_1783931292213 login count 1
[log] [login_1] perf_8g_10_200_148_1783931292221 login count 1
[log] [login_1] perf_8g_10_200_149_1783931292222 login count 1
[log] [login_1] perf_8g_10_200_150_1783931292222 login count 1
[log] [login_1] perf_8g_10_200_151_1783931292223 login count 1
[log] [gate_2] perf_8g_10_200_137_1783931292191 enter map_1 as unit 1136
[log] [gate_3] perf_8g_10_200_138_1783931292192 enter map_1 as unit 1137
[log] [gate_1] perf_8g_10_200_136_1783931292191 enter map_1 as unit 1138
[log] [gate_4] perf_8g_10_200_139_1783931292192 enter map_1 as unit 1139
[log] [login_1] perf_8g_10_200_152_1783931292229 login count 1
[log] [login_1] perf_8g_10_200_153_1783931292229 login count 1
[log] [login_1] perf_8g_10_200_154_1783931292230 login count 1
[log] [login_1] perf_8g_10_200_155_1783931292231 login count 1
[log] [gate_8] perf_8g_10_200_143_1783931292203 enter map_1 as unit 1140
[log] [gate_7] perf_8g_10_200_142_1783931292202 enter map_1 as unit 1142
[log] [gate_5] perf_8g_10_200_140_1783931292195 enter map_1 as unit 1143
[log] [gate_6] perf_8g_10_200_141_1783931292201 enter map_1 as unit 1141
[log] [login_1] perf_8g_10_200_156_1783931292239 login count 1
[log] [login_1] perf_8g_10_200_157_1783931292240 login count 1
[log] [login_1] perf_8g_10_200_158_1783931292241 login count 1
[log] [login_1] perf_8g_10_200_159_1783931292242 login count 1
[log] [gate_2] perf_8g_10_200_145_1783931292212 enter map_1 as unit 1144
[log] [gate_3] perf_8g_10_200_146_1783931292212 enter map_1 as unit 1146
[log] [gate_4] perf_8g_10_200_147_1783931292213 enter map_1 as unit 1147
[log] [gate_1] perf_8g_10_200_144_1783931292211 enter map_1 as unit 1145
[log] [login_1] perf_8g_10_200_160_1783931292248 login count 1
[log] [login_1] perf_8g_10_200_161_1783931292249 login count 1
[log] [login_1] perf_8g_10_200_162_1783931292250 login count 1
[log] [login_1] perf_8g_10_200_163_1783931292251 login count 1
[log] [gate_5] perf_8g_10_200_148_1783931292221 enter map_1 as unit 1151
[log] [gate_6] perf_8g_10_200_149_1783931292222 enter map_1 as unit 1150
[log] [gate_8] perf_8g_10_200_151_1783931292223 enter map_1 as unit 1148
[log] [gate_7] perf_8g_10_200_150_1783931292222 enter map_1 as unit 1149
[log] [login_1] perf_8g_10_200_164_1783931292258 login count 1
[log] [login_1] perf_8g_10_200_165_1783931292259 login count 1
[log] [login_1] perf_8g_10_200_166_1783931292260 login count 1
[log] [login_1] perf_8g_10_200_167_1783931292261 login count 1
[log] [gate_3] perf_8g_10_200_154_1783931292230 enter map_1 as unit 1153
[log] [gate_2] perf_8g_10_200_153_1783931292229 enter map_1 as unit 1152
[log] [gate_1] perf_8g_10_200_152_1783931292229 enter map_1 as unit 1155
[log] [gate_4] perf_8g_10_200_155_1783931292231 enter map_1 as unit 1154
[log] [login_1] perf_8g_10_200_168_1783931292268 login count 1
[log] [login_1] perf_8g_10_200_169_1783931292269 login count 1
[log] [login_1] perf_8g_10_200_170_1783931292270 login count 1
[log] [login_1] perf_8g_10_200_171_1783931292271 login count 1
[log] [gate_6] perf_8g_10_200_157_1783931292240 enter map_1 as unit 1158
[log] [gate_5] perf_8g_10_200_156_1783931292239 enter map_1 as unit 1156
[log] [gate_7] perf_8g_10_200_158_1783931292241 enter map_1 as unit 1157
[log] [gate_8] perf_8g_10_200_159_1783931292242 enter map_1 as unit 1159
[log] [login_1] perf_8g_10_200_172_1783931292277 login count 1
[log] [login_1] perf_8g_10_200_173_1783931292279 login count 1
[log] [login_1] perf_8g_10_200_174_1783931292280 login count 1
[log] [login_1] perf_8g_10_200_175_1783931292281 login count 1
[log] [gate_4] perf_8g_10_200_163_1783931292251 enter map_1 as unit 1160
[log] [gate_3] perf_8g_10_200_162_1783931292250 enter map_1 as unit 1162
[log] [gate_1] perf_8g_10_200_160_1783931292248 enter map_1 as unit 1161
[log] [gate_2] perf_8g_10_200_161_1783931292249 enter map_1 as unit 1163
[log] [login_1] perf_8g_10_200_176_1783931292289 login count 1
[log] [login_1] perf_8g_10_200_177_1783931292290 login count 1
[log] [login_1] perf_8g_10_200_178_1783931292291 login count 1
[log] [login_1] perf_8g_10_200_179_1783931292292 login count 1
[log] [gate_7] perf_8g_10_200_166_1783931292260 enter map_1 as unit 1167
[log] [gate_8] perf_8g_10_200_167_1783931292261 enter map_1 as unit 1165
[log] [gate_5] perf_8g_10_200_164_1783931292258 enter map_1 as unit 1166
[log] [gate_6] perf_8g_10_200_165_1783931292259 enter map_1 as unit 1164
[log] [login_1] perf_8g_10_200_180_1783931292299 login count 1
[log] [login_1] perf_8g_10_200_181_1783931292300 login count 1
[log] [login_1] perf_8g_10_200_182_1783931292301 login count 1
[log] [login_1] perf_8g_10_200_183_1783931292302 login count 1
[log] [gate_1] perf_8g_10_200_168_1783931292268 enter map_1 as unit 1171
[log] [gate_2] perf_8g_10_200_169_1783931292269 enter map_1 as unit 1168
[log] [gate_3] perf_8g_10_200_170_1783931292270 enter map_1 as unit 1169
[log] [gate_4] perf_8g_10_200_171_1783931292271 enter map_1 as unit 1170
[log] [login_1] perf_8g_10_200_184_1783931292309 login count 1
[log] [login_1] perf_8g_10_200_185_1783931292310 login count 1
[log] [login_1] perf_8g_10_200_186_1783931292311 login count 1
[log] [login_1] perf_8g_10_200_187_1783931292312 login count 1
[log] [gate_7] perf_8g_10_200_174_1783931292280 enter map_1 as unit 1172
[log] [gate_5] perf_8g_10_200_172_1783931292277 enter map_1 as unit 1173
[log] [gate_6] perf_8g_10_200_173_1783931292279 enter map_1 as unit 1175
[log] [gate_8] perf_8g_10_200_175_1783931292281 enter map_1 as unit 1174
[log] [login_1] perf_8g_10_200_188_1783931292321 login count 1
[log] [login_1] perf_8g_10_200_189_1783931292322 login count 1
[log] [login_1] perf_8g_10_200_190_1783931292323 login count 1
[log] [login_1] perf_8g_10_200_191_1783931292324 login count 1
[log] [gate_4] perf_8g_10_200_179_1783931292292 enter map_1 as unit 1179
[log] [gate_1] perf_8g_10_200_176_1783931292289 enter map_1 as unit 1176
[log] [gate_2] perf_8g_10_200_177_1783931292290 enter map_1 as unit 1177
[log] [gate_3] perf_8g_10_200_178_1783931292291 enter map_1 as unit 1178
[log] [login_1] perf_8g_10_200_192_1783931292334 login count 1
[log] [login_1] perf_8g_10_200_193_1783931292335 login count 1
[log] [login_1] perf_8g_10_200_194_1783931292336 login count 1
[log] [login_1] perf_8g_10_200_195_1783931292337 login count 1
[log] [gate_5] perf_8g_10_200_180_1783931292299 enter map_1 as unit 1180
[log] [gate_7] perf_8g_10_200_182_1783931292301 enter map_1 as unit 1183
[log] [gate_6] perf_8g_10_200_181_1783931292300 enter map_1 as unit 1182
[log] [gate_8] perf_8g_10_200_183_1783931292302 enter map_1 as unit 1181
[log] [login_1] perf_8g_10_200_199_1783931292351 login count 1
[log] [login_1] perf_8g_10_200_196_1783931292348 login count 1
[log] [login_1] perf_8g_10_200_198_1783931292350 login count 1
[log] [login_1] perf_8g_10_200_197_1783931292349 login count 1
[log] [gate_1] perf_8g_10_200_184_1783931292309 enter map_1 as unit 1184
[log] [gate_4] perf_8g_10_200_187_1783931292312 enter map_1 as unit 1185
[log] [gate_3] perf_8g_10_200_186_1783931292311 enter map_1 as unit 1187
[log] [gate_2] perf_8g_10_200_185_1783931292310 enter map_1 as unit 1186
[log] [gate_5] perf_8g_10_200_188_1783931292321 enter map_1 as unit 1188
[log] [gate_7] perf_8g_10_200_190_1783931292323 enter map_1 as unit 1191
[log] [gate_6] perf_8g_10_200_189_1783931292322 enter map_1 as unit 1190
[log] [gate_8] perf_8g_10_200_191_1783931292324 enter map_1 as unit 1189
[log] [gate_1] perf_8g_10_200_192_1783931292334 enter map_1 as unit 1195
[log] [gate_3] perf_8g_10_200_194_1783931292336 enter map_1 as unit 1194
[log] [gate_4] perf_8g_10_200_195_1783931292337 enter map_1 as unit 1192
[log] [gate_2] perf_8g_10_200_193_1783931292335 enter map_1 as unit 1193
[log] [gate_8] perf_8g_10_200_197_1783931292349 enter map_1 as unit 1199
[log] [gate_5] perf_8g_10_200_199_1783931292351 enter map_1 as unit 1196
[log] [gate_6] perf_8g_10_200_196_1783931292348 enter map_1 as unit 1197
[log] [gate_7] perf_8g_10_200_198_1783931292350 enter map_1 as unit 1198
[metrics:inner_transport] active=0 opened=0 pending=0 max_pending=0 overloads=0 timeouts=0 disconnected_calls=0 late_responses=0 idle_closes=0
[process-metrics] process=log cpu_percent=0.62 cpu_time_ms=62 rss_bytes=37036032 v8_heap_used_bytes=2656824 v8_heap_total_bytes=6037504 v8_gc_count=3 v8_gc_ms=0.674 timestamp_ms=1783931296777
[metrics:log] scene=log type=Log processed=400 failed=0 ts_queue=0 ts_max_queue=9 rust_queue=0 rust_max_queue=9 backpressure=0 slow_disconnects=0 update_ms=0.00 handler_ms=0.00 max_handler_ms=1.00 total_handler_ms=11.00
[metrics:inner_transport] active=0 opened=0 pending=0 max_pending=0 overloads=0 timeouts=0 disconnected_calls=0 late_responses=0 idle_closes=0
[process-metrics] process=log cpu_percent=0.31 cpu_time_ms=78 rss_bytes=37052416 v8_heap_used_bytes=2795512 v8_heap_total_bytes=6037504 v8_gc_count=3 v8_gc_ms=0.674 timestamp_ms=1783931301862
[metrics:log] scene=log type=Log processed=400 failed=0 ts_queue=0 ts_max_queue=9 rust_queue=0 rust_max_queue=9 backpressure=0 slow_disconnects=0 update_ms=0.00 handler_ms=0.00 max_handler_ms=1.00 total_handler_ms=11.00
[metrics:inner_transport] active=0 opened=0 pending=0 max_pending=0 overloads=0 timeouts=0 disconnected_calls=0 late_responses=0 idle_closes=0
[process-metrics] process=log cpu_percent=0.30 cpu_time_ms=93 rss_bytes=37289984 v8_heap_used_bytes=2953312 v8_heap_total_bytes=6037504 v8_gc_count=3 v8_gc_ms=0.674 timestamp_ms=1783931306864
[metrics:log] scene=log type=Log processed=400 failed=0 ts_queue=0 ts_max_queue=9 rust_queue=0 rust_max_queue=9 backpressure=0 slow_disconnects=0 update_ms=0.00 handler_ms=0.00 max_handler_ms=1.00 total_handler_ms=11.00
[metrics:inner_transport] active=0 opened=0 pending=0 max_pending=0 overloads=0 timeouts=0 disconnected_calls=0 late_responses=0 idle_closes=0
[process-metrics] process=log cpu_percent=0.64 cpu_time_ms=125 rss_bytes=37412864 v8_heap_used_bytes=3081328 v8_heap_total_bytes=6299648 v8_gc_count=3 v8_gc_ms=0.674 timestamp_ms=1783931311863
[metrics:log] scene=log type=Log processed=400 failed=0 ts_queue=0 ts_max_queue=9 rust_queue=0 rust_max_queue=9 backpressure=0 slow_disconnects=0 update_ms=0.00 handler_ms=0.00 max_handler_ms=1.00 total_handler_ms=11.00
[metrics:inner_transport] active=0 opened=0 pending=0 max_pending=0 overloads=0 timeouts=0 disconnected_calls=0 late_responses=0 idle_closes=0
[process-metrics] process=log cpu_percent=0.00 cpu_time_ms=125 rss_bytes=37560320 v8_heap_used_bytes=3210928 v8_heap_total_bytes=6299648 v8_gc_count=3 v8_gc_ms=0.674 timestamp_ms=1783931316934
[metrics:log] scene=log type=Log processed=400 failed=0 ts_queue=0 ts_max_queue=9 rust_queue=0 rust_max_queue=9 backpressure=0 slow_disconnects=0 update_ms=0.00 handler_ms=0.00 max_handler_ms=1.00 total_handler_ms=11.00
[metrics:inner_transport] active=0 opened=0 pending=0 max_pending=0 overloads=0 timeouts=0 disconnected_calls=0 late_responses=0 idle_closes=0
[process-metrics] process=log cpu_percent=0.62 cpu_time_ms=156 rss_bytes=37601280 v8_heap_used_bytes=3338976 v8_heap_total_bytes=6561792 v8_gc_count=3 v8_gc_ms=0.674 timestamp_ms=1783931321940
[metrics:log] scene=log type=Log processed=400 failed=0 ts_queue=0 ts_max_queue=9 rust_queue=0 rust_max_queue=9 backpressure=0 slow_disconnects=0 update_ms=0.00 handler_ms=0.00 max_handler_ms=1.00 total_handler_ms=11.00
[metrics:inner_transport] active=0 opened=0 pending=0 max_pending=0 overloads=0 timeouts=0 disconnected_calls=0 late_responses=0 idle_closes=0
[process-metrics] process=log cpu_percent=0.30 cpu_time_ms=171 rss_bytes=37908480 v8_heap_used_bytes=3471296 v8_heap_total_bytes=6561792 v8_gc_count=3 v8_gc_ms=0.674 timestamp_ms=1783931326944
[metrics:log] scene=log type=Log processed=400 failed=0 ts_queue=0 ts_max_queue=9 rust_queue=0 rust_max_queue=9 backpressure=0 slow_disconnects=0 update_ms=0.00 handler_ms=0.00 max_handler_ms=1.00 total_handler_ms=11.00
[metrics:inner_transport] active=0 opened=0 pending=0 max_pending=0 overloads=0 timeouts=0 disconnected_calls=0 late_responses=0 idle_closes=0
[process-metrics] process=log cpu_percent=0.32 cpu_time_ms=187 rss_bytes=38039552 v8_heap_used_bytes=3598016 v8_heap_total_bytes=6561792 v8_gc_count=3 v8_gc_ms=0.674 timestamp_ms=1783931331942
[metrics:log] scene=log type=Log processed=400 failed=0 ts_queue=0 ts_max_queue=9 rust_queue=0 rust_max_queue=9 backpressure=0 slow_disconnects=0 update_ms=0.00 handler_ms=0.00 max_handler_ms=1.00 total_handler_ms=11.00
