starting process map1 with one V8 and 1 scene(s) from E:\VsCode\skynet\ets_runtime\perf\results\runtime_configs\map_capacity_20260713_082359\200p_8g_r3\map1.json
scene map_1 (MapHost) listening on 127.0.0.1:7301
[process:map1] one V8 started with 1 scene(s)
[map_1] MapHost scene started at 127.0.0.1:7301
map_1 accepted 127.0.0.1:51330 as conn 1
map_1 accepted 127.0.0.1:63349 as conn 2
map_1 accepted 127.0.0.1:63351 as conn 3
map_1 accepted 127.0.0.1:63350 as conn 4
map_1 accepted 127.0.0.1:63352 as conn 5
map_1 accepted 127.0.0.1:63353 as conn 6
map_1 accepted 127.0.0.1:63354 as conn 7
map_1 accepted 127.0.0.1:63355 as conn 8
map_1 accepted 127.0.0.1:63356 as conn 9
[map_1] perf_8g_10_200_0_1783931376707 enter map 1 unit 1000
[map_1] perf_8g_10_200_1_1783931376709 enter map 1 unit 1001
[map_1] perf_8g_10_200_4_1783931376709 enter map 1 unit 1002
[map_1] perf_8g_10_200_6_1783931376709 enter map 1 unit 1003
[map_1] perf_8g_10_200_3_1783931376709 enter map 1 unit 1004
[map_1] perf_8g_10_200_2_1783931376709 enter map 1 unit 1005
[map_1] perf_8g_10_200_8_1783931376709 enter map 1 unit 1006
[map_1] perf_8g_10_200_10_1783931376709 enter map 1 unit 1007
[map_1] perf_8g_10_200_11_1783931376710 enter map 1 unit 1008
[map_1] perf_8g_10_200_7_1783931376709 enter map 1 unit 1009
[map_1] perf_8g_10_200_5_1783931376709 enter map 1 unit 1010
[map_1] perf_8g_10_200_13_1783931376710 enter map 1 unit 1011
[map_1] perf_8g_10_200_12_1783931376710 enter map 1 unit 1012
[map_1] perf_8g_10_200_14_1783931376710 enter map 1 unit 1013
[map_1] perf_8g_10_200_9_1783931376709 enter map 1 unit 1014
[map_1] perf_8g_10_200_15_1783931376710 enter map 1 unit 1015
[map_1] perf_8g_10_200_16_1783931376744 enter map 1 unit 1016
[map_1] perf_8g_10_200_17_1783931376747 enter map 1 unit 1017
[map_1] perf_8g_10_200_18_1783931376749 enter map 1 unit 1018
[map_1] perf_8g_10_200_20_1783931376750 enter map 1 unit 1019
[map_1] perf_8g_10_200_19_1783931376750 enter map 1 unit 1020
[map_1] perf_8g_10_200_21_1783931376751 enter map 1 unit 1021
[map_1] perf_8g_10_200_22_1783931376753 enter map 1 unit 1022
[map_1] perf_8g_10_200_23_1783931376754 enter map 1 unit 1023
[map_1] perf_8g_10_200_27_1783931376755 enter map 1 unit 1024
[map_1] perf_8g_10_200_24_1783931376754 enter map 1 unit 1025
[map_1] perf_8g_10_200_25_1783931376755 enter map 1 unit 1026
[map_1] perf_8g_10_200_26_1783931376755 enter map 1 unit 1027
[map_1] perf_8g_10_200_28_1783931376756 enter map 1 unit 1028
[map_1] perf_8g_10_200_29_1783931376756 enter map 1 unit 1029
[map_1] perf_8g_10_200_31_1783931376757 enter map 1 unit 1030
[map_1] perf_8g_10_200_30_1783931376756 enter map 1 unit 1031
[map_1] perf_8g_10_200_32_1783931376757 enter map 1 unit 1032
[map_1] perf_8g_10_200_33_1783931376764 enter map 1 unit 1033
[map_1] perf_8g_10_200_34_1783931376774 enter map 1 unit 1034
[map_1] perf_8g_10_200_35_1783931376775 enter map 1 unit 1035
[map_1] perf_8g_10_200_37_1783931376776 enter map 1 unit 1036
[map_1] perf_8g_10_200_36_1783931376775 enter map 1 unit 1037
[map_1] perf_8g_10_200_38_1783931376780 enter map 1 unit 1038
[map_1] perf_8g_10_200_39_1783931376782 enter map 1 unit 1039
[map_1] perf_8g_10_200_40_1783931376785 enter map 1 unit 1040
[map_1] perf_8g_10_200_41_1783931376785 enter map 1 unit 1041
[map_1] perf_8g_10_200_42_1783931376790 enter map 1 unit 1042
[map_1] perf_8g_10_200_44_1783931376791 enter map 1 unit 1043
[map_1] perf_8g_10_200_45_1783931376792 enter map 1 unit 1044
[map_1] perf_8g_10_200_48_1783931376795 enter map 1 unit 1048
[map_1] perf_8g_10_200_47_1783931376795 enter map 1 unit 1047
[map_1] perf_8g_10_200_43_1783931376790 enter map 1 unit 1045
[map_1] perf_8g_10_200_46_1783931376792 enter map 1 unit 1046
[map_1] perf_8g_10_200_49_1783931376795 enter map 1 unit 1049
[map_1] perf_8g_10_200_50_1783931376805 enter map 1 unit 1050
[map_1] perf_8g_10_200_53_1783931376807 enter map 1 unit 1051
[map_1] perf_8g_10_200_51_1783931376806 enter map 1 unit 1052
[map_1] perf_8g_10_200_52_1783931376807 enter map 1 unit 1053
[map_1] perf_8g_10_200_54_1783931376814 enter map 1 unit 1054
[map_1] perf_8g_10_200_55_1783931376816 enter map 1 unit 1055
[map_1] perf_8g_10_200_56_1783931376818 enter map 1 unit 1056
[map_1] perf_8g_10_200_57_1783931376818 enter map 1 unit 1057
[map_1] perf_8g_10_200_58_1783931376824 enter map 1 unit 1058
[map_1] perf_8g_10_200_60_1783931376829 enter map 1 unit 1059
[map_1] perf_8g_10_200_59_1783931376828 enter map 1 unit 1060
[map_1] perf_8g_10_200_61_1783931376829 enter map 1 unit 1061
[map_1] perf_8g_10_200_62_1783931376830 enter map 1 unit 1062
[map_1] perf_8g_10_200_64_1783931376831 enter map 1 unit 1063
[map_1] perf_8g_10_200_66_1783931376836 enter map 1 unit 1066
[map_1] perf_8g_10_200_63_1783931376830 enter map 1 unit 1064
[map_1] perf_8g_10_200_65_1783931376832 enter map 1 unit 1065
[map_1] perf_8g_10_200_67_1783931376838 enter map 1 unit 1067
[map_1] perf_8g_10_200_68_1783931376838 enter map 1 unit 1068
[map_1] perf_8g_10_200_69_1783931376841 enter map 1 unit 1069
[map_1] perf_8g_10_200_70_1783931376844 enter map 1 unit 1070
[map_1] perf_8g_10_200_71_1783931376848 enter map 1 unit 1071
[map_1] perf_8g_10_200_72_1783931376850 enter map 1 unit 1072
[map_1] perf_8g_10_200_73_1783931376851 enter map 1 unit 1073
[map_1] perf_8g_10_200_74_1783931376856 enter map 1 unit 1074
[map_1] perf_8g_10_200_75_1783931376860 enter map 1 unit 1075
[map_1] perf_8g_10_200_76_1783931376862 enter map 1 unit 1076
[map_1] perf_8g_10_200_77_1783931376863 enter map 1 unit 1077
[map_1] perf_8g_10_200_78_1783931376864 enter map 1 unit 1078
[map_1] perf_8g_10_200_79_1783931376867 enter map 1 unit 1079
[map_1] perf_8g_10_200_80_1783931376868 enter map 1 unit 1080
[map_1] perf_8g_10_200_81_1783931376868 enter map 1 unit 1081
[map_1] perf_8g_10_200_82_1783931376869 enter map 1 unit 1082
[map_1] perf_8g_10_200_83_1783931376873 enter map 1 unit 1083
[map_1] perf_8g_10_200_85_1783931376874 enter map 1 unit 1085
[map_1] perf_8g_10_200_84_1783931376873 enter map 1 unit 1084
[map_1] perf_8g_10_200_86_1783931376875 enter map 1 unit 1086
[map_1] perf_8g_10_200_87_1783931376883 enter map 1 unit 1087
[map_1] perf_8g_10_200_89_1783931376885 enter map 1 unit 1088
[map_1] perf_8g_10_200_88_1783931376883 enter map 1 unit 1089
[map_1] perf_8g_10_200_90_1783931376894 enter map 1 unit 1090
[map_1] perf_8g_10_200_91_1783931376898 enter map 1 unit 1091
[map_1] perf_8g_10_200_92_1783931376900 enter map 1 unit 1092
[map_1] perf_8g_10_200_93_1783931376901 enter map 1 unit 1093
[map_1] perf_8g_10_200_94_1783931376902 enter map 1 unit 1094
[map_1] perf_8g_10_200_95_1783931376905 enter map 1 unit 1095
[map_1] perf_8g_10_200_96_1783931376907 enter map 1 unit 1096
[map_1] perf_8g_10_200_97_1783931376909 enter map 1 unit 1097
[map_1] perf_8g_10_200_98_1783931376910 enter map 1 unit 1098
[map_1] perf_8g_10_200_99_1783931376915 enter map 1 unit 1099
[map_1] perf_8g_10_200_100_1783931376916 enter map 1 unit 1100
[map_1] perf_8g_10_200_101_1783931376917 enter map 1 unit 1101
[map_1] perf_8g_10_200_102_1783931376919 enter map 1 unit 1102
[map_1] perf_8g_10_200_103_1783931376922 enter map 1 unit 1103
[map_1] perf_8g_10_200_104_1783931376923 enter map 1 unit 1104
[map_1] perf_8g_10_200_105_1783931376923 enter map 1 unit 1105
[map_1] perf_8g_10_200_106_1783931376932 enter map 1 unit 1106
[map_1] perf_8g_10_200_107_1783931376936 enter map 1 unit 1107
[map_1] perf_8g_10_200_108_1783931376940 enter map 1 unit 1108
[map_1] perf_8g_10_200_109_1783931376944 enter map 1 unit 1109
[map_1] perf_8g_10_200_110_1783931376946 enter map 1 unit 1110
[map_1] perf_8g_10_200_111_1783931376947 enter map 1 unit 1111
[map_1] perf_8g_10_200_112_1783931376948 enter map 1 unit 1112
[map_1] perf_8g_10_200_115_1783931376955 enter map 1 unit 1115
[map_1] perf_8g_10_200_113_1783931376951 enter map 1 unit 1113
[map_1] perf_8g_10_200_114_1783931376953 enter map 1 unit 1114
[map_1] perf_8g_10_200_116_1783931376957 enter map 1 unit 1116
[map_1] perf_8g_10_200_119_1783931376965 enter map 1 unit 1119
[map_1] perf_8g_10_200_117_1783931376960 enter map 1 unit 1117
[map_1] perf_8g_10_200_118_1783931376961 enter map 1 unit 1118
[map_1] perf_8g_10_200_122_1783931376972 enter map 1 unit 1120
[map_1] perf_8g_10_200_123_1783931376976 enter map 1 unit 1123
[map_1] perf_8g_10_200_121_1783931376969 enter map 1 unit 1121
[map_1] perf_8g_10_200_120_1783931376966 enter map 1 unit 1122
[map_1] perf_8g_10_200_124_1783931376981 enter map 1 unit 1124
[map_1] perf_8g_10_200_127_1783931376987 enter map 1 unit 1125
[map_1] perf_8g_10_200_125_1783931376982 enter map 1 unit 1126
[map_1] perf_8g_10_200_126_1783931376987 enter map 1 unit 1127
[map_1] perf_8g_10_200_131_1783931376996 enter map 1 unit 1128
[map_1] perf_8g_10_200_130_1783931376996 enter map 1 unit 1131
[map_1] perf_8g_10_200_128_1783931376994 enter map 1 unit 1129
[map_1] perf_8g_10_200_129_1783931376995 enter map 1 unit 1130
[map_1] perf_8g_10_200_132_1783931377010 enter map 1 unit 1132
[map_1] perf_8g_10_200_133_1783931377011 enter map 1 unit 1133
[map_1] perf_8g_10_200_135_1783931377012 enter map 1 unit 1135
[map_1] perf_8g_10_200_134_1783931377012 enter map 1 unit 1134
[map_1] perf_8g_10_200_136_1783931377016 enter map 1 unit 1136
[map_1] perf_8g_10_200_140_1783931377028 enter map 1 unit 1140
[map_1] perf_8g_10_200_137_1783931377017 enter map 1 unit 1137
[map_1] perf_8g_10_200_139_1783931377019 enter map 1 unit 1139
[map_1] perf_8g_10_200_138_1783931377017 enter map 1 unit 1138
[map_1] perf_8g_10_200_143_1783931377033 enter map 1 unit 1141
[map_1] perf_8g_10_200_142_1783931377033 enter map 1 unit 1143
[map_1] perf_8g_10_200_141_1783931377029 enter map 1 unit 1142
[map_1] perf_8g_10_200_148_1783931377052 enter map 1 unit 1144
[map_1] perf_8g_10_200_144_1783931377042 enter map 1 unit 1148
[map_1] perf_8g_10_200_147_1783931377048 enter map 1 unit 1145
[map_1] perf_8g_10_200_145_1783931377047 enter map 1 unit 1147
[map_1] perf_8g_10_200_146_1783931377047 enter map 1 unit 1146
[map_1] perf_8g_10_200_150_1783931377062 enter map 1 unit 1149
[map_1] perf_8g_10_200_151_1783931377063 enter map 1 unit 1151
[map_1] perf_8g_10_200_149_1783931377058 enter map 1 unit 1150
[map_1] perf_8g_10_200_152_1783931377069 enter map 1 unit 1152
[map_1] perf_8g_10_200_156_1783931377073 enter map 1 unit 1156
[map_1] perf_8g_10_200_153_1783931377070 enter map 1 unit 1153
[map_1] perf_8g_10_200_154_1783931377071 enter map 1 unit 1155
[map_1] perf_8g_10_200_155_1783931377072 enter map 1 unit 1154
[map_1] perf_8g_10_200_158_1783931377077 enter map 1 unit 1157
[map_1] perf_8g_10_200_159_1783931377078 enter map 1 unit 1159
[map_1] perf_8g_10_200_157_1783931377077 enter map 1 unit 1158
[map_1] perf_8g_10_200_164_1783931377092 enter map 1 unit 1160
[map_1] perf_8g_10_200_163_1783931377091 enter map 1 unit 1164
[map_1] perf_8g_10_200_162_1783931377090 enter map 1 unit 1161
[map_1] perf_8g_10_200_161_1783931377089 enter map 1 unit 1163
[map_1] perf_8g_10_200_160_1783931377088 enter map 1 unit 1162
[map_1] perf_8g_10_200_166_1783931377098 enter map 1 unit 1165
[map_1] perf_8g_10_200_167_1783931377099 enter map 1 unit 1167
[map_1] perf_8g_10_200_165_1783931377098 enter map 1 unit 1166
[map_1] perf_8g_10_200_172_1783931377111 enter map 1 unit 1168
[map_1] perf_8g_10_200_171_1783931377111 enter map 1 unit 1172
[map_1] perf_8g_10_200_169_1783931377109 enter map 1 unit 1169
[map_1] perf_8g_10_200_168_1783931377108 enter map 1 unit 1171
[map_1] perf_8g_10_200_170_1783931377110 enter map 1 unit 1170
[map_1] perf_8g_10_200_175_1783931377121 enter map 1 unit 1173
[map_1] perf_8g_10_200_174_1783931377117 enter map 1 unit 1175
[map_1] perf_8g_10_200_173_1783931377116 enter map 1 unit 1174
[map_1] perf_8g_10_200_180_1783931377135 enter map 1 unit 1176
[map_1] perf_8g_10_200_177_1783931377131 enter map 1 unit 1180
[map_1] perf_8g_10_200_178_1783931377132 enter map 1 unit 1177
[map_1] perf_8g_10_200_176_1783931377130 enter map 1 unit 1179
[map_1] perf_8g_10_200_179_1783931377134 enter map 1 unit 1178
[map_1] perf_8g_10_200_181_1783931377140 enter map 1 unit 1181
[map_1] perf_8g_10_200_183_1783931377142 enter map 1 unit 1183
[map_1] perf_8g_10_200_182_1783931377142 enter map 1 unit 1182
[map_1] perf_8g_10_200_184_1783931377155 enter map 1 unit 1184
[map_1] perf_8g_10_200_188_1783931377160 enter map 1 unit 1188
[map_1] perf_8g_10_200_186_1783931377157 enter map 1 unit 1185
[map_1] perf_8g_10_200_187_1783931377158 enter map 1 unit 1187
[map_1] perf_8g_10_200_185_1783931377156 enter map 1 unit 1186
[map_1] perf_8g_10_200_191_1783931377171 enter map 1 unit 1189
[map_1] perf_8g_10_200_190_1783931377169 enter map 1 unit 1191
[map_1] perf_8g_10_200_189_1783931377167 enter map 1 unit 1190
[map_1] perf_8g_10_200_195_1783931377186 enter map 1 unit 1192
[map_1] perf_8g_10_200_193_1783931377183 enter map 1 unit 1196
[map_1] perf_8g_10_200_194_1783931377184 enter map 1 unit 1195
[map_1] perf_8g_10_200_196_1783931377187 enter map 1 unit 1193
[map_1] perf_8g_10_200_192_1783931377182 enter map 1 unit 1194
[map_1] perf_8g_10_200_197_1783931377196 enter map 1 unit 1197
[map_1] perf_8g_10_200_198_1783931377198 enter map 1 unit 1199
[map_1] perf_8g_10_200_199_1783931377199 enter map 1 unit 1198
[metrics:inner_transport] active=8 opened=8 pending=0 max_pending=0 overloads=0 timeouts=0 disconnected_calls=0 late_responses=0 idle_closes=0
[process-metrics] process=map1 cpu_percent=133.23 cpu_time_ms=6750 rss_bytes=120549376 v8_heap_used_bytes=27765648 v8_heap_total_bytes=76816384 v8_gc_count=121 v8_gc_ms=129.035 timestamp_ms=1783931381198
[metrics:map1] scene=map_1 type=MapHost processed=8720 failed=0 ts_queue=0 ts_max_queue=171 rust_queue=200 rust_max_queue=200 backpressure=0 slow_disconnects=0 update_ms=56.00 handler_ms=55.00 max_handler_ms=99.00 total_handler_ms=302632.00
[metrics:inner_transport] active=8 opened=8 pending=0 max_pending=0 overloads=0 timeouts=0 disconnected_calls=0 late_responses=0 idle_closes=0
[process-metrics] process=map1 cpu_percent=109.75 cpu_time_ms=12281 rss_bytes=126758912 v8_heap_used_bytes=14080856 v8_heap_total_bytes=79699968 v8_gc_count=223 v8_gc_ms=314.374 timestamp_ms=1783931386238
[metrics:map1] scene=map_1 type=MapHost processed=19592 failed=0 ts_queue=0 ts_max_queue=200 rust_queue=200 rust_max_queue=200 backpressure=0 slow_disconnects=0 update_ms=63.00 handler_ms=63.00 max_handler_ms=99.00 total_handler_ms=676833.00
[metrics:inner_transport] active=8 opened=8 pending=0 max_pending=0 overloads=0 timeouts=0 disconnected_calls=0 late_responses=0 idle_closes=0
[process-metrics] process=map1 cpu_percent=100.78 cpu_time_ms=17312 rss_bytes=137179136 v8_heap_used_bytes=36765136 v8_heap_total_bytes=91496448 v8_gc_count=323 v8_gc_ms=510.064 timestamp_ms=1783931391230
[metrics:map1] scene=map_1 type=MapHost processed=30316 failed=0 ts_queue=0 ts_max_queue=200 rust_queue=189 rust_max_queue=200 backpressure=0 slow_disconnects=0 update_ms=37.00 handler_ms=37.00 max_handler_ms=107.00 total_handler_ms=1060792.00
[metrics:inner_transport] active=8 opened=8 pending=0 max_pending=0 overloads=0 timeouts=0 disconnected_calls=0 late_responses=0 idle_closes=0
[process-metrics] process=map1 cpu_percent=118.51 cpu_time_ms=23234 rss_bytes=138092544 v8_heap_used_bytes=37005992 v8_heap_total_bytes=82321408 v8_gc_count=428 v8_gc_ms=691.291 timestamp_ms=1783931396227
[metrics:map1] scene=map_1 type=MapHost processed=41628 failed=0 ts_queue=0 ts_max_queue=200 rust_queue=132 rust_max_queue=200 backpressure=0 slow_disconnects=0 update_ms=32.00 handler_ms=32.00 max_handler_ms=114.00 total_handler_ms=1432418.00
[metrics:inner_transport] active=8 opened=8 pending=0 max_pending=0 overloads=0 timeouts=0 disconnected_calls=0 late_responses=0 idle_closes=0
[process-metrics] process=map1 cpu_percent=109.59 cpu_time_ms=28734 rss_bytes=140435456 v8_heap_used_bytes=22331952 v8_heap_total_bytes=94642176 v8_gc_count=533 v8_gc_ms=851.961 timestamp_ms=1783931401245
[metrics:map1] scene=map_1 type=MapHost processed=52956 failed=0 ts_queue=0 ts_max_queue=200 rust_queue=44 rust_max_queue=200 backpressure=0 slow_disconnects=0 update_ms=32.00 handler_ms=32.00 max_handler_ms=114.00 total_handler_ms=1739318.00
[metrics:inner_transport] active=8 opened=8 pending=0 max_pending=0 overloads=0 timeouts=0 disconnected_calls=0 late_responses=0 idle_closes=0
[process-metrics] process=map1 cpu_percent=85.67 cpu_time_ms=33031 rss_bytes=140558336 v8_heap_used_bytes=23970880 v8_heap_total_bytes=94642176 v8_gc_count=633 v8_gc_ms=1024.079 timestamp_ms=1783931406261
[metrics:map1] scene=map_1 type=MapHost processed=64000 failed=0 ts_queue=0 ts_max_queue=200 rust_queue=0 rust_max_queue=200 backpressure=0 slow_disconnects=0 update_ms=38.00 handler_ms=38.00 max_handler_ms=114.00 total_handler_ms=1993502.00
[metrics:inner_transport] active=8 opened=8 pending=0 max_pending=0 overloads=0 timeouts=0 disconnected_calls=0 late_responses=0 idle_closes=0
[process-metrics] process=map1 cpu_percent=103.50 cpu_time_ms=38234 rss_bytes=141176832 v8_heap_used_bytes=26714840 v8_heap_total_bytes=94642176 v8_gc_count=734 v8_gc_ms=1207.564 timestamp_ms=1783931411288
[metrics:map1] scene=map_1 type=MapHost processed=75000 failed=0 ts_queue=0 ts_max_queue=200 rust_queue=158 rust_max_queue=200 backpressure=0 slow_disconnects=0 update_ms=30.00 handler_ms=29.00 max_handler_ms=114.00 total_handler_ms=2264613.00
[metrics:inner_transport] active=8 opened=8 pending=0 max_pending=0 overloads=0 timeouts=0 disconnected_calls=0 late_responses=0 idle_closes=0
[process-metrics] process=map1 cpu_percent=100.96 cpu_time_ms=43281 rss_bytes=132431872 v8_heap_used_bytes=32135528 v8_heap_total_bytes=85991424 v8_gc_count=834 v8_gc_ms=1400.842 timestamp_ms=1783931416287
[metrics:map1] scene=map_1 type=MapHost processed=85995 failed=0 ts_queue=0 ts_max_queue=200 rust_queue=166 rust_max_queue=200 backpressure=0 slow_disconnects=0 update_ms=6.00 handler_ms=6.00 max_handler_ms=114.00 total_handler_ms=2529243.00
[map_1] perf_8g_10_200_0_1783931376707 leave map 1 unit 1000
[map_1] perf_8g_10_200_2_1783931376709 leave map 1 unit 1005
[map_1] perf_8g_10_200_1_1783931376709 leave map 1 unit 1001
[map_1] perf_8g_10_200_4_1783931376709 leave map 1 unit 1002
[map_1] perf_8g_10_200_133_1783931377011 leave map 1 unit 1133
[map_1] perf_8g_10_200_3_1783931376709 leave map 1 unit 1004
[map_1] perf_8g_10_200_134_1783931377012 leave map 1 unit 1134
[map_1] perf_8g_10_200_135_1783931377012 leave map 1 unit 1135
[map_1] perf_8g_10_200_131_1783931376996 leave map 1 unit 1128
[map_1] perf_8g_10_200_132_1783931377010 leave map 1 unit 1132
[map_1] perf_8g_10_200_6_1783931376709 leave map 1 unit 1003
[map_1] perf_8g_10_200_130_1783931376996 leave map 1 unit 1131
[map_1] perf_8g_10_200_129_1783931376995 leave map 1 unit 1130
[map_1] perf_8g_10_200_14_1783931376710 leave map 1 unit 1013
[map_1] perf_8g_10_200_128_1783931376994 leave map 1 unit 1129
[map_1] perf_8g_10_200_127_1783931376987 leave map 1 unit 1125
[map_1] perf_8g_10_200_125_1783931376982 leave map 1 unit 1126
[map_1] perf_8g_10_200_126_1783931376987 leave map 1 unit 1127
[map_1] perf_8g_10_200_5_1783931376709 leave map 1 unit 1010
[map_1] perf_8g_10_200_124_1783931376981 leave map 1 unit 1124
[map_1] perf_8g_10_200_8_1783931376709 leave map 1 unit 1006
[map_1] perf_8g_10_200_123_1783931376976 leave map 1 unit 1123
[map_1] perf_8g_10_200_122_1783931376972 leave map 1 unit 1120
[map_1] perf_8g_10_200_15_1783931376710 leave map 1 unit 1015
[map_1] perf_8g_10_200_119_1783931376965 leave map 1 unit 1119
[map_1] perf_8g_10_200_120_1783931376966 leave map 1 unit 1122
[map_1] perf_8g_10_200_121_1783931376969 leave map 1 unit 1121
[map_1] perf_8g_10_200_7_1783931376709 leave map 1 unit 1009
[map_1] perf_8g_10_200_118_1783931376961 leave map 1 unit 1118
[map_1] perf_8g_10_200_117_1783931376960 leave map 1 unit 1117
[map_1] perf_8g_10_200_12_1783931376710 leave map 1 unit 1012
[map_1] perf_8g_10_200_115_1783931376955 leave map 1 unit 1115
[map_1] perf_8g_10_200_116_1783931376957 leave map 1 unit 1116
[map_1] perf_8g_10_200_113_1783931376951 leave map 1 unit 1113
[map_1] perf_8g_10_200_16_1783931376744 leave map 1 unit 1016
[map_1] perf_8g_10_200_114_1783931376953 leave map 1 unit 1114
[map_1] perf_8g_10_200_17_1783931376747 leave map 1 unit 1017
[map_1] perf_8g_10_200_109_1783931376944 leave map 1 unit 1109
[map_1] perf_8g_10_200_112_1783931376948 leave map 1 unit 1112
[map_1] perf_8g_10_200_111_1783931376947 leave map 1 unit 1111
[map_1] perf_8g_10_200_13_1783931376710 leave map 1 unit 1011
[map_1] perf_8g_10_200_110_1783931376946 leave map 1 unit 1110
[map_1] perf_8g_10_200_108_1783931376940 leave map 1 unit 1108
[map_1] perf_8g_10_200_11_1783931376710 leave map 1 unit 1008
[map_1] perf_8g_10_200_107_1783931376936 leave map 1 unit 1107
[map_1] perf_8g_10_200_106_1783931376932 leave map 1 unit 1106
[map_1] perf_8g_10_200_18_1783931376749 leave map 1 unit 1018
[map_1] perf_8g_10_200_103_1783931376922 leave map 1 unit 1103
[map_1] perf_8g_10_200_101_1783931376917 leave map 1 unit 1101
[map_1] perf_8g_10_200_20_1783931376750 leave map 1 unit 1019
[map_1] perf_8g_10_200_105_1783931376923 leave map 1 unit 1105
[map_1] perf_8g_10_200_19_1783931376750 leave map 1 unit 1020
[map_1] perf_8g_10_200_97_1783931376909 leave map 1 unit 1097
[map_1] perf_8g_10_200_104_1783931376923 leave map 1 unit 1104
[map_1] perf_8g_10_200_102_1783931376919 leave map 1 unit 1102
[map_1] perf_8g_10_200_21_1783931376751 leave map 1 unit 1021
[map_1] perf_8g_10_200_100_1783931376916 leave map 1 unit 1100
[map_1] perf_8g_10_200_22_1783931376753 leave map 1 unit 1022
[map_1] perf_8g_10_200_95_1783931376905 leave map 1 unit 1095
[map_1] perf_8g_10_200_98_1783931376910 leave map 1 unit 1098
[map_1] perf_8g_10_200_25_1783931376755 leave map 1 unit 1026
[map_1] perf_8g_10_200_99_1783931376915 leave map 1 unit 1099
[map_1] perf_8g_10_200_87_1783931376883 leave map 1 unit 1087
[map_1] perf_8g_10_200_24_1783931376754 leave map 1 unit 1025
[map_1] perf_8g_10_200_96_1783931376907 leave map 1 unit 1096
[map_1] perf_8g_10_200_26_1783931376755 leave map 1 unit 1027
[map_1] perf_8g_10_200_93_1783931376901 leave map 1 unit 1093
[map_1] perf_8g_10_200_79_1783931376867 leave map 1 unit 1079
[map_1] perf_8g_10_200_27_1783931376755 leave map 1 unit 1024
[map_1] perf_8g_10_200_85_1783931376874 leave map 1 unit 1085
[map_1] perf_8g_10_200_28_1783931376756 leave map 1 unit 1028
[map_1] perf_8g_10_200_90_1783931376894 leave map 1 unit 1090
[map_1] perf_8g_10_200_94_1783931376902 leave map 1 unit 1094
[map_1] perf_8g_10_200_29_1783931376756 leave map 1 unit 1029
[map_1] perf_8g_10_200_71_1783931376848 leave map 1 unit 1071
[map_1] perf_8g_10_200_92_1783931376900 leave map 1 unit 1092
[map_1] perf_8g_10_200_30_1783931376756 leave map 1 unit 1031
[map_1] perf_8g_10_200_91_1783931376898 leave map 1 unit 1091
[map_1] perf_8g_10_200_10_1783931376709 leave map 1 unit 1007
[map_1] perf_8g_10_200_82_1783931376869 leave map 1 unit 1082
[map_1] perf_8g_10_200_33_1783931376764 leave map 1 unit 1033
[map_1] perf_8g_10_200_89_1783931376885 leave map 1 unit 1088
[map_1] perf_8g_10_200_88_1783931376883 leave map 1 unit 1089
[map_1] perf_8g_10_200_9_1783931376709 leave map 1 unit 1014
[map_1] perf_8g_10_200_86_1783931376875 leave map 1 unit 1086
[map_1] perf_8g_10_200_32_1783931376757 leave map 1 unit 1032
[map_1] perf_8g_10_200_84_1783931376873 leave map 1 unit 1084
[map_1] perf_8g_10_200_34_1783931376774 leave map 1 unit 1034
[map_1] perf_8g_10_200_80_1783931376868 leave map 1 unit 1080
[map_1] perf_8g_10_200_83_1783931376873 leave map 1 unit 1083
[map_1] perf_8g_10_200_23_1783931376754 leave map 1 unit 1023
[map_1] perf_8g_10_200_76_1783931376862 leave map 1 unit 1076
[map_1] perf_8g_10_200_81_1783931376868 leave map 1 unit 1081
[map_1] perf_8g_10_200_36_1783931376775 leave map 1 unit 1037
[map_1] perf_8g_10_200_78_1783931376864 leave map 1 unit 1078
[map_1] perf_8g_10_200_38_1783931376780 leave map 1 unit 1038
[map_1] perf_8g_10_200_77_1783931376863 leave map 1 unit 1077
[map_1] perf_8g_10_200_35_1783931376775 leave map 1 unit 1035
[map_1] perf_8g_10_200_64_1783931376831 leave map 1 unit 1063
[map_1] perf_8g_10_200_37_1783931376776 leave map 1 unit 1036
[map_1] perf_8g_10_200_55_1783931376816 leave map 1 unit 1055
[map_1] perf_8g_10_200_75_1783931376860 leave map 1 unit 1075
[map_1] perf_8g_10_200_40_1783931376785 leave map 1 unit 1040
[map_1] perf_8g_10_200_73_1783931376851 leave map 1 unit 1073
[map_1] perf_8g_10_200_43_1783931376790 leave map 1 unit 1045
[map_1] perf_8g_10_200_74_1783931376856 leave map 1 unit 1074
[map_1] perf_8g_10_200_42_1783931376790 leave map 1 unit 1042
[map_1] perf_8g_10_200_47_1783931376795 leave map 1 unit 1047
[map_1] perf_8g_10_200_31_1783931376757 leave map 1 unit 1030
[map_1] perf_8g_10_200_72_1783931376850 leave map 1 unit 1072
[map_1] perf_8g_10_200_70_1783931376844 leave map 1 unit 1070
[map_1] perf_8g_10_200_44_1783931376791 leave map 1 unit 1043
[map_1] perf_8g_10_200_69_1783931376841 leave map 1 unit 1069
[map_1] perf_8g_10_200_41_1783931376785 leave map 1 unit 1041
[map_1] perf_8g_10_200_68_1783931376838 leave map 1 unit 1068
[map_1] perf_8g_10_200_45_1783931376792 leave map 1 unit 1044
[map_1] perf_8g_10_200_62_1783931376830 leave map 1 unit 1062
[map_1] perf_8g_10_200_48_1783931376795 leave map 1 unit 1048
[map_1] perf_8g_10_200_67_1783931376838 leave map 1 unit 1067
[map_1] perf_8g_10_200_39_1783931376782 leave map 1 unit 1039
[map_1] perf_8g_10_200_50_1783931376805 leave map 1 unit 1050
[map_1] perf_8g_10_200_66_1783931376836 leave map 1 unit 1066
[map_1] perf_8g_10_200_65_1783931376832 leave map 1 unit 1065
[map_1] perf_8g_10_200_51_1783931376806 leave map 1 unit 1052
[map_1] perf_8g_10_200_54_1783931376814 leave map 1 unit 1054
[map_1] perf_8g_10_200_52_1783931376807 leave map 1 unit 1053
[map_1] perf_8g_10_200_63_1783931376830 leave map 1 unit 1064
[map_1] perf_8g_10_200_53_1783931376807 leave map 1 unit 1051
[map_1] perf_8g_10_200_46_1783931376792 leave map 1 unit 1046
[map_1] perf_8g_10_200_56_1783931376818 leave map 1 unit 1056
[map_1] perf_8g_10_200_61_1783931376829 leave map 1 unit 1061
[map_1] perf_8g_10_200_49_1783931376795 leave map 1 unit 1049
[map_1] perf_8g_10_200_59_1783931376828 leave map 1 unit 1060
[map_1] perf_8g_10_200_57_1783931376818 leave map 1 unit 1057
[map_1] perf_8g_10_200_60_1783931376829 leave map 1 unit 1059
[map_1] perf_8g_10_200_58_1783931376824 leave map 1 unit 1058
[map_1] perf_8g_10_200_197_1783931377196 leave map 1 unit 1197
[map_1] perf_8g_10_200_136_1783931377016 leave map 1 unit 1136
[map_1] perf_8g_10_200_137_1783931377017 leave map 1 unit 1137
[map_1] perf_8g_10_200_199_1783931377199 leave map 1 unit 1198
[map_1] perf_8g_10_200_198_1783931377198 leave map 1 unit 1199
[map_1] perf_8g_10_200_196_1783931377187 leave map 1 unit 1193
[map_1] perf_8g_10_200_194_1783931377184 leave map 1 unit 1195
[map_1] perf_8g_10_200_195_1783931377186 leave map 1 unit 1192
[map_1] perf_8g_10_200_193_1783931377183 leave map 1 unit 1196
[map_1] perf_8g_10_200_192_1783931377182 leave map 1 unit 1194
[map_1] perf_8g_10_200_191_1783931377171 leave map 1 unit 1189
[map_1] perf_8g_10_200_186_1783931377157 leave map 1 unit 1185
[map_1] perf_8g_10_200_189_1783931377167 leave map 1 unit 1190
[map_1] perf_8g_10_200_190_1783931377169 leave map 1 unit 1191
[map_1] perf_8g_10_200_188_1783931377160 leave map 1 unit 1188
[map_1] perf_8g_10_200_187_1783931377158 leave map 1 unit 1187
[map_1] perf_8g_10_200_185_1783931377156 leave map 1 unit 1186
[map_1] perf_8g_10_200_184_1783931377155 leave map 1 unit 1184
[map_1] perf_8g_10_200_138_1783931377017 leave map 1 unit 1138
[map_1] perf_8g_10_200_139_1783931377019 leave map 1 unit 1139
[map_1] perf_8g_10_200_183_1783931377142 leave map 1 unit 1183
[map_1] perf_8g_10_200_181_1783931377140 leave map 1 unit 1181
[map_1] perf_8g_10_200_182_1783931377142 leave map 1 unit 1182
[map_1] perf_8g_10_200_180_1783931377135 leave map 1 unit 1176
[map_1] perf_8g_10_200_179_1783931377134 leave map 1 unit 1178
[map_1] perf_8g_10_200_178_1783931377132 leave map 1 unit 1177
[map_1] perf_8g_10_200_177_1783931377131 leave map 1 unit 1180
[map_1] perf_8g_10_200_140_1783931377028 leave map 1 unit 1140
[map_1] perf_8g_10_200_141_1783931377029 leave map 1 unit 1142
[map_1] perf_8g_10_200_176_1783931377130 leave map 1 unit 1179
[map_1] perf_8g_10_200_174_1783931377117 leave map 1 unit 1175
[map_1] perf_8g_10_200_175_1783931377121 leave map 1 unit 1173
[map_1] perf_8g_10_200_173_1783931377116 leave map 1 unit 1174
[map_1] perf_8g_10_200_171_1783931377111 leave map 1 unit 1172
[map_1] perf_8g_10_200_143_1783931377033 leave map 1 unit 1141
[map_1] perf_8g_10_200_144_1783931377042 leave map 1 unit 1148
[map_1] perf_8g_10_200_170_1783931377110 leave map 1 unit 1170
[map_1] perf_8g_10_200_172_1783931377111 leave map 1 unit 1168
[map_1] perf_8g_10_200_169_1783931377109 leave map 1 unit 1169
[map_1] perf_8g_10_200_168_1783931377108 leave map 1 unit 1171
[map_1] perf_8g_10_200_142_1783931377033 leave map 1 unit 1143
[map_1] perf_8g_10_200_145_1783931377047 leave map 1 unit 1147
[map_1] perf_8g_10_200_147_1783931377048 leave map 1 unit 1145
[map_1] perf_8g_10_200_166_1783931377098 leave map 1 unit 1165
[map_1] perf_8g_10_200_165_1783931377098 leave map 1 unit 1166
[map_1] perf_8g_10_200_167_1783931377099 leave map 1 unit 1167
[map_1] perf_8g_10_200_164_1783931377092 leave map 1 unit 1160
[map_1] perf_8g_10_200_146_1783931377047 leave map 1 unit 1146
[map_1] perf_8g_10_200_148_1783931377052 leave map 1 unit 1144
[map_1] perf_8g_10_200_162_1783931377090 leave map 1 unit 1161
[map_1] perf_8g_10_200_163_1783931377091 leave map 1 unit 1164
[map_1] perf_8g_10_200_161_1783931377089 leave map 1 unit 1163
[map_1] perf_8g_10_200_150_1783931377062 leave map 1 unit 1149
[map_1] perf_8g_10_200_149_1783931377058 leave map 1 unit 1150
[map_1] perf_8g_10_200_151_1783931377063 leave map 1 unit 1151
[map_1] perf_8g_10_200_160_1783931377088 leave map 1 unit 1162
[map_1] perf_8g_10_200_159_1783931377078 leave map 1 unit 1159
[map_1] perf_8g_10_200_158_1783931377077 leave map 1 unit 1157
[map_1] perf_8g_10_200_157_1783931377077 leave map 1 unit 1158
[map_1] perf_8g_10_200_152_1783931377069 leave map 1 unit 1152
[map_1] perf_8g_10_200_153_1783931377070 leave map 1 unit 1153
[map_1] perf_8g_10_200_154_1783931377071 leave map 1 unit 1155
[map_1] perf_8g_10_200_156_1783931377073 leave map 1 unit 1156
[map_1] perf_8g_10_200_155_1783931377072 leave map 1 unit 1154
