starting process map1 with one V8 and 1 scene(s) from E:\VsCode\skynet\ets_runtime\perf\results\runtime_configs\map_capacity_20260713_082359\200p_8g_r1\map1.json
scene map_1 (MapHost) listening on 127.0.0.1:7301
[process:map1] one V8 started with 1 scene(s)
[map_1] MapHost scene started at 127.0.0.1:7301
map_1 accepted 127.0.0.1:54200 as conn 1
map_1 accepted 127.0.0.1:54258 as conn 2
map_1 accepted 127.0.0.1:54259 as conn 3
map_1 accepted 127.0.0.1:54260 as conn 4
map_1 accepted 127.0.0.1:54261 as conn 5
map_1 accepted 127.0.0.1:54262 as conn 6
map_1 accepted 127.0.0.1:54263 as conn 7
[map_1] perf_8g_10_200_0_1783931291974 enter map 1 unit 1000
map_1 accepted 127.0.0.1:54264 as conn 8
map_1 accepted 127.0.0.1:54265 as conn 9
[map_1] perf_8g_10_200_2_1783931291975 enter map 1 unit 1001
[map_1] perf_8g_10_200_1_1783931291975 enter map 1 unit 1002
[map_1] perf_8g_10_200_3_1783931291975 enter map 1 unit 1003
[map_1] perf_8g_10_200_8_1783931291975 enter map 1 unit 1004
[map_1] perf_8g_10_200_6_1783931291975 enter map 1 unit 1005
[map_1] perf_8g_10_200_4_1783931291975 enter map 1 unit 1006
[map_1] perf_8g_10_200_5_1783931291975 enter map 1 unit 1007
[map_1] perf_8g_10_200_9_1783931291975 enter map 1 unit 1008
[map_1] perf_8g_10_200_12_1783931291975 enter map 1 unit 1009
[map_1] perf_8g_10_200_10_1783931291975 enter map 1 unit 1010
[map_1] perf_8g_10_200_13_1783931291975 enter map 1 unit 1011
[map_1] perf_8g_10_200_14_1783931291975 enter map 1 unit 1012
[map_1] perf_8g_10_200_7_1783931291975 enter map 1 unit 1013
[map_1] perf_8g_10_200_15_1783931291975 enter map 1 unit 1014
[map_1] perf_8g_10_200_11_1783931291975 enter map 1 unit 1015
[map_1] perf_8g_10_200_16_1783931292001 enter map 1 unit 1016
[map_1] perf_8g_10_200_17_1783931292002 enter map 1 unit 1017
[map_1] perf_8g_10_200_18_1783931292005 enter map 1 unit 1018
[map_1] perf_8g_10_200_19_1783931292005 enter map 1 unit 1019
[map_1] perf_8g_10_200_20_1783931292008 enter map 1 unit 1020
[map_1] perf_8g_10_200_23_1783931292009 enter map 1 unit 1021
[map_1] perf_8g_10_200_21_1783931292008 enter map 1 unit 1022
[map_1] perf_8g_10_200_22_1783931292009 enter map 1 unit 1023
[map_1] perf_8g_10_200_25_1783931292009 enter map 1 unit 1024
[map_1] perf_8g_10_200_26_1783931292010 enter map 1 unit 1025
[map_1] perf_8g_10_200_24_1783931292009 enter map 1 unit 1026
[map_1] perf_8g_10_200_27_1783931292010 enter map 1 unit 1027
[map_1] perf_8g_10_200_28_1783931292010 enter map 1 unit 1028
[map_1] perf_8g_10_200_32_1783931292011 enter map 1 unit 1029
[map_1] perf_8g_10_200_29_1783931292010 enter map 1 unit 1030
[map_1] perf_8g_10_200_31_1783931292011 enter map 1 unit 1031
[map_1] perf_8g_10_200_30_1783931292011 enter map 1 unit 1032
[map_1] perf_8g_10_200_33_1783931292013 enter map 1 unit 1033
[map_1] perf_8g_10_200_35_1783931292017 enter map 1 unit 1035
[map_1] perf_8g_10_200_34_1783931292015 enter map 1 unit 1034
[map_1] perf_8g_10_200_36_1783931292023 enter map 1 unit 1036
[map_1] perf_8g_10_200_37_1783931292027 enter map 1 unit 1037
[map_1] perf_8g_10_200_38_1783931292028 enter map 1 unit 1038
[map_1] perf_8g_10_200_40_1783931292029 enter map 1 unit 1039
[map_1] perf_8g_10_200_39_1783931292029 enter map 1 unit 1040
[map_1] perf_8g_10_200_42_1783931292030 enter map 1 unit 1041
[map_1] perf_8g_10_200_41_1783931292030 enter map 1 unit 1042
[map_1] perf_8g_10_200_43_1783931292032 enter map 1 unit 1043
[map_1] perf_8g_10_200_44_1783931292033 enter map 1 unit 1044
[map_1] perf_8g_10_200_45_1783931292033 enter map 1 unit 1045
[map_1] perf_8g_10_200_46_1783931292033 enter map 1 unit 1046
[map_1] perf_8g_10_200_49_1783931292034 enter map 1 unit 1050
[map_1] perf_8g_10_200_50_1783931292034 enter map 1 unit 1049
[map_1] perf_8g_10_200_47_1783931292033 enter map 1 unit 1047
[map_1] perf_8g_10_200_48_1783931292034 enter map 1 unit 1048
[map_1] perf_8g_10_200_52_1783931292035 enter map 1 unit 1051
[map_1] perf_8g_10_200_51_1783931292034 enter map 1 unit 1052
[map_1] perf_8g_10_200_53_1783931292036 enter map 1 unit 1053
[map_1] perf_8g_10_200_54_1783931292044 enter map 1 unit 1054
[map_1] perf_8g_10_200_56_1783931292045 enter map 1 unit 1055
[map_1] perf_8g_10_200_58_1783931292046 enter map 1 unit 1056
[map_1] perf_8g_10_200_55_1783931292045 enter map 1 unit 1057
[map_1] perf_8g_10_200_57_1783931292046 enter map 1 unit 1058
[map_1] perf_8g_10_200_59_1783931292049 enter map 1 unit 1059
[map_1] perf_8g_10_200_60_1783931292053 enter map 1 unit 1060
[map_1] perf_8g_10_200_61_1783931292054 enter map 1 unit 1061
[map_1] perf_8g_10_200_62_1783931292055 enter map 1 unit 1062
[map_1] perf_8g_10_200_63_1783931292056 enter map 1 unit 1063
[map_1] perf_8g_10_200_66_1783931292058 enter map 1 unit 1066
[map_1] perf_8g_10_200_65_1783931292057 enter map 1 unit 1065
[map_1] perf_8g_10_200_64_1783931292057 enter map 1 unit 1064
[map_1] perf_8g_10_200_67_1783931292058 enter map 1 unit 1067
[map_1] perf_8g_10_200_69_1783931292060 enter map 1 unit 1070
[map_1] perf_8g_10_200_68_1783931292059 enter map 1 unit 1068
[map_1] perf_8g_10_200_70_1783931292060 enter map 1 unit 1069
[map_1] perf_8g_10_200_74_1783931292063 enter map 1 unit 1071
[map_1] perf_8g_10_200_71_1783931292061 enter map 1 unit 1074
[map_1] perf_8g_10_200_73_1783931292063 enter map 1 unit 1072
[map_1] perf_8g_10_200_72_1783931292062 enter map 1 unit 1073
[map_1] perf_8g_10_200_78_1783931292075 enter map 1 unit 1075
[map_1] perf_8g_10_200_76_1783931292073 enter map 1 unit 1076
[map_1] perf_8g_10_200_75_1783931292063 enter map 1 unit 1078
[map_1] perf_8g_10_200_77_1783931292074 enter map 1 unit 1077
[map_1] perf_8g_10_200_81_1783931292079 enter map 1 unit 1079
[map_1] perf_8g_10_200_80_1783931292079 enter map 1 unit 1082
[map_1] perf_8g_10_200_82_1783931292079 enter map 1 unit 1080
[map_1] perf_8g_10_200_79_1783931292077 enter map 1 unit 1081
[map_1] perf_8g_10_200_83_1783931292084 enter map 1 unit 1083
[map_1] perf_8g_10_200_86_1783931292086 enter map 1 unit 1086
[map_1] perf_8g_10_200_84_1783931292085 enter map 1 unit 1084
[map_1] perf_8g_10_200_85_1783931292085 enter map 1 unit 1085
[map_1] perf_8g_10_200_87_1783931292089 enter map 1 unit 1087
[map_1] perf_8g_10_200_88_1783931292089 enter map 1 unit 1088
[map_1] perf_8g_10_200_90_1783931292090 enter map 1 unit 1090
[map_1] perf_8g_10_200_89_1783931292090 enter map 1 unit 1089
[map_1] perf_8g_10_200_93_1783931292096 enter map 1 unit 1091
[map_1] perf_8g_10_200_94_1783931292097 enter map 1 unit 1094
[map_1] perf_8g_10_200_91_1783931292091 enter map 1 unit 1092
[map_1] perf_8g_10_200_92_1783931292096 enter map 1 unit 1093
[map_1] perf_8g_10_200_95_1783931292101 enter map 1 unit 1095
[map_1] perf_8g_10_200_96_1783931292102 enter map 1 unit 1096
[map_1] perf_8g_10_200_98_1783931292103 enter map 1 unit 1098
[map_1] perf_8g_10_200_97_1783931292102 enter map 1 unit 1097
[map_1] perf_8g_10_200_99_1783931292110 enter map 1 unit 1099
[map_1] perf_8g_10_200_100_1783931292110 enter map 1 unit 1100
[map_1] perf_8g_10_200_103_1783931292113 enter map 1 unit 1103
[map_1] perf_8g_10_200_101_1783931292111 enter map 1 unit 1101
[map_1] perf_8g_10_200_102_1783931292111 enter map 1 unit 1102
[map_1] perf_8g_10_200_104_1783931292119 enter map 1 unit 1104
[map_1] perf_8g_10_200_105_1783931292119 enter map 1 unit 1105
[map_1] perf_8g_10_200_106_1783931292120 enter map 1 unit 1106
[map_1] perf_8g_10_200_107_1783931292125 enter map 1 unit 1107
[map_1] perf_8g_10_200_108_1783931292126 enter map 1 unit 1108
[map_1] perf_8g_10_200_109_1783931292127 enter map 1 unit 1109
[map_1] perf_8g_10_200_111_1783931292129 enter map 1 unit 1111
[map_1] perf_8g_10_200_110_1783931292128 enter map 1 unit 1110
[map_1] perf_8g_10_200_112_1783931292131 enter map 1 unit 1112
[map_1] perf_8g_10_200_113_1783931292132 enter map 1 unit 1114
[map_1] perf_8g_10_200_114_1783931292133 enter map 1 unit 1113
[map_1] perf_8g_10_200_115_1783931292138 enter map 1 unit 1115
[map_1] perf_8g_10_200_116_1783931292144 enter map 1 unit 1116
[map_1] perf_8g_10_200_117_1783931292145 enter map 1 unit 1117
[map_1] perf_8g_10_200_119_1783931292146 enter map 1 unit 1119
[map_1] perf_8g_10_200_118_1783931292145 enter map 1 unit 1118
[map_1] perf_8g_10_200_120_1783931292149 enter map 1 unit 1120
[map_1] perf_8g_10_200_123_1783931292157 enter map 1 unit 1123
[map_1] perf_8g_10_200_121_1783931292152 enter map 1 unit 1121
[map_1] perf_8g_10_200_122_1783931292153 enter map 1 unit 1122
[map_1] perf_8g_10_200_124_1783931292157 enter map 1 unit 1124
[map_1] perf_8g_10_200_125_1783931292160 enter map 1 unit 1125
[map_1] perf_8g_10_200_127_1783931292162 enter map 1 unit 1127
[map_1] perf_8g_10_200_126_1783931292161 enter map 1 unit 1126
[map_1] perf_8g_10_200_130_1783931292170 enter map 1 unit 1128
[map_1] perf_8g_10_200_131_1783931292172 enter map 1 unit 1131
[map_1] perf_8g_10_200_129_1783931292169 enter map 1 unit 1129
[map_1] perf_8g_10_200_128_1783931292169 enter map 1 unit 1130
[map_1] perf_8g_10_200_132_1783931292176 enter map 1 unit 1132
[map_1] perf_8g_10_200_135_1783931292184 enter map 1 unit 1135
[map_1] perf_8g_10_200_133_1783931292183 enter map 1 unit 1133
[map_1] perf_8g_10_200_134_1783931292184 enter map 1 unit 1134
[map_1] perf_8g_10_200_137_1783931292191 enter map 1 unit 1136
[map_1] perf_8g_10_200_139_1783931292192 enter map 1 unit 1139
[map_1] perf_8g_10_200_138_1783931292192 enter map 1 unit 1137
[map_1] perf_8g_10_200_136_1783931292191 enter map 1 unit 1138
[map_1] perf_8g_10_200_143_1783931292203 enter map 1 unit 1140
[map_1] perf_8g_10_200_140_1783931292195 enter map 1 unit 1143
[map_1] perf_8g_10_200_141_1783931292201 enter map 1 unit 1141
[map_1] perf_8g_10_200_142_1783931292202 enter map 1 unit 1142
[map_1] perf_8g_10_200_145_1783931292212 enter map 1 unit 1144
[map_1] perf_8g_10_200_147_1783931292213 enter map 1 unit 1147
[map_1] perf_8g_10_200_144_1783931292211 enter map 1 unit 1145
[map_1] perf_8g_10_200_146_1783931292212 enter map 1 unit 1146
[map_1] perf_8g_10_200_151_1783931292223 enter map 1 unit 1148
[map_1] perf_8g_10_200_148_1783931292221 enter map 1 unit 1151
[map_1] perf_8g_10_200_150_1783931292222 enter map 1 unit 1149
[map_1] perf_8g_10_200_149_1783931292222 enter map 1 unit 1150
[map_1] perf_8g_10_200_153_1783931292229 enter map 1 unit 1152
[map_1] perf_8g_10_200_152_1783931292229 enter map 1 unit 1155
[map_1] perf_8g_10_200_154_1783931292230 enter map 1 unit 1153
[map_1] perf_8g_10_200_155_1783931292231 enter map 1 unit 1154
[map_1] perf_8g_10_200_156_1783931292239 enter map 1 unit 1156
[map_1] perf_8g_10_200_159_1783931292242 enter map 1 unit 1159
[map_1] perf_8g_10_200_158_1783931292241 enter map 1 unit 1157
[map_1] perf_8g_10_200_157_1783931292240 enter map 1 unit 1158
[map_1] perf_8g_10_200_163_1783931292251 enter map 1 unit 1160
[map_1] perf_8g_10_200_161_1783931292249 enter map 1 unit 1163
[map_1] perf_8g_10_200_160_1783931292248 enter map 1 unit 1161
[map_1] perf_8g_10_200_162_1783931292250 enter map 1 unit 1162
[map_1] perf_8g_10_200_165_1783931292259 enter map 1 unit 1164
[map_1] perf_8g_10_200_166_1783931292260 enter map 1 unit 1167
[map_1] perf_8g_10_200_167_1783931292261 enter map 1 unit 1165
[map_1] perf_8g_10_200_164_1783931292258 enter map 1 unit 1166
[map_1] perf_8g_10_200_169_1783931292269 enter map 1 unit 1168
[map_1] perf_8g_10_200_168_1783931292268 enter map 1 unit 1171
[map_1] perf_8g_10_200_170_1783931292270 enter map 1 unit 1169
[map_1] perf_8g_10_200_171_1783931292271 enter map 1 unit 1170
[map_1] perf_8g_10_200_174_1783931292280 enter map 1 unit 1172
[map_1] perf_8g_10_200_173_1783931292279 enter map 1 unit 1175
[map_1] perf_8g_10_200_172_1783931292277 enter map 1 unit 1173
[map_1] perf_8g_10_200_175_1783931292281 enter map 1 unit 1174
[map_1] perf_8g_10_200_176_1783931292289 enter map 1 unit 1176
[map_1] perf_8g_10_200_179_1783931292292 enter map 1 unit 1179
[map_1] perf_8g_10_200_177_1783931292290 enter map 1 unit 1177
[map_1] perf_8g_10_200_178_1783931292291 enter map 1 unit 1178
[map_1] perf_8g_10_200_180_1783931292299 enter map 1 unit 1180
[map_1] perf_8g_10_200_182_1783931292301 enter map 1 unit 1183
[map_1] perf_8g_10_200_183_1783931292302 enter map 1 unit 1181
[map_1] perf_8g_10_200_181_1783931292300 enter map 1 unit 1182
[map_1] perf_8g_10_200_184_1783931292309 enter map 1 unit 1184
[map_1] perf_8g_10_200_186_1783931292311 enter map 1 unit 1187
[map_1] perf_8g_10_200_187_1783931292312 enter map 1 unit 1185
[map_1] perf_8g_10_200_185_1783931292310 enter map 1 unit 1186
[map_1] perf_8g_10_200_188_1783931292321 enter map 1 unit 1188
[map_1] perf_8g_10_200_190_1783931292323 enter map 1 unit 1191
[map_1] perf_8g_10_200_191_1783931292324 enter map 1 unit 1189
[map_1] perf_8g_10_200_189_1783931292322 enter map 1 unit 1190
[map_1] perf_8g_10_200_195_1783931292337 enter map 1 unit 1192
[map_1] perf_8g_10_200_192_1783931292334 enter map 1 unit 1195
[map_1] perf_8g_10_200_193_1783931292335 enter map 1 unit 1193
[map_1] perf_8g_10_200_194_1783931292336 enter map 1 unit 1194
[map_1] perf_8g_10_200_199_1783931292351 enter map 1 unit 1196
[map_1] perf_8g_10_200_197_1783931292349 enter map 1 unit 1199
[map_1] perf_8g_10_200_196_1783931292348 enter map 1 unit 1197
[map_1] perf_8g_10_200_198_1783931292350 enter map 1 unit 1198
[metrics:inner_transport] active=8 opened=8 pending=0 max_pending=0 overloads=0 timeouts=0 disconnected_calls=0 late_responses=0 idle_closes=0
[process-metrics] process=map1 cpu_percent=127.24 cpu_time_ms=6484 rss_bytes=125345792 v8_heap_used_bytes=13479696 v8_heap_total_bytes=78913536 v8_gc_count=127 v8_gc_ms=84.801 timestamp_ms=1783931296813
[metrics:map1] scene=map_1 type=MapHost processed=10000 failed=0 ts_queue=0 ts_max_queue=173 rust_queue=131 rust_max_queue=173 backpressure=0 slow_disconnects=0 update_ms=0.00 handler_ms=2.00 max_handler_ms=52.00 total_handler_ms=109945.00
[metrics:inner_transport] active=8 opened=8 pending=0 max_pending=0 overloads=0 timeouts=0 disconnected_calls=0 late_responses=0 idle_closes=0
[process-metrics] process=map1 cpu_percent=109.93 cpu_time_ms=11984 rss_bytes=127172608 v8_heap_used_bytes=9995432 v8_heap_total_bytes=78913536 v8_gc_count=227 v8_gc_ms=167.562 timestamp_ms=1783931301816
[metrics:map1] scene=map_1 type=MapHost processed=21000 failed=0 ts_queue=0 ts_max_queue=173 rust_queue=154 rust_max_queue=173 backpressure=0 slow_disconnects=0 update_ms=0.00 handler_ms=13.00 max_handler_ms=52.00 total_handler_ms=241016.00
[metrics:inner_transport] active=8 opened=8 pending=0 max_pending=0 overloads=0 timeouts=0 disconnected_calls=0 late_responses=0 idle_closes=0
[process-metrics] process=map1 cpu_percent=123.43 cpu_time_ms=18156 rss_bytes=125108224 v8_heap_used_bytes=15261120 v8_heap_total_bytes=78913536 v8_gc_count=327 v8_gc_ms=251.013 timestamp_ms=1783931306816
[metrics:map1] scene=map_1 type=MapHost processed=32001 failed=0 ts_queue=0 ts_max_queue=179 rust_queue=155 rust_max_queue=179 backpressure=0 slow_disconnects=0 update_ms=1.00 handler_ms=1.00 max_handler_ms=68.00 total_handler_ms=375667.00
[metrics:inner_transport] active=8 opened=8 pending=0 max_pending=0 overloads=0 timeouts=0 disconnected_calls=0 late_responses=0 idle_closes=0
[process-metrics] process=map1 cpu_percent=107.38 cpu_time_ms=23531 rss_bytes=125808640 v8_heap_used_bytes=8007272 v8_heap_total_bytes=80748544 v8_gc_count=432 v8_gc_ms=334.872 timestamp_ms=1783931311822
[metrics:map1] scene=map_1 type=MapHost processed=43004 failed=0 ts_queue=0 ts_max_queue=179 rust_queue=147 rust_max_queue=179 backpressure=0 slow_disconnects=0 update_ms=0.00 handler_ms=0.00 max_handler_ms=70.00 total_handler_ms=498673.00
[metrics:inner_transport] active=8 opened=8 pending=0 max_pending=0 overloads=0 timeouts=0 disconnected_calls=0 late_responses=0 idle_closes=0
[process-metrics] process=map1 cpu_percent=115.93 cpu_time_ms=29328 rss_bytes=126394368 v8_heap_used_bytes=26999024 v8_heap_total_bytes=80748544 v8_gc_count=532 v8_gc_ms=413.712 timestamp_ms=1783931316822
[metrics:map1] scene=map_1 type=MapHost processed=54054 failed=0 ts_queue=0 ts_max_queue=179 rust_queue=139 rust_max_queue=179 backpressure=0 slow_disconnects=0 update_ms=6.00 handler_ms=6.00 max_handler_ms=70.00 total_handler_ms=625051.00
[metrics:inner_transport] active=8 opened=8 pending=0 max_pending=0 overloads=0 timeouts=0 disconnected_calls=0 late_responses=0 idle_closes=0
[process-metrics] process=map1 cpu_percent=83.44 cpu_time_ms=33500 rss_bytes=126521344 v8_heap_used_bytes=19198856 v8_heap_total_bytes=80748544 v8_gc_count=633 v8_gc_ms=494.548 timestamp_ms=1783931321822
[metrics:map1] scene=map_1 type=MapHost processed=65024 failed=0 ts_queue=0 ts_max_queue=179 rust_queue=134 rust_max_queue=179 backpressure=0 slow_disconnects=0 update_ms=3.00 handler_ms=3.00 max_handler_ms=70.00 total_handler_ms=734159.00
[metrics:inner_transport] active=8 opened=8 pending=0 max_pending=0 overloads=0 timeouts=0 disconnected_calls=0 late_responses=0 idle_closes=0
[process-metrics] process=map1 cpu_percent=106.75 cpu_time_ms=38843 rss_bytes=127889408 v8_heap_used_bytes=13470440 v8_heap_total_bytes=80748544 v8_gc_count=735 v8_gc_ms=571.759 timestamp_ms=1783931326827
[metrics:map1] scene=map_1 type=MapHost processed=76094 failed=0 ts_queue=0 ts_max_queue=179 rust_queue=106 rust_max_queue=179 backpressure=0 slow_disconnects=0 update_ms=9.00 handler_ms=9.00 max_handler_ms=70.00 total_handler_ms=840982.00
[metrics:inner_transport] active=8 opened=8 pending=0 max_pending=0 overloads=0 timeouts=0 disconnected_calls=0 late_responses=0 idle_closes=0
[process-metrics] process=map1 cpu_percent=99.65 cpu_time_ms=43828 rss_bytes=126423040 v8_heap_used_bytes=12044240 v8_heap_total_bytes=79437824 v8_gc_count=837 v8_gc_ms=653.908 timestamp_ms=1783931331829
[metrics:map1] scene=map_1 type=MapHost processed=87117 failed=0 ts_queue=0 ts_max_queue=179 rust_queue=83 rust_max_queue=179 backpressure=0 slow_disconnects=0 update_ms=7.00 handler_ms=7.00 max_handler_ms=70.00 total_handler_ms=939327.00
[map_1] perf_8g_10_200_0_1783931291974 leave map 1 unit 1000
[map_1] perf_8g_10_200_10_1783931291975 leave map 1 unit 1010
[map_1] perf_8g_10_200_1_1783931291975 leave map 1 unit 1002
[map_1] perf_8g_10_200_7_1783931291975 leave map 1 unit 1013
[map_1] perf_8g_10_200_2_1783931291975 leave map 1 unit 1001
[map_1] perf_8g_10_200_9_1783931291975 leave map 1 unit 1008
[map_1] perf_8g_10_200_199_1783931292351 leave map 1 unit 1196
[map_1] perf_8g_10_200_198_1783931292350 leave map 1 unit 1198
[map_1] perf_8g_10_200_193_1783931292335 leave map 1 unit 1193
[map_1] perf_8g_10_200_196_1783931292348 leave map 1 unit 1197
[map_1] perf_8g_10_200_197_1783931292349 leave map 1 unit 1199
[map_1] perf_8g_10_200_195_1783931292337 leave map 1 unit 1192
[map_1] perf_8g_10_200_192_1783931292334 leave map 1 unit 1195
[map_1] perf_8g_10_200_194_1783931292336 leave map 1 unit 1194
[map_1] perf_8g_10_200_189_1783931292322 leave map 1 unit 1190
[map_1] perf_8g_10_200_184_1783931292309 leave map 1 unit 1184
[map_1] perf_8g_10_200_191_1783931292324 leave map 1 unit 1189
[map_1] perf_8g_10_200_190_1783931292323 leave map 1 unit 1191
[map_1] perf_8g_10_200_188_1783931292321 leave map 1 unit 1188
[map_1] perf_8g_10_200_187_1783931292312 leave map 1 unit 1185
[map_1] perf_8g_10_200_185_1783931292310 leave map 1 unit 1186
[map_1] perf_8g_10_200_186_1783931292311 leave map 1 unit 1187
[map_1] perf_8g_10_200_18_1783931292005 leave map 1 unit 1018
[map_1] perf_8g_10_200_183_1783931292302 leave map 1 unit 1181
[map_1] perf_8g_10_200_182_1783931292301 leave map 1 unit 1183
[map_1] perf_8g_10_200_181_1783931292300 leave map 1 unit 1182
[map_1] perf_8g_10_200_180_1783931292299 leave map 1 unit 1180
[map_1] perf_8g_10_200_179_1783931292292 leave map 1 unit 1179
[map_1] perf_8g_10_200_178_1783931292291 leave map 1 unit 1178
[map_1] perf_8g_10_200_177_1783931292290 leave map 1 unit 1177
[map_1] perf_8g_10_200_16_1783931292001 leave map 1 unit 1016
[map_1] perf_8g_10_200_176_1783931292289 leave map 1 unit 1176
[map_1] perf_8g_10_200_175_1783931292281 leave map 1 unit 1174
[map_1] perf_8g_10_200_174_1783931292280 leave map 1 unit 1172
[map_1] perf_8g_10_200_171_1783931292271 leave map 1 unit 1170
[map_1] perf_8g_10_200_170_1783931292270 leave map 1 unit 1169
[map_1] perf_8g_10_200_173_1783931292279 leave map 1 unit 1175
[map_1] perf_8g_10_200_172_1783931292277 leave map 1 unit 1173
[map_1] perf_8g_10_200_169_1783931292269 leave map 1 unit 1168
[map_1] perf_8g_10_200_168_1783931292268 leave map 1 unit 1171
[map_1] perf_8g_10_200_4_1783931291975 leave map 1 unit 1006
[map_1] perf_8g_10_200_167_1783931292261 leave map 1 unit 1165
[map_1] perf_8g_10_200_163_1783931292251 leave map 1 unit 1160
[map_1] perf_8g_10_200_166_1783931292260 leave map 1 unit 1167
[map_1] perf_8g_10_200_165_1783931292259 leave map 1 unit 1164
[map_1] perf_8g_10_200_3_1783931291975 leave map 1 unit 1003
[map_1] perf_8g_10_200_164_1783931292258 leave map 1 unit 1166
[map_1] perf_8g_10_200_162_1783931292250 leave map 1 unit 1162
[map_1] perf_8g_10_200_161_1783931292249 leave map 1 unit 1163
[map_1] perf_8g_10_200_159_1783931292242 leave map 1 unit 1159
[map_1] perf_8g_10_200_160_1783931292248 leave map 1 unit 1161
[map_1] perf_8g_10_200_157_1783931292240 leave map 1 unit 1158
[map_1] perf_8g_10_200_26_1783931292010 leave map 1 unit 1025
[map_1] perf_8g_10_200_158_1783931292241 leave map 1 unit 1157
[map_1] perf_8g_10_200_156_1783931292239 leave map 1 unit 1156
[map_1] perf_8g_10_200_154_1783931292230 leave map 1 unit 1153
[map_1] perf_8g_10_200_17_1783931292002 leave map 1 unit 1017
[map_1] perf_8g_10_200_155_1783931292231 leave map 1 unit 1154
[map_1] perf_8g_10_200_153_1783931292229 leave map 1 unit 1152
[map_1] perf_8g_10_200_152_1783931292229 leave map 1 unit 1155
[map_1] perf_8g_10_200_151_1783931292223 leave map 1 unit 1148
[map_1] perf_8g_10_200_150_1783931292222 leave map 1 unit 1149
[map_1] perf_8g_10_200_149_1783931292222 leave map 1 unit 1150
[map_1] perf_8g_10_200_24_1783931292009 leave map 1 unit 1026
[map_1] perf_8g_10_200_148_1783931292221 leave map 1 unit 1151
[map_1] perf_8g_10_200_147_1783931292213 leave map 1 unit 1147
[map_1] perf_8g_10_200_11_1783931291975 leave map 1 unit 1015
[map_1] perf_8g_10_200_146_1783931292212 leave map 1 unit 1146
[map_1] perf_8g_10_200_143_1783931292203 leave map 1 unit 1140
[map_1] perf_8g_10_200_145_1783931292212 leave map 1 unit 1144
[map_1] perf_8g_10_200_144_1783931292211 leave map 1 unit 1145
[map_1] perf_8g_10_200_141_1783931292201 leave map 1 unit 1141
[map_1] perf_8g_10_200_19_1783931292005 leave map 1 unit 1019
[map_1] perf_8g_10_200_142_1783931292202 leave map 1 unit 1142
[map_1] perf_8g_10_200_138_1783931292192 leave map 1 unit 1137
[map_1] perf_8g_10_200_31_1783931292011 leave map 1 unit 1031
[map_1] perf_8g_10_200_140_1783931292195 leave map 1 unit 1143
[map_1] perf_8g_10_200_137_1783931292191 leave map 1 unit 1136
[map_1] perf_8g_10_200_139_1783931292192 leave map 1 unit 1139
[map_1] perf_8g_10_200_136_1783931292191 leave map 1 unit 1138
[map_1] perf_8g_10_200_25_1783931292009 leave map 1 unit 1024
[map_1] perf_8g_10_200_134_1783931292184 leave map 1 unit 1134
[map_1] perf_8g_10_200_126_1783931292161 leave map 1 unit 1126
[map_1] perf_8g_10_200_12_1783931291975 leave map 1 unit 1009
[map_1] perf_8g_10_200_132_1783931292176 leave map 1 unit 1132
[map_1] perf_8g_10_200_133_1783931292183 leave map 1 unit 1133
[map_1] perf_8g_10_200_33_1783931292013 leave map 1 unit 1033
[map_1] perf_8g_10_200_128_1783931292169 leave map 1 unit 1130
[map_1] perf_8g_10_200_135_1783931292184 leave map 1 unit 1135
[map_1] perf_8g_10_200_130_1783931292170 leave map 1 unit 1128
[map_1] perf_8g_10_200_125_1783931292160 leave map 1 unit 1125
[map_1] perf_8g_10_200_20_1783931292008 leave map 1 unit 1020
[map_1] perf_8g_10_200_129_1783931292169 leave map 1 unit 1129
[map_1] perf_8g_10_200_27_1783931292010 leave map 1 unit 1027
[map_1] perf_8g_10_200_131_1783931292172 leave map 1 unit 1131
[map_1] perf_8g_10_200_124_1783931292157 leave map 1 unit 1124
[map_1] perf_8g_10_200_5_1783931291975 leave map 1 unit 1007
[map_1] perf_8g_10_200_117_1783931292145 leave map 1 unit 1117
[map_1] perf_8g_10_200_116_1783931292144 leave map 1 unit 1116
[map_1] perf_8g_10_200_127_1783931292162 leave map 1 unit 1127
[map_1] perf_8g_10_200_8_1783931291975 leave map 1 unit 1004
[map_1] perf_8g_10_200_123_1783931292157 leave map 1 unit 1123
[map_1] perf_8g_10_200_122_1783931292153 leave map 1 unit 1122
[map_1] perf_8g_10_200_34_1783931292015 leave map 1 unit 1034
[map_1] perf_8g_10_200_121_1783931292152 leave map 1 unit 1121
[map_1] perf_8g_10_200_119_1783931292146 leave map 1 unit 1119
[map_1] perf_8g_10_200_118_1783931292145 leave map 1 unit 1118
[map_1] perf_8g_10_200_6_1783931291975 leave map 1 unit 1005
[map_1] perf_8g_10_200_120_1783931292149 leave map 1 unit 1120
[map_1] perf_8g_10_200_115_1783931292138 leave map 1 unit 1115
[map_1] perf_8g_10_200_35_1783931292017 leave map 1 unit 1035
[map_1] perf_8g_10_200_114_1783931292133 leave map 1 unit 1113
[map_1] perf_8g_10_200_13_1783931291975 leave map 1 unit 1011
[map_1] perf_8g_10_200_112_1783931292131 leave map 1 unit 1112
[map_1] perf_8g_10_200_113_1783931292132 leave map 1 unit 1114
[map_1] perf_8g_10_200_111_1783931292129 leave map 1 unit 1111
[map_1] perf_8g_10_200_28_1783931292010 leave map 1 unit 1028
[map_1] perf_8g_10_200_107_1783931292125 leave map 1 unit 1107
[map_1] perf_8g_10_200_110_1783931292128 leave map 1 unit 1110
[map_1] perf_8g_10_200_41_1783931292030 leave map 1 unit 1042
[map_1] perf_8g_10_200_109_1783931292127 leave map 1 unit 1109
[map_1] perf_8g_10_200_43_1783931292032 leave map 1 unit 1043
[map_1] perf_8g_10_200_108_1783931292126 leave map 1 unit 1108
[map_1] perf_8g_10_200_104_1783931292119 leave map 1 unit 1104
[map_1] perf_8g_10_200_99_1783931292110 leave map 1 unit 1099
[map_1] perf_8g_10_200_14_1783931291975 leave map 1 unit 1012
[map_1] perf_8g_10_200_106_1783931292120 leave map 1 unit 1106
[map_1] perf_8g_10_200_40_1783931292029 leave map 1 unit 1039
[map_1] perf_8g_10_200_105_1783931292119 leave map 1 unit 1105
[map_1] perf_8g_10_200_21_1783931292008 leave map 1 unit 1022
[map_1] perf_8g_10_200_101_1783931292111 leave map 1 unit 1101
[map_1] perf_8g_10_200_103_1783931292113 leave map 1 unit 1103
[map_1] perf_8g_10_200_48_1783931292034 leave map 1 unit 1048
[map_1] perf_8g_10_200_98_1783931292103 leave map 1 unit 1098
[map_1] perf_8g_10_200_102_1783931292111 leave map 1 unit 1102
[map_1] perf_8g_10_200_15_1783931291975 leave map 1 unit 1014
[map_1] perf_8g_10_200_100_1783931292110 leave map 1 unit 1100
[map_1] perf_8g_10_200_97_1783931292102 leave map 1 unit 1097
[map_1] perf_8g_10_200_36_1783931292023 leave map 1 unit 1036
[map_1] perf_8g_10_200_96_1783931292102 leave map 1 unit 1096
[map_1] perf_8g_10_200_44_1783931292033 leave map 1 unit 1044
[map_1] perf_8g_10_200_94_1783931292097 leave map 1 unit 1094
[map_1] perf_8g_10_200_29_1783931292010 leave map 1 unit 1030
[map_1] perf_8g_10_200_93_1783931292096 leave map 1 unit 1091
[map_1] perf_8g_10_200_95_1783931292101 leave map 1 unit 1095
[map_1] perf_8g_10_200_91_1783931292091 leave map 1 unit 1092
[map_1] perf_8g_10_200_22_1783931292009 leave map 1 unit 1023
[map_1] perf_8g_10_200_92_1783931292096 leave map 1 unit 1093
[map_1] perf_8g_10_200_23_1783931292009 leave map 1 unit 1021
[map_1] perf_8g_10_200_90_1783931292090 leave map 1 unit 1090
[map_1] perf_8g_10_200_42_1783931292030 leave map 1 unit 1041
[map_1] perf_8g_10_200_89_1783931292090 leave map 1 unit 1089
[map_1] perf_8g_10_200_49_1783931292034 leave map 1 unit 1050
[map_1] perf_8g_10_200_85_1783931292085 leave map 1 unit 1085
[map_1] perf_8g_10_200_86_1783931292086 leave map 1 unit 1086
[map_1] perf_8g_10_200_37_1783931292027 leave map 1 unit 1037
[map_1] perf_8g_10_200_87_1783931292089 leave map 1 unit 1087
[map_1] perf_8g_10_200_52_1783931292035 leave map 1 unit 1051
[map_1] perf_8g_10_200_88_1783931292089 leave map 1 unit 1088
[map_1] perf_8g_10_200_84_1783931292085 leave map 1 unit 1084
[map_1] perf_8g_10_200_51_1783931292034 leave map 1 unit 1052
[map_1] perf_8g_10_200_83_1783931292084 leave map 1 unit 1083
[map_1] perf_8g_10_200_45_1783931292033 leave map 1 unit 1045
[map_1] perf_8g_10_200_81_1783931292079 leave map 1 unit 1079
[map_1] perf_8g_10_200_30_1783931292011 leave map 1 unit 1032
[map_1] perf_8g_10_200_82_1783931292079 leave map 1 unit 1080
[map_1] perf_8g_10_200_80_1783931292079 leave map 1 unit 1082
[map_1] perf_8g_10_200_32_1783931292011 leave map 1 unit 1029
[map_1] perf_8g_10_200_79_1783931292077 leave map 1 unit 1081
[map_1] perf_8g_10_200_50_1783931292034 leave map 1 unit 1049
[map_1] perf_8g_10_200_76_1783931292073 leave map 1 unit 1076
[map_1] perf_8g_10_200_38_1783931292028 leave map 1 unit 1038
[map_1] perf_8g_10_200_77_1783931292074 leave map 1 unit 1077
[map_1] perf_8g_10_200_53_1783931292036 leave map 1 unit 1053
[map_1] perf_8g_10_200_78_1783931292075 leave map 1 unit 1075
[map_1] perf_8g_10_200_55_1783931292045 leave map 1 unit 1057
[map_1] perf_8g_10_200_75_1783931292063 leave map 1 unit 1078
[map_1] perf_8g_10_200_39_1783931292029 leave map 1 unit 1040
[map_1] perf_8g_10_200_74_1783931292063 leave map 1 unit 1071
[map_1] perf_8g_10_200_57_1783931292046 leave map 1 unit 1058
[map_1] perf_8g_10_200_72_1783931292062 leave map 1 unit 1073
[map_1] perf_8g_10_200_73_1783931292063 leave map 1 unit 1072
[map_1] perf_8g_10_200_58_1783931292046 leave map 1 unit 1056
[map_1] perf_8g_10_200_71_1783931292061 leave map 1 unit 1074
[map_1] perf_8g_10_200_46_1783931292033 leave map 1 unit 1046
[map_1] perf_8g_10_200_68_1783931292059 leave map 1 unit 1068
[map_1] perf_8g_10_200_59_1783931292049 leave map 1 unit 1059
[map_1] perf_8g_10_200_65_1783931292057 leave map 1 unit 1065
[map_1] perf_8g_10_200_47_1783931292033 leave map 1 unit 1047
[map_1] perf_8g_10_200_69_1783931292060 leave map 1 unit 1070
[map_1] perf_8g_10_200_60_1783931292053 leave map 1 unit 1060
[map_1] perf_8g_10_200_70_1783931292060 leave map 1 unit 1069
[map_1] perf_8g_10_200_54_1783931292044 leave map 1 unit 1054
[map_1] perf_8g_10_200_67_1783931292058 leave map 1 unit 1067
[map_1] perf_8g_10_200_61_1783931292054 leave map 1 unit 1061
[map_1] perf_8g_10_200_63_1783931292056 leave map 1 unit 1063
[map_1] perf_8g_10_200_56_1783931292045 leave map 1 unit 1055
[map_1] perf_8g_10_200_64_1783931292057 leave map 1 unit 1064
[map_1] perf_8g_10_200_62_1783931292055 leave map 1 unit 1062
[map_1] perf_8g_10_200_66_1783931292058 leave map 1 unit 1066
