starting process map1 with one V8 and 1 scene(s) from E:\VsCode\skynet\ets_runtime\perf\results\runtime_configs\map_capacity_20260713_082359\200p_8g_r2\map1.json
scene map_1 (MapHost) listening on 127.0.0.1:7301
[process:map1] one V8 started with 1 scene(s)
[map_1] MapHost scene started at 127.0.0.1:7301
map_1 accepted 127.0.0.1:54880 as conn 1
map_1 accepted 127.0.0.1:54941 as conn 2
map_1 accepted 127.0.0.1:54942 as conn 3
map_1 accepted 127.0.0.1:54943 as conn 4
map_1 accepted 127.0.0.1:54944 as conn 5
map_1 accepted 127.0.0.1:54945 as conn 6
[map_1] perf_8g_10_200_0_1783931334059 enter map 1 unit 1000
map_1 accepted 127.0.0.1:54946 as conn 7
map_1 accepted 127.0.0.1:54947 as conn 8
map_1 accepted 127.0.0.1:54948 as conn 9
[map_1] perf_8g_10_200_1_1783931334060 enter map 1 unit 1001
[map_1] perf_8g_10_200_4_1783931334060 enter map 1 unit 1002
[map_1] perf_8g_10_200_5_1783931334060 enter map 1 unit 1003
[map_1] perf_8g_10_200_2_1783931334060 enter map 1 unit 1004
[map_1] perf_8g_10_200_9_1783931334060 enter map 1 unit 1005
[map_1] perf_8g_10_200_6_1783931334060 enter map 1 unit 1006
[map_1] perf_8g_10_200_3_1783931334060 enter map 1 unit 1007
[map_1] perf_8g_10_200_7_1783931334060 enter map 1 unit 1008
[map_1] perf_8g_10_200_14_1783931334060 enter map 1 unit 1009
[map_1] perf_8g_10_200_12_1783931334060 enter map 1 unit 1010
[map_1] perf_8g_10_200_15_1783931334060 enter map 1 unit 1011
[map_1] perf_8g_10_200_11_1783931334060 enter map 1 unit 1012
[map_1] perf_8g_10_200_13_1783931334060 enter map 1 unit 1013
[map_1] perf_8g_10_200_8_1783931334060 enter map 1 unit 1014
[map_1] perf_8g_10_200_10_1783931334060 enter map 1 unit 1015
[map_1] perf_8g_10_200_16_1783931334085 enter map 1 unit 1016
[map_1] perf_8g_10_200_17_1783931334087 enter map 1 unit 1017
[map_1] perf_8g_10_200_18_1783931334090 enter map 1 unit 1018
[map_1] perf_8g_10_200_20_1783931334090 enter map 1 unit 1019
[map_1] perf_8g_10_200_21_1783931334091 enter map 1 unit 1020
[map_1] perf_8g_10_200_19_1783931334090 enter map 1 unit 1021
[map_1] perf_8g_10_200_22_1783931334091 enter map 1 unit 1022
[map_1] perf_8g_10_200_23_1783931334092 enter map 1 unit 1023
[map_1] perf_8g_10_200_25_1783931334092 enter map 1 unit 1024
[map_1] perf_8g_10_200_24_1783931334092 enter map 1 unit 1025
[map_1] perf_8g_10_200_26_1783931334093 enter map 1 unit 1026
[map_1] perf_8g_10_200_27_1783931334093 enter map 1 unit 1027
[map_1] perf_8g_10_200_28_1783931334094 enter map 1 unit 1028
[map_1] perf_8g_10_200_30_1783931334094 enter map 1 unit 1029
[map_1] perf_8g_10_200_29_1783931334094 enter map 1 unit 1030
[map_1] perf_8g_10_200_32_1783931334095 enter map 1 unit 1031
[map_1] perf_8g_10_200_31_1783931334094 enter map 1 unit 1032
[map_1] perf_8g_10_200_33_1783931334100 enter map 1 unit 1033
[map_1] perf_8g_10_200_34_1783931334105 enter map 1 unit 1034
[map_1] perf_8g_10_200_35_1783931334106 enter map 1 unit 1035
[map_1] perf_8g_10_200_36_1783931334107 enter map 1 unit 1036
[map_1] perf_8g_10_200_37_1783931334107 enter map 1 unit 1037
[map_1] perf_8g_10_200_38_1783931334108 enter map 1 unit 1038
[map_1] perf_8g_10_200_39_1783931334110 enter map 1 unit 1039
[map_1] perf_8g_10_200_40_1783931334111 enter map 1 unit 1040
[map_1] perf_8g_10_200_42_1783931334112 enter map 1 unit 1041
[map_1] perf_8g_10_200_41_1783931334112 enter map 1 unit 1042
[map_1] perf_8g_10_200_43_1783931334113 enter map 1 unit 1043
[map_1] perf_8g_10_200_44_1783931334114 enter map 1 unit 1044
[map_1] perf_8g_10_200_45_1783931334115 enter map 1 unit 1045
[map_1] perf_8g_10_200_46_1783931334116 enter map 1 unit 1046
[map_1] perf_8g_10_200_47_1783931334116 enter map 1 unit 1047
[map_1] perf_8g_10_200_48_1783931334116 enter map 1 unit 1048
[map_1] perf_8g_10_200_49_1783931334116 enter map 1 unit 1049
[map_1] perf_8g_10_200_50_1783931334123 enter map 1 unit 1050
[map_1] perf_8g_10_200_51_1783931334124 enter map 1 unit 1051
[map_1] perf_8g_10_200_52_1783931334125 enter map 1 unit 1052
[map_1] perf_8g_10_200_53_1783931334126 enter map 1 unit 1053
[map_1] perf_8g_10_200_54_1783931334127 enter map 1 unit 1054
[map_1] perf_8g_10_200_55_1783931334129 enter map 1 unit 1055
[map_1] perf_8g_10_200_56_1783931334132 enter map 1 unit 1056
[map_1] perf_8g_10_200_57_1783931334134 enter map 1 unit 1057
[map_1] perf_8g_10_200_58_1783931334134 enter map 1 unit 1058
[map_1] perf_8g_10_200_59_1783931334137 enter map 1 unit 1059
[map_1] perf_8g_10_200_60_1783931334137 enter map 1 unit 1060
[map_1] perf_8g_10_200_61_1783931334138 enter map 1 unit 1061
[map_1] perf_8g_10_200_62_1783931334139 enter map 1 unit 1062
[map_1] perf_8g_10_200_63_1783931334140 enter map 1 unit 1063
[map_1] perf_8g_10_200_65_1783931334141 enter map 1 unit 1065
[map_1] perf_8g_10_200_64_1783931334140 enter map 1 unit 1064
[map_1] perf_8g_10_200_66_1783931334147 enter map 1 unit 1066
[map_1] perf_8g_10_200_67_1783931334149 enter map 1 unit 1067
[map_1] perf_8g_10_200_68_1783931334149 enter map 1 unit 1068
[map_1] perf_8g_10_200_69_1783931334150 enter map 1 unit 1069
[map_1] perf_8g_10_200_70_1783931334153 enter map 1 unit 1070
[map_1] perf_8g_10_200_71_1783931334155 enter map 1 unit 1071
[map_1] perf_8g_10_200_72_1783931334157 enter map 1 unit 1072
[map_1] perf_8g_10_200_73_1783931334159 enter map 1 unit 1073
[map_1] perf_8g_10_200_74_1783931334160 enter map 1 unit 1074
[map_1] perf_8g_10_200_75_1783931334163 enter map 1 unit 1075
[map_1] perf_8g_10_200_76_1783931334165 enter map 1 unit 1076
[map_1] perf_8g_10_200_77_1783931334166 enter map 1 unit 1077
[map_1] perf_8g_10_200_78_1783931334166 enter map 1 unit 1078
[map_1] perf_8g_10_200_79_1783931334169 enter map 1 unit 1079
[map_1] perf_8g_10_200_80_1783931334169 enter map 1 unit 1080
[map_1] perf_8g_10_200_81_1783931334170 enter map 1 unit 1081
[map_1] perf_8g_10_200_82_1783931334174 enter map 1 unit 1082
[map_1] perf_8g_10_200_83_1783931334177 enter map 1 unit 1083
[map_1] perf_8g_10_200_84_1783931334179 enter map 1 unit 1084
[map_1] perf_8g_10_200_85_1783931334179 enter map 1 unit 1085
[map_1] perf_8g_10_200_86_1783931334181 enter map 1 unit 1086
[map_1] perf_8g_10_200_87_1783931334183 enter map 1 unit 1087
[map_1] perf_8g_10_200_88_1783931334186 enter map 1 unit 1088
[map_1] perf_8g_10_200_89_1783931334188 enter map 1 unit 1089
[map_1] perf_8g_10_200_90_1783931334190 enter map 1 unit 1090
[map_1] perf_8g_10_200_91_1783931334193 enter map 1 unit 1091
[map_1] perf_8g_10_200_92_1783931334195 enter map 1 unit 1092
[map_1] perf_8g_10_200_93_1783931334199 enter map 1 unit 1093
[map_1] perf_8g_10_200_94_1783931334201 enter map 1 unit 1094
[map_1] perf_8g_10_200_95_1783931334202 enter map 1 unit 1095
[map_1] perf_8g_10_200_96_1783931334203 enter map 1 unit 1096
[map_1] perf_8g_10_200_97_1783931334204 enter map 1 unit 1097
[map_1] perf_8g_10_200_98_1783931334207 enter map 1 unit 1098
[map_1] perf_8g_10_200_99_1783931334211 enter map 1 unit 1099
[map_1] perf_8g_10_200_100_1783931334214 enter map 1 unit 1100
[map_1] perf_8g_10_200_101_1783931334216 enter map 1 unit 1101
[map_1] perf_8g_10_200_102_1783931334217 enter map 1 unit 1102
[map_1] perf_8g_10_200_103_1783931334218 enter map 1 unit 1103
[map_1] perf_8g_10_200_104_1783931334221 enter map 1 unit 1104
[map_1] perf_8g_10_200_105_1783931334223 enter map 1 unit 1105
[map_1] perf_8g_10_200_106_1783931334225 enter map 1 unit 1106
[map_1] perf_8g_10_200_107_1783931334229 enter map 1 unit 1107
[map_1] perf_8g_10_200_108_1783931334230 enter map 1 unit 1108
[map_1] perf_8g_10_200_109_1783931334234 enter map 1 unit 1109
[map_1] perf_8g_10_200_110_1783931334237 enter map 1 unit 1110
[map_1] perf_8g_10_200_111_1783931334239 enter map 1 unit 1111
[map_1] perf_8g_10_200_112_1783931334240 enter map 1 unit 1112
[map_1] perf_8g_10_200_113_1783931334241 enter map 1 unit 1113
[map_1] perf_8g_10_200_114_1783931334244 enter map 1 unit 1114
[map_1] perf_8g_10_200_115_1783931334249 enter map 1 unit 1115
[map_1] perf_8g_10_200_116_1783931334252 enter map 1 unit 1116
[map_1] perf_8g_10_200_117_1783931334255 enter map 1 unit 1117
[map_1] perf_8g_10_200_118_1783931334256 enter map 1 unit 1118
[map_1] perf_8g_10_200_119_1783931334259 enter map 1 unit 1119
[map_1] perf_8g_10_200_120_1783931334265 enter map 1 unit 1120
[map_1] perf_8g_10_200_121_1783931334265 enter map 1 unit 1121
[map_1] perf_8g_10_200_122_1783931334268 enter map 1 unit 1122
[map_1] perf_8g_10_200_123_1783931334269 enter map 1 unit 1123
[map_1] perf_8g_10_200_124_1783931334272 enter map 1 unit 1124
[map_1] perf_8g_10_200_125_1783931334272 enter map 1 unit 1125
[map_1] perf_8g_10_200_126_1783931334277 enter map 1 unit 1126
[map_1] perf_8g_10_200_127_1783931334277 enter map 1 unit 1127
[map_1] perf_8g_10_200_128_1783931334281 enter map 1 unit 1128
[map_1] perf_8g_10_200_130_1783931334282 enter map 1 unit 1130
[map_1] perf_8g_10_200_129_1783931334281 enter map 1 unit 1129
[map_1] perf_8g_10_200_131_1783931334287 enter map 1 unit 1131
[map_1] perf_8g_10_200_135_1783931334296 enter map 1 unit 1135
[map_1] perf_8g_10_200_132_1783931334292 enter map 1 unit 1132
[map_1] perf_8g_10_200_134_1783931334294 enter map 1 unit 1134
[map_1] perf_8g_10_200_133_1783931334293 enter map 1 unit 1133
[map_1] perf_8g_10_200_136_1783931334302 enter map 1 unit 1136
[map_1] perf_8g_10_200_138_1783931334308 enter map 1 unit 1138
[map_1] perf_8g_10_200_137_1783931334305 enter map 1 unit 1137
[map_1] perf_8g_10_200_143_1783931334317 enter map 1 unit 1139
[map_1] perf_8g_10_200_139_1783931334309 enter map 1 unit 1143
[map_1] perf_8g_10_200_142_1783931334317 enter map 1 unit 1140
[map_1] perf_8g_10_200_140_1783931334313 enter map 1 unit 1142
[map_1] perf_8g_10_200_141_1783931334313 enter map 1 unit 1141
[map_1] perf_8g_10_200_144_1783931334323 enter map 1 unit 1144
[map_1] perf_8g_10_200_146_1783931334325 enter map 1 unit 1146
[map_1] perf_8g_10_200_145_1783931334324 enter map 1 unit 1145
[map_1] perf_8g_10_200_147_1783931334335 enter map 1 unit 1147
[map_1] perf_8g_10_200_150_1783931334338 enter map 1 unit 1151
[map_1] perf_8g_10_200_149_1783931334337 enter map 1 unit 1148
[map_1] perf_8g_10_200_151_1783931334339 enter map 1 unit 1150
[map_1] perf_8g_10_200_148_1783931334336 enter map 1 unit 1149
[map_1] perf_8g_10_200_154_1783931334345 enter map 1 unit 1152
[map_1] perf_8g_10_200_152_1783931334343 enter map 1 unit 1154
[map_1] perf_8g_10_200_153_1783931334344 enter map 1 unit 1153
[map_1] perf_8g_10_200_159_1783931334358 enter map 1 unit 1155
[map_1] perf_8g_10_200_155_1783931334354 enter map 1 unit 1159
[map_1] perf_8g_10_200_157_1783931334357 enter map 1 unit 1156
[map_1] perf_8g_10_200_158_1783931334358 enter map 1 unit 1158
[map_1] perf_8g_10_200_156_1783931334356 enter map 1 unit 1157
[map_1] perf_8g_10_200_161_1783931334363 enter map 1 unit 1160
[map_1] perf_8g_10_200_162_1783931334364 enter map 1 unit 1162
[map_1] perf_8g_10_200_160_1783931334362 enter map 1 unit 1161
[map_1] perf_8g_10_200_166_1783931334377 enter map 1 unit 1163
[map_1] perf_8g_10_200_167_1783931334378 enter map 1 unit 1167
[map_1] perf_8g_10_200_164_1783931334375 enter map 1 unit 1164
[map_1] perf_8g_10_200_165_1783931334376 enter map 1 unit 1166
[map_1] perf_8g_10_200_163_1783931334374 enter map 1 unit 1165
[map_1] perf_8g_10_200_169_1783931334382 enter map 1 unit 1168
[map_1] perf_8g_10_200_170_1783931334383 enter map 1 unit 1170
[map_1] perf_8g_10_200_168_1783931334381 enter map 1 unit 1169
[map_1] perf_8g_10_200_175_1783931334398 enter map 1 unit 1171
[map_1] perf_8g_10_200_172_1783931334395 enter map 1 unit 1175
[map_1] perf_8g_10_200_173_1783931334396 enter map 1 unit 1172
[map_1] perf_8g_10_200_174_1783931334397 enter map 1 unit 1174
[map_1] perf_8g_10_200_171_1783931334394 enter map 1 unit 1173
[map_1] perf_8g_10_200_178_1783931334407 enter map 1 unit 1176
[map_1] perf_8g_10_200_176_1783931334404 enter map 1 unit 1178
[map_1] perf_8g_10_200_177_1783931334405 enter map 1 unit 1177
[map_1] perf_8g_10_200_180_1783931334417 enter map 1 unit 1179
[map_1] perf_8g_10_200_181_1783931334418 enter map 1 unit 1183
[map_1] perf_8g_10_200_182_1783931334419 enter map 1 unit 1180
[map_1] perf_8g_10_200_183_1783931334420 enter map 1 unit 1182
[map_1] perf_8g_10_200_179_1783931334416 enter map 1 unit 1181
[map_1] perf_8g_10_200_185_1783931334426 enter map 1 unit 1184
[map_1] perf_8g_10_200_184_1783931334424 enter map 1 unit 1186
[map_1] perf_8g_10_200_186_1783931334427 enter map 1 unit 1185
[map_1] perf_8g_10_200_187_1783931334437 enter map 1 unit 1187
[map_1] perf_8g_10_200_188_1783931334439 enter map 1 unit 1191
[map_1] perf_8g_10_200_189_1783931334440 enter map 1 unit 1188
[map_1] perf_8g_10_200_190_1783931334441 enter map 1 unit 1190
[map_1] perf_8g_10_200_191_1783931334442 enter map 1 unit 1189
[map_1] perf_8g_10_200_192_1783931334446 enter map 1 unit 1192
[map_1] perf_8g_10_200_193_1783931334447 enter map 1 unit 1194
[map_1] perf_8g_10_200_194_1783931334450 enter map 1 unit 1193
[map_1] perf_8g_10_200_195_1783931334461 enter map 1 unit 1195
[map_1] perf_8g_10_200_196_1783931334462 enter map 1 unit 1199
[map_1] perf_8g_10_200_198_1783931334464 enter map 1 unit 1196
[map_1] perf_8g_10_200_199_1783931334465 enter map 1 unit 1198
[map_1] perf_8g_10_200_197_1783931334463 enter map 1 unit 1197
[metrics:inner_transport] active=8 opened=8 pending=0 max_pending=0 overloads=0 timeouts=0 disconnected_calls=0 late_responses=0 idle_closes=0
[process-metrics] process=map1 cpu_percent=141.19 cpu_time_ms=7171 rss_bytes=123265024 v8_heap_used_bytes=7512688 v8_heap_total_bytes=77602816 v8_gc_count=127 v8_gc_ms=79.202 timestamp_ms=1783931338837
[metrics:map1] scene=map_1 type=MapHost processed=9860 failed=0 ts_queue=0 ts_max_queue=177 rust_queue=140 rust_max_queue=177 backpressure=0 slow_disconnects=0 update_ms=6.00 handler_ms=6.00 max_handler_ms=64.00 total_handler_ms=115280.00
[metrics:inner_transport] active=8 opened=8 pending=0 max_pending=0 overloads=0 timeouts=0 disconnected_calls=0 late_responses=0 idle_closes=0
[process-metrics] process=map1 cpu_percent=107.03 cpu_time_ms=12531 rss_bytes=124248064 v8_heap_used_bytes=26975840 v8_heap_total_bytes=78389248 v8_gc_count=226 v8_gc_ms=155.595 timestamp_ms=1783931343845
[metrics:map1] scene=map_1 type=MapHost processed=20875 failed=0 ts_queue=0 ts_max_queue=177 rust_queue=125 rust_max_queue=177 backpressure=0 slow_disconnects=0 update_ms=8.00 handler_ms=8.00 max_handler_ms=64.00 total_handler_ms=225100.00
[metrics:inner_transport] active=8 opened=8 pending=0 max_pending=0 overloads=0 timeouts=0 disconnected_calls=0 late_responses=0 idle_closes=0
[process-metrics] process=map1 cpu_percent=123.73 cpu_time_ms=18734 rss_bytes=126906368 v8_heap_used_bytes=37033968 v8_heap_total_bytes=81797120 v8_gc_count=324 v8_gc_ms=225.623 timestamp_ms=1783931348858
[metrics:map1] scene=map_1 type=MapHost processed=31906 failed=0 ts_queue=0 ts_max_queue=177 rust_queue=94 rust_max_queue=177 backpressure=0 slow_disconnects=0 update_ms=15.00 handler_ms=15.00 max_handler_ms=64.00 total_handler_ms=329426.00
[metrics:inner_transport] active=8 opened=8 pending=0 max_pending=0 overloads=0 timeouts=0 disconnected_calls=0 late_responses=0 idle_closes=0
[process-metrics] process=map1 cpu_percent=99.61 cpu_time_ms=23718 rss_bytes=132546560 v8_heap_used_bytes=35091928 v8_heap_total_bytes=87564288 v8_gc_count=425 v8_gc_ms=299.228 timestamp_ms=1783931353862
[metrics:map1] scene=map_1 type=MapHost processed=43000 failed=0 ts_queue=0 ts_max_queue=177 rust_queue=0 rust_max_queue=177 backpressure=0 slow_disconnects=0 update_ms=16.00 handler_ms=16.00 max_handler_ms=72.00 total_handler_ms=456715.00
[metrics:inner_transport] active=8 opened=8 pending=0 max_pending=0 overloads=0 timeouts=0 disconnected_calls=0 late_responses=0 idle_closes=0
[process-metrics] process=map1 cpu_percent=92.02 cpu_time_ms=28328 rss_bytes=132055040 v8_heap_used_bytes=34320800 v8_heap_total_bytes=87564288 v8_gc_count=524 v8_gc_ms=370.657 timestamp_ms=1783931358872
[metrics:map1] scene=map_1 type=MapHost processed=54000 failed=0 ts_queue=0 ts_max_queue=177 rust_queue=0 rust_max_queue=177 backpressure=0 slow_disconnects=0 update_ms=12.00 handler_ms=12.00 max_handler_ms=72.00 total_handler_ms=561569.00
[metrics:inner_transport] active=8 opened=8 pending=0 max_pending=0 overloads=0 timeouts=0 disconnected_calls=0 late_responses=0 idle_closes=0
[process-metrics] process=map1 cpu_percent=85.32 cpu_time_ms=32640 rss_bytes=132878336 v8_heap_used_bytes=30553056 v8_heap_total_bytes=81534976 v8_gc_count=626 v8_gc_ms=449.259 timestamp_ms=1783931363926
[metrics:map1] scene=map_1 type=MapHost processed=65000 failed=0 ts_queue=0 ts_max_queue=177 rust_queue=113 rust_max_queue=177 backpressure=0 slow_disconnects=0 update_ms=0.00 handler_ms=15.00 max_handler_ms=72.00 total_handler_ms=661947.00
[metrics:inner_transport] active=8 opened=8 pending=0 max_pending=0 overloads=0 timeouts=0 disconnected_calls=0 late_responses=0 idle_closes=0
[process-metrics] process=map1 cpu_percent=96.54 cpu_time_ms=37468 rss_bytes=133201920 v8_heap_used_bytes=18688688 v8_heap_total_bytes=81534976 v8_gc_count=724 v8_gc_ms=512.028 timestamp_ms=1783931368927
[metrics:map1] scene=map_1 type=MapHost processed=76009 failed=0 ts_queue=0 ts_max_queue=177 rust_queue=174 rust_max_queue=177 backpressure=0 slow_disconnects=0 update_ms=2.00 handler_ms=2.00 max_handler_ms=72.00 total_handler_ms=743395.00
[metrics:inner_transport] active=8 opened=8 pending=0 max_pending=0 overloads=0 timeouts=0 disconnected_calls=0 late_responses=0 idle_closes=0
[process-metrics] process=map1 cpu_percent=108.42 cpu_time_ms=42890 rss_bytes=126734336 v8_heap_used_bytes=9088952 v8_heap_total_bytes=77602816 v8_gc_count=824 v8_gc_ms=590.340 timestamp_ms=1783931373929
[metrics:map1] scene=map_1 type=MapHost processed=87018 failed=0 ts_queue=0 ts_max_queue=177 rust_queue=162 rust_max_queue=177 backpressure=0 slow_disconnects=0 update_ms=3.00 handler_ms=2.00 max_handler_ms=72.00 total_handler_ms=847013.00
[map_1] perf_8g_10_200_0_1783931334059 leave map 1 unit 1000
[map_1] perf_8g_10_200_1_1783931334060 leave map 1 unit 1001
[map_1] perf_8g_10_200_19_1783931334090 leave map 1 unit 1021
[map_1] perf_8g_10_200_2_1783931334060 leave map 1 unit 1004
[map_1] perf_8g_10_200_20_1783931334090 leave map 1 unit 1019
[map_1] perf_8g_10_200_8_1783931334060 leave map 1 unit 1014
[map_1] perf_8g_10_200_17_1783931334087 leave map 1 unit 1017
[map_1] perf_8g_10_200_3_1783931334060 leave map 1 unit 1007
[map_1] perf_8g_10_200_18_1783931334090 leave map 1 unit 1018
[map_1] perf_8g_10_200_4_1783931334060 leave map 1 unit 1002
[map_1] perf_8g_10_200_16_1783931334085 leave map 1 unit 1016
[map_1] perf_8g_10_200_7_1783931334060 leave map 1 unit 1008
[map_1] perf_8g_10_200_15_1783931334060 leave map 1 unit 1011
[map_1] perf_8g_10_200_14_1783931334060 leave map 1 unit 1009
[map_1] perf_8g_10_200_10_1783931334060 leave map 1 unit 1015
[map_1] perf_8g_10_200_5_1783931334060 leave map 1 unit 1003
[map_1] perf_8g_10_200_13_1783931334060 leave map 1 unit 1013
[map_1] perf_8g_10_200_12_1783931334060 leave map 1 unit 1010
[map_1] perf_8g_10_200_6_1783931334060 leave map 1 unit 1006
[map_1] perf_8g_10_200_9_1783931334060 leave map 1 unit 1005
[map_1] perf_8g_10_200_11_1783931334060 leave map 1 unit 1012
[map_1] perf_8g_10_200_198_1783931334464 leave map 1 unit 1196
[map_1] perf_8g_10_200_199_1783931334465 leave map 1 unit 1198
[map_1] perf_8g_10_200_192_1783931334446 leave map 1 unit 1192
[map_1] perf_8g_10_200_191_1783931334442 leave map 1 unit 1189
[map_1] perf_8g_10_200_194_1783931334450 leave map 1 unit 1193
[map_1] perf_8g_10_200_183_1783931334420 leave map 1 unit 1182
[map_1] perf_8g_10_200_190_1783931334441 leave map 1 unit 1190
[map_1] perf_8g_10_200_186_1783931334427 leave map 1 unit 1185
[map_1] perf_8g_10_200_182_1783931334419 leave map 1 unit 1180
[map_1] perf_8g_10_200_193_1783931334447 leave map 1 unit 1194
[map_1] perf_8g_10_200_197_1783931334463 leave map 1 unit 1197
[map_1] perf_8g_10_200_196_1783931334462 leave map 1 unit 1199
[map_1] perf_8g_10_200_195_1783931334461 leave map 1 unit 1195
[map_1] perf_8g_10_200_185_1783931334426 leave map 1 unit 1184
[map_1] perf_8g_10_200_189_1783931334440 leave map 1 unit 1188
[map_1] perf_8g_10_200_188_1783931334439 leave map 1 unit 1191
[map_1] perf_8g_10_200_21_1783931334091 leave map 1 unit 1020
[map_1] perf_8g_10_200_187_1783931334437 leave map 1 unit 1187
[map_1] perf_8g_10_200_184_1783931334424 leave map 1 unit 1186
[map_1] perf_8g_10_200_175_1783931334398 leave map 1 unit 1171
[map_1] perf_8g_10_200_181_1783931334418 leave map 1 unit 1183
[map_1] perf_8g_10_200_178_1783931334407 leave map 1 unit 1176
[map_1] perf_8g_10_200_174_1783931334397 leave map 1 unit 1174
[map_1] perf_8g_10_200_176_1783931334404 leave map 1 unit 1178
[map_1] perf_8g_10_200_22_1783931334091 leave map 1 unit 1022
[map_1] perf_8g_10_200_180_1783931334417 leave map 1 unit 1179
[map_1] perf_8g_10_200_179_1783931334416 leave map 1 unit 1181
[map_1] perf_8g_10_200_169_1783931334382 leave map 1 unit 1168
[map_1] perf_8g_10_200_177_1783931334405 leave map 1 unit 1177
[map_1] perf_8g_10_200_167_1783931334378 leave map 1 unit 1167
[map_1] perf_8g_10_200_23_1783931334092 leave map 1 unit 1023
[map_1] perf_8g_10_200_159_1783931334358 leave map 1 unit 1155
[map_1] perf_8g_10_200_173_1783931334396 leave map 1 unit 1172
[map_1] perf_8g_10_200_172_1783931334395 leave map 1 unit 1175
[map_1] perf_8g_10_200_171_1783931334394 leave map 1 unit 1173
[map_1] perf_8g_10_200_161_1783931334363 leave map 1 unit 1160
[map_1] perf_8g_10_200_170_1783931334383 leave map 1 unit 1170
[map_1] perf_8g_10_200_162_1783931334364 leave map 1 unit 1162
[map_1] perf_8g_10_200_166_1783931334377 leave map 1 unit 1163
[map_1] perf_8g_10_200_24_1783931334092 leave map 1 unit 1025
[map_1] perf_8g_10_200_151_1783931334339 leave map 1 unit 1150
[map_1] perf_8g_10_200_153_1783931334344 leave map 1 unit 1153
[map_1] perf_8g_10_200_164_1783931334375 leave map 1 unit 1164
[map_1] perf_8g_10_200_25_1783931334092 leave map 1 unit 1024
[map_1] perf_8g_10_200_168_1783931334381 leave map 1 unit 1169
[map_1] perf_8g_10_200_156_1783931334356 leave map 1 unit 1157
[map_1] perf_8g_10_200_165_1783931334376 leave map 1 unit 1166
[map_1] perf_8g_10_200_26_1783931334093 leave map 1 unit 1026
[map_1] perf_8g_10_200_154_1783931334345 leave map 1 unit 1152
[map_1] perf_8g_10_200_163_1783931334374 leave map 1 unit 1165
[map_1] perf_8g_10_200_146_1783931334325 leave map 1 unit 1146
[map_1] perf_8g_10_200_155_1783931334354 leave map 1 unit 1159
[map_1] perf_8g_10_200_157_1783931334357 leave map 1 unit 1156
[map_1] perf_8g_10_200_160_1783931334362 leave map 1 unit 1161
[map_1] perf_8g_10_200_27_1783931334093 leave map 1 unit 1027
[map_1] perf_8g_10_200_147_1783931334335 leave map 1 unit 1147
[map_1] perf_8g_10_200_158_1783931334358 leave map 1 unit 1158
[map_1] perf_8g_10_200_150_1783931334338 leave map 1 unit 1151
[map_1] perf_8g_10_200_28_1783931334094 leave map 1 unit 1028
[map_1] perf_8g_10_200_152_1783931334343 leave map 1 unit 1154
[map_1] perf_8g_10_200_141_1783931334313 leave map 1 unit 1141
[map_1] perf_8g_10_200_30_1783931334094 leave map 1 unit 1029
[map_1] perf_8g_10_200_149_1783931334337 leave map 1 unit 1148
[map_1] perf_8g_10_200_148_1783931334336 leave map 1 unit 1149
[map_1] perf_8g_10_200_145_1783931334324 leave map 1 unit 1145
[map_1] perf_8g_10_200_138_1783931334308 leave map 1 unit 1138
[map_1] perf_8g_10_200_144_1783931334323 leave map 1 unit 1144
[map_1] perf_8g_10_200_29_1783931334094 leave map 1 unit 1030
[map_1] perf_8g_10_200_143_1783931334317 leave map 1 unit 1139
[map_1] perf_8g_10_200_142_1783931334317 leave map 1 unit 1140
[map_1] perf_8g_10_200_31_1783931334094 leave map 1 unit 1032
[map_1] perf_8g_10_200_140_1783931334313 leave map 1 unit 1142
[map_1] perf_8g_10_200_139_1783931334309 leave map 1 unit 1143
[map_1] perf_8g_10_200_32_1783931334095 leave map 1 unit 1031
[map_1] perf_8g_10_200_136_1783931334302 leave map 1 unit 1136
[map_1] perf_8g_10_200_137_1783931334305 leave map 1 unit 1137
[map_1] perf_8g_10_200_135_1783931334296 leave map 1 unit 1135
[map_1] perf_8g_10_200_134_1783931334294 leave map 1 unit 1134
[map_1] perf_8g_10_200_34_1783931334105 leave map 1 unit 1034
[map_1] perf_8g_10_200_133_1783931334293 leave map 1 unit 1133
[map_1] perf_8g_10_200_132_1783931334292 leave map 1 unit 1132
[map_1] perf_8g_10_200_35_1783931334106 leave map 1 unit 1035
[map_1] perf_8g_10_200_131_1783931334287 leave map 1 unit 1131
[map_1] perf_8g_10_200_130_1783931334282 leave map 1 unit 1130
[map_1] perf_8g_10_200_36_1783931334107 leave map 1 unit 1036
[map_1] perf_8g_10_200_129_1783931334281 leave map 1 unit 1129
[map_1] perf_8g_10_200_128_1783931334281 leave map 1 unit 1128
[map_1] perf_8g_10_200_37_1783931334107 leave map 1 unit 1037
[map_1] perf_8g_10_200_126_1783931334277 leave map 1 unit 1126
[map_1] perf_8g_10_200_127_1783931334277 leave map 1 unit 1127
[map_1] perf_8g_10_200_125_1783931334272 leave map 1 unit 1125
[map_1] perf_8g_10_200_38_1783931334108 leave map 1 unit 1038
[map_1] perf_8g_10_200_124_1783931334272 leave map 1 unit 1124
[map_1] perf_8g_10_200_123_1783931334269 leave map 1 unit 1123
[map_1] perf_8g_10_200_39_1783931334110 leave map 1 unit 1039
[map_1] perf_8g_10_200_122_1783931334268 leave map 1 unit 1122
[map_1] perf_8g_10_200_40_1783931334111 leave map 1 unit 1040
[map_1] perf_8g_10_200_121_1783931334265 leave map 1 unit 1121
[map_1] perf_8g_10_200_120_1783931334265 leave map 1 unit 1120
[map_1] perf_8g_10_200_33_1783931334100 leave map 1 unit 1033
[map_1] perf_8g_10_200_119_1783931334259 leave map 1 unit 1119
[map_1] perf_8g_10_200_118_1783931334256 leave map 1 unit 1118
[map_1] perf_8g_10_200_42_1783931334112 leave map 1 unit 1041
[map_1] perf_8g_10_200_117_1783931334255 leave map 1 unit 1117
[map_1] perf_8g_10_200_116_1783931334252 leave map 1 unit 1116
[map_1] perf_8g_10_200_115_1783931334249 leave map 1 unit 1115
[map_1] perf_8g_10_200_41_1783931334112 leave map 1 unit 1042
[map_1] perf_8g_10_200_110_1783931334237 leave map 1 unit 1110
[map_1] perf_8g_10_200_43_1783931334113 leave map 1 unit 1043
[map_1] perf_8g_10_200_114_1783931334244 leave map 1 unit 1114
[map_1] perf_8g_10_200_111_1783931334239 leave map 1 unit 1111
[map_1] perf_8g_10_200_45_1783931334115 leave map 1 unit 1045
[map_1] perf_8g_10_200_112_1783931334240 leave map 1 unit 1112
[map_1] perf_8g_10_200_44_1783931334114 leave map 1 unit 1044
[map_1] perf_8g_10_200_113_1783931334241 leave map 1 unit 1113
[map_1] perf_8g_10_200_109_1783931334234 leave map 1 unit 1109
[map_1] perf_8g_10_200_46_1783931334116 leave map 1 unit 1046
[map_1] perf_8g_10_200_107_1783931334229 leave map 1 unit 1107
[map_1] perf_8g_10_200_47_1783931334116 leave map 1 unit 1047
[map_1] perf_8g_10_200_99_1783931334211 leave map 1 unit 1099
[map_1] perf_8g_10_200_105_1783931334223 leave map 1 unit 1105
[map_1] perf_8g_10_200_97_1783931334204 leave map 1 unit 1097
[map_1] perf_8g_10_200_48_1783931334116 leave map 1 unit 1048
[map_1] perf_8g_10_200_101_1783931334216 leave map 1 unit 1101
[map_1] perf_8g_10_200_49_1783931334116 leave map 1 unit 1049
[map_1] perf_8g_10_200_93_1783931334199 leave map 1 unit 1093
[map_1] perf_8g_10_200_53_1783931334126 leave map 1 unit 1053
[map_1] perf_8g_10_200_108_1783931334230 leave map 1 unit 1108
[map_1] perf_8g_10_200_106_1783931334225 leave map 1 unit 1106
[map_1] perf_8g_10_200_52_1783931334125 leave map 1 unit 1052
[map_1] perf_8g_10_200_104_1783931334221 leave map 1 unit 1104
[map_1] perf_8g_10_200_50_1783931334123 leave map 1 unit 1050
[map_1] perf_8g_10_200_103_1783931334218 leave map 1 unit 1103
[map_1] perf_8g_10_200_54_1783931334127 leave map 1 unit 1054
[map_1] perf_8g_10_200_102_1783931334217 leave map 1 unit 1102
[map_1] perf_8g_10_200_55_1783931334129 leave map 1 unit 1055
[map_1] perf_8g_10_200_91_1783931334193 leave map 1 unit 1091
[map_1] perf_8g_10_200_98_1783931334207 leave map 1 unit 1098
[map_1] perf_8g_10_200_100_1783931334214 leave map 1 unit 1100
[map_1] perf_8g_10_200_51_1783931334124 leave map 1 unit 1051
[map_1] perf_8g_10_200_89_1783931334188 leave map 1 unit 1089
[map_1] perf_8g_10_200_56_1783931334132 leave map 1 unit 1056
[map_1] perf_8g_10_200_96_1783931334203 leave map 1 unit 1096
[map_1] perf_8g_10_200_57_1783931334134 leave map 1 unit 1057
[map_1] perf_8g_10_200_90_1783931334190 leave map 1 unit 1090
[map_1] perf_8g_10_200_95_1783931334202 leave map 1 unit 1095
[map_1] perf_8g_10_200_59_1783931334137 leave map 1 unit 1059
[map_1] perf_8g_10_200_94_1783931334201 leave map 1 unit 1094
[map_1] perf_8g_10_200_58_1783931334134 leave map 1 unit 1058
[map_1] perf_8g_10_200_92_1783931334195 leave map 1 unit 1092
[map_1] perf_8g_10_200_61_1783931334138 leave map 1 unit 1061
[map_1] perf_8g_10_200_88_1783931334186 leave map 1 unit 1088
[map_1] perf_8g_10_200_64_1783931334140 leave map 1 unit 1064
[map_1] perf_8g_10_200_87_1783931334183 leave map 1 unit 1087
[map_1] perf_8g_10_200_63_1783931334140 leave map 1 unit 1063
[map_1] perf_8g_10_200_86_1783931334181 leave map 1 unit 1086
[map_1] perf_8g_10_200_65_1783931334141 leave map 1 unit 1065
[map_1] perf_8g_10_200_84_1783931334179 leave map 1 unit 1084
[map_1] perf_8g_10_200_67_1783931334149 leave map 1 unit 1067
[map_1] perf_8g_10_200_85_1783931334179 leave map 1 unit 1085
[map_1] perf_8g_10_200_66_1783931334147 leave map 1 unit 1066
[map_1] perf_8g_10_200_83_1783931334177 leave map 1 unit 1083
[map_1] perf_8g_10_200_82_1783931334174 leave map 1 unit 1082
[map_1] perf_8g_10_200_69_1783931334150 leave map 1 unit 1069
[map_1] perf_8g_10_200_81_1783931334170 leave map 1 unit 1081
[map_1] perf_8g_10_200_60_1783931334137 leave map 1 unit 1060
[map_1] perf_8g_10_200_80_1783931334169 leave map 1 unit 1080
[map_1] perf_8g_10_200_62_1783931334139 leave map 1 unit 1062
[map_1] perf_8g_10_200_79_1783931334169 leave map 1 unit 1079
[map_1] perf_8g_10_200_71_1783931334155 leave map 1 unit 1071
[map_1] perf_8g_10_200_78_1783931334166 leave map 1 unit 1078
[map_1] perf_8g_10_200_73_1783931334159 leave map 1 unit 1073
[map_1] perf_8g_10_200_76_1783931334165 leave map 1 unit 1076
[map_1] perf_8g_10_200_72_1783931334157 leave map 1 unit 1072
[map_1] perf_8g_10_200_68_1783931334149 leave map 1 unit 1068
[map_1] perf_8g_10_200_74_1783931334160 leave map 1 unit 1074
[map_1] perf_8g_10_200_77_1783931334166 leave map 1 unit 1077
[map_1] perf_8g_10_200_75_1783931334163 leave map 1 unit 1075
[map_1] perf_8g_10_200_70_1783931334153 leave map 1 unit 1070
