starting process map1 with one V8 and 1 scene(s) from E:\VsCode\skynet\ets_runtime\perf\results\runtime_configs\map_capacity_20260713_092754\200p_8g_r1\map1.json
scene map_1 (MapHost) listening on 127.0.0.1:7301
[process:map1] one V8 started with 1 scene(s)
[map_1] MapHost scene started at 127.0.0.1:7301
map_1 accepted 127.0.0.1:52638 as conn 1
map_1 accepted 127.0.0.1:52696 as conn 2
map_1 accepted 127.0.0.1:52698 as conn 3
map_1 accepted 127.0.0.1:52699 as conn 4
map_1 accepted 127.0.0.1:52697 as conn 5
map_1 accepted 127.0.0.1:52700 as conn 6
map_1 accepted 127.0.0.1:52701 as conn 7
map_1 accepted 127.0.0.1:52702 as conn 8
[map_1] perf_8g_10_200_0_1783934875186 enter map 1 unit 1000
map_1 accepted 127.0.0.1:52703 as conn 9
[map_1] perf_8g_10_200_1_1783934875187 enter map 1 unit 1005
[map_1] perf_8g_10_200_4_1783934875187 enter map 1 unit 1001
[map_1] perf_8g_10_200_6_1783934875187 enter map 1 unit 1002
[map_1] perf_8g_10_200_2_1783934875187 enter map 1 unit 1003
[map_1] perf_8g_10_200_7_1783934875187 enter map 1 unit 1004
[map_1] perf_8g_10_200_3_1783934875187 enter map 1 unit 1006
[map_1] perf_8g_10_200_14_1783934875187 enter map 1 unit 1007
[map_1] perf_8g_10_200_8_1783934875187 enter map 1 unit 1008
[map_1] perf_8g_10_200_5_1783934875187 enter map 1 unit 1009
[map_1] perf_8g_10_200_15_1783934875187 enter map 1 unit 1010
[map_1] perf_8g_10_200_13_1783934875187 enter map 1 unit 1011
[map_1] perf_8g_10_200_10_1783934875187 enter map 1 unit 1012
[map_1] perf_8g_10_200_11_1783934875187 enter map 1 unit 1013
[map_1] perf_8g_10_200_9_1783934875187 enter map 1 unit 1014
[map_1] perf_8g_10_200_16_1783934875212 enter map 1 unit 1015
[map_1] perf_8g_10_200_12_1783934875187 enter map 1 unit 1016
[map_1] perf_8g_10_200_17_1783934875238 enter map 1 unit 1017
[map_1] perf_8g_10_200_18_1783934875239 enter map 1 unit 1018
[map_1] perf_8g_10_200_19_1783934875240 enter map 1 unit 1019
[map_1] perf_8g_10_200_20_1783934875242 enter map 1 unit 1020
[map_1] perf_8g_10_200_26_1783934875243 enter map 1 unit 1021
[map_1] perf_8g_10_200_22_1783934875242 enter map 1 unit 1022
[map_1] perf_8g_10_200_21_1783934875242 enter map 1 unit 1023
[map_1] perf_8g_10_200_24_1783934875243 enter map 1 unit 1024
[map_1] perf_8g_10_200_27_1783934875244 enter map 1 unit 1026
[map_1] perf_8g_10_200_23_1783934875242 enter map 1 unit 1025
[map_1] perf_8g_10_200_25_1783934875243 enter map 1 unit 1027
[map_1] perf_8g_10_200_28_1783934875244 enter map 1 unit 1028
[map_1] perf_8g_10_200_32_1783934875245 enter map 1 unit 1029
[map_1] perf_8g_10_200_30_1783934875245 enter map 1 unit 1030
[map_1] perf_8g_10_200_31_1783934875245 enter map 1 unit 1031
[map_1] perf_8g_10_200_29_1783934875244 enter map 1 unit 1032
[map_1] perf_8g_10_200_34_1783934875250 enter map 1 unit 1033
[map_1] perf_8g_10_200_33_1783934875250 enter map 1 unit 1035
[map_1] perf_8g_10_200_35_1783934875251 enter map 1 unit 1034
[map_1] perf_8g_10_200_36_1783934875258 enter map 1 unit 1036
[map_1] perf_8g_10_200_38_1783934875260 enter map 1 unit 1037
[map_1] perf_8g_10_200_37_1783934875260 enter map 1 unit 1038
[map_1] perf_8g_10_200_39_1783934875261 enter map 1 unit 1039
[map_1] perf_8g_10_200_40_1783934875261 enter map 1 unit 1040
[map_1] perf_8g_10_200_41_1783934875263 enter map 1 unit 1041
[map_1] perf_8g_10_200_42_1783934875263 enter map 1 unit 1042
[map_1] perf_8g_10_200_44_1783934875264 enter map 1 unit 1043
[map_1] perf_8g_10_200_43_1783934875264 enter map 1 unit 1044
[map_1] perf_8g_10_200_46_1783934875267 enter map 1 unit 1045
[map_1] perf_8g_10_200_45_1783934875266 enter map 1 unit 1046
[map_1] perf_8g_10_200_47_1783934875267 enter map 1 unit 1047
[map_1] perf_8g_10_200_49_1783934875267 enter map 1 unit 1048
[map_1] perf_8g_10_200_52_1783934875269 enter map 1 unit 1052
[map_1] perf_8g_10_200_48_1783934875267 enter map 1 unit 1051
[map_1] perf_8g_10_200_51_1783934875268 enter map 1 unit 1049
[map_1] perf_8g_10_200_50_1783934875268 enter map 1 unit 1050
[map_1] perf_8g_10_200_54_1783934875273 enter map 1 unit 1053
[map_1] perf_8g_10_200_53_1783934875271 enter map 1 unit 1054
[map_1] perf_8g_10_200_57_1783934875277 enter map 1 unit 1055
[map_1] perf_8g_10_200_56_1783934875274 enter map 1 unit 1056
[map_1] perf_8g_10_200_58_1783934875279 enter map 1 unit 1057
[map_1] perf_8g_10_200_59_1783934875279 enter map 1 unit 1059
[map_1] perf_8g_10_200_55_1783934875273 enter map 1 unit 1058
[map_1] perf_8g_10_200_60_1783934875279 enter map 1 unit 1060
[map_1] perf_8g_10_200_61_1783934875283 enter map 1 unit 1061
[map_1] perf_8g_10_200_62_1783934875284 enter map 1 unit 1062
[map_1] perf_8g_10_200_63_1783934875288 enter map 1 unit 1063
[map_1] perf_8g_10_200_64_1783934875288 enter map 1 unit 1064
[map_1] perf_8g_10_200_70_1783934875290 enter map 1 unit 1070
[map_1] perf_8g_10_200_65_1783934875288 enter map 1 unit 1065
[map_1] perf_8g_10_200_66_1783934875288 enter map 1 unit 1066
[map_1] perf_8g_10_200_69_1783934875289 enter map 1 unit 1069
[map_1] perf_8g_10_200_68_1783934875289 enter map 1 unit 1068
[map_1] perf_8g_10_200_67_1783934875289 enter map 1 unit 1067
[map_1] perf_8g_10_200_71_1783934875293 enter map 1 unit 1071
[map_1] perf_8g_10_200_77_1783934875299 enter map 1 unit 1072
[map_1] perf_8g_10_200_75_1783934875297 enter map 1 unit 1073
[map_1] perf_8g_10_200_74_1783934875296 enter map 1 unit 1074
[map_1] perf_8g_10_200_78_1783934875300 enter map 1 unit 1075
[map_1] perf_8g_10_200_79_1783934875305 enter map 1 unit 1079
[map_1] perf_8g_10_200_72_1783934875295 enter map 1 unit 1076
[map_1] perf_8g_10_200_76_1783934875299 enter map 1 unit 1077
[map_1] perf_8g_10_200_73_1783934875296 enter map 1 unit 1078
[map_1] perf_8g_10_200_80_1783934875310 enter map 1 unit 1080
[map_1] perf_8g_10_200_81_1783934875311 enter map 1 unit 1081
[map_1] perf_8g_10_200_85_1783934875313 enter map 1 unit 1085
[map_1] perf_8g_10_200_82_1783934875311 enter map 1 unit 1082
[map_1] perf_8g_10_200_83_1783934875312 enter map 1 unit 1083
[map_1] perf_8g_10_200_84_1783934875313 enter map 1 unit 1084
[map_1] perf_8g_10_200_86_1783934875314 enter map 1 unit 1086
[map_1] perf_8g_10_200_88_1783934875315 enter map 1 unit 1088
[map_1] perf_8g_10_200_87_1783934875314 enter map 1 unit 1087
[map_1] perf_8g_10_200_90_1783934875318 enter map 1 unit 1089
[map_1] perf_8g_10_200_92_1783934875322 enter map 1 unit 1091
[map_1] perf_8g_10_200_93_1783934875322 enter map 1 unit 1090
[map_1] perf_8g_10_200_89_1783934875318 enter map 1 unit 1092
[map_1] perf_8g_10_200_91_1783934875322 enter map 1 unit 1093
[map_1] perf_8g_10_200_96_1783934875327 enter map 1 unit 1094
[map_1] perf_8g_10_200_94_1783934875323 enter map 1 unit 1096
[map_1] perf_8g_10_200_95_1783934875323 enter map 1 unit 1095
[map_1] perf_8g_10_200_97_1783934875331 enter map 1 unit 1097
[map_1] perf_8g_10_200_98_1783934875332 enter map 1 unit 1098
[map_1] perf_8g_10_200_99_1783934875333 enter map 1 unit 1099
[map_1] perf_8g_10_200_101_1783934875333 enter map 1 unit 1101
[map_1] perf_8g_10_200_100_1783934875333 enter map 1 unit 1100
[map_1] perf_8g_10_200_102_1783934875336 enter map 1 unit 1102
[map_1] perf_8g_10_200_103_1783934875336 enter map 1 unit 1103
[map_1] perf_8g_10_200_104_1783934875337 enter map 1 unit 1104
[map_1] perf_8g_10_200_105_1783934875339 enter map 1 unit 1105
[map_1] perf_8g_10_200_106_1783934875339 enter map 1 unit 1106
[map_1] perf_8g_10_200_107_1783934875339 enter map 1 unit 1107
[map_1] perf_8g_10_200_108_1783934875343 enter map 1 unit 1108
[map_1] perf_8g_10_200_109_1783934875343 enter map 1 unit 1109
[map_1] perf_8g_10_200_110_1783934875347 enter map 1 unit 1110
[map_1] perf_8g_10_200_112_1783934875348 enter map 1 unit 1112
[map_1] perf_8g_10_200_111_1783934875348 enter map 1 unit 1111
[map_1] perf_8g_10_200_114_1783934875352 enter map 1 unit 1113
[map_1] perf_8g_10_200_113_1783934875351 enter map 1 unit 1114
[map_1] perf_8g_10_200_115_1783934875354 enter map 1 unit 1115
[map_1] perf_8g_10_200_116_1783934875355 enter map 1 unit 1116
[map_1] perf_8g_10_200_117_1783934875355 enter map 1 unit 1117
[map_1] perf_8g_10_200_118_1783934875358 enter map 1 unit 1118
[map_1] perf_8g_10_200_119_1783934875361 enter map 1 unit 1119
[map_1] perf_8g_10_200_120_1783934875361 enter map 1 unit 1120
[map_1] perf_8g_10_200_121_1783934875364 enter map 1 unit 1121
[map_1] perf_8g_10_200_122_1783934875366 enter map 1 unit 1122
[map_1] perf_8g_10_200_123_1783934875367 enter map 1 unit 1123
[map_1] perf_8g_10_200_124_1783934875369 enter map 1 unit 1124
[map_1] perf_8g_10_200_125_1783934875370 enter map 1 unit 1125
[map_1] perf_8g_10_200_126_1783934875373 enter map 1 unit 1126
[map_1] perf_8g_10_200_127_1783934875373 enter map 1 unit 1127
[map_1] perf_8g_10_200_128_1783934875374 enter map 1 unit 1128
[map_1] perf_8g_10_200_129_1783934875378 enter map 1 unit 1129
[map_1] perf_8g_10_200_130_1783934875379 enter map 1 unit 1130
[map_1] perf_8g_10_200_131_1783934875380 enter map 1 unit 1131
[map_1] perf_8g_10_200_133_1783934875383 enter map 1 unit 1133
[map_1] perf_8g_10_200_132_1783934875381 enter map 1 unit 1132
[map_1] perf_8g_10_200_134_1783934875385 enter map 1 unit 1134
[map_1] perf_8g_10_200_137_1783934875391 enter map 1 unit 1137
[map_1] perf_8g_10_200_135_1783934875387 enter map 1 unit 1135
[map_1] perf_8g_10_200_136_1783934875389 enter map 1 unit 1136
[map_1] perf_8g_10_200_138_1783934875393 enter map 1 unit 1138
[map_1] perf_8g_10_200_139_1783934875395 enter map 1 unit 1141
[map_1] perf_8g_10_200_141_1783934875399 enter map 1 unit 1139
[map_1] perf_8g_10_200_140_1783934875397 enter map 1 unit 1140
[map_1] perf_8g_10_200_145_1783934875409 enter map 1 unit 1142
[map_1] perf_8g_10_200_142_1783934875402 enter map 1 unit 1145
[map_1] perf_8g_10_200_144_1783934875405 enter map 1 unit 1143
[map_1] perf_8g_10_200_143_1783934875404 enter map 1 unit 1144
[map_1] perf_8g_10_200_149_1783934875414 enter map 1 unit 1146
[map_1] perf_8g_10_200_148_1783934875413 enter map 1 unit 1149
[map_1] perf_8g_10_200_146_1783934875409 enter map 1 unit 1147
[map_1] perf_8g_10_200_147_1783934875413 enter map 1 unit 1148
[map_1] perf_8g_10_200_150_1783934875419 enter map 1 unit 1150
[map_1] perf_8g_10_200_153_1783934875422 enter map 1 unit 1153
[map_1] perf_8g_10_200_152_1783934875421 enter map 1 unit 1151
[map_1] perf_8g_10_200_151_1783934875420 enter map 1 unit 1152
[map_1] perf_8g_10_200_156_1783934875427 enter map 1 unit 1154
[map_1] perf_8g_10_200_157_1783934875427 enter map 1 unit 1157
[map_1] perf_8g_10_200_155_1783934875426 enter map 1 unit 1155
[map_1] perf_8g_10_200_154_1783934875426 enter map 1 unit 1156
[map_1] perf_8g_10_200_160_1783934875433 enter map 1 unit 1158
[map_1] perf_8g_10_200_159_1783934875432 enter map 1 unit 1161
[map_1] perf_8g_10_200_161_1783934875434 enter map 1 unit 1159
[map_1] perf_8g_10_200_158_1783934875431 enter map 1 unit 1160
[map_1] perf_8g_10_200_165_1783934875439 enter map 1 unit 1162
[map_1] perf_8g_10_200_162_1783934875438 enter map 1 unit 1165
[map_1] perf_8g_10_200_163_1783934875438 enter map 1 unit 1163
[map_1] perf_8g_10_200_164_1783934875439 enter map 1 unit 1164
[map_1] perf_8g_10_200_168_1783934875446 enter map 1 unit 1166
[map_1] perf_8g_10_200_166_1783934875444 enter map 1 unit 1169
[map_1] perf_8g_10_200_169_1783934875447 enter map 1 unit 1167
[map_1] perf_8g_10_200_167_1783934875445 enter map 1 unit 1168
[map_1] perf_8g_10_200_170_1783934875451 enter map 1 unit 1170
[map_1] perf_8g_10_200_171_1783934875452 enter map 1 unit 1173
[map_1] perf_8g_10_200_172_1783934875453 enter map 1 unit 1171
[map_1] perf_8g_10_200_173_1783934875454 enter map 1 unit 1172
[map_1] perf_8g_10_200_175_1783934875460 enter map 1 unit 1174
[map_1] perf_8g_10_200_176_1783934875460 enter map 1 unit 1177
[map_1] perf_8g_10_200_174_1783934875459 enter map 1 unit 1175
[map_1] perf_8g_10_200_177_1783934875461 enter map 1 unit 1176
[map_1] perf_8g_10_200_180_1783934875467 enter map 1 unit 1178
[map_1] perf_8g_10_200_181_1783934875468 enter map 1 unit 1181
[map_1] perf_8g_10_200_178_1783934875466 enter map 1 unit 1179
[map_1] perf_8g_10_200_179_1783934875467 enter map 1 unit 1180
[map_1] perf_8g_10_200_184_1783934875474 enter map 1 unit 1182
[map_1] perf_8g_10_200_185_1783934875474 enter map 1 unit 1185
[map_1] perf_8g_10_200_183_1783934875473 enter map 1 unit 1183
[map_1] perf_8g_10_200_182_1783934875472 enter map 1 unit 1184
[map_1] perf_8g_10_200_187_1783934875481 enter map 1 unit 1186
[map_1] perf_8g_10_200_186_1783934875480 enter map 1 unit 1189
[map_1] perf_8g_10_200_188_1783934875482 enter map 1 unit 1187
[map_1] perf_8g_10_200_189_1783934875482 enter map 1 unit 1188
[map_1] perf_8g_10_200_193_1783934875489 enter map 1 unit 1190
[map_1] perf_8g_10_200_190_1783934875488 enter map 1 unit 1193
[map_1] perf_8g_10_200_192_1783934875489 enter map 1 unit 1191
[map_1] perf_8g_10_200_191_1783934875488 enter map 1 unit 1192
[map_1] perf_8g_10_200_197_1783934875496 enter map 1 unit 1194
[map_1] perf_8g_10_200_195_1783934875495 enter map 1 unit 1197
[map_1] perf_8g_10_200_196_1783934875496 enter map 1 unit 1195
[map_1] perf_8g_10_200_194_1783934875494 enter map 1 unit 1196
[map_1] perf_8g_10_200_198_1783934875503 enter map 1 unit 1198
[map_1] perf_8g_10_200_199_1783934875504 enter map 1 unit 1199
[metrics:inner_transport] active=8 opened=8 pending=0 max_pending=0 overloads=0 timeouts=0 disconnected_calls=0 late_responses=0 idle_closes=0
[process-metrics] process=map1 cpu_percent=109.17 cpu_time_ms=5515 rss_bytes=80486400 v8_heap_used_bytes=15181928 v8_heap_total_bytes=36712448 v8_gc_count=54 v8_gc_ms=16.080 timestamp_ms=1783934879929
[metrics:map1] scene=map_1 type=MapHost processed=10000 failed=0 ts_queue=0 ts_max_queue=108 rust_queue=0 rust_max_queue=108 backpressure=0 slow_disconnects=0 update_ms=1.00 handler_ms=1.00 max_handler_ms=32.00 total_handler_ms=22053.00
[metrics:inner_transport] active=8 opened=8 pending=0 max_pending=0 overloads=0 timeouts=0 disconnected_calls=0 late_responses=0 idle_closes=0
[process-metrics] process=map1 cpu_percent=125.72 cpu_time_ms=11828 rss_bytes=108298240 v8_heap_used_bytes=13779576 v8_heap_total_bytes=63188992 v8_gc_count=83 v8_gc_ms=30.050 timestamp_ms=1783934884950
[metrics:map1] scene=map_1 type=MapHost processed=21001 failed=0 ts_queue=0 ts_max_queue=108 rust_queue=103 rust_max_queue=108 backpressure=0 slow_disconnects=0 update_ms=0.00 handler_ms=0.00 max_handler_ms=38.00 total_handler_ms=58254.00
[metrics:inner_transport] active=8 opened=8 pending=0 max_pending=0 overloads=0 timeouts=0 disconnected_calls=0 late_responses=0 idle_closes=0
[process-metrics] process=map1 cpu_percent=130.89 cpu_time_ms=18375 rss_bytes=114130944 v8_heap_used_bytes=29279904 v8_heap_total_bytes=66072576 v8_gc_count=97 v8_gc_ms=38.946 timestamp_ms=1783934889952
[metrics:map1] scene=map_1 type=MapHost processed=32001 failed=0 ts_queue=0 ts_max_queue=133 rust_queue=175 rust_max_queue=175 backpressure=0 slow_disconnects=0 update_ms=1.00 handler_ms=1.00 max_handler_ms=78.00 total_handler_ms=119784.00
[metrics:inner_transport] active=8 opened=8 pending=0 max_pending=0 overloads=0 timeouts=0 disconnected_calls=0 late_responses=0 idle_closes=0
[process-metrics] process=map1 cpu_percent=98.34 cpu_time_ms=23296 rss_bytes=114769920 v8_heap_used_bytes=17560192 v8_heap_total_bytes=67121152 v8_gc_count=112 v8_gc_ms=47.511 timestamp_ms=1783934894956
[metrics:map1] scene=map_1 type=MapHost processed=43038 failed=0 ts_queue=0 ts_max_queue=175 rust_queue=149 rust_max_queue=175 backpressure=0 slow_disconnects=0 update_ms=3.00 handler_ms=3.00 max_handler_ms=78.00 total_handler_ms=162266.00
[metrics:inner_transport] active=8 opened=8 pending=0 max_pending=0 overloads=0 timeouts=0 disconnected_calls=0 late_responses=0 idle_closes=0
[process-metrics] process=map1 cpu_percent=110.91 cpu_time_ms=28843 rss_bytes=114642944 v8_heap_used_bytes=26301552 v8_heap_total_bytes=65810432 v8_gc_count=128 v8_gc_ms=56.793 timestamp_ms=1783934899958
[metrics:map1] scene=map_1 type=MapHost processed=54032 failed=0 ts_queue=0 ts_max_queue=175 rust_queue=143 rust_max_queue=175 backpressure=0 slow_disconnects=0 update_ms=3.00 handler_ms=3.00 max_handler_ms=78.00 total_handler_ms=202752.00
[metrics:inner_transport] active=8 opened=8 pending=0 max_pending=0 overloads=0 timeouts=0 disconnected_calls=0 late_responses=0 idle_closes=0
[process-metrics] process=map1 cpu_percent=111.86 cpu_time_ms=34437 rss_bytes=115744768 v8_heap_used_bytes=13960472 v8_heap_total_bytes=67383296 v8_gc_count=143 v8_gc_ms=64.986 timestamp_ms=1783934904958
[metrics:map1] scene=map_1 type=MapHost processed=64801 failed=0 ts_queue=0 ts_max_queue=175 rust_queue=175 rust_max_queue=175 backpressure=0 slow_disconnects=0 update_ms=1.00 handler_ms=1.00 max_handler_ms=78.00 total_handler_ms=231099.00
[metrics:inner_transport] active=8 opened=8 pending=0 max_pending=0 overloads=0 timeouts=0 disconnected_calls=0 late_responses=0 idle_closes=0
[process-metrics] process=map1 cpu_percent=122.50 cpu_time_ms=40562 rss_bytes=115240960 v8_heap_used_bytes=21762808 v8_heap_total_bytes=67383296 v8_gc_count=159 v8_gc_ms=76.301 timestamp_ms=1783934909958
[metrics:map1] scene=map_1 type=MapHost processed=75824 failed=0 ts_queue=0 ts_max_queue=175 rust_queue=160 rust_max_queue=175 backpressure=0 slow_disconnects=0 update_ms=1.00 handler_ms=1.00 max_handler_ms=78.00 total_handler_ms=275441.00
[metrics:inner_transport] active=8 opened=8 pending=0 max_pending=0 overloads=0 timeouts=0 disconnected_calls=0 late_responses=0 idle_closes=0
[process-metrics] process=map1 cpu_percent=114.03 cpu_time_ms=46265 rss_bytes=115257344 v8_heap_used_bytes=6678856 v8_heap_total_bytes=67383296 v8_gc_count=174 v8_gc_ms=83.935 timestamp_ms=1783934914959
[metrics:map1] scene=map_1 type=MapHost processed=86803 failed=0 ts_queue=0 ts_max_queue=175 rust_queue=178 rust_max_queue=178 backpressure=0 slow_disconnects=0 update_ms=1.00 handler_ms=0.00 max_handler_ms=78.00 total_handler_ms=301990.00
[map_1] perf_8g_10_200_0_1783934875186 leave map 1 unit 1000
[map_1] perf_8g_10_200_1_1783934875187 leave map 1 unit 1005
[map_1] perf_8g_10_200_28_1783934875244 leave map 1 unit 1028
[map_1] perf_8g_10_200_27_1783934875244 leave map 1 unit 1026
[map_1] perf_8g_10_200_4_1783934875187 leave map 1 unit 1001
[map_1] perf_8g_10_200_23_1783934875242 leave map 1 unit 1025
[map_1] perf_8g_10_200_8_1783934875187 leave map 1 unit 1008
[map_1] perf_8g_10_200_25_1783934875243 leave map 1 unit 1027
[map_1] perf_8g_10_200_3_1783934875187 leave map 1 unit 1006
[map_1] perf_8g_10_200_24_1783934875243 leave map 1 unit 1024
[map_1] perf_8g_10_200_5_1783934875187 leave map 1 unit 1009
[map_1] perf_8g_10_200_22_1783934875242 leave map 1 unit 1022
[map_1] perf_8g_10_200_7_1783934875187 leave map 1 unit 1004
[map_1] perf_8g_10_200_26_1783934875243 leave map 1 unit 1021
[map_1] perf_8g_10_200_9_1783934875187 leave map 1 unit 1014
[map_1] perf_8g_10_200_21_1783934875242 leave map 1 unit 1023
[map_1] perf_8g_10_200_11_1783934875187 leave map 1 unit 1013
[map_1] perf_8g_10_200_20_1783934875242 leave map 1 unit 1020
[map_1] perf_8g_10_200_13_1783934875187 leave map 1 unit 1011
[map_1] perf_8g_10_200_18_1783934875239 leave map 1 unit 1018
[map_1] perf_8g_10_200_12_1783934875187 leave map 1 unit 1016
[map_1] perf_8g_10_200_19_1783934875240 leave map 1 unit 1019
[map_1] perf_8g_10_200_2_1783934875187 leave map 1 unit 1003
[map_1] perf_8g_10_200_15_1783934875187 leave map 1 unit 1010
[map_1] perf_8g_10_200_14_1783934875187 leave map 1 unit 1007
[map_1] perf_8g_10_200_17_1783934875238 leave map 1 unit 1017
[map_1] perf_8g_10_200_16_1783934875212 leave map 1 unit 1015
[map_1] perf_8g_10_200_10_1783934875187 leave map 1 unit 1012
[map_1] perf_8g_10_200_6_1783934875187 leave map 1 unit 1002
[map_1] perf_8g_10_200_197_1783934875496 leave map 1 unit 1194
[map_1] perf_8g_10_200_196_1783934875496 leave map 1 unit 1195
[map_1] perf_8g_10_200_198_1783934875503 leave map 1 unit 1198
[map_1] perf_8g_10_200_199_1783934875504 leave map 1 unit 1199
[map_1] perf_8g_10_200_195_1783934875495 leave map 1 unit 1197
[map_1] perf_8g_10_200_194_1783934875494 leave map 1 unit 1196
[map_1] perf_8g_10_200_193_1783934875489 leave map 1 unit 1190
[map_1] perf_8g_10_200_191_1783934875488 leave map 1 unit 1192
[map_1] perf_8g_10_200_192_1783934875489 leave map 1 unit 1191
[map_1] perf_8g_10_200_190_1783934875488 leave map 1 unit 1193
[map_1] perf_8g_10_200_189_1783934875482 leave map 1 unit 1188
[map_1] perf_8g_10_200_188_1783934875482 leave map 1 unit 1187
[map_1] perf_8g_10_200_187_1783934875481 leave map 1 unit 1186
[map_1] perf_8g_10_200_186_1783934875480 leave map 1 unit 1189
[map_1] perf_8g_10_200_185_1783934875474 leave map 1 unit 1185
[map_1] perf_8g_10_200_184_1783934875474 leave map 1 unit 1182
[map_1] perf_8g_10_200_30_1783934875245 leave map 1 unit 1030
[map_1] perf_8g_10_200_183_1783934875473 leave map 1 unit 1183
[map_1] perf_8g_10_200_182_1783934875472 leave map 1 unit 1184
[map_1] perf_8g_10_200_181_1783934875468 leave map 1 unit 1181
[map_1] perf_8g_10_200_179_1783934875467 leave map 1 unit 1180
[map_1] perf_8g_10_200_180_1783934875467 leave map 1 unit 1178
[map_1] perf_8g_10_200_178_1783934875466 leave map 1 unit 1179
[map_1] perf_8g_10_200_177_1783934875461 leave map 1 unit 1176
[map_1] perf_8g_10_200_29_1783934875244 leave map 1 unit 1032
[map_1] perf_8g_10_200_176_1783934875460 leave map 1 unit 1177
[map_1] perf_8g_10_200_175_1783934875460 leave map 1 unit 1174
[map_1] perf_8g_10_200_174_1783934875459 leave map 1 unit 1175
[map_1] perf_8g_10_200_173_1783934875454 leave map 1 unit 1172
[map_1] perf_8g_10_200_172_1783934875453 leave map 1 unit 1171
[map_1] perf_8g_10_200_31_1783934875245 leave map 1 unit 1031
[map_1] perf_8g_10_200_171_1783934875452 leave map 1 unit 1173
[map_1] perf_8g_10_200_170_1783934875451 leave map 1 unit 1170
[map_1] perf_8g_10_200_169_1783934875447 leave map 1 unit 1167
[map_1] perf_8g_10_200_167_1783934875445 leave map 1 unit 1168
[map_1] perf_8g_10_200_168_1783934875446 leave map 1 unit 1166
[map_1] perf_8g_10_200_165_1783934875439 leave map 1 unit 1162
[map_1] perf_8g_10_200_164_1783934875439 leave map 1 unit 1164
[map_1] perf_8g_10_200_166_1783934875444 leave map 1 unit 1169
[map_1] perf_8g_10_200_32_1783934875245 leave map 1 unit 1029
[map_1] perf_8g_10_200_163_1783934875438 leave map 1 unit 1163
[map_1] perf_8g_10_200_162_1783934875438 leave map 1 unit 1165
[map_1] perf_8g_10_200_161_1783934875434 leave map 1 unit 1159
[map_1] perf_8g_10_200_33_1783934875250 leave map 1 unit 1035
[map_1] perf_8g_10_200_160_1783934875433 leave map 1 unit 1158
[map_1] perf_8g_10_200_159_1783934875432 leave map 1 unit 1161
[map_1] perf_8g_10_200_158_1783934875431 leave map 1 unit 1160
[map_1] perf_8g_10_200_34_1783934875250 leave map 1 unit 1033
[map_1] perf_8g_10_200_157_1783934875427 leave map 1 unit 1157
[map_1] perf_8g_10_200_156_1783934875427 leave map 1 unit 1154
[map_1] perf_8g_10_200_155_1783934875426 leave map 1 unit 1155
[map_1] perf_8g_10_200_154_1783934875426 leave map 1 unit 1156
[map_1] perf_8g_10_200_151_1783934875420 leave map 1 unit 1152
[map_1] perf_8g_10_200_152_1783934875421 leave map 1 unit 1151
[map_1] perf_8g_10_200_35_1783934875251 leave map 1 unit 1034
[map_1] perf_8g_10_200_153_1783934875422 leave map 1 unit 1153
[map_1] perf_8g_10_200_150_1783934875419 leave map 1 unit 1150
[map_1] perf_8g_10_200_149_1783934875414 leave map 1 unit 1146
[map_1] perf_8g_10_200_37_1783934875260 leave map 1 unit 1038
[map_1] perf_8g_10_200_147_1783934875413 leave map 1 unit 1148
[map_1] perf_8g_10_200_148_1783934875413 leave map 1 unit 1149
[map_1] perf_8g_10_200_36_1783934875258 leave map 1 unit 1036
[map_1] perf_8g_10_200_146_1783934875409 leave map 1 unit 1147
[map_1] perf_8g_10_200_145_1783934875409 leave map 1 unit 1142
[map_1] perf_8g_10_200_38_1783934875260 leave map 1 unit 1037
[map_1] perf_8g_10_200_144_1783934875405 leave map 1 unit 1143
[map_1] perf_8g_10_200_143_1783934875404 leave map 1 unit 1144
[map_1] perf_8g_10_200_142_1783934875402 leave map 1 unit 1145
[map_1] perf_8g_10_200_141_1783934875399 leave map 1 unit 1139
[map_1] perf_8g_10_200_140_1783934875397 leave map 1 unit 1140
[map_1] perf_8g_10_200_39_1783934875261 leave map 1 unit 1039
[map_1] perf_8g_10_200_139_1783934875395 leave map 1 unit 1141
[map_1] perf_8g_10_200_138_1783934875393 leave map 1 unit 1138
[map_1] perf_8g_10_200_44_1783934875264 leave map 1 unit 1043
[map_1] perf_8g_10_200_137_1783934875391 leave map 1 unit 1137
[map_1] perf_8g_10_200_135_1783934875387 leave map 1 unit 1135
[map_1] perf_8g_10_200_40_1783934875261 leave map 1 unit 1040
[map_1] perf_8g_10_200_136_1783934875389 leave map 1 unit 1136
[map_1] perf_8g_10_200_134_1783934875385 leave map 1 unit 1134
[map_1] perf_8g_10_200_41_1783934875263 leave map 1 unit 1041
[map_1] perf_8g_10_200_133_1783934875383 leave map 1 unit 1133
[map_1] perf_8g_10_200_132_1783934875381 leave map 1 unit 1132
[map_1] perf_8g_10_200_42_1783934875263 leave map 1 unit 1042
[map_1] perf_8g_10_200_131_1783934875380 leave map 1 unit 1131
[map_1] perf_8g_10_200_130_1783934875379 leave map 1 unit 1130
[map_1] perf_8g_10_200_129_1783934875378 leave map 1 unit 1129
[map_1] perf_8g_10_200_128_1783934875374 leave map 1 unit 1128
[map_1] perf_8g_10_200_43_1783934875264 leave map 1 unit 1044
[map_1] perf_8g_10_200_127_1783934875373 leave map 1 unit 1127
[map_1] perf_8g_10_200_125_1783934875370 leave map 1 unit 1125
[map_1] perf_8g_10_200_45_1783934875266 leave map 1 unit 1046
[map_1] perf_8g_10_200_126_1783934875373 leave map 1 unit 1126
[map_1] perf_8g_10_200_46_1783934875267 leave map 1 unit 1045
[map_1] perf_8g_10_200_123_1783934875367 leave map 1 unit 1123
[map_1] perf_8g_10_200_124_1783934875369 leave map 1 unit 1124
[map_1] perf_8g_10_200_47_1783934875267 leave map 1 unit 1047
[map_1] perf_8g_10_200_122_1783934875366 leave map 1 unit 1122
[map_1] perf_8g_10_200_121_1783934875364 leave map 1 unit 1121
[map_1] perf_8g_10_200_48_1783934875267 leave map 1 unit 1051
[map_1] perf_8g_10_200_120_1783934875361 leave map 1 unit 1120
[map_1] perf_8g_10_200_119_1783934875361 leave map 1 unit 1119
[map_1] perf_8g_10_200_118_1783934875358 leave map 1 unit 1118
[map_1] perf_8g_10_200_49_1783934875267 leave map 1 unit 1048
[map_1] perf_8g_10_200_117_1783934875355 leave map 1 unit 1117
[map_1] perf_8g_10_200_50_1783934875268 leave map 1 unit 1050
[map_1] perf_8g_10_200_116_1783934875355 leave map 1 unit 1116
[map_1] perf_8g_10_200_115_1783934875354 leave map 1 unit 1115
[map_1] perf_8g_10_200_51_1783934875268 leave map 1 unit 1049
[map_1] perf_8g_10_200_114_1783934875352 leave map 1 unit 1113
[map_1] perf_8g_10_200_53_1783934875271 leave map 1 unit 1054
[map_1] perf_8g_10_200_113_1783934875351 leave map 1 unit 1114
[map_1] perf_8g_10_200_112_1783934875348 leave map 1 unit 1112
[map_1] perf_8g_10_200_52_1783934875269 leave map 1 unit 1052
[map_1] perf_8g_10_200_111_1783934875348 leave map 1 unit 1111
[map_1] perf_8g_10_200_54_1783934875273 leave map 1 unit 1053
[map_1] perf_8g_10_200_110_1783934875347 leave map 1 unit 1110
[map_1] perf_8g_10_200_109_1783934875343 leave map 1 unit 1109
[map_1] perf_8g_10_200_55_1783934875273 leave map 1 unit 1058
[map_1] perf_8g_10_200_107_1783934875339 leave map 1 unit 1107
[map_1] perf_8g_10_200_57_1783934875277 leave map 1 unit 1055
[map_1] perf_8g_10_200_108_1783934875343 leave map 1 unit 1108
[map_1] perf_8g_10_200_105_1783934875339 leave map 1 unit 1105
[map_1] perf_8g_10_200_56_1783934875274 leave map 1 unit 1056
[map_1] perf_8g_10_200_106_1783934875339 leave map 1 unit 1106
[map_1] perf_8g_10_200_104_1783934875337 leave map 1 unit 1104
[map_1] perf_8g_10_200_58_1783934875279 leave map 1 unit 1057
[map_1] perf_8g_10_200_103_1783934875336 leave map 1 unit 1103
[map_1] perf_8g_10_200_102_1783934875336 leave map 1 unit 1102
[map_1] perf_8g_10_200_59_1783934875279 leave map 1 unit 1059
[map_1] perf_8g_10_200_101_1783934875333 leave map 1 unit 1101
[map_1] perf_8g_10_200_60_1783934875279 leave map 1 unit 1060
[map_1] perf_8g_10_200_100_1783934875333 leave map 1 unit 1100
[map_1] perf_8g_10_200_61_1783934875283 leave map 1 unit 1061
[map_1] perf_8g_10_200_98_1783934875332 leave map 1 unit 1098
[map_1] perf_8g_10_200_99_1783934875333 leave map 1 unit 1099
[map_1] perf_8g_10_200_62_1783934875284 leave map 1 unit 1062
[map_1] perf_8g_10_200_97_1783934875331 leave map 1 unit 1097
[map_1] perf_8g_10_200_63_1783934875288 leave map 1 unit 1063
[map_1] perf_8g_10_200_95_1783934875323 leave map 1 unit 1095
[map_1] perf_8g_10_200_65_1783934875288 leave map 1 unit 1065
[map_1] perf_8g_10_200_96_1783934875327 leave map 1 unit 1094
[map_1] perf_8g_10_200_66_1783934875288 leave map 1 unit 1066
[map_1] perf_8g_10_200_94_1783934875323 leave map 1 unit 1096
[map_1] perf_8g_10_200_93_1783934875322 leave map 1 unit 1090
[map_1] perf_8g_10_200_64_1783934875288 leave map 1 unit 1064
[map_1] perf_8g_10_200_92_1783934875322 leave map 1 unit 1091
[map_1] perf_8g_10_200_67_1783934875289 leave map 1 unit 1067
[map_1] perf_8g_10_200_90_1783934875318 leave map 1 unit 1089
[map_1] perf_8g_10_200_68_1783934875289 leave map 1 unit 1068
[map_1] perf_8g_10_200_91_1783934875322 leave map 1 unit 1093
[map_1] perf_8g_10_200_69_1783934875289 leave map 1 unit 1069
[map_1] perf_8g_10_200_89_1783934875318 leave map 1 unit 1092
[map_1] perf_8g_10_200_71_1783934875293 leave map 1 unit 1071
[map_1] perf_8g_10_200_88_1783934875315 leave map 1 unit 1088
[map_1] perf_8g_10_200_75_1783934875297 leave map 1 unit 1073
[map_1] perf_8g_10_200_87_1783934875314 leave map 1 unit 1087
[map_1] perf_8g_10_200_85_1783934875313 leave map 1 unit 1085
[map_1] perf_8g_10_200_73_1783934875296 leave map 1 unit 1078
[map_1] perf_8g_10_200_86_1783934875314 leave map 1 unit 1086
[map_1] perf_8g_10_200_70_1783934875290 leave map 1 unit 1070
[map_1] perf_8g_10_200_84_1783934875313 leave map 1 unit 1084
[map_1] perf_8g_10_200_74_1783934875296 leave map 1 unit 1074
[map_1] perf_8g_10_200_83_1783934875312 leave map 1 unit 1083
[map_1] perf_8g_10_200_72_1783934875295 leave map 1 unit 1076
[map_1] perf_8g_10_200_80_1783934875310 leave map 1 unit 1080
[map_1] perf_8g_10_200_76_1783934875299 leave map 1 unit 1077
[map_1] perf_8g_10_200_79_1783934875305 leave map 1 unit 1079
[map_1] perf_8g_10_200_77_1783934875299 leave map 1 unit 1072
[map_1] perf_8g_10_200_81_1783934875311 leave map 1 unit 1081
[map_1] perf_8g_10_200_78_1783934875300 leave map 1 unit 1075
[map_1] perf_8g_10_200_82_1783934875311 leave map 1 unit 1082
