starting process map1 with one V8 and 1 scene(s) from E:\VsCode\skynet\ets_runtime\configs/local/map1.json
scene map_1 (MapHost) listening on 127.0.0.1:7301
map_1 accepted 127.0.0.1:51196 as conn 1
[process:map1] one V8 started with 1 scene(s)
[map_1] MapHost scene started at 127.0.0.1:7301
map_1 accepted 127.0.0.1:51247 as conn 2
[map_1] perf_split_10_100_1_1783924975211 enter map 1 unit 1000
[map_1] perf_split_10_100_0_1783924975210 enter map 1 unit 1001
[map_1] perf_split_10_100_2_1783924975211 enter map 1 unit 1002
[map_1] perf_split_10_100_3_1783924975211 enter map 1 unit 1003
[map_1] perf_split_10_100_5_1783924975211 enter map 1 unit 1004
[map_1] perf_split_10_100_10_1783924975212 enter map 1 unit 1005
[map_1] perf_split_10_100_6_1783924975211 enter map 1 unit 1006
[map_1] perf_split_10_100_11_1783924975212 enter map 1 unit 1007
[map_1] perf_split_10_100_7_1783924975211 enter map 1 unit 1008
[map_1] perf_split_10_100_9_1783924975211 enter map 1 unit 1009
[map_1] perf_split_10_100_13_1783924975212 enter map 1 unit 1010
[map_1] perf_split_10_100_15_1783924975212 enter map 1 unit 1011
[map_1] perf_split_10_100_14_1783924975212 enter map 1 unit 1012
[map_1] perf_split_10_100_8_1783924975211 enter map 1 unit 1013
[map_1] perf_split_10_100_4_1783924975211 enter map 1 unit 1014
[map_1] perf_split_10_100_12_1783924975212 enter map 1 unit 1015
[map_1] perf_split_10_100_16_1783924975240 enter map 1 unit 1016
[map_1] perf_split_10_100_19_1783924975241 enter map 1 unit 1017
[map_1] perf_split_10_100_18_1783924975241 enter map 1 unit 1018
[map_1] perf_split_10_100_17_1783924975241 enter map 1 unit 1019
[map_1] perf_split_10_100_20_1783924975250 enter map 1 unit 1020
[map_1] perf_split_10_100_23_1783924975253 enter map 1 unit 1021
[map_1] perf_split_10_100_22_1783924975253 enter map 1 unit 1022
[map_1] perf_split_10_100_27_1783924975254 enter map 1 unit 1023
[map_1] perf_split_10_100_21_1783924975252 enter map 1 unit 1024
[map_1] perf_split_10_100_25_1783924975254 enter map 1 unit 1025
[map_1] perf_split_10_100_29_1783924975255 enter map 1 unit 1026
[map_1] perf_split_10_100_28_1783924975254 enter map 1 unit 1027
[map_1] perf_split_10_100_26_1783924975254 enter map 1 unit 1028
[map_1] perf_split_10_100_24_1783924975253 enter map 1 unit 1029
[map_1] perf_split_10_100_30_1783924975255 enter map 1 unit 1030
[map_1] perf_split_10_100_31_1783924975255 enter map 1 unit 1031
[map_1] perf_split_10_100_34_1783924975264 enter map 1 unit 1032
[map_1] perf_split_10_100_32_1783924975260 enter map 1 unit 1033
[map_1] perf_split_10_100_35_1783924975264 enter map 1 unit 1034
[map_1] perf_split_10_100_36_1783924975264 enter map 1 unit 1035
[map_1] perf_split_10_100_33_1783924975263 enter map 1 unit 1036
[map_1] perf_split_10_100_37_1783924975271 enter map 1 unit 1037
[map_1] perf_split_10_100_38_1783924975275 enter map 1 unit 1038
[map_1] perf_split_10_100_40_1783924975276 enter map 1 unit 1039
[map_1] perf_split_10_100_39_1783924975276 enter map 1 unit 1040
[map_1] perf_split_10_100_42_1783924975281 enter map 1 unit 1041
[map_1] perf_split_10_100_41_1783924975281 enter map 1 unit 1042
[map_1] perf_split_10_100_43_1783924975281 enter map 1 unit 1043
[map_1] perf_split_10_100_44_1783924975288 enter map 1 unit 1044
[map_1] perf_split_10_100_45_1783924975288 enter map 1 unit 1045
[map_1] perf_split_10_100_47_1783924975289 enter map 1 unit 1046
[map_1] perf_split_10_100_46_1783924975288 enter map 1 unit 1047
[map_1] perf_split_10_100_48_1783924975291 enter map 1 unit 1048
[map_1] perf_split_10_100_49_1783924975291 enter map 1 unit 1049
[map_1] perf_split_10_100_50_1783924975292 enter map 1 unit 1050
[map_1] perf_split_10_100_51_1783924975292 enter map 1 unit 1051
[map_1] perf_split_10_100_52_1783924975292 enter map 1 unit 1052
[map_1] perf_split_10_100_53_1783924975296 enter map 1 unit 1053
[map_1] perf_split_10_100_54_1783924975299 enter map 1 unit 1054
[map_1] perf_split_10_100_56_1783924975300 enter map 1 unit 1055
[map_1] perf_split_10_100_55_1783924975300 enter map 1 unit 1056
[map_1] perf_split_10_100_57_1783924975301 enter map 1 unit 1057
[map_1] perf_split_10_100_59_1783924975302 enter map 1 unit 1058
[map_1] perf_split_10_100_58_1783924975302 enter map 1 unit 1059
[map_1] perf_split_10_100_60_1783924975310 enter map 1 unit 1060
[map_1] perf_split_10_100_61_1783924975316 enter map 1 unit 1061
[map_1] perf_split_10_100_62_1783924975317 enter map 1 unit 1062
[map_1] perf_split_10_100_64_1783924975318 enter map 1 unit 1063
[map_1] perf_split_10_100_63_1783924975317 enter map 1 unit 1064
[map_1] perf_split_10_100_65_1783924975318 enter map 1 unit 1065
[map_1] perf_split_10_100_69_1783924975320 enter map 1 unit 1066
[map_1] perf_split_10_100_67_1783924975319 enter map 1 unit 1067
[map_1] perf_split_10_100_66_1783924975319 enter map 1 unit 1068
[map_1] perf_split_10_100_68_1783924975319 enter map 1 unit 1069
[map_1] perf_split_10_100_70_1783924975329 enter map 1 unit 1070
[map_1] perf_split_10_100_71_1783924975329 enter map 1 unit 1071
[map_1] perf_split_10_100_72_1783924975332 enter map 1 unit 1072
[map_1] perf_split_10_100_74_1783924975332 enter map 1 unit 1073
[map_1] perf_split_10_100_75_1783924975333 enter map 1 unit 1074
[map_1] perf_split_10_100_76_1783924975333 enter map 1 unit 1075
[map_1] perf_split_10_100_73_1783924975332 enter map 1 unit 1076
[map_1] perf_split_10_100_77_1783924975349 enter map 1 unit 1077
[map_1] perf_split_10_100_78_1783924975351 enter map 1 unit 1078
[map_1] perf_split_10_100_80_1783924975352 enter map 1 unit 1079
[map_1] perf_split_10_100_84_1783924975353 enter map 1 unit 1080
[map_1] perf_split_10_100_79_1783924975352 enter map 1 unit 1081
[map_1] perf_split_10_100_81_1783924975352 enter map 1 unit 1082
[map_1] perf_split_10_100_82_1783924975352 enter map 1 unit 1083
[map_1] perf_split_10_100_83_1783924975353 enter map 1 unit 1084
[map_1] perf_split_10_100_85_1783924975354 enter map 1 unit 1085
[map_1] perf_split_10_100_86_1783924975354 enter map 1 unit 1086
[map_1] perf_split_10_100_87_1783924975354 enter map 1 unit 1087
[map_1] perf_split_10_100_88_1783924975362 enter map 1 unit 1088
[map_1] perf_split_10_100_89_1783924975362 enter map 1 unit 1089
[map_1] perf_split_10_100_91_1783924975366 enter map 1 unit 1090
[map_1] perf_split_10_100_92_1783924975366 enter map 1 unit 1091
[map_1] perf_split_10_100_90_1783924975366 enter map 1 unit 1092
[map_1] perf_split_10_100_93_1783924975367 enter map 1 unit 1093
[map_1] perf_split_10_100_94_1783924975383 enter map 1 unit 1094
[map_1] perf_split_10_100_98_1783924975391 enter map 1 unit 1095
[map_1] perf_split_10_100_97_1783924975391 enter map 1 unit 1096
[map_1] perf_split_10_100_99_1783924975392 enter map 1 unit 1097
[map_1] perf_split_10_100_95_1783924975390 enter map 1 unit 1098
[map_1] perf_split_10_100_96_1783924975391 enter map 1 unit 1099
[metrics:inner_transport] active=1 opened=1 pending=0 max_pending=0 overloads=0 timeouts=0 disconnected_calls=0 late_responses=0 idle_closes=0
[process-metrics] process=map1 cpu_percent=14.24 cpu_time_ms=765 rss_bytes=55902208 v8_heap_used_bytes=5709520 v8_heap_total_bytes=21368832 v8_gc_count=110 v8_gc_ms=14.237
[metrics:map1] scene=map_1 type=MapHost processed=4500 failed=0 ts_queue=0 ts_max_queue=54 rust_queue=0 rust_max_queue=54 backpressure=0 slow_disconnects=0 update_ms=0.00 handler_ms=0.00 max_handler_ms=4.00 total_handler_ms=1438.00
[map_1] perf_split_10_100_0_1783924975210 leave map 1 unit 1001
[map_1] perf_split_10_100_1_1783924975211 leave map 1 unit 1000
[map_1] perf_split_10_100_15_1783924975212 leave map 1 unit 1011
[map_1] perf_split_10_100_3_1783924975211 leave map 1 unit 1003
[map_1] perf_split_10_100_12_1783924975212 leave map 1 unit 1015
[map_1] perf_split_10_100_13_1783924975212 leave map 1 unit 1010
[map_1] perf_split_10_100_2_1783924975211 leave map 1 unit 1002
[map_1] perf_split_10_100_10_1783924975212 leave map 1 unit 1005
[map_1] perf_split_10_100_5_1783924975211 leave map 1 unit 1004
[map_1] perf_split_10_100_4_1783924975211 leave map 1 unit 1014
[map_1] perf_split_10_100_11_1783924975212 leave map 1 unit 1007
[map_1] perf_split_10_100_8_1783924975211 leave map 1 unit 1013
[map_1] perf_split_10_100_9_1783924975211 leave map 1 unit 1009
[map_1] perf_split_10_100_7_1783924975211 leave map 1 unit 1008
[map_1] perf_split_10_100_6_1783924975211 leave map 1 unit 1006
[map_1] perf_split_10_100_99_1783924975392 leave map 1 unit 1097
[error] [map_1] [err 1005] message handler failed for msgcode 20008: [scene-overloaded] scene gate_1 outbound queue is full
[error] [map_1] [err 1005] message handler failed for msgcode 20008: [scene-overloaded] scene gate_1 outbound queue is full
[error] [map_1] [err 1005] message handler failed for msgcode 20008: [scene-overloaded] scene gate_1 outbound queue is full
[error] [map_1] [err 1005] message handler failed for msgcode 20008: [scene-overloaded] scene gate_1 outbound queue is full
[error] [map_1] [err 1005] message handler failed for msgcode 20008: [scene-overloaded] scene gate_1 outbound queue is full
[error] [map_1] [err 1005] message handler failed for msgcode 20008: [scene-overloaded] scene gate_1 outbound queue is full
[error] [map_1] [err 1005] message handler failed for msgcode 20008: [scene-overloaded] scene gate_1 outbound queue is full
[error] [map_1] [err 1005] message handler failed for msgcode 20008: [scene-overloaded] scene gate_1 outbound queue is full
[error] [map_1] [err 1005] message handler failed for msgcode 20008: [scene-overloaded] scene gate_1 outbound queue is full
[error] [map_1] [err 1005] message handler failed for msgcode 20008: [scene-overloaded] scene gate_1 outbound queue is full
[error] [map_1] [err 1005] message handler failed for msgcode 20008: [scene-overloaded] scene gate_1 outbound queue is full
[error] [map_1] [err 1005] message handler failed for msgcode 20008: [scene-overloaded] scene gate_1 outbound queue is full
[error] [map_1] [err 1005] message handler failed for msgcode 20008: [scene-overloaded] scene gate_1 outbound queue is full
[error] [map_1] [err 1005] message handler failed for msgcode 20008: [scene-overloaded] scene gate_1 outbound queue is full
[error] [map_1] [err 1005] message handler failed for msgcode 20008: [scene-overloaded] scene gate_1 outbound queue is full
[error] [map_1] [err 1005] message handler failed for msgcode 20008: [scene-overloaded] scene gate_1 outbound queue is full
[error] [map_1] [err 1005] message handler failed for msgcode 20008: [scene-overloaded] scene gate_1 outbound queue is full
[error] [map_1] [err 1005] message handler failed for msgcode 20008: [scene-overloaded] scene gate_1 outbound queue is full
[map_1] perf_split_10_100_16_1783924975240 leave map 1 unit 1016
[map_1] perf_split_10_100_98_1783924975391 leave map 1 unit 1095
[error] [map_1] [err 1005] message handler failed for msgcode 20008: [scene-overloaded] scene gate_1 outbound queue is full
[error] [map_1] [err 1005] message handler failed for msgcode 20008: [scene-overloaded] scene gate_1 outbound queue is full
[error] [map_1] [err 1005] message handler failed for msgcode 20008: [scene-overloaded] scene gate_1 outbound queue is full
[error] [map_1] [err 1005] message handler failed for msgcode 20008: [scene-overloaded] scene gate_1 outbound queue is full
[error] [map_1] [err 1005] message handler failed for msgcode 20008: [scene-overloaded] scene gate_1 outbound queue is full
[error] [map_1] [err 1005] message handler failed for msgcode 20008: [scene-overloaded] scene gate_1 outbound queue is full
[error] [map_1] [err 1005] message handler failed for msgcode 20008: [scene-overloaded] scene gate_1 outbound queue is full
[error] [map_1] [err 1005] message handler failed for msgcode 20008: [scene-overloaded] scene gate_1 outbound queue is full
[error] [map_1] [err 1005] message handler failed for msgcode 20008: [scene-overloaded] scene gate_1 outbound queue is full
[error] [map_1] [err 1005] message handler failed for msgcode 20008: [scene-overloaded] scene gate_1 outbound queue is full
[error] [map_1] [err 1005] message handler failed for msgcode 20008: [scene-overloaded] scene gate_1 outbound queue is full
[error] [map_1] [err 1005] message handler failed for msgcode 20008: [scene-overloaded] scene gate_1 outbound queue is full
[error] [map_1] [err 1005] message handler failed for msgcode 20008: [scene-overloaded] scene gate_1 outbound queue is full
[error] [map_1] [err 1005] message handler failed for msgcode 20008: [scene-overloaded] scene gate_1 outbound queue is full
[map_1] perf_split_10_100_14_1783924975212 leave map 1 unit 1012
[map_1] perf_split_10_100_17_1783924975241 leave map 1 unit 1019
[error] [map_1] [err 1005] message handler failed for msgcode 20008: [scene-overloaded] scene gate_1 outbound queue is full
[error] [map_1] [err 1005] message handler failed for msgcode 20008: [scene-overloaded] scene gate_1 outbound queue is full
[error] [map_1] [err 1005] message handler failed for msgcode 20008: [scene-overloaded] scene gate_1 outbound queue is full
[error] [map_1] [err 1005] message handler failed for msgcode 20008: [scene-overloaded] scene gate_1 outbound queue is full
[error] [map_1] [err 1005] message handler failed for msgcode 20008: [scene-overloaded] scene gate_1 outbound queue is full
[map_1] perf_split_10_100_18_1783924975241 leave map 1 unit 1018
[error] [map_1] [err 1005] message handler failed for msgcode 20008: [scene-overloaded] scene gate_1 outbound queue is full
[error] [map_1] [err 1005] message handler failed for msgcode 20008: [scene-overloaded] scene gate_1 outbound queue is full
[error] [map_1] [err 1005] message handler failed for msgcode 20008: [scene-overloaded] scene gate_1 outbound queue is full
[map_1] perf_split_10_100_20_1783924975250 leave map 1 unit 1020
[map_1] perf_split_10_100_19_1783924975241 leave map 1 unit 1017
[error] [map_1] [err 1005] message handler failed for msgcode 20008: [scene-overloaded] scene gate_1 outbound queue is full
[error] [map_1] [err 1005] message handler failed for msgcode 20008: [scene-overloaded] scene gate_1 outbound queue is full
[map_1] perf_split_10_100_22_1783924975253 leave map 1 unit 1022
[map_1] perf_split_10_100_21_1783924975252 leave map 1 unit 1024
[error] [map_1] [err 1005] message handler failed for msgcode 20008: [scene-overloaded] scene gate_1 outbound queue is full
[error] [map_1] [err 1005] message handler failed for msgcode 20008: [scene-overloaded] scene gate_1 outbound queue is full
[error] [map_1] [err 1005] message handler failed for msgcode 20008: [scene-overloaded] scene gate_1 outbound queue is full
[map_1] perf_split_10_100_23_1783924975253 leave map 1 unit 1021
[error] [map_1] [err 1005] message handler failed for msgcode 20008: [scene-overloaded] scene gate_1 outbound queue is full
[error] [map_1] [err 1005] message handler failed for msgcode 20008: [scene-overloaded] scene gate_1 outbound queue is full
[error] [map_1] [err 1005] message handler failed for msgcode 20008: [scene-overloaded] scene gate_1 outbound queue is full
[map_1] perf_split_10_100_24_1783924975253 leave map 1 unit 1029
[map_1] perf_split_10_100_25_1783924975254 leave map 1 unit 1025
[error] [map_1] [err 1005] message handler failed for msgcode 20008: [scene-overloaded] scene gate_1 outbound queue is full
[error] [map_1] [err 1005] message handler failed for msgcode 20008: [scene-overloaded] scene gate_1 outbound queue is full
[map_1] perf_split_10_100_27_1783924975254 leave map 1 unit 1023
[map_1] perf_split_10_100_26_1783924975254 leave map 1 unit 1028
[error] [map_1] [err 1005] message handler failed for msgcode 20008: [scene-overloaded] scene gate_1 outbound queue is full
[error] [map_1] [err 1005] message handler failed for msgcode 20008: [scene-overloaded] scene gate_1 outbound queue is full
[error] [map_1] [err 1005] message handler failed for msgcode 20008: [scene-overloaded] scene gate_1 outbound queue is full
[map_1] perf_split_10_100_30_1783924975255 leave map 1 unit 1030
[error] [map_1] [err 1005] message handler failed for msgcode 20008: [scene-overloaded] scene gate_1 outbound queue is full
[error] [map_1] [err 1005] message handler failed for msgcode 20008: [scene-overloaded] scene gate_1 outbound queue is full
[error] [map_1] [err 1005] message handler failed for msgcode 20008: [scene-overloaded] scene gate_1 outbound queue is full
[error] [map_1] [err 1005] message handler failed for msgcode 20008: [scene-overloaded] scene gate_1 outbound queue is full
[error] [map_1] [err 1005] message handler failed for msgcode 20008: [scene-overloaded] scene gate_1 outbound queue is full
[error] [map_1] [err 1005] message handler failed for msgcode 20008: [scene-overloaded] scene gate_1 outbound queue is full
[error] [map_1] [err 1005] message handler failed for msgcode 20008: [scene-overloaded] scene gate_1 outbound queue is full
[error] [map_1] [err 1005] message handler failed for msgcode 20008: [scene-overloaded] scene gate_1 outbound queue is full
[error] [map_1] [err 1005] message handler failed for msgcode 20008: [scene-overloaded] scene gate_1 outbound queue is full
[map_1] perf_split_10_100_37_1783924975271 leave map 1 unit 1037
[error] [map_1] [err 1005] message handler failed for msgcode 20008: [scene-overloaded] scene gate_1 outbound queue is full
[error] [map_1] [err 1005] message handler failed for msgcode 20008: [scene-overloaded] scene gate_1 outbound queue is full
[error] [map_1] [err 1005] message handler failed for msgcode 20008: [scene-overloaded] scene gate_1 outbound queue is full
[map_1] perf_split_10_100_38_1783924975275 leave map 1 unit 1038
[map_1] perf_split_10_100_40_1783924975276 leave map 1 unit 1039
[error] [map_1] [err 1005] message handler failed for msgcode 20008: [scene-overloaded] scene gate_1 outbound queue is full
