starting process map1 with one V8 and 1 scene(s) from E:\VsCode\skynet\ets_runtime\configs/local/map1.json
scene map_1 (MapHost) listening on 127.0.0.1:7301
map_1 accepted 127.0.0.1:55943 as conn 1
[process:map1] one V8 started with 1 scene(s)
[map_1] MapHost scene started at 127.0.0.1:7301
map_1 accepted 127.0.0.1:55986 as conn 2
[map_1] perf_split_0_10_1_1783924950041 enter map 1 unit 1000
[map_1] perf_split_0_10_0_1783924950040 enter map 1 unit 1001
[map_1] perf_split_0_10_2_1783924950042 enter map 1 unit 1002
[map_1] perf_split_0_10_3_1783924950042 enter map 1 unit 1003
[map_1] perf_split_0_10_5_1783924950042 enter map 1 unit 1004
[map_1] perf_split_0_10_6_1783924950042 enter map 1 unit 1005
[map_1] perf_split_0_10_7_1783924950042 enter map 1 unit 1006
[map_1] perf_split_0_10_8_1783924950042 enter map 1 unit 1007
[map_1] perf_split_0_10_4_1783924950042 enter map 1 unit 1008
[map_1] perf_split_0_10_9_1783924950042 enter map 1 unit 1009
[metrics:inner_transport] active=1 opened=1 pending=0 max_pending=0 overloads=0 timeouts=0 disconnected_calls=0 late_responses=0 idle_closes=0
[process-metrics] process=map1 cpu_percent=147.34 cpu_time_ms=7421 rss_bytes=62656512 v8_heap_used_bytes=10942088 v8_heap_total_bytes=22679552 v8_gc_count=591 v8_gc_ms=59.825
[metrics:map1] scene=map_1 type=MapHost processed=78933 failed=0 ts_queue=0 ts_max_queue=10 rust_queue=10 rust_max_queue=10 backpressure=0 slow_disconnects=0 update_ms=0.00 handler_ms=0.00 max_handler_ms=3.00 total_handler_ms=3603.00
[map_1] perf_split_0_10_0_1783924950040 leave map 1 unit 1001
[map_1] perf_split_0_10_9_1783924950042 leave map 1 unit 1009
[map_1] perf_split_0_10_3_1783924950042 leave map 1 unit 1003
[map_1] perf_split_0_10_1_1783924950041 leave map 1 unit 1000
[map_1] perf_split_0_10_2_1783924950042 leave map 1 unit 1002
[map_1] perf_split_0_10_8_1783924950042 leave map 1 unit 1007
[map_1] perf_split_0_10_5_1783924950042 leave map 1 unit 1004
[map_1] perf_split_0_10_4_1783924950042 leave map 1 unit 1008
[map_1] perf_split_0_10_6_1783924950042 leave map 1 unit 1005
[map_1] perf_split_0_10_7_1783924950042 leave map 1 unit 1006
