starting process log with one V8 and 1 scene(s) from E:\VsCode\skynet\ets_runtime\perf\results\runtime_configs\map_capacity_20260713_081609\180p_8g_r2\log.json
scene log (Log) listening on 127.0.0.1:7100
[process:log] one V8 started with 1 scene(s)
[log] Log scene started at 127.0.0.1:7100
log accepted 127.0.0.1:51669 as conn 1
log accepted 127.0.0.1:51711 as conn 2
[log] [login_1] perf_8g_10_180_0_1783930611803 login count 1
[log] [login_1] perf_8g_10_180_1_1783930611804 login count 1
[log] [login_1] perf_8g_10_180_4_1783930611804 login count 1
[log] [login_1] perf_8g_10_180_2_1783930611804 login count 1
[log] [login_1] perf_8g_10_180_7_1783930611805 login count 1
[log] [login_1] perf_8g_10_180_3_1783930611804 login count 1
[log] [login_1] perf_8g_10_180_5_1783930611805 login count 1
[log] [login_1] perf_8g_10_180_8_1783930611805 login count 1
[log] [login_1] perf_8g_10_180_10_1783930611805 login count 1
[log] [login_1] perf_8g_10_180_11_1783930611805 login count 1
[log] [login_1] perf_8g_10_180_6_1783930611805 login count 1
[log] [login_1] perf_8g_10_180_12_1783930611805 login count 1
[log] [login_1] perf_8g_10_180_13_1783930611805 login count 1
[log] [login_1] perf_8g_10_180_14_1783930611805 login count 1
[log] [login_1] perf_8g_10_180_9_1783930611805 login count 1
[log] [login_1] perf_8g_10_180_15_1783930611805 login count 1
log accepted 127.0.0.1:51737 as conn 3
[log] [gate_1] perf_8g_10_180_0_1783930611803 enter map_1 as unit 1000
log accepted 127.0.0.1:51746 as conn 4
log accepted 127.0.0.1:51747 as conn 5
log accepted 127.0.0.1:51748 as conn 6
log accepted 127.0.0.1:51749 as conn 7
log accepted 127.0.0.1:51750 as conn 8
[log] [gate_5] perf_8g_10_180_7_1783930611805 enter map_1 as unit 1002
log accepted 127.0.0.1:51751 as conn 9
[log] [gate_2] perf_8g_10_180_1_1783930611804 enter map_1 as unit 1001
[log] [gate_7] perf_8g_10_180_5_1783930611805 enter map_1 as unit 1006
[log] [gate_6] perf_8g_10_180_3_1783930611804 enter map_1 as unit 1003
[log] [gate_3] perf_8g_10_180_4_1783930611804 enter map_1 as unit 1004
[log] [gate_4] perf_8g_10_180_2_1783930611804 enter map_1 as unit 1005
log accepted 127.0.0.1:51753 as conn 10
[log] [gate_1] perf_8g_10_180_10_1783930611805 enter map_1 as unit 1008
[log] [login_1] perf_8g_10_180_16_1783930611830 login count 1
[log] [gate_5] perf_8g_10_180_13_1783930611805 enter map_1 as unit 1009
[log] [login_1] perf_8g_10_180_17_1783930611832 login count 1
[log] [gate_6] perf_8g_10_180_14_1783930611805 enter map_1 as unit 1013
[log] [gate_3] perf_8g_10_180_6_1783930611805 enter map_1 as unit 1010
[log] [gate_2] perf_8g_10_180_11_1783930611805 enter map_1 as unit 1011
[log] [gate_7] perf_8g_10_180_9_1783930611805 enter map_1 as unit 1014
[log] [gate_4] perf_8g_10_180_12_1783930611805 enter map_1 as unit 1012
[log] [gate_1] perf_8g_10_180_16_1783930611830 enter map_1 as unit 1015
[log] [login_1] perf_8g_10_180_18_1783930611834 login count 1
[log] [login_1] perf_8g_10_180_19_1783930611834 login count 1
[log] [gate_2] perf_8g_10_180_17_1783930611832 enter map_1 as unit 1016
[log] [login_1] perf_8g_10_180_20_1783930611835 login count 1
[log] [gate_8] perf_8g_10_180_8_1783930611805 enter map_1 as unit 1007
[log] [login_1] perf_8g_10_180_21_1783930611836 login count 1
[log] [login_1] perf_8g_10_180_22_1783930611836 login count 1
[log] [login_1] perf_8g_10_180_23_1783930611837 login count 1
[log] [login_1] perf_8g_10_180_24_1783930611837 login count 1
[log] [login_1] perf_8g_10_180_25_1783930611837 login count 1
[log] [login_1] perf_8g_10_180_26_1783930611837 login count 1
[log] [login_1] perf_8g_10_180_27_1783930611838 login count 1
[log] [login_1] perf_8g_10_180_28_1783930611838 login count 1
[log] [login_1] perf_8g_10_180_29_1783930611838 login count 1
[log] [login_1] perf_8g_10_180_30_1783930611838 login count 1
[log] [gate_8] perf_8g_10_180_15_1783930611805 enter map_1 as unit 1017
[log] [gate_3] perf_8g_10_180_18_1783930611834 enter map_1 as unit 1018
[log] [gate_4] perf_8g_10_180_19_1783930611834 enter map_1 as unit 1019
[log] [login_1] perf_8g_10_180_31_1783930611842 login count 1
[log] [gate_5] perf_8g_10_180_20_1783930611835 enter map_1 as unit 1020
[log] [gate_6] perf_8g_10_180_21_1783930611836 enter map_1 as unit 1021
[log] [gate_8] perf_8g_10_180_23_1783930611837 enter map_1 as unit 1022
[log] [gate_2] perf_8g_10_180_25_1783930611837 enter map_1 as unit 1025
[log] [gate_1] perf_8g_10_180_24_1783930611837 enter map_1 as unit 1024
[log] [gate_7] perf_8g_10_180_22_1783930611836 enter map_1 as unit 1023
[log] [login_1] perf_8g_10_180_32_1783930611848 login count 1
[log] [gate_5] perf_8g_10_180_28_1783930611838 enter map_1 as unit 1028
[log] [gate_3] perf_8g_10_180_26_1783930611837 enter map_1 as unit 1026
[log] [gate_6] perf_8g_10_180_29_1783930611838 enter map_1 as unit 1029
[log] [gate_4] perf_8g_10_180_27_1783930611838 enter map_1 as unit 1027
[log] [login_1] perf_8g_10_180_33_1783930611848 login count 1
[log] [login_1] perf_8g_10_180_34_1783930611849 login count 1
[log] [gate_7] perf_8g_10_180_30_1783930611838 enter map_1 as unit 1030
[log] [login_1] perf_8g_10_180_35_1783930611849 login count 1
[log] [login_1] perf_8g_10_180_36_1783930611850 login count 1
[log] [gate_8] perf_8g_10_180_31_1783930611842 enter map_1 as unit 1031
[log] [login_1] perf_8g_10_180_37_1783930611851 login count 1
[log] [login_1] perf_8g_10_180_38_1783930611854 login count 1
[log] [login_1] perf_8g_10_180_39_1783930611854 login count 1
[log] [login_1] perf_8g_10_180_40_1783930611854 login count 1
[log] [gate_1] perf_8g_10_180_32_1783930611848 enter map_1 as unit 1032
[log] [gate_3] perf_8g_10_180_34_1783930611849 enter map_1 as unit 1033
[log] [gate_2] perf_8g_10_180_33_1783930611848 enter map_1 as unit 1034
[log] [login_1] perf_8g_10_180_41_1783930611857 login count 1
[log] [login_1] perf_8g_10_180_42_1783930611857 login count 1
[log] [gate_4] perf_8g_10_180_35_1783930611849 enter map_1 as unit 1035
[log] [login_1] perf_8g_10_180_43_1783930611857 login count 1
[log] [gate_5] perf_8g_10_180_36_1783930611850 enter map_1 as unit 1036
[log] [login_1] perf_8g_10_180_44_1783930611858 login count 1
[log] [login_1] perf_8g_10_180_45_1783930611859 login count 1
[log] [login_1] perf_8g_10_180_46_1783930611859 login count 1
[log] [gate_6] perf_8g_10_180_37_1783930611851 enter map_1 as unit 1037
[log] [login_1] perf_8g_10_180_47_1783930611860 login count 1
[log] [gate_7] perf_8g_10_180_38_1783930611854 enter map_1 as unit 1038
[log] [gate_8] perf_8g_10_180_39_1783930611854 enter map_1 as unit 1039
[log] [gate_1] perf_8g_10_180_40_1783930611854 enter map_1 as unit 1040
[log] [login_1] perf_8g_10_180_48_1783930611865 login count 1
[log] [gate_2] perf_8g_10_180_41_1783930611857 enter map_1 as unit 1041
[log] [login_1] perf_8g_10_180_49_1783930611865 login count 1
[log] [login_1] perf_8g_10_180_50_1783930611866 login count 1
[log] [login_1] perf_8g_10_180_51_1783930611867 login count 1
[log] [gate_3] perf_8g_10_180_42_1783930611857 enter map_1 as unit 1042
[log] [gate_4] perf_8g_10_180_43_1783930611857 enter map_1 as unit 1043
[log] [login_1] perf_8g_10_180_52_1783930611868 login count 1
[log] [login_1] perf_8g_10_180_53_1783930611869 login count 1
[log] [gate_5] perf_8g_10_180_44_1783930611858 enter map_1 as unit 1044
[log] [gate_7] perf_8g_10_180_46_1783930611859 enter map_1 as unit 1046
[log] [gate_6] perf_8g_10_180_45_1783930611859 enter map_1 as unit 1045
[log] [gate_8] perf_8g_10_180_47_1783930611860 enter map_1 as unit 1047
[log] [login_1] perf_8g_10_180_54_1783930611871 login count 1
[log] [login_1] perf_8g_10_180_55_1783930611873 login count 1
[log] [gate_1] perf_8g_10_180_48_1783930611865 enter map_1 as unit 1048
[log] [login_1] perf_8g_10_180_56_1783930611874 login count 1
[log] [gate_2] perf_8g_10_180_49_1783930611865 enter map_1 as unit 1049
[log] [login_1] perf_8g_10_180_57_1783930611877 login count 1
[log] [gate_4] perf_8g_10_180_51_1783930611867 enter map_1 as unit 1051
[log] [gate_5] perf_8g_10_180_52_1783930611868 enter map_1 as unit 1052
[log] [gate_3] perf_8g_10_180_50_1783930611866 enter map_1 as unit 1050
[log] [login_1] perf_8g_10_180_58_1783930611879 login count 1
[log] [login_1] perf_8g_10_180_59_1783930611879 login count 1
[log] [gate_6] perf_8g_10_180_53_1783930611869 enter map_1 as unit 1053
[log] [login_1] perf_8g_10_180_60_1783930611881 login count 1
[log] [gate_7] perf_8g_10_180_54_1783930611871 enter map_1 as unit 1054
[log] [gate_8] perf_8g_10_180_55_1783930611873 enter map_1 as unit 1055
[log] [login_1] perf_8g_10_180_61_1783930611881 login count 1
[log] [login_1] perf_8g_10_180_62_1783930611881 login count 1
[log] [login_1] perf_8g_10_180_63_1783930611882 login count 1
[log] [gate_1] perf_8g_10_180_56_1783930611874 enter map_1 as unit 1056
[log] [login_1] perf_8g_10_180_64_1783930611885 login count 1
[log] [gate_2] perf_8g_10_180_57_1783930611877 enter map_1 as unit 1058
[log] [gate_3] perf_8g_10_180_58_1783930611879 enter map_1 as unit 1057
[log] [login_1] perf_8g_10_180_65_1783930611888 login count 1
[log] [gate_4] perf_8g_10_180_59_1783930611879 enter map_1 as unit 1059
[log] [login_1] perf_8g_10_180_66_1783930611890 login count 1
[log] [login_1] perf_8g_10_180_67_1783930611891 login count 1
[log] [login_1] perf_8g_10_180_68_1783930611891 login count 1
[log] [gate_5] perf_8g_10_180_60_1783930611881 enter map_1 as unit 1060
[log] [login_1] perf_8g_10_180_69_1783930611892 login count 1
[log] [gate_6] perf_8g_10_180_61_1783930611881 enter map_1 as unit 1061
[log] [login_1] perf_8g_10_180_70_1783930611894 login count 1
[log] [gate_8] perf_8g_10_180_63_1783930611882 enter map_1 as unit 1063
[log] [gate_7] perf_8g_10_180_62_1783930611881 enter map_1 as unit 1062
[log] [login_1] perf_8g_10_180_71_1783930611895 login count 1
[log] [login_1] perf_8g_10_180_72_1783930611898 login count 1
[log] [gate_1] perf_8g_10_180_64_1783930611885 enter map_1 as unit 1064
[log] [gate_2] perf_8g_10_180_65_1783930611888 enter map_1 as unit 1065
[log] [gate_3] perf_8g_10_180_66_1783930611890 enter map_1 as unit 1066
[log] [login_1] perf_8g_10_180_73_1783930611903 login count 1
[log] [login_1] perf_8g_10_180_74_1783930611903 login count 1
[log] [login_1] perf_8g_10_180_75_1783930611905 login count 1
[log] [gate_5] perf_8g_10_180_68_1783930611891 enter map_1 as unit 1068
[log] [gate_4] perf_8g_10_180_67_1783930611891 enter map_1 as unit 1067
[log] [login_1] perf_8g_10_180_76_1783930611907 login count 1
[log] [login_1] perf_8g_10_180_77_1783930611908 login count 1
[log] [gate_7] perf_8g_10_180_70_1783930611894 enter map_1 as unit 1070
[log] [gate_6] perf_8g_10_180_69_1783930611892 enter map_1 as unit 1069
[log] [login_1] perf_8g_10_180_78_1783930611909 login count 1
[log] [gate_8] perf_8g_10_180_71_1783930611895 enter map_1 as unit 1071
[log] [login_1] perf_8g_10_180_79_1783930611909 login count 1
[log] [gate_1] perf_8g_10_180_72_1783930611898 enter map_1 as unit 1072
[log] [login_1] perf_8g_10_180_80_1783930611913 login count 1
[log] [login_1] perf_8g_10_180_81_1783930611915 login count 1
[log] [login_1] perf_8g_10_180_82_1783930611917 login count 1
[log] [gate_2] perf_8g_10_180_73_1783930611903 enter map_1 as unit 1073
[log] [login_1] perf_8g_10_180_83_1783930611920 login count 1
[log] [login_1] perf_8g_10_180_84_1783930611920 login count 1
[log] [gate_4] perf_8g_10_180_75_1783930611905 enter map_1 as unit 1075
[log] [gate_3] perf_8g_10_180_74_1783930611903 enter map_1 as unit 1074
[log] [login_1] perf_8g_10_180_85_1783930611923 login count 1
[log] [login_1] perf_8g_10_180_86_1783930611924 login count 1
[log] [login_1] perf_8g_10_180_87_1783930611925 login count 1
[log] [gate_5] perf_8g_10_180_76_1783930611907 enter map_1 as unit 1076
[log] [gate_6] perf_8g_10_180_77_1783930611908 enter map_1 as unit 1077
[log] [login_1] perf_8g_10_180_88_1783930611925 login count 1
[log] [gate_8] perf_8g_10_180_79_1783930611909 enter map_1 as unit 1079
[log] [gate_7] perf_8g_10_180_78_1783930611909 enter map_1 as unit 1078
[log] [gate_1] perf_8g_10_180_80_1783930611913 enter map_1 as unit 1080
[log] [gate_3] perf_8g_10_180_82_1783930611917 enter map_1 as unit 1082
[log] [gate_2] perf_8g_10_180_81_1783930611915 enter map_1 as unit 1081
[log] [login_1] perf_8g_10_180_89_1783930611931 login count 1
[log] [login_1] perf_8g_10_180_90_1783930611934 login count 1
[log] [gate_5] perf_8g_10_180_84_1783930611920 enter map_1 as unit 1084
[log] [gate_4] perf_8g_10_180_83_1783930611920 enter map_1 as unit 1083
[log] [login_1] perf_8g_10_180_91_1783930611935 login count 1
[log] [login_1] perf_8g_10_180_92_1783930611937 login count 1
[log] [login_1] perf_8g_10_180_93_1783930611938 login count 1
[log] [login_1] perf_8g_10_180_94_1783930611940 login count 1
[log] [login_1] perf_8g_10_180_95_1783930611940 login count 1
[log] [gate_6] perf_8g_10_180_85_1783930611923 enter map_1 as unit 1085
[log] [gate_1] perf_8g_10_180_88_1783930611925 enter map_1 as unit 1088
[log] [gate_8] perf_8g_10_180_87_1783930611925 enter map_1 as unit 1087
[log] [gate_7] perf_8g_10_180_86_1783930611924 enter map_1 as unit 1086
[log] [login_1] perf_8g_10_180_96_1783930611942 login count 1
[log] [gate_2] perf_8g_10_180_89_1783930611931 enter map_1 as unit 1089
[log] [login_1] perf_8g_10_180_97_1783930611945 login count 1
[log] [gate_3] perf_8g_10_180_90_1783930611934 enter map_1 as unit 1090
[log] [login_1] perf_8g_10_180_98_1783930611946 login count 1
[log] [gate_4] perf_8g_10_180_91_1783930611935 enter map_1 as unit 1091
[log] [login_1] perf_8g_10_180_99_1783930611950 login count 1
[log] [login_1] perf_8g_10_180_100_1783930611950 login count 1
[log] [gate_5] perf_8g_10_180_92_1783930611937 enter map_1 as unit 1092
[log] [gate_6] perf_8g_10_180_93_1783930611938 enter map_1 as unit 1093
[log] [gate_7] perf_8g_10_180_94_1783930611940 enter map_1 as unit 1094
[log] [gate_8] perf_8g_10_180_95_1783930611940 enter map_1 as unit 1095
[log] [login_1] perf_8g_10_180_101_1783930611955 login count 1
[log] [gate_1] perf_8g_10_180_96_1783930611942 enter map_1 as unit 1096
[log] [login_1] perf_8g_10_180_102_1783930611955 login count 1
[log] [login_1] perf_8g_10_180_103_1783930611955 login count 1
[log] [login_1] perf_8g_10_180_104_1783930611956 login count 1
[log] [gate_2] perf_8g_10_180_97_1783930611945 enter map_1 as unit 1097
[log] [gate_3] perf_8g_10_180_98_1783930611946 enter map_1 as unit 1098
[log] [login_1] perf_8g_10_180_105_1783930611960 login count 1
[log] [login_1] perf_8g_10_180_106_1783930611961 login count 1
[log] [gate_4] perf_8g_10_180_99_1783930611950 enter map_1 as unit 1099
[log] [login_1] perf_8g_10_180_107_1783930611965 login count 1
[log] [gate_5] perf_8g_10_180_100_1783930611950 enter map_1 as unit 1100
[log] [login_1] perf_8g_10_180_108_1783930611968 login count 1
[log] [login_1] perf_8g_10_180_109_1783930611969 login count 1
[log] [login_1] perf_8g_10_180_110_1783930611970 login count 1
[log] [gate_6] perf_8g_10_180_101_1783930611955 enter map_1 as unit 1101
[log] [login_1] perf_8g_10_180_111_1783930611972 login count 1
[log] [login_1] perf_8g_10_180_112_1783930611975 login count 1
[log] [login_1] perf_8g_10_180_113_1783930611978 login count 1
[log] [gate_7] perf_8g_10_180_102_1783930611955 enter map_1 as unit 1102
[log] [gate_1] perf_8g_10_180_104_1783930611956 enter map_1 as unit 1103
[log] [gate_8] perf_8g_10_180_103_1783930611955 enter map_1 as unit 1104
[log] [login_1] perf_8g_10_180_114_1783930611979 login count 1
[log] [gate_2] perf_8g_10_180_105_1783930611960 enter map_1 as unit 1105
[log] [gate_3] perf_8g_10_180_106_1783930611961 enter map_1 as unit 1106
[log] [login_1] perf_8g_10_180_115_1783930611983 login count 1
[log] [login_1] perf_8g_10_180_116_1783930611985 login count 1
[log] [gate_5] perf_8g_10_180_108_1783930611968 enter map_1 as unit 1108
[log] [gate_4] perf_8g_10_180_107_1783930611965 enter map_1 as unit 1107
[log] [login_1] perf_8g_10_180_117_1783930611989 login count 1
[log] [login_1] perf_8g_10_180_118_1783930611994 login count 1
[log] [gate_1] perf_8g_10_180_112_1783930611975 enter map_1 as unit 1112
[log] [gate_8] perf_8g_10_180_111_1783930611972 enter map_1 as unit 1111
[log] [gate_6] perf_8g_10_180_109_1783930611969 enter map_1 as unit 1109
[log] [gate_7] perf_8g_10_180_110_1783930611970 enter map_1 as unit 1110
[log] [login_1] perf_8g_10_180_119_1783930611994 login count 1
[log] [login_1] perf_8g_10_180_120_1783930611995 login count 1
[log] [login_1] perf_8g_10_180_121_1783930611997 login count 1
[log] [login_1] perf_8g_10_180_122_1783930611998 login count 1
[log] [gate_2] perf_8g_10_180_113_1783930611978 enter map_1 as unit 1113
[log] [gate_3] perf_8g_10_180_114_1783930611979 enter map_1 as unit 1114
[log] [login_1] perf_8g_10_180_123_1783930612003 login count 1
[log] [login_1] perf_8g_10_180_124_1783930612003 login count 1
[log] [gate_5] perf_8g_10_180_116_1783930611985 enter map_1 as unit 1116
[log] [gate_4] perf_8g_10_180_115_1783930611983 enter map_1 as unit 1115
[log] [gate_6] perf_8g_10_180_117_1783930611989 enter map_1 as unit 1117
[log] [login_1] perf_8g_10_180_125_1783930612007 login count 1
[log] [login_1] perf_8g_10_180_126_1783930612008 login count 1
[log] [login_1] perf_8g_10_180_127_1783930612008 login count 1
[log] [login_1] perf_8g_10_180_128_1783930612009 login count 1
[log] [gate_7] perf_8g_10_180_118_1783930611994 enter map_1 as unit 1118
[log] [gate_8] perf_8g_10_180_119_1783930611994 enter map_1 as unit 1119
[log] [login_1] perf_8g_10_180_129_1783930612013 login count 1
[log] [login_1] perf_8g_10_180_130_1783930612013 login count 1
[log] [gate_2] perf_8g_10_180_121_1783930611997 enter map_1 as unit 1121
[log] [gate_3] perf_8g_10_180_122_1783930611998 enter map_1 as unit 1122
[log] [gate_1] perf_8g_10_180_120_1783930611995 enter map_1 as unit 1120
[log] [login_1] perf_8g_10_180_131_1783930612019 login count 1
[log] [login_1] perf_8g_10_180_132_1783930612019 login count 1
[log] [gate_5] perf_8g_10_180_124_1783930612003 enter map_1 as unit 1124
[log] [gate_4] perf_8g_10_180_123_1783930612003 enter map_1 as unit 1123
[log] [login_1] perf_8g_10_180_133_1783930612021 login count 1
[log] [gate_6] perf_8g_10_180_125_1783930612007 enter map_1 as unit 1125
[log] [gate_8] perf_8g_10_180_127_1783930612008 enter map_1 as unit 1127
[log] [login_1] perf_8g_10_180_134_1783930612026 login count 1
[log] [gate_7] perf_8g_10_180_126_1783930612008 enter map_1 as unit 1126
[log] [login_1] perf_8g_10_180_135_1783930612027 login count 1
[log] [gate_1] perf_8g_10_180_128_1783930612009 enter map_1 as unit 1128
[log] [gate_2] perf_8g_10_180_129_1783930612013 enter map_1 as unit 1129
[log] [login_1] perf_8g_10_180_136_1783930612032 login count 1
[log] [login_1] perf_8g_10_180_137_1783930612033 login count 1
[log] [login_1] perf_8g_10_180_138_1783930612033 login count 1
[log] [gate_3] perf_8g_10_180_130_1783930612013 enter map_1 as unit 1130
[log] [login_1] perf_8g_10_180_139_1783930612039 login count 1
[log] [login_1] perf_8g_10_180_140_1783930612039 login count 1
[log] [gate_5] perf_8g_10_180_132_1783930612019 enter map_1 as unit 1132
[log] [gate_4] perf_8g_10_180_131_1783930612019 enter map_1 as unit 1131
[log] [login_1] perf_8g_10_180_141_1783930612045 login count 1
[log] [login_1] perf_8g_10_180_142_1783930612046 login count 1
[log] [login_1] perf_8g_10_180_143_1783930612047 login count 1
[log] [login_1] perf_8g_10_180_144_1783930612050 login count 1
[log] [login_1] perf_8g_10_180_145_1783930612050 login count 1
[log] [gate_8] perf_8g_10_180_135_1783930612027 enter map_1 as unit 1135
[log] [gate_6] perf_8g_10_180_133_1783930612021 enter map_1 as unit 1133
[log] [gate_7] perf_8g_10_180_134_1783930612026 enter map_1 as unit 1134
[log] [login_1] perf_8g_10_180_146_1783930612055 login count 1
[log] [login_1] perf_8g_10_180_147_1783930612059 login count 1
[log] [login_1] perf_8g_10_180_148_1783930612060 login count 1
[log] [gate_1] perf_8g_10_180_136_1783930612032 enter map_1 as unit 1136
[log] [gate_3] perf_8g_10_180_138_1783930612033 enter map_1 as unit 1138
[log] [gate_2] perf_8g_10_180_137_1783930612033 enter map_1 as unit 1137
[log] [login_1] perf_8g_10_180_149_1783930612066 login count 1
[log] [login_1] perf_8g_10_180_150_1783930612067 login count 1
[log] [login_1] perf_8g_10_180_151_1783930612067 login count 1
[log] [login_1] perf_8g_10_180_152_1783930612072 login count 1
[log] [login_1] perf_8g_10_180_153_1783930612073 login count 1
[log] [login_1] perf_8g_10_180_154_1783930612074 login count 1
[log] [gate_4] perf_8g_10_180_139_1783930612039 enter map_1 as unit 1139
[log] [gate_8] perf_8g_10_180_143_1783930612047 enter map_1 as unit 1142
[log] [gate_6] perf_8g_10_180_141_1783930612045 enter map_1 as unit 1141
[log] [gate_7] perf_8g_10_180_142_1783930612046 enter map_1 as unit 1143
[log] [gate_5] perf_8g_10_180_140_1783930612039 enter map_1 as unit 1140
[log] [gate_2] perf_8g_10_180_145_1783930612050 enter map_1 as unit 1144
[log] [gate_3] perf_8g_10_180_146_1783930612055 enter map_1 as unit 1146
[log] [gate_1] perf_8g_10_180_144_1783930612050 enter map_1 as unit 1145
[log] [login_1] perf_8g_10_180_155_1783930612083 login count 1
[log] [login_1] perf_8g_10_180_156_1783930612084 login count 1
[log] [login_1] perf_8g_10_180_157_1783930612085 login count 1
[log] [login_1] perf_8g_10_180_158_1783930612086 login count 1
[log] [login_1] perf_8g_10_180_159_1783930612087 login count 1
[log] [login_1] perf_8g_10_180_161_1783930612090 login count 1
[log] [login_1] perf_8g_10_180_160_1783930612089 login count 1
[log] [login_1] perf_8g_10_180_162_1783930612092 login count 1
[log] [gate_5] perf_8g_10_180_148_1783930612060 enter map_1 as unit 1151
[log] [gate_6] perf_8g_10_180_149_1783930612066 enter map_1 as unit 1147
[log] [gate_8] perf_8g_10_180_151_1783930612067 enter map_1 as unit 1148
[log] [gate_4] perf_8g_10_180_147_1783930612059 enter map_1 as unit 1150
[log] [gate_7] perf_8g_10_180_150_1783930612067 enter map_1 as unit 1149
[log] [login_1] perf_8g_10_180_163_1783930612100 login count 1
[log] [gate_3] perf_8g_10_180_154_1783930612074 enter map_1 as unit 1152
[log] [gate_1] perf_8g_10_180_152_1783930612072 enter map_1 as unit 1153
[log] [login_1] perf_8g_10_180_164_1783930612101 login count 1
[log] [gate_2] perf_8g_10_180_153_1783930612073 enter map_1 as unit 1154
[log] [login_1] perf_8g_10_180_166_1783930612103 login count 1
[log] [login_1] perf_8g_10_180_165_1783930612102 login count 1
[log] [login_1] perf_8g_10_180_167_1783930612104 login count 1
[log] [login_1] perf_8g_10_180_168_1783930612109 login count 1
[log] [login_1] perf_8g_10_180_169_1783930612110 login count 1
[log] [login_1] perf_8g_10_180_170_1783930612111 login count 1
[log] [gate_5] perf_8g_10_180_156_1783930612084 enter map_1 as unit 1155
[log] [gate_6] perf_8g_10_180_157_1783930612085 enter map_1 as unit 1159
[log] [gate_7] perf_8g_10_180_158_1783930612086 enter map_1 as unit 1158
[log] [gate_8] perf_8g_10_180_159_1783930612087 enter map_1 as unit 1157
[log] [gate_4] perf_8g_10_180_155_1783930612083 enter map_1 as unit 1156
[log] [gate_3] perf_8g_10_180_162_1783930612092 enter map_1 as unit 1161
[log] [gate_1] perf_8g_10_180_161_1783930612090 enter map_1 as unit 1162
[log] [gate_2] perf_8g_10_180_160_1783930612089 enter map_1 as unit 1160
[log] [login_1] perf_8g_10_180_172_1783930612123 login count 1
[log] [login_1] perf_8g_10_180_171_1783930612121 login count 1
[log] [login_1] perf_8g_10_180_173_1783930612123 login count 1
[log] [login_1] perf_8g_10_180_174_1783930612124 login count 1
[log] [login_1] perf_8g_10_180_175_1783930612125 login count 1
[log] [login_1] perf_8g_10_180_176_1783930612129 login count 1
[log] [login_1] perf_8g_10_180_177_1783930612131 login count 1
[log] [login_1] perf_8g_10_180_178_1783930612131 login count 1
[log] [gate_6] perf_8g_10_180_166_1783930612103 enter map_1 as unit 1164
[log] [gate_4] perf_8g_10_180_163_1783930612100 enter map_1 as unit 1163
[log] [gate_8] perf_8g_10_180_167_1783930612104 enter map_1 as unit 1166
[log] [gate_5] perf_8g_10_180_164_1783930612101 enter map_1 as unit 1167
[log] [gate_7] perf_8g_10_180_165_1783930612102 enter map_1 as unit 1165
[log] [login_1] perf_8g_10_180_179_1783930612142 login count 1
[log] [gate_1] perf_8g_10_180_168_1783930612109 enter map_1 as unit 1169
[log] [gate_2] perf_8g_10_180_169_1783930612110 enter map_1 as unit 1170
[log] [gate_3] perf_8g_10_180_170_1783930612111 enter map_1 as unit 1168
[log] [gate_8] perf_8g_10_180_175_1783930612125 enter map_1 as unit 1171
[log] [gate_4] perf_8g_10_180_172_1783930612123 enter map_1 as unit 1175
[log] [gate_5] perf_8g_10_180_171_1783930612121 enter map_1 as unit 1174
[log] [gate_6] perf_8g_10_180_173_1783930612123 enter map_1 as unit 1172
[log] [gate_7] perf_8g_10_180_174_1783930612124 enter map_1 as unit 1173
[log] [gate_2] perf_8g_10_180_177_1783930612131 enter map_1 as unit 1177
[log] [gate_3] perf_8g_10_180_178_1783930612131 enter map_1 as unit 1178
[log] [gate_1] perf_8g_10_180_176_1783930612129 enter map_1 as unit 1176
[log] [gate_4] perf_8g_10_180_179_1783930612142 enter map_1 as unit 1179
[metrics:inner_transport] active=0 opened=0 pending=0 max_pending=0 overloads=0 timeouts=0 disconnected_calls=0 late_responses=0 idle_closes=0
[process-metrics] process=log cpu_percent=1.55 cpu_time_ms=109 rss_bytes=36597760 v8_heap_used_bytes=2480424 v8_heap_total_bytes=6037504 v8_gc_count=3 v8_gc_ms=0.890 timestamp_ms=1783930616609
[metrics:log] scene=log type=Log processed=360 failed=0 ts_queue=0 ts_max_queue=7 rust_queue=0 rust_max_queue=7 backpressure=0 slow_disconnects=0 update_ms=0.00 handler_ms=0.00 max_handler_ms=1.00 total_handler_ms=10.00
[metrics:inner_transport] active=0 opened=0 pending=0 max_pending=0 overloads=0 timeouts=0 disconnected_calls=0 late_responses=0 idle_closes=0
[process-metrics] process=log cpu_percent=0.61 cpu_time_ms=140 rss_bytes=36605952 v8_heap_used_bytes=2619096 v8_heap_total_bytes=6037504 v8_gc_count=3 v8_gc_ms=0.890 timestamp_ms=1783930621671
[metrics:log] scene=log type=Log processed=360 failed=0 ts_queue=0 ts_max_queue=7 rust_queue=0 rust_max_queue=7 backpressure=0 slow_disconnects=0 update_ms=0.00 handler_ms=0.00 max_handler_ms=1.00 total_handler_ms=10.00
[metrics:inner_transport] active=0 opened=0 pending=0 max_pending=0 overloads=0 timeouts=0 disconnected_calls=0 late_responses=0 idle_closes=0
[process-metrics] process=log cpu_percent=0.32 cpu_time_ms=156 rss_bytes=36958208 v8_heap_used_bytes=2774424 v8_heap_total_bytes=6037504 v8_gc_count=3 v8_gc_ms=0.890 timestamp_ms=1783930626673
[metrics:log] scene=log type=Log processed=360 failed=0 ts_queue=0 ts_max_queue=7 rust_queue=0 rust_max_queue=7 backpressure=0 slow_disconnects=0 update_ms=0.00 handler_ms=0.00 max_handler_ms=1.00 total_handler_ms=10.00
[metrics:inner_transport] active=0 opened=0 pending=0 max_pending=0 overloads=0 timeouts=0 disconnected_calls=0 late_responses=0 idle_closes=0
[process-metrics] process=log cpu_percent=0.61 cpu_time_ms=187 rss_bytes=37097472 v8_heap_used_bytes=2904024 v8_heap_total_bytes=6037504 v8_gc_count=3 v8_gc_ms=0.890 timestamp_ms=1783930631764
[metrics:log] scene=log type=Log processed=360 failed=0 ts_queue=0 ts_max_queue=7 rust_queue=0 rust_max_queue=7 backpressure=0 slow_disconnects=0 update_ms=0.00 handler_ms=0.00 max_handler_ms=1.00 total_handler_ms=10.00
[metrics:inner_transport] active=0 opened=0 pending=0 max_pending=0 overloads=0 timeouts=0 disconnected_calls=0 late_responses=0 idle_closes=0
[process-metrics] process=log cpu_percent=0.62 cpu_time_ms=218 rss_bytes=37163008 v8_heap_used_bytes=3032024 v8_heap_total_bytes=6037504 v8_gc_count=3 v8_gc_ms=0.890 timestamp_ms=1783930636752
[metrics:log] scene=log type=Log processed=360 failed=0 ts_queue=0 ts_max_queue=7 rust_queue=0 rust_max_queue=7 backpressure=0 slow_disconnects=0 update_ms=0.00 handler_ms=0.00 max_handler_ms=1.00 total_handler_ms=10.00
[metrics:inner_transport] active=0 opened=0 pending=0 max_pending=0 overloads=0 timeouts=0 disconnected_calls=0 late_responses=0 idle_closes=0
[process-metrics] process=log cpu_percent=0.00 cpu_time_ms=218 rss_bytes=37244928 v8_heap_used_bytes=3161672 v8_heap_total_bytes=6299648 v8_gc_count=3 v8_gc_ms=0.890 timestamp_ms=1783930641807
[metrics:log] scene=log type=Log processed=360 failed=0 ts_queue=0 ts_max_queue=7 rust_queue=0 rust_max_queue=7 backpressure=0 slow_disconnects=0 update_ms=0.00 handler_ms=0.00 max_handler_ms=1.00 total_handler_ms=10.00
[metrics:inner_transport] active=0 opened=0 pending=0 max_pending=0 overloads=0 timeouts=0 disconnected_calls=0 late_responses=0 idle_closes=0
[process-metrics] process=log cpu_percent=0.63 cpu_time_ms=250 rss_bytes=37552128 v8_heap_used_bytes=3295544 v8_heap_total_bytes=6299648 v8_gc_count=3 v8_gc_ms=0.890 timestamp_ms=1783930646878
[metrics:log] scene=log type=Log processed=360 failed=0 ts_queue=0 ts_max_queue=7 rust_queue=0 rust_max_queue=7 backpressure=0 slow_disconnects=0 update_ms=0.00 handler_ms=0.00 max_handler_ms=1.00 total_handler_ms=10.00
[metrics:inner_transport] active=0 opened=0 pending=0 max_pending=0 overloads=0 timeouts=0 disconnected_calls=0 late_responses=0 idle_closes=0
[process-metrics] process=log cpu_percent=0.30 cpu_time_ms=265 rss_bytes=37687296 v8_heap_used_bytes=3422288 v8_heap_total_bytes=6561792 v8_gc_count=3 v8_gc_ms=0.890 timestamp_ms=1783930651875
[metrics:log] scene=log type=Log processed=360 failed=0 ts_queue=0 ts_max_queue=7 rust_queue=0 rust_max_queue=7 backpressure=0 slow_disconnects=0 update_ms=0.00 handler_ms=0.00 max_handler_ms=1.00 total_handler_ms=10.00
