starting process log with one V8 and 1 scene(s) from E:\VsCode\skynet\ets_runtime\perf\results\runtime_configs\map_capacity_20260713_081609\180p_8g_r3\log.json
scene log (Log) listening on 127.0.0.1:7100
[process:log] one V8 started with 1 scene(s)
[log] Log scene started at 127.0.0.1:7100
log accepted 127.0.0.1:49156 as conn 1
log accepted 127.0.0.1:49199 as conn 2
[log] [login_1] perf_8g_10_180_0_1783930653944 login count 1
[log] [login_1] perf_8g_10_180_2_1783930653945 login count 1
[log] [login_1] perf_8g_10_180_1_1783930653945 login count 1
[log] [login_1] perf_8g_10_180_4_1783930653945 login count 1
[log] [login_1] perf_8g_10_180_5_1783930653945 login count 1
[log] [login_1] perf_8g_10_180_3_1783930653945 login count 1
[log] [login_1] perf_8g_10_180_8_1783930653945 login count 1
[log] [login_1] perf_8g_10_180_6_1783930653945 login count 1
[log] [login_1] perf_8g_10_180_7_1783930653945 login count 1
[log] [login_1] perf_8g_10_180_9_1783930653945 login count 1
[log] [login_1] perf_8g_10_180_10_1783930653945 login count 1
[log] [login_1] perf_8g_10_180_12_1783930653945 login count 1
[log] [login_1] perf_8g_10_180_11_1783930653945 login count 1
[log] [login_1] perf_8g_10_180_13_1783930653945 login count 1
[log] [login_1] perf_8g_10_180_14_1783930653945 login count 1
[log] [login_1] perf_8g_10_180_15_1783930653945 login count 1
log accepted 127.0.0.1:49227 as conn 3
[log] [gate_1] perf_8g_10_180_0_1783930653944 enter map_1 as unit 1000
[log] [login_1] perf_8g_10_180_16_1783930653969 login count 1
log accepted 127.0.0.1:49240 as conn 4
log accepted 127.0.0.1:49241 as conn 5
log accepted 127.0.0.1:49237 as conn 6
log accepted 127.0.0.1:49242 as conn 7
log accepted 127.0.0.1:49239 as conn 8
[log] [gate_7] perf_8g_10_180_8_1783930653945 enter map_1 as unit 1005
[log] [gate_4] perf_8g_10_180_4_1783930653945 enter map_1 as unit 1002
[log] [gate_5] perf_8g_10_180_5_1783930653945 enter map_1 as unit 1003
[log] [gate_2] perf_8g_10_180_2_1783930653945 enter map_1 as unit 1001
[log] [gate_3] perf_8g_10_180_1_1783930653945 enter map_1 as unit 1004
[log] [gate_1] perf_8g_10_180_7_1783930653945 enter map_1 as unit 1008
log accepted 127.0.0.1:49243 as conn 9
log accepted 127.0.0.1:49244 as conn 10
[log] [gate_8] perf_8g_10_180_15_1783930653945 enter map_1 as unit 1006
[log] [gate_6] perf_8g_10_180_3_1783930653945 enter map_1 as unit 1007
[log] [gate_3] perf_8g_10_180_10_1783930653945 enter map_1 as unit 1009
[log] [gate_7] perf_8g_10_180_14_1783930653945 enter map_1 as unit 1010
[log] [gate_5] perf_8g_10_180_11_1783930653945 enter map_1 as unit 1012
[log] [gate_2] perf_8g_10_180_9_1783930653945 enter map_1 as unit 1013
[log] [login_1] perf_8g_10_180_17_1783930653992 login count 1
[log] [gate_4] perf_8g_10_180_12_1783930653945 enter map_1 as unit 1011
[log] [gate_1] perf_8g_10_180_16_1783930653969 enter map_1 as unit 1015
[log] [gate_6] perf_8g_10_180_13_1783930653945 enter map_1 as unit 1016
[log] [gate_8] perf_8g_10_180_6_1783930653945 enter map_1 as unit 1014
[log] [gate_2] perf_8g_10_180_17_1783930653992 enter map_1 as unit 1017
[log] [login_1] perf_8g_10_180_18_1783930653994 login count 1
[log] [login_1] perf_8g_10_180_19_1783930653995 login count 1
[log] [login_1] perf_8g_10_180_20_1783930653995 login count 1
[log] [login_1] perf_8g_10_180_21_1783930653995 login count 1
[log] [login_1] perf_8g_10_180_23_1783930653996 login count 1
[log] [login_1] perf_8g_10_180_22_1783930653995 login count 1
[log] [login_1] perf_8g_10_180_24_1783930653996 login count 1
[log] [login_1] perf_8g_10_180_25_1783930653996 login count 1
[log] [login_1] perf_8g_10_180_28_1783930653997 login count 1
[log] [login_1] perf_8g_10_180_26_1783930653996 login count 1
[log] [login_1] perf_8g_10_180_27_1783930653996 login count 1
[log] [login_1] perf_8g_10_180_29_1783930653997 login count 1
[log] [login_1] perf_8g_10_180_30_1783930653997 login count 1
[log] [login_1] perf_8g_10_180_31_1783930653997 login count 1
[log] [login_1] perf_8g_10_180_32_1783930653997 login count 1
[log] [login_1] perf_8g_10_180_33_1783930654003 login count 1
[log] [gate_3] perf_8g_10_180_18_1783930653994 enter map_1 as unit 1018
[log] [gate_6] perf_8g_10_180_21_1783930653995 enter map_1 as unit 1021
[log] [gate_4] perf_8g_10_180_19_1783930653995 enter map_1 as unit 1019
[log] [gate_5] perf_8g_10_180_20_1783930653995 enter map_1 as unit 1020
[log] [login_1] perf_8g_10_180_34_1783930654010 login count 1
[log] [gate_3] perf_8g_10_180_28_1783930653997 enter map_1 as unit 1026
[log] [gate_8] perf_8g_10_180_22_1783930653995 enter map_1 as unit 1023
[log] [gate_7] perf_8g_10_180_23_1783930653996 enter map_1 as unit 1022
[log] [gate_2] perf_8g_10_180_25_1783930653996 enter map_1 as unit 1025
[log] [gate_1] perf_8g_10_180_24_1783930653996 enter map_1 as unit 1024
[log] [login_1] perf_8g_10_180_36_1783930654013 login count 1
[log] [login_1] perf_8g_10_180_35_1783930654013 login count 1
[log] [login_1] perf_8g_10_180_37_1783930654013 login count 1
[log] [gate_6] perf_8g_10_180_29_1783930653997 enter map_1 as unit 1029
[log] [gate_4] perf_8g_10_180_26_1783930653996 enter map_1 as unit 1027
[log] [gate_5] perf_8g_10_180_27_1783930653996 enter map_1 as unit 1028
[log] [gate_1] perf_8g_10_180_32_1783930653997 enter map_1 as unit 1030
[log] [gate_8] perf_8g_10_180_31_1783930653997 enter map_1 as unit 1032
[log] [gate_3] perf_8g_10_180_34_1783930654010 enter map_1 as unit 1033
[log] [gate_7] perf_8g_10_180_30_1783930653997 enter map_1 as unit 1031
[log] [gate_5] perf_8g_10_180_35_1783930654013 enter map_1 as unit 1035
[log] [gate_4] perf_8g_10_180_36_1783930654013 enter map_1 as unit 1036
[log] [gate_2] perf_8g_10_180_33_1783930654003 enter map_1 as unit 1034
[log] [login_1] perf_8g_10_180_38_1783930654017 login count 1
[log] [login_1] perf_8g_10_180_40_1783930654018 login count 1
[log] [gate_6] perf_8g_10_180_37_1783930654013 enter map_1 as unit 1037
[log] [login_1] perf_8g_10_180_39_1783930654017 login count 1
[log] [login_1] perf_8g_10_180_41_1783930654018 login count 1
[log] [login_1] perf_8g_10_180_42_1783930654018 login count 1
[log] [login_1] perf_8g_10_180_43_1783930654019 login count 1
[log] [login_1] perf_8g_10_180_44_1783930654019 login count 1
[log] [login_1] perf_8g_10_180_45_1783930654022 login count 1
[log] [login_1] perf_8g_10_180_46_1783930654022 login count 1
[log] [login_1] perf_8g_10_180_47_1783930654022 login count 1
[log] [login_1] perf_8g_10_180_48_1783930654023 login count 1
[log] [login_1] perf_8g_10_180_49_1783930654023 login count 1
[log] [login_1] perf_8g_10_180_50_1783930654024 login count 1
[log] [login_1] perf_8g_10_180_51_1783930654025 login count 1
[log] [login_1] perf_8g_10_180_52_1783930654025 login count 1
[log] [gate_7] perf_8g_10_180_38_1783930654017 enter map_1 as unit 1038
[log] [login_1] perf_8g_10_180_53_1783930654026 login count 1
[log] [gate_1] perf_8g_10_180_39_1783930654017 enter map_1 as unit 1040
[log] [gate_8] perf_8g_10_180_40_1783930654018 enter map_1 as unit 1039
[log] [gate_2] perf_8g_10_180_41_1783930654018 enter map_1 as unit 1041
[log] [gate_3] perf_8g_10_180_42_1783930654018 enter map_1 as unit 1042
[log] [gate_4] perf_8g_10_180_43_1783930654019 enter map_1 as unit 1043
[log] [gate_5] perf_8g_10_180_44_1783930654019 enter map_1 as unit 1044
[log] [login_1] perf_8g_10_180_54_1783930654034 login count 1
[log] [gate_7] perf_8g_10_180_46_1783930654022 enter map_1 as unit 1046
[log] [gate_6] perf_8g_10_180_45_1783930654022 enter map_1 as unit 1045
[log] [gate_2] perf_8g_10_180_49_1783930654023 enter map_1 as unit 1048
[log] [gate_8] perf_8g_10_180_47_1783930654022 enter map_1 as unit 1047
[log] [gate_3] perf_8g_10_180_50_1783930654024 enter map_1 as unit 1049
[log] [login_1] perf_8g_10_180_55_1783930654036 login count 1
[log] [login_1] perf_8g_10_180_56_1783930654037 login count 1
[log] [gate_1] perf_8g_10_180_48_1783930654023 enter map_1 as unit 1050
[log] [gate_5] perf_8g_10_180_52_1783930654025 enter map_1 as unit 1052
[log] [gate_4] perf_8g_10_180_51_1783930654025 enter map_1 as unit 1051
[log] [gate_6] perf_8g_10_180_53_1783930654026 enter map_1 as unit 1053
[log] [login_1] perf_8g_10_180_57_1783930654038 login count 1
[log] [login_1] perf_8g_10_180_58_1783930654038 login count 1
[log] [login_1] perf_8g_10_180_59_1783930654039 login count 1
[log] [login_1] perf_8g_10_180_60_1783930654039 login count 1
[log] [gate_7] perf_8g_10_180_54_1783930654034 enter map_1 as unit 1054
[log] [login_1] perf_8g_10_180_61_1783930654041 login count 1
[log] [login_1] perf_8g_10_180_62_1783930654041 login count 1
[log] [login_1] perf_8g_10_180_63_1783930654045 login count 1
[log] [gate_8] perf_8g_10_180_55_1783930654036 enter map_1 as unit 1055
[log] [login_1] perf_8g_10_180_64_1783930654045 login count 1
[log] [login_1] perf_8g_10_180_65_1783930654045 login count 1
[log] [gate_1] perf_8g_10_180_56_1783930654037 enter map_1 as unit 1056
[log] [login_1] perf_8g_10_180_66_1783930654048 login count 1
[log] [gate_2] perf_8g_10_180_57_1783930654038 enter map_1 as unit 1057
[log] [login_1] perf_8g_10_180_67_1783930654048 login count 1
[log] [login_1] perf_8g_10_180_68_1783930654048 login count 1
[log] [login_1] perf_8g_10_180_69_1783930654049 login count 1
[log] [login_1] perf_8g_10_180_70_1783930654051 login count 1
[log] [gate_5] perf_8g_10_180_60_1783930654039 enter map_1 as unit 1060
[log] [gate_3] perf_8g_10_180_58_1783930654038 enter map_1 as unit 1059
[log] [gate_4] perf_8g_10_180_59_1783930654039 enter map_1 as unit 1058
[log] [gate_6] perf_8g_10_180_61_1783930654041 enter map_1 as unit 1061
[log] [gate_7] perf_8g_10_180_62_1783930654041 enter map_1 as unit 1062
[log] [gate_8] perf_8g_10_180_63_1783930654045 enter map_1 as unit 1063
[log] [gate_1] perf_8g_10_180_64_1783930654045 enter map_1 as unit 1064
[log] [login_1] perf_8g_10_180_71_1783930654057 login count 1
[log] [gate_2] perf_8g_10_180_65_1783930654045 enter map_1 as unit 1065
[log] [login_1] perf_8g_10_180_72_1783930654058 login count 1
[log] [login_1] perf_8g_10_180_73_1783930654061 login count 1
[log] [gate_3] perf_8g_10_180_66_1783930654048 enter map_1 as unit 1066
[log] [gate_4] perf_8g_10_180_67_1783930654048 enter map_1 as unit 1067
[log] [login_1] perf_8g_10_180_74_1783930654064 login count 1
[log] [login_1] perf_8g_10_180_75_1783930654064 login count 1
[log] [login_1] perf_8g_10_180_76_1783930654065 login count 1
[log] [gate_6] perf_8g_10_180_69_1783930654049 enter map_1 as unit 1069
[log] [gate_7] perf_8g_10_180_70_1783930654051 enter map_1 as unit 1070
[log] [gate_5] perf_8g_10_180_68_1783930654048 enter map_1 as unit 1068
[log] [login_1] perf_8g_10_180_77_1783930654068 login count 1
[log] [login_1] perf_8g_10_180_78_1783930654068 login count 1
[log] [gate_8] perf_8g_10_180_71_1783930654057 enter map_1 as unit 1071
[log] [login_1] perf_8g_10_180_79_1783930654069 login count 1
[log] [login_1] perf_8g_10_180_80_1783930654069 login count 1
[log] [login_1] perf_8g_10_180_81_1783930654071 login count 1
[log] [gate_1] perf_8g_10_180_72_1783930654058 enter map_1 as unit 1072
[log] [gate_2] perf_8g_10_180_73_1783930654061 enter map_1 as unit 1073
[log] [login_1] perf_8g_10_180_82_1783930654074 login count 1
[log] [login_1] perf_8g_10_180_83_1783930654074 login count 1
[log] [gate_3] perf_8g_10_180_74_1783930654064 enter map_1 as unit 1074
[log] [gate_4] perf_8g_10_180_75_1783930654064 enter map_1 as unit 1076
[log] [gate_5] perf_8g_10_180_76_1783930654065 enter map_1 as unit 1075
[log] [login_1] perf_8g_10_180_84_1783930654078 login count 1
[log] [login_1] perf_8g_10_180_85_1783930654079 login count 1
[log] [login_1] perf_8g_10_180_86_1783930654079 login count 1
[log] [gate_6] perf_8g_10_180_77_1783930654068 enter map_1 as unit 1077
[log] [gate_7] perf_8g_10_180_78_1783930654068 enter map_1 as unit 1078
[log] [login_1] perf_8g_10_180_87_1783930654082 login count 1
[log] [gate_2] perf_8g_10_180_81_1783930654071 enter map_1 as unit 1081
[log] [gate_1] perf_8g_10_180_80_1783930654069 enter map_1 as unit 1079
[log] [gate_8] perf_8g_10_180_79_1783930654069 enter map_1 as unit 1080
[log] [login_1] perf_8g_10_180_88_1783930654085 login count 1
[log] [gate_3] perf_8g_10_180_82_1783930654074 enter map_1 as unit 1082
[log] [login_1] perf_8g_10_180_89_1783930654087 login count 1
[log] [gate_4] perf_8g_10_180_83_1783930654074 enter map_1 as unit 1083
[log] [login_1] perf_8g_10_180_90_1783930654090 login count 1
[log] [gate_5] perf_8g_10_180_84_1783930654078 enter map_1 as unit 1084
[log] [login_1] perf_8g_10_180_91_1783930654091 login count 1
[log] [gate_6] perf_8g_10_180_85_1783930654079 enter map_1 as unit 1085
[log] [login_1] perf_8g_10_180_92_1783930654092 login count 1
[log] [gate_7] perf_8g_10_180_86_1783930654079 enter map_1 as unit 1086
[log] [login_1] perf_8g_10_180_93_1783930654095 login count 1
[log] [login_1] perf_8g_10_180_94_1783930654096 login count 1
[log] [gate_8] perf_8g_10_180_87_1783930654082 enter map_1 as unit 1087
[log] [gate_1] perf_8g_10_180_88_1783930654085 enter map_1 as unit 1088
[log] [login_1] perf_8g_10_180_95_1783930654100 login count 1
[log] [login_1] perf_8g_10_180_96_1783930654100 login count 1
[log] [gate_2] perf_8g_10_180_89_1783930654087 enter map_1 as unit 1089
[log] [login_1] perf_8g_10_180_97_1783930654101 login count 1
[log] [login_1] perf_8g_10_180_98_1783930654104 login count 1
[log] [gate_3] perf_8g_10_180_90_1783930654090 enter map_1 as unit 1090
[log] [login_1] perf_8g_10_180_99_1783930654106 login count 1
[log] [gate_5] perf_8g_10_180_92_1783930654092 enter map_1 as unit 1092
[log] [gate_4] perf_8g_10_180_91_1783930654091 enter map_1 as unit 1091
[log] [login_1] perf_8g_10_180_100_1783930654107 login count 1
[log] [login_1] perf_8g_10_180_101_1783930654110 login count 1
[log] [gate_6] perf_8g_10_180_93_1783930654095 enter map_1 as unit 1093
[log] [login_1] perf_8g_10_180_102_1783930654111 login count 1
[log] [gate_7] perf_8g_10_180_94_1783930654096 enter map_1 as unit 1094
[log] [login_1] perf_8g_10_180_103_1783930654115 login count 1
[log] [gate_8] perf_8g_10_180_95_1783930654100 enter map_1 as unit 1095
[log] [gate_1] perf_8g_10_180_96_1783930654100 enter map_1 as unit 1096
[log] [login_1] perf_8g_10_180_104_1783930654117 login count 1
[log] [login_1] perf_8g_10_180_105_1783930654120 login count 1
[log] [gate_2] perf_8g_10_180_97_1783930654101 enter map_1 as unit 1097
[log] [login_1] perf_8g_10_180_106_1783930654122 login count 1
[log] [login_1] perf_8g_10_180_107_1783930654124 login count 1
[log] [gate_3] perf_8g_10_180_98_1783930654104 enter map_1 as unit 1098
[log] [gate_4] perf_8g_10_180_99_1783930654106 enter map_1 as unit 1099
[log] [login_1] perf_8g_10_180_108_1783930654125 login count 1
[log] [login_1] perf_8g_10_180_109_1783930654129 login count 1
[log] [login_1] perf_8g_10_180_110_1783930654131 login count 1
[log] [gate_5] perf_8g_10_180_100_1783930654107 enter map_1 as unit 1100
[log] [gate_6] perf_8g_10_180_101_1783930654110 enter map_1 as unit 1101
[log] [login_1] perf_8g_10_180_111_1783930654133 login count 1
[log] [login_1] perf_8g_10_180_112_1783930654135 login count 1
[log] [login_1] perf_8g_10_180_113_1783930654137 login count 1
[log] [gate_1] perf_8g_10_180_104_1783930654117 enter map_1 as unit 1104
[log] [gate_8] perf_8g_10_180_103_1783930654115 enter map_1 as unit 1103
[log] [gate_7] perf_8g_10_180_102_1783930654111 enter map_1 as unit 1102
[log] [login_1] perf_8g_10_180_114_1783930654142 login count 1
[log] [login_1] perf_8g_10_180_115_1783930654142 login count 1
[log] [login_1] perf_8g_10_180_116_1783930654146 login count 1
[log] [login_1] perf_8g_10_180_117_1783930654146 login count 1
[log] [gate_2] perf_8g_10_180_105_1783930654120 enter map_1 as unit 1105
[log] [gate_3] perf_8g_10_180_106_1783930654122 enter map_1 as unit 1106
[log] [gate_4] perf_8g_10_180_107_1783930654124 enter map_1 as unit 1107
[log] [gate_5] perf_8g_10_180_108_1783930654125 enter map_1 as unit 1108
[log] [login_1] perf_8g_10_180_118_1783930654152 login count 1
[log] [login_1] perf_8g_10_180_119_1783930654152 login count 1
[log] [login_1] perf_8g_10_180_120_1783930654153 login count 1
[log] [gate_6] perf_8g_10_180_109_1783930654129 enter map_1 as unit 1109
[log] [gate_1] perf_8g_10_180_112_1783930654135 enter map_1 as unit 1112
[log] [gate_8] perf_8g_10_180_111_1783930654133 enter map_1 as unit 1110
[log] [gate_7] perf_8g_10_180_110_1783930654131 enter map_1 as unit 1111
[log] [login_1] perf_8g_10_180_121_1783930654158 login count 1
[log] [login_1] perf_8g_10_180_122_1783930654159 login count 1
[log] [login_1] perf_8g_10_180_123_1783930654160 login count 1
[log] [login_1] perf_8g_10_180_124_1783930654161 login count 1
[log] [gate_4] perf_8g_10_180_115_1783930654142 enter map_1 as unit 1113
[log] [gate_2] perf_8g_10_180_113_1783930654137 enter map_1 as unit 1114
[log] [gate_3] perf_8g_10_180_114_1783930654142 enter map_1 as unit 1115
[log] [login_1] perf_8g_10_180_125_1783930654167 login count 1
[log] [gate_5] perf_8g_10_180_116_1783930654146 enter map_1 as unit 1116
[log] [login_1] perf_8g_10_180_126_1783930654168 login count 1
[log] [login_1] perf_8g_10_180_127_1783930654168 login count 1
[log] [login_1] perf_8g_10_180_128_1783930654169 login count 1
[log] [login_1] perf_8g_10_180_129_1783930654174 login count 1
[log] [gate_8] perf_8g_10_180_119_1783930654152 enter map_1 as unit 1117
[log] [gate_7] perf_8g_10_180_118_1783930654152 enter map_1 as unit 1119
[log] [gate_1] perf_8g_10_180_120_1783930654153 enter map_1 as unit 1118
[log] [gate_6] perf_8g_10_180_117_1783930654146 enter map_1 as unit 1120
[log] [login_1] perf_8g_10_180_130_1783930654174 login count 1
[log] [login_1] perf_8g_10_180_131_1783930654175 login count 1
[log] [login_1] perf_8g_10_180_132_1783930654176 login count 1
[log] [login_1] perf_8g_10_180_133_1783930654182 login count 1
[log] [gate_4] perf_8g_10_180_123_1783930654160 enter map_1 as unit 1124
[log] [gate_2] perf_8g_10_180_121_1783930654158 enter map_1 as unit 1122
[log] [gate_5] perf_8g_10_180_124_1783930654161 enter map_1 as unit 1121
[log] [login_1] perf_8g_10_180_134_1783930654182 login count 1
[log] [gate_3] perf_8g_10_180_122_1783930654159 enter map_1 as unit 1123
[log] [login_1] perf_8g_10_180_135_1783930654182 login count 1
[log] [login_1] perf_8g_10_180_136_1783930654184 login count 1
[log] [login_1] perf_8g_10_180_137_1783930654189 login count 1
[log] [login_1] perf_8g_10_180_138_1783930654190 login count 1
[log] [login_1] perf_8g_10_180_139_1783930654191 login count 1
[log] [login_1] perf_8g_10_180_140_1783930654192 login count 1
[log] [gate_8] perf_8g_10_180_127_1783930654168 enter map_1 as unit 1128
[log] [gate_6] perf_8g_10_180_125_1783930654167 enter map_1 as unit 1126
[log] [gate_7] perf_8g_10_180_126_1783930654168 enter map_1 as unit 1125
[log] [gate_1] perf_8g_10_180_128_1783930654169 enter map_1 as unit 1127
[log] [login_1] perf_8g_10_180_141_1783930654198 login count 1
[log] [login_1] perf_8g_10_180_142_1783930654199 login count 1
[log] [login_1] perf_8g_10_180_143_1783930654200 login count 1
[log] [login_1] perf_8g_10_180_144_1783930654201 login count 1
[log] [gate_3] perf_8g_10_180_130_1783930654174 enter map_1 as unit 1132
[log] [gate_2] perf_8g_10_180_129_1783930654174 enter map_1 as unit 1131
[log] [gate_5] perf_8g_10_180_132_1783930654176 enter map_1 as unit 1130
[log] [gate_4] perf_8g_10_180_131_1783930654175 enter map_1 as unit 1129
[log] [login_1] perf_8g_10_180_145_1783930654207 login count 1
[log] [login_1] perf_8g_10_180_146_1783930654209 login count 1
[log] [login_1] perf_8g_10_180_147_1783930654209 login count 1
[log] [login_1] perf_8g_10_180_148_1783930654210 login count 1
[log] [gate_8] perf_8g_10_180_135_1783930654182 enter map_1 as unit 1134
[log] [gate_7] perf_8g_10_180_134_1783930654182 enter map_1 as unit 1135
[log] [gate_6] perf_8g_10_180_133_1783930654182 enter map_1 as unit 1136
[log] [gate_1] perf_8g_10_180_136_1783930654184 enter map_1 as unit 1133
[log] [login_1] perf_8g_10_180_149_1783930654215 login count 1
[log] [login_1] perf_8g_10_180_150_1783930654216 login count 1
[log] [login_1] perf_8g_10_180_151_1783930654216 login count 1
[log] [login_1] perf_8g_10_180_152_1783930654217 login count 1
[log] [gate_2] perf_8g_10_180_137_1783930654189 enter map_1 as unit 1140
[log] [gate_4] perf_8g_10_180_139_1783930654191 enter map_1 as unit 1139
[log] [gate_5] perf_8g_10_180_140_1783930654192 enter map_1 as unit 1138
[log] [gate_3] perf_8g_10_180_138_1783930654190 enter map_1 as unit 1137
[log] [login_1] perf_8g_10_180_153_1783930654224 login count 1
[log] [login_1] perf_8g_10_180_154_1783930654225 login count 1
[log] [login_1] perf_8g_10_180_155_1783930654226 login count 1
[log] [login_1] perf_8g_10_180_156_1783930654227 login count 1
[log] [gate_1] perf_8g_10_180_144_1783930654201 enter map_1 as unit 1144
[log] [gate_8] perf_8g_10_180_143_1783930654200 enter map_1 as unit 1143
[log] [gate_6] perf_8g_10_180_141_1783930654198 enter map_1 as unit 1141
[log] [gate_7] perf_8g_10_180_142_1783930654199 enter map_1 as unit 1142
[log] [login_1] perf_8g_10_180_157_1783930654233 login count 1
[log] [login_1] perf_8g_10_180_158_1783930654234 login count 1
[log] [login_1] perf_8g_10_180_159_1783930654235 login count 1
[log] [login_1] perf_8g_10_180_160_1783930654235 login count 1
[log] [gate_4] perf_8g_10_180_147_1783930654209 enter map_1 as unit 1146
[log] [gate_3] perf_8g_10_180_146_1783930654209 enter map_1 as unit 1148
[log] [gate_5] perf_8g_10_180_148_1783930654210 enter map_1 as unit 1147
[log] [gate_2] perf_8g_10_180_145_1783930654207 enter map_1 as unit 1145
[log] [login_1] perf_8g_10_180_161_1783930654243 login count 1
[log] [login_1] perf_8g_10_180_162_1783930654244 login count 1
[log] [login_1] perf_8g_10_180_163_1783930654244 login count 1
[log] [login_1] perf_8g_10_180_164_1783930654245 login count 1
[log] [gate_6] perf_8g_10_180_149_1783930654215 enter map_1 as unit 1150
[log] [gate_8] perf_8g_10_180_151_1783930654216 enter map_1 as unit 1152
[log] [gate_1] perf_8g_10_180_152_1783930654217 enter map_1 as unit 1149
[log] [gate_7] perf_8g_10_180_150_1783930654216 enter map_1 as unit 1151
[log] [login_1] perf_8g_10_180_166_1783930654253 login count 1
[log] [login_1] perf_8g_10_180_165_1783930654252 login count 1
[log] [login_1] perf_8g_10_180_167_1783930654254 login count 1
[log] [login_1] perf_8g_10_180_168_1783930654255 login count 1
[log] [gate_3] perf_8g_10_180_154_1783930654225 enter map_1 as unit 1153
[log] [gate_5] perf_8g_10_180_156_1783930654227 enter map_1 as unit 1155
[log] [gate_4] perf_8g_10_180_155_1783930654226 enter map_1 as unit 1154
[log] [gate_2] perf_8g_10_180_153_1783930654224 enter map_1 as unit 1156
[log] [login_1] perf_8g_10_180_169_1783930654262 login count 1
[log] [login_1] perf_8g_10_180_170_1783930654262 login count 1
[log] [login_1] perf_8g_10_180_171_1783930654264 login count 1
[log] [login_1] perf_8g_10_180_172_1783930654265 login count 1
[log] [gate_6] perf_8g_10_180_157_1783930654233 enter map_1 as unit 1157
[log] [gate_1] perf_8g_10_180_160_1783930654235 enter map_1 as unit 1158
[log] [gate_8] perf_8g_10_180_159_1783930654235 enter map_1 as unit 1160
[log] [gate_7] perf_8g_10_180_158_1783930654234 enter map_1 as unit 1159
[log] [login_1] perf_8g_10_180_173_1783930654272 login count 1
[log] [login_1] perf_8g_10_180_174_1783930654273 login count 1
[log] [login_1] perf_8g_10_180_175_1783930654274 login count 1
[log] [login_1] perf_8g_10_180_176_1783930654275 login count 1
[log] [gate_5] perf_8g_10_180_164_1783930654245 enter map_1 as unit 1164
[log] [gate_4] perf_8g_10_180_163_1783930654244 enter map_1 as unit 1163
[log] [gate_2] perf_8g_10_180_161_1783930654243 enter map_1 as unit 1162
[log] [gate_3] perf_8g_10_180_162_1783930654244 enter map_1 as unit 1161
[log] [login_1] perf_8g_10_180_177_1783930654282 login count 1
[log] [login_1] perf_8g_10_180_178_1783930654283 login count 1
[log] [login_1] perf_8g_10_180_179_1783930654284 login count 1
[log] [gate_7] perf_8g_10_180_165_1783930654252 enter map_1 as unit 1168
[log] [gate_8] perf_8g_10_180_167_1783930654254 enter map_1 as unit 1166
[log] [gate_6] perf_8g_10_180_166_1783930654253 enter map_1 as unit 1165
[log] [gate_1] perf_8g_10_180_168_1783930654255 enter map_1 as unit 1167
[log] [gate_2] perf_8g_10_180_169_1783930654262 enter map_1 as unit 1171
[log] [gate_5] perf_8g_10_180_172_1783930654265 enter map_1 as unit 1169
[log] [gate_3] perf_8g_10_180_170_1783930654262 enter map_1 as unit 1170
[log] [gate_4] perf_8g_10_180_171_1783930654264 enter map_1 as unit 1172
[log] [gate_6] perf_8g_10_180_173_1783930654272 enter map_1 as unit 1175
[log] [gate_1] perf_8g_10_180_176_1783930654275 enter map_1 as unit 1174
[log] [gate_7] perf_8g_10_180_174_1783930654273 enter map_1 as unit 1173
[log] [gate_8] perf_8g_10_180_175_1783930654274 enter map_1 as unit 1176
[log] [gate_3] perf_8g_10_180_178_1783930654283 enter map_1 as unit 1178
[log] [gate_4] perf_8g_10_180_179_1783930654284 enter map_1 as unit 1177
[log] [gate_2] perf_8g_10_180_177_1783930654282 enter map_1 as unit 1179
[metrics:inner_transport] active=0 opened=0 pending=0 max_pending=0 overloads=0 timeouts=0 disconnected_calls=0 late_responses=0 idle_closes=0
[process-metrics] process=log cpu_percent=1.55 cpu_time_ms=156 rss_bytes=36724736 v8_heap_used_bytes=2430848 v8_heap_total_bytes=6037504 v8_gc_count=3 v8_gc_ms=0.736 timestamp_ms=1783930658694
[metrics:log] scene=log type=Log processed=360 failed=0 ts_queue=0 ts_max_queue=11 rust_queue=0 rust_max_queue=11 backpressure=0 slow_disconnects=0 update_ms=0.00 handler_ms=0.00 max_handler_ms=1.00 total_handler_ms=11.00
[metrics:inner_transport] active=0 opened=0 pending=0 max_pending=0 overloads=0 timeouts=0 disconnected_calls=0 late_responses=0 idle_closes=0
[process-metrics] process=log cpu_percent=0.30 cpu_time_ms=171 rss_bytes=36749312 v8_heap_used_bytes=2569544 v8_heap_total_bytes=6037504 v8_gc_count=3 v8_gc_ms=0.736 timestamp_ms=1783930663750
[metrics:log] scene=log type=Log processed=360 failed=0 ts_queue=0 ts_max_queue=11 rust_queue=0 rust_max_queue=11 backpressure=0 slow_disconnects=0 update_ms=1.00 handler_ms=0.00 max_handler_ms=1.00 total_handler_ms=11.00
[metrics:inner_transport] active=0 opened=0 pending=0 max_pending=0 overloads=0 timeouts=0 disconnected_calls=0 late_responses=0 idle_closes=0
[process-metrics] process=log cpu_percent=0.64 cpu_time_ms=203 rss_bytes=36749312 v8_heap_used_bytes=2706504 v8_heap_total_bytes=6037504 v8_gc_count=3 v8_gc_ms=0.736 timestamp_ms=1783930668759
[metrics:log] scene=log type=Log processed=360 failed=0 ts_queue=0 ts_max_queue=11 rust_queue=0 rust_max_queue=11 backpressure=0 slow_disconnects=0 update_ms=0.00 handler_ms=0.00 max_handler_ms=1.00 total_handler_ms=11.00
[metrics:inner_transport] active=0 opened=0 pending=0 max_pending=0 overloads=0 timeouts=0 disconnected_calls=0 late_responses=0 idle_closes=0
[process-metrics] process=log cpu_percent=1.23 cpu_time_ms=265 rss_bytes=36962304 v8_heap_used_bytes=2856680 v8_heap_total_bytes=6037504 v8_gc_count=3 v8_gc_ms=0.736 timestamp_ms=1783930673789
[metrics:log] scene=log type=Log processed=360 failed=0 ts_queue=0 ts_max_queue=11 rust_queue=0 rust_max_queue=11 backpressure=0 slow_disconnects=0 update_ms=0.00 handler_ms=0.00 max_handler_ms=1.00 total_handler_ms=11.00
[metrics:inner_transport] active=0 opened=0 pending=0 max_pending=0 overloads=0 timeouts=0 disconnected_calls=0 late_responses=0 idle_closes=0
[process-metrics] process=log cpu_percent=0.94 cpu_time_ms=312 rss_bytes=37093376 v8_heap_used_bytes=2984680 v8_heap_total_bytes=6037504 v8_gc_count=3 v8_gc_ms=0.736 timestamp_ms=1783930678791
[metrics:log] scene=log type=Log processed=360 failed=0 ts_queue=0 ts_max_queue=11 rust_queue=0 rust_max_queue=11 backpressure=0 slow_disconnects=0 update_ms=0.00 handler_ms=0.00 max_handler_ms=1.00 total_handler_ms=11.00
[metrics:inner_transport] active=0 opened=0 pending=0 max_pending=0 overloads=0 timeouts=0 disconnected_calls=0 late_responses=0 idle_closes=0
[process-metrics] process=log cpu_percent=0.62 cpu_time_ms=343 rss_bytes=37113856 v8_heap_used_bytes=3112688 v8_heap_total_bytes=6299648 v8_gc_count=3 v8_gc_ms=0.736 timestamp_ms=1783930683805
[metrics:log] scene=log type=Log processed=360 failed=0 ts_queue=0 ts_max_queue=11 rust_queue=0 rust_max_queue=11 backpressure=0 slow_disconnects=0 update_ms=0.00 handler_ms=0.00 max_handler_ms=1.00 total_handler_ms=11.00
[metrics:inner_transport] active=0 opened=0 pending=0 max_pending=0 overloads=0 timeouts=0 disconnected_calls=0 late_responses=0 idle_closes=0
[process-metrics] process=log cpu_percent=0.32 cpu_time_ms=359 rss_bytes=37392384 v8_heap_used_bytes=3244936 v8_heap_total_bytes=6299648 v8_gc_count=3 v8_gc_ms=0.736 timestamp_ms=1783930688820
[metrics:log] scene=log type=Log processed=360 failed=0 ts_queue=0 ts_max_queue=11 rust_queue=0 rust_max_queue=11 backpressure=0 slow_disconnects=0 update_ms=0.00 handler_ms=0.00 max_handler_ms=1.00 total_handler_ms=11.00
[metrics:inner_transport] active=0 opened=0 pending=0 max_pending=0 overloads=0 timeouts=0 disconnected_calls=0 late_responses=0 idle_closes=0
[process-metrics] process=log cpu_percent=0.32 cpu_time_ms=375 rss_bytes=37507072 v8_heap_used_bytes=3371672 v8_heap_total_bytes=6561792 v8_gc_count=3 v8_gc_ms=0.736 timestamp_ms=1783930693820
[metrics:log] scene=log type=Log processed=360 failed=0 ts_queue=0 ts_max_queue=11 rust_queue=0 rust_max_queue=11 backpressure=0 slow_disconnects=0 update_ms=0.00 handler_ms=0.00 max_handler_ms=1.00 total_handler_ms=11.00
