starting process map1 with one V8 and 1 scene(s) from E:\VsCode\skynet\ets_runtime\perf\results\runtime_configs\map_capacity_20260713_081609\180p_8g_r1\map1.json
scene map_1 (MapHost) listening on 127.0.0.1:7301
[process:map1] one V8 started with 1 scene(s)
[map_1] MapHost scene started at 127.0.0.1:7301
map_1 accepted 127.0.0.1:50570 as conn 1
map_1 accepted 127.0.0.1:51030 as conn 2
map_1 accepted 127.0.0.1:51031 as conn 3
map_1 accepted 127.0.0.1:51032 as conn 4
map_1 accepted 127.0.0.1:51033 as conn 5
map_1 accepted 127.0.0.1:51036 as conn 6
map_1 accepted 127.0.0.1:51037 as conn 7
map_1 accepted 127.0.0.1:51038 as conn 8
map_1 accepted 127.0.0.1:51039 as conn 9
[map_1] perf_8g_10_180_0_1783930569575 enter map 1 unit 1000
[map_1] perf_8g_10_180_1_1783930569577 enter map 1 unit 1001
[map_1] perf_8g_10_180_2_1783930569577 enter map 1 unit 1002
[map_1] perf_8g_10_180_5_1783930569577 enter map 1 unit 1003
[map_1] perf_8g_10_180_9_1783930569577 enter map 1 unit 1004
[map_1] perf_8g_10_180_7_1783930569577 enter map 1 unit 1005
[map_1] perf_8g_10_180_15_1783930569578 enter map 1 unit 1006
[map_1] perf_8g_10_180_3_1783930569577 enter map 1 unit 1007
[map_1] perf_8g_10_180_10_1783930569578 enter map 1 unit 1008
[map_1] perf_8g_10_180_13_1783930569578 enter map 1 unit 1009
[map_1] perf_8g_10_180_4_1783930569577 enter map 1 unit 1010
[map_1] perf_8g_10_180_6_1783930569577 enter map 1 unit 1011
[map_1] perf_8g_10_180_8_1783930569577 enter map 1 unit 1012
[map_1] perf_8g_10_180_12_1783930569578 enter map 1 unit 1013
[map_1] perf_8g_10_180_16_1783930569612 enter map 1 unit 1014
[map_1] perf_8g_10_180_17_1783930569614 enter map 1 unit 1015
[map_1] perf_8g_10_180_18_1783930569614 enter map 1 unit 1016
[map_1] perf_8g_10_180_11_1783930569578 enter map 1 unit 1017
[map_1] perf_8g_10_180_14_1783930569578 enter map 1 unit 1018
[map_1] perf_8g_10_180_19_1783930569617 enter map 1 unit 1019
[map_1] perf_8g_10_180_20_1783930569617 enter map 1 unit 1020
[map_1] perf_8g_10_180_21_1783930569618 enter map 1 unit 1021
[map_1] perf_8g_10_180_22_1783930569618 enter map 1 unit 1022
[map_1] perf_8g_10_180_23_1783930569619 enter map 1 unit 1023
[map_1] perf_8g_10_180_24_1783930569619 enter map 1 unit 1024
[map_1] perf_8g_10_180_25_1783930569619 enter map 1 unit 1025
[map_1] perf_8g_10_180_27_1783930569620 enter map 1 unit 1026
[map_1] perf_8g_10_180_26_1783930569620 enter map 1 unit 1027
[map_1] perf_8g_10_180_28_1783930569620 enter map 1 unit 1028
[map_1] perf_8g_10_180_29_1783930569626 enter map 1 unit 1029
[map_1] perf_8g_10_180_30_1783930569628 enter map 1 unit 1030
[map_1] perf_8g_10_180_31_1783930569629 enter map 1 unit 1031
[map_1] perf_8g_10_180_32_1783930569629 enter map 1 unit 1032
[map_1] perf_8g_10_180_33_1783930569631 enter map 1 unit 1033
[map_1] perf_8g_10_180_34_1783930569631 enter map 1 unit 1034
[map_1] perf_8g_10_180_35_1783930569637 enter map 1 unit 1035
[map_1] perf_8g_10_180_36_1783930569640 enter map 1 unit 1036
[map_1] perf_8g_10_180_37_1783930569641 enter map 1 unit 1037
[map_1] perf_8g_10_180_38_1783930569642 enter map 1 unit 1038
[map_1] perf_8g_10_180_39_1783930569644 enter map 1 unit 1039
[map_1] perf_8g_10_180_40_1783930569646 enter map 1 unit 1040
[map_1] perf_8g_10_180_41_1783930569646 enter map 1 unit 1041
[map_1] perf_8g_10_180_42_1783930569647 enter map 1 unit 1042
[map_1] perf_8g_10_180_43_1783930569647 enter map 1 unit 1043
[map_1] perf_8g_10_180_44_1783930569649 enter map 1 unit 1044
[map_1] perf_8g_10_180_45_1783930569655 enter map 1 unit 1045
[map_1] perf_8g_10_180_46_1783930569658 enter map 1 unit 1046
[map_1] perf_8g_10_180_47_1783930569659 enter map 1 unit 1047
[map_1] perf_8g_10_180_48_1783930569659 enter map 1 unit 1048
[map_1] perf_8g_10_180_49_1783930569660 enter map 1 unit 1049
[map_1] perf_8g_10_180_50_1783930569661 enter map 1 unit 1050
[map_1] perf_8g_10_180_51_1783930569667 enter map 1 unit 1051
[map_1] perf_8g_10_180_52_1783930569669 enter map 1 unit 1052
[map_1] perf_8g_10_180_53_1783930569670 enter map 1 unit 1053
[map_1] perf_8g_10_180_54_1783930569674 enter map 1 unit 1054
[map_1] perf_8g_10_180_55_1783930569677 enter map 1 unit 1055
[map_1] perf_8g_10_180_56_1783930569678 enter map 1 unit 1056
[map_1] perf_8g_10_180_57_1783930569678 enter map 1 unit 1057
[map_1] perf_8g_10_180_58_1783930569680 enter map 1 unit 1058
[map_1] perf_8g_10_180_59_1783930569680 enter map 1 unit 1059
[map_1] perf_8g_10_180_60_1783930569680 enter map 1 unit 1060
[map_1] perf_8g_10_180_61_1783930569681 enter map 1 unit 1061
[map_1] perf_8g_10_180_62_1783930569690 enter map 1 unit 1062
[map_1] perf_8g_10_180_63_1783930569692 enter map 1 unit 1063
[map_1] perf_8g_10_180_64_1783930569692 enter map 1 unit 1064
[map_1] perf_8g_10_180_65_1783930569693 enter map 1 unit 1065
[map_1] perf_8g_10_180_66_1783930569693 enter map 1 unit 1066
[map_1] perf_8g_10_180_67_1783930569702 enter map 1 unit 1067
[map_1] perf_8g_10_180_68_1783930569704 enter map 1 unit 1068
[map_1] perf_8g_10_180_69_1783930569706 enter map 1 unit 1069
[map_1] perf_8g_10_180_70_1783930569713 enter map 1 unit 1070
[map_1] perf_8g_10_180_71_1783930569719 enter map 1 unit 1071
[map_1] perf_8g_10_180_72_1783930569720 enter map 1 unit 1072
[map_1] perf_8g_10_180_73_1783930569722 enter map 1 unit 1073
[map_1] perf_8g_10_180_74_1783930569723 enter map 1 unit 1074
[map_1] perf_8g_10_180_75_1783930569723 enter map 1 unit 1075
[map_1] perf_8g_10_180_76_1783930569724 enter map 1 unit 1076
[map_1] perf_8g_10_180_77_1783930569725 enter map 1 unit 1077
[map_1] perf_8g_10_180_78_1783930569736 enter map 1 unit 1078
[map_1] perf_8g_10_180_79_1783930569736 enter map 1 unit 1079
[map_1] perf_8g_10_180_81_1783930569739 enter map 1 unit 1081
[map_1] perf_8g_10_180_80_1783930569738 enter map 1 unit 1080
[map_1] perf_8g_10_180_82_1783930569739 enter map 1 unit 1082
[map_1] perf_8g_10_180_83_1783930569751 enter map 1 unit 1083
[map_1] perf_8g_10_180_84_1783930569753 enter map 1 unit 1084
[map_1] perf_8g_10_180_85_1783930569754 enter map 1 unit 1085
[map_1] perf_8g_10_180_86_1783930569763 enter map 1 unit 1086
[map_1] perf_8g_10_180_87_1783930569766 enter map 1 unit 1087
[map_1] perf_8g_10_180_88_1783930569768 enter map 1 unit 1088
[map_1] perf_8g_10_180_89_1783930569769 enter map 1 unit 1089
[map_1] perf_8g_10_180_90_1783930569772 enter map 1 unit 1090
[map_1] perf_8g_10_180_91_1783930569773 enter map 1 unit 1091
[map_1] perf_8g_10_180_92_1783930569774 enter map 1 unit 1092
[map_1] perf_8g_10_180_93_1783930569775 enter map 1 unit 1093
[map_1] perf_8g_10_180_94_1783930569782 enter map 1 unit 1094
[map_1] perf_8g_10_180_98_1783930569787 enter map 1 unit 1095
[map_1] perf_8g_10_180_95_1783930569784 enter map 1 unit 1096
[map_1] perf_8g_10_180_97_1783930569785 enter map 1 unit 1098
[map_1] perf_8g_10_180_96_1783930569785 enter map 1 unit 1097
[map_1] perf_8g_10_180_99_1783930569799 enter map 1 unit 1099
[map_1] perf_8g_10_180_100_1783930569800 enter map 1 unit 1100
[map_1] perf_8g_10_180_101_1783930569802 enter map 1 unit 1101
[map_1] perf_8g_10_180_103_1783930569815 enter map 1 unit 1102
[map_1] perf_8g_10_180_102_1783930569811 enter map 1 unit 1103
[map_1] perf_8g_10_180_104_1783930569816 enter map 1 unit 1104
[map_1] perf_8g_10_180_106_1783930569821 enter map 1 unit 1106
[map_1] perf_8g_10_180_105_1783930569819 enter map 1 unit 1105
[map_1] perf_8g_10_180_107_1783930569822 enter map 1 unit 1107
[map_1] perf_8g_10_180_111_1783930569838 enter map 1 unit 1111
[map_1] perf_8g_10_180_108_1783930569825 enter map 1 unit 1108
[map_1] perf_8g_10_180_110_1783930569836 enter map 1 unit 1110
[map_1] perf_8g_10_180_109_1783930569827 enter map 1 unit 1109
[map_1] perf_8g_10_180_114_1783930569840 enter map 1 unit 1112
[map_1] perf_8g_10_180_113_1783930569840 enter map 1 unit 1114
[map_1] perf_8g_10_180_112_1783930569840 enter map 1 unit 1113
[map_1] perf_8g_10_180_119_1783930569862 enter map 1 unit 1115
[map_1] perf_8g_10_180_115_1783930569852 enter map 1 unit 1117
[map_1] perf_8g_10_180_116_1783930569855 enter map 1 unit 1116
[map_1] perf_8g_10_180_117_1783930569856 enter map 1 unit 1118
[map_1] perf_8g_10_180_122_1783930569869 enter map 1 unit 1122
[map_1] perf_8g_10_180_118_1783930569861 enter map 1 unit 1119
[map_1] perf_8g_10_180_120_1783930569867 enter map 1 unit 1121
[map_1] perf_8g_10_180_121_1783930569868 enter map 1 unit 1120
[map_1] perf_8g_10_180_123_1783930569880 enter map 1 unit 1123
[map_1] perf_8g_10_180_127_1783930569884 enter map 1 unit 1125
[map_1] perf_8g_10_180_124_1783930569881 enter map 1 unit 1124
[map_1] perf_8g_10_180_128_1783930569887 enter map 1 unit 1126
[map_1] perf_8g_10_180_126_1783930569883 enter map 1 unit 1128
[map_1] perf_8g_10_180_129_1783930569888 enter map 1 unit 1127
[map_1] perf_8g_10_180_125_1783930569882 enter map 1 unit 1129
[map_1] perf_8g_10_180_131_1783930569894 enter map 1 unit 1132
[map_1] perf_8g_10_180_130_1783930569888 enter map 1 unit 1130
[map_1] perf_8g_10_180_132_1783930569895 enter map 1 unit 1131
[map_1] perf_8g_10_180_135_1783930569909 enter map 1 unit 1133
[map_1] perf_8g_10_180_137_1783930569911 enter map 1 unit 1136
[map_1] perf_8g_10_180_134_1783930569908 enter map 1 unit 1134
[map_1] perf_8g_10_180_136_1783930569911 enter map 1 unit 1135
[map_1] perf_8g_10_180_133_1783930569896 enter map 1 unit 1137
[map_1] perf_8g_10_180_141_1783930569917 enter map 1 unit 1140
[map_1] perf_8g_10_180_139_1783930569915 enter map 1 unit 1138
[map_1] perf_8g_10_180_138_1783930569912 enter map 1 unit 1139
[map_1] perf_8g_10_180_142_1783930569925 enter map 1 unit 1141
[map_1] perf_8g_10_180_143_1783930569926 enter map 1 unit 1144
[map_1] perf_8g_10_180_144_1783930569928 enter map 1 unit 1142
[map_1] perf_8g_10_180_145_1783930569938 enter map 1 unit 1143
[map_1] perf_8g_10_180_147_1783930569939 enter map 1 unit 1145
[map_1] perf_8g_10_180_146_1783930569938 enter map 1 unit 1148
[map_1] perf_8g_10_180_148_1783930569951 enter map 1 unit 1146
[map_1] perf_8g_10_180_140_1783930569916 enter map 1 unit 1147
[map_1] perf_8g_10_180_153_1783930569964 enter map 1 unit 1149
[map_1] perf_8g_10_180_152_1783930569962 enter map 1 unit 1152
[map_1] perf_8g_10_180_150_1783930569953 enter map 1 unit 1150
[map_1] perf_8g_10_180_149_1783930569952 enter map 1 unit 1151
[map_1] perf_8g_10_180_151_1783930569954 enter map 1 unit 1153
[map_1] perf_8g_10_180_155_1783930569967 enter map 1 unit 1156
[map_1] perf_8g_10_180_156_1783930569968 enter map 1 unit 1154
[map_1] perf_8g_10_180_154_1783930569966 enter map 1 unit 1155
[map_1] perf_8g_10_180_157_1783930569974 enter map 1 unit 1157
[map_1] perf_8g_10_180_161_1783930569989 enter map 1 unit 1160
[map_1] perf_8g_10_180_160_1783930569978 enter map 1 unit 1158
[map_1] perf_8g_10_180_159_1783930569977 enter map 1 unit 1159
[map_1] perf_8g_10_180_163_1783930569992 enter map 1 unit 1161
[map_1] perf_8g_10_180_164_1783930569998 enter map 1 unit 1164
[map_1] perf_8g_10_180_162_1783930569990 enter map 1 unit 1162
[map_1] perf_8g_10_180_158_1783930569975 enter map 1 unit 1163
[map_1] perf_8g_10_180_169_1783930570010 enter map 1 unit 1165
[map_1] perf_8g_10_180_168_1783930570009 enter map 1 unit 1168
[map_1] perf_8g_10_180_167_1783930570001 enter map 1 unit 1166
[map_1] perf_8g_10_180_165_1783930569999 enter map 1 unit 1167
[map_1] perf_8g_10_180_166_1783930570000 enter map 1 unit 1169
[map_1] perf_8g_10_180_171_1783930570012 enter map 1 unit 1172
[map_1] perf_8g_10_180_172_1783930570014 enter map 1 unit 1170
[map_1] perf_8g_10_180_170_1783930570011 enter map 1 unit 1171
[map_1] perf_8g_10_180_176_1783930570030 enter map 1 unit 1173
[map_1] perf_8g_10_180_179_1783930570044 enter map 1 unit 1176
[map_1] perf_8g_10_180_175_1783930570029 enter map 1 unit 1174
[map_1] perf_8g_10_180_174_1783930570028 enter map 1 unit 1175
[map_1] perf_8g_10_180_177_1783930570042 enter map 1 unit 1177
[map_1] perf_8g_10_180_173_1783930570027 enter map 1 unit 1179
[map_1] perf_8g_10_180_178_1783930570043 enter map 1 unit 1178
[metrics:inner_transport] active=8 opened=8 pending=0 max_pending=0 overloads=0 timeouts=0 disconnected_calls=0 late_responses=0 idle_closes=0
[process-metrics] process=map1 cpu_percent=129.40 cpu_time_ms=6562 rss_bytes=130088960 v8_heap_used_bytes=26261704 v8_heap_total_bytes=78389248 v8_gc_count=97 v8_gc_ms=112.233 timestamp_ms=1783930574282
[metrics:map1] scene=map_1 type=MapHost processed=7318 failed=0 ts_queue=0 ts_max_queue=162 rust_queue=161 rust_max_queue=162 backpressure=0 slow_disconnects=0 update_ms=8.00 handler_ms=8.00 max_handler_ms=115.00 total_handler_ms=234151.00
[metrics:inner_transport] active=8 opened=8 pending=0 max_pending=0 overloads=0 timeouts=0 disconnected_calls=0 late_responses=0 idle_closes=0
[process-metrics] process=map1 cpu_percent=120.27 cpu_time_ms=12562 rss_bytes=129875968 v8_heap_used_bytes=22444392 v8_heap_total_bytes=78127104 v8_gc_count=170 v8_gc_ms=300.660 timestamp_ms=1783930579271
[metrics:map1] scene=map_1 type=MapHost processed=15302 failed=0 ts_queue=0 ts_max_queue=162 rust_queue=8 rust_max_queue=162 backpressure=0 slow_disconnects=0 update_ms=0.00 handler_ms=0.00 max_handler_ms=115.00 total_handler_ms=636287.00
[metrics:inner_transport] active=8 opened=8 pending=0 max_pending=0 overloads=0 timeouts=0 disconnected_calls=0 late_responses=0 idle_closes=0
[process-metrics] process=map1 cpu_percent=104.75 cpu_time_ms=17796 rss_bytes=133980160 v8_heap_used_bytes=28407896 v8_heap_total_bytes=79175680 v8_gc_count=247 v8_gc_ms=452.892 timestamp_ms=1783930584268
[metrics:map1] scene=map_1 type=MapHost processed=24329 failed=0 ts_queue=0 ts_max_queue=162 rust_queue=7 rust_max_queue=162 backpressure=0 slow_disconnects=0 update_ms=0.00 handler_ms=0.00 max_handler_ms=115.00 total_handler_ms=863192.00
[metrics:inner_transport] active=8 opened=8 pending=0 max_pending=0 overloads=0 timeouts=0 disconnected_calls=0 late_responses=0 idle_closes=0
[process-metrics] process=map1 cpu_percent=87.54 cpu_time_ms=22187 rss_bytes=134242304 v8_heap_used_bytes=31994912 v8_heap_total_bytes=88088576 v8_gc_count=325 v8_gc_ms=509.610 timestamp_ms=1783930589284
[metrics:map1] scene=map_1 type=MapHost processed=33469 failed=0 ts_queue=0 ts_max_queue=162 rust_queue=7 rust_max_queue=162 backpressure=0 slow_disconnects=0 update_ms=0.00 handler_ms=0.00 max_handler_ms=115.00 total_handler_ms=916630.00
[metrics:inner_transport] active=8 opened=8 pending=0 max_pending=0 overloads=0 timeouts=0 disconnected_calls=0 late_responses=0 idle_closes=0
[process-metrics] process=map1 cpu_percent=77.86 cpu_time_ms=26078 rss_bytes=131932160 v8_heap_used_bytes=28313696 v8_heap_total_bytes=83894272 v8_gc_count=404 v8_gc_ms=565.617 timestamp_ms=1783930594281
[metrics:map1] scene=map_1 type=MapHost processed=42552 failed=0 ts_queue=0 ts_max_queue=162 rust_queue=7 rust_max_queue=162 backpressure=0 slow_disconnects=0 update_ms=0.00 handler_ms=0.00 max_handler_ms=115.00 total_handler_ms=967902.00
[metrics:inner_transport] active=8 opened=8 pending=0 max_pending=0 overloads=0 timeouts=0 disconnected_calls=0 late_responses=0 idle_closes=0
[process-metrics] process=map1 cpu_percent=80.86 cpu_time_ms=30125 rss_bytes=142999552 v8_heap_used_bytes=12046104 v8_heap_total_bytes=78913536 v8_gc_count=484 v8_gc_ms=623.780 timestamp_ms=1783930599286
[metrics:map1] scene=map_1 type=MapHost processed=51725 failed=0 ts_queue=0 ts_max_queue=162 rust_queue=0 rust_max_queue=162 backpressure=0 slow_disconnects=0 update_ms=0.00 handler_ms=0.00 max_handler_ms=115.00 total_handler_ms=1012393.00
[metrics:inner_transport] active=8 opened=8 pending=0 max_pending=0 overloads=0 timeouts=0 disconnected_calls=0 late_responses=0 idle_closes=0
[process-metrics] process=map1 cpu_percent=96.67 cpu_time_ms=34968 rss_bytes=144531456 v8_heap_used_bytes=31071872 v8_heap_total_bytes=79699968 v8_gc_count=564 v8_gc_ms=684.456 timestamp_ms=1783930604296
[metrics:map1] scene=map_1 type=MapHost processed=60905 failed=0 ts_queue=0 ts_max_queue=162 rust_queue=0 rust_max_queue=162 backpressure=0 slow_disconnects=0 update_ms=0.00 handler_ms=4.00 max_handler_ms=115.00 total_handler_ms=1091856.00
[metrics:inner_transport] active=8 opened=8 pending=0 max_pending=0 overloads=0 timeouts=0 disconnected_calls=0 late_responses=0 idle_closes=0
[process-metrics] process=map1 cpu_percent=71.28 cpu_time_ms=38546 rss_bytes=156565504 v8_heap_used_bytes=57131464 v8_heap_total_bytes=108535808 v8_gc_count=643 v8_gc_ms=738.746 timestamp_ms=1783930609316
[metrics:map1] scene=map_1 type=MapHost processed=70087 failed=0 ts_queue=0 ts_max_queue=162 rust_queue=156 rust_max_queue=162 backpressure=0 slow_disconnects=0 update_ms=1.00 handler_ms=1.00 max_handler_ms=115.00 total_handler_ms=1162030.00
[map_1] perf_8g_10_180_0_1783930569575 leave map 1 unit 1000
[map_1] perf_8g_10_180_2_1783930569577 leave map 1 unit 1002
[map_1] perf_8g_10_180_1_1783930569577 leave map 1 unit 1001
[map_1] perf_8g_10_180_10_1783930569578 leave map 1 unit 1008
[map_1] perf_8g_10_180_107_1783930569822 leave map 1 unit 1107
[map_1] perf_8g_10_180_6_1783930569577 leave map 1 unit 1011
[map_1] perf_8g_10_180_108_1783930569825 leave map 1 unit 1108
[map_1] perf_8g_10_180_106_1783930569821 leave map 1 unit 1106
[map_1] perf_8g_10_180_12_1783930569578 leave map 1 unit 1013
[map_1] perf_8g_10_180_105_1783930569819 leave map 1 unit 1105
[map_1] perf_8g_10_180_104_1783930569816 leave map 1 unit 1104
[map_1] perf_8g_10_180_103_1783930569815 leave map 1 unit 1102
[map_1] perf_8g_10_180_16_1783930569612 leave map 1 unit 1014
[map_1] perf_8g_10_180_102_1783930569811 leave map 1 unit 1103
[map_1] perf_8g_10_180_101_1783930569802 leave map 1 unit 1101
[map_1] perf_8g_10_180_17_1783930569614 leave map 1 unit 1015
[map_1] perf_8g_10_180_100_1783930569800 leave map 1 unit 1100
[map_1] perf_8g_10_180_99_1783930569799 leave map 1 unit 1099
[map_1] perf_8g_10_180_5_1783930569577 leave map 1 unit 1003
[map_1] perf_8g_10_180_98_1783930569787 leave map 1 unit 1095
[map_1] perf_8g_10_180_97_1783930569785 leave map 1 unit 1098
[map_1] perf_8g_10_180_96_1783930569785 leave map 1 unit 1097
[map_1] perf_8g_10_180_11_1783930569578 leave map 1 unit 1017
[map_1] perf_8g_10_180_95_1783930569784 leave map 1 unit 1096
[map_1] perf_8g_10_180_18_1783930569614 leave map 1 unit 1016
[map_1] perf_8g_10_180_92_1783930569774 leave map 1 unit 1092
[map_1] perf_8g_10_180_94_1783930569782 leave map 1 unit 1094
[map_1] perf_8g_10_180_3_1783930569577 leave map 1 unit 1007
[map_1] perf_8g_10_180_93_1783930569775 leave map 1 unit 1093
[map_1] perf_8g_10_180_4_1783930569577 leave map 1 unit 1010
[map_1] perf_8g_10_180_91_1783930569773 leave map 1 unit 1091
[map_1] perf_8g_10_180_90_1783930569772 leave map 1 unit 1090
[map_1] perf_8g_10_180_89_1783930569769 leave map 1 unit 1089
[map_1] perf_8g_10_180_13_1783930569578 leave map 1 unit 1009
[map_1] perf_8g_10_180_88_1783930569768 leave map 1 unit 1088
[map_1] perf_8g_10_180_87_1783930569766 leave map 1 unit 1087
[map_1] perf_8g_10_180_8_1783930569577 leave map 1 unit 1012
[map_1] perf_8g_10_180_86_1783930569763 leave map 1 unit 1086
[map_1] perf_8g_10_180_20_1783930569617 leave map 1 unit 1020
[map_1] perf_8g_10_180_85_1783930569754 leave map 1 unit 1085
[map_1] perf_8g_10_180_84_1783930569753 leave map 1 unit 1084
[map_1] perf_8g_10_180_83_1783930569751 leave map 1 unit 1083
[map_1] perf_8g_10_180_9_1783930569577 leave map 1 unit 1004
[map_1] perf_8g_10_180_82_1783930569739 leave map 1 unit 1082
[map_1] perf_8g_10_180_7_1783930569577 leave map 1 unit 1005
[map_1] perf_8g_10_180_81_1783930569739 leave map 1 unit 1081
[map_1] perf_8g_10_180_19_1783930569617 leave map 1 unit 1019
[map_1] perf_8g_10_180_80_1783930569738 leave map 1 unit 1080
[map_1] perf_8g_10_180_79_1783930569736 leave map 1 unit 1079
[map_1] perf_8g_10_180_24_1783930569619 leave map 1 unit 1024
[map_1] perf_8g_10_180_78_1783930569736 leave map 1 unit 1078
[map_1] perf_8g_10_180_77_1783930569725 leave map 1 unit 1077
[map_1] perf_8g_10_180_14_1783930569578 leave map 1 unit 1018
[map_1] perf_8g_10_180_76_1783930569724 leave map 1 unit 1076
[map_1] perf_8g_10_180_75_1783930569723 leave map 1 unit 1075
[map_1] perf_8g_10_180_15_1783930569578 leave map 1 unit 1006
[map_1] perf_8g_10_180_74_1783930569723 leave map 1 unit 1074
[map_1] perf_8g_10_180_22_1783930569618 leave map 1 unit 1022
[map_1] perf_8g_10_180_73_1783930569722 leave map 1 unit 1073
[map_1] perf_8g_10_180_21_1783930569618 leave map 1 unit 1021
[map_1] perf_8g_10_180_72_1783930569720 leave map 1 unit 1072
[map_1] perf_8g_10_180_23_1783930569619 leave map 1 unit 1023
[map_1] perf_8g_10_180_71_1783930569719 leave map 1 unit 1071
[map_1] perf_8g_10_180_70_1783930569713 leave map 1 unit 1070
[map_1] perf_8g_10_180_68_1783930569704 leave map 1 unit 1068
[map_1] perf_8g_10_180_25_1783930569619 leave map 1 unit 1025
[map_1] perf_8g_10_180_69_1783930569706 leave map 1 unit 1069
[map_1] perf_8g_10_180_26_1783930569620 leave map 1 unit 1027
[map_1] perf_8g_10_180_65_1783930569693 leave map 1 unit 1065
[map_1] perf_8g_10_180_28_1783930569620 leave map 1 unit 1028
[map_1] perf_8g_10_180_64_1783930569692 leave map 1 unit 1064
[map_1] perf_8g_10_180_29_1783930569626 leave map 1 unit 1029
[map_1] perf_8g_10_180_67_1783930569702 leave map 1 unit 1067
[map_1] perf_8g_10_180_31_1783930569629 leave map 1 unit 1031
[map_1] perf_8g_10_180_66_1783930569693 leave map 1 unit 1066
[map_1] perf_8g_10_180_30_1783930569628 leave map 1 unit 1030
[map_1] perf_8g_10_180_62_1783930569690 leave map 1 unit 1062
[map_1] perf_8g_10_180_59_1783930569680 leave map 1 unit 1059
[map_1] perf_8g_10_180_63_1783930569692 leave map 1 unit 1063
[map_1] perf_8g_10_180_27_1783930569620 leave map 1 unit 1026
[map_1] perf_8g_10_180_60_1783930569680 leave map 1 unit 1060
[map_1] perf_8g_10_180_32_1783930569629 leave map 1 unit 1032
[map_1] perf_8g_10_180_61_1783930569681 leave map 1 unit 1061
[map_1] perf_8g_10_180_33_1783930569631 leave map 1 unit 1033
[map_1] perf_8g_10_180_58_1783930569680 leave map 1 unit 1058
[map_1] perf_8g_10_180_34_1783930569631 leave map 1 unit 1034
[map_1] perf_8g_10_180_57_1783930569678 leave map 1 unit 1057
[map_1] perf_8g_10_180_35_1783930569637 leave map 1 unit 1035
[map_1] perf_8g_10_180_56_1783930569678 leave map 1 unit 1056
[map_1] perf_8g_10_180_36_1783930569640 leave map 1 unit 1036
[map_1] perf_8g_10_180_53_1783930569670 leave map 1 unit 1053
[map_1] perf_8g_10_180_37_1783930569641 leave map 1 unit 1037
[map_1] perf_8g_10_180_52_1783930569669 leave map 1 unit 1052
[map_1] perf_8g_10_180_38_1783930569642 leave map 1 unit 1038
[map_1] perf_8g_10_180_55_1783930569677 leave map 1 unit 1055
[map_1] perf_8g_10_180_54_1783930569674 leave map 1 unit 1054
[map_1] perf_8g_10_180_41_1783930569646 leave map 1 unit 1041
[map_1] perf_8g_10_180_48_1783930569659 leave map 1 unit 1048
[map_1] perf_8g_10_180_39_1783930569644 leave map 1 unit 1039
[map_1] perf_8g_10_180_51_1783930569667 leave map 1 unit 1051
[map_1] perf_8g_10_180_40_1783930569646 leave map 1 unit 1040
[map_1] perf_8g_10_180_50_1783930569661 leave map 1 unit 1050
[map_1] perf_8g_10_180_47_1783930569659 leave map 1 unit 1047
[map_1] perf_8g_10_180_49_1783930569660 leave map 1 unit 1049
[map_1] perf_8g_10_180_43_1783930569647 leave map 1 unit 1043
[map_1] perf_8g_10_180_44_1783930569649 leave map 1 unit 1044
[map_1] perf_8g_10_180_45_1783930569655 leave map 1 unit 1045
[map_1] perf_8g_10_180_46_1783930569658 leave map 1 unit 1046
[map_1] perf_8g_10_180_42_1783930569647 leave map 1 unit 1042
[map_1] perf_8g_10_180_178_1783930570043 leave map 1 unit 1178
[map_1] perf_8g_10_180_109_1783930569827 leave map 1 unit 1109
[map_1] perf_8g_10_180_179_1783930570044 leave map 1 unit 1176
[map_1] perf_8g_10_180_177_1783930570042 leave map 1 unit 1177
[map_1] perf_8g_10_180_176_1783930570030 leave map 1 unit 1173
[map_1] perf_8g_10_180_175_1783930570029 leave map 1 unit 1174
[map_1] perf_8g_10_180_174_1783930570028 leave map 1 unit 1175
[map_1] perf_8g_10_180_173_1783930570027 leave map 1 unit 1179
[map_1] perf_8g_10_180_172_1783930570014 leave map 1 unit 1170
[map_1] perf_8g_10_180_169_1783930570010 leave map 1 unit 1165
[map_1] perf_8g_10_180_171_1783930570012 leave map 1 unit 1172
[map_1] perf_8g_10_180_170_1783930570011 leave map 1 unit 1171
[map_1] perf_8g_10_180_166_1783930570000 leave map 1 unit 1169
[map_1] perf_8g_10_180_168_1783930570009 leave map 1 unit 1168
[map_1] perf_8g_10_180_167_1783930570001 leave map 1 unit 1166
[map_1] perf_8g_10_180_165_1783930569999 leave map 1 unit 1167
[map_1] perf_8g_10_180_164_1783930569998 leave map 1 unit 1164
[map_1] perf_8g_10_180_110_1783930569836 leave map 1 unit 1110
[map_1] perf_8g_10_180_112_1783930569840 leave map 1 unit 1113
[map_1] perf_8g_10_180_161_1783930569989 leave map 1 unit 1160
[map_1] perf_8g_10_180_162_1783930569990 leave map 1 unit 1162
[map_1] perf_8g_10_180_163_1783930569992 leave map 1 unit 1161
[map_1] perf_8g_10_180_160_1783930569978 leave map 1 unit 1158
[map_1] perf_8g_10_180_159_1783930569977 leave map 1 unit 1159
[map_1] perf_8g_10_180_158_1783930569975 leave map 1 unit 1163
[map_1] perf_8g_10_180_157_1783930569974 leave map 1 unit 1157
[map_1] perf_8g_10_180_111_1783930569838 leave map 1 unit 1111
[map_1] perf_8g_10_180_113_1783930569840 leave map 1 unit 1114
[map_1] perf_8g_10_180_156_1783930569968 leave map 1 unit 1154
[map_1] perf_8g_10_180_154_1783930569966 leave map 1 unit 1155
[map_1] perf_8g_10_180_155_1783930569967 leave map 1 unit 1156
[map_1] perf_8g_10_180_153_1783930569964 leave map 1 unit 1149
[map_1] perf_8g_10_180_151_1783930569954 leave map 1 unit 1153
[map_1] perf_8g_10_180_114_1783930569840 leave map 1 unit 1112
[map_1] perf_8g_10_180_115_1783930569852 leave map 1 unit 1117
[map_1] perf_8g_10_180_152_1783930569962 leave map 1 unit 1152
[map_1] perf_8g_10_180_150_1783930569953 leave map 1 unit 1150
[map_1] perf_8g_10_180_149_1783930569952 leave map 1 unit 1151
[map_1] perf_8g_10_180_148_1783930569951 leave map 1 unit 1146
[map_1] perf_8g_10_180_147_1783930569939 leave map 1 unit 1145
[map_1] perf_8g_10_180_116_1783930569855 leave map 1 unit 1116
[map_1] perf_8g_10_180_117_1783930569856 leave map 1 unit 1118
[map_1] perf_8g_10_180_146_1783930569938 leave map 1 unit 1148
[map_1] perf_8g_10_180_145_1783930569938 leave map 1 unit 1143
[map_1] perf_8g_10_180_144_1783930569928 leave map 1 unit 1142
[map_1] perf_8g_10_180_118_1783930569861 leave map 1 unit 1119
[map_1] perf_8g_10_180_119_1783930569862 leave map 1 unit 1115
[map_1] perf_8g_10_180_120_1783930569867 leave map 1 unit 1121
[map_1] perf_8g_10_180_143_1783930569926 leave map 1 unit 1144
[map_1] perf_8g_10_180_142_1783930569925 leave map 1 unit 1141
[map_1] perf_8g_10_180_141_1783930569917 leave map 1 unit 1140
[map_1] perf_8g_10_180_140_1783930569916 leave map 1 unit 1147
[map_1] perf_8g_10_180_121_1783930569868 leave map 1 unit 1120
[map_1] perf_8g_10_180_122_1783930569869 leave map 1 unit 1122
[map_1] perf_8g_10_180_139_1783930569915 leave map 1 unit 1138
[map_1] perf_8g_10_180_137_1783930569911 leave map 1 unit 1136
[map_1] perf_8g_10_180_138_1783930569912 leave map 1 unit 1139
[map_1] perf_8g_10_180_123_1783930569880 leave map 1 unit 1123
[map_1] perf_8g_10_180_124_1783930569881 leave map 1 unit 1124
[map_1] perf_8g_10_180_135_1783930569909 leave map 1 unit 1133
[map_1] perf_8g_10_180_136_1783930569911 leave map 1 unit 1135
[map_1] perf_8g_10_180_134_1783930569908 leave map 1 unit 1134
[map_1] perf_8g_10_180_125_1783930569882 leave map 1 unit 1129
[map_1] perf_8g_10_180_126_1783930569883 leave map 1 unit 1128
[map_1] perf_8g_10_180_127_1783930569884 leave map 1 unit 1125
[map_1] perf_8g_10_180_133_1783930569896 leave map 1 unit 1137
[map_1] perf_8g_10_180_132_1783930569895 leave map 1 unit 1131
[map_1] perf_8g_10_180_131_1783930569894 leave map 1 unit 1132
[map_1] perf_8g_10_180_128_1783930569887 leave map 1 unit 1126
[map_1] perf_8g_10_180_129_1783930569888 leave map 1 unit 1127
[map_1] perf_8g_10_180_130_1783930569888 leave map 1 unit 1130
