starting process map1 with one V8 and 1 scene(s) from E:\VsCode\skynet\ets_runtime\perf\results\runtime_configs\map_capacity_20260713_081609\180p_8g_r2\map1.json
scene map_1 (MapHost) listening on 127.0.0.1:7301
[process:map1] one V8 started with 1 scene(s)
[map_1] MapHost scene started at 127.0.0.1:7301
map_1 accepted 127.0.0.1:51670 as conn 1
map_1 accepted 127.0.0.1:51728 as conn 2
map_1 accepted 127.0.0.1:51729 as conn 3
map_1 accepted 127.0.0.1:51730 as conn 4
map_1 accepted 127.0.0.1:51732 as conn 5
map_1 accepted 127.0.0.1:51731 as conn 6
map_1 accepted 127.0.0.1:51733 as conn 7
[map_1] perf_8g_10_180_0_1783930611803 enter map 1 unit 1000
map_1 accepted 127.0.0.1:51734 as conn 8
map_1 accepted 127.0.0.1:51735 as conn 9
[map_1] perf_8g_10_180_1_1783930611804 enter map 1 unit 1001
[map_1] perf_8g_10_180_7_1783930611805 enter map 1 unit 1002
[map_1] perf_8g_10_180_3_1783930611804 enter map 1 unit 1003
[map_1] perf_8g_10_180_4_1783930611804 enter map 1 unit 1004
[map_1] perf_8g_10_180_2_1783930611804 enter map 1 unit 1005
[map_1] perf_8g_10_180_5_1783930611805 enter map 1 unit 1006
[map_1] perf_8g_10_180_8_1783930611805 enter map 1 unit 1007
[map_1] perf_8g_10_180_10_1783930611805 enter map 1 unit 1008
[map_1] perf_8g_10_180_13_1783930611805 enter map 1 unit 1009
[map_1] perf_8g_10_180_6_1783930611805 enter map 1 unit 1010
[map_1] perf_8g_10_180_11_1783930611805 enter map 1 unit 1011
[map_1] perf_8g_10_180_12_1783930611805 enter map 1 unit 1012
[map_1] perf_8g_10_180_14_1783930611805 enter map 1 unit 1013
[map_1] perf_8g_10_180_9_1783930611805 enter map 1 unit 1014
[map_1] perf_8g_10_180_16_1783930611830 enter map 1 unit 1015
[map_1] perf_8g_10_180_17_1783930611832 enter map 1 unit 1016
[map_1] perf_8g_10_180_15_1783930611805 enter map 1 unit 1017
[map_1] perf_8g_10_180_18_1783930611834 enter map 1 unit 1018
[map_1] perf_8g_10_180_19_1783930611834 enter map 1 unit 1019
[map_1] perf_8g_10_180_20_1783930611835 enter map 1 unit 1020
[map_1] perf_8g_10_180_21_1783930611836 enter map 1 unit 1021
[map_1] perf_8g_10_180_23_1783930611837 enter map 1 unit 1022
[map_1] perf_8g_10_180_22_1783930611836 enter map 1 unit 1023
[map_1] perf_8g_10_180_24_1783930611837 enter map 1 unit 1024
[map_1] perf_8g_10_180_25_1783930611837 enter map 1 unit 1025
[map_1] perf_8g_10_180_26_1783930611837 enter map 1 unit 1026
[map_1] perf_8g_10_180_27_1783930611838 enter map 1 unit 1027
[map_1] perf_8g_10_180_28_1783930611838 enter map 1 unit 1028
[map_1] perf_8g_10_180_29_1783930611838 enter map 1 unit 1029
[map_1] perf_8g_10_180_30_1783930611838 enter map 1 unit 1030
[map_1] perf_8g_10_180_31_1783930611842 enter map 1 unit 1031
[map_1] perf_8g_10_180_32_1783930611848 enter map 1 unit 1032
[map_1] perf_8g_10_180_34_1783930611849 enter map 1 unit 1033
[map_1] perf_8g_10_180_33_1783930611848 enter map 1 unit 1034
[map_1] perf_8g_10_180_35_1783930611849 enter map 1 unit 1035
[map_1] perf_8g_10_180_36_1783930611850 enter map 1 unit 1036
[map_1] perf_8g_10_180_37_1783930611851 enter map 1 unit 1037
[map_1] perf_8g_10_180_38_1783930611854 enter map 1 unit 1038
[map_1] perf_8g_10_180_39_1783930611854 enter map 1 unit 1039
[map_1] perf_8g_10_180_40_1783930611854 enter map 1 unit 1040
[map_1] perf_8g_10_180_41_1783930611857 enter map 1 unit 1041
[map_1] perf_8g_10_180_42_1783930611857 enter map 1 unit 1042
[map_1] perf_8g_10_180_43_1783930611857 enter map 1 unit 1043
[map_1] perf_8g_10_180_44_1783930611858 enter map 1 unit 1044
[map_1] perf_8g_10_180_45_1783930611859 enter map 1 unit 1045
[map_1] perf_8g_10_180_47_1783930611860 enter map 1 unit 1047
[map_1] perf_8g_10_180_46_1783930611859 enter map 1 unit 1046
[map_1] perf_8g_10_180_48_1783930611865 enter map 1 unit 1048
[map_1] perf_8g_10_180_49_1783930611865 enter map 1 unit 1049
[map_1] perf_8g_10_180_50_1783930611866 enter map 1 unit 1050
[map_1] perf_8g_10_180_51_1783930611867 enter map 1 unit 1051
[map_1] perf_8g_10_180_52_1783930611868 enter map 1 unit 1052
[map_1] perf_8g_10_180_53_1783930611869 enter map 1 unit 1053
[map_1] perf_8g_10_180_54_1783930611871 enter map 1 unit 1054
[map_1] perf_8g_10_180_55_1783930611873 enter map 1 unit 1055
[map_1] perf_8g_10_180_56_1783930611874 enter map 1 unit 1056
[map_1] perf_8g_10_180_58_1783930611879 enter map 1 unit 1057
[map_1] perf_8g_10_180_57_1783930611877 enter map 1 unit 1058
[map_1] perf_8g_10_180_59_1783930611879 enter map 1 unit 1059
[map_1] perf_8g_10_180_60_1783930611881 enter map 1 unit 1060
[map_1] perf_8g_10_180_61_1783930611881 enter map 1 unit 1061
[map_1] perf_8g_10_180_62_1783930611881 enter map 1 unit 1062
[map_1] perf_8g_10_180_63_1783930611882 enter map 1 unit 1063
[map_1] perf_8g_10_180_64_1783930611885 enter map 1 unit 1064
[map_1] perf_8g_10_180_65_1783930611888 enter map 1 unit 1065
[map_1] perf_8g_10_180_66_1783930611890 enter map 1 unit 1066
[map_1] perf_8g_10_180_67_1783930611891 enter map 1 unit 1067
[map_1] perf_8g_10_180_68_1783930611891 enter map 1 unit 1068
[map_1] perf_8g_10_180_69_1783930611892 enter map 1 unit 1069
[map_1] perf_8g_10_180_70_1783930611894 enter map 1 unit 1070
[map_1] perf_8g_10_180_71_1783930611895 enter map 1 unit 1071
[map_1] perf_8g_10_180_72_1783930611898 enter map 1 unit 1072
[map_1] perf_8g_10_180_73_1783930611903 enter map 1 unit 1073
[map_1] perf_8g_10_180_74_1783930611903 enter map 1 unit 1074
[map_1] perf_8g_10_180_75_1783930611905 enter map 1 unit 1075
[map_1] perf_8g_10_180_76_1783930611907 enter map 1 unit 1076
[map_1] perf_8g_10_180_77_1783930611908 enter map 1 unit 1077
[map_1] perf_8g_10_180_78_1783930611909 enter map 1 unit 1078
[map_1] perf_8g_10_180_79_1783930611909 enter map 1 unit 1079
[map_1] perf_8g_10_180_80_1783930611913 enter map 1 unit 1080
[map_1] perf_8g_10_180_81_1783930611915 enter map 1 unit 1081
[map_1] perf_8g_10_180_82_1783930611917 enter map 1 unit 1082
[map_1] perf_8g_10_180_83_1783930611920 enter map 1 unit 1083
[map_1] perf_8g_10_180_84_1783930611920 enter map 1 unit 1084
[map_1] perf_8g_10_180_85_1783930611923 enter map 1 unit 1085
[map_1] perf_8g_10_180_88_1783930611925 enter map 1 unit 1088
[map_1] perf_8g_10_180_86_1783930611924 enter map 1 unit 1086
[map_1] perf_8g_10_180_87_1783930611925 enter map 1 unit 1087
[map_1] perf_8g_10_180_89_1783930611931 enter map 1 unit 1089
[map_1] perf_8g_10_180_90_1783930611934 enter map 1 unit 1090
[map_1] perf_8g_10_180_91_1783930611935 enter map 1 unit 1091
[map_1] perf_8g_10_180_92_1783930611937 enter map 1 unit 1092
[map_1] perf_8g_10_180_93_1783930611938 enter map 1 unit 1093
[map_1] perf_8g_10_180_94_1783930611940 enter map 1 unit 1094
[map_1] perf_8g_10_180_95_1783930611940 enter map 1 unit 1095
[map_1] perf_8g_10_180_96_1783930611942 enter map 1 unit 1096
[map_1] perf_8g_10_180_97_1783930611945 enter map 1 unit 1097
[map_1] perf_8g_10_180_98_1783930611946 enter map 1 unit 1098
[map_1] perf_8g_10_180_99_1783930611950 enter map 1 unit 1099
[map_1] perf_8g_10_180_100_1783930611950 enter map 1 unit 1100
[map_1] perf_8g_10_180_101_1783930611955 enter map 1 unit 1101
[map_1] perf_8g_10_180_102_1783930611955 enter map 1 unit 1102
[map_1] perf_8g_10_180_103_1783930611955 enter map 1 unit 1104
[map_1] perf_8g_10_180_104_1783930611956 enter map 1 unit 1103
[map_1] perf_8g_10_180_105_1783930611960 enter map 1 unit 1105
[map_1] perf_8g_10_180_106_1783930611961 enter map 1 unit 1106
[map_1] perf_8g_10_180_107_1783930611965 enter map 1 unit 1107
[map_1] perf_8g_10_180_108_1783930611968 enter map 1 unit 1108
[map_1] perf_8g_10_180_109_1783930611969 enter map 1 unit 1109
[map_1] perf_8g_10_180_112_1783930611975 enter map 1 unit 1112
[map_1] perf_8g_10_180_110_1783930611970 enter map 1 unit 1110
[map_1] perf_8g_10_180_111_1783930611972 enter map 1 unit 1111
[map_1] perf_8g_10_180_113_1783930611978 enter map 1 unit 1113
[map_1] perf_8g_10_180_114_1783930611979 enter map 1 unit 1114
[map_1] perf_8g_10_180_115_1783930611983 enter map 1 unit 1115
[map_1] perf_8g_10_180_116_1783930611985 enter map 1 unit 1116
[map_1] perf_8g_10_180_117_1783930611989 enter map 1 unit 1117
[map_1] perf_8g_10_180_118_1783930611994 enter map 1 unit 1118
[map_1] perf_8g_10_180_119_1783930611994 enter map 1 unit 1119
[map_1] perf_8g_10_180_120_1783930611995 enter map 1 unit 1120
[map_1] perf_8g_10_180_122_1783930611998 enter map 1 unit 1122
[map_1] perf_8g_10_180_121_1783930611997 enter map 1 unit 1121
[map_1] perf_8g_10_180_123_1783930612003 enter map 1 unit 1123
[map_1] perf_8g_10_180_124_1783930612003 enter map 1 unit 1124
[map_1] perf_8g_10_180_125_1783930612007 enter map 1 unit 1125
[map_1] perf_8g_10_180_127_1783930612008 enter map 1 unit 1127
[map_1] perf_8g_10_180_126_1783930612008 enter map 1 unit 1126
[map_1] perf_8g_10_180_128_1783930612009 enter map 1 unit 1128
[map_1] perf_8g_10_180_129_1783930612013 enter map 1 unit 1129
[map_1] perf_8g_10_180_130_1783930612013 enter map 1 unit 1130
[map_1] perf_8g_10_180_131_1783930612019 enter map 1 unit 1131
[map_1] perf_8g_10_180_132_1783930612019 enter map 1 unit 1132
[map_1] perf_8g_10_180_133_1783930612021 enter map 1 unit 1133
[map_1] perf_8g_10_180_135_1783930612027 enter map 1 unit 1135
[map_1] perf_8g_10_180_134_1783930612026 enter map 1 unit 1134
[map_1] perf_8g_10_180_136_1783930612032 enter map 1 unit 1136
[map_1] perf_8g_10_180_138_1783930612033 enter map 1 unit 1138
[map_1] perf_8g_10_180_137_1783930612033 enter map 1 unit 1137
[map_1] perf_8g_10_180_139_1783930612039 enter map 1 unit 1139
[map_1] perf_8g_10_180_142_1783930612046 enter map 1 unit 1143
[map_1] perf_8g_10_180_140_1783930612039 enter map 1 unit 1140
[map_1] perf_8g_10_180_143_1783930612047 enter map 1 unit 1142
[map_1] perf_8g_10_180_141_1783930612045 enter map 1 unit 1141
[map_1] perf_8g_10_180_145_1783930612050 enter map 1 unit 1144
[map_1] perf_8g_10_180_146_1783930612055 enter map 1 unit 1146
[map_1] perf_8g_10_180_144_1783930612050 enter map 1 unit 1145
[map_1] perf_8g_10_180_149_1783930612066 enter map 1 unit 1147
[map_1] perf_8g_10_180_148_1783930612060 enter map 1 unit 1151
[map_1] perf_8g_10_180_151_1783930612067 enter map 1 unit 1148
[map_1] perf_8g_10_180_147_1783930612059 enter map 1 unit 1150
[map_1] perf_8g_10_180_150_1783930612067 enter map 1 unit 1149
[map_1] perf_8g_10_180_154_1783930612074 enter map 1 unit 1152
[map_1] perf_8g_10_180_153_1783930612073 enter map 1 unit 1154
[map_1] perf_8g_10_180_152_1783930612072 enter map 1 unit 1153
[map_1] perf_8g_10_180_156_1783930612084 enter map 1 unit 1155
[map_1] perf_8g_10_180_157_1783930612085 enter map 1 unit 1159
[map_1] perf_8g_10_180_155_1783930612083 enter map 1 unit 1156
[map_1] perf_8g_10_180_158_1783930612086 enter map 1 unit 1158
[map_1] perf_8g_10_180_159_1783930612087 enter map 1 unit 1157
[map_1] perf_8g_10_180_160_1783930612089 enter map 1 unit 1160
[map_1] perf_8g_10_180_161_1783930612090 enter map 1 unit 1162
[map_1] perf_8g_10_180_162_1783930612092 enter map 1 unit 1161
[map_1] perf_8g_10_180_163_1783930612100 enter map 1 unit 1163
[map_1] perf_8g_10_180_164_1783930612101 enter map 1 unit 1167
[map_1] perf_8g_10_180_166_1783930612103 enter map 1 unit 1164
[map_1] perf_8g_10_180_167_1783930612104 enter map 1 unit 1166
[map_1] perf_8g_10_180_165_1783930612102 enter map 1 unit 1165
[map_1] perf_8g_10_180_170_1783930612111 enter map 1 unit 1168
[map_1] perf_8g_10_180_169_1783930612110 enter map 1 unit 1170
[map_1] perf_8g_10_180_168_1783930612109 enter map 1 unit 1169
[map_1] perf_8g_10_180_175_1783930612125 enter map 1 unit 1171
[map_1] perf_8g_10_180_172_1783930612123 enter map 1 unit 1175
[map_1] perf_8g_10_180_173_1783930612123 enter map 1 unit 1172
[map_1] perf_8g_10_180_171_1783930612121 enter map 1 unit 1174
[map_1] perf_8g_10_180_174_1783930612124 enter map 1 unit 1173
[map_1] perf_8g_10_180_176_1783930612129 enter map 1 unit 1176
[map_1] perf_8g_10_180_178_1783930612131 enter map 1 unit 1178
[map_1] perf_8g_10_180_177_1783930612131 enter map 1 unit 1177
[map_1] perf_8g_10_180_179_1783930612142 enter map 1 unit 1179
[metrics:inner_transport] active=8 opened=8 pending=0 max_pending=0 overloads=0 timeouts=0 disconnected_calls=0 late_responses=0 idle_closes=0
[process-metrics] process=map1 cpu_percent=112.14 cpu_time_ms=5640 rss_bytes=121561088 v8_heap_used_bytes=29392440 v8_heap_total_bytes=79437824 v8_gc_count=105 v8_gc_ms=64.251 timestamp_ms=1783930616583
[metrics:map1] scene=map_1 type=MapHost processed=8460 failed=0 ts_queue=0 ts_max_queue=147 rust_queue=0 rust_max_queue=147 backpressure=0 slow_disconnects=0 update_ms=4.00 handler_ms=4.00 max_handler_ms=35.00 total_handler_ms=85735.00
[metrics:inner_transport] active=8 opened=8 pending=0 max_pending=0 overloads=0 timeouts=0 disconnected_calls=0 late_responses=0 idle_closes=0
[process-metrics] process=map1 cpu_percent=62.32 cpu_time_ms=8796 rss_bytes=122691584 v8_heap_used_bytes=31644256 v8_heap_total_bytes=79437824 v8_gc_count=180 v8_gc_ms=118.074 timestamp_ms=1783930621647
[metrics:map1] scene=map_1 type=MapHost processed=17640 failed=0 ts_queue=0 ts_max_queue=147 rust_queue=0 rust_max_queue=147 backpressure=0 slow_disconnects=0 update_ms=0.00 handler_ms=16.00 max_handler_ms=35.00 total_handler_ms=170554.00
[metrics:inner_transport] active=8 opened=8 pending=0 max_pending=0 overloads=0 timeouts=0 disconnected_calls=0 late_responses=0 idle_closes=0
[process-metrics] process=map1 cpu_percent=94.12 cpu_time_ms=13546 rss_bytes=122966016 v8_heap_used_bytes=19938392 v8_heap_total_bytes=79699968 v8_gc_count=256 v8_gc_ms=170.111 timestamp_ms=1783930626694
[metrics:map1] scene=map_1 type=MapHost processed=26823 failed=0 ts_queue=0 ts_max_queue=147 rust_queue=23 rust_max_queue=147 backpressure=0 slow_disconnects=0 update_ms=1.00 handler_ms=1.00 max_handler_ms=59.00 total_handler_ms=265023.00
[metrics:inner_transport] active=8 opened=8 pending=0 max_pending=0 overloads=0 timeouts=0 disconnected_calls=0 late_responses=0 idle_closes=0
[process-metrics] process=map1 cpu_percent=93.39 cpu_time_ms=18218 rss_bytes=125132800 v8_heap_used_bytes=28794936 v8_heap_total_bytes=81534976 v8_gc_count=331 v8_gc_ms=216.290 timestamp_ms=1783930631696
[metrics:map1] scene=map_1 type=MapHost processed=36040 failed=0 ts_queue=0 ts_max_queue=147 rust_queue=49 rust_max_queue=147 backpressure=0 slow_disconnects=0 update_ms=4.00 handler_ms=4.00 max_handler_ms=59.00 total_handler_ms=333948.00
[metrics:inner_transport] active=8 opened=8 pending=0 max_pending=0 overloads=0 timeouts=0 disconnected_calls=0 late_responses=0 idle_closes=0
[process-metrics] process=map1 cpu_percent=108.12 cpu_time_ms=23625 rss_bytes=121315328 v8_heap_used_bytes=28089816 v8_heap_total_bytes=78389248 v8_gc_count=408 v8_gc_ms=264.874 timestamp_ms=1783930636697
[metrics:map1] scene=map_1 type=MapHost processed=45199 failed=0 ts_queue=0 ts_max_queue=147 rust_queue=44 rust_max_queue=147 backpressure=0 slow_disconnects=0 update_ms=0.00 handler_ms=0.00 max_handler_ms=59.00 total_handler_ms=395420.00
[metrics:inner_transport] active=8 opened=8 pending=0 max_pending=0 overloads=0 timeouts=0 disconnected_calls=0 late_responses=0 idle_closes=0
[process-metrics] process=map1 cpu_percent=95.55 cpu_time_ms=28421 rss_bytes=121753600 v8_heap_used_bytes=12792584 v8_heap_total_bytes=78389248 v8_gc_count=484 v8_gc_ms=310.384 timestamp_ms=1783930641717
[metrics:map1] scene=map_1 type=MapHost processed=54360 failed=0 ts_queue=0 ts_max_queue=147 rust_queue=29 rust_max_queue=147 backpressure=0 slow_disconnects=0 update_ms=0.00 handler_ms=0.00 max_handler_ms=59.00 total_handler_ms=463956.00
[metrics:inner_transport] active=8 opened=8 pending=0 max_pending=0 overloads=0 timeouts=0 disconnected_calls=0 late_responses=0 idle_closes=0
[process-metrics] process=map1 cpu_percent=96.95 cpu_time_ms=33281 rss_bytes=122810368 v8_heap_used_bytes=12800488 v8_heap_total_bytes=78389248 v8_gc_count=559 v8_gc_ms=357.030 timestamp_ms=1783930646729
[metrics:map1] scene=map_1 type=MapHost processed=63540 failed=0 ts_queue=0 ts_max_queue=147 rust_queue=157 rust_max_queue=157 backpressure=0 slow_disconnects=0 update_ms=0.00 handler_ms=2.00 max_handler_ms=59.00 total_handler_ms=551818.00
[metrics:inner_transport] active=8 opened=8 pending=0 max_pending=0 overloads=0 timeouts=0 disconnected_calls=0 late_responses=0 idle_closes=0
[process-metrics] process=map1 cpu_percent=91.82 cpu_time_ms=37875 rss_bytes=122560512 v8_heap_used_bytes=23155080 v8_heap_total_bytes=78389248 v8_gc_count=635 v8_gc_ms=403.655 timestamp_ms=1783930651733
[metrics:map1] scene=map_1 type=MapHost processed=72765 failed=0 ts_queue=0 ts_max_queue=158 rust_queue=73 rust_max_queue=157 backpressure=0 slow_disconnects=0 update_ms=0.00 handler_ms=0.00 max_handler_ms=59.00 total_handler_ms=615269.00
[map_1] perf_8g_10_180_0_1783930611803 leave map 1 unit 1000
[map_1] perf_8g_10_180_59_1783930611879 leave map 1 unit 1059
[map_1] perf_8g_10_180_10_1783930611805 leave map 1 unit 1008
[map_1] perf_8g_10_180_56_1783930611874 leave map 1 unit 1056
[map_1] perf_8g_10_180_1_1783930611804 leave map 1 unit 1001
[map_1] perf_8g_10_180_62_1783930611881 leave map 1 unit 1062
[map_1] perf_8g_10_180_57_1783930611877 leave map 1 unit 1058
[map_1] perf_8g_10_180_3_1783930611804 leave map 1 unit 1003
[map_1] perf_8g_10_180_54_1783930611871 leave map 1 unit 1054
[map_1] perf_8g_10_180_16_1783930611830 leave map 1 unit 1015
[map_1] perf_8g_10_180_60_1783930611881 leave map 1 unit 1060
[map_1] perf_8g_10_180_11_1783930611805 leave map 1 unit 1011
[map_1] perf_8g_10_180_55_1783930611873 leave map 1 unit 1055
[map_1] perf_8g_10_180_53_1783930611869 leave map 1 unit 1053
[map_1] perf_8g_10_180_5_1783930611805 leave map 1 unit 1006
[map_1] perf_8g_10_180_50_1783930611866 leave map 1 unit 1050
[map_1] perf_8g_10_180_4_1783930611804 leave map 1 unit 1004
[map_1] perf_8g_10_180_52_1783930611868 leave map 1 unit 1052
[map_1] perf_8g_10_180_17_1783930611832 leave map 1 unit 1016
[map_1] perf_8g_10_180_48_1783930611865 leave map 1 unit 1048
[map_1] perf_8g_10_180_46_1783930611859 leave map 1 unit 1046
[map_1] perf_8g_10_180_14_1783930611805 leave map 1 unit 1013
[map_1] perf_8g_10_180_51_1783930611867 leave map 1 unit 1051
[map_1] perf_8g_10_180_24_1783930611837 leave map 1 unit 1024
[map_1] perf_8g_10_180_40_1783930611854 leave map 1 unit 1040
[map_1] perf_8g_10_180_7_1783930611805 leave map 1 unit 1002
[map_1] perf_8g_10_180_47_1783930611860 leave map 1 unit 1047
[map_1] perf_8g_10_180_49_1783930611865 leave map 1 unit 1049
[map_1] perf_8g_10_180_8_1783930611805 leave map 1 unit 1007
[map_1] perf_8g_10_180_41_1783930611857 leave map 1 unit 1041
[map_1] perf_8g_10_180_9_1783930611805 leave map 1 unit 1014
[map_1] perf_8g_10_180_45_1783930611859 leave map 1 unit 1045
[map_1] perf_8g_10_180_25_1783930611837 leave map 1 unit 1025
[map_1] perf_8g_10_180_43_1783930611857 leave map 1 unit 1043
[map_1] perf_8g_10_180_21_1783930611836 leave map 1 unit 1021
[map_1] perf_8g_10_180_44_1783930611858 leave map 1 unit 1044
[map_1] perf_8g_10_180_39_1783930611854 leave map 1 unit 1039
[map_1] perf_8g_10_180_22_1783930611836 leave map 1 unit 1023
[map_1] perf_8g_10_180_13_1783930611805 leave map 1 unit 1009
[map_1] perf_8g_10_180_38_1783930611854 leave map 1 unit 1038
[map_1] perf_8g_10_180_2_1783930611804 leave map 1 unit 1005
[map_1] perf_8g_10_180_42_1783930611857 leave map 1 unit 1042
[map_1] perf_8g_10_180_6_1783930611805 leave map 1 unit 1010
[map_1] perf_8g_10_180_35_1783930611849 leave map 1 unit 1035
[map_1] perf_8g_10_180_37_1783930611851 leave map 1 unit 1037
[map_1] perf_8g_10_180_18_1783930611834 leave map 1 unit 1018
[map_1] perf_8g_10_180_36_1783930611850 leave map 1 unit 1036
[map_1] perf_8g_10_180_15_1783930611805 leave map 1 unit 1017
[map_1] perf_8g_10_180_27_1783930611838 leave map 1 unit 1027
[map_1] perf_8g_10_180_23_1783930611837 leave map 1 unit 1022
[map_1] perf_8g_10_180_33_1783930611848 leave map 1 unit 1034
[map_1] perf_8g_10_180_20_1783930611835 leave map 1 unit 1020
[map_1] perf_8g_10_180_34_1783930611849 leave map 1 unit 1033
[map_1] perf_8g_10_180_30_1783930611838 leave map 1 unit 1030
[map_1] perf_8g_10_180_32_1783930611848 leave map 1 unit 1032
[map_1] perf_8g_10_180_29_1783930611838 leave map 1 unit 1029
[map_1] perf_8g_10_180_19_1783930611834 leave map 1 unit 1019
[map_1] perf_8g_10_180_12_1783930611805 leave map 1 unit 1012
[map_1] perf_8g_10_180_26_1783930611837 leave map 1 unit 1026
[map_1] perf_8g_10_180_28_1783930611838 leave map 1 unit 1028
[map_1] perf_8g_10_180_31_1783930611842 leave map 1 unit 1031
[map_1] perf_8g_10_180_179_1783930612142 leave map 1 unit 1179
[map_1] perf_8g_10_180_63_1783930611882 leave map 1 unit 1063
[map_1] perf_8g_10_180_178_1783930612131 leave map 1 unit 1178
[map_1] perf_8g_10_180_177_1783930612131 leave map 1 unit 1177
[map_1] perf_8g_10_180_175_1783930612125 leave map 1 unit 1171
[map_1] perf_8g_10_180_176_1783930612129 leave map 1 unit 1176
[map_1] perf_8g_10_180_172_1783930612123 leave map 1 unit 1175
[map_1] perf_8g_10_180_174_1783930612124 leave map 1 unit 1173
[map_1] perf_8g_10_180_173_1783930612123 leave map 1 unit 1172
[map_1] perf_8g_10_180_171_1783930612121 leave map 1 unit 1174
[map_1] perf_8g_10_180_170_1783930612111 leave map 1 unit 1168
[map_1] perf_8g_10_180_169_1783930612110 leave map 1 unit 1170
[map_1] perf_8g_10_180_168_1783930612109 leave map 1 unit 1169
[map_1] perf_8g_10_180_167_1783930612104 leave map 1 unit 1166
[map_1] perf_8g_10_180_166_1783930612103 leave map 1 unit 1164
[map_1] perf_8g_10_180_165_1783930612102 leave map 1 unit 1165
[map_1] perf_8g_10_180_164_1783930612101 leave map 1 unit 1167
[map_1] perf_8g_10_180_61_1783930611881 leave map 1 unit 1061
[map_1] perf_8g_10_180_163_1783930612100 leave map 1 unit 1163
[map_1] perf_8g_10_180_162_1783930612092 leave map 1 unit 1161
[map_1] perf_8g_10_180_161_1783930612090 leave map 1 unit 1162
[map_1] perf_8g_10_180_160_1783930612089 leave map 1 unit 1160
[map_1] perf_8g_10_180_159_1783930612087 leave map 1 unit 1157
[map_1] perf_8g_10_180_158_1783930612086 leave map 1 unit 1158
[map_1] perf_8g_10_180_156_1783930612084 leave map 1 unit 1155
[map_1] perf_8g_10_180_58_1783930611879 leave map 1 unit 1057
[map_1] perf_8g_10_180_157_1783930612085 leave map 1 unit 1159
[map_1] perf_8g_10_180_155_1783930612083 leave map 1 unit 1156
[map_1] perf_8g_10_180_154_1783930612074 leave map 1 unit 1152
[map_1] perf_8g_10_180_152_1783930612072 leave map 1 unit 1153
[map_1] perf_8g_10_180_153_1783930612073 leave map 1 unit 1154
[map_1] perf_8g_10_180_68_1783930611891 leave map 1 unit 1068
[map_1] perf_8g_10_180_151_1783930612067 leave map 1 unit 1148
[map_1] perf_8g_10_180_150_1783930612067 leave map 1 unit 1149
[map_1] perf_8g_10_180_149_1783930612066 leave map 1 unit 1147
[map_1] perf_8g_10_180_148_1783930612060 leave map 1 unit 1151
[map_1] perf_8g_10_180_64_1783930611885 leave map 1 unit 1064
[map_1] perf_8g_10_180_147_1783930612059 leave map 1 unit 1150
[map_1] perf_8g_10_180_146_1783930612055 leave map 1 unit 1146
[map_1] perf_8g_10_180_145_1783930612050 leave map 1 unit 1144
[map_1] perf_8g_10_180_144_1783930612050 leave map 1 unit 1145
[map_1] perf_8g_10_180_70_1783930611894 leave map 1 unit 1070
[map_1] perf_8g_10_180_142_1783930612046 leave map 1 unit 1143
[map_1] perf_8g_10_180_143_1783930612047 leave map 1 unit 1142
[map_1] perf_8g_10_180_141_1783930612045 leave map 1 unit 1141
[map_1] perf_8g_10_180_69_1783930611892 leave map 1 unit 1069
[map_1] perf_8g_10_180_140_1783930612039 leave map 1 unit 1140
[map_1] perf_8g_10_180_139_1783930612039 leave map 1 unit 1139
[map_1] perf_8g_10_180_138_1783930612033 leave map 1 unit 1138
[map_1] perf_8g_10_180_137_1783930612033 leave map 1 unit 1137
[map_1] perf_8g_10_180_66_1783930611890 leave map 1 unit 1066
[map_1] perf_8g_10_180_76_1783930611907 leave map 1 unit 1076
[map_1] perf_8g_10_180_136_1783930612032 leave map 1 unit 1136
[map_1] perf_8g_10_180_135_1783930612027 leave map 1 unit 1135
[map_1] perf_8g_10_180_134_1783930612026 leave map 1 unit 1134
[map_1] perf_8g_10_180_65_1783930611888 leave map 1 unit 1065
[map_1] perf_8g_10_180_131_1783930612019 leave map 1 unit 1131
[map_1] perf_8g_10_180_133_1783930612021 leave map 1 unit 1133
[map_1] perf_8g_10_180_72_1783930611898 leave map 1 unit 1072
[map_1] perf_8g_10_180_132_1783930612019 leave map 1 unit 1132
[map_1] perf_8g_10_180_130_1783930612013 leave map 1 unit 1130
[map_1] perf_8g_10_180_129_1783930612013 leave map 1 unit 1129
[map_1] perf_8g_10_180_71_1783930611895 leave map 1 unit 1071
[map_1] perf_8g_10_180_128_1783930612009 leave map 1 unit 1128
[map_1] perf_8g_10_180_127_1783930612008 leave map 1 unit 1127
[map_1] perf_8g_10_180_125_1783930612007 leave map 1 unit 1125
[map_1] perf_8g_10_180_78_1783930611909 leave map 1 unit 1078
[map_1] perf_8g_10_180_67_1783930611891 leave map 1 unit 1067
[map_1] perf_8g_10_180_124_1783930612003 leave map 1 unit 1124
[map_1] perf_8g_10_180_126_1783930612008 leave map 1 unit 1126
[map_1] perf_8g_10_180_77_1783930611908 leave map 1 unit 1077
[map_1] perf_8g_10_180_122_1783930611998 leave map 1 unit 1122
[map_1] perf_8g_10_180_123_1783930612003 leave map 1 unit 1123
[map_1] perf_8g_10_180_73_1783930611903 leave map 1 unit 1073
[map_1] perf_8g_10_180_121_1783930611997 leave map 1 unit 1121
[map_1] perf_8g_10_180_119_1783930611994 leave map 1 unit 1119
[map_1] perf_8g_10_180_79_1783930611909 leave map 1 unit 1079
[map_1] perf_8g_10_180_120_1783930611995 leave map 1 unit 1120
[map_1] perf_8g_10_180_118_1783930611994 leave map 1 unit 1118
[map_1] perf_8g_10_180_74_1783930611903 leave map 1 unit 1074
[map_1] perf_8g_10_180_81_1783930611915 leave map 1 unit 1081
[map_1] perf_8g_10_180_117_1783930611989 leave map 1 unit 1117
[map_1] perf_8g_10_180_116_1783930611985 leave map 1 unit 1116
[map_1] perf_8g_10_180_82_1783930611917 leave map 1 unit 1082
[map_1] perf_8g_10_180_115_1783930611983 leave map 1 unit 1115
[map_1] perf_8g_10_180_112_1783930611975 leave map 1 unit 1112
[map_1] perf_8g_10_180_80_1783930611913 leave map 1 unit 1080
[map_1] perf_8g_10_180_114_1783930611979 leave map 1 unit 1114
[map_1] perf_8g_10_180_113_1783930611978 leave map 1 unit 1113
[map_1] perf_8g_10_180_84_1783930611920 leave map 1 unit 1084
[map_1] perf_8g_10_180_75_1783930611905 leave map 1 unit 1075
[map_1] perf_8g_10_180_109_1783930611969 leave map 1 unit 1109
[map_1] perf_8g_10_180_111_1783930611972 leave map 1 unit 1111
[map_1] perf_8g_10_180_85_1783930611923 leave map 1 unit 1085
[map_1] perf_8g_10_180_108_1783930611968 leave map 1 unit 1108
[map_1] perf_8g_10_180_110_1783930611970 leave map 1 unit 1110
[map_1] perf_8g_10_180_83_1783930611920 leave map 1 unit 1083
[map_1] perf_8g_10_180_106_1783930611961 leave map 1 unit 1106
[map_1] perf_8g_10_180_107_1783930611965 leave map 1 unit 1107
[map_1] perf_8g_10_180_86_1783930611924 leave map 1 unit 1086
[map_1] perf_8g_10_180_87_1783930611925 leave map 1 unit 1087
[map_1] perf_8g_10_180_105_1783930611960 leave map 1 unit 1105
[map_1] perf_8g_10_180_104_1783930611956 leave map 1 unit 1103
[map_1] perf_8g_10_180_88_1783930611925 leave map 1 unit 1088
[map_1] perf_8g_10_180_103_1783930611955 leave map 1 unit 1104
[map_1] perf_8g_10_180_90_1783930611934 leave map 1 unit 1090
[map_1] perf_8g_10_180_89_1783930611931 leave map 1 unit 1089
[map_1] perf_8g_10_180_102_1783930611955 leave map 1 unit 1102
[map_1] perf_8g_10_180_100_1783930611950 leave map 1 unit 1100
[map_1] perf_8g_10_180_91_1783930611935 leave map 1 unit 1091
[map_1] perf_8g_10_180_101_1783930611955 leave map 1 unit 1101
[map_1] perf_8g_10_180_99_1783930611950 leave map 1 unit 1099
[map_1] perf_8g_10_180_92_1783930611937 leave map 1 unit 1092
[map_1] perf_8g_10_180_94_1783930611940 leave map 1 unit 1094
[map_1] perf_8g_10_180_98_1783930611946 leave map 1 unit 1098
[map_1] perf_8g_10_180_95_1783930611940 leave map 1 unit 1095
[map_1] perf_8g_10_180_97_1783930611945 leave map 1 unit 1097
[map_1] perf_8g_10_180_96_1783930611942 leave map 1 unit 1096
[map_1] perf_8g_10_180_93_1783930611938 leave map 1 unit 1093
