starting process log with one V8 and 1 scene(s) from E:\VsCode\skynet\ets_runtime\perf\results\runtime_configs\map_capacity_20260713_081609\180p_8g_r1\log.json
scene log (Log) listening on 127.0.0.1:7100
[process:log] one V8 started with 1 scene(s)
[log] Log scene started at 127.0.0.1:7100
log accepted 127.0.0.1:50569 as conn 1
log accepted 127.0.0.1:51012 as conn 2
[log] [login_1] perf_8g_10_180_0_1783930569575 login count 1
[log] [login_1] perf_8g_10_180_1_1783930569577 login count 1
[log] [login_1] perf_8g_10_180_2_1783930569577 login count 1
[log] [login_1] perf_8g_10_180_3_1783930569577 login count 1
[log] [login_1] perf_8g_10_180_5_1783930569577 login count 1
[log] [login_1] perf_8g_10_180_7_1783930569577 login count 1
[log] [login_1] perf_8g_10_180_4_1783930569577 login count 1
[log] [login_1] perf_8g_10_180_9_1783930569577 login count 1
[log] [login_1] perf_8g_10_180_10_1783930569578 login count 1
[log] [login_1] perf_8g_10_180_12_1783930569578 login count 1
[log] [login_1] perf_8g_10_180_6_1783930569577 login count 1
[log] [login_1] perf_8g_10_180_13_1783930569578 login count 1
[log] [login_1] perf_8g_10_180_11_1783930569578 login count 1
[log] [login_1] perf_8g_10_180_8_1783930569577 login count 1
[log] [login_1] perf_8g_10_180_15_1783930569578 login count 1
[log] [login_1] perf_8g_10_180_14_1783930569578 login count 1
log accepted 127.0.0.1:51041 as conn 3
[log] [gate_1] perf_8g_10_180_0_1783930569575 enter map_1 as unit 1000
log accepted 127.0.0.1:51050 as conn 4
log accepted 127.0.0.1:51051 as conn 5
log accepted 127.0.0.1:51052 as conn 6
log accepted 127.0.0.1:51049 as conn 7
log accepted 127.0.0.1:51054 as conn 8
[log] [gate_4] perf_8g_10_180_3_1783930569577 enter map_1 as unit 1007
[log] [gate_7] perf_8g_10_180_15_1783930569578 enter map_1 as unit 1006
[log] [gate_2] perf_8g_10_180_1_1783930569577 enter map_1 as unit 1001
log accepted 127.0.0.1:51055 as conn 9
log accepted 127.0.0.1:51056 as conn 10
[log] [gate_6] perf_8g_10_180_7_1783930569577 enter map_1 as unit 1005
[log] [gate_1] perf_8g_10_180_10_1783930569578 enter map_1 as unit 1008
[log] [gate_3] perf_8g_10_180_2_1783930569577 enter map_1 as unit 1002
[log] [login_1] perf_8g_10_180_16_1783930569612 login count 1
[log] [gate_4] perf_8g_10_180_13_1783930569578 enter map_1 as unit 1009
[log] [gate_7] perf_8g_10_180_4_1783930569577 enter map_1 as unit 1010
[log] [login_1] perf_8g_10_180_17_1783930569614 login count 1
[log] [login_1] perf_8g_10_180_18_1783930569614 login count 1
[log] [gate_2] perf_8g_10_180_12_1783930569578 enter map_1 as unit 1013
[log] [gate_6] perf_8g_10_180_8_1783930569577 enter map_1 as unit 1012
[log] [gate_3] perf_8g_10_180_6_1783930569577 enter map_1 as unit 1011
[log] [gate_1] perf_8g_10_180_16_1783930569612 enter map_1 as unit 1014
[log] [gate_2] perf_8g_10_180_17_1783930569614 enter map_1 as unit 1015
[log] [gate_8] perf_8g_10_180_9_1783930569577 enter map_1 as unit 1004
[log] [gate_5] perf_8g_10_180_5_1783930569577 enter map_1 as unit 1003
[log] [login_1] perf_8g_10_180_19_1783930569617 login count 1
[log] [login_1] perf_8g_10_180_20_1783930569617 login count 1
[log] [login_1] perf_8g_10_180_21_1783930569618 login count 1
[log] [gate_3] perf_8g_10_180_18_1783930569614 enter map_1 as unit 1016
[log] [gate_5] perf_8g_10_180_11_1783930569578 enter map_1 as unit 1017
[log] [login_1] perf_8g_10_180_22_1783930569618 login count 1
[log] [gate_8] perf_8g_10_180_14_1783930569578 enter map_1 as unit 1018
[log] [login_1] perf_8g_10_180_23_1783930569619 login count 1
[log] [login_1] perf_8g_10_180_24_1783930569619 login count 1
[log] [login_1] perf_8g_10_180_25_1783930569619 login count 1
[log] [login_1] perf_8g_10_180_27_1783930569620 login count 1
[log] [login_1] perf_8g_10_180_26_1783930569620 login count 1
[log] [login_1] perf_8g_10_180_28_1783930569620 login count 1
[log] [gate_4] perf_8g_10_180_19_1783930569617 enter map_1 as unit 1019
[log] [login_1] perf_8g_10_180_29_1783930569626 login count 1
[log] [gate_6] perf_8g_10_180_21_1783930569618 enter map_1 as unit 1021
[log] [gate_5] perf_8g_10_180_20_1783930569617 enter map_1 as unit 1020
[log] [login_1] perf_8g_10_180_30_1783930569628 login count 1
[log] [gate_7] perf_8g_10_180_22_1783930569618 enter map_1 as unit 1022
[log] [login_1] perf_8g_10_180_31_1783930569629 login count 1
[log] [login_1] perf_8g_10_180_32_1783930569629 login count 1
[log] [login_1] perf_8g_10_180_33_1783930569631 login count 1
[log] [gate_2] perf_8g_10_180_25_1783930569619 enter map_1 as unit 1025
[log] [gate_1] perf_8g_10_180_24_1783930569619 enter map_1 as unit 1024
[log] [gate_8] perf_8g_10_180_23_1783930569619 enter map_1 as unit 1023
[log] [login_1] perf_8g_10_180_34_1783930569631 login count 1
[log] [gate_3] perf_8g_10_180_27_1783930569620 enter map_1 as unit 1026
[log] [gate_4] perf_8g_10_180_26_1783930569620 enter map_1 as unit 1027
[log] [gate_5] perf_8g_10_180_28_1783930569620 enter map_1 as unit 1028
[log] [login_1] perf_8g_10_180_35_1783930569637 login count 1
[log] [gate_6] perf_8g_10_180_29_1783930569626 enter map_1 as unit 1029
[log] [login_1] perf_8g_10_180_36_1783930569640 login count 1
[log] [gate_7] perf_8g_10_180_30_1783930569628 enter map_1 as unit 1030
[log] [login_1] perf_8g_10_180_37_1783930569641 login count 1
[log] [gate_1] perf_8g_10_180_32_1783930569629 enter map_1 as unit 1032
[log] [gate_8] perf_8g_10_180_31_1783930569629 enter map_1 as unit 1031
[log] [gate_2] perf_8g_10_180_33_1783930569631 enter map_1 as unit 1033
[log] [login_1] perf_8g_10_180_38_1783930569642 login count 1
[log] [gate_3] perf_8g_10_180_34_1783930569631 enter map_1 as unit 1034
[log] [login_1] perf_8g_10_180_39_1783930569644 login count 1
[log] [login_1] perf_8g_10_180_40_1783930569646 login count 1
[log] [login_1] perf_8g_10_180_41_1783930569646 login count 1
[log] [login_1] perf_8g_10_180_42_1783930569647 login count 1
[log] [login_1] perf_8g_10_180_43_1783930569647 login count 1
[log] [login_1] perf_8g_10_180_44_1783930569649 login count 1
[log] [gate_4] perf_8g_10_180_35_1783930569637 enter map_1 as unit 1035
[log] [gate_5] perf_8g_10_180_36_1783930569640 enter map_1 as unit 1036
[log] [login_1] perf_8g_10_180_45_1783930569655 login count 1
[log] [gate_6] perf_8g_10_180_37_1783930569641 enter map_1 as unit 1037
[log] [login_1] perf_8g_10_180_46_1783930569658 login count 1
[log] [login_1] perf_8g_10_180_47_1783930569659 login count 1
[log] [gate_7] perf_8g_10_180_38_1783930569642 enter map_1 as unit 1038
[log] [login_1] perf_8g_10_180_48_1783930569659 login count 1
[log] [login_1] perf_8g_10_180_49_1783930569660 login count 1
[log] [login_1] perf_8g_10_180_50_1783930569661 login count 1
[log] [gate_1] perf_8g_10_180_40_1783930569646 enter map_1 as unit 1040
[log] [gate_2] perf_8g_10_180_41_1783930569646 enter map_1 as unit 1041
[log] [gate_8] perf_8g_10_180_39_1783930569644 enter map_1 as unit 1039
[log] [gate_4] perf_8g_10_180_43_1783930569647 enter map_1 as unit 1043
[log] [gate_3] perf_8g_10_180_42_1783930569647 enter map_1 as unit 1042
[log] [gate_5] perf_8g_10_180_44_1783930569649 enter map_1 as unit 1044
[log] [gate_6] perf_8g_10_180_45_1783930569655 enter map_1 as unit 1045
[log] [login_1] perf_8g_10_180_51_1783930569667 login count 1
[log] [login_1] perf_8g_10_180_52_1783930569669 login count 1
[log] [gate_7] perf_8g_10_180_46_1783930569658 enter map_1 as unit 1046
[log] [login_1] perf_8g_10_180_53_1783930569670 login count 1
[log] [gate_8] perf_8g_10_180_47_1783930569659 enter map_1 as unit 1047
[log] [gate_1] perf_8g_10_180_48_1783930569659 enter map_1 as unit 1048
[log] [gate_3] perf_8g_10_180_50_1783930569661 enter map_1 as unit 1050
[log] [gate_2] perf_8g_10_180_49_1783930569660 enter map_1 as unit 1049
[log] [login_1] perf_8g_10_180_54_1783930569674 login count 1
[log] [login_1] perf_8g_10_180_55_1783930569677 login count 1
[log] [login_1] perf_8g_10_180_56_1783930569678 login count 1
[log] [login_1] perf_8g_10_180_57_1783930569678 login count 1
[log] [login_1] perf_8g_10_180_58_1783930569680 login count 1
[log] [login_1] perf_8g_10_180_59_1783930569680 login count 1
[log] [login_1] perf_8g_10_180_60_1783930569680 login count 1
[log] [login_1] perf_8g_10_180_61_1783930569681 login count 1
[log] [gate_4] perf_8g_10_180_51_1783930569667 enter map_1 as unit 1051
[log] [gate_5] perf_8g_10_180_52_1783930569669 enter map_1 as unit 1052
[log] [gate_6] perf_8g_10_180_53_1783930569670 enter map_1 as unit 1053
[log] [login_1] perf_8g_10_180_62_1783930569690 login count 1
[log] [login_1] perf_8g_10_180_63_1783930569692 login count 1
[log] [login_1] perf_8g_10_180_64_1783930569692 login count 1
[log] [gate_7] perf_8g_10_180_54_1783930569674 enter map_1 as unit 1054
[log] [login_1] perf_8g_10_180_65_1783930569693 login count 1
[log] [login_1] perf_8g_10_180_66_1783930569693 login count 1
[log] [gate_8] perf_8g_10_180_55_1783930569677 enter map_1 as unit 1055
[log] [gate_1] perf_8g_10_180_56_1783930569678 enter map_1 as unit 1056
[log] [gate_2] perf_8g_10_180_57_1783930569678 enter map_1 as unit 1057
[log] [gate_3] perf_8g_10_180_58_1783930569680 enter map_1 as unit 1058
[log] [gate_4] perf_8g_10_180_59_1783930569680 enter map_1 as unit 1059
[log] [gate_5] perf_8g_10_180_60_1783930569680 enter map_1 as unit 1060
[log] [gate_6] perf_8g_10_180_61_1783930569681 enter map_1 as unit 1061
[log] [login_1] perf_8g_10_180_67_1783930569702 login count 1
[log] [login_1] perf_8g_10_180_68_1783930569704 login count 1
[log] [gate_7] perf_8g_10_180_62_1783930569690 enter map_1 as unit 1062
[log] [gate_8] perf_8g_10_180_63_1783930569692 enter map_1 as unit 1063
[log] [login_1] perf_8g_10_180_69_1783930569706 login count 1
[log] [gate_1] perf_8g_10_180_64_1783930569692 enter map_1 as unit 1064
[log] [gate_2] perf_8g_10_180_65_1783930569693 enter map_1 as unit 1065
[log] [gate_3] perf_8g_10_180_66_1783930569693 enter map_1 as unit 1066
[log] [login_1] perf_8g_10_180_70_1783930569713 login count 1
[log] [login_1] perf_8g_10_180_71_1783930569719 login count 1
[log] [login_1] perf_8g_10_180_72_1783930569720 login count 1
[log] [login_1] perf_8g_10_180_73_1783930569722 login count 1
[log] [login_1] perf_8g_10_180_74_1783930569723 login count 1
[log] [login_1] perf_8g_10_180_75_1783930569723 login count 1
[log] [login_1] perf_8g_10_180_76_1783930569724 login count 1
[log] [login_1] perf_8g_10_180_77_1783930569725 login count 1
[log] [gate_4] perf_8g_10_180_67_1783930569702 enter map_1 as unit 1067
[log] [gate_5] perf_8g_10_180_68_1783930569704 enter map_1 as unit 1068
[log] [gate_6] perf_8g_10_180_69_1783930569706 enter map_1 as unit 1069
[log] [login_1] perf_8g_10_180_78_1783930569736 login count 1
[log] [login_1] perf_8g_10_180_79_1783930569736 login count 1
[log] [login_1] perf_8g_10_180_80_1783930569738 login count 1
[log] [login_1] perf_8g_10_180_81_1783930569739 login count 1
[log] [login_1] perf_8g_10_180_82_1783930569739 login count 1
[log] [gate_7] perf_8g_10_180_70_1783930569713 enter map_1 as unit 1070
[log] [gate_8] perf_8g_10_180_71_1783930569719 enter map_1 as unit 1071
[log] [gate_1] perf_8g_10_180_72_1783930569720 enter map_1 as unit 1072
[log] [gate_2] perf_8g_10_180_73_1783930569722 enter map_1 as unit 1073
[log] [gate_3] perf_8g_10_180_74_1783930569723 enter map_1 as unit 1074
[log] [gate_4] perf_8g_10_180_75_1783930569723 enter map_1 as unit 1075
[log] [gate_6] perf_8g_10_180_77_1783930569725 enter map_1 as unit 1077
[log] [gate_5] perf_8g_10_180_76_1783930569724 enter map_1 as unit 1076
[log] [login_1] perf_8g_10_180_83_1783930569751 login count 1
[log] [login_1] perf_8g_10_180_84_1783930569753 login count 1
[log] [gate_7] perf_8g_10_180_78_1783930569736 enter map_1 as unit 1078
[log] [login_1] perf_8g_10_180_85_1783930569754 login count 1
[log] [gate_2] perf_8g_10_180_81_1783930569739 enter map_1 as unit 1081
[log] [gate_1] perf_8g_10_180_80_1783930569738 enter map_1 as unit 1080
[log] [gate_8] perf_8g_10_180_79_1783930569736 enter map_1 as unit 1079
[log] [gate_3] perf_8g_10_180_82_1783930569739 enter map_1 as unit 1082
[log] [login_1] perf_8g_10_180_86_1783930569763 login count 1
[log] [login_1] perf_8g_10_180_87_1783930569766 login count 1
[log] [login_1] perf_8g_10_180_88_1783930569768 login count 1
[log] [login_1] perf_8g_10_180_89_1783930569769 login count 1
[log] [login_1] perf_8g_10_180_90_1783930569772 login count 1
[log] [login_1] perf_8g_10_180_91_1783930569773 login count 1
[log] [login_1] perf_8g_10_180_92_1783930569774 login count 1
[log] [gate_4] perf_8g_10_180_83_1783930569751 enter map_1 as unit 1083
[log] [login_1] perf_8g_10_180_93_1783930569775 login count 1
[log] [gate_5] perf_8g_10_180_84_1783930569753 enter map_1 as unit 1084
[log] [gate_6] perf_8g_10_180_85_1783930569754 enter map_1 as unit 1085
[log] [login_1] perf_8g_10_180_94_1783930569782 login count 1
[log] [login_1] perf_8g_10_180_98_1783930569787 login count 1
[log] [login_1] perf_8g_10_180_95_1783930569784 login count 1
[log] [login_1] perf_8g_10_180_96_1783930569785 login count 1
[log] [login_1] perf_8g_10_180_97_1783930569785 login count 1
[log] [gate_7] perf_8g_10_180_86_1783930569763 enter map_1 as unit 1086
[log] [gate_8] perf_8g_10_180_87_1783930569766 enter map_1 as unit 1087
[log] [gate_1] perf_8g_10_180_88_1783930569768 enter map_1 as unit 1088
[log] [gate_2] perf_8g_10_180_89_1783930569769 enter map_1 as unit 1089
[log] [gate_3] perf_8g_10_180_90_1783930569772 enter map_1 as unit 1090
[log] [gate_4] perf_8g_10_180_91_1783930569773 enter map_1 as unit 1091
[log] [gate_5] perf_8g_10_180_92_1783930569774 enter map_1 as unit 1092
[log] [gate_6] perf_8g_10_180_93_1783930569775 enter map_1 as unit 1093
[log] [login_1] perf_8g_10_180_99_1783930569799 login count 1
[log] [login_1] perf_8g_10_180_100_1783930569800 login count 1
[log] [gate_7] perf_8g_10_180_94_1783930569782 enter map_1 as unit 1094
[log] [login_1] perf_8g_10_180_101_1783930569802 login count 1
[log] [gate_8] perf_8g_10_180_98_1783930569787 enter map_1 as unit 1095
[log] [gate_1] perf_8g_10_180_95_1783930569784 enter map_1 as unit 1096
[log] [gate_3] perf_8g_10_180_97_1783930569785 enter map_1 as unit 1098
[log] [gate_2] perf_8g_10_180_96_1783930569785 enter map_1 as unit 1097
[log] [login_1] perf_8g_10_180_102_1783930569811 login count 1
[log] [login_1] perf_8g_10_180_103_1783930569815 login count 1
[log] [login_1] perf_8g_10_180_104_1783930569816 login count 1
[log] [login_1] perf_8g_10_180_105_1783930569819 login count 1
[log] [login_1] perf_8g_10_180_106_1783930569821 login count 1
[log] [login_1] perf_8g_10_180_107_1783930569822 login count 1
[log] [login_1] perf_8g_10_180_108_1783930569825 login count 1
[log] [gate_4] perf_8g_10_180_99_1783930569799 enter map_1 as unit 1099
[log] [login_1] perf_8g_10_180_109_1783930569827 login count 1
[log] [gate_5] perf_8g_10_180_100_1783930569800 enter map_1 as unit 1100
[log] [login_1] perf_8g_10_180_110_1783930569836 login count 1
[log] [gate_6] perf_8g_10_180_101_1783930569802 enter map_1 as unit 1101
[log] [login_1] perf_8g_10_180_111_1783930569838 login count 1
[log] [login_1] perf_8g_10_180_112_1783930569840 login count 1
[log] [login_1] perf_8g_10_180_113_1783930569840 login count 1
[log] [login_1] perf_8g_10_180_114_1783930569840 login count 1
[log] [gate_8] perf_8g_10_180_103_1783930569815 enter map_1 as unit 1102
[log] [gate_7] perf_8g_10_180_102_1783930569811 enter map_1 as unit 1103
[log] [login_1] perf_8g_10_180_115_1783930569852 login count 1
[log] [login_1] perf_8g_10_180_116_1783930569855 login count 1
[log] [gate_1] perf_8g_10_180_104_1783930569816 enter map_1 as unit 1104
[log] [gate_2] perf_8g_10_180_105_1783930569819 enter map_1 as unit 1105
[log] [gate_3] perf_8g_10_180_106_1783930569821 enter map_1 as unit 1106
[log] [login_1] perf_8g_10_180_117_1783930569856 login count 1
[log] [login_1] perf_8g_10_180_118_1783930569861 login count 1
[log] [login_1] perf_8g_10_180_119_1783930569862 login count 1
[log] [login_1] perf_8g_10_180_120_1783930569867 login count 1
[log] [login_1] perf_8g_10_180_121_1783930569868 login count 1
[log] [login_1] perf_8g_10_180_122_1783930569869 login count 1
[log] [gate_8] perf_8g_10_180_111_1783930569838 enter map_1 as unit 1111
[log] [gate_4] perf_8g_10_180_107_1783930569822 enter map_1 as unit 1107
[log] [gate_6] perf_8g_10_180_109_1783930569827 enter map_1 as unit 1109
[log] [gate_7] perf_8g_10_180_110_1783930569836 enter map_1 as unit 1110
[log] [gate_5] perf_8g_10_180_108_1783930569825 enter map_1 as unit 1108
[log] [gate_3] perf_8g_10_180_114_1783930569840 enter map_1 as unit 1112
[log] [gate_1] perf_8g_10_180_112_1783930569840 enter map_1 as unit 1113
[log] [gate_2] perf_8g_10_180_113_1783930569840 enter map_1 as unit 1114
[log] [login_1] perf_8g_10_180_123_1783930569880 login count 1
[log] [login_1] perf_8g_10_180_124_1783930569881 login count 1
[log] [login_1] perf_8g_10_180_125_1783930569882 login count 1
[log] [login_1] perf_8g_10_180_126_1783930569883 login count 1
[log] [login_1] perf_8g_10_180_127_1783930569884 login count 1
[log] [gate_8] perf_8g_10_180_119_1783930569862 enter map_1 as unit 1115
[log] [gate_4] perf_8g_10_180_115_1783930569852 enter map_1 as unit 1117
[log] [gate_5] perf_8g_10_180_116_1783930569855 enter map_1 as unit 1116
[log] [login_1] perf_8g_10_180_128_1783930569887 login count 1
[log] [login_1] perf_8g_10_180_129_1783930569888 login count 1
[log] [login_1] perf_8g_10_180_130_1783930569888 login count 1
[log] [login_1] perf_8g_10_180_131_1783930569894 login count 1
[log] [login_1] perf_8g_10_180_132_1783930569895 login count 1
[log] [login_1] perf_8g_10_180_133_1783930569896 login count 1
[log] [gate_6] perf_8g_10_180_117_1783930569856 enter map_1 as unit 1118
[log] [gate_3] perf_8g_10_180_122_1783930569869 enter map_1 as unit 1122
[log] [gate_2] perf_8g_10_180_121_1783930569868 enter map_1 as unit 1120
[log] [gate_7] perf_8g_10_180_118_1783930569861 enter map_1 as unit 1119
[log] [gate_1] perf_8g_10_180_120_1783930569867 enter map_1 as unit 1121
[log] [gate_4] perf_8g_10_180_123_1783930569880 enter map_1 as unit 1123
[log] [gate_8] perf_8g_10_180_127_1783930569884 enter map_1 as unit 1125
[log] [gate_5] perf_8g_10_180_124_1783930569881 enter map_1 as unit 1124
[log] [login_1] perf_8g_10_180_134_1783930569908 login count 1
[log] [login_1] perf_8g_10_180_135_1783930569909 login count 1
[log] [login_1] perf_8g_10_180_136_1783930569911 login count 1
[log] [login_1] perf_8g_10_180_137_1783930569911 login count 1
[log] [login_1] perf_8g_10_180_138_1783930569912 login count 1
[log] [gate_2] perf_8g_10_180_129_1783930569888 enter map_1 as unit 1127
[log] [gate_1] perf_8g_10_180_128_1783930569887 enter map_1 as unit 1126
[log] [gate_7] perf_8g_10_180_126_1783930569883 enter map_1 as unit 1128
[log] [login_1] perf_8g_10_180_139_1783930569915 login count 1
[log] [login_1] perf_8g_10_180_141_1783930569917 login count 1
[log] [login_1] perf_8g_10_180_140_1783930569916 login count 1
[log] [login_1] perf_8g_10_180_142_1783930569925 login count 1
[log] [login_1] perf_8g_10_180_143_1783930569926 login count 1
[log] [login_1] perf_8g_10_180_144_1783930569928 login count 1
[log] [gate_5] perf_8g_10_180_132_1783930569895 enter map_1 as unit 1131
[log] [gate_3] perf_8g_10_180_130_1783930569888 enter map_1 as unit 1130
[log] [gate_4] perf_8g_10_180_131_1783930569894 enter map_1 as unit 1132
[log] [gate_6] perf_8g_10_180_125_1783930569882 enter map_1 as unit 1129
[log] [login_1] perf_8g_10_180_145_1783930569938 login count 1
[log] [login_1] perf_8g_10_180_146_1783930569938 login count 1
[log] [login_1] perf_8g_10_180_147_1783930569939 login count 1
[log] [gate_8] perf_8g_10_180_135_1783930569909 enter map_1 as unit 1133
[log] [gate_1] perf_8g_10_180_136_1783930569911 enter map_1 as unit 1135
[log] [gate_7] perf_8g_10_180_134_1783930569908 enter map_1 as unit 1134
[log] [gate_2] perf_8g_10_180_137_1783930569911 enter map_1 as unit 1136
[log] [login_1] perf_8g_10_180_148_1783930569951 login count 1
[log] [login_1] perf_8g_10_180_151_1783930569954 login count 1
[log] [login_1] perf_8g_10_180_149_1783930569952 login count 1
[log] [login_1] perf_8g_10_180_150_1783930569953 login count 1
[log] [gate_6] perf_8g_10_180_133_1783930569896 enter map_1 as unit 1137
[log] [gate_5] perf_8g_10_180_141_1783930569917 enter map_1 as unit 1140
[log] [gate_4] perf_8g_10_180_139_1783930569915 enter map_1 as unit 1138
[log] [gate_3] perf_8g_10_180_138_1783930569912 enter map_1 as unit 1139
[log] [login_1] perf_8g_10_180_152_1783930569962 login count 1
[log] [login_1] perf_8g_10_180_153_1783930569964 login count 1
[log] [login_1] perf_8g_10_180_154_1783930569966 login count 1
[log] [login_1] perf_8g_10_180_155_1783930569967 login count 1
[log] [gate_7] perf_8g_10_180_142_1783930569925 enter map_1 as unit 1141
[log] [gate_8] perf_8g_10_180_143_1783930569926 enter map_1 as unit 1144
[log] [gate_1] perf_8g_10_180_144_1783930569928 enter map_1 as unit 1142
[log] [gate_2] perf_8g_10_180_145_1783930569938 enter map_1 as unit 1143
[log] [login_1] perf_8g_10_180_156_1783930569968 login count 1
[log] [login_1] perf_8g_10_180_158_1783930569975 login count 1
[log] [login_1] perf_8g_10_180_157_1783930569974 login count 1
[log] [login_1] perf_8g_10_180_159_1783930569977 login count 1
[log] [login_1] perf_8g_10_180_160_1783930569978 login count 1
[log] [gate_6] perf_8g_10_180_140_1783930569916 enter map_1 as unit 1147
[log] [gate_5] perf_8g_10_180_148_1783930569951 enter map_1 as unit 1146
[log] [gate_4] perf_8g_10_180_147_1783930569939 enter map_1 as unit 1145
[log] [gate_3] perf_8g_10_180_146_1783930569938 enter map_1 as unit 1148
[log] [login_1] perf_8g_10_180_161_1783930569989 login count 1
[log] [login_1] perf_8g_10_180_162_1783930569990 login count 1
[log] [gate_1] perf_8g_10_180_152_1783930569962 enter map_1 as unit 1152
[log] [gate_2] perf_8g_10_180_153_1783930569964 enter map_1 as unit 1149
[log] [gate_7] perf_8g_10_180_149_1783930569952 enter map_1 as unit 1151
[log] [gate_8] perf_8g_10_180_150_1783930569953 enter map_1 as unit 1150
[log] [login_1] perf_8g_10_180_163_1783930569992 login count 1
[log] [login_1] perf_8g_10_180_164_1783930569998 login count 1
[log] [login_1] perf_8g_10_180_166_1783930570000 login count 1
[log] [login_1] perf_8g_10_180_165_1783930569999 login count 1
[log] [login_1] perf_8g_10_180_167_1783930570001 login count 1
[log] [gate_4] perf_8g_10_180_155_1783930569967 enter map_1 as unit 1156
[log] [gate_3] perf_8g_10_180_154_1783930569966 enter map_1 as unit 1155
[log] [gate_5] perf_8g_10_180_156_1783930569968 enter map_1 as unit 1154
[log] [gate_6] perf_8g_10_180_151_1783930569954 enter map_1 as unit 1153
[log] [login_1] perf_8g_10_180_168_1783930570009 login count 1
[log] [login_1] perf_8g_10_180_169_1783930570010 login count 1
[log] [login_1] perf_8g_10_180_170_1783930570011 login count 1
[log] [login_1] perf_8g_10_180_171_1783930570012 login count 1
[log] [login_1] perf_8g_10_180_172_1783930570014 login count 1
[log] [gate_2] perf_8g_10_180_161_1783930569989 enter map_1 as unit 1160
[log] [gate_1] perf_8g_10_180_160_1783930569978 enter map_1 as unit 1158
[log] [gate_8] perf_8g_10_180_159_1783930569977 enter map_1 as unit 1159
[log] [gate_7] perf_8g_10_180_157_1783930569974 enter map_1 as unit 1157
[log] [login_1] perf_8g_10_180_173_1783930570027 login count 1
[log] [login_1] perf_8g_10_180_174_1783930570028 login count 1
[log] [login_1] perf_8g_10_180_175_1783930570029 login count 1
[log] [login_1] perf_8g_10_180_176_1783930570030 login count 1
[log] [gate_5] perf_8g_10_180_164_1783930569998 enter map_1 as unit 1164
[log] [gate_4] perf_8g_10_180_163_1783930569992 enter map_1 as unit 1161
[log] [gate_6] perf_8g_10_180_158_1783930569975 enter map_1 as unit 1163
[log] [gate_3] perf_8g_10_180_162_1783930569990 enter map_1 as unit 1162
[log] [login_1] perf_8g_10_180_179_1783930570044 login count 1
[log] [login_1] perf_8g_10_180_177_1783930570042 login count 1
[log] [login_1] perf_8g_10_180_178_1783930570043 login count 1
[log] [gate_1] perf_8g_10_180_168_1783930570009 enter map_1 as unit 1168
[log] [gate_2] perf_8g_10_180_169_1783930570010 enter map_1 as unit 1165
[log] [gate_8] perf_8g_10_180_167_1783930570001 enter map_1 as unit 1166
[log] [gate_7] perf_8g_10_180_165_1783930569999 enter map_1 as unit 1167
[log] [gate_5] perf_8g_10_180_172_1783930570014 enter map_1 as unit 1170
[log] [gate_6] perf_8g_10_180_166_1783930570000 enter map_1 as unit 1169
[log] [gate_3] perf_8g_10_180_170_1783930570011 enter map_1 as unit 1171
[log] [gate_4] perf_8g_10_180_171_1783930570012 enter map_1 as unit 1172
[log] [gate_8] perf_8g_10_180_175_1783930570029 enter map_1 as unit 1174
[log] [gate_7] perf_8g_10_180_174_1783930570028 enter map_1 as unit 1175
[log] [gate_2] perf_8g_10_180_179_1783930570044 enter map_1 as unit 1176
[log] [gate_1] perf_8g_10_180_176_1783930570030 enter map_1 as unit 1173
[log] [gate_4] perf_8g_10_180_178_1783930570043 enter map_1 as unit 1178
[log] [gate_6] perf_8g_10_180_173_1783930570027 enter map_1 as unit 1179
[log] [gate_3] perf_8g_10_180_177_1783930570042 enter map_1 as unit 1177
[metrics:inner_transport] active=0 opened=0 pending=0 max_pending=0 overloads=0 timeouts=0 disconnected_calls=0 late_responses=0 idle_closes=0
[process-metrics] process=log cpu_percent=3.12 cpu_time_ms=250 rss_bytes=37666816 v8_heap_used_bytes=2422232 v8_heap_total_bytes=6037504 v8_gc_count=3 v8_gc_ms=1.541 timestamp_ms=1783930574283
[metrics:log] scene=log type=Log processed=360 failed=0 ts_queue=0 ts_max_queue=6 rust_queue=0 rust_max_queue=6 backpressure=0 slow_disconnects=0 update_ms=0.00 handler_ms=0.00 max_handler_ms=1.00 total_handler_ms=21.00
[metrics:inner_transport] active=0 opened=0 pending=0 max_pending=0 overloads=0 timeouts=0 disconnected_calls=0 late_responses=0 idle_closes=0
[process-metrics] process=log cpu_percent=1.21 cpu_time_ms=312 rss_bytes=37687296 v8_heap_used_bytes=2561088 v8_heap_total_bytes=6037504 v8_gc_count=3 v8_gc_ms=1.541 timestamp_ms=1783930579396
[metrics:log] scene=log type=Log processed=360 failed=0 ts_queue=0 ts_max_queue=6 rust_queue=0 rust_max_queue=6 backpressure=0 slow_disconnects=0 update_ms=0.00 handler_ms=0.00 max_handler_ms=1.00 total_handler_ms=21.00
[metrics:inner_transport] active=0 opened=0 pending=0 max_pending=0 overloads=0 timeouts=0 disconnected_calls=0 late_responses=0 idle_closes=0
[process-metrics] process=log cpu_percent=0.63 cpu_time_ms=343 rss_bytes=37629952 v8_heap_used_bytes=2722248 v8_heap_total_bytes=6037504 v8_gc_count=3 v8_gc_ms=1.541 timestamp_ms=1783930584329
[metrics:log] scene=log type=Log processed=360 failed=0 ts_queue=0 ts_max_queue=6 rust_queue=0 rust_max_queue=6 backpressure=0 slow_disconnects=0 update_ms=0.00 handler_ms=0.00 max_handler_ms=1.00 total_handler_ms=21.00
[metrics:inner_transport] active=0 opened=0 pending=0 max_pending=0 overloads=0 timeouts=0 disconnected_calls=0 late_responses=0 idle_closes=0
[process-metrics] process=log cpu_percent=0.32 cpu_time_ms=359 rss_bytes=37703680 v8_heap_used_bytes=2850256 v8_heap_total_bytes=6037504 v8_gc_count=3 v8_gc_ms=1.541 timestamp_ms=1783930589345
[metrics:log] scene=log type=Log processed=360 failed=0 ts_queue=0 ts_max_queue=6 rust_queue=0 rust_max_queue=6 backpressure=0 slow_disconnects=0 update_ms=0.00 handler_ms=0.00 max_handler_ms=1.00 total_handler_ms=21.00
[metrics:inner_transport] active=0 opened=0 pending=0 max_pending=0 overloads=0 timeouts=0 disconnected_calls=0 late_responses=0 idle_closes=0
[process-metrics] process=log cpu_percent=0.32 cpu_time_ms=375 rss_bytes=37834752 v8_heap_used_bytes=2979856 v8_heap_total_bytes=6037504 v8_gc_count=3 v8_gc_ms=1.541 timestamp_ms=1783930594387
[metrics:log] scene=log type=Log processed=360 failed=0 ts_queue=0 ts_max_queue=6 rust_queue=0 rust_max_queue=6 backpressure=0 slow_disconnects=0 update_ms=0.00 handler_ms=0.00 max_handler_ms=1.00 total_handler_ms=21.00
[metrics:inner_transport] active=0 opened=0 pending=0 max_pending=0 overloads=0 timeouts=0 disconnected_calls=0 late_responses=0 idle_closes=0
[process-metrics] process=log cpu_percent=0.30 cpu_time_ms=390 rss_bytes=37842944 v8_heap_used_bytes=3109464 v8_heap_total_bytes=6299648 v8_gc_count=3 v8_gc_ms=1.541 timestamp_ms=1783930599444
[metrics:log] scene=log type=Log processed=360 failed=0 ts_queue=0 ts_max_queue=6 rust_queue=0 rust_max_queue=6 backpressure=0 slow_disconnects=0 update_ms=0.00 handler_ms=0.00 max_handler_ms=1.00 total_handler_ms=21.00
[metrics:inner_transport] active=0 opened=0 pending=0 max_pending=0 overloads=0 timeouts=0 disconnected_calls=0 late_responses=0 idle_closes=0
[process-metrics] process=log cpu_percent=0.32 cpu_time_ms=406 rss_bytes=38170624 v8_heap_used_bytes=3241832 v8_heap_total_bytes=6299648 v8_gc_count=3 v8_gc_ms=1.541 timestamp_ms=1783930604453
[metrics:log] scene=log type=Log processed=360 failed=0 ts_queue=0 ts_max_queue=6 rust_queue=0 rust_max_queue=6 backpressure=0 slow_disconnects=0 update_ms=0.00 handler_ms=0.00 max_handler_ms=1.00 total_handler_ms=21.00
[metrics:inner_transport] active=0 opened=0 pending=0 max_pending=0 overloads=0 timeouts=0 disconnected_calls=0 late_responses=0 idle_closes=0
[process-metrics] process=log cpu_percent=0.30 cpu_time_ms=421 rss_bytes=38268928 v8_heap_used_bytes=3368584 v8_heap_total_bytes=6561792 v8_gc_count=3 v8_gc_ms=1.541 timestamp_ms=1783930609450
[metrics:log] scene=log type=Log processed=360 failed=0 ts_queue=0 ts_max_queue=6 rust_queue=0 rust_max_queue=6 backpressure=0 slow_disconnects=0 update_ms=0.00 handler_ms=0.00 max_handler_ms=1.00 total_handler_ms=21.00
