starting process map1 with one V8 and 1 scene(s) from E:\VsCode\skynet\ets_runtime\perf\results\runtime_configs\map_capacity_20260713_081609\195p_8g_r2\map1.json
scene map_1 (MapHost) listening on 127.0.0.1:7301
[process:map1] one V8 started with 1 scene(s)
[map_1] MapHost scene started at 127.0.0.1:7301
map_1 accepted 127.0.0.1:57314 as conn 1
map_1 accepted 127.0.0.1:57372 as conn 2
map_1 accepted 127.0.0.1:57375 as conn 3
map_1 accepted 127.0.0.1:57374 as conn 4
map_1 accepted 127.0.0.1:57373 as conn 5
map_1 accepted 127.0.0.1:57376 as conn 6
map_1 accepted 127.0.0.1:57377 as conn 7
map_1 accepted 127.0.0.1:57378 as conn 8
map_1 accepted 127.0.0.1:57379 as conn 9
[map_1] perf_8g_10_195_0_1783930738193 enter map 1 unit 1000
[map_1] perf_8g_10_195_6_1783930738194 enter map 1 unit 1001
[map_1] perf_8g_10_195_2_1783930738194 enter map 1 unit 1002
[map_1] perf_8g_10_195_1_1783930738194 enter map 1 unit 1003
[map_1] perf_8g_10_195_3_1783930738194 enter map 1 unit 1004
[map_1] perf_8g_10_195_8_1783930738194 enter map 1 unit 1005
[map_1] perf_8g_10_195_13_1783930738194 enter map 1 unit 1006
[map_1] perf_8g_10_195_9_1783930738194 enter map 1 unit 1007
[map_1] perf_8g_10_195_7_1783930738194 enter map 1 unit 1008
[map_1] perf_8g_10_195_16_1783930738219 enter map 1 unit 1009
[map_1] perf_8g_10_195_5_1783930738194 enter map 1 unit 1010
[map_1] perf_8g_10_195_12_1783930738194 enter map 1 unit 1011
[map_1] perf_8g_10_195_15_1783930738194 enter map 1 unit 1012
[map_1] perf_8g_10_195_11_1783930738194 enter map 1 unit 1013
[map_1] perf_8g_10_195_14_1783930738194 enter map 1 unit 1014
[map_1] perf_8g_10_195_10_1783930738194 enter map 1 unit 1015
[map_1] perf_8g_10_195_4_1783930738194 enter map 1 unit 1016
[map_1] perf_8g_10_195_17_1783930738230 enter map 1 unit 1017
[map_1] perf_8g_10_195_18_1783930738232 enter map 1 unit 1018
[map_1] perf_8g_10_195_19_1783930738235 enter map 1 unit 1019
[map_1] perf_8g_10_195_20_1783930738235 enter map 1 unit 1020
[map_1] perf_8g_10_195_22_1783930738236 enter map 1 unit 1021
[map_1] perf_8g_10_195_21_1783930738236 enter map 1 unit 1022
[map_1] perf_8g_10_195_23_1783930738236 enter map 1 unit 1023
[map_1] perf_8g_10_195_26_1783930738237 enter map 1 unit 1024
[map_1] perf_8g_10_195_24_1783930738236 enter map 1 unit 1025
[map_1] perf_8g_10_195_25_1783930738237 enter map 1 unit 1026
[map_1] perf_8g_10_195_27_1783930738237 enter map 1 unit 1027
[map_1] perf_8g_10_195_29_1783930738238 enter map 1 unit 1028
[map_1] perf_8g_10_195_32_1783930738239 enter map 1 unit 1029
[map_1] perf_8g_10_195_30_1783930738238 enter map 1 unit 1030
[map_1] perf_8g_10_195_33_1783930738240 enter map 1 unit 1031
[map_1] perf_8g_10_195_31_1783930738238 enter map 1 unit 1033
[map_1] perf_8g_10_195_28_1783930738237 enter map 1 unit 1032
[map_1] perf_8g_10_195_34_1783930738242 enter map 1 unit 1034
[map_1] perf_8g_10_195_35_1783930738250 enter map 1 unit 1035
[map_1] perf_8g_10_195_36_1783930738251 enter map 1 unit 1036
[map_1] perf_8g_10_195_38_1783930738255 enter map 1 unit 1037
[map_1] perf_8g_10_195_37_1783930738255 enter map 1 unit 1038
[map_1] perf_8g_10_195_39_1783930738256 enter map 1 unit 1039
[map_1] perf_8g_10_195_40_1783930738259 enter map 1 unit 1040
[map_1] perf_8g_10_195_41_1783930738259 enter map 1 unit 1041
[map_1] perf_8g_10_195_42_1783930738260 enter map 1 unit 1042
[map_1] perf_8g_10_195_43_1783930738260 enter map 1 unit 1043
[map_1] perf_8g_10_195_44_1783930738260 enter map 1 unit 1044
[map_1] perf_8g_10_195_45_1783930738261 enter map 1 unit 1045
[map_1] perf_8g_10_195_48_1783930738262 enter map 1 unit 1048
[map_1] perf_8g_10_195_47_1783930738261 enter map 1 unit 1047
[map_1] perf_8g_10_195_46_1783930738261 enter map 1 unit 1046
[map_1] perf_8g_10_195_51_1783930738263 enter map 1 unit 1049
[map_1] perf_8g_10_195_49_1783930738262 enter map 1 unit 1050
[map_1] perf_8g_10_195_50_1783930738263 enter map 1 unit 1051
[map_1] perf_8g_10_195_52_1783930738263 enter map 1 unit 1052
[map_1] perf_8g_10_195_55_1783930738269 enter map 1 unit 1053
[map_1] perf_8g_10_195_54_1783930738266 enter map 1 unit 1054
[map_1] perf_8g_10_195_56_1783930738275 enter map 1 unit 1055
[map_1] perf_8g_10_195_53_1783930738265 enter map 1 unit 1056
[map_1] perf_8g_10_195_58_1783930738278 enter map 1 unit 1057
[map_1] perf_8g_10_195_59_1783930738278 enter map 1 unit 1058
[map_1] perf_8g_10_195_57_1783930738278 enter map 1 unit 1059
[map_1] perf_8g_10_195_60_1783930738281 enter map 1 unit 1060
[map_1] perf_8g_10_195_61_1783930738282 enter map 1 unit 1061
[map_1] perf_8g_10_195_62_1783930738282 enter map 1 unit 1062
[map_1] perf_8g_10_195_63_1783930738283 enter map 1 unit 1063
[map_1] perf_8g_10_195_64_1783930738284 enter map 1 unit 1064
[map_1] perf_8g_10_195_67_1783930738286 enter map 1 unit 1067
[map_1] perf_8g_10_195_65_1783930738285 enter map 1 unit 1065
[map_1] perf_8g_10_195_66_1783930738285 enter map 1 unit 1066
[map_1] perf_8g_10_195_69_1783930738286 enter map 1 unit 1068
[map_1] perf_8g_10_195_70_1783930738289 enter map 1 unit 1070
[map_1] perf_8g_10_195_68_1783930738286 enter map 1 unit 1069
[map_1] perf_8g_10_195_71_1783930738289 enter map 1 unit 1071
[map_1] perf_8g_10_195_72_1783930738290 enter map 1 unit 1072
[map_1] perf_8g_10_195_73_1783930738295 enter map 1 unit 1073
[map_1] perf_8g_10_195_74_1783930738295 enter map 1 unit 1074
[map_1] perf_8g_10_195_75_1783930738296 enter map 1 unit 1075
[map_1] perf_8g_10_195_76_1783930738299 enter map 1 unit 1076
[map_1] perf_8g_10_195_77_1783930738299 enter map 1 unit 1077
[map_1] perf_8g_10_195_78_1783930738300 enter map 1 unit 1078
[map_1] perf_8g_10_195_79_1783930738301 enter map 1 unit 1079
[map_1] perf_8g_10_195_80_1783930738306 enter map 1 unit 1080
[map_1] perf_8g_10_195_81_1783930738307 enter map 1 unit 1081
[map_1] perf_8g_10_195_82_1783930738307 enter map 1 unit 1082
[map_1] perf_8g_10_195_83_1783930738308 enter map 1 unit 1083
[map_1] perf_8g_10_195_84_1783930738310 enter map 1 unit 1084
[map_1] perf_8g_10_195_85_1783930738311 enter map 1 unit 1085
[map_1] perf_8g_10_195_86_1783930738311 enter map 1 unit 1086
[map_1] perf_8g_10_195_87_1783930738312 enter map 1 unit 1087
[map_1] perf_8g_10_195_88_1783930738317 enter map 1 unit 1088
[map_1] perf_8g_10_195_89_1783930738318 enter map 1 unit 1089
[map_1] perf_8g_10_195_90_1783930738318 enter map 1 unit 1090
[map_1] perf_8g_10_195_91_1783930738320 enter map 1 unit 1091
[map_1] perf_8g_10_195_92_1783930738327 enter map 1 unit 1092
[map_1] perf_8g_10_195_93_1783930738329 enter map 1 unit 1093
[map_1] perf_8g_10_195_94_1783930738332 enter map 1 unit 1094
[map_1] perf_8g_10_195_95_1783930738332 enter map 1 unit 1095
[map_1] perf_8g_10_195_96_1783930738335 enter map 1 unit 1096
[map_1] perf_8g_10_195_97_1783930738337 enter map 1 unit 1097
[map_1] perf_8g_10_195_98_1783930738340 enter map 1 unit 1098
[map_1] perf_8g_10_195_99_1783930738341 enter map 1 unit 1099
[map_1] perf_8g_10_195_100_1783930738346 enter map 1 unit 1100
[map_1] perf_8g_10_195_101_1783930738346 enter map 1 unit 1101
[map_1] perf_8g_10_195_102_1783930738347 enter map 1 unit 1102
[map_1] perf_8g_10_195_104_1783930738350 enter map 1 unit 1104
[map_1] perf_8g_10_195_103_1783930738349 enter map 1 unit 1103
[map_1] perf_8g_10_195_105_1783930738351 enter map 1 unit 1105
[map_1] perf_8g_10_195_107_1783930738353 enter map 1 unit 1107
[map_1] perf_8g_10_195_106_1783930738353 enter map 1 unit 1106
[map_1] perf_8g_10_195_108_1783930738360 enter map 1 unit 1108
[map_1] perf_8g_10_195_109_1783930738365 enter map 1 unit 1109
[map_1] perf_8g_10_195_110_1783930738367 enter map 1 unit 1110
[map_1] perf_8g_10_195_111_1783930738369 enter map 1 unit 1111
[map_1] perf_8g_10_195_112_1783930738370 enter map 1 unit 1112
[map_1] perf_8g_10_195_113_1783930738374 enter map 1 unit 1113
[map_1] perf_8g_10_195_114_1783930738377 enter map 1 unit 1114
[map_1] perf_8g_10_195_115_1783930738378 enter map 1 unit 1115
[map_1] perf_8g_10_195_116_1783930738380 enter map 1 unit 1116
[map_1] perf_8g_10_195_117_1783930738381 enter map 1 unit 1117
[map_1] perf_8g_10_195_118_1783930738388 enter map 1 unit 1118
[map_1] perf_8g_10_195_119_1783930738389 enter map 1 unit 1119
[map_1] perf_8g_10_195_120_1783930738389 enter map 1 unit 1120
[map_1] perf_8g_10_195_121_1783930738393 enter map 1 unit 1121
[map_1] perf_8g_10_195_122_1783930738393 enter map 1 unit 1122
[map_1] perf_8g_10_195_123_1783930738394 enter map 1 unit 1124
[map_1] perf_8g_10_195_124_1783930738397 enter map 1 unit 1123
[map_1] perf_8g_10_195_125_1783930738399 enter map 1 unit 1125
[map_1] perf_8g_10_195_127_1783930738401 enter map 1 unit 1127
[map_1] perf_8g_10_195_126_1783930738400 enter map 1 unit 1126
[map_1] perf_8g_10_195_130_1783930738410 enter map 1 unit 1130
[map_1] perf_8g_10_195_128_1783930738405 enter map 1 unit 1128
[map_1] perf_8g_10_195_129_1783930738408 enter map 1 unit 1129
[map_1] perf_8g_10_195_131_1783930738410 enter map 1 unit 1131
[map_1] perf_8g_10_195_133_1783930738415 enter map 1 unit 1133
[map_1] perf_8g_10_195_132_1783930738414 enter map 1 unit 1132
[map_1] perf_8g_10_195_134_1783930738420 enter map 1 unit 1134
[map_1] perf_8g_10_195_137_1783930738428 enter map 1 unit 1136
[map_1] perf_8g_10_195_135_1783930738424 enter map 1 unit 1135
[map_1] perf_8g_10_195_136_1783930738425 enter map 1 unit 1137
[map_1] perf_8g_10_195_141_1783930738440 enter map 1 unit 1141
[map_1] perf_8g_10_195_138_1783930738434 enter map 1 unit 1138
[map_1] perf_8g_10_195_139_1783930738435 enter map 1 unit 1140
[map_1] perf_8g_10_195_140_1783930738435 enter map 1 unit 1139
[map_1] perf_8g_10_195_145_1783930738448 enter map 1 unit 1142
[map_1] perf_8g_10_195_143_1783930738442 enter map 1 unit 1144
[map_1] perf_8g_10_195_142_1783930738441 enter map 1 unit 1143
[map_1] perf_8g_10_195_149_1783930738456 enter map 1 unit 1145
[map_1] perf_8g_10_195_144_1783930738447 enter map 1 unit 1149
[map_1] perf_8g_10_195_147_1783930738455 enter map 1 unit 1146
[map_1] perf_8g_10_195_146_1783930738451 enter map 1 unit 1148
[map_1] perf_8g_10_195_148_1783930738455 enter map 1 unit 1147
[map_1] perf_8g_10_195_150_1783930738461 enter map 1 unit 1150
[map_1] perf_8g_10_195_153_1783930738470 enter map 1 unit 1152
[map_1] perf_8g_10_195_151_1783930738462 enter map 1 unit 1151
[map_1] perf_8g_10_195_152_1783930738465 enter map 1 unit 1153
[map_1] perf_8g_10_195_155_1783930738472 enter map 1 unit 1157
[map_1] perf_8g_10_195_156_1783930738473 enter map 1 unit 1154
[map_1] perf_8g_10_195_157_1783930738475 enter map 1 unit 1156
[map_1] perf_8g_10_195_154_1783930738471 enter map 1 unit 1155
[map_1] perf_8g_10_195_158_1783930738479 enter map 1 unit 1158
[map_1] perf_8g_10_195_162_1783930738492 enter map 1 unit 1160
[map_1] perf_8g_10_195_159_1783930738479 enter map 1 unit 1159
[map_1] perf_8g_10_195_160_1783930738480 enter map 1 unit 1161
[map_1] perf_8g_10_195_164_1783930738494 enter map 1 unit 1165
[map_1] perf_8g_10_195_165_1783930738498 enter map 1 unit 1162
[map_1] perf_8g_10_195_161_1783930738491 enter map 1 unit 1164
[map_1] perf_8g_10_195_163_1783930738493 enter map 1 unit 1163
[map_1] perf_8g_10_195_167_1783930738502 enter map 1 unit 1166
[map_1] perf_8g_10_195_169_1783930738511 enter map 1 unit 1168
[map_1] perf_8g_10_195_166_1783930738501 enter map 1 unit 1167
[map_1] perf_8g_10_195_171_1783930738513 enter map 1 unit 1169
[map_1] perf_8g_10_195_173_1783930738515 enter map 1 unit 1173
[map_1] perf_8g_10_195_172_1783930738514 enter map 1 unit 1170
[map_1] perf_8g_10_195_168_1783930738509 enter map 1 unit 1172
[map_1] perf_8g_10_195_170_1783930738512 enter map 1 unit 1171
[map_1] perf_8g_10_195_174_1783930738522 enter map 1 unit 1174
[map_1] perf_8g_10_195_177_1783930738533 enter map 1 unit 1176
[map_1] perf_8g_10_195_175_1783930738523 enter map 1 unit 1175
[map_1] perf_8g_10_195_176_1783930738524 enter map 1 unit 1177
[map_1] perf_8g_10_195_179_1783930738535 enter map 1 unit 1181
[map_1] perf_8g_10_195_180_1783930738535 enter map 1 unit 1178
[map_1] perf_8g_10_195_181_1783930738536 enter map 1 unit 1180
[map_1] perf_8g_10_195_178_1783930738534 enter map 1 unit 1179
[map_1] perf_8g_10_195_182_1783930738540 enter map 1 unit 1182
[map_1] perf_8g_10_195_185_1783930738554 enter map 1 unit 1184
[map_1] perf_8g_10_195_183_1783930738541 enter map 1 unit 1183
[map_1] perf_8g_10_195_184_1783930738541 enter map 1 unit 1185
[map_1] perf_8g_10_195_187_1783930738556 enter map 1 unit 1189
[map_1] perf_8g_10_195_189_1783930738564 enter map 1 unit 1186
[map_1] perf_8g_10_195_186_1783930738556 enter map 1 unit 1188
[map_1] perf_8g_10_195_188_1783930738557 enter map 1 unit 1187
[map_1] perf_8g_10_195_193_1783930738577 enter map 1 unit 1190
[map_1] perf_8g_10_195_191_1783930738566 enter map 1 unit 1192
[map_1] perf_8g_10_195_190_1783930738565 enter map 1 unit 1191
[map_1] perf_8g_10_195_194_1783930738577 enter map 1 unit 1193
[map_1] perf_8g_10_195_192_1783930738575 enter map 1 unit 1194
[metrics:inner_transport] active=8 opened=8 pending=0 max_pending=0 overloads=0 timeouts=0 disconnected_calls=0 late_responses=0 idle_closes=0
[process-metrics] process=map1 cpu_percent=124.88 cpu_time_ms=6328 rss_bytes=116056064 v8_heap_used_bytes=6489024 v8_heap_total_bytes=74194944 v8_gc_count=110 v8_gc_ms=59.889 timestamp_ms=1783930742953
[metrics:map1] scene=map_1 type=MapHost processed=8961 failed=0 ts_queue=0 ts_max_queue=156 rust_queue=9 rust_max_queue=155 backpressure=0 slow_disconnects=0 update_ms=31.00 handler_ms=31.00 max_handler_ms=36.00 total_handler_ms=70292.00
[metrics:inner_transport] active=8 opened=8 pending=0 max_pending=0 overloads=0 timeouts=0 disconnected_calls=0 late_responses=0 idle_closes=0
[process-metrics] process=map1 cpu_percent=107.62 cpu_time_ms=11734 rss_bytes=118644736 v8_heap_used_bytes=8775168 v8_heap_total_bytes=76292096 v8_gc_count=194 v8_gc_ms=112.897 timestamp_ms=1783930747977
[metrics:map1] scene=map_1 type=MapHost processed=18899 failed=0 ts_queue=0 ts_max_queue=156 rust_queue=16 rust_max_queue=155 backpressure=0 slow_disconnects=0 update_ms=28.00 handler_ms=27.00 max_handler_ms=36.00 total_handler_ms=154917.00
[metrics:inner_transport] active=8 opened=8 pending=0 max_pending=0 overloads=0 timeouts=0 disconnected_calls=0 late_responses=0 idle_closes=0
[process-metrics] process=map1 cpu_percent=98.91 cpu_time_ms=16718 rss_bytes=121737216 v8_heap_used_bytes=34363720 v8_heap_total_bytes=79175680 v8_gc_count=277 v8_gc_ms=165.611 timestamp_ms=1783930753015
[metrics:map1] scene=map_1 type=MapHost processed=28861 failed=0 ts_queue=0 ts_max_queue=156 rust_queue=61 rust_max_queue=155 backpressure=0 slow_disconnects=0 update_ms=1.00 handler_ms=1.00 max_handler_ms=36.00 total_handler_ms=223449.00
[metrics:inner_transport] active=8 opened=8 pending=0 max_pending=0 overloads=0 timeouts=0 disconnected_calls=0 late_responses=0 idle_closes=0
[process-metrics] process=map1 cpu_percent=105.22 cpu_time_ms=21984 rss_bytes=131313664 v8_heap_used_bytes=15677424 v8_heap_total_bytes=87040000 v8_gc_count=364 v8_gc_ms=222.506 timestamp_ms=1783930758020
[metrics:map1] scene=map_1 type=MapHost processed=38804 failed=0 ts_queue=0 ts_max_queue=156 rust_queue=49 rust_max_queue=155 backpressure=0 slow_disconnects=0 update_ms=25.00 handler_ms=25.00 max_handler_ms=48.00 total_handler_ms=314698.00
[metrics:inner_transport] active=8 opened=8 pending=0 max_pending=0 overloads=0 timeouts=0 disconnected_calls=0 late_responses=0 idle_closes=0
[process-metrics] process=map1 cpu_percent=93.94 cpu_time_ms=26687 rss_bytes=132005888 v8_heap_used_bytes=17441184 v8_heap_total_bytes=87040000 v8_gc_count=450 v8_gc_ms=274.588 timestamp_ms=1783930763026
[metrics:map1] scene=map_1 type=MapHost processed=48751 failed=0 ts_queue=0 ts_max_queue=156 rust_queue=81 rust_max_queue=155 backpressure=0 slow_disconnects=0 update_ms=0.00 handler_ms=0.00 max_handler_ms=48.00 total_handler_ms=381843.00
[metrics:inner_transport] active=8 opened=8 pending=0 max_pending=0 overloads=0 timeouts=0 disconnected_calls=0 late_responses=0 idle_closes=0
[process-metrics] process=map1 cpu_percent=104.51 cpu_time_ms=31921 rss_bytes=131620864 v8_heap_used_bytes=29816496 v8_heap_total_bytes=77078528 v8_gc_count=536 v8_gc_ms=331.212 timestamp_ms=1783930768035
[metrics:map1] scene=map_1 type=MapHost processed=58696 failed=0 ts_queue=0 ts_max_queue=156 rust_queue=62 rust_max_queue=155 backpressure=0 slow_disconnects=0 update_ms=1.00 handler_ms=1.00 max_handler_ms=64.00 total_handler_ms=450549.00
[metrics:inner_transport] active=8 opened=8 pending=0 max_pending=0 overloads=0 timeouts=0 disconnected_calls=0 late_responses=0 idle_closes=0
[process-metrics] process=map1 cpu_percent=100.61 cpu_time_ms=36953 rss_bytes=131416064 v8_heap_used_bytes=10798960 v8_heap_total_bytes=78913536 v8_gc_count=623 v8_gc_ms=385.212 timestamp_ms=1783930773036
[metrics:map1] scene=map_1 type=MapHost processed=68713 failed=0 ts_queue=0 ts_max_queue=156 rust_queue=43 rust_max_queue=155 backpressure=0 slow_disconnects=0 update_ms=0.00 handler_ms=0.00 max_handler_ms=64.00 total_handler_ms=523692.00
[metrics:inner_transport] active=8 opened=8 pending=0 max_pending=0 overloads=0 timeouts=0 disconnected_calls=0 late_responses=0 idle_closes=0
[process-metrics] process=map1 cpu_percent=88.36 cpu_time_ms=41375 rss_bytes=124067840 v8_heap_used_bytes=35907240 v8_heap_total_bytes=79175680 v8_gc_count=707 v8_gc_ms=440.386 timestamp_ms=1783930778041
[metrics:map1] scene=map_1 type=MapHost processed=78699 failed=0 ts_queue=0 ts_max_queue=156 rust_queue=46 rust_max_queue=155 backpressure=0 slow_disconnects=0 update_ms=12.00 handler_ms=12.00 max_handler_ms=68.00 total_handler_ms=622291.00
[map_1] perf_8g_10_195_0_1783930738193 leave map 1 unit 1000
[map_1] perf_8g_10_195_6_1783930738194 leave map 1 unit 1001
[map_1] perf_8g_10_195_1_1783930738194 leave map 1 unit 1003
[map_1] perf_8g_10_195_2_1783930738194 leave map 1 unit 1002
[map_1] perf_8g_10_195_3_1783930738194 leave map 1 unit 1004
[map_1] perf_8g_10_195_7_1783930738194 leave map 1 unit 1008
[map_1] perf_8g_10_195_87_1783930738312 leave map 1 unit 1087
[map_1] perf_8g_10_195_11_1783930738194 leave map 1 unit 1013
[map_1] perf_8g_10_195_88_1783930738317 leave map 1 unit 1088
[map_1] perf_8g_10_195_4_1783930738194 leave map 1 unit 1016
[map_1] perf_8g_10_195_86_1783930738311 leave map 1 unit 1086
[map_1] perf_8g_10_195_84_1783930738310 leave map 1 unit 1084
[map_1] perf_8g_10_195_8_1783930738194 leave map 1 unit 1005
[map_1] perf_8g_10_195_85_1783930738311 leave map 1 unit 1085
[map_1] perf_8g_10_195_14_1783930738194 leave map 1 unit 1014
[map_1] perf_8g_10_195_83_1783930738308 leave map 1 unit 1083
[map_1] perf_8g_10_195_82_1783930738307 leave map 1 unit 1082
[map_1] perf_8g_10_195_81_1783930738307 leave map 1 unit 1081
[map_1] perf_8g_10_195_9_1783930738194 leave map 1 unit 1007
[map_1] perf_8g_10_195_80_1783930738306 leave map 1 unit 1080
[map_1] perf_8g_10_195_13_1783930738194 leave map 1 unit 1006
[map_1] perf_8g_10_195_78_1783930738300 leave map 1 unit 1078
[map_1] perf_8g_10_195_12_1783930738194 leave map 1 unit 1011
[map_1] perf_8g_10_195_79_1783930738301 leave map 1 unit 1079
[map_1] perf_8g_10_195_77_1783930738299 leave map 1 unit 1077
[map_1] perf_8g_10_195_10_1783930738194 leave map 1 unit 1015
[map_1] perf_8g_10_195_76_1783930738299 leave map 1 unit 1076
[map_1] perf_8g_10_195_18_1783930738232 leave map 1 unit 1018
[map_1] perf_8g_10_195_75_1783930738296 leave map 1 unit 1075
[map_1] perf_8g_10_195_74_1783930738295 leave map 1 unit 1074
[map_1] perf_8g_10_195_16_1783930738219 leave map 1 unit 1009
[map_1] perf_8g_10_195_71_1783930738289 leave map 1 unit 1071
[map_1] perf_8g_10_195_22_1783930738236 leave map 1 unit 1021
[map_1] perf_8g_10_195_73_1783930738295 leave map 1 unit 1073
[map_1] perf_8g_10_195_69_1783930738286 leave map 1 unit 1068
[map_1] perf_8g_10_195_15_1783930738194 leave map 1 unit 1012
[map_1] perf_8g_10_195_72_1783930738290 leave map 1 unit 1072
[map_1] perf_8g_10_195_70_1783930738289 leave map 1 unit 1070
[map_1] perf_8g_10_195_21_1783930738236 leave map 1 unit 1022
[map_1] perf_8g_10_195_67_1783930738286 leave map 1 unit 1067
[map_1] perf_8g_10_195_20_1783930738235 leave map 1 unit 1020
[map_1] perf_8g_10_195_68_1783930738286 leave map 1 unit 1069
[map_1] perf_8g_10_195_19_1783930738235 leave map 1 unit 1019
[map_1] perf_8g_10_195_66_1783930738285 leave map 1 unit 1066
[map_1] perf_8g_10_195_65_1783930738285 leave map 1 unit 1065
[map_1] perf_8g_10_195_23_1783930738236 leave map 1 unit 1023
[map_1] perf_8g_10_195_64_1783930738284 leave map 1 unit 1064
[map_1] perf_8g_10_195_5_1783930738194 leave map 1 unit 1010
[map_1] perf_8g_10_195_61_1783930738282 leave map 1 unit 1061
[map_1] perf_8g_10_195_17_1783930738230 leave map 1 unit 1017
[map_1] perf_8g_10_195_62_1783930738282 leave map 1 unit 1062
[map_1] perf_8g_10_195_63_1783930738283 leave map 1 unit 1063
[map_1] perf_8g_10_195_24_1783930738236 leave map 1 unit 1025
[map_1] perf_8g_10_195_59_1783930738278 leave map 1 unit 1058
[map_1] perf_8g_10_195_25_1783930738237 leave map 1 unit 1026
[map_1] perf_8g_10_195_26_1783930738237 leave map 1 unit 1024
[map_1] perf_8g_10_195_60_1783930738281 leave map 1 unit 1060
[map_1] perf_8g_10_195_56_1783930738275 leave map 1 unit 1055
[map_1] perf_8g_10_195_28_1783930738237 leave map 1 unit 1032
[map_1] perf_8g_10_195_58_1783930738278 leave map 1 unit 1057
[map_1] perf_8g_10_195_29_1783930738238 leave map 1 unit 1028
[map_1] perf_8g_10_195_57_1783930738278 leave map 1 unit 1059
[map_1] perf_8g_10_195_30_1783930738238 leave map 1 unit 1030
[map_1] perf_8g_10_195_55_1783930738269 leave map 1 unit 1053
[map_1] perf_8g_10_195_27_1783930738237 leave map 1 unit 1027
[map_1] perf_8g_10_195_54_1783930738266 leave map 1 unit 1054
[map_1] perf_8g_10_195_53_1783930738265 leave map 1 unit 1056
[map_1] perf_8g_10_195_31_1783930738238 leave map 1 unit 1033
[map_1] perf_8g_10_195_52_1783930738263 leave map 1 unit 1052
[map_1] perf_8g_10_195_32_1783930738239 leave map 1 unit 1029
[map_1] perf_8g_10_195_51_1783930738263 leave map 1 unit 1049
[map_1] perf_8g_10_195_35_1783930738250 leave map 1 unit 1035
[map_1] perf_8g_10_195_50_1783930738263 leave map 1 unit 1051
[map_1] perf_8g_10_195_34_1783930738242 leave map 1 unit 1034
[map_1] perf_8g_10_195_49_1783930738262 leave map 1 unit 1050
[map_1] perf_8g_10_195_33_1783930738240 leave map 1 unit 1031
[map_1] perf_8g_10_195_48_1783930738262 leave map 1 unit 1048
[map_1] perf_8g_10_195_36_1783930738251 leave map 1 unit 1036
[map_1] perf_8g_10_195_47_1783930738261 leave map 1 unit 1047
[map_1] perf_8g_10_195_37_1783930738255 leave map 1 unit 1038
[map_1] perf_8g_10_195_46_1783930738261 leave map 1 unit 1046
[map_1] perf_8g_10_195_38_1783930738255 leave map 1 unit 1037
[map_1] perf_8g_10_195_45_1783930738261 leave map 1 unit 1045
[map_1] perf_8g_10_195_39_1783930738256 leave map 1 unit 1039
[map_1] perf_8g_10_195_44_1783930738260 leave map 1 unit 1044
[map_1] perf_8g_10_195_43_1783930738260 leave map 1 unit 1043
[map_1] perf_8g_10_195_40_1783930738259 leave map 1 unit 1040
[map_1] perf_8g_10_195_41_1783930738259 leave map 1 unit 1041
[map_1] perf_8g_10_195_42_1783930738260 leave map 1 unit 1042
[map_1] perf_8g_10_195_194_1783930738577 leave map 1 unit 1193
[map_1] perf_8g_10_195_89_1783930738318 leave map 1 unit 1089
[map_1] perf_8g_10_195_193_1783930738577 leave map 1 unit 1190
[map_1] perf_8g_10_195_191_1783930738566 leave map 1 unit 1192
[map_1] perf_8g_10_195_192_1783930738575 leave map 1 unit 1194
[map_1] perf_8g_10_195_190_1783930738565 leave map 1 unit 1191
[map_1] perf_8g_10_195_189_1783930738564 leave map 1 unit 1186
[map_1] perf_8g_10_195_188_1783930738557 leave map 1 unit 1187
[map_1] perf_8g_10_195_187_1783930738556 leave map 1 unit 1189
[map_1] perf_8g_10_195_186_1783930738556 leave map 1 unit 1188
[map_1] perf_8g_10_195_185_1783930738554 leave map 1 unit 1184
[map_1] perf_8g_10_195_183_1783930738541 leave map 1 unit 1183
[map_1] perf_8g_10_195_184_1783930738541 leave map 1 unit 1185
[map_1] perf_8g_10_195_182_1783930738540 leave map 1 unit 1182
[map_1] perf_8g_10_195_180_1783930738535 leave map 1 unit 1178
[map_1] perf_8g_10_195_181_1783930738536 leave map 1 unit 1180
[map_1] perf_8g_10_195_179_1783930738535 leave map 1 unit 1181
[map_1] perf_8g_10_195_90_1783930738318 leave map 1 unit 1090
[map_1] perf_8g_10_195_177_1783930738533 leave map 1 unit 1176
[map_1] perf_8g_10_195_178_1783930738534 leave map 1 unit 1179
[map_1] perf_8g_10_195_176_1783930738524 leave map 1 unit 1177
[map_1] perf_8g_10_195_175_1783930738523 leave map 1 unit 1175
[map_1] perf_8g_10_195_174_1783930738522 leave map 1 unit 1174
[map_1] perf_8g_10_195_173_1783930738515 leave map 1 unit 1173
[map_1] perf_8g_10_195_172_1783930738514 leave map 1 unit 1170
[map_1] perf_8g_10_195_91_1783930738320 leave map 1 unit 1091
[map_1] perf_8g_10_195_171_1783930738513 leave map 1 unit 1169
[map_1] perf_8g_10_195_169_1783930738511 leave map 1 unit 1168
[map_1] perf_8g_10_195_170_1783930738512 leave map 1 unit 1171
[map_1] perf_8g_10_195_168_1783930738509 leave map 1 unit 1172
[map_1] perf_8g_10_195_167_1783930738502 leave map 1 unit 1166
[map_1] perf_8g_10_195_92_1783930738327 leave map 1 unit 1092
[map_1] perf_8g_10_195_93_1783930738329 leave map 1 unit 1093
[map_1] perf_8g_10_195_166_1783930738501 leave map 1 unit 1167
[map_1] perf_8g_10_195_165_1783930738498 leave map 1 unit 1162
[map_1] perf_8g_10_195_164_1783930738494 leave map 1 unit 1165
[map_1] perf_8g_10_195_163_1783930738493 leave map 1 unit 1163
[map_1] perf_8g_10_195_94_1783930738332 leave map 1 unit 1094
[map_1] perf_8g_10_195_162_1783930738492 leave map 1 unit 1160
[map_1] perf_8g_10_195_161_1783930738491 leave map 1 unit 1164
[map_1] perf_8g_10_195_160_1783930738480 leave map 1 unit 1161
[map_1] perf_8g_10_195_159_1783930738479 leave map 1 unit 1159
[map_1] perf_8g_10_195_95_1783930738332 leave map 1 unit 1095
[map_1] perf_8g_10_195_158_1783930738479 leave map 1 unit 1158
[map_1] perf_8g_10_195_157_1783930738475 leave map 1 unit 1156
[map_1] perf_8g_10_195_154_1783930738471 leave map 1 unit 1155
[map_1] perf_8g_10_195_96_1783930738335 leave map 1 unit 1096
[map_1] perf_8g_10_195_97_1783930738337 leave map 1 unit 1097
[map_1] perf_8g_10_195_156_1783930738473 leave map 1 unit 1154
[map_1] perf_8g_10_195_155_1783930738472 leave map 1 unit 1157
[map_1] perf_8g_10_195_153_1783930738470 leave map 1 unit 1152
[map_1] perf_8g_10_195_98_1783930738340 leave map 1 unit 1098
[map_1] perf_8g_10_195_152_1783930738465 leave map 1 unit 1153
[map_1] perf_8g_10_195_151_1783930738462 leave map 1 unit 1151
[map_1] perf_8g_10_195_150_1783930738461 leave map 1 unit 1150
[map_1] perf_8g_10_195_99_1783930738341 leave map 1 unit 1099
[map_1] perf_8g_10_195_149_1783930738456 leave map 1 unit 1145
[map_1] perf_8g_10_195_148_1783930738455 leave map 1 unit 1147
[map_1] perf_8g_10_195_147_1783930738455 leave map 1 unit 1146
[map_1] perf_8g_10_195_100_1783930738346 leave map 1 unit 1100
[map_1] perf_8g_10_195_102_1783930738347 leave map 1 unit 1102
[map_1] perf_8g_10_195_146_1783930738451 leave map 1 unit 1148
[map_1] perf_8g_10_195_144_1783930738447 leave map 1 unit 1149
[map_1] perf_8g_10_195_145_1783930738448 leave map 1 unit 1142
[map_1] perf_8g_10_195_103_1783930738349 leave map 1 unit 1103
[map_1] perf_8g_10_195_143_1783930738442 leave map 1 unit 1144
[map_1] perf_8g_10_195_142_1783930738441 leave map 1 unit 1143
[map_1] perf_8g_10_195_104_1783930738350 leave map 1 unit 1104
[map_1] perf_8g_10_195_101_1783930738346 leave map 1 unit 1101
[map_1] perf_8g_10_195_141_1783930738440 leave map 1 unit 1141
[map_1] perf_8g_10_195_139_1783930738435 leave map 1 unit 1140
[map_1] perf_8g_10_195_105_1783930738351 leave map 1 unit 1105
[map_1] perf_8g_10_195_140_1783930738435 leave map 1 unit 1139
[map_1] perf_8g_10_195_137_1783930738428 leave map 1 unit 1136
[map_1] perf_8g_10_195_138_1783930738434 leave map 1 unit 1138
[map_1] perf_8g_10_195_106_1783930738353 leave map 1 unit 1106
[map_1] perf_8g_10_195_107_1783930738353 leave map 1 unit 1107
[map_1] perf_8g_10_195_136_1783930738425 leave map 1 unit 1137
[map_1] perf_8g_10_195_135_1783930738424 leave map 1 unit 1135
[map_1] perf_8g_10_195_108_1783930738360 leave map 1 unit 1108
[map_1] perf_8g_10_195_133_1783930738415 leave map 1 unit 1133
[map_1] perf_8g_10_195_131_1783930738410 leave map 1 unit 1131
[map_1] perf_8g_10_195_109_1783930738365 leave map 1 unit 1109
[map_1] perf_8g_10_195_110_1783930738367 leave map 1 unit 1110
[map_1] perf_8g_10_195_134_1783930738420 leave map 1 unit 1134
[map_1] perf_8g_10_195_132_1783930738414 leave map 1 unit 1132
[map_1] perf_8g_10_195_112_1783930738370 leave map 1 unit 1112
[map_1] perf_8g_10_195_130_1783930738410 leave map 1 unit 1130
[map_1] perf_8g_10_195_129_1783930738408 leave map 1 unit 1129
[map_1] perf_8g_10_195_111_1783930738369 leave map 1 unit 1111
[map_1] perf_8g_10_195_113_1783930738374 leave map 1 unit 1113
[map_1] perf_8g_10_195_128_1783930738405 leave map 1 unit 1128
[map_1] perf_8g_10_195_126_1783930738400 leave map 1 unit 1126
[map_1] perf_8g_10_195_114_1783930738377 leave map 1 unit 1114
[map_1] perf_8g_10_195_116_1783930738380 leave map 1 unit 1116
[map_1] perf_8g_10_195_127_1783930738401 leave map 1 unit 1127
[map_1] perf_8g_10_195_125_1783930738399 leave map 1 unit 1125
[map_1] perf_8g_10_195_115_1783930738378 leave map 1 unit 1115
[map_1] perf_8g_10_195_124_1783930738397 leave map 1 unit 1123
[map_1] perf_8g_10_195_122_1783930738393 leave map 1 unit 1122
[map_1] perf_8g_10_195_117_1783930738381 leave map 1 unit 1117
[map_1] perf_8g_10_195_118_1783930738388 leave map 1 unit 1118
[map_1] perf_8g_10_195_123_1783930738394 leave map 1 unit 1124
[map_1] perf_8g_10_195_121_1783930738393 leave map 1 unit 1121
[map_1] perf_8g_10_195_119_1783930738389 leave map 1 unit 1119
[map_1] perf_8g_10_195_120_1783930738389 leave map 1 unit 1120
