starting process map1 with one V8 and 1 scene(s) from E:\VsCode\skynet\ets_runtime\perf\results\runtime_configs\map_capacity_20260713_081609\195p_8g_r1\map1.json
scene map_1 (MapHost) listening on 127.0.0.1:7301
[process:map1] one V8 started with 1 scene(s)
[map_1] MapHost scene started at 127.0.0.1:7301
map_1 accepted 127.0.0.1:52356 as conn 1
map_1 accepted 127.0.0.1:52416 as conn 2
map_1 accepted 127.0.0.1:52417 as conn 3
map_1 accepted 127.0.0.1:52418 as conn 4
map_1 accepted 127.0.0.1:52419 as conn 5
map_1 accepted 127.0.0.1:52421 as conn 6
map_1 accepted 127.0.0.1:52420 as conn 7
[map_1] perf_8g_10_195_0_1783930696064 enter map 1 unit 1000
map_1 accepted 127.0.0.1:52422 as conn 8
map_1 accepted 127.0.0.1:52423 as conn 9
[map_1] perf_8g_10_195_5_1783930696065 enter map 1 unit 1001
[map_1] perf_8g_10_195_1_1783930696065 enter map 1 unit 1002
[map_1] perf_8g_10_195_7_1783930696065 enter map 1 unit 1003
[map_1] perf_8g_10_195_4_1783930696065 enter map 1 unit 1004
[map_1] perf_8g_10_195_3_1783930696065 enter map 1 unit 1005
[map_1] perf_8g_10_195_15_1783930696066 enter map 1 unit 1006
[map_1] perf_8g_10_195_8_1783930696065 enter map 1 unit 1007
[map_1] perf_8g_10_195_12_1783930696066 enter map 1 unit 1008
[map_1] perf_8g_10_195_11_1783930696066 enter map 1 unit 1009
[map_1] perf_8g_10_195_6_1783930696065 enter map 1 unit 1010
[map_1] perf_8g_10_195_13_1783930696066 enter map 1 unit 1011
[map_1] perf_8g_10_195_9_1783930696065 enter map 1 unit 1012
[map_1] perf_8g_10_195_10_1783930696066 enter map 1 unit 1013
[map_1] perf_8g_10_195_16_1783930696090 enter map 1 unit 1014
[map_1] perf_8g_10_195_17_1783930696091 enter map 1 unit 1015
[map_1] perf_8g_10_195_2_1783930696065 enter map 1 unit 1016
[map_1] perf_8g_10_195_14_1783930696066 enter map 1 unit 1017
[map_1] perf_8g_10_195_18_1783930696093 enter map 1 unit 1018
[map_1] perf_8g_10_195_19_1783930696093 enter map 1 unit 1019
[map_1] perf_8g_10_195_20_1783930696094 enter map 1 unit 1020
[map_1] perf_8g_10_195_21_1783930696094 enter map 1 unit 1021
[map_1] perf_8g_10_195_22_1783930696094 enter map 1 unit 1022
[map_1] perf_8g_10_195_23_1783930696095 enter map 1 unit 1023
[map_1] perf_8g_10_195_24_1783930696095 enter map 1 unit 1024
[map_1] perf_8g_10_195_25_1783930696095 enter map 1 unit 1025
[map_1] perf_8g_10_195_26_1783930696095 enter map 1 unit 1026
[map_1] perf_8g_10_195_27_1783930696096 enter map 1 unit 1027
[map_1] perf_8g_10_195_29_1783930696096 enter map 1 unit 1028
[map_1] perf_8g_10_195_30_1783930696096 enter map 1 unit 1029
[map_1] perf_8g_10_195_28_1783930696096 enter map 1 unit 1030
[map_1] perf_8g_10_195_31_1783930696101 enter map 1 unit 1031
[map_1] perf_8g_10_195_32_1783930696105 enter map 1 unit 1032
[map_1] perf_8g_10_195_33_1783930696107 enter map 1 unit 1033
[map_1] perf_8g_10_195_34_1783930696108 enter map 1 unit 1034
[map_1] perf_8g_10_195_35_1783930696108 enter map 1 unit 1035
[map_1] perf_8g_10_195_36_1783930696109 enter map 1 unit 1036
[map_1] perf_8g_10_195_37_1783930696110 enter map 1 unit 1037
[map_1] perf_8g_10_195_38_1783930696111 enter map 1 unit 1038
[map_1] perf_8g_10_195_39_1783930696113 enter map 1 unit 1039
[map_1] perf_8g_10_195_40_1783930696113 enter map 1 unit 1040
[map_1] perf_8g_10_195_41_1783930696113 enter map 1 unit 1041
[map_1] perf_8g_10_195_43_1783930696115 enter map 1 unit 1042
[map_1] perf_8g_10_195_42_1783930696115 enter map 1 unit 1043
[map_1] perf_8g_10_195_44_1783930696116 enter map 1 unit 1044
[map_1] perf_8g_10_195_45_1783930696116 enter map 1 unit 1045
[map_1] perf_8g_10_195_46_1783930696117 enter map 1 unit 1046
[map_1] perf_8g_10_195_47_1783930696118 enter map 1 unit 1047
[map_1] perf_8g_10_195_48_1783930696122 enter map 1 unit 1048
[map_1] perf_8g_10_195_49_1783930696125 enter map 1 unit 1049
[map_1] perf_8g_10_195_50_1783930696126 enter map 1 unit 1050
[map_1] perf_8g_10_195_51_1783930696127 enter map 1 unit 1051
[map_1] perf_8g_10_195_52_1783930696128 enter map 1 unit 1052
[map_1] perf_8g_10_195_53_1783930696129 enter map 1 unit 1053
[map_1] perf_8g_10_195_54_1783930696130 enter map 1 unit 1054
[map_1] perf_8g_10_195_55_1783930696132 enter map 1 unit 1055
[map_1] perf_8g_10_195_56_1783930696132 enter map 1 unit 1056
[map_1] perf_8g_10_195_57_1783930696134 enter map 1 unit 1057
[map_1] perf_8g_10_195_58_1783930696135 enter map 1 unit 1058
[map_1] perf_8g_10_195_59_1783930696135 enter map 1 unit 1059
[map_1] perf_8g_10_195_60_1783930696136 enter map 1 unit 1060
[map_1] perf_8g_10_195_61_1783930696137 enter map 1 unit 1061
[map_1] perf_8g_10_195_62_1783930696137 enter map 1 unit 1062
[map_1] perf_8g_10_195_63_1783930696139 enter map 1 unit 1063
[map_1] perf_8g_10_195_64_1783930696142 enter map 1 unit 1064
[map_1] perf_8g_10_195_65_1783930696144 enter map 1 unit 1065
[map_1] perf_8g_10_195_66_1783930696146 enter map 1 unit 1066
[map_1] perf_8g_10_195_67_1783930696148 enter map 1 unit 1067
[map_1] perf_8g_10_195_68_1783930696149 enter map 1 unit 1068
[map_1] perf_8g_10_195_69_1783930696150 enter map 1 unit 1069
[map_1] perf_8g_10_195_70_1783930696152 enter map 1 unit 1070
[map_1] perf_8g_10_195_71_1783930696154 enter map 1 unit 1071
[map_1] perf_8g_10_195_72_1783930696155 enter map 1 unit 1072
[map_1] perf_8g_10_195_73_1783930696157 enter map 1 unit 1073
[map_1] perf_8g_10_195_74_1783930696157 enter map 1 unit 1074
[map_1] perf_8g_10_195_75_1783930696159 enter map 1 unit 1075
[map_1] perf_8g_10_195_76_1783930696160 enter map 1 unit 1076
[map_1] perf_8g_10_195_77_1783930696160 enter map 1 unit 1077
[map_1] perf_8g_10_195_79_1783930696161 enter map 1 unit 1079
[map_1] perf_8g_10_195_78_1783930696160 enter map 1 unit 1078
[map_1] perf_8g_10_195_80_1783930696166 enter map 1 unit 1080
[map_1] perf_8g_10_195_81_1783930696168 enter map 1 unit 1081
[map_1] perf_8g_10_195_82_1783930696170 enter map 1 unit 1082
[map_1] perf_8g_10_195_83_1783930696173 enter map 1 unit 1083
[map_1] perf_8g_10_195_84_1783930696174 enter map 1 unit 1084
[map_1] perf_8g_10_195_85_1783930696176 enter map 1 unit 1085
[map_1] perf_8g_10_195_86_1783930696177 enter map 1 unit 1086
[map_1] perf_8g_10_195_87_1783930696179 enter map 1 unit 1087
[map_1] perf_8g_10_195_88_1783930696180 enter map 1 unit 1088
[map_1] perf_8g_10_195_89_1783930696182 enter map 1 unit 1089
[map_1] perf_8g_10_195_90_1783930696185 enter map 1 unit 1090
[map_1] perf_8g_10_195_91_1783930696186 enter map 1 unit 1091
[map_1] perf_8g_10_195_92_1783930696187 enter map 1 unit 1092
[map_1] perf_8g_10_195_93_1783930696188 enter map 1 unit 1093
[map_1] perf_8g_10_195_95_1783930696189 enter map 1 unit 1095
[map_1] perf_8g_10_195_94_1783930696188 enter map 1 unit 1094
[map_1] perf_8g_10_195_96_1783930696192 enter map 1 unit 1096
[map_1] perf_8g_10_195_97_1783930696196 enter map 1 unit 1097
[map_1] perf_8g_10_195_98_1783930696197 enter map 1 unit 1098
[map_1] perf_8g_10_195_99_1783930696198 enter map 1 unit 1099
[map_1] perf_8g_10_195_100_1783930696200 enter map 1 unit 1100
[map_1] perf_8g_10_195_101_1783930696202 enter map 1 unit 1101
[map_1] perf_8g_10_195_102_1783930696204 enter map 1 unit 1102
[map_1] perf_8g_10_195_103_1783930696205 enter map 1 unit 1103
[map_1] perf_8g_10_195_104_1783930696206 enter map 1 unit 1104
[map_1] perf_8g_10_195_105_1783930696207 enter map 1 unit 1105
[map_1] perf_8g_10_195_106_1783930696211 enter map 1 unit 1106
[map_1] perf_8g_10_195_108_1783930696215 enter map 1 unit 1107
[map_1] perf_8g_10_195_107_1783930696213 enter map 1 unit 1108
[map_1] perf_8g_10_195_109_1783930696218 enter map 1 unit 1109
[map_1] perf_8g_10_195_110_1783930696219 enter map 1 unit 1110
[map_1] perf_8g_10_195_111_1783930696219 enter map 1 unit 1111
[map_1] perf_8g_10_195_112_1783930696222 enter map 1 unit 1112
[map_1] perf_8g_10_195_113_1783930696224 enter map 1 unit 1113
[map_1] perf_8g_10_195_114_1783930696230 enter map 1 unit 1114
[map_1] perf_8g_10_195_115_1783930696231 enter map 1 unit 1115
[map_1] perf_8g_10_195_116_1783930696233 enter map 1 unit 1116
[map_1] perf_8g_10_195_119_1783930696237 enter map 1 unit 1119
[map_1] perf_8g_10_195_117_1783930696234 enter map 1 unit 1117
[map_1] perf_8g_10_195_118_1783930696236 enter map 1 unit 1118
[map_1] perf_8g_10_195_121_1783930696241 enter map 1 unit 1120
[map_1] perf_8g_10_195_123_1783930696247 enter map 1 unit 1123
[map_1] perf_8g_10_195_120_1783930696239 enter map 1 unit 1121
[map_1] perf_8g_10_195_122_1783930696246 enter map 1 unit 1122
[map_1] perf_8g_10_195_127_1783930696258 enter map 1 unit 1124
[map_1] perf_8g_10_195_125_1783930696254 enter map 1 unit 1127
[map_1] perf_8g_10_195_124_1783930696249 enter map 1 unit 1125
[map_1] perf_8g_10_195_126_1783930696257 enter map 1 unit 1126
[map_1] perf_8g_10_195_131_1783930696265 enter map 1 unit 1128
[map_1] perf_8g_10_195_129_1783930696261 enter map 1 unit 1131
[map_1] perf_8g_10_195_130_1783930696265 enter map 1 unit 1129
[map_1] perf_8g_10_195_128_1783930696261 enter map 1 unit 1130
[map_1] perf_8g_10_195_132_1783930696272 enter map 1 unit 1132
[map_1] perf_8g_10_195_134_1783930696274 enter map 1 unit 1135
[map_1] perf_8g_10_195_135_1783930696274 enter map 1 unit 1133
[map_1] perf_8g_10_195_133_1783930696273 enter map 1 unit 1134
[map_1] perf_8g_10_195_138_1783930696284 enter map 1 unit 1136
[map_1] perf_8g_10_195_139_1783930696285 enter map 1 unit 1139
[map_1] perf_8g_10_195_137_1783930696283 enter map 1 unit 1137
[map_1] perf_8g_10_195_136_1783930696280 enter map 1 unit 1138
[map_1] perf_8g_10_195_142_1783930696293 enter map 1 unit 1140
[map_1] perf_8g_10_195_140_1783930696291 enter map 1 unit 1143
[map_1] perf_8g_10_195_143_1783930696294 enter map 1 unit 1141
[map_1] perf_8g_10_195_141_1783930696292 enter map 1 unit 1142
[map_1] perf_8g_10_195_144_1783930696300 enter map 1 unit 1144
[map_1] perf_8g_10_195_146_1783930696302 enter map 1 unit 1147
[map_1] perf_8g_10_195_147_1783930696303 enter map 1 unit 1145
[map_1] perf_8g_10_195_145_1783930696301 enter map 1 unit 1146
[map_1] perf_8g_10_195_148_1783930696309 enter map 1 unit 1148
[map_1] perf_8g_10_195_150_1783930696311 enter map 1 unit 1151
[map_1] perf_8g_10_195_149_1783930696310 enter map 1 unit 1149
[map_1] perf_8g_10_195_151_1783930696311 enter map 1 unit 1150
[map_1] perf_8g_10_195_152_1783930696318 enter map 1 unit 1152
[map_1] perf_8g_10_195_155_1783930696321 enter map 1 unit 1155
[map_1] perf_8g_10_195_154_1783930696321 enter map 1 unit 1153
[map_1] perf_8g_10_195_153_1783930696320 enter map 1 unit 1154
[map_1] perf_8g_10_195_157_1783930696328 enter map 1 unit 1156
[map_1] perf_8g_10_195_159_1783930696330 enter map 1 unit 1159
[map_1] perf_8g_10_195_156_1783930696327 enter map 1 unit 1157
[map_1] perf_8g_10_195_158_1783930696329 enter map 1 unit 1158
[map_1] perf_8g_10_195_163_1783930696340 enter map 1 unit 1160
[map_1] perf_8g_10_195_162_1783930696339 enter map 1 unit 1163
[map_1] perf_8g_10_195_161_1783930696338 enter map 1 unit 1161
[map_1] perf_8g_10_195_160_1783930696337 enter map 1 unit 1162
[map_1] perf_8g_10_195_166_1783930696348 enter map 1 unit 1164
[map_1] perf_8g_10_195_164_1783930696346 enter map 1 unit 1167
[map_1] perf_8g_10_195_167_1783930696349 enter map 1 unit 1165
[map_1] perf_8g_10_195_165_1783930696348 enter map 1 unit 1166
[map_1] perf_8g_10_195_170_1783930696358 enter map 1 unit 1168
[map_1] perf_8g_10_195_168_1783930696356 enter map 1 unit 1171
[map_1] perf_8g_10_195_169_1783930696357 enter map 1 unit 1169
[map_1] perf_8g_10_195_171_1783930696359 enter map 1 unit 1170
[map_1] perf_8g_10_195_175_1783930696369 enter map 1 unit 1172
[map_1] perf_8g_10_195_173_1783930696367 enter map 1 unit 1175
[map_1] perf_8g_10_195_174_1783930696368 enter map 1 unit 1173
[map_1] perf_8g_10_195_172_1783930696366 enter map 1 unit 1174
[map_1] perf_8g_10_195_176_1783930696375 enter map 1 unit 1176
[map_1] perf_8g_10_195_178_1783930696377 enter map 1 unit 1179
[map_1] perf_8g_10_195_177_1783930696377 enter map 1 unit 1177
[map_1] perf_8g_10_195_179_1783930696378 enter map 1 unit 1178
[map_1] perf_8g_10_195_181_1783930696388 enter map 1 unit 1180
[map_1] perf_8g_10_195_183_1783930696389 enter map 1 unit 1183
[map_1] perf_8g_10_195_182_1783930696389 enter map 1 unit 1181
[map_1] perf_8g_10_195_180_1783930696387 enter map 1 unit 1182
[map_1] perf_8g_10_195_186_1783930696399 enter map 1 unit 1184
[map_1] perf_8g_10_195_184_1783930696397 enter map 1 unit 1187
[map_1] perf_8g_10_195_187_1783930696400 enter map 1 unit 1185
[map_1] perf_8g_10_195_185_1783930696398 enter map 1 unit 1186
[map_1] perf_8g_10_195_188_1783930696406 enter map 1 unit 1188
[map_1] perf_8g_10_195_190_1783930696407 enter map 1 unit 1191
[map_1] perf_8g_10_195_191_1783930696408 enter map 1 unit 1189
[map_1] perf_8g_10_195_189_1783930696407 enter map 1 unit 1190
[map_1] perf_8g_10_195_192_1783930696417 enter map 1 unit 1192
[map_1] perf_8g_10_195_194_1783930696419 enter map 1 unit 1194
[map_1] perf_8g_10_195_193_1783930696418 enter map 1 unit 1193
[metrics:inner_transport] active=8 opened=8 pending=0 max_pending=0 overloads=0 timeouts=0 disconnected_calls=0 late_responses=0 idle_closes=0
[process-metrics] process=map1 cpu_percent=120.28 cpu_time_ms=6062 rss_bytes=132734976 v8_heap_used_bytes=18694952 v8_heap_total_bytes=90447872 v8_gc_count=119 v8_gc_ms=73.194 timestamp_ms=1783930700818
[metrics:map1] scene=map_1 type=MapHost processed=8971 failed=0 ts_queue=0 ts_max_queue=163 rust_queue=63 rust_max_queue=163 backpressure=0 slow_disconnects=0 update_ms=1.00 handler_ms=1.00 max_handler_ms=50.00 total_handler_ms=104395.00
[metrics:inner_transport] active=8 opened=8 pending=0 max_pending=0 overloads=0 timeouts=0 disconnected_calls=0 late_responses=0 idle_closes=0
[process-metrics] process=map1 cpu_percent=107.49 cpu_time_ms=11453 rss_bytes=133865472 v8_heap_used_bytes=27564440 v8_heap_total_bytes=91758592 v8_gc_count=206 v8_gc_ms=133.254 timestamp_ms=1783930705833
[metrics:map1] scene=map_1 type=MapHost processed=18917 failed=0 ts_queue=0 ts_max_queue=163 rust_queue=92 rust_max_queue=163 backpressure=0 slow_disconnects=0 update_ms=0.00 handler_ms=0.00 max_handler_ms=59.00 total_handler_ms=226291.00
[metrics:inner_transport] active=8 opened=8 pending=0 max_pending=0 overloads=0 timeouts=0 disconnected_calls=0 late_responses=0 idle_closes=0
[process-metrics] process=map1 cpu_percent=98.02 cpu_time_ms=16359 rss_bytes=137326592 v8_heap_used_bytes=39580592 v8_heap_total_bytes=94117888 v8_gc_count=294 v8_gc_ms=189.125 timestamp_ms=1783930710838
[metrics:map1] scene=map_1 type=MapHost processed=28860 failed=0 ts_queue=0 ts_max_queue=163 rust_queue=0 rust_max_queue=163 backpressure=0 slow_disconnects=0 update_ms=7.00 handler_ms=7.00 max_handler_ms=59.00 total_handler_ms=323104.00
[metrics:inner_transport] active=8 opened=8 pending=0 max_pending=0 overloads=0 timeouts=0 disconnected_calls=0 late_responses=0 idle_closes=0
[process-metrics] process=map1 cpu_percent=105.93 cpu_time_ms=21703 rss_bytes=140587008 v8_heap_used_bytes=48441296 v8_heap_total_bytes=96739328 v8_gc_count=382 v8_gc_ms=242.992 timestamp_ms=1783930715883
[metrics:map1] scene=map_1 type=MapHost processed=38807 failed=0 ts_queue=0 ts_max_queue=163 rust_queue=106 rust_max_queue=163 backpressure=0 slow_disconnects=0 update_ms=0.00 handler_ms=0.00 max_handler_ms=59.00 total_handler_ms=394311.00
[metrics:inner_transport] active=8 opened=8 pending=0 max_pending=0 overloads=0 timeouts=0 disconnected_calls=0 late_responses=0 idle_closes=0
[process-metrics] process=map1 cpu_percent=112.79 cpu_time_ms=27343 rss_bytes=130375680 v8_heap_used_bytes=10250016 v8_heap_total_bytes=85991424 v8_gc_count=473 v8_gc_ms=302.772 timestamp_ms=1783930720884
[metrics:map1] scene=map_1 type=MapHost processed=48812 failed=0 ts_queue=0 ts_max_queue=163 rust_queue=78 rust_max_queue=163 backpressure=0 slow_disconnects=0 update_ms=1.00 handler_ms=1.00 max_handler_ms=59.00 total_handler_ms=478306.00
[metrics:inner_transport] active=8 opened=8 pending=0 max_pending=0 overloads=0 timeouts=0 disconnected_calls=0 late_responses=0 idle_closes=0
[process-metrics] process=map1 cpu_percent=103.12 cpu_time_ms=32500 rss_bytes=130695168 v8_heap_used_bytes=16294288 v8_heap_total_bytes=85991424 v8_gc_count=559 v8_gc_ms=360.312 timestamp_ms=1783930725885
[metrics:map1] scene=map_1 type=MapHost processed=58695 failed=0 ts_queue=0 ts_max_queue=163 rust_queue=39 rust_max_queue=163 backpressure=0 slow_disconnects=0 update_ms=0.00 handler_ms=0.00 max_handler_ms=59.00 total_handler_ms=544936.00
[metrics:inner_transport] active=8 opened=8 pending=0 max_pending=0 overloads=0 timeouts=0 disconnected_calls=0 late_responses=0 idle_closes=0
[process-metrics] process=map1 cpu_percent=123.06 cpu_time_ms=38656 rss_bytes=131129344 v8_heap_used_bytes=41816320 v8_heap_total_bytes=85991424 v8_gc_count=646 v8_gc_ms=418.790 timestamp_ms=1783930730887
[metrics:map1] scene=map_1 type=MapHost processed=68750 failed=0 ts_queue=0 ts_max_queue=163 rust_queue=5 rust_max_queue=163 backpressure=0 slow_disconnects=0 update_ms=22.00 handler_ms=22.00 max_handler_ms=59.00 total_handler_ms=639868.00
[metrics:inner_transport] active=8 opened=8 pending=0 max_pending=0 overloads=0 timeouts=0 disconnected_calls=0 late_responses=0 idle_closes=0
[process-metrics] process=map1 cpu_percent=124.23 cpu_time_ms=44890 rss_bytes=124604416 v8_heap_used_bytes=15239848 v8_heap_total_bytes=79437824 v8_gc_count=735 v8_gc_ms=475.128 timestamp_ms=1783930735905
[metrics:map1] scene=map_1 type=MapHost processed=78698 failed=0 ts_queue=0 ts_max_queue=163 rust_queue=110 rust_max_queue=163 backpressure=0 slow_disconnects=0 update_ms=0.00 handler_ms=0.00 max_handler_ms=59.00 total_handler_ms=711063.00
[map_1] perf_8g_10_195_0_1783930696064 leave map 1 unit 1000
[map_1] perf_8g_10_195_1_1783930696065 leave map 1 unit 1002
[map_1] perf_8g_10_195_3_1783930696065 leave map 1 unit 1005
[map_1] perf_8g_10_195_21_1783930696094 leave map 1 unit 1021
[map_1] perf_8g_10_195_2_1783930696065 leave map 1 unit 1016
[map_1] perf_8g_10_195_18_1783930696093 leave map 1 unit 1018
[map_1] perf_8g_10_195_19_1783930696093 leave map 1 unit 1019
[map_1] perf_8g_10_195_8_1783930696065 leave map 1 unit 1007
[map_1] perf_8g_10_195_6_1783930696065 leave map 1 unit 1010
[map_1] perf_8g_10_195_20_1783930696094 leave map 1 unit 1020
[map_1] perf_8g_10_195_17_1783930696091 leave map 1 unit 1015
[map_1] perf_8g_10_195_5_1783930696065 leave map 1 unit 1001
[map_1] perf_8g_10_195_4_1783930696065 leave map 1 unit 1004
[map_1] perf_8g_10_195_16_1783930696090 leave map 1 unit 1014
[map_1] perf_8g_10_195_14_1783930696066 leave map 1 unit 1017
[map_1] perf_8g_10_195_11_1783930696066 leave map 1 unit 1009
[map_1] perf_8g_10_195_13_1783930696066 leave map 1 unit 1011
[map_1] perf_8g_10_195_12_1783930696066 leave map 1 unit 1008
[map_1] perf_8g_10_195_15_1783930696066 leave map 1 unit 1006
[map_1] perf_8g_10_195_9_1783930696065 leave map 1 unit 1012
[map_1] perf_8g_10_195_10_1783930696066 leave map 1 unit 1013
[map_1] perf_8g_10_195_7_1783930696065 leave map 1 unit 1003
[map_1] perf_8g_10_195_194_1783930696419 leave map 1 unit 1194
[map_1] perf_8g_10_195_193_1783930696418 leave map 1 unit 1193
[map_1] perf_8g_10_195_192_1783930696417 leave map 1 unit 1192
[map_1] perf_8g_10_195_191_1783930696408 leave map 1 unit 1189
[map_1] perf_8g_10_195_190_1783930696407 leave map 1 unit 1191
[map_1] perf_8g_10_195_189_1783930696407 leave map 1 unit 1190
[map_1] perf_8g_10_195_188_1783930696406 leave map 1 unit 1188
[map_1] perf_8g_10_195_187_1783930696400 leave map 1 unit 1185
[map_1] perf_8g_10_195_186_1783930696399 leave map 1 unit 1184
[map_1] perf_8g_10_195_185_1783930696398 leave map 1 unit 1186
[map_1] perf_8g_10_195_184_1783930696397 leave map 1 unit 1187
[map_1] perf_8g_10_195_183_1783930696389 leave map 1 unit 1183
[map_1] perf_8g_10_195_182_1783930696389 leave map 1 unit 1181
[map_1] perf_8g_10_195_180_1783930696387 leave map 1 unit 1182
[map_1] perf_8g_10_195_181_1783930696388 leave map 1 unit 1180
[map_1] perf_8g_10_195_179_1783930696378 leave map 1 unit 1178
[map_1] perf_8g_10_195_23_1783930696095 leave map 1 unit 1023
[map_1] perf_8g_10_195_178_1783930696377 leave map 1 unit 1179
[map_1] perf_8g_10_195_177_1783930696377 leave map 1 unit 1177
[map_1] perf_8g_10_195_176_1783930696375 leave map 1 unit 1176
[map_1] perf_8g_10_195_174_1783930696368 leave map 1 unit 1173
[map_1] perf_8g_10_195_175_1783930696369 leave map 1 unit 1172
[map_1] perf_8g_10_195_172_1783930696366 leave map 1 unit 1174
[map_1] perf_8g_10_195_173_1783930696367 leave map 1 unit 1175
[map_1] perf_8g_10_195_22_1783930696094 leave map 1 unit 1022
[map_1] perf_8g_10_195_171_1783930696359 leave map 1 unit 1170
[map_1] perf_8g_10_195_170_1783930696358 leave map 1 unit 1168
[map_1] perf_8g_10_195_169_1783930696357 leave map 1 unit 1169
[map_1] perf_8g_10_195_168_1783930696356 leave map 1 unit 1171
[map_1] perf_8g_10_195_167_1783930696349 leave map 1 unit 1165
[map_1] perf_8g_10_195_24_1783930696095 leave map 1 unit 1024
[map_1] perf_8g_10_195_166_1783930696348 leave map 1 unit 1164
[map_1] perf_8g_10_195_165_1783930696348 leave map 1 unit 1166
[map_1] perf_8g_10_195_164_1783930696346 leave map 1 unit 1167
[map_1] perf_8g_10_195_162_1783930696339 leave map 1 unit 1163
[map_1] perf_8g_10_195_163_1783930696340 leave map 1 unit 1160
[map_1] perf_8g_10_195_161_1783930696338 leave map 1 unit 1161
[map_1] perf_8g_10_195_160_1783930696337 leave map 1 unit 1162
[map_1] perf_8g_10_195_159_1783930696330 leave map 1 unit 1159
[map_1] perf_8g_10_195_25_1783930696095 leave map 1 unit 1025
[map_1] perf_8g_10_195_158_1783930696329 leave map 1 unit 1158
[map_1] perf_8g_10_195_157_1783930696328 leave map 1 unit 1156
[map_1] perf_8g_10_195_155_1783930696321 leave map 1 unit 1155
[map_1] perf_8g_10_195_26_1783930696095 leave map 1 unit 1026
[map_1] perf_8g_10_195_156_1783930696327 leave map 1 unit 1157
[map_1] perf_8g_10_195_154_1783930696321 leave map 1 unit 1153
[map_1] perf_8g_10_195_152_1783930696318 leave map 1 unit 1152
[map_1] perf_8g_10_195_27_1783930696096 leave map 1 unit 1027
[map_1] perf_8g_10_195_153_1783930696320 leave map 1 unit 1154
[map_1] perf_8g_10_195_151_1783930696311 leave map 1 unit 1150
[map_1] perf_8g_10_195_150_1783930696311 leave map 1 unit 1151
[map_1] perf_8g_10_195_149_1783930696310 leave map 1 unit 1149
[map_1] perf_8g_10_195_148_1783930696309 leave map 1 unit 1148
[map_1] perf_8g_10_195_146_1783930696302 leave map 1 unit 1147
[map_1] perf_8g_10_195_28_1783930696096 leave map 1 unit 1030
[map_1] perf_8g_10_195_147_1783930696303 leave map 1 unit 1145
[map_1] perf_8g_10_195_145_1783930696301 leave map 1 unit 1146
[map_1] perf_8g_10_195_144_1783930696300 leave map 1 unit 1144
[map_1] perf_8g_10_195_29_1783930696096 leave map 1 unit 1028
[map_1] perf_8g_10_195_143_1783930696294 leave map 1 unit 1141
[map_1] perf_8g_10_195_142_1783930696293 leave map 1 unit 1140
[map_1] perf_8g_10_195_30_1783930696096 leave map 1 unit 1029
[map_1] perf_8g_10_195_141_1783930696292 leave map 1 unit 1142
[map_1] perf_8g_10_195_140_1783930696291 leave map 1 unit 1143
[map_1] perf_8g_10_195_31_1783930696101 leave map 1 unit 1031
[map_1] perf_8g_10_195_139_1783930696285 leave map 1 unit 1139
[map_1] perf_8g_10_195_138_1783930696284 leave map 1 unit 1136
[map_1] perf_8g_10_195_137_1783930696283 leave map 1 unit 1137
[map_1] perf_8g_10_195_136_1783930696280 leave map 1 unit 1138
[map_1] perf_8g_10_195_135_1783930696274 leave map 1 unit 1133
[map_1] perf_8g_10_195_32_1783930696105 leave map 1 unit 1032
[map_1] perf_8g_10_195_134_1783930696274 leave map 1 unit 1135
[map_1] perf_8g_10_195_133_1783930696273 leave map 1 unit 1134
[map_1] perf_8g_10_195_33_1783930696107 leave map 1 unit 1033
[map_1] perf_8g_10_195_132_1783930696272 leave map 1 unit 1132
[map_1] perf_8g_10_195_130_1783930696265 leave map 1 unit 1129
[map_1] perf_8g_10_195_34_1783930696108 leave map 1 unit 1034
[map_1] perf_8g_10_195_131_1783930696265 leave map 1 unit 1128
[map_1] perf_8g_10_195_128_1783930696261 leave map 1 unit 1130
[map_1] perf_8g_10_195_35_1783930696108 leave map 1 unit 1035
[map_1] perf_8g_10_195_129_1783930696261 leave map 1 unit 1131
[map_1] perf_8g_10_195_127_1783930696258 leave map 1 unit 1124
[map_1] perf_8g_10_195_126_1783930696257 leave map 1 unit 1126
[map_1] perf_8g_10_195_125_1783930696254 leave map 1 unit 1127
[map_1] perf_8g_10_195_36_1783930696109 leave map 1 unit 1036
[map_1] perf_8g_10_195_124_1783930696249 leave map 1 unit 1125
[map_1] perf_8g_10_195_123_1783930696247 leave map 1 unit 1123
[map_1] perf_8g_10_195_37_1783930696110 leave map 1 unit 1037
[map_1] perf_8g_10_195_122_1783930696246 leave map 1 unit 1122
[map_1] perf_8g_10_195_38_1783930696111 leave map 1 unit 1038
[map_1] perf_8g_10_195_121_1783930696241 leave map 1 unit 1120
[map_1] perf_8g_10_195_120_1783930696239 leave map 1 unit 1121
[map_1] perf_8g_10_195_39_1783930696113 leave map 1 unit 1039
[map_1] perf_8g_10_195_119_1783930696237 leave map 1 unit 1119
[map_1] perf_8g_10_195_118_1783930696236 leave map 1 unit 1118
[map_1] perf_8g_10_195_41_1783930696113 leave map 1 unit 1041
[map_1] perf_8g_10_195_117_1783930696234 leave map 1 unit 1117
[map_1] perf_8g_10_195_40_1783930696113 leave map 1 unit 1040
[map_1] perf_8g_10_195_116_1783930696233 leave map 1 unit 1116
[map_1] perf_8g_10_195_114_1783930696230 leave map 1 unit 1114
[map_1] perf_8g_10_195_115_1783930696231 leave map 1 unit 1115
[map_1] perf_8g_10_195_112_1783930696222 leave map 1 unit 1112
[map_1] perf_8g_10_195_42_1783930696115 leave map 1 unit 1043
[map_1] perf_8g_10_195_113_1783930696224 leave map 1 unit 1113
[map_1] perf_8g_10_195_43_1783930696115 leave map 1 unit 1042
[map_1] perf_8g_10_195_111_1783930696219 leave map 1 unit 1111
[map_1] perf_8g_10_195_110_1783930696219 leave map 1 unit 1110
[map_1] perf_8g_10_195_44_1783930696116 leave map 1 unit 1044
[map_1] perf_8g_10_195_109_1783930696218 leave map 1 unit 1109
[map_1] perf_8g_10_195_46_1783930696117 leave map 1 unit 1046
[map_1] perf_8g_10_195_108_1783930696215 leave map 1 unit 1107
[map_1] perf_8g_10_195_107_1783930696213 leave map 1 unit 1108
[map_1] perf_8g_10_195_45_1783930696116 leave map 1 unit 1045
[map_1] perf_8g_10_195_106_1783930696211 leave map 1 unit 1106
[map_1] perf_8g_10_195_48_1783930696122 leave map 1 unit 1048
[map_1] perf_8g_10_195_105_1783930696207 leave map 1 unit 1105
[map_1] perf_8g_10_195_104_1783930696206 leave map 1 unit 1104
[map_1] perf_8g_10_195_47_1783930696118 leave map 1 unit 1047
[map_1] perf_8g_10_195_103_1783930696205 leave map 1 unit 1103
[map_1] perf_8g_10_195_102_1783930696204 leave map 1 unit 1102
[map_1] perf_8g_10_195_49_1783930696125 leave map 1 unit 1049
[map_1] perf_8g_10_195_101_1783930696202 leave map 1 unit 1101
[map_1] perf_8g_10_195_100_1783930696200 leave map 1 unit 1100
[map_1] perf_8g_10_195_50_1783930696126 leave map 1 unit 1050
[map_1] perf_8g_10_195_99_1783930696198 leave map 1 unit 1099
[map_1] perf_8g_10_195_53_1783930696129 leave map 1 unit 1053
[map_1] perf_8g_10_195_98_1783930696197 leave map 1 unit 1098
[map_1] perf_8g_10_195_51_1783930696127 leave map 1 unit 1051
[map_1] perf_8g_10_195_97_1783930696196 leave map 1 unit 1097
[map_1] perf_8g_10_195_96_1783930696192 leave map 1 unit 1096
[map_1] perf_8g_10_195_52_1783930696128 leave map 1 unit 1052
[map_1] perf_8g_10_195_95_1783930696189 leave map 1 unit 1095
[map_1] perf_8g_10_195_54_1783930696130 leave map 1 unit 1054
[map_1] perf_8g_10_195_94_1783930696188 leave map 1 unit 1094
[map_1] perf_8g_10_195_55_1783930696132 leave map 1 unit 1055
[map_1] perf_8g_10_195_91_1783930696186 leave map 1 unit 1091
[map_1] perf_8g_10_195_93_1783930696188 leave map 1 unit 1093
[map_1] perf_8g_10_195_58_1783930696135 leave map 1 unit 1058
[map_1] perf_8g_10_195_92_1783930696187 leave map 1 unit 1092
[map_1] perf_8g_10_195_57_1783930696134 leave map 1 unit 1057
[map_1] perf_8g_10_195_90_1783930696185 leave map 1 unit 1090
[map_1] perf_8g_10_195_56_1783930696132 leave map 1 unit 1056
[map_1] perf_8g_10_195_89_1783930696182 leave map 1 unit 1089
[map_1] perf_8g_10_195_60_1783930696136 leave map 1 unit 1060
[map_1] perf_8g_10_195_88_1783930696180 leave map 1 unit 1088
[map_1] perf_8g_10_195_61_1783930696137 leave map 1 unit 1061
[map_1] perf_8g_10_195_87_1783930696179 leave map 1 unit 1087
[map_1] perf_8g_10_195_85_1783930696176 leave map 1 unit 1085
[map_1] perf_8g_10_195_59_1783930696135 leave map 1 unit 1059
[map_1] perf_8g_10_195_86_1783930696177 leave map 1 unit 1086
[map_1] perf_8g_10_195_63_1783930696139 leave map 1 unit 1063
[map_1] perf_8g_10_195_84_1783930696174 leave map 1 unit 1084
[map_1] perf_8g_10_195_83_1783930696173 leave map 1 unit 1083
[map_1] perf_8g_10_195_62_1783930696137 leave map 1 unit 1062
[map_1] perf_8g_10_195_82_1783930696170 leave map 1 unit 1082
[map_1] perf_8g_10_195_64_1783930696142 leave map 1 unit 1064
[map_1] perf_8g_10_195_81_1783930696168 leave map 1 unit 1081
[map_1] perf_8g_10_195_65_1783930696144 leave map 1 unit 1065
[map_1] perf_8g_10_195_80_1783930696166 leave map 1 unit 1080
[map_1] perf_8g_10_195_79_1783930696161 leave map 1 unit 1079
[map_1] perf_8g_10_195_66_1783930696146 leave map 1 unit 1066
[map_1] perf_8g_10_195_77_1783930696160 leave map 1 unit 1077
[map_1] perf_8g_10_195_68_1783930696149 leave map 1 unit 1068
[map_1] perf_8g_10_195_67_1783930696148 leave map 1 unit 1067
[map_1] perf_8g_10_195_78_1783930696160 leave map 1 unit 1078
[map_1] perf_8g_10_195_69_1783930696150 leave map 1 unit 1069
[map_1] perf_8g_10_195_76_1783930696160 leave map 1 unit 1076
[map_1] perf_8g_10_195_70_1783930696152 leave map 1 unit 1070
[map_1] perf_8g_10_195_75_1783930696159 leave map 1 unit 1075
[map_1] perf_8g_10_195_71_1783930696154 leave map 1 unit 1071
[map_1] perf_8g_10_195_74_1783930696157 leave map 1 unit 1074
[map_1] perf_8g_10_195_72_1783930696155 leave map 1 unit 1072
[map_1] perf_8g_10_195_73_1783930696157 leave map 1 unit 1073
