starting process log with one V8 and 1 scene(s) from E:\VsCode\skynet\ets_runtime\perf\results\runtime_configs\map_capacity_20260713_081609\195p_8g_r2\log.json
scene log (Log) listening on 127.0.0.1:7100
[process:log] one V8 started with 1 scene(s)
[log] Log scene started at 127.0.0.1:7100
log accepted 127.0.0.1:57313 as conn 1
log accepted 127.0.0.1:57355 as conn 2
[log] [login_1] perf_8g_10_195_0_1783930738193 login count 1
[log] [login_1] perf_8g_10_195_1_1783930738194 login count 1
[log] [login_1] perf_8g_10_195_2_1783930738194 login count 1
[log] [login_1] perf_8g_10_195_6_1783930738194 login count 1
[log] [login_1] perf_8g_10_195_4_1783930738194 login count 1
[log] [login_1] perf_8g_10_195_3_1783930738194 login count 1
[log] [login_1] perf_8g_10_195_8_1783930738194 login count 1
[log] [login_1] perf_8g_10_195_9_1783930738194 login count 1
[log] [login_1] perf_8g_10_195_7_1783930738194 login count 1
[log] [login_1] perf_8g_10_195_5_1783930738194 login count 1
[log] [login_1] perf_8g_10_195_10_1783930738194 login count 1
[log] [login_1] perf_8g_10_195_11_1783930738194 login count 1
[log] [login_1] perf_8g_10_195_13_1783930738194 login count 1
[log] [login_1] perf_8g_10_195_12_1783930738194 login count 1
[log] [login_1] perf_8g_10_195_14_1783930738194 login count 1
[log] [login_1] perf_8g_10_195_15_1783930738194 login count 1
log accepted 127.0.0.1:57381 as conn 3
[log] [gate_1] perf_8g_10_195_0_1783930738193 enter map_1 as unit 1000
[log] [login_1] perf_8g_10_195_16_1783930738219 login count 1
[log] [gate_1] perf_8g_10_195_7_1783930738194 enter map_1 as unit 1008
log accepted 127.0.0.1:57392 as conn 4
log accepted 127.0.0.1:57395 as conn 5
log accepted 127.0.0.1:57396 as conn 6
log accepted 127.0.0.1:57397 as conn 7
log accepted 127.0.0.1:57393 as conn 8
log accepted 127.0.0.1:57394 as conn 9
log accepted 127.0.0.1:57398 as conn 10
[log] [gate_2] perf_8g_10_195_1_1783930738194 enter map_1 as unit 1003
[log] [gate_3] perf_8g_10_195_2_1783930738194 enter map_1 as unit 1002
[log] [gate_6] perf_8g_10_195_3_1783930738194 enter map_1 as unit 1004
[log] [gate_5] perf_8g_10_195_13_1783930738194 enter map_1 as unit 1006
[log] [gate_7] perf_8g_10_195_8_1783930738194 enter map_1 as unit 1005
[log] [gate_8] perf_8g_10_195_9_1783930738194 enter map_1 as unit 1007
[log] [gate_4] perf_8g_10_195_6_1783930738194 enter map_1 as unit 1001
[log] [gate_1] perf_8g_10_195_16_1783930738219 enter map_1 as unit 1009
[log] [login_1] perf_8g_10_195_17_1783930738230 login count 1
[log] [login_1] perf_8g_10_195_18_1783930738232 login count 1
[log] [gate_2] perf_8g_10_195_5_1783930738194 enter map_1 as unit 1010
[log] [gate_6] perf_8g_10_195_12_1783930738194 enter map_1 as unit 1011
[log] [gate_4] perf_8g_10_195_11_1783930738194 enter map_1 as unit 1013
[log] [gate_7] perf_8g_10_195_14_1783930738194 enter map_1 as unit 1014
[log] [gate_8] perf_8g_10_195_15_1783930738194 enter map_1 as unit 1012
[log] [gate_5] perf_8g_10_195_4_1783930738194 enter map_1 as unit 1016
[log] [gate_3] perf_8g_10_195_10_1783930738194 enter map_1 as unit 1015
[log] [gate_2] perf_8g_10_195_17_1783930738230 enter map_1 as unit 1017
[log] [gate_3] perf_8g_10_195_18_1783930738232 enter map_1 as unit 1018
[log] [login_1] perf_8g_10_195_19_1783930738235 login count 1
[log] [login_1] perf_8g_10_195_20_1783930738235 login count 1
[log] [login_1] perf_8g_10_195_21_1783930738236 login count 1
[log] [login_1] perf_8g_10_195_22_1783930738236 login count 1
[log] [login_1] perf_8g_10_195_23_1783930738236 login count 1
[log] [login_1] perf_8g_10_195_24_1783930738236 login count 1
[log] [login_1] perf_8g_10_195_25_1783930738237 login count 1
[log] [login_1] perf_8g_10_195_26_1783930738237 login count 1
[log] [login_1] perf_8g_10_195_27_1783930738237 login count 1
[log] [login_1] perf_8g_10_195_29_1783930738238 login count 1
[log] [login_1] perf_8g_10_195_28_1783930738237 login count 1
[log] [login_1] perf_8g_10_195_31_1783930738238 login count 1
[log] [login_1] perf_8g_10_195_30_1783930738238 login count 1
[log] [login_1] perf_8g_10_195_32_1783930738239 login count 1
[log] [login_1] perf_8g_10_195_33_1783930738240 login count 1
[log] [login_1] perf_8g_10_195_34_1783930738242 login count 1
[log] [gate_4] perf_8g_10_195_19_1783930738235 enter map_1 as unit 1019
[log] [gate_5] perf_8g_10_195_20_1783930738235 enter map_1 as unit 1020
[log] [login_1] perf_8g_10_195_35_1783930738250 login count 1
[log] [login_1] perf_8g_10_195_36_1783930738251 login count 1
[log] [gate_2] perf_8g_10_195_25_1783930738237 enter map_1 as unit 1026
[log] [gate_1] perf_8g_10_195_24_1783930738236 enter map_1 as unit 1025
[log] [gate_8] perf_8g_10_195_23_1783930738236 enter map_1 as unit 1023
[log] [gate_3] perf_8g_10_195_26_1783930738237 enter map_1 as unit 1024
[log] [gate_7] perf_8g_10_195_22_1783930738236 enter map_1 as unit 1021
[log] [gate_6] perf_8g_10_195_21_1783930738236 enter map_1 as unit 1022
[log] [gate_4] perf_8g_10_195_27_1783930738237 enter map_1 as unit 1027
[log] [gate_5] perf_8g_10_195_29_1783930738238 enter map_1 as unit 1028
[log] [login_1] perf_8g_10_195_37_1783930738255 login count 1
[log] [gate_1] perf_8g_10_195_32_1783930738239 enter map_1 as unit 1029
[log] [gate_6] perf_8g_10_195_28_1783930738237 enter map_1 as unit 1032
[log] [gate_2] perf_8g_10_195_33_1783930738240 enter map_1 as unit 1031
[log] [gate_7] perf_8g_10_195_31_1783930738238 enter map_1 as unit 1033
[log] [gate_8] perf_8g_10_195_30_1783930738238 enter map_1 as unit 1030
[log] [login_1] perf_8g_10_195_38_1783930738255 login count 1
[log] [login_1] perf_8g_10_195_39_1783930738256 login count 1
[log] [gate_4] perf_8g_10_195_35_1783930738250 enter map_1 as unit 1035
[log] [gate_5] perf_8g_10_195_36_1783930738251 enter map_1 as unit 1036
[log] [gate_3] perf_8g_10_195_34_1783930738242 enter map_1 as unit 1034
[log] [gate_7] perf_8g_10_195_38_1783930738255 enter map_1 as unit 1037
[log] [gate_6] perf_8g_10_195_37_1783930738255 enter map_1 as unit 1038
[log] [login_1] perf_8g_10_195_40_1783930738259 login count 1
[log] [gate_8] perf_8g_10_195_39_1783930738256 enter map_1 as unit 1039
[log] [login_1] perf_8g_10_195_41_1783930738259 login count 1
[log] [login_1] perf_8g_10_195_42_1783930738260 login count 1
[log] [login_1] perf_8g_10_195_43_1783930738260 login count 1
[log] [login_1] perf_8g_10_195_44_1783930738260 login count 1
[log] [login_1] perf_8g_10_195_45_1783930738261 login count 1
[log] [login_1] perf_8g_10_195_46_1783930738261 login count 1
[log] [login_1] perf_8g_10_195_47_1783930738261 login count 1
[log] [login_1] perf_8g_10_195_48_1783930738262 login count 1
[log] [login_1] perf_8g_10_195_49_1783930738262 login count 1
[log] [login_1] perf_8g_10_195_50_1783930738263 login count 1
[log] [login_1] perf_8g_10_195_51_1783930738263 login count 1
[log] [login_1] perf_8g_10_195_52_1783930738263 login count 1
[log] [login_1] perf_8g_10_195_53_1783930738265 login count 1
[log] [login_1] perf_8g_10_195_54_1783930738266 login count 1
[log] [gate_1] perf_8g_10_195_40_1783930738259 enter map_1 as unit 1040
[log] [login_1] perf_8g_10_195_55_1783930738269 login count 1
[log] [gate_2] perf_8g_10_195_41_1783930738259 enter map_1 as unit 1041
[log] [gate_3] perf_8g_10_195_42_1783930738260 enter map_1 as unit 1042
[log] [gate_4] perf_8g_10_195_43_1783930738260 enter map_1 as unit 1043
[log] [login_1] perf_8g_10_195_56_1783930738275 login count 1
[log] [gate_8] perf_8g_10_195_47_1783930738261 enter map_1 as unit 1047
[log] [gate_1] perf_8g_10_195_48_1783930738262 enter map_1 as unit 1048
[log] [gate_5] perf_8g_10_195_44_1783930738260 enter map_1 as unit 1044
[log] [gate_7] perf_8g_10_195_46_1783930738261 enter map_1 as unit 1046
[log] [gate_6] perf_8g_10_195_45_1783930738261 enter map_1 as unit 1045
[log] [login_1] perf_8g_10_195_57_1783930738278 login count 1
[log] [login_1] perf_8g_10_195_58_1783930738278 login count 1
[log] [login_1] perf_8g_10_195_59_1783930738278 login count 1
[log] [gate_3] perf_8g_10_195_50_1783930738263 enter map_1 as unit 1051
[log] [gate_4] perf_8g_10_195_51_1783930738263 enter map_1 as unit 1049
[log] [gate_2] perf_8g_10_195_49_1783930738262 enter map_1 as unit 1050
[log] [gate_5] perf_8g_10_195_52_1783930738263 enter map_1 as unit 1052
[log] [gate_8] perf_8g_10_195_55_1783930738269 enter map_1 as unit 1053
[log] [login_1] perf_8g_10_195_60_1783930738281 login count 1
[log] [login_1] perf_8g_10_195_61_1783930738282 login count 1
[log] [login_1] perf_8g_10_195_62_1783930738282 login count 1
[log] [login_1] perf_8g_10_195_63_1783930738283 login count 1
[log] [gate_7] perf_8g_10_195_54_1783930738266 enter map_1 as unit 1054
[log] [gate_1] perf_8g_10_195_56_1783930738275 enter map_1 as unit 1055
[log] [gate_6] perf_8g_10_195_53_1783930738265 enter map_1 as unit 1056
[log] [login_1] perf_8g_10_195_64_1783930738284 login count 1
[log] [login_1] perf_8g_10_195_65_1783930738285 login count 1
[log] [login_1] perf_8g_10_195_66_1783930738285 login count 1
[log] [login_1] perf_8g_10_195_67_1783930738286 login count 1
[log] [login_1] perf_8g_10_195_68_1783930738286 login count 1
[log] [gate_2] perf_8g_10_195_57_1783930738278 enter map_1 as unit 1059
[log] [gate_3] perf_8g_10_195_58_1783930738278 enter map_1 as unit 1057
[log] [gate_4] perf_8g_10_195_59_1783930738278 enter map_1 as unit 1058
[log] [login_1] perf_8g_10_195_69_1783930738286 login count 1
[log] [login_1] perf_8g_10_195_70_1783930738289 login count 1
[log] [login_1] perf_8g_10_195_71_1783930738289 login count 1
[log] [login_1] perf_8g_10_195_72_1783930738290 login count 1
[log] [gate_5] perf_8g_10_195_60_1783930738281 enter map_1 as unit 1060
[log] [gate_6] perf_8g_10_195_61_1783930738282 enter map_1 as unit 1061
[log] [gate_7] perf_8g_10_195_62_1783930738282 enter map_1 as unit 1062
[log] [gate_8] perf_8g_10_195_63_1783930738283 enter map_1 as unit 1063
[log] [login_1] perf_8g_10_195_73_1783930738295 login count 1
[log] [login_1] perf_8g_10_195_74_1783930738295 login count 1
[log] [login_1] perf_8g_10_195_75_1783930738296 login count 1
[log] [gate_1] perf_8g_10_195_64_1783930738284 enter map_1 as unit 1064
[log] [gate_2] perf_8g_10_195_65_1783930738285 enter map_1 as unit 1065
[log] [gate_3] perf_8g_10_195_66_1783930738285 enter map_1 as unit 1066
[log] [gate_4] perf_8g_10_195_67_1783930738286 enter map_1 as unit 1067
[log] [gate_5] perf_8g_10_195_68_1783930738286 enter map_1 as unit 1069
[log] [gate_6] perf_8g_10_195_69_1783930738286 enter map_1 as unit 1068
[log] [gate_7] perf_8g_10_195_70_1783930738289 enter map_1 as unit 1070
[log] [gate_8] perf_8g_10_195_71_1783930738289 enter map_1 as unit 1071
[log] [login_1] perf_8g_10_195_76_1783930738299 login count 1
[log] [login_1] perf_8g_10_195_77_1783930738299 login count 1
[log] [login_1] perf_8g_10_195_78_1783930738300 login count 1
[log] [gate_1] perf_8g_10_195_72_1783930738290 enter map_1 as unit 1072
[log] [login_1] perf_8g_10_195_79_1783930738301 login count 1
[log] [gate_2] perf_8g_10_195_73_1783930738295 enter map_1 as unit 1073
[log] [gate_3] perf_8g_10_195_74_1783930738295 enter map_1 as unit 1074
[log] [gate_4] perf_8g_10_195_75_1783930738296 enter map_1 as unit 1075
[log] [login_1] perf_8g_10_195_80_1783930738306 login count 1
[log] [login_1] perf_8g_10_195_81_1783930738307 login count 1
[log] [login_1] perf_8g_10_195_82_1783930738307 login count 1
[log] [login_1] perf_8g_10_195_83_1783930738308 login count 1
[log] [login_1] perf_8g_10_195_84_1783930738310 login count 1
[log] [gate_5] perf_8g_10_195_76_1783930738299 enter map_1 as unit 1076
[log] [login_1] perf_8g_10_195_85_1783930738311 login count 1
[log] [login_1] perf_8g_10_195_86_1783930738311 login count 1
[log] [login_1] perf_8g_10_195_87_1783930738312 login count 1
[log] [gate_6] perf_8g_10_195_77_1783930738299 enter map_1 as unit 1077
[log] [login_1] perf_8g_10_195_88_1783930738317 login count 1
[log] [gate_7] perf_8g_10_195_78_1783930738300 enter map_1 as unit 1078
[log] [gate_8] perf_8g_10_195_79_1783930738301 enter map_1 as unit 1079
[log] [login_1] perf_8g_10_195_89_1783930738318 login count 1
[log] [gate_1] perf_8g_10_195_80_1783930738306 enter map_1 as unit 1080
[log] [login_1] perf_8g_10_195_90_1783930738318 login count 1
[log] [login_1] perf_8g_10_195_91_1783930738320 login count 1
[log] [gate_2] perf_8g_10_195_81_1783930738307 enter map_1 as unit 1081
[log] [gate_3] perf_8g_10_195_82_1783930738307 enter map_1 as unit 1082
[log] [gate_4] perf_8g_10_195_83_1783930738308 enter map_1 as unit 1083
[log] [gate_5] perf_8g_10_195_84_1783930738310 enter map_1 as unit 1084
[log] [gate_6] perf_8g_10_195_85_1783930738311 enter map_1 as unit 1085
[log] [login_1] perf_8g_10_195_92_1783930738327 login count 1
[log] [gate_7] perf_8g_10_195_86_1783930738311 enter map_1 as unit 1086
[log] [gate_8] perf_8g_10_195_87_1783930738312 enter map_1 as unit 1087
[log] [gate_1] perf_8g_10_195_88_1783930738317 enter map_1 as unit 1088
[log] [login_1] perf_8g_10_195_93_1783930738329 login count 1
[log] [gate_2] perf_8g_10_195_89_1783930738318 enter map_1 as unit 1089
[log] [login_1] perf_8g_10_195_94_1783930738332 login count 1
[log] [login_1] perf_8g_10_195_95_1783930738332 login count 1
[log] [gate_4] perf_8g_10_195_91_1783930738320 enter map_1 as unit 1091
[log] [gate_3] perf_8g_10_195_90_1783930738318 enter map_1 as unit 1090
[log] [login_1] perf_8g_10_195_96_1783930738335 login count 1
[log] [login_1] perf_8g_10_195_97_1783930738337 login count 1
[log] [login_1] perf_8g_10_195_98_1783930738340 login count 1
[log] [login_1] perf_8g_10_195_99_1783930738341 login count 1
[log] [gate_5] perf_8g_10_195_92_1783930738327 enter map_1 as unit 1092
[log] [login_1] perf_8g_10_195_100_1783930738346 login count 1
[log] [login_1] perf_8g_10_195_101_1783930738346 login count 1
[log] [gate_6] perf_8g_10_195_93_1783930738329 enter map_1 as unit 1093
[log] [login_1] perf_8g_10_195_102_1783930738347 login count 1
[log] [login_1] perf_8g_10_195_103_1783930738349 login count 1
[log] [login_1] perf_8g_10_195_104_1783930738350 login count 1
[log] [gate_7] perf_8g_10_195_94_1783930738332 enter map_1 as unit 1094
[log] [login_1] perf_8g_10_195_105_1783930738351 login count 1
[log] [gate_8] perf_8g_10_195_95_1783930738332 enter map_1 as unit 1095
[log] [gate_1] perf_8g_10_195_96_1783930738335 enter map_1 as unit 1096
[log] [login_1] perf_8g_10_195_106_1783930738353 login count 1
[log] [login_1] perf_8g_10_195_107_1783930738353 login count 1
[log] [gate_2] perf_8g_10_195_97_1783930738337 enter map_1 as unit 1097
[log] [gate_3] perf_8g_10_195_98_1783930738340 enter map_1 as unit 1098
[log] [gate_4] perf_8g_10_195_99_1783930738341 enter map_1 as unit 1099
[log] [gate_5] perf_8g_10_195_100_1783930738346 enter map_1 as unit 1100
[log] [login_1] perf_8g_10_195_108_1783930738360 login count 1
[log] [gate_6] perf_8g_10_195_101_1783930738346 enter map_1 as unit 1101
[log] [login_1] perf_8g_10_195_109_1783930738365 login count 1
[log] [login_1] perf_8g_10_195_110_1783930738367 login count 1
[log] [login_1] perf_8g_10_195_111_1783930738369 login count 1
[log] [login_1] perf_8g_10_195_112_1783930738370 login count 1
[log] [gate_8] perf_8g_10_195_103_1783930738349 enter map_1 as unit 1103
[log] [gate_1] perf_8g_10_195_104_1783930738350 enter map_1 as unit 1104
[log] [gate_7] perf_8g_10_195_102_1783930738347 enter map_1 as unit 1102
[log] [login_1] perf_8g_10_195_113_1783930738374 login count 1
[log] [login_1] perf_8g_10_195_114_1783930738377 login count 1
[log] [gate_3] perf_8g_10_195_106_1783930738353 enter map_1 as unit 1106
[log] [gate_2] perf_8g_10_195_105_1783930738351 enter map_1 as unit 1105
[log] [gate_4] perf_8g_10_195_107_1783930738353 enter map_1 as unit 1107
[log] [login_1] perf_8g_10_195_115_1783930738378 login count 1
[log] [login_1] perf_8g_10_195_116_1783930738380 login count 1
[log] [gate_5] perf_8g_10_195_108_1783930738360 enter map_1 as unit 1108
[log] [login_1] perf_8g_10_195_117_1783930738381 login count 1
[log] [gate_6] perf_8g_10_195_109_1783930738365 enter map_1 as unit 1109
[log] [gate_8] perf_8g_10_195_111_1783930738369 enter map_1 as unit 1111
[log] [gate_7] perf_8g_10_195_110_1783930738367 enter map_1 as unit 1110
[log] [gate_1] perf_8g_10_195_112_1783930738370 enter map_1 as unit 1112
[log] [login_1] perf_8g_10_195_118_1783930738388 login count 1
[log] [login_1] perf_8g_10_195_119_1783930738389 login count 1
[log] [login_1] perf_8g_10_195_120_1783930738389 login count 1
[log] [gate_2] perf_8g_10_195_113_1783930738374 enter map_1 as unit 1113
[log] [gate_4] perf_8g_10_195_115_1783930738378 enter map_1 as unit 1115
[log] [gate_3] perf_8g_10_195_114_1783930738377 enter map_1 as unit 1114
[log] [login_1] perf_8g_10_195_121_1783930738393 login count 1
[log] [login_1] perf_8g_10_195_122_1783930738393 login count 1
[log] [login_1] perf_8g_10_195_123_1783930738394 login count 1
[log] [login_1] perf_8g_10_195_124_1783930738397 login count 1
[log] [gate_5] perf_8g_10_195_116_1783930738380 enter map_1 as unit 1116
[log] [gate_6] perf_8g_10_195_117_1783930738381 enter map_1 as unit 1117
[log] [login_1] perf_8g_10_195_125_1783930738399 login count 1
[log] [login_1] perf_8g_10_195_126_1783930738400 login count 1
[log] [gate_7] perf_8g_10_195_118_1783930738388 enter map_1 as unit 1118
[log] [login_1] perf_8g_10_195_127_1783930738401 login count 1
[log] [login_1] perf_8g_10_195_128_1783930738405 login count 1
[log] [gate_1] perf_8g_10_195_120_1783930738389 enter map_1 as unit 1120
[log] [gate_8] perf_8g_10_195_119_1783930738389 enter map_1 as unit 1119
[log] [login_1] perf_8g_10_195_129_1783930738408 login count 1
[log] [gate_2] perf_8g_10_195_121_1783930738393 enter map_1 as unit 1121
[log] [login_1] perf_8g_10_195_130_1783930738410 login count 1
[log] [login_1] perf_8g_10_195_131_1783930738410 login count 1
[log] [login_1] perf_8g_10_195_132_1783930738414 login count 1
[log] [login_1] perf_8g_10_195_133_1783930738415 login count 1
[log] [gate_4] perf_8g_10_195_123_1783930738394 enter map_1 as unit 1124
[log] [gate_3] perf_8g_10_195_122_1783930738393 enter map_1 as unit 1122
[log] [gate_5] perf_8g_10_195_124_1783930738397 enter map_1 as unit 1123
[log] [login_1] perf_8g_10_195_134_1783930738420 login count 1
[log] [gate_8] perf_8g_10_195_127_1783930738401 enter map_1 as unit 1127
[log] [gate_6] perf_8g_10_195_125_1783930738399 enter map_1 as unit 1125
[log] [gate_7] perf_8g_10_195_126_1783930738400 enter map_1 as unit 1126
[log] [login_1] perf_8g_10_195_135_1783930738424 login count 1
[log] [login_1] perf_8g_10_195_136_1783930738425 login count 1
[log] [login_1] perf_8g_10_195_137_1783930738428 login count 1
[log] [login_1] perf_8g_10_195_138_1783930738434 login count 1
[log] [gate_1] perf_8g_10_195_128_1783930738405 enter map_1 as unit 1128
[log] [gate_3] perf_8g_10_195_130_1783930738410 enter map_1 as unit 1130
[log] [gate_2] perf_8g_10_195_129_1783930738408 enter map_1 as unit 1129
[log] [login_1] perf_8g_10_195_139_1783930738435 login count 1
[log] [login_1] perf_8g_10_195_140_1783930738435 login count 1
[log] [login_1] perf_8g_10_195_141_1783930738440 login count 1
[log] [login_1] perf_8g_10_195_142_1783930738441 login count 1
[log] [login_1] perf_8g_10_195_143_1783930738442 login count 1
[log] [gate_6] perf_8g_10_195_133_1783930738415 enter map_1 as unit 1133
[log] [gate_5] perf_8g_10_195_132_1783930738414 enter map_1 as unit 1132
[log] [gate_4] perf_8g_10_195_131_1783930738410 enter map_1 as unit 1131
[log] [login_1] perf_8g_10_195_144_1783930738447 login count 1
[log] [login_1] perf_8g_10_195_145_1783930738448 login count 1
[log] [gate_2] perf_8g_10_195_137_1783930738428 enter map_1 as unit 1136
[log] [gate_7] perf_8g_10_195_134_1783930738420 enter map_1 as unit 1134
[log] [gate_8] perf_8g_10_195_135_1783930738424 enter map_1 as unit 1135
[log] [login_1] perf_8g_10_195_146_1783930738451 login count 1
[log] [login_1] perf_8g_10_195_147_1783930738455 login count 1
[log] [login_1] perf_8g_10_195_148_1783930738455 login count 1
[log] [login_1] perf_8g_10_195_149_1783930738456 login count 1
[log] [login_1] perf_8g_10_195_150_1783930738461 login count 1
[log] [login_1] perf_8g_10_195_151_1783930738462 login count 1
[log] [login_1] perf_8g_10_195_152_1783930738465 login count 1
[log] [gate_6] perf_8g_10_195_141_1783930738440 enter map_1 as unit 1141
[log] [gate_1] perf_8g_10_195_136_1783930738425 enter map_1 as unit 1137
[log] [gate_3] perf_8g_10_195_138_1783930738434 enter map_1 as unit 1138
[log] [gate_4] perf_8g_10_195_139_1783930738435 enter map_1 as unit 1140
[log] [gate_5] perf_8g_10_195_140_1783930738435 enter map_1 as unit 1139
[log] [gate_2] perf_8g_10_195_145_1783930738448 enter map_1 as unit 1142
[log] [gate_7] perf_8g_10_195_142_1783930738441 enter map_1 as unit 1143
[log] [gate_8] perf_8g_10_195_143_1783930738442 enter map_1 as unit 1144
[log] [login_1] perf_8g_10_195_153_1783930738470 login count 1
[log] [login_1] perf_8g_10_195_154_1783930738471 login count 1
[log] [login_1] perf_8g_10_195_155_1783930738472 login count 1
[log] [login_1] perf_8g_10_195_156_1783930738473 login count 1
[log] [login_1] perf_8g_10_195_157_1783930738475 login count 1
[log] [login_1] perf_8g_10_195_158_1783930738479 login count 1
[log] [login_1] perf_8g_10_195_159_1783930738479 login count 1
[log] [login_1] perf_8g_10_195_160_1783930738480 login count 1
[log] [gate_4] perf_8g_10_195_147_1783930738455 enter map_1 as unit 1146
[log] [gate_6] perf_8g_10_195_149_1783930738456 enter map_1 as unit 1145
[log] [gate_1] perf_8g_10_195_144_1783930738447 enter map_1 as unit 1149
[log] [gate_3] perf_8g_10_195_146_1783930738451 enter map_1 as unit 1148
[log] [gate_5] perf_8g_10_195_148_1783930738455 enter map_1 as unit 1147
[log] [gate_2] perf_8g_10_195_153_1783930738470 enter map_1 as unit 1152
[log] [gate_8] perf_8g_10_195_151_1783930738462 enter map_1 as unit 1151
[log] [gate_7] perf_8g_10_195_150_1783930738461 enter map_1 as unit 1150
[log] [login_1] perf_8g_10_195_162_1783930738492 login count 1
[log] [login_1] perf_8g_10_195_161_1783930738491 login count 1
[log] [login_1] perf_8g_10_195_163_1783930738493 login count 1
[log] [login_1] perf_8g_10_195_164_1783930738494 login count 1
[log] [login_1] perf_8g_10_195_165_1783930738498 login count 1
[log] [login_1] perf_8g_10_195_166_1783930738501 login count 1
[log] [login_1] perf_8g_10_195_167_1783930738502 login count 1
[log] [gate_1] perf_8g_10_195_152_1783930738465 enter map_1 as unit 1153
[log] [gate_6] perf_8g_10_195_157_1783930738475 enter map_1 as unit 1156
[log] [gate_5] perf_8g_10_195_156_1783930738473 enter map_1 as unit 1154
[log] [gate_4] perf_8g_10_195_155_1783930738472 enter map_1 as unit 1157
[log] [gate_3] perf_8g_10_195_154_1783930738471 enter map_1 as unit 1155
[log] [login_1] perf_8g_10_195_168_1783930738509 login count 1
[log] [gate_7] perf_8g_10_195_158_1783930738479 enter map_1 as unit 1158
[log] [gate_2] perf_8g_10_195_162_1783930738492 enter map_1 as unit 1160
[log] [gate_8] perf_8g_10_195_159_1783930738479 enter map_1 as unit 1159
[log] [login_1] perf_8g_10_195_169_1783930738511 login count 1
[log] [login_1] perf_8g_10_195_170_1783930738512 login count 1
[log] [login_1] perf_8g_10_195_171_1783930738513 login count 1
[log] [login_1] perf_8g_10_195_172_1783930738514 login count 1
[log] [login_1] perf_8g_10_195_173_1783930738515 login count 1
[log] [login_1] perf_8g_10_195_174_1783930738522 login count 1
[log] [login_1] perf_8g_10_195_175_1783930738523 login count 1
[log] [login_1] perf_8g_10_195_176_1783930738524 login count 1
[log] [gate_3] perf_8g_10_195_161_1783930738491 enter map_1 as unit 1164
[log] [gate_1] perf_8g_10_195_160_1783930738480 enter map_1 as unit 1161
[log] [gate_4] perf_8g_10_195_163_1783930738493 enter map_1 as unit 1163
[log] [gate_6] perf_8g_10_195_165_1783930738498 enter map_1 as unit 1162
[log] [gate_5] perf_8g_10_195_164_1783930738494 enter map_1 as unit 1165
[log] [gate_2] perf_8g_10_195_169_1783930738511 enter map_1 as unit 1168
[log] [gate_7] perf_8g_10_195_166_1783930738501 enter map_1 as unit 1167
[log] [gate_8] perf_8g_10_195_167_1783930738502 enter map_1 as unit 1166
[log] [login_1] perf_8g_10_195_177_1783930738533 login count 1
[log] [login_1] perf_8g_10_195_178_1783930738534 login count 1
[log] [login_1] perf_8g_10_195_179_1783930738535 login count 1
[log] [login_1] perf_8g_10_195_180_1783930738535 login count 1
[log] [login_1] perf_8g_10_195_181_1783930738536 login count 1
[log] [login_1] perf_8g_10_195_182_1783930738540 login count 1
[log] [login_1] perf_8g_10_195_183_1783930738541 login count 1
[log] [login_1] perf_8g_10_195_184_1783930738541 login count 1
[log] [gate_1] perf_8g_10_195_168_1783930738509 enter map_1 as unit 1172
[log] [gate_4] perf_8g_10_195_171_1783930738513 enter map_1 as unit 1169
[log] [gate_6] perf_8g_10_195_173_1783930738515 enter map_1 as unit 1173
[log] [gate_3] perf_8g_10_195_170_1783930738512 enter map_1 as unit 1171
[log] [gate_5] perf_8g_10_195_172_1783930738514 enter map_1 as unit 1170
[log] [login_1] perf_8g_10_195_185_1783930738554 login count 1
[log] [login_1] perf_8g_10_195_188_1783930738557 login count 1
[log] [login_1] perf_8g_10_195_186_1783930738556 login count 1
[log] [login_1] perf_8g_10_195_187_1783930738556 login count 1
[log] [gate_2] perf_8g_10_195_177_1783930738533 enter map_1 as unit 1176
[log] [gate_7] perf_8g_10_195_174_1783930738522 enter map_1 as unit 1174
[log] [gate_8] perf_8g_10_195_175_1783930738523 enter map_1 as unit 1175
[log] [login_1] perf_8g_10_195_189_1783930738564 login count 1
[log] [login_1] perf_8g_10_195_190_1783930738565 login count 1
[log] [login_1] perf_8g_10_195_191_1783930738566 login count 1
[log] [gate_1] perf_8g_10_195_176_1783930738524 enter map_1 as unit 1177
[log] [gate_5] perf_8g_10_195_180_1783930738535 enter map_1 as unit 1178
[log] [gate_6] perf_8g_10_195_181_1783930738536 enter map_1 as unit 1180
[log] [gate_3] perf_8g_10_195_178_1783930738534 enter map_1 as unit 1179
[log] [gate_4] perf_8g_10_195_179_1783930738535 enter map_1 as unit 1181
[log] [login_1] perf_8g_10_195_192_1783930738575 login count 1
[log] [login_1] perf_8g_10_195_193_1783930738577 login count 1
[log] [login_1] perf_8g_10_195_194_1783930738577 login count 1
[log] [gate_7] perf_8g_10_195_182_1783930738540 enter map_1 as unit 1182
[log] [gate_8] perf_8g_10_195_183_1783930738541 enter map_1 as unit 1183
[log] [gate_2] perf_8g_10_195_185_1783930738554 enter map_1 as unit 1184
[log] [gate_6] perf_8g_10_195_189_1783930738564 enter map_1 as unit 1186
[log] [gate_5] perf_8g_10_195_187_1783930738556 enter map_1 as unit 1189
[log] [gate_1] perf_8g_10_195_184_1783930738541 enter map_1 as unit 1185
[log] [gate_3] perf_8g_10_195_188_1783930738557 enter map_1 as unit 1187
[log] [gate_4] perf_8g_10_195_186_1783930738556 enter map_1 as unit 1188
[log] [gate_2] perf_8g_10_195_193_1783930738577 enter map_1 as unit 1190
[log] [gate_7] perf_8g_10_195_190_1783930738565 enter map_1 as unit 1191
[log] [gate_8] perf_8g_10_195_191_1783930738566 enter map_1 as unit 1192
[log] [gate_1] perf_8g_10_195_192_1783930738575 enter map_1 as unit 1194
[log] [gate_3] perf_8g_10_195_194_1783930738577 enter map_1 as unit 1193
[metrics:inner_transport] active=0 opened=0 pending=0 max_pending=0 overloads=0 timeouts=0 disconnected_calls=0 late_responses=0 idle_closes=0
[process-metrics] process=log cpu_percent=0.62 cpu_time_ms=93 rss_bytes=36667392 v8_heap_used_bytes=2693536 v8_heap_total_bytes=5775360 v8_gc_count=3 v8_gc_ms=0.692 timestamp_ms=1783930742946
[metrics:log] scene=log type=Log processed=390 failed=0 ts_queue=0 ts_max_queue=7 rust_queue=0 rust_max_queue=7 backpressure=0 slow_disconnects=0 update_ms=0.00 handler_ms=0.00 max_handler_ms=1.00 total_handler_ms=13.00
[metrics:inner_transport] active=0 opened=0 pending=0 max_pending=0 overloads=0 timeouts=0 disconnected_calls=0 late_responses=0 idle_closes=0
[process-metrics] process=log cpu_percent=0.32 cpu_time_ms=109 rss_bytes=36753408 v8_heap_used_bytes=2830496 v8_heap_total_bytes=5775360 v8_gc_count=3 v8_gc_ms=0.692 timestamp_ms=1783930747970
[metrics:log] scene=log type=Log processed=390 failed=0 ts_queue=0 ts_max_queue=7 rust_queue=0 rust_max_queue=7 backpressure=0 slow_disconnects=0 update_ms=0.00 handler_ms=0.00 max_handler_ms=1.00 total_handler_ms=13.00
[metrics:inner_transport] active=0 opened=0 pending=0 max_pending=0 overloads=0 timeouts=0 disconnected_calls=0 late_responses=0 idle_closes=0
[process-metrics] process=log cpu_percent=0.62 cpu_time_ms=140 rss_bytes=37306368 v8_heap_used_bytes=2984928 v8_heap_total_bytes=6037504 v8_gc_count=3 v8_gc_ms=0.692 timestamp_ms=1783930752971
[metrics:log] scene=log type=Log processed=390 failed=0 ts_queue=0 ts_max_queue=7 rust_queue=0 rust_max_queue=7 backpressure=0 slow_disconnects=0 update_ms=0.00 handler_ms=0.00 max_handler_ms=1.00 total_handler_ms=13.00
[metrics:inner_transport] active=0 opened=0 pending=0 max_pending=0 overloads=0 timeouts=0 disconnected_calls=0 late_responses=0 idle_closes=0
[process-metrics] process=log cpu_percent=0.62 cpu_time_ms=171 rss_bytes=37449728 v8_heap_used_bytes=3112968 v8_heap_total_bytes=6299648 v8_gc_count=3 v8_gc_ms=0.692 timestamp_ms=1783930758007
[metrics:log] scene=log type=Log processed=390 failed=0 ts_queue=0 ts_max_queue=7 rust_queue=0 rust_max_queue=7 backpressure=0 slow_disconnects=0 update_ms=0.00 handler_ms=0.00 max_handler_ms=1.00 total_handler_ms=13.00
[metrics:inner_transport] active=0 opened=0 pending=0 max_pending=0 overloads=0 timeouts=0 disconnected_calls=0 late_responses=0 idle_closes=0
[process-metrics] process=log cpu_percent=0.32 cpu_time_ms=187 rss_bytes=37523456 v8_heap_used_bytes=3240968 v8_heap_total_bytes=6299648 v8_gc_count=3 v8_gc_ms=0.692 timestamp_ms=1783930763005
[metrics:log] scene=log type=Log processed=390 failed=0 ts_queue=0 ts_max_queue=7 rust_queue=0 rust_max_queue=7 backpressure=0 slow_disconnects=0 update_ms=0.00 handler_ms=0.00 max_handler_ms=1.00 total_handler_ms=13.00
[metrics:inner_transport] active=0 opened=0 pending=0 max_pending=0 overloads=0 timeouts=0 disconnected_calls=0 late_responses=0 idle_closes=0
[process-metrics] process=log cpu_percent=0.32 cpu_time_ms=203 rss_bytes=37584896 v8_heap_used_bytes=3370616 v8_heap_total_bytes=6561792 v8_gc_count=3 v8_gc_ms=0.692 timestamp_ms=1783930768060
[metrics:log] scene=log type=Log processed=390 failed=0 ts_queue=0 ts_max_queue=7 rust_queue=0 rust_max_queue=7 backpressure=0 slow_disconnects=0 update_ms=0.00 handler_ms=0.00 max_handler_ms=1.00 total_handler_ms=13.00
[metrics:inner_transport] active=0 opened=0 pending=0 max_pending=0 overloads=0 timeouts=0 disconnected_calls=0 late_responses=0 idle_closes=0
[process-metrics] process=log cpu_percent=0.00 cpu_time_ms=203 rss_bytes=37912576 v8_heap_used_bytes=3504552 v8_heap_total_bytes=6561792 v8_gc_count=3 v8_gc_ms=0.692 timestamp_ms=1783930773109
[metrics:log] scene=log type=Log processed=390 failed=0 ts_queue=0 ts_max_queue=7 rust_queue=0 rust_max_queue=7 backpressure=0 slow_disconnects=0 update_ms=0.00 handler_ms=0.00 max_handler_ms=1.00 total_handler_ms=13.00
[metrics:inner_transport] active=0 opened=0 pending=0 max_pending=0 overloads=0 timeouts=0 disconnected_calls=0 late_responses=0 idle_closes=0
[process-metrics] process=log cpu_percent=0.62 cpu_time_ms=234 rss_bytes=38014976 v8_heap_used_bytes=3631496 v8_heap_total_bytes=6823936 v8_gc_count=3 v8_gc_ms=0.692 timestamp_ms=1783930778129
[metrics:log] scene=log type=Log processed=390 failed=0 ts_queue=0 ts_max_queue=7 rust_queue=0 rust_max_queue=7 backpressure=0 slow_disconnects=0 update_ms=0.00 handler_ms=0.00 max_handler_ms=1.00 total_handler_ms=13.00
