starting process log with one V8 and 1 scene(s) from E:\VsCode\skynet\ets_runtime\perf\results\runtime_configs\map_capacity_20260713_081609\195p_8g_r3\log.json
scene log (Log) listening on 127.0.0.1:7100
[process:log] one V8 started with 1 scene(s)
[log] Log scene started at 127.0.0.1:7100
log accepted 127.0.0.1:51009 as conn 1
log accepted 127.0.0.1:51061 as conn 2
[log] [login_1] perf_8g_10_195_0_1783930780418 login count 1
[log] [login_1] perf_8g_10_195_1_1783930780419 login count 1
[log] [login_1] perf_8g_10_195_3_1783930780419 login count 1
[log] [login_1] perf_8g_10_195_5_1783930780419 login count 1
[log] [login_1] perf_8g_10_195_2_1783930780419 login count 1
[log] [login_1] perf_8g_10_195_6_1783930780419 login count 1
[log] [login_1] perf_8g_10_195_7_1783930780419 login count 1
[log] [login_1] perf_8g_10_195_8_1783930780419 login count 1
[log] [login_1] perf_8g_10_195_10_1783930780419 login count 1
[log] [login_1] perf_8g_10_195_11_1783930780419 login count 1
[log] [login_1] perf_8g_10_195_12_1783930780419 login count 1
[log] [login_1] perf_8g_10_195_14_1783930780419 login count 1
[log] [login_1] perf_8g_10_195_4_1783930780419 login count 1
[log] [login_1] perf_8g_10_195_13_1783930780419 login count 1
[log] [login_1] perf_8g_10_195_15_1783930780419 login count 1
[log] [login_1] perf_8g_10_195_9_1783930780419 login count 1
log accepted 127.0.0.1:51087 as conn 3
[log] [gate_1] perf_8g_10_195_0_1783930780418 enter map_1 as unit 1000
log accepted 127.0.0.1:51097 as conn 4
log accepted 127.0.0.1:51098 as conn 5
log accepted 127.0.0.1:51099 as conn 6
log accepted 127.0.0.1:51100 as conn 7
log accepted 127.0.0.1:51101 as conn 8
log accepted 127.0.0.1:51102 as conn 9
[log] [gate_2] perf_8g_10_195_1_1783930780419 enter map_1 as unit 1004
log accepted 127.0.0.1:51103 as conn 10
[log] [gate_4] perf_8g_10_195_5_1783930780419 enter map_1 as unit 1002
[log] [gate_3] perf_8g_10_195_3_1783930780419 enter map_1 as unit 1003
[log] [gate_6] perf_8g_10_195_6_1783930780419 enter map_1 as unit 1007
[log] [login_1] perf_8g_10_195_16_1783930780442 login count 1
[log] [gate_7] perf_8g_10_195_7_1783930780419 enter map_1 as unit 1001
[log] [gate_8] perf_8g_10_195_8_1783930780419 enter map_1 as unit 1005
[log] [gate_1] perf_8g_10_195_10_1783930780419 enter map_1 as unit 1008
[log] [gate_5] perf_8g_10_195_2_1783930780419 enter map_1 as unit 1006
[log] [gate_7] perf_8g_10_195_15_1783930780419 enter map_1 as unit 1009
[log] [login_1] perf_8g_10_195_17_1783930780445 login count 1
[log] [gate_5] perf_8g_10_195_4_1783930780419 enter map_1 as unit 1010
[log] [gate_2] perf_8g_10_195_11_1783930780419 enter map_1 as unit 1013
[log] [gate_8] perf_8g_10_195_9_1783930780419 enter map_1 as unit 1011
[log] [gate_4] perf_8g_10_195_14_1783930780419 enter map_1 as unit 1015
[log] [gate_6] perf_8g_10_195_13_1783930780419 enter map_1 as unit 1014
[log] [gate_3] perf_8g_10_195_12_1783930780419 enter map_1 as unit 1012
[log] [gate_1] perf_8g_10_195_16_1783930780442 enter map_1 as unit 1016
[log] [login_1] perf_8g_10_195_18_1783930780446 login count 1
[log] [login_1] perf_8g_10_195_19_1783930780447 login count 1
[log] [gate_2] perf_8g_10_195_17_1783930780445 enter map_1 as unit 1017
[log] [gate_3] perf_8g_10_195_18_1783930780446 enter map_1 as unit 1018
[log] [gate_4] perf_8g_10_195_19_1783930780447 enter map_1 as unit 1019
[log] [login_1] perf_8g_10_195_20_1783930780449 login count 1
[log] [login_1] perf_8g_10_195_21_1783930780449 login count 1
[log] [login_1] perf_8g_10_195_22_1783930780449 login count 1
[log] [login_1] perf_8g_10_195_25_1783930780450 login count 1
[log] [login_1] perf_8g_10_195_24_1783930780450 login count 1
[log] [login_1] perf_8g_10_195_23_1783930780449 login count 1
[log] [login_1] perf_8g_10_195_26_1783930780450 login count 1
[log] [login_1] perf_8g_10_195_27_1783930780450 login count 1
[log] [login_1] perf_8g_10_195_28_1783930780451 login count 1
[log] [login_1] perf_8g_10_195_29_1783930780451 login count 1
[log] [login_1] perf_8g_10_195_30_1783930780451 login count 1
[log] [login_1] perf_8g_10_195_31_1783930780452 login count 1
[log] [login_1] perf_8g_10_195_32_1783930780452 login count 1
[log] [login_1] perf_8g_10_195_33_1783930780453 login count 1
[log] [login_1] perf_8g_10_195_34_1783930780457 login count 1
[log] [login_1] perf_8g_10_195_35_1783930780458 login count 1
[log] [gate_5] perf_8g_10_195_20_1783930780449 enter map_1 as unit 1020
[log] [gate_4] perf_8g_10_195_27_1783930780450 enter map_1 as unit 1025
[log] [gate_3] perf_8g_10_195_26_1783930780450 enter map_1 as unit 1024
[log] [gate_2] perf_8g_10_195_23_1783930780449 enter map_1 as unit 1026
[log] [gate_1] perf_8g_10_195_24_1783930780450 enter map_1 as unit 1022
[log] [gate_6] perf_8g_10_195_21_1783930780449 enter map_1 as unit 1021
[log] [gate_8] perf_8g_10_195_25_1783930780450 enter map_1 as unit 1023
[log] [gate_5] perf_8g_10_195_28_1783930780451 enter map_1 as unit 1028
[log] [gate_7] perf_8g_10_195_22_1783930780449 enter map_1 as unit 1027
[log] [gate_2] perf_8g_10_195_33_1783930780453 enter map_1 as unit 1029
[log] [gate_1] perf_8g_10_195_32_1783930780452 enter map_1 as unit 1031
[log] [gate_8] perf_8g_10_195_31_1783930780452 enter map_1 as unit 1032
[log] [gate_6] perf_8g_10_195_29_1783930780451 enter map_1 as unit 1030
[log] [login_1] perf_8g_10_195_36_1783930780467 login count 1
[log] [login_1] perf_8g_10_195_37_1783930780468 login count 1
[log] [login_1] perf_8g_10_195_38_1783930780469 login count 1
[log] [login_1] perf_8g_10_195_39_1783930780469 login count 1
[log] [gate_4] perf_8g_10_195_35_1783930780458 enter map_1 as unit 1035
[log] [gate_7] perf_8g_10_195_30_1783930780451 enter map_1 as unit 1034
[log] [login_1] perf_8g_10_195_40_1783930780469 login count 1
[log] [gate_3] perf_8g_10_195_34_1783930780457 enter map_1 as unit 1033
[log] [login_1] perf_8g_10_195_41_1783930780469 login count 1
[log] [login_1] perf_8g_10_195_42_1783930780472 login count 1
[log] [login_1] perf_8g_10_195_43_1783930780472 login count 1
[log] [gate_5] perf_8g_10_195_36_1783930780467 enter map_1 as unit 1036
[log] [login_1] perf_8g_10_195_44_1783930780472 login count 1
[log] [login_1] perf_8g_10_195_45_1783930780472 login count 1
[log] [login_1] perf_8g_10_195_46_1783930780473 login count 1
[log] [login_1] perf_8g_10_195_47_1783930780473 login count 1
[log] [login_1] perf_8g_10_195_48_1783930780475 login count 1
[log] [login_1] perf_8g_10_195_49_1783930780475 login count 1
[log] [login_1] perf_8g_10_195_50_1783930780475 login count 1
[log] [login_1] perf_8g_10_195_51_1783930780475 login count 1
[log] [gate_8] perf_8g_10_195_39_1783930780469 enter map_1 as unit 1038
[log] [gate_7] perf_8g_10_195_38_1783930780469 enter map_1 as unit 1039
[log] [gate_1] perf_8g_10_195_40_1783930780469 enter map_1 as unit 1040
[log] [gate_6] perf_8g_10_195_37_1783930780468 enter map_1 as unit 1037
[log] [gate_2] perf_8g_10_195_41_1783930780469 enter map_1 as unit 1041
[log] [gate_3] perf_8g_10_195_42_1783930780472 enter map_1 as unit 1042
[log] [login_1] perf_8g_10_195_52_1783930780480 login count 1
[log] [gate_5] perf_8g_10_195_44_1783930780472 enter map_1 as unit 1044
[log] [gate_4] perf_8g_10_195_43_1783930780472 enter map_1 as unit 1043
[log] [gate_8] perf_8g_10_195_47_1783930780473 enter map_1 as unit 1046
[log] [gate_6] perf_8g_10_195_45_1783930780472 enter map_1 as unit 1045
[log] [gate_1] perf_8g_10_195_48_1783930780475 enter map_1 as unit 1048
[log] [gate_7] perf_8g_10_195_46_1783930780473 enter map_1 as unit 1047
[log] [login_1] perf_8g_10_195_53_1783930780483 login count 1
[log] [gate_2] perf_8g_10_195_49_1783930780475 enter map_1 as unit 1049
[log] [gate_3] perf_8g_10_195_50_1783930780475 enter map_1 as unit 1050
[log] [login_1] perf_8g_10_195_54_1783930780483 login count 1
[log] [login_1] perf_8g_10_195_55_1783930780484 login count 1
[log] [login_1] perf_8g_10_195_56_1783930780484 login count 1
[log] [login_1] perf_8g_10_195_57_1783930780485 login count 1
[log] [gate_4] perf_8g_10_195_51_1783930780475 enter map_1 as unit 1051
[log] [login_1] perf_8g_10_195_58_1783930780485 login count 1
[log] [gate_5] perf_8g_10_195_52_1783930780480 enter map_1 as unit 1052
[log] [login_1] perf_8g_10_195_59_1783930780488 login count 1
[log] [login_1] perf_8g_10_195_60_1783930780488 login count 1
[log] [login_1] perf_8g_10_195_61_1783930780490 login count 1
[log] [login_1] perf_8g_10_195_62_1783930780490 login count 1
[log] [login_1] perf_8g_10_195_63_1783930780490 login count 1
[log] [login_1] perf_8g_10_195_64_1783930780491 login count 1
[log] [gate_7] perf_8g_10_195_54_1783930780483 enter map_1 as unit 1054
[log] [login_1] perf_8g_10_195_65_1783930780493 login count 1
[log] [login_1] perf_8g_10_195_66_1783930780493 login count 1
[log] [gate_6] perf_8g_10_195_53_1783930780483 enter map_1 as unit 1053
[log] [login_1] perf_8g_10_195_67_1783930780494 login count 1
[log] [login_1] perf_8g_10_195_68_1783930780495 login count 1
[log] [gate_8] perf_8g_10_195_55_1783930780484 enter map_1 as unit 1056
[log] [gate_2] perf_8g_10_195_57_1783930780485 enter map_1 as unit 1057
[log] [gate_1] perf_8g_10_195_56_1783930780484 enter map_1 as unit 1055
[log] [gate_3] perf_8g_10_195_58_1783930780485 enter map_1 as unit 1058
[log] [gate_4] perf_8g_10_195_59_1783930780488 enter map_1 as unit 1059
[log] [gate_5] perf_8g_10_195_60_1783930780488 enter map_1 as unit 1060
[log] [gate_6] perf_8g_10_195_61_1783930780490 enter map_1 as unit 1061
[log] [gate_7] perf_8g_10_195_62_1783930780490 enter map_1 as unit 1062
[log] [login_1] perf_8g_10_195_69_1783930780501 login count 1
[log] [login_1] perf_8g_10_195_70_1783930780501 login count 1
[log] [gate_2] perf_8g_10_195_65_1783930780493 enter map_1 as unit 1065
[log] [gate_1] perf_8g_10_195_64_1783930780491 enter map_1 as unit 1063
[log] [gate_8] perf_8g_10_195_63_1783930780490 enter map_1 as unit 1064
[log] [login_1] perf_8g_10_195_71_1783930780503 login count 1
[log] [login_1] perf_8g_10_195_72_1783930780504 login count 1
[log] [login_1] perf_8g_10_195_73_1783930780504 login count 1
[log] [gate_3] perf_8g_10_195_66_1783930780493 enter map_1 as unit 1066
[log] [gate_4] perf_8g_10_195_67_1783930780494 enter map_1 as unit 1067
[log] [gate_5] perf_8g_10_195_68_1783930780495 enter map_1 as unit 1068
[log] [login_1] perf_8g_10_195_74_1783930780506 login count 1
[log] [login_1] perf_8g_10_195_75_1783930780507 login count 1
[log] [login_1] perf_8g_10_195_76_1783930780507 login count 1
[log] [login_1] perf_8g_10_195_77_1783930780508 login count 1
[log] [gate_6] perf_8g_10_195_69_1783930780501 enter map_1 as unit 1069
[log] [login_1] perf_8g_10_195_78_1783930780509 login count 1
[log] [gate_7] perf_8g_10_195_70_1783930780501 enter map_1 as unit 1070
[log] [gate_8] perf_8g_10_195_71_1783930780503 enter map_1 as unit 1071
[log] [login_1] perf_8g_10_195_79_1783930780512 login count 1
[log] [login_1] perf_8g_10_195_80_1783930780512 login count 1
[log] [gate_1] perf_8g_10_195_72_1783930780504 enter map_1 as unit 1072
[log] [login_1] perf_8g_10_195_81_1783930780513 login count 1
[log] [gate_2] perf_8g_10_195_73_1783930780504 enter map_1 as unit 1073
[log] [gate_3] perf_8g_10_195_74_1783930780506 enter map_1 as unit 1074
[log] [login_1] perf_8g_10_195_82_1783930780514 login count 1
[log] [login_1] perf_8g_10_195_83_1783930780514 login count 1
[log] [login_1] perf_8g_10_195_84_1783930780515 login count 1
[log] [gate_4] perf_8g_10_195_75_1783930780507 enter map_1 as unit 1075
[log] [gate_5] perf_8g_10_195_76_1783930780507 enter map_1 as unit 1076
[log] [gate_6] perf_8g_10_195_77_1783930780508 enter map_1 as unit 1077
[log] [gate_7] perf_8g_10_195_78_1783930780509 enter map_1 as unit 1078
[log] [login_1] perf_8g_10_195_85_1783930780519 login count 1
[log] [gate_8] perf_8g_10_195_79_1783930780512 enter map_1 as unit 1079
[log] [login_1] perf_8g_10_195_86_1783930780522 login count 1
[log] [gate_1] perf_8g_10_195_80_1783930780512 enter map_1 as unit 1080
[log] [login_1] perf_8g_10_195_87_1783930780523 login count 1
[log] [gate_2] perf_8g_10_195_81_1783930780513 enter map_1 as unit 1081
[log] [login_1] perf_8g_10_195_88_1783930780524 login count 1
[log] [gate_3] perf_8g_10_195_82_1783930780514 enter map_1 as unit 1082
[log] [login_1] perf_8g_10_195_89_1783930780526 login count 1
[log] [gate_4] perf_8g_10_195_83_1783930780514 enter map_1 as unit 1083
[log] [gate_5] perf_8g_10_195_84_1783930780515 enter map_1 as unit 1084
[log] [login_1] perf_8g_10_195_90_1783930780527 login count 1
[log] [login_1] perf_8g_10_195_91_1783930780530 login count 1
[log] [login_1] perf_8g_10_195_92_1783930780530 login count 1
[log] [login_1] perf_8g_10_195_93_1783930780531 login count 1
[log] [gate_6] perf_8g_10_195_85_1783930780519 enter map_1 as unit 1085
[log] [login_1] perf_8g_10_195_94_1783930780532 login count 1
[log] [gate_7] perf_8g_10_195_86_1783930780522 enter map_1 as unit 1086
[log] [login_1] perf_8g_10_195_95_1783930780534 login count 1
[log] [gate_8] perf_8g_10_195_87_1783930780523 enter map_1 as unit 1087
[log] [login_1] perf_8g_10_195_96_1783930780535 login count 1
[log] [gate_1] perf_8g_10_195_88_1783930780524 enter map_1 as unit 1088
[log] [gate_2] perf_8g_10_195_89_1783930780526 enter map_1 as unit 1089
[log] [login_1] perf_8g_10_195_97_1783930780538 login count 1
[log] [gate_3] perf_8g_10_195_90_1783930780527 enter map_1 as unit 1090
[log] [login_1] perf_8g_10_195_98_1783930780539 login count 1
[log] [login_1] perf_8g_10_195_99_1783930780540 login count 1
[log] [login_1] perf_8g_10_195_100_1783930780540 login count 1
[log] [gate_4] perf_8g_10_195_91_1783930780530 enter map_1 as unit 1091
[log] [gate_5] perf_8g_10_195_92_1783930780530 enter map_1 as unit 1092
[log] [gate_6] perf_8g_10_195_93_1783930780531 enter map_1 as unit 1093
[log] [login_1] perf_8g_10_195_101_1783930780545 login count 1
[log] [gate_7] perf_8g_10_195_94_1783930780532 enter map_1 as unit 1094
[log] [gate_8] perf_8g_10_195_95_1783930780534 enter map_1 as unit 1095
[log] [login_1] perf_8g_10_195_102_1783930780548 login count 1
[log] [gate_1] perf_8g_10_195_96_1783930780535 enter map_1 as unit 1096
[log] [login_1] perf_8g_10_195_103_1783930780549 login count 1
[log] [gate_2] perf_8g_10_195_97_1783930780538 enter map_1 as unit 1097
[log] [login_1] perf_8g_10_195_104_1783930780550 login count 1
[log] [login_1] perf_8g_10_195_105_1783930780550 login count 1
[log] [gate_3] perf_8g_10_195_98_1783930780539 enter map_1 as unit 1098
[log] [login_1] perf_8g_10_195_106_1783930780552 login count 1
[log] [gate_4] perf_8g_10_195_99_1783930780540 enter map_1 as unit 1099
[log] [gate_5] perf_8g_10_195_100_1783930780540 enter map_1 as unit 1100
[log] [login_1] perf_8g_10_195_107_1783930780556 login count 1
[log] [gate_6] perf_8g_10_195_101_1783930780545 enter map_1 as unit 1101
[log] [login_1] perf_8g_10_195_108_1783930780558 login count 1
[log] [login_1] perf_8g_10_195_109_1783930780559 login count 1
[log] [gate_7] perf_8g_10_195_102_1783930780548 enter map_1 as unit 1102
[log] [login_1] perf_8g_10_195_110_1783930780560 login count 1
[log] [login_1] perf_8g_10_195_111_1783930780562 login count 1
[log] [gate_8] perf_8g_10_195_103_1783930780549 enter map_1 as unit 1103
[log] [gate_1] perf_8g_10_195_104_1783930780550 enter map_1 as unit 1104
[log] [login_1] perf_8g_10_195_112_1783930780562 login count 1
[log] [login_1] perf_8g_10_195_113_1783930780564 login count 1
[log] [gate_2] perf_8g_10_195_105_1783930780550 enter map_1 as unit 1105
[log] [login_1] perf_8g_10_195_114_1783930780566 login count 1
[log] [gate_3] perf_8g_10_195_106_1783930780552 enter map_1 as unit 1106
[log] [login_1] perf_8g_10_195_115_1783930780568 login count 1
[log] [gate_4] perf_8g_10_195_107_1783930780556 enter map_1 as unit 1107
[log] [login_1] perf_8g_10_195_116_1783930780569 login count 1
[log] [gate_5] perf_8g_10_195_108_1783930780558 enter map_1 as unit 1108
[log] [gate_6] perf_8g_10_195_109_1783930780559 enter map_1 as unit 1109
[log] [login_1] perf_8g_10_195_117_1783930780573 login count 1
[log] [gate_7] perf_8g_10_195_110_1783930780560 enter map_1 as unit 1110
[log] [login_1] perf_8g_10_195_118_1783930780574 login count 1
[log] [gate_8] perf_8g_10_195_111_1783930780562 enter map_1 as unit 1111
[log] [gate_1] perf_8g_10_195_112_1783930780562 enter map_1 as unit 1112
[log] [login_1] perf_8g_10_195_119_1783930780578 login count 1
[log] [gate_2] perf_8g_10_195_113_1783930780564 enter map_1 as unit 1113
[log] [login_1] perf_8g_10_195_120_1783930780579 login count 1
[log] [gate_3] perf_8g_10_195_114_1783930780566 enter map_1 as unit 1114
[log] [login_1] perf_8g_10_195_121_1783930780581 login count 1
[log] [gate_4] perf_8g_10_195_115_1783930780568 enter map_1 as unit 1115
[log] [login_1] perf_8g_10_195_122_1783930780583 login count 1
[log] [gate_5] perf_8g_10_195_116_1783930780569 enter map_1 as unit 1116
[log] [login_1] perf_8g_10_195_123_1783930780586 login count 1
[log] [gate_6] perf_8g_10_195_117_1783930780573 enter map_1 as unit 1117
[log] [login_1] perf_8g_10_195_124_1783930780589 login count 1
[log] [login_1] perf_8g_10_195_125_1783930780591 login count 1
[log] [gate_7] perf_8g_10_195_118_1783930780574 enter map_1 as unit 1118
[log] [login_1] perf_8g_10_195_126_1783930780592 login count 1
[log] [gate_8] perf_8g_10_195_119_1783930780578 enter map_1 as unit 1119
[log] [login_1] perf_8g_10_195_127_1783930780595 login count 1
[log] [gate_1] perf_8g_10_195_120_1783930780579 enter map_1 as unit 1120
[log] [login_1] perf_8g_10_195_128_1783930780596 login count 1
[log] [login_1] perf_8g_10_195_129_1783930780597 login count 1
[log] [gate_2] perf_8g_10_195_121_1783930780581 enter map_1 as unit 1121
[log] [login_1] perf_8g_10_195_130_1783930780600 login count 1
[log] [gate_3] perf_8g_10_195_122_1783930780583 enter map_1 as unit 1122
[log] [login_1] perf_8g_10_195_131_1783930780603 login count 1
[log] [gate_4] perf_8g_10_195_123_1783930780586 enter map_1 as unit 1123
[log] [login_1] perf_8g_10_195_132_1783930780605 login count 1
[log] [gate_5] perf_8g_10_195_124_1783930780589 enter map_1 as unit 1124
[log] [login_1] perf_8g_10_195_133_1783930780608 login count 1
[log] [gate_6] perf_8g_10_195_125_1783930780591 enter map_1 as unit 1125
[log] [gate_7] perf_8g_10_195_126_1783930780592 enter map_1 as unit 1126
[log] [login_1] perf_8g_10_195_134_1783930780611 login count 1
[log] [gate_8] perf_8g_10_195_127_1783930780595 enter map_1 as unit 1127
[log] [gate_1] perf_8g_10_195_128_1783930780596 enter map_1 as unit 1128
[log] [login_1] perf_8g_10_195_135_1783930780614 login count 1
[log] [gate_2] perf_8g_10_195_129_1783930780597 enter map_1 as unit 1129
[log] [login_1] perf_8g_10_195_136_1783930780617 login count 1
[log] [login_1] perf_8g_10_195_137_1783930780618 login count 1
[log] [gate_3] perf_8g_10_195_130_1783930780600 enter map_1 as unit 1130
[log] [login_1] perf_8g_10_195_138_1783930780622 login count 1
[log] [gate_4] perf_8g_10_195_131_1783930780603 enter map_1 as unit 1131
[log] [login_1] perf_8g_10_195_139_1783930780625 login count 1
[log] [login_1] perf_8g_10_195_140_1783930780627 login count 1
[log] [login_1] perf_8g_10_195_141_1783930780631 login count 1
[log] [login_1] perf_8g_10_195_142_1783930780633 login count 1
[log] [gate_5] perf_8g_10_195_132_1783930780605 enter map_1 as unit 1132
[log] [gate_6] perf_8g_10_195_133_1783930780608 enter map_1 as unit 1133
[log] [login_1] perf_8g_10_195_143_1783930780635 login count 1
[log] [login_1] perf_8g_10_195_144_1783930780636 login count 1
[log] [gate_8] perf_8g_10_195_135_1783930780614 enter map_1 as unit 1135
[log] [login_1] perf_8g_10_195_145_1783930780639 login count 1
[log] [gate_7] perf_8g_10_195_134_1783930780611 enter map_1 as unit 1134
[log] [login_1] perf_8g_10_195_146_1783930780641 login count 1
[log] [login_1] perf_8g_10_195_147_1783930780645 login count 1
[log] [gate_2] perf_8g_10_195_137_1783930780618 enter map_1 as unit 1137
[log] [gate_1] perf_8g_10_195_136_1783930780617 enter map_1 as unit 1136
[log] [login_1] perf_8g_10_195_148_1783930780650 login count 1
[log] [login_1] perf_8g_10_195_149_1783930780650 login count 1
[log] [login_1] perf_8g_10_195_150_1783930780654 login count 1
[log] [login_1] perf_8g_10_195_151_1783930780654 login count 1
[log] [login_1] perf_8g_10_195_152_1783930780659 login count 1
[log] [login_1] perf_8g_10_195_153_1783930780659 login count 1
[log] [gate_7] perf_8g_10_195_142_1783930780633 enter map_1 as unit 1142
[log] [gate_5] perf_8g_10_195_140_1783930780627 enter map_1 as unit 1140
[log] [gate_4] perf_8g_10_195_139_1783930780625 enter map_1 as unit 1139
[log] [gate_6] perf_8g_10_195_141_1783930780631 enter map_1 as unit 1141
[log] [gate_3] perf_8g_10_195_138_1783930780622 enter map_1 as unit 1138
[log] [gate_8] perf_8g_10_195_143_1783930780635 enter map_1 as unit 1143
[log] [gate_2] perf_8g_10_195_145_1783930780639 enter map_1 as unit 1145
[log] [gate_1] perf_8g_10_195_144_1783930780636 enter map_1 as unit 1144
[log] [login_1] perf_8g_10_195_154_1783930780669 login count 1
[log] [login_1] perf_8g_10_195_155_1783930780670 login count 1
[log] [login_1] perf_8g_10_195_156_1783930780671 login count 1
[log] [login_1] perf_8g_10_195_157_1783930780672 login count 1
[log] [login_1] perf_8g_10_195_158_1783930780673 login count 1
[log] [login_1] perf_8g_10_195_159_1783930780676 login count 1
[log] [login_1] perf_8g_10_195_160_1783930780677 login count 1
[log] [login_1] perf_8g_10_195_161_1783930780678 login count 1
[log] [gate_5] perf_8g_10_195_148_1783930780650 enter map_1 as unit 1146
[log] [gate_7] perf_8g_10_195_150_1783930780654 enter map_1 as unit 1148
[log] [gate_6] perf_8g_10_195_149_1783930780650 enter map_1 as unit 1147
[log] [gate_4] perf_8g_10_195_147_1783930780645 enter map_1 as unit 1150
[log] [gate_3] perf_8g_10_195_146_1783930780641 enter map_1 as unit 1149
[log] [gate_8] perf_8g_10_195_151_1783930780654 enter map_1 as unit 1153
[log] [gate_1] perf_8g_10_195_152_1783930780659 enter map_1 as unit 1152
[log] [gate_2] perf_8g_10_195_153_1783930780659 enter map_1 as unit 1151
[log] [login_1] perf_8g_10_195_162_1783930780687 login count 1
[log] [login_1] perf_8g_10_195_163_1783930780687 login count 1
[log] [login_1] perf_8g_10_195_164_1783930780688 login count 1
[log] [login_1] perf_8g_10_195_165_1783930780689 login count 1
[log] [login_1] perf_8g_10_195_166_1783930780690 login count 1
[log] [login_1] perf_8g_10_195_167_1783930780693 login count 1
[log] [login_1] perf_8g_10_195_168_1783930780694 login count 1
[log] [login_1] perf_8g_10_195_169_1783930780695 login count 1
[log] [gate_6] perf_8g_10_195_157_1783930780672 enter map_1 as unit 1157
[log] [gate_7] perf_8g_10_195_158_1783930780673 enter map_1 as unit 1154
[log] [gate_4] perf_8g_10_195_155_1783930780670 enter map_1 as unit 1158
[log] [gate_3] perf_8g_10_195_154_1783930780669 enter map_1 as unit 1156
[log] [gate_5] perf_8g_10_195_156_1783930780671 enter map_1 as unit 1155
[log] [gate_2] perf_8g_10_195_161_1783930780678 enter map_1 as unit 1161
[log] [gate_8] perf_8g_10_195_159_1783930780676 enter map_1 as unit 1159
[log] [gate_1] perf_8g_10_195_160_1783930780677 enter map_1 as unit 1160
[log] [login_1] perf_8g_10_195_170_1783930780704 login count 1
[log] [login_1] perf_8g_10_195_172_1783930780707 login count 1
[log] [login_1] perf_8g_10_195_173_1783930780708 login count 1
[log] [login_1] perf_8g_10_195_171_1783930780706 login count 1
[log] [login_1] perf_8g_10_195_174_1783930780709 login count 1
[log] [login_1] perf_8g_10_195_175_1783930780713 login count 1
[log] [login_1] perf_8g_10_195_176_1783930780715 login count 1
[log] [login_1] perf_8g_10_195_177_1783930780716 login count 1
[log] [gate_4] perf_8g_10_195_163_1783930780687 enter map_1 as unit 1162
[log] [gate_3] perf_8g_10_195_162_1783930780687 enter map_1 as unit 1165
[log] [gate_6] perf_8g_10_195_165_1783930780689 enter map_1 as unit 1163
[log] [gate_5] perf_8g_10_195_164_1783930780688 enter map_1 as unit 1164
[log] [gate_7] perf_8g_10_195_166_1783930780690 enter map_1 as unit 1166
[log] [gate_1] perf_8g_10_195_168_1783930780694 enter map_1 as unit 1167
[log] [gate_2] perf_8g_10_195_169_1783930780695 enter map_1 as unit 1168
[log] [gate_8] perf_8g_10_195_167_1783930780693 enter map_1 as unit 1169
[log] [login_1] perf_8g_10_195_178_1783930780726 login count 1
[log] [login_1] perf_8g_10_195_179_1783930780727 login count 1
[log] [login_1] perf_8g_10_195_180_1783930780728 login count 1
[log] [login_1] perf_8g_10_195_181_1783930780729 login count 1
[log] [login_1] perf_8g_10_195_182_1783930780729 login count 1
[log] [login_1] perf_8g_10_195_183_1783930780733 login count 1
[log] [login_1] perf_8g_10_195_184_1783930780734 login count 1
[log] [login_1] perf_8g_10_195_185_1783930780736 login count 1
[log] [gate_6] perf_8g_10_195_171_1783930780706 enter map_1 as unit 1174
[log] [gate_7] perf_8g_10_195_174_1783930780709 enter map_1 as unit 1170
[log] [gate_5] perf_8g_10_195_173_1783930780708 enter map_1 as unit 1171
[log] [gate_3] perf_8g_10_195_170_1783930780704 enter map_1 as unit 1172
[log] [gate_4] perf_8g_10_195_172_1783930780707 enter map_1 as unit 1173
[log] [login_1] perf_8g_10_195_186_1783930780744 login count 1
[log] [gate_8] perf_8g_10_195_175_1783930780713 enter map_1 as unit 1177
[log] [gate_1] perf_8g_10_195_176_1783930780715 enter map_1 as unit 1175
[log] [gate_2] perf_8g_10_195_177_1783930780716 enter map_1 as unit 1176
[log] [login_1] perf_8g_10_195_187_1783930780745 login count 1
[log] [login_1] perf_8g_10_195_188_1783930780746 login count 1
[log] [login_1] perf_8g_10_195_189_1783930780747 login count 1
[log] [login_1] perf_8g_10_195_190_1783930780747 login count 1
[log] [login_1] perf_8g_10_195_192_1783930780754 login count 1
[log] [login_1] perf_8g_10_195_191_1783930780754 login count 1
[log] [login_1] perf_8g_10_195_193_1783930780755 login count 1
[log] [gate_6] perf_8g_10_195_181_1783930780729 enter map_1 as unit 1178
[log] [gate_7] perf_8g_10_195_182_1783930780729 enter map_1 as unit 1180
[log] [gate_3] perf_8g_10_195_178_1783930780726 enter map_1 as unit 1181
[log] [gate_5] perf_8g_10_195_180_1783930780728 enter map_1 as unit 1182
[log] [gate_4] perf_8g_10_195_179_1783930780727 enter map_1 as unit 1179
[log] [login_1] perf_8g_10_195_194_1783930780767 login count 1
[log] [gate_2] perf_8g_10_195_185_1783930780736 enter map_1 as unit 1184
[log] [gate_8] perf_8g_10_195_183_1783930780733 enter map_1 as unit 1183
[log] [gate_1] perf_8g_10_195_184_1783930780734 enter map_1 as unit 1185
[log] [gate_3] perf_8g_10_195_186_1783930780744 enter map_1 as unit 1188
[log] [gate_7] perf_8g_10_195_190_1783930780747 enter map_1 as unit 1189
[log] [gate_5] perf_8g_10_195_188_1783930780746 enter map_1 as unit 1186
[log] [gate_4] perf_8g_10_195_187_1783930780745 enter map_1 as unit 1190
[log] [gate_6] perf_8g_10_195_189_1783930780747 enter map_1 as unit 1187
[log] [gate_1] perf_8g_10_195_191_1783930780754 enter map_1 as unit 1192
[log] [gate_2] perf_8g_10_195_193_1783930780755 enter map_1 as unit 1191
[log] [gate_8] perf_8g_10_195_192_1783930780754 enter map_1 as unit 1193
[log] [gate_3] perf_8g_10_195_194_1783930780767 enter map_1 as unit 1194
[metrics:inner_transport] active=0 opened=0 pending=0 max_pending=0 overloads=0 timeouts=0 disconnected_calls=0 late_responses=0 idle_closes=0
[process-metrics] process=log cpu_percent=1.24 cpu_time_ms=93 rss_bytes=36851712 v8_heap_used_bytes=2655264 v8_heap_total_bytes=6037504 v8_gc_count=3 v8_gc_ms=0.718 timestamp_ms=1783930785170
[metrics:log] scene=log type=Log processed=390 failed=0 ts_queue=0 ts_max_queue=8 rust_queue=0 rust_max_queue=8 backpressure=0 slow_disconnects=0 update_ms=0.00 handler_ms=0.00 max_handler_ms=1.00 total_handler_ms=11.00
[metrics:inner_transport] active=0 opened=0 pending=0 max_pending=0 overloads=0 timeouts=0 disconnected_calls=0 late_responses=0 idle_closes=0
[process-metrics] process=log cpu_percent=0.63 cpu_time_ms=125 rss_bytes=36868096 v8_heap_used_bytes=2793960 v8_heap_total_bytes=6037504 v8_gc_count=3 v8_gc_ms=0.718 timestamp_ms=1783930790224
[metrics:log] scene=log type=Log processed=390 failed=0 ts_queue=0 ts_max_queue=8 rust_queue=0 rust_max_queue=8 backpressure=0 slow_disconnects=0 update_ms=0.00 handler_ms=0.00 max_handler_ms=1.00 total_handler_ms=11.00
[metrics:inner_transport] active=0 opened=0 pending=0 max_pending=0 overloads=0 timeouts=0 disconnected_calls=0 late_responses=0 idle_closes=0
[process-metrics] process=log cpu_percent=0.00 cpu_time_ms=125 rss_bytes=37187584 v8_heap_used_bytes=2949880 v8_heap_total_bytes=6037504 v8_gc_count=3 v8_gc_ms=0.718 timestamp_ms=1783930795314
[metrics:log] scene=log type=Log processed=390 failed=0 ts_queue=0 ts_max_queue=8 rust_queue=0 rust_max_queue=8 backpressure=0 slow_disconnects=0 update_ms=0.00 handler_ms=0.00 max_handler_ms=1.00 total_handler_ms=11.00
[metrics:inner_transport] active=0 opened=0 pending=0 max_pending=0 overloads=0 timeouts=0 disconnected_calls=0 late_responses=0 idle_closes=0
[process-metrics] process=log cpu_percent=0.62 cpu_time_ms=156 rss_bytes=37298176 v8_heap_used_bytes=3077888 v8_heap_total_bytes=6299648 v8_gc_count=3 v8_gc_ms=0.718 timestamp_ms=1783930800316
[metrics:log] scene=log type=Log processed=390 failed=0 ts_queue=0 ts_max_queue=8 rust_queue=0 rust_max_queue=8 backpressure=0 slow_disconnects=0 update_ms=0.00 handler_ms=0.00 max_handler_ms=1.00 total_handler_ms=11.00
[metrics:inner_transport] active=0 opened=0 pending=0 max_pending=0 overloads=0 timeouts=0 disconnected_calls=0 late_responses=0 idle_closes=0
[process-metrics] process=log cpu_percent=0.30 cpu_time_ms=171 rss_bytes=37453824 v8_heap_used_bytes=3205888 v8_heap_total_bytes=6299648 v8_gc_count=3 v8_gc_ms=0.718 timestamp_ms=1783930805335
[metrics:log] scene=log type=Log processed=390 failed=0 ts_queue=0 ts_max_queue=8 rust_queue=0 rust_max_queue=8 backpressure=0 slow_disconnects=0 update_ms=0.00 handler_ms=0.00 max_handler_ms=1.00 total_handler_ms=11.00
[metrics:inner_transport] active=0 opened=0 pending=0 max_pending=0 overloads=0 timeouts=0 disconnected_calls=0 late_responses=0 idle_closes=0
[process-metrics] process=log cpu_percent=0.64 cpu_time_ms=203 rss_bytes=37478400 v8_heap_used_bytes=3333920 v8_heap_total_bytes=6561792 v8_gc_count=3 v8_gc_ms=0.718 timestamp_ms=1783930810333
[metrics:log] scene=log type=Log processed=390 failed=0 ts_queue=0 ts_max_queue=8 rust_queue=0 rust_max_queue=8 backpressure=0 slow_disconnects=0 update_ms=0.00 handler_ms=0.00 max_handler_ms=1.00 total_handler_ms=11.00
[metrics:inner_transport] active=0 opened=0 pending=0 max_pending=0 overloads=0 timeouts=0 disconnected_calls=0 late_responses=0 idle_closes=0
[process-metrics] process=log cpu_percent=0.00 cpu_time_ms=203 rss_bytes=37789696 v8_heap_used_bytes=3466240 v8_heap_total_bytes=6561792 v8_gc_count=3 v8_gc_ms=0.718 timestamp_ms=1783930815333
[metrics:log] scene=log type=Log processed=390 failed=0 ts_queue=0 ts_max_queue=8 rust_queue=0 rust_max_queue=8 backpressure=0 slow_disconnects=0 update_ms=0.00 handler_ms=0.00 max_handler_ms=1.00 total_handler_ms=11.00
[metrics:inner_transport] active=0 opened=0 pending=0 max_pending=0 overloads=0 timeouts=0 disconnected_calls=0 late_responses=0 idle_closes=0
[process-metrics] process=log cpu_percent=0.00 cpu_time_ms=203 rss_bytes=37933056 v8_heap_used_bytes=3594544 v8_heap_total_bytes=6561792 v8_gc_count=3 v8_gc_ms=0.718 timestamp_ms=1783930820396
[metrics:log] scene=log type=Log processed=390 failed=0 ts_queue=0 ts_max_queue=8 rust_queue=0 rust_max_queue=8 backpressure=0 slow_disconnects=0 update_ms=0.00 handler_ms=0.00 max_handler_ms=1.00 total_handler_ms=11.00
