starting process map1 with one V8 and 1 scene(s) from E:\VsCode\skynet\ets_runtime\perf\results\runtime_configs\map_capacity_20260713_081609\195p_8g_r3\map1.json
scene map_1 (MapHost) listening on 127.0.0.1:7301
[process:map1] one V8 started with 1 scene(s)
[map_1] MapHost scene started at 127.0.0.1:7301
map_1 accepted 127.0.0.1:51010 as conn 1
map_1 accepted 127.0.0.1:51078 as conn 2
map_1 accepted 127.0.0.1:51080 as conn 3
map_1 accepted 127.0.0.1:51079 as conn 4
map_1 accepted 127.0.0.1:51081 as conn 5
map_1 accepted 127.0.0.1:51083 as conn 6
map_1 accepted 127.0.0.1:51084 as conn 7
map_1 accepted 127.0.0.1:51082 as conn 8
[map_1] perf_8g_10_195_0_1783930780418 enter map 1 unit 1000
map_1 accepted 127.0.0.1:51085 as conn 9
[map_1] perf_8g_10_195_7_1783930780419 enter map 1 unit 1001
[map_1] perf_8g_10_195_5_1783930780419 enter map 1 unit 1002
[map_1] perf_8g_10_195_3_1783930780419 enter map 1 unit 1003
[map_1] perf_8g_10_195_1_1783930780419 enter map 1 unit 1004
[map_1] perf_8g_10_195_8_1783930780419 enter map 1 unit 1005
[map_1] perf_8g_10_195_2_1783930780419 enter map 1 unit 1006
[map_1] perf_8g_10_195_6_1783930780419 enter map 1 unit 1007
[map_1] perf_8g_10_195_10_1783930780419 enter map 1 unit 1008
[map_1] perf_8g_10_195_15_1783930780419 enter map 1 unit 1009
[map_1] perf_8g_10_195_4_1783930780419 enter map 1 unit 1010
[map_1] perf_8g_10_195_9_1783930780419 enter map 1 unit 1011
[map_1] perf_8g_10_195_12_1783930780419 enter map 1 unit 1012
[map_1] perf_8g_10_195_11_1783930780419 enter map 1 unit 1013
[map_1] perf_8g_10_195_13_1783930780419 enter map 1 unit 1014
[map_1] perf_8g_10_195_14_1783930780419 enter map 1 unit 1015
[map_1] perf_8g_10_195_16_1783930780442 enter map 1 unit 1016
[map_1] perf_8g_10_195_17_1783930780445 enter map 1 unit 1017
[map_1] perf_8g_10_195_18_1783930780446 enter map 1 unit 1018
[map_1] perf_8g_10_195_19_1783930780447 enter map 1 unit 1019
[map_1] perf_8g_10_195_20_1783930780449 enter map 1 unit 1020
[map_1] perf_8g_10_195_21_1783930780449 enter map 1 unit 1021
[map_1] perf_8g_10_195_24_1783930780450 enter map 1 unit 1022
[map_1] perf_8g_10_195_25_1783930780450 enter map 1 unit 1023
[map_1] perf_8g_10_195_26_1783930780450 enter map 1 unit 1024
[map_1] perf_8g_10_195_23_1783930780449 enter map 1 unit 1026
[map_1] perf_8g_10_195_27_1783930780450 enter map 1 unit 1025
[map_1] perf_8g_10_195_22_1783930780449 enter map 1 unit 1027
[map_1] perf_8g_10_195_28_1783930780451 enter map 1 unit 1028
[map_1] perf_8g_10_195_33_1783930780453 enter map 1 unit 1029
[map_1] perf_8g_10_195_29_1783930780451 enter map 1 unit 1030
[map_1] perf_8g_10_195_32_1783930780452 enter map 1 unit 1031
[map_1] perf_8g_10_195_31_1783930780452 enter map 1 unit 1032
[map_1] perf_8g_10_195_34_1783930780457 enter map 1 unit 1033
[map_1] perf_8g_10_195_30_1783930780451 enter map 1 unit 1034
[map_1] perf_8g_10_195_35_1783930780458 enter map 1 unit 1035
[map_1] perf_8g_10_195_36_1783930780467 enter map 1 unit 1036
[map_1] perf_8g_10_195_37_1783930780468 enter map 1 unit 1037
[map_1] perf_8g_10_195_39_1783930780469 enter map 1 unit 1038
[map_1] perf_8g_10_195_38_1783930780469 enter map 1 unit 1039
[map_1] perf_8g_10_195_40_1783930780469 enter map 1 unit 1040
[map_1] perf_8g_10_195_41_1783930780469 enter map 1 unit 1041
[map_1] perf_8g_10_195_42_1783930780472 enter map 1 unit 1042
[map_1] perf_8g_10_195_43_1783930780472 enter map 1 unit 1043
[map_1] perf_8g_10_195_44_1783930780472 enter map 1 unit 1044
[map_1] perf_8g_10_195_45_1783930780472 enter map 1 unit 1045
[map_1] perf_8g_10_195_47_1783930780473 enter map 1 unit 1046
[map_1] perf_8g_10_195_48_1783930780475 enter map 1 unit 1048
[map_1] perf_8g_10_195_46_1783930780473 enter map 1 unit 1047
[map_1] perf_8g_10_195_49_1783930780475 enter map 1 unit 1049
[map_1] perf_8g_10_195_50_1783930780475 enter map 1 unit 1050
[map_1] perf_8g_10_195_51_1783930780475 enter map 1 unit 1051
[map_1] perf_8g_10_195_52_1783930780480 enter map 1 unit 1052
[map_1] perf_8g_10_195_53_1783930780483 enter map 1 unit 1053
[map_1] perf_8g_10_195_54_1783930780483 enter map 1 unit 1054
[map_1] perf_8g_10_195_56_1783930780484 enter map 1 unit 1055
[map_1] perf_8g_10_195_55_1783930780484 enter map 1 unit 1056
[map_1] perf_8g_10_195_57_1783930780485 enter map 1 unit 1057
[map_1] perf_8g_10_195_58_1783930780485 enter map 1 unit 1058
[map_1] perf_8g_10_195_59_1783930780488 enter map 1 unit 1059
[map_1] perf_8g_10_195_60_1783930780488 enter map 1 unit 1060
[map_1] perf_8g_10_195_61_1783930780490 enter map 1 unit 1061
[map_1] perf_8g_10_195_62_1783930780490 enter map 1 unit 1062
[map_1] perf_8g_10_195_64_1783930780491 enter map 1 unit 1063
[map_1] perf_8g_10_195_63_1783930780490 enter map 1 unit 1064
[map_1] perf_8g_10_195_65_1783930780493 enter map 1 unit 1065
[map_1] perf_8g_10_195_66_1783930780493 enter map 1 unit 1066
[map_1] perf_8g_10_195_68_1783930780495 enter map 1 unit 1068
[map_1] perf_8g_10_195_67_1783930780494 enter map 1 unit 1067
[map_1] perf_8g_10_195_69_1783930780501 enter map 1 unit 1069
[map_1] perf_8g_10_195_70_1783930780501 enter map 1 unit 1070
[map_1] perf_8g_10_195_71_1783930780503 enter map 1 unit 1071
[map_1] perf_8g_10_195_72_1783930780504 enter map 1 unit 1072
[map_1] perf_8g_10_195_73_1783930780504 enter map 1 unit 1073
[map_1] perf_8g_10_195_74_1783930780506 enter map 1 unit 1074
[map_1] perf_8g_10_195_75_1783930780507 enter map 1 unit 1075
[map_1] perf_8g_10_195_76_1783930780507 enter map 1 unit 1076
[map_1] perf_8g_10_195_77_1783930780508 enter map 1 unit 1077
[map_1] perf_8g_10_195_78_1783930780509 enter map 1 unit 1078
[map_1] perf_8g_10_195_79_1783930780512 enter map 1 unit 1079
[map_1] perf_8g_10_195_80_1783930780512 enter map 1 unit 1080
[map_1] perf_8g_10_195_81_1783930780513 enter map 1 unit 1081
[map_1] perf_8g_10_195_82_1783930780514 enter map 1 unit 1082
[map_1] perf_8g_10_195_83_1783930780514 enter map 1 unit 1083
[map_1] perf_8g_10_195_84_1783930780515 enter map 1 unit 1084
[map_1] perf_8g_10_195_85_1783930780519 enter map 1 unit 1085
[map_1] perf_8g_10_195_86_1783930780522 enter map 1 unit 1086
[map_1] perf_8g_10_195_87_1783930780523 enter map 1 unit 1087
[map_1] perf_8g_10_195_88_1783930780524 enter map 1 unit 1088
[map_1] perf_8g_10_195_89_1783930780526 enter map 1 unit 1089
[map_1] perf_8g_10_195_90_1783930780527 enter map 1 unit 1090
[map_1] perf_8g_10_195_91_1783930780530 enter map 1 unit 1091
[map_1] perf_8g_10_195_92_1783930780530 enter map 1 unit 1092
[map_1] perf_8g_10_195_93_1783930780531 enter map 1 unit 1093
[map_1] perf_8g_10_195_94_1783930780532 enter map 1 unit 1094
[map_1] perf_8g_10_195_95_1783930780534 enter map 1 unit 1095
[map_1] perf_8g_10_195_96_1783930780535 enter map 1 unit 1096
[map_1] perf_8g_10_195_97_1783930780538 enter map 1 unit 1097
[map_1] perf_8g_10_195_98_1783930780539 enter map 1 unit 1098
[map_1] perf_8g_10_195_99_1783930780540 enter map 1 unit 1099
[map_1] perf_8g_10_195_100_1783930780540 enter map 1 unit 1100
[map_1] perf_8g_10_195_101_1783930780545 enter map 1 unit 1101
[map_1] perf_8g_10_195_102_1783930780548 enter map 1 unit 1102
[map_1] perf_8g_10_195_103_1783930780549 enter map 1 unit 1103
[map_1] perf_8g_10_195_104_1783930780550 enter map 1 unit 1104
[map_1] perf_8g_10_195_105_1783930780550 enter map 1 unit 1105
[map_1] perf_8g_10_195_106_1783930780552 enter map 1 unit 1106
[map_1] perf_8g_10_195_107_1783930780556 enter map 1 unit 1107
[map_1] perf_8g_10_195_108_1783930780558 enter map 1 unit 1108
[map_1] perf_8g_10_195_109_1783930780559 enter map 1 unit 1109
[map_1] perf_8g_10_195_110_1783930780560 enter map 1 unit 1110
[map_1] perf_8g_10_195_111_1783930780562 enter map 1 unit 1111
[map_1] perf_8g_10_195_112_1783930780562 enter map 1 unit 1112
[map_1] perf_8g_10_195_113_1783930780564 enter map 1 unit 1113
[map_1] perf_8g_10_195_114_1783930780566 enter map 1 unit 1114
[map_1] perf_8g_10_195_115_1783930780568 enter map 1 unit 1115
[map_1] perf_8g_10_195_116_1783930780569 enter map 1 unit 1116
[map_1] perf_8g_10_195_117_1783930780573 enter map 1 unit 1117
[map_1] perf_8g_10_195_118_1783930780574 enter map 1 unit 1118
[map_1] perf_8g_10_195_119_1783930780578 enter map 1 unit 1119
[map_1] perf_8g_10_195_120_1783930780579 enter map 1 unit 1120
[map_1] perf_8g_10_195_121_1783930780581 enter map 1 unit 1121
[map_1] perf_8g_10_195_122_1783930780583 enter map 1 unit 1122
[map_1] perf_8g_10_195_123_1783930780586 enter map 1 unit 1123
[map_1] perf_8g_10_195_124_1783930780589 enter map 1 unit 1124
[map_1] perf_8g_10_195_125_1783930780591 enter map 1 unit 1125
[map_1] perf_8g_10_195_126_1783930780592 enter map 1 unit 1126
[map_1] perf_8g_10_195_127_1783930780595 enter map 1 unit 1127
[map_1] perf_8g_10_195_128_1783930780596 enter map 1 unit 1128
[map_1] perf_8g_10_195_129_1783930780597 enter map 1 unit 1129
[map_1] perf_8g_10_195_130_1783930780600 enter map 1 unit 1130
[map_1] perf_8g_10_195_131_1783930780603 enter map 1 unit 1131
[map_1] perf_8g_10_195_132_1783930780605 enter map 1 unit 1132
[map_1] perf_8g_10_195_133_1783930780608 enter map 1 unit 1133
[map_1] perf_8g_10_195_134_1783930780611 enter map 1 unit 1134
[map_1] perf_8g_10_195_135_1783930780614 enter map 1 unit 1135
[map_1] perf_8g_10_195_136_1783930780617 enter map 1 unit 1136
[map_1] perf_8g_10_195_137_1783930780618 enter map 1 unit 1137
[map_1] perf_8g_10_195_138_1783930780622 enter map 1 unit 1138
[map_1] perf_8g_10_195_142_1783930780633 enter map 1 unit 1142
[map_1] perf_8g_10_195_139_1783930780625 enter map 1 unit 1139
[map_1] perf_8g_10_195_141_1783930780631 enter map 1 unit 1141
[map_1] perf_8g_10_195_140_1783930780627 enter map 1 unit 1140
[map_1] perf_8g_10_195_143_1783930780635 enter map 1 unit 1143
[map_1] perf_8g_10_195_145_1783930780639 enter map 1 unit 1145
[map_1] perf_8g_10_195_144_1783930780636 enter map 1 unit 1144
[map_1] perf_8g_10_195_148_1783930780650 enter map 1 unit 1146
[map_1] perf_8g_10_195_147_1783930780645 enter map 1 unit 1150
[map_1] perf_8g_10_195_149_1783930780650 enter map 1 unit 1147
[map_1] perf_8g_10_195_146_1783930780641 enter map 1 unit 1149
[map_1] perf_8g_10_195_150_1783930780654 enter map 1 unit 1148
[map_1] perf_8g_10_195_153_1783930780659 enter map 1 unit 1151
[map_1] perf_8g_10_195_151_1783930780654 enter map 1 unit 1153
[map_1] perf_8g_10_195_152_1783930780659 enter map 1 unit 1152
[map_1] perf_8g_10_195_158_1783930780673 enter map 1 unit 1154
[map_1] perf_8g_10_195_155_1783930780670 enter map 1 unit 1158
[map_1] perf_8g_10_195_156_1783930780671 enter map 1 unit 1155
[map_1] perf_8g_10_195_157_1783930780672 enter map 1 unit 1157
[map_1] perf_8g_10_195_154_1783930780669 enter map 1 unit 1156
[map_1] perf_8g_10_195_159_1783930780676 enter map 1 unit 1159
[map_1] perf_8g_10_195_161_1783930780678 enter map 1 unit 1161
[map_1] perf_8g_10_195_160_1783930780677 enter map 1 unit 1160
[map_1] perf_8g_10_195_163_1783930780687 enter map 1 unit 1162
[map_1] perf_8g_10_195_166_1783930780690 enter map 1 unit 1166
[map_1] perf_8g_10_195_165_1783930780689 enter map 1 unit 1163
[map_1] perf_8g_10_195_162_1783930780687 enter map 1 unit 1165
[map_1] perf_8g_10_195_164_1783930780688 enter map 1 unit 1164
[map_1] perf_8g_10_195_168_1783930780694 enter map 1 unit 1167
[map_1] perf_8g_10_195_167_1783930780693 enter map 1 unit 1169
[map_1] perf_8g_10_195_169_1783930780695 enter map 1 unit 1168
[map_1] perf_8g_10_195_174_1783930780709 enter map 1 unit 1170
[map_1] perf_8g_10_195_171_1783930780706 enter map 1 unit 1174
[map_1] perf_8g_10_195_173_1783930780708 enter map 1 unit 1171
[map_1] perf_8g_10_195_172_1783930780707 enter map 1 unit 1173
[map_1] perf_8g_10_195_170_1783930780704 enter map 1 unit 1172
[map_1] perf_8g_10_195_176_1783930780715 enter map 1 unit 1175
[map_1] perf_8g_10_195_175_1783930780713 enter map 1 unit 1177
[map_1] perf_8g_10_195_177_1783930780716 enter map 1 unit 1176
[map_1] perf_8g_10_195_181_1783930780729 enter map 1 unit 1178
[map_1] perf_8g_10_195_180_1783930780728 enter map 1 unit 1182
[map_1] perf_8g_10_195_179_1783930780727 enter map 1 unit 1179
[map_1] perf_8g_10_195_178_1783930780726 enter map 1 unit 1181
[map_1] perf_8g_10_195_182_1783930780729 enter map 1 unit 1180
[map_1] perf_8g_10_195_183_1783930780733 enter map 1 unit 1183
[map_1] perf_8g_10_195_184_1783930780734 enter map 1 unit 1185
[map_1] perf_8g_10_195_185_1783930780736 enter map 1 unit 1184
[map_1] perf_8g_10_195_188_1783930780746 enter map 1 unit 1186
[map_1] perf_8g_10_195_187_1783930780745 enter map 1 unit 1190
[map_1] perf_8g_10_195_189_1783930780747 enter map 1 unit 1187
[map_1] perf_8g_10_195_190_1783930780747 enter map 1 unit 1189
[map_1] perf_8g_10_195_186_1783930780744 enter map 1 unit 1188
[map_1] perf_8g_10_195_193_1783930780755 enter map 1 unit 1191
[map_1] perf_8g_10_195_192_1783930780754 enter map 1 unit 1193
[map_1] perf_8g_10_195_191_1783930780754 enter map 1 unit 1192
[map_1] perf_8g_10_195_194_1783930780767 enter map 1 unit 1194
[metrics:inner_transport] active=8 opened=8 pending=0 max_pending=0 overloads=0 timeouts=0 disconnected_calls=0 late_responses=0 idle_closes=0
[process-metrics] process=map1 cpu_percent=123.26 cpu_time_ms=6187 rss_bytes=125480960 v8_heap_used_bytes=35174800 v8_heap_total_bytes=82321408 v8_gc_count=119 v8_gc_ms=69.278 timestamp_ms=1783930785170
[metrics:map1] scene=map_1 type=MapHost processed=8973 failed=0 ts_queue=0 ts_max_queue=152 rust_queue=107 rust_max_queue=151 backpressure=0 slow_disconnects=0 update_ms=1.00 handler_ms=1.00 max_handler_ms=49.00 total_handler_ms=78668.00
[metrics:inner_transport] active=8 opened=8 pending=0 max_pending=0 overloads=0 timeouts=0 disconnected_calls=0 late_responses=0 idle_closes=0
[process-metrics] process=map1 cpu_percent=110.83 cpu_time_ms=11734 rss_bytes=132521984 v8_heap_used_bytes=36024424 v8_heap_total_bytes=79175680 v8_gc_count=215 v8_gc_ms=147.388 timestamp_ms=1783930790175
[metrics:map1] scene=map_1 type=MapHost processed=19028 failed=0 ts_queue=0 ts_max_queue=152 rust_queue=72 rust_max_queue=151 backpressure=0 slow_disconnects=0 update_ms=3.00 handler_ms=3.00 max_handler_ms=62.00 total_handler_ms=201934.00
[metrics:inner_transport] active=8 opened=8 pending=0 max_pending=0 overloads=0 timeouts=0 disconnected_calls=0 late_responses=0 idle_closes=0
[process-metrics] process=map1 cpu_percent=109.67 cpu_time_ms=17218 rss_bytes=127901696 v8_heap_used_bytes=26190496 v8_heap_total_bytes=83894272 v8_gc_count=311 v8_gc_ms=221.429 timestamp_ms=1783930795176
[metrics:map1] scene=map_1 type=MapHost processed=29063 failed=0 ts_queue=0 ts_max_queue=152 rust_queue=32 rust_max_queue=151 backpressure=0 slow_disconnects=0 update_ms=1.00 handler_ms=1.00 max_handler_ms=65.00 total_handler_ms=303492.00
[metrics:inner_transport] active=8 opened=8 pending=0 max_pending=0 overloads=0 timeouts=0 disconnected_calls=0 late_responses=0 idle_closes=0
[process-metrics] process=map1 cpu_percent=116.85 cpu_time_ms=23062 rss_bytes=137248768 v8_heap_used_bytes=42240552 v8_heap_total_bytes=92807168 v8_gc_count=405 v8_gc_ms=298.598 timestamp_ms=1783930800177
[metrics:map1] scene=map_1 type=MapHost processed=39032 failed=0 ts_queue=0 ts_max_queue=152 rust_queue=25 rust_max_queue=151 backpressure=0 slow_disconnects=0 update_ms=35.00 handler_ms=35.00 max_handler_ms=65.00 total_handler_ms=391840.00
[metrics:inner_transport] active=8 opened=8 pending=0 max_pending=0 overloads=0 timeouts=0 disconnected_calls=0 late_responses=0 idle_closes=0
[process-metrics] process=map1 cpu_percent=149.37 cpu_time_ms=30531 rss_bytes=147181568 v8_heap_used_bytes=37030992 v8_heap_total_bytes=102506496 v8_gc_count=505 v8_gc_ms=379.967 timestamp_ms=1783930805177
[metrics:map1] scene=map_1 type=MapHost processed=49292 failed=0 ts_queue=0 ts_max_queue=152 rust_queue=19 rust_max_queue=151 backpressure=0 slow_disconnects=0 update_ms=11.00 handler_ms=10.00 max_handler_ms=65.00 total_handler_ms=489522.00
[metrics:inner_transport] active=8 opened=8 pending=0 max_pending=0 overloads=0 timeouts=0 disconnected_calls=0 late_responses=0 idle_closes=0
[process-metrics] process=map1 cpu_percent=124.22 cpu_time_ms=36750 rss_bytes=158949376 v8_heap_used_bytes=43721896 v8_heap_total_bytes=96215040 v8_gc_count=597 v8_gc_ms=447.066 timestamp_ms=1783930810184
[metrics:map1] scene=map_1 type=MapHost processed=59311 failed=0 ts_queue=0 ts_max_queue=152 rust_queue=54 rust_max_queue=151 backpressure=0 slow_disconnects=0 update_ms=12.00 handler_ms=12.00 max_handler_ms=65.00 total_handler_ms=556745.00
[metrics:inner_transport] active=8 opened=8 pending=0 max_pending=0 overloads=0 timeouts=0 disconnected_calls=0 late_responses=0 idle_closes=0
[process-metrics] process=map1 cpu_percent=105.33 cpu_time_ms=42015 rss_bytes=159252480 v8_heap_used_bytes=31195416 v8_heap_total_bytes=92545024 v8_gc_count=693 v8_gc_ms=517.454 timestamp_ms=1783930815183
[metrics:map1] scene=map_1 type=MapHost processed=69301 failed=0 ts_queue=0 ts_max_queue=152 rust_queue=30 rust_max_queue=151 backpressure=0 slow_disconnects=0 update_ms=2.00 handler_ms=2.00 max_handler_ms=65.00 total_handler_ms=641075.00
[metrics:inner_transport] active=8 opened=8 pending=0 max_pending=0 overloads=0 timeouts=0 disconnected_calls=0 late_responses=0 idle_closes=0
[process-metrics] process=map1 cpu_percent=119.62 cpu_time_ms=48000 rss_bytes=145375232 v8_heap_used_bytes=33333288 v8_heap_total_bytes=86253568 v8_gc_count=787 v8_gc_ms=591.585 timestamp_ms=1783930820186
[metrics:map1] scene=map_1 type=MapHost processed=79240 failed=0 ts_queue=0 ts_max_queue=152 rust_queue=36 rust_max_queue=151 backpressure=0 slow_disconnects=0 update_ms=36.00 handler_ms=36.00 max_handler_ms=65.00 total_handler_ms=724729.00
[map_1] perf_8g_10_195_3_1783930780419 leave map 1 unit 1003
[map_1] perf_8g_10_195_1_1783930780419 leave map 1 unit 1004
[map_1] perf_8g_10_195_0_1783930780418 leave map 1 unit 1000
[map_1] perf_8g_10_195_62_1783930780490 leave map 1 unit 1062
[map_1] perf_8g_10_195_5_1783930780419 leave map 1 unit 1002
[map_1] perf_8g_10_195_63_1783930780490 leave map 1 unit 1064
[map_1] perf_8g_10_195_61_1783930780490 leave map 1 unit 1061
[map_1] perf_8g_10_195_2_1783930780419 leave map 1 unit 1006
[map_1] perf_8g_10_195_60_1783930780488 leave map 1 unit 1060
[map_1] perf_8g_10_195_12_1783930780419 leave map 1 unit 1012
[map_1] perf_8g_10_195_59_1783930780488 leave map 1 unit 1059
[map_1] perf_8g_10_195_58_1783930780485 leave map 1 unit 1058
[map_1] perf_8g_10_195_10_1783930780419 leave map 1 unit 1008
[map_1] perf_8g_10_195_57_1783930780485 leave map 1 unit 1057
[map_1] perf_8g_10_195_4_1783930780419 leave map 1 unit 1010
[map_1] perf_8g_10_195_56_1783930780484 leave map 1 unit 1055
[map_1] perf_8g_10_195_55_1783930780484 leave map 1 unit 1056
[map_1] perf_8g_10_195_11_1783930780419 leave map 1 unit 1013
[map_1] perf_8g_10_195_54_1783930780483 leave map 1 unit 1054
[map_1] perf_8g_10_195_14_1783930780419 leave map 1 unit 1015
[map_1] perf_8g_10_195_53_1783930780483 leave map 1 unit 1053
[map_1] perf_8g_10_195_50_1783930780475 leave map 1 unit 1050
[map_1] perf_8g_10_195_16_1783930780442 leave map 1 unit 1016
[map_1] perf_8g_10_195_46_1783930780473 leave map 1 unit 1047
[map_1] perf_8g_10_195_6_1783930780419 leave map 1 unit 1007
[map_1] perf_8g_10_195_51_1783930780475 leave map 1 unit 1051
[map_1] perf_8g_10_195_7_1783930780419 leave map 1 unit 1001
[map_1] perf_8g_10_195_52_1783930780480 leave map 1 unit 1052
[map_1] perf_8g_10_195_15_1783930780419 leave map 1 unit 1009
[map_1] perf_8g_10_195_49_1783930780475 leave map 1 unit 1049
[map_1] perf_8g_10_195_17_1783930780445 leave map 1 unit 1017
[map_1] perf_8g_10_195_47_1783930780473 leave map 1 unit 1046
[map_1] perf_8g_10_195_48_1783930780475 leave map 1 unit 1048
[map_1] perf_8g_10_195_13_1783930780419 leave map 1 unit 1014
[map_1] perf_8g_10_195_43_1783930780472 leave map 1 unit 1043
[map_1] perf_8g_10_195_8_1783930780419 leave map 1 unit 1005
[map_1] perf_8g_10_195_35_1783930780458 leave map 1 unit 1035
[map_1] perf_8g_10_195_19_1783930780447 leave map 1 unit 1019
[map_1] perf_8g_10_195_38_1783930780469 leave map 1 unit 1039
[map_1] perf_8g_10_195_18_1783930780446 leave map 1 unit 1018
[map_1] perf_8g_10_195_39_1783930780469 leave map 1 unit 1038
[map_1] perf_8g_10_195_9_1783930780419 leave map 1 unit 1011
[map_1] perf_8g_10_195_42_1783930780472 leave map 1 unit 1042
[map_1] perf_8g_10_195_20_1783930780449 leave map 1 unit 1020
[map_1] perf_8g_10_195_44_1783930780472 leave map 1 unit 1044
[map_1] perf_8g_10_195_45_1783930780472 leave map 1 unit 1045
[map_1] perf_8g_10_195_21_1783930780449 leave map 1 unit 1021
[map_1] perf_8g_10_195_36_1783930780467 leave map 1 unit 1036
[map_1] perf_8g_10_195_22_1783930780449 leave map 1 unit 1027
[map_1] perf_8g_10_195_30_1783930780451 leave map 1 unit 1034
[map_1] perf_8g_10_195_34_1783930780457 leave map 1 unit 1033
[map_1] perf_8g_10_195_37_1783930780468 leave map 1 unit 1037
[map_1] perf_8g_10_195_24_1783930780450 leave map 1 unit 1022
[map_1] perf_8g_10_195_29_1783930780451 leave map 1 unit 1030
[map_1] perf_8g_10_195_26_1783930780450 leave map 1 unit 1024
[map_1] perf_8g_10_195_27_1783930780450 leave map 1 unit 1025
[map_1] perf_8g_10_195_23_1783930780449 leave map 1 unit 1026
[map_1] perf_8g_10_195_40_1783930780469 leave map 1 unit 1040
[map_1] perf_8g_10_195_33_1783930780453 leave map 1 unit 1029
[map_1] perf_8g_10_195_28_1783930780451 leave map 1 unit 1028
[map_1] perf_8g_10_195_41_1783930780469 leave map 1 unit 1041
[map_1] perf_8g_10_195_32_1783930780452 leave map 1 unit 1031
[map_1] perf_8g_10_195_25_1783930780450 leave map 1 unit 1023
[map_1] perf_8g_10_195_31_1783930780452 leave map 1 unit 1032
[map_1] perf_8g_10_195_194_1783930780767 leave map 1 unit 1194
[map_1] perf_8g_10_195_64_1783930780491 leave map 1 unit 1063
[map_1] perf_8g_10_195_193_1783930780755 leave map 1 unit 1191
[map_1] perf_8g_10_195_192_1783930780754 leave map 1 unit 1193
[map_1] perf_8g_10_195_190_1783930780747 leave map 1 unit 1189
[map_1] perf_8g_10_195_191_1783930780754 leave map 1 unit 1192
[map_1] perf_8g_10_195_189_1783930780747 leave map 1 unit 1187
[map_1] perf_8g_10_195_188_1783930780746 leave map 1 unit 1186
[map_1] perf_8g_10_195_187_1783930780745 leave map 1 unit 1190
[map_1] perf_8g_10_195_186_1783930780744 leave map 1 unit 1188
[map_1] perf_8g_10_195_185_1783930780736 leave map 1 unit 1184
[map_1] perf_8g_10_195_183_1783930780733 leave map 1 unit 1183
[map_1] perf_8g_10_195_181_1783930780729 leave map 1 unit 1178
[map_1] perf_8g_10_195_184_1783930780734 leave map 1 unit 1185
[map_1] perf_8g_10_195_182_1783930780729 leave map 1 unit 1180
[map_1] perf_8g_10_195_180_1783930780728 leave map 1 unit 1182
[map_1] perf_8g_10_195_179_1783930780727 leave map 1 unit 1179
[map_1] perf_8g_10_195_65_1783930780493 leave map 1 unit 1065
[map_1] perf_8g_10_195_178_1783930780726 leave map 1 unit 1181
[map_1] perf_8g_10_195_177_1783930780716 leave map 1 unit 1176
[map_1] perf_8g_10_195_176_1783930780715 leave map 1 unit 1175
[map_1] perf_8g_10_195_174_1783930780709 leave map 1 unit 1170
[map_1] perf_8g_10_195_175_1783930780713 leave map 1 unit 1177
[map_1] perf_8g_10_195_173_1783930780708 leave map 1 unit 1171
[map_1] perf_8g_10_195_172_1783930780707 leave map 1 unit 1173
[map_1] perf_8g_10_195_66_1783930780493 leave map 1 unit 1066
[map_1] perf_8g_10_195_171_1783930780706 leave map 1 unit 1174
[map_1] perf_8g_10_195_170_1783930780704 leave map 1 unit 1172
[map_1] perf_8g_10_195_169_1783930780695 leave map 1 unit 1168
[map_1] perf_8g_10_195_166_1783930780690 leave map 1 unit 1166
[map_1] perf_8g_10_195_168_1783930780694 leave map 1 unit 1167
[map_1] perf_8g_10_195_67_1783930780494 leave map 1 unit 1067
[map_1] perf_8g_10_195_167_1783930780693 leave map 1 unit 1169
[map_1] perf_8g_10_195_165_1783930780689 leave map 1 unit 1163
[map_1] perf_8g_10_195_164_1783930780688 leave map 1 unit 1164
[map_1] perf_8g_10_195_163_1783930780687 leave map 1 unit 1162
[map_1] perf_8g_10_195_68_1783930780495 leave map 1 unit 1068
[map_1] perf_8g_10_195_161_1783930780678 leave map 1 unit 1161
[map_1] perf_8g_10_195_162_1783930780687 leave map 1 unit 1165
[map_1] perf_8g_10_195_160_1783930780677 leave map 1 unit 1160
[map_1] perf_8g_10_195_159_1783930780676 leave map 1 unit 1159
[map_1] perf_8g_10_195_69_1783930780501 leave map 1 unit 1069
[map_1] perf_8g_10_195_158_1783930780673 leave map 1 unit 1154
[map_1] perf_8g_10_195_157_1783930780672 leave map 1 unit 1157
[map_1] perf_8g_10_195_154_1783930780669 leave map 1 unit 1156
[map_1] perf_8g_10_195_155_1783930780670 leave map 1 unit 1158
[map_1] perf_8g_10_195_71_1783930780503 leave map 1 unit 1071
[map_1] perf_8g_10_195_156_1783930780671 leave map 1 unit 1155
[map_1] perf_8g_10_195_153_1783930780659 leave map 1 unit 1151
[map_1] perf_8g_10_195_152_1783930780659 leave map 1 unit 1152
[map_1] perf_8g_10_195_72_1783930780504 leave map 1 unit 1072
[map_1] perf_8g_10_195_151_1783930780654 leave map 1 unit 1153
[map_1] perf_8g_10_195_150_1783930780654 leave map 1 unit 1148
[map_1] perf_8g_10_195_149_1783930780650 leave map 1 unit 1147
[map_1] perf_8g_10_195_70_1783930780501 leave map 1 unit 1070
[map_1] perf_8g_10_195_148_1783930780650 leave map 1 unit 1146
[map_1] perf_8g_10_195_147_1783930780645 leave map 1 unit 1150
[map_1] perf_8g_10_195_73_1783930780504 leave map 1 unit 1073
[map_1] perf_8g_10_195_146_1783930780641 leave map 1 unit 1149
[map_1] perf_8g_10_195_145_1783930780639 leave map 1 unit 1145
[map_1] perf_8g_10_195_144_1783930780636 leave map 1 unit 1144
[map_1] perf_8g_10_195_74_1783930780506 leave map 1 unit 1074
[map_1] perf_8g_10_195_143_1783930780635 leave map 1 unit 1143
[map_1] perf_8g_10_195_142_1783930780633 leave map 1 unit 1142
[map_1] perf_8g_10_195_141_1783930780631 leave map 1 unit 1141
[map_1] perf_8g_10_195_75_1783930780507 leave map 1 unit 1075
[map_1] perf_8g_10_195_140_1783930780627 leave map 1 unit 1140
[map_1] perf_8g_10_195_139_1783930780625 leave map 1 unit 1139
[map_1] perf_8g_10_195_76_1783930780507 leave map 1 unit 1076
[map_1] perf_8g_10_195_138_1783930780622 leave map 1 unit 1138
[map_1] perf_8g_10_195_137_1783930780618 leave map 1 unit 1137
[map_1] perf_8g_10_195_77_1783930780508 leave map 1 unit 1077
[map_1] perf_8g_10_195_135_1783930780614 leave map 1 unit 1135
[map_1] perf_8g_10_195_136_1783930780617 leave map 1 unit 1136
[map_1] perf_8g_10_195_78_1783930780509 leave map 1 unit 1078
[map_1] perf_8g_10_195_134_1783930780611 leave map 1 unit 1134
[map_1] perf_8g_10_195_133_1783930780608 leave map 1 unit 1133
[map_1] perf_8g_10_195_132_1783930780605 leave map 1 unit 1132
[map_1] perf_8g_10_195_79_1783930780512 leave map 1 unit 1079
[map_1] perf_8g_10_195_131_1783930780603 leave map 1 unit 1131
[map_1] perf_8g_10_195_129_1783930780597 leave map 1 unit 1129
[map_1] perf_8g_10_195_80_1783930780512 leave map 1 unit 1080
[map_1] perf_8g_10_195_82_1783930780514 leave map 1 unit 1082
[map_1] perf_8g_10_195_130_1783930780600 leave map 1 unit 1130
[map_1] perf_8g_10_195_128_1783930780596 leave map 1 unit 1128
[map_1] perf_8g_10_195_81_1783930780513 leave map 1 unit 1081
[map_1] perf_8g_10_195_127_1783930780595 leave map 1 unit 1127
[map_1] perf_8g_10_195_125_1783930780591 leave map 1 unit 1125
[map_1] perf_8g_10_195_83_1783930780514 leave map 1 unit 1083
[map_1] perf_8g_10_195_126_1783930780592 leave map 1 unit 1126
[map_1] perf_8g_10_195_84_1783930780515 leave map 1 unit 1084
[map_1] perf_8g_10_195_124_1783930780589 leave map 1 unit 1124
[map_1] perf_8g_10_195_123_1783930780586 leave map 1 unit 1123
[map_1] perf_8g_10_195_85_1783930780519 leave map 1 unit 1085
[map_1] perf_8g_10_195_121_1783930780581 leave map 1 unit 1121
[map_1] perf_8g_10_195_122_1783930780583 leave map 1 unit 1122
[map_1] perf_8g_10_195_86_1783930780522 leave map 1 unit 1086
[map_1] perf_8g_10_195_87_1783930780523 leave map 1 unit 1087
[map_1] perf_8g_10_195_119_1783930780578 leave map 1 unit 1119
[map_1] perf_8g_10_195_120_1783930780579 leave map 1 unit 1120
[map_1] perf_8g_10_195_88_1783930780524 leave map 1 unit 1088
[map_1] perf_8g_10_195_118_1783930780574 leave map 1 unit 1118
[map_1] perf_8g_10_195_89_1783930780526 leave map 1 unit 1089
[map_1] perf_8g_10_195_116_1783930780569 leave map 1 unit 1116
[map_1] perf_8g_10_195_117_1783930780573 leave map 1 unit 1117
[map_1] perf_8g_10_195_91_1783930780530 leave map 1 unit 1091
[map_1] perf_8g_10_195_115_1783930780568 leave map 1 unit 1115
[map_1] perf_8g_10_195_114_1783930780566 leave map 1 unit 1114
[map_1] perf_8g_10_195_90_1783930780527 leave map 1 unit 1090
[map_1] perf_8g_10_195_112_1783930780562 leave map 1 unit 1112
[map_1] perf_8g_10_195_92_1783930780530 leave map 1 unit 1092
[map_1] perf_8g_10_195_93_1783930780531 leave map 1 unit 1093
[map_1] perf_8g_10_195_113_1783930780564 leave map 1 unit 1113
[map_1] perf_8g_10_195_111_1783930780562 leave map 1 unit 1111
[map_1] perf_8g_10_195_94_1783930780532 leave map 1 unit 1094
[map_1] perf_8g_10_195_110_1783930780560 leave map 1 unit 1110
[map_1] perf_8g_10_195_95_1783930780534 leave map 1 unit 1095
[map_1] perf_8g_10_195_107_1783930780556 leave map 1 unit 1107
[map_1] perf_8g_10_195_109_1783930780559 leave map 1 unit 1109
[map_1] perf_8g_10_195_96_1783930780535 leave map 1 unit 1096
[map_1] perf_8g_10_195_97_1783930780538 leave map 1 unit 1097
[map_1] perf_8g_10_195_108_1783930780558 leave map 1 unit 1108
[map_1] perf_8g_10_195_98_1783930780539 leave map 1 unit 1098
[map_1] perf_8g_10_195_106_1783930780552 leave map 1 unit 1106
[map_1] perf_8g_10_195_104_1783930780550 leave map 1 unit 1104
[map_1] perf_8g_10_195_99_1783930780540 leave map 1 unit 1099
[map_1] perf_8g_10_195_105_1783930780550 leave map 1 unit 1105
[map_1] perf_8g_10_195_100_1783930780540 leave map 1 unit 1100
[map_1] perf_8g_10_195_102_1783930780548 leave map 1 unit 1102
[map_1] perf_8g_10_195_101_1783930780545 leave map 1 unit 1101
[map_1] perf_8g_10_195_103_1783930780549 leave map 1 unit 1103
