starting process map1 with one V8 and 1 scene(s) from E:\VsCode\skynet\ets_runtime\perf\results\runtime_configs\map_capacity_20260713_081609\200p_8g_r3\map1.json
scene map_1 (MapHost) listening on 127.0.0.1:7301
[process:map1] one V8 started with 1 scene(s)
[map_1] MapHost scene started at 127.0.0.1:7301
map_1 accepted 127.0.0.1:53155 as conn 1
map_1 accepted 127.0.0.1:53213 as conn 2
map_1 accepted 127.0.0.1:53214 as conn 3
map_1 accepted 127.0.0.1:53215 as conn 4
map_1 accepted 127.0.0.1:53216 as conn 5
map_1 accepted 127.0.0.1:53217 as conn 6
map_1 accepted 127.0.0.1:53219 as conn 7
map_1 accepted 127.0.0.1:53218 as conn 8
map_1 accepted 127.0.0.1:53220 as conn 9
[map_1] perf_8g_10_200_0_1783930907098 enter map 1 unit 1000
[map_1] perf_8g_10_200_3_1783930907099 enter map 1 unit 1001
[map_1] perf_8g_10_200_2_1783930907099 enter map 1 unit 1002
[map_1] perf_8g_10_200_5_1783930907099 enter map 1 unit 1003
[map_1] perf_8g_10_200_1_1783930907099 enter map 1 unit 1004
[map_1] perf_8g_10_200_10_1783930907100 enter map 1 unit 1005
[map_1] perf_8g_10_200_7_1783930907099 enter map 1 unit 1006
[map_1] perf_8g_10_200_6_1783930907099 enter map 1 unit 1007
[map_1] perf_8g_10_200_11_1783930907100 enter map 1 unit 1008
[map_1] perf_8g_10_200_14_1783930907100 enter map 1 unit 1009
[map_1] perf_8g_10_200_9_1783930907100 enter map 1 unit 1010
[map_1] perf_8g_10_200_8_1783930907099 enter map 1 unit 1011
[map_1] perf_8g_10_200_15_1783930907100 enter map 1 unit 1012
[map_1] perf_8g_10_200_13_1783930907100 enter map 1 unit 1013
[map_1] perf_8g_10_200_4_1783930907099 enter map 1 unit 1014
[map_1] perf_8g_10_200_12_1783930907100 enter map 1 unit 1015
[map_1] perf_8g_10_200_16_1783930907127 enter map 1 unit 1016
[map_1] perf_8g_10_200_17_1783930907129 enter map 1 unit 1017
[map_1] perf_8g_10_200_18_1783930907131 enter map 1 unit 1018
[map_1] perf_8g_10_200_19_1783930907131 enter map 1 unit 1019
[map_1] perf_8g_10_200_20_1783930907133 enter map 1 unit 1020
[map_1] perf_8g_10_200_21_1783930907133 enter map 1 unit 1021
[map_1] perf_8g_10_200_24_1783930907134 enter map 1 unit 1022
[map_1] perf_8g_10_200_22_1783930907134 enter map 1 unit 1023
[map_1] perf_8g_10_200_23_1783930907134 enter map 1 unit 1024
[map_1] perf_8g_10_200_25_1783930907135 enter map 1 unit 1025
[map_1] perf_8g_10_200_27_1783930907135 enter map 1 unit 1026
[map_1] perf_8g_10_200_28_1783930907135 enter map 1 unit 1027
[map_1] perf_8g_10_200_26_1783930907135 enter map 1 unit 1028
[map_1] perf_8g_10_200_29_1783930907136 enter map 1 unit 1029
[map_1] perf_8g_10_200_31_1783930907136 enter map 1 unit 1030
[map_1] perf_8g_10_200_32_1783930907136 enter map 1 unit 1031
[map_1] perf_8g_10_200_30_1783930907136 enter map 1 unit 1032
[map_1] perf_8g_10_200_33_1783930907142 enter map 1 unit 1033
[map_1] perf_8g_10_200_34_1783930907148 enter map 1 unit 1034
[map_1] perf_8g_10_200_35_1783930907149 enter map 1 unit 1035
[map_1] perf_8g_10_200_36_1783930907150 enter map 1 unit 1036
[map_1] perf_8g_10_200_37_1783930907151 enter map 1 unit 1037
[map_1] perf_8g_10_200_38_1783930907155 enter map 1 unit 1038
[map_1] perf_8g_10_200_39_1783930907155 enter map 1 unit 1039
[map_1] perf_8g_10_200_40_1783930907159 enter map 1 unit 1040
[map_1] perf_8g_10_200_41_1783930907159 enter map 1 unit 1041
[map_1] perf_8g_10_200_42_1783930907159 enter map 1 unit 1042
[map_1] perf_8g_10_200_43_1783930907159 enter map 1 unit 1043
[map_1] perf_8g_10_200_44_1783930907160 enter map 1 unit 1044
[map_1] perf_8g_10_200_45_1783930907161 enter map 1 unit 1045
[map_1] perf_8g_10_200_46_1783930907162 enter map 1 unit 1046
[map_1] perf_8g_10_200_48_1783930907162 enter map 1 unit 1047
[map_1] perf_8g_10_200_47_1783930907162 enter map 1 unit 1048
[map_1] perf_8g_10_200_49_1783930907165 enter map 1 unit 1049
[map_1] perf_8g_10_200_50_1783930907166 enter map 1 unit 1050
[map_1] perf_8g_10_200_51_1783930907168 enter map 1 unit 1051
[map_1] perf_8g_10_200_52_1783930907170 enter map 1 unit 1052
[map_1] perf_8g_10_200_53_1783930907171 enter map 1 unit 1053
[map_1] perf_8g_10_200_54_1783930907174 enter map 1 unit 1054
[map_1] perf_8g_10_200_55_1783930907175 enter map 1 unit 1055
[map_1] perf_8g_10_200_56_1783930907181 enter map 1 unit 1056
[map_1] perf_8g_10_200_57_1783930907182 enter map 1 unit 1057
[map_1] perf_8g_10_200_58_1783930907183 enter map 1 unit 1058
[map_1] perf_8g_10_200_59_1783930907185 enter map 1 unit 1059
[map_1] perf_8g_10_200_60_1783930907186 enter map 1 unit 1060
[map_1] perf_8g_10_200_61_1783930907187 enter map 1 unit 1061
[map_1] perf_8g_10_200_62_1783930907188 enter map 1 unit 1062
[map_1] perf_8g_10_200_64_1783930907190 enter map 1 unit 1064
[map_1] perf_8g_10_200_63_1783930907189 enter map 1 unit 1063
[map_1] perf_8g_10_200_65_1783930907191 enter map 1 unit 1065
[map_1] perf_8g_10_200_67_1783930907193 enter map 1 unit 1067
[map_1] perf_8g_10_200_66_1783930907193 enter map 1 unit 1066
[map_1] perf_8g_10_200_68_1783930907195 enter map 1 unit 1068
[map_1] perf_8g_10_200_69_1783930907198 enter map 1 unit 1069
[map_1] perf_8g_10_200_70_1783930907199 enter map 1 unit 1071
[map_1] perf_8g_10_200_71_1783930907201 enter map 1 unit 1070
[map_1] perf_8g_10_200_72_1783930907209 enter map 1 unit 1072
[map_1] perf_8g_10_200_73_1783930907210 enter map 1 unit 1073
[map_1] perf_8g_10_200_74_1783930907211 enter map 1 unit 1074
[map_1] perf_8g_10_200_75_1783930907213 enter map 1 unit 1075
[map_1] perf_8g_10_200_76_1783930907215 enter map 1 unit 1076
[map_1] perf_8g_10_200_77_1783930907217 enter map 1 unit 1077
[map_1] perf_8g_10_200_78_1783930907218 enter map 1 unit 1078
[map_1] perf_8g_10_200_79_1783930907219 enter map 1 unit 1079
[map_1] perf_8g_10_200_80_1783930907219 enter map 1 unit 1080
[map_1] perf_8g_10_200_81_1783930907222 enter map 1 unit 1081
[map_1] perf_8g_10_200_82_1783930907223 enter map 1 unit 1082
[map_1] perf_8g_10_200_83_1783930907225 enter map 1 unit 1083
[map_1] perf_8g_10_200_84_1783930907228 enter map 1 unit 1084
[map_1] perf_8g_10_200_85_1783930907229 enter map 1 unit 1085
[map_1] perf_8g_10_200_86_1783930907230 enter map 1 unit 1086
[map_1] perf_8g_10_200_87_1783930907231 enter map 1 unit 1087
[map_1] perf_8g_10_200_88_1783930907237 enter map 1 unit 1088
[map_1] perf_8g_10_200_89_1783930907239 enter map 1 unit 1089
[map_1] perf_8g_10_200_90_1783930907240 enter map 1 unit 1090
[map_1] perf_8g_10_200_91_1783930907243 enter map 1 unit 1091
[map_1] perf_8g_10_200_92_1783930907244 enter map 1 unit 1092
[map_1] perf_8g_10_200_93_1783930907252 enter map 1 unit 1093
[map_1] perf_8g_10_200_94_1783930907253 enter map 1 unit 1094
[map_1] perf_8g_10_200_95_1783930907254 enter map 1 unit 1095
[map_1] perf_8g_10_200_96_1783930907255 enter map 1 unit 1096
[map_1] perf_8g_10_200_97_1783930907258 enter map 1 unit 1097
[map_1] perf_8g_10_200_98_1783930907265 enter map 1 unit 1098
[map_1] perf_8g_10_200_99_1783930907266 enter map 1 unit 1099
[map_1] perf_8g_10_200_100_1783930907268 enter map 1 unit 1100
[map_1] perf_8g_10_200_101_1783930907268 enter map 1 unit 1101
[map_1] perf_8g_10_200_102_1783930907270 enter map 1 unit 1102
[map_1] perf_8g_10_200_103_1783930907270 enter map 1 unit 1103
[map_1] perf_8g_10_200_104_1783930907273 enter map 1 unit 1104
[map_1] perf_8g_10_200_105_1783930907279 enter map 1 unit 1105
[map_1] perf_8g_10_200_106_1783930907279 enter map 1 unit 1106
[map_1] perf_8g_10_200_107_1783930907280 enter map 1 unit 1107
[map_1] perf_8g_10_200_108_1783930907283 enter map 1 unit 1108
[map_1] perf_8g_10_200_109_1783930907288 enter map 1 unit 1109
[map_1] perf_8g_10_200_110_1783930907293 enter map 1 unit 1110
[map_1] perf_8g_10_200_111_1783930907293 enter map 1 unit 1111
[map_1] perf_8g_10_200_112_1783930907296 enter map 1 unit 1112
[map_1] perf_8g_10_200_113_1783930907298 enter map 1 unit 1113
[map_1] perf_8g_10_200_114_1783930907302 enter map 1 unit 1114
[map_1] perf_8g_10_200_115_1783930907305 enter map 1 unit 1115
[map_1] perf_8g_10_200_116_1783930907308 enter map 1 unit 1116
[map_1] perf_8g_10_200_118_1783930907311 enter map 1 unit 1118
[map_1] perf_8g_10_200_117_1783930907309 enter map 1 unit 1117
[map_1] perf_8g_10_200_119_1783930907314 enter map 1 unit 1119
[map_1] perf_8g_10_200_120_1783930907315 enter map 1 unit 1120
[map_1] perf_8g_10_200_121_1783930907321 enter map 1 unit 1121
[map_1] perf_8g_10_200_123_1783930907324 enter map 1 unit 1123
[map_1] perf_8g_10_200_122_1783930907324 enter map 1 unit 1122
[map_1] perf_8g_10_200_124_1783930907326 enter map 1 unit 1124
[map_1] perf_8g_10_200_125_1783930907332 enter map 1 unit 1125
[map_1] perf_8g_10_200_126_1783930907335 enter map 1 unit 1126
[map_1] perf_8g_10_200_128_1783930907339 enter map 1 unit 1128
[map_1] perf_8g_10_200_127_1783930907338 enter map 1 unit 1127
[map_1] perf_8g_10_200_129_1783930907342 enter map 1 unit 1129
[map_1] perf_8g_10_200_130_1783930907343 enter map 1 unit 1130
[map_1] perf_8g_10_200_131_1783930907346 enter map 1 unit 1131
[map_1] perf_8g_10_200_132_1783930907352 enter map 1 unit 1132
[map_1] perf_8g_10_200_133_1783930907353 enter map 1 unit 1133
[map_1] perf_8g_10_200_134_1783930907354 enter map 1 unit 1134
[map_1] perf_8g_10_200_135_1783930907357 enter map 1 unit 1135
[map_1] perf_8g_10_200_136_1783930907358 enter map 1 unit 1136
[map_1] perf_8g_10_200_137_1783930907367 enter map 1 unit 1137
[map_1] perf_8g_10_200_138_1783930907367 enter map 1 unit 1138
[map_1] perf_8g_10_200_139_1783930907367 enter map 1 unit 1139
[map_1] perf_8g_10_200_140_1783930907376 enter map 1 unit 1140
[map_1] perf_8g_10_200_141_1783930907377 enter map 1 unit 1141
[map_1] perf_8g_10_200_142_1783930907384 enter map 1 unit 1142
[map_1] perf_8g_10_200_143_1783930907385 enter map 1 unit 1144
[map_1] perf_8g_10_200_144_1783930907385 enter map 1 unit 1143
[map_1] perf_8g_10_200_145_1783930907386 enter map 1 unit 1145
[map_1] perf_8g_10_200_147_1783930907389 enter map 1 unit 1147
[map_1] perf_8g_10_200_146_1783930907387 enter map 1 unit 1146
[map_1] perf_8g_10_200_148_1783930907396 enter map 1 unit 1148
[map_1] perf_8g_10_200_149_1783930907402 enter map 1 unit 1149
[map_1] perf_8g_10_200_152_1783930907409 enter map 1 unit 1152
[map_1] perf_8g_10_200_150_1783930907403 enter map 1 unit 1150
[map_1] perf_8g_10_200_151_1783930907407 enter map 1 unit 1151
[map_1] perf_8g_10_200_153_1783930907413 enter map 1 unit 1153
[map_1] perf_8g_10_200_155_1783930907418 enter map 1 unit 1155
[map_1] perf_8g_10_200_154_1783930907417 enter map 1 unit 1154
[map_1] perf_8g_10_200_156_1783930907424 enter map 1 unit 1156
[map_1] perf_8g_10_200_160_1783930907433 enter map 1 unit 1160
[map_1] perf_8g_10_200_157_1783930907425 enter map 1 unit 1157
[map_1] perf_8g_10_200_159_1783930907432 enter map 1 unit 1159
[map_1] perf_8g_10_200_158_1783930907431 enter map 1 unit 1158
[map_1] perf_8g_10_200_161_1783930907441 enter map 1 unit 1161
[map_1] perf_8g_10_200_163_1783930907443 enter map 1 unit 1163
[map_1] perf_8g_10_200_162_1783930907442 enter map 1 unit 1162
[map_1] perf_8g_10_200_167_1783930907454 enter map 1 unit 1164
[map_1] perf_8g_10_200_165_1783930907453 enter map 1 unit 1168
[map_1] perf_8g_10_200_166_1783930907454 enter map 1 unit 1165
[map_1] perf_8g_10_200_164_1783930907446 enter map 1 unit 1167
[map_1] perf_8g_10_200_168_1783930907455 enter map 1 unit 1166
[map_1] perf_8g_10_200_171_1783930907462 enter map 1 unit 1169
[map_1] perf_8g_10_200_170_1783930907462 enter map 1 unit 1171
[map_1] perf_8g_10_200_169_1783930907461 enter map 1 unit 1170
[map_1] perf_8g_10_200_172_1783930907473 enter map 1 unit 1172
[map_1] perf_8g_10_200_173_1783930907474 enter map 1 unit 1176
[map_1] perf_8g_10_200_175_1783930907475 enter map 1 unit 1173
[map_1] perf_8g_10_200_174_1783930907474 enter map 1 unit 1175
[map_1] perf_8g_10_200_176_1783930907477 enter map 1 unit 1174
[map_1] perf_8g_10_200_178_1783930907485 enter map 1 unit 1177
[map_1] perf_8g_10_200_179_1783930907487 enter map 1 unit 1179
[map_1] perf_8g_10_200_177_1783930907484 enter map 1 unit 1178
[map_1] perf_8g_10_200_183_1783930907501 enter map 1 unit 1180
[map_1] perf_8g_10_200_180_1783930907498 enter map 1 unit 1184
[map_1] perf_8g_10_200_182_1783930907500 enter map 1 unit 1181
[map_1] perf_8g_10_200_181_1783930907499 enter map 1 unit 1183
[map_1] perf_8g_10_200_184_1783930907502 enter map 1 unit 1182
[map_1] perf_8g_10_200_187_1783930907511 enter map 1 unit 1185
[map_1] perf_8g_10_200_186_1783930907510 enter map 1 unit 1187
[map_1] perf_8g_10_200_185_1783930907509 enter map 1 unit 1186
[map_1] perf_8g_10_200_189_1783930907523 enter map 1 unit 1188
[map_1] perf_8g_10_200_191_1783930907526 enter map 1 unit 1192
[map_1] perf_8g_10_200_190_1783930907525 enter map 1 unit 1189
[map_1] perf_8g_10_200_192_1783930907527 enter map 1 unit 1191
[map_1] perf_8g_10_200_188_1783930907522 enter map 1 unit 1190
[map_1] perf_8g_10_200_193_1783930907532 enter map 1 unit 1193
[map_1] perf_8g_10_200_194_1783930907533 enter map 1 unit 1195
[map_1] perf_8g_10_200_195_1783930907534 enter map 1 unit 1194
[map_1] perf_8g_10_200_199_1783930907551 enter map 1 unit 1196
[map_1] perf_8g_10_200_196_1783930907548 enter map 1 unit 1199
[map_1] perf_8g_10_200_198_1783930907550 enter map 1 unit 1197
[map_1] perf_8g_10_200_197_1783930907549 enter map 1 unit 1198
[metrics:inner_transport] active=8 opened=8 pending=0 max_pending=0 overloads=0 timeouts=0 disconnected_calls=0 late_responses=0 idle_closes=0
[process-metrics] process=map1 cpu_percent=118.98 cpu_time_ms=5968 rss_bytes=128741376 v8_heap_used_bytes=18117360 v8_heap_total_bytes=86253568 v8_gc_count=120 v8_gc_ms=65.726 timestamp_ms=1783930911768
[metrics:map1] scene=map_1 type=MapHost processed=8905 failed=0 ts_queue=0 ts_max_queue=171 rust_queue=0 rust_max_queue=171 backpressure=0 slow_disconnects=0 update_ms=9.00 handler_ms=9.00 max_handler_ms=94.00 total_handler_ms=112704.00
[metrics:inner_transport] active=8 opened=8 pending=0 max_pending=0 overloads=0 timeouts=0 disconnected_calls=0 late_responses=0 idle_closes=0
[process-metrics] process=map1 cpu_percent=132.77 cpu_time_ms=12640 rss_bytes=132378624 v8_heap_used_bytes=22046072 v8_heap_total_bytes=89137152 v8_gc_count=213 v8_gc_ms=128.046 timestamp_ms=1783930916793
[metrics:map1] scene=map_1 type=MapHost processed=19244 failed=0 ts_queue=0 ts_max_queue=171 rust_queue=127 rust_max_queue=171 backpressure=0 slow_disconnects=0 update_ms=43.00 handler_ms=43.00 max_handler_ms=94.00 total_handler_ms=229946.00
[metrics:inner_transport] active=8 opened=8 pending=0 max_pending=0 overloads=0 timeouts=0 disconnected_calls=0 late_responses=0 idle_closes=0
[process-metrics] process=map1 cpu_percent=109.38 cpu_time_ms=18109 rss_bytes=135102464 v8_heap_used_bytes=34646904 v8_heap_total_bytes=91758592 v8_gc_count=305 v8_gc_ms=182.938 timestamp_ms=1783930921793
[metrics:map1] scene=map_1 type=MapHost processed=29510 failed=0 ts_queue=0 ts_max_queue=171 rust_queue=84 rust_max_queue=171 backpressure=0 slow_disconnects=0 update_ms=0.00 handler_ms=0.00 max_handler_ms=94.00 total_handler_ms=294990.00
[metrics:inner_transport] active=8 opened=8 pending=0 max_pending=0 overloads=0 timeouts=0 disconnected_calls=0 late_responses=0 idle_closes=0
[process-metrics] process=map1 cpu_percent=113.10 cpu_time_ms=23765 rss_bytes=136863744 v8_heap_used_bytes=11849984 v8_heap_total_bytes=79962112 v8_gc_count=398 v8_gc_ms=240.978 timestamp_ms=1783930926794
[metrics:map1] scene=map_1 type=MapHost processed=39686 failed=0 ts_queue=0 ts_max_queue=171 rust_queue=102 rust_max_queue=171 backpressure=0 slow_disconnects=0 update_ms=5.00 handler_ms=5.00 max_handler_ms=94.00 total_handler_ms=355947.00
[metrics:inner_transport] active=8 opened=8 pending=0 max_pending=0 overloads=0 timeouts=0 disconnected_calls=0 late_responses=0 idle_closes=0
[process-metrics] process=map1 cpu_percent=111.88 cpu_time_ms=29359 rss_bytes=123154432 v8_heap_used_bytes=28277536 v8_heap_total_bytes=79962112 v8_gc_count=489 v8_gc_ms=296.002 timestamp_ms=1783930931794
[metrics:map1] scene=map_1 type=MapHost processed=49864 failed=0 ts_queue=0 ts_max_queue=171 rust_queue=53 rust_max_queue=171 backpressure=0 slow_disconnects=0 update_ms=1.00 handler_ms=1.00 max_handler_ms=94.00 total_handler_ms=417941.00
[metrics:inner_transport] active=8 opened=8 pending=0 max_pending=0 overloads=0 timeouts=0 disconnected_calls=0 late_responses=0 idle_closes=0
[process-metrics] process=map1 cpu_percent=112.68 cpu_time_ms=35000 rss_bytes=124018688 v8_heap_used_bytes=11879128 v8_heap_total_bytes=79962112 v8_gc_count=581 v8_gc_ms=355.874 timestamp_ms=1783930936800
[metrics:map1] scene=map_1 type=MapHost processed=60045 failed=0 ts_queue=0 ts_max_queue=171 rust_queue=98 rust_max_queue=171 backpressure=0 slow_disconnects=0 update_ms=0.00 handler_ms=0.00 max_handler_ms=94.00 total_handler_ms=463787.00
[metrics:inner_transport] active=8 opened=8 pending=0 max_pending=0 overloads=0 timeouts=0 disconnected_calls=0 late_responses=0 idle_closes=0
[process-metrics] process=map1 cpu_percent=109.48 cpu_time_ms=40484 rss_bytes=128942080 v8_heap_used_bytes=34933800 v8_heap_total_bytes=84418560 v8_gc_count=674 v8_gc_ms=416.811 timestamp_ms=1783930941809
[metrics:map1] scene=map_1 type=MapHost processed=70044 failed=0 ts_queue=0 ts_max_queue=171 rust_queue=7 rust_max_queue=171 backpressure=0 slow_disconnects=0 update_ms=0.00 handler_ms=5.00 max_handler_ms=94.00 total_handler_ms=523408.00
[metrics:inner_transport] active=8 opened=8 pending=0 max_pending=0 overloads=0 timeouts=0 disconnected_calls=0 late_responses=0 idle_closes=0
[process-metrics] process=map1 cpu_percent=98.79 cpu_time_ms=45437 rss_bytes=128569344 v8_heap_used_bytes=19522976 v8_heap_total_bytes=84418560 v8_gc_count=766 v8_gc_ms=472.593 timestamp_ms=1783930946823
[metrics:map1] scene=map_1 type=MapHost processed=80244 failed=0 ts_queue=0 ts_max_queue=171 rust_queue=65 rust_max_queue=171 backpressure=0 slow_disconnects=0 update_ms=0.00 handler_ms=4.00 max_handler_ms=94.00 total_handler_ms=571942.00
[map_1] perf_8g_10_200_0_1783930907098 leave map 1 unit 1000
[map_1] perf_8g_10_200_5_1783930907099 leave map 1 unit 1003
[map_1] perf_8g_10_200_152_1783930907409 leave map 1 unit 1152
[map_1] perf_8g_10_200_150_1783930907403 leave map 1 unit 1150
[map_1] perf_8g_10_200_1_1783930907099 leave map 1 unit 1004
[map_1] perf_8g_10_200_151_1783930907407 leave map 1 unit 1151
[map_1] perf_8g_10_200_148_1783930907396 leave map 1 unit 1148
[map_1] perf_8g_10_200_149_1783930907402 leave map 1 unit 1149
[map_1] perf_8g_10_200_147_1783930907389 leave map 1 unit 1147
[map_1] perf_8g_10_200_146_1783930907387 leave map 1 unit 1146
[map_1] perf_8g_10_200_3_1783930907099 leave map 1 unit 1001
[map_1] perf_8g_10_200_145_1783930907386 leave map 1 unit 1145
[map_1] perf_8g_10_200_144_1783930907385 leave map 1 unit 1143
[map_1] perf_8g_10_200_4_1783930907099 leave map 1 unit 1014
[map_1] perf_8g_10_200_143_1783930907385 leave map 1 unit 1144
[map_1] perf_8g_10_200_142_1783930907384 leave map 1 unit 1142
[map_1] perf_8g_10_200_136_1783930907358 leave map 1 unit 1136
[map_1] perf_8g_10_200_137_1783930907367 leave map 1 unit 1137
[map_1] perf_8g_10_200_138_1783930907367 leave map 1 unit 1138
[map_1] perf_8g_10_200_15_1783930907100 leave map 1 unit 1012
[map_1] perf_8g_10_200_141_1783930907377 leave map 1 unit 1141
[map_1] perf_8g_10_200_139_1783930907367 leave map 1 unit 1139
[map_1] perf_8g_10_200_11_1783930907100 leave map 1 unit 1008
[map_1] perf_8g_10_200_140_1783930907376 leave map 1 unit 1140
[map_1] perf_8g_10_200_135_1783930907357 leave map 1 unit 1135
[map_1] perf_8g_10_200_134_1783930907354 leave map 1 unit 1134
[map_1] perf_8g_10_200_133_1783930907353 leave map 1 unit 1133
[map_1] perf_8g_10_200_20_1783930907133 leave map 1 unit 1020
[map_1] perf_8g_10_200_131_1783930907346 leave map 1 unit 1131
[map_1] perf_8g_10_200_132_1783930907352 leave map 1 unit 1132
[map_1] perf_8g_10_200_16_1783930907127 leave map 1 unit 1016
[map_1] perf_8g_10_200_130_1783930907343 leave map 1 unit 1130
[map_1] perf_8g_10_200_129_1783930907342 leave map 1 unit 1129
[map_1] perf_8g_10_200_6_1783930907099 leave map 1 unit 1007
[map_1] perf_8g_10_200_128_1783930907339 leave map 1 unit 1128
[map_1] perf_8g_10_200_127_1783930907338 leave map 1 unit 1127
[map_1] perf_8g_10_200_126_1783930907335 leave map 1 unit 1126
[map_1] perf_8g_10_200_7_1783930907099 leave map 1 unit 1006
[map_1] perf_8g_10_200_124_1783930907326 leave map 1 unit 1124
[map_1] perf_8g_10_200_125_1783930907332 leave map 1 unit 1125
[map_1] perf_8g_10_200_17_1783930907129 leave map 1 unit 1017
[map_1] perf_8g_10_200_122_1783930907324 leave map 1 unit 1122
[map_1] perf_8g_10_200_121_1783930907321 leave map 1 unit 1121
[map_1] perf_8g_10_200_123_1783930907324 leave map 1 unit 1123
[map_1] perf_8g_10_200_8_1783930907099 leave map 1 unit 1011
[map_1] perf_8g_10_200_120_1783930907315 leave map 1 unit 1120
[map_1] perf_8g_10_200_119_1783930907314 leave map 1 unit 1119
[map_1] perf_8g_10_200_18_1783930907131 leave map 1 unit 1018
[map_1] perf_8g_10_200_118_1783930907311 leave map 1 unit 1118
[map_1] perf_8g_10_200_117_1783930907309 leave map 1 unit 1117
[map_1] perf_8g_10_200_116_1783930907308 leave map 1 unit 1116
[map_1] perf_8g_10_200_2_1783930907099 leave map 1 unit 1002
[map_1] perf_8g_10_200_115_1783930907305 leave map 1 unit 1115
[map_1] perf_8g_10_200_24_1783930907134 leave map 1 unit 1022
[map_1] perf_8g_10_200_112_1783930907296 leave map 1 unit 1112
[map_1] perf_8g_10_200_113_1783930907298 leave map 1 unit 1113
[map_1] perf_8g_10_200_111_1783930907293 leave map 1 unit 1111
[map_1] perf_8g_10_200_26_1783930907135 leave map 1 unit 1028
[map_1] perf_8g_10_200_114_1783930907302 leave map 1 unit 1114
[map_1] perf_8g_10_200_110_1783930907293 leave map 1 unit 1110
[map_1] perf_8g_10_200_12_1783930907100 leave map 1 unit 1015
[map_1] perf_8g_10_200_106_1783930907279 leave map 1 unit 1106
[map_1] perf_8g_10_200_9_1783930907100 leave map 1 unit 1010
[map_1] perf_8g_10_200_104_1783930907273 leave map 1 unit 1104
[map_1] perf_8g_10_200_109_1783930907288 leave map 1 unit 1109
[map_1] perf_8g_10_200_108_1783930907283 leave map 1 unit 1108
[map_1] perf_8g_10_200_25_1783930907135 leave map 1 unit 1025
[map_1] perf_8g_10_200_101_1783930907268 leave map 1 unit 1101
[map_1] perf_8g_10_200_28_1783930907135 leave map 1 unit 1027
[map_1] perf_8g_10_200_107_1783930907280 leave map 1 unit 1107
[map_1] perf_8g_10_200_105_1783930907279 leave map 1 unit 1105
[map_1] perf_8g_10_200_103_1783930907270 leave map 1 unit 1103
[map_1] perf_8g_10_200_22_1783930907134 leave map 1 unit 1023
[map_1] perf_8g_10_200_102_1783930907270 leave map 1 unit 1102
[map_1] perf_8g_10_200_21_1783930907133 leave map 1 unit 1021
[map_1] perf_8g_10_200_100_1783930907268 leave map 1 unit 1100
[map_1] perf_8g_10_200_30_1783930907136 leave map 1 unit 1032
[map_1] perf_8g_10_200_99_1783930907266 leave map 1 unit 1099
[map_1] perf_8g_10_200_97_1783930907258 leave map 1 unit 1097
[map_1] perf_8g_10_200_98_1783930907265 leave map 1 unit 1098
[map_1] perf_8g_10_200_10_1783930907100 leave map 1 unit 1005
[map_1] perf_8g_10_200_95_1783930907254 leave map 1 unit 1095
[map_1] perf_8g_10_200_14_1783930907100 leave map 1 unit 1009
[map_1] perf_8g_10_200_96_1783930907255 leave map 1 unit 1096
[map_1] perf_8g_10_200_13_1783930907100 leave map 1 unit 1013
[map_1] perf_8g_10_200_93_1783930907252 leave map 1 unit 1093
[map_1] perf_8g_10_200_94_1783930907253 leave map 1 unit 1094
[map_1] perf_8g_10_200_91_1783930907243 leave map 1 unit 1091
[map_1] perf_8g_10_200_23_1783930907134 leave map 1 unit 1024
[map_1] perf_8g_10_200_90_1783930907240 leave map 1 unit 1090
[map_1] perf_8g_10_200_19_1783930907131 leave map 1 unit 1019
[map_1] perf_8g_10_200_89_1783930907239 leave map 1 unit 1089
[map_1] perf_8g_10_200_31_1783930907136 leave map 1 unit 1030
[map_1] perf_8g_10_200_92_1783930907244 leave map 1 unit 1092
[map_1] perf_8g_10_200_88_1783930907237 leave map 1 unit 1088
[map_1] perf_8g_10_200_87_1783930907231 leave map 1 unit 1087
[map_1] perf_8g_10_200_27_1783930907135 leave map 1 unit 1026
[map_1] perf_8g_10_200_79_1783930907219 leave map 1 unit 1079
[map_1] perf_8g_10_200_29_1783930907136 leave map 1 unit 1029
[map_1] perf_8g_10_200_86_1783930907230 leave map 1 unit 1086
[map_1] perf_8g_10_200_32_1783930907136 leave map 1 unit 1031
[map_1] perf_8g_10_200_82_1783930907223 leave map 1 unit 1082
[map_1] perf_8g_10_200_85_1783930907229 leave map 1 unit 1085
[map_1] perf_8g_10_200_34_1783930907148 leave map 1 unit 1034
[map_1] perf_8g_10_200_71_1783930907201 leave map 1 unit 1070
[map_1] perf_8g_10_200_33_1783930907142 leave map 1 unit 1033
[map_1] perf_8g_10_200_84_1783930907228 leave map 1 unit 1084
[map_1] perf_8g_10_200_36_1783930907150 leave map 1 unit 1036
[map_1] perf_8g_10_200_83_1783930907225 leave map 1 unit 1083
[map_1] perf_8g_10_200_35_1783930907149 leave map 1 unit 1035
[map_1] perf_8g_10_200_81_1783930907222 leave map 1 unit 1081
[map_1] perf_8g_10_200_80_1783930907219 leave map 1 unit 1080
[map_1] perf_8g_10_200_39_1783930907155 leave map 1 unit 1039
[map_1] perf_8g_10_200_78_1783930907218 leave map 1 unit 1078
[map_1] perf_8g_10_200_38_1783930907155 leave map 1 unit 1038
[map_1] perf_8g_10_200_77_1783930907217 leave map 1 unit 1077
[map_1] perf_8g_10_200_42_1783930907159 leave map 1 unit 1042
[map_1] perf_8g_10_200_76_1783930907215 leave map 1 unit 1076
[map_1] perf_8g_10_200_40_1783930907159 leave map 1 unit 1040
[map_1] perf_8g_10_200_75_1783930907213 leave map 1 unit 1075
[map_1] perf_8g_10_200_41_1783930907159 leave map 1 unit 1041
[map_1] perf_8g_10_200_69_1783930907198 leave map 1 unit 1069
[map_1] perf_8g_10_200_70_1783930907199 leave map 1 unit 1071
[map_1] perf_8g_10_200_74_1783930907211 leave map 1 unit 1074
[map_1] perf_8g_10_200_43_1783930907159 leave map 1 unit 1043
[map_1] perf_8g_10_200_68_1783930907195 leave map 1 unit 1068
[map_1] perf_8g_10_200_37_1783930907151 leave map 1 unit 1037
[map_1] perf_8g_10_200_67_1783930907193 leave map 1 unit 1067
[map_1] perf_8g_10_200_44_1783930907160 leave map 1 unit 1044
[map_1] perf_8g_10_200_73_1783930907210 leave map 1 unit 1073
[map_1] perf_8g_10_200_47_1783930907162 leave map 1 unit 1048
[map_1] perf_8g_10_200_72_1783930907209 leave map 1 unit 1072
[map_1] perf_8g_10_200_45_1783930907161 leave map 1 unit 1045
[map_1] perf_8g_10_200_66_1783930907193 leave map 1 unit 1066
[map_1] perf_8g_10_200_46_1783930907162 leave map 1 unit 1046
[map_1] perf_8g_10_200_61_1783930907187 leave map 1 unit 1061
[map_1] perf_8g_10_200_51_1783930907168 leave map 1 unit 1051
[map_1] perf_8g_10_200_63_1783930907189 leave map 1 unit 1063
[map_1] perf_8g_10_200_48_1783930907162 leave map 1 unit 1047
[map_1] perf_8g_10_200_64_1783930907190 leave map 1 unit 1064
[map_1] perf_8g_10_200_50_1783930907166 leave map 1 unit 1050
[map_1] perf_8g_10_200_65_1783930907191 leave map 1 unit 1065
[map_1] perf_8g_10_200_49_1783930907165 leave map 1 unit 1049
[map_1] perf_8g_10_200_59_1783930907185 leave map 1 unit 1059
[map_1] perf_8g_10_200_52_1783930907170 leave map 1 unit 1052
[map_1] perf_8g_10_200_62_1783930907188 leave map 1 unit 1062
[map_1] perf_8g_10_200_53_1783930907171 leave map 1 unit 1053
[map_1] perf_8g_10_200_60_1783930907186 leave map 1 unit 1060
[map_1] perf_8g_10_200_56_1783930907181 leave map 1 unit 1056
[map_1] perf_8g_10_200_55_1783930907175 leave map 1 unit 1055
[map_1] perf_8g_10_200_57_1783930907182 leave map 1 unit 1057
[map_1] perf_8g_10_200_54_1783930907174 leave map 1 unit 1054
[map_1] perf_8g_10_200_58_1783930907183 leave map 1 unit 1058
[map_1] perf_8g_10_200_197_1783930907549 leave map 1 unit 1198
[map_1] perf_8g_10_200_156_1783930907424 leave map 1 unit 1156
[map_1] perf_8g_10_200_153_1783930907413 leave map 1 unit 1153
[map_1] perf_8g_10_200_198_1783930907550 leave map 1 unit 1197
[map_1] perf_8g_10_200_195_1783930907534 leave map 1 unit 1194
[map_1] perf_8g_10_200_196_1783930907548 leave map 1 unit 1199
[map_1] perf_8g_10_200_199_1783930907551 leave map 1 unit 1196
[map_1] perf_8g_10_200_193_1783930907532 leave map 1 unit 1193
[map_1] perf_8g_10_200_194_1783930907533 leave map 1 unit 1195
[map_1] perf_8g_10_200_192_1783930907527 leave map 1 unit 1191
[map_1] perf_8g_10_200_191_1783930907526 leave map 1 unit 1192
[map_1] perf_8g_10_200_190_1783930907525 leave map 1 unit 1189
[map_1] perf_8g_10_200_189_1783930907523 leave map 1 unit 1188
[map_1] perf_8g_10_200_188_1783930907522 leave map 1 unit 1190
[map_1] perf_8g_10_200_187_1783930907511 leave map 1 unit 1185
[map_1] perf_8g_10_200_186_1783930907510 leave map 1 unit 1187
[map_1] perf_8g_10_200_185_1783930907509 leave map 1 unit 1186
[map_1] perf_8g_10_200_184_1783930907502 leave map 1 unit 1182
[map_1] perf_8g_10_200_154_1783930907417 leave map 1 unit 1154
[map_1] perf_8g_10_200_155_1783930907418 leave map 1 unit 1155
[map_1] perf_8g_10_200_157_1783930907425 leave map 1 unit 1157
[map_1] perf_8g_10_200_183_1783930907501 leave map 1 unit 1180
[map_1] perf_8g_10_200_182_1783930907500 leave map 1 unit 1181
[map_1] perf_8g_10_200_180_1783930907498 leave map 1 unit 1184
[map_1] perf_8g_10_200_181_1783930907499 leave map 1 unit 1183
[map_1] perf_8g_10_200_177_1783930907484 leave map 1 unit 1178
[map_1] perf_8g_10_200_179_1783930907487 leave map 1 unit 1179
[map_1] perf_8g_10_200_178_1783930907485 leave map 1 unit 1177
[map_1] perf_8g_10_200_158_1783930907431 leave map 1 unit 1158
[map_1] perf_8g_10_200_160_1783930907433 leave map 1 unit 1160
[map_1] perf_8g_10_200_159_1783930907432 leave map 1 unit 1159
[map_1] perf_8g_10_200_161_1783930907441 leave map 1 unit 1161
[map_1] perf_8g_10_200_176_1783930907477 leave map 1 unit 1174
[map_1] perf_8g_10_200_175_1783930907475 leave map 1 unit 1173
[map_1] perf_8g_10_200_174_1783930907474 leave map 1 unit 1175
[map_1] perf_8g_10_200_173_1783930907474 leave map 1 unit 1176
[map_1] perf_8g_10_200_172_1783930907473 leave map 1 unit 1172
[map_1] perf_8g_10_200_162_1783930907442 leave map 1 unit 1162
[map_1] perf_8g_10_200_163_1783930907443 leave map 1 unit 1163
[map_1] perf_8g_10_200_164_1783930907446 leave map 1 unit 1167
[map_1] perf_8g_10_200_171_1783930907462 leave map 1 unit 1169
[map_1] perf_8g_10_200_170_1783930907462 leave map 1 unit 1171
[map_1] perf_8g_10_200_168_1783930907455 leave map 1 unit 1166
[map_1] perf_8g_10_200_169_1783930907461 leave map 1 unit 1170
[map_1] perf_8g_10_200_166_1783930907454 leave map 1 unit 1165
[map_1] perf_8g_10_200_165_1783930907453 leave map 1 unit 1168
[map_1] perf_8g_10_200_167_1783930907454 leave map 1 unit 1164
