starting process map1 with one V8 and 1 scene(s) from E:\VsCode\skynet\ets_runtime\perf\results\runtime_configs\map_capacity_20260713_081609\200p_8g_r1\map1.json
scene map_1 (MapHost) listening on 127.0.0.1:7301
[process:map1] one V8 started with 1 scene(s)
[map_1] MapHost scene started at 127.0.0.1:7301
map_1 accepted 127.0.0.1:50577 as conn 1
map_1 accepted 127.0.0.1:51100 as conn 2
map_1 accepted 127.0.0.1:51101 as conn 3
map_1 accepted 127.0.0.1:51103 as conn 4
map_1 accepted 127.0.0.1:51102 as conn 5
[map_1] perf_8g_10_200_0_1783930822502 enter map 1 unit 1000
map_1 accepted 127.0.0.1:51555 as conn 6
map_1 accepted 127.0.0.1:51565 as conn 7
map_1 accepted 127.0.0.1:51567 as conn 8
map_1 accepted 127.0.0.1:51570 as conn 9
[map_1] perf_8g_10_200_5_1783930822504 enter map 1 unit 1001
[map_1] perf_8g_10_200_2_1783930822503 enter map 1 unit 1002
[map_1] perf_8g_10_200_8_1783930822504 enter map 1 unit 1003
[map_1] perf_8g_10_200_6_1783930822504 enter map 1 unit 1004
[map_1] perf_8g_10_200_3_1783930822503 enter map 1 unit 1005
[map_1] perf_8g_10_200_1_1783930822503 enter map 1 unit 1006
[map_1] perf_8g_10_200_10_1783930822504 enter map 1 unit 1007
[map_1] perf_8g_10_200_11_1783930822504 enter map 1 unit 1008
[map_1] perf_8g_10_200_12_1783930822504 enter map 1 unit 1009
[map_1] perf_8g_10_200_7_1783930822504 enter map 1 unit 1010
[map_1] perf_8g_10_200_4_1783930822503 enter map 1 unit 1011
[map_1] perf_8g_10_200_9_1783930822504 enter map 1 unit 1012
[map_1] perf_8g_10_200_14_1783930822504 enter map 1 unit 1013
[map_1] perf_8g_10_200_13_1783930822504 enter map 1 unit 1014
[map_1] perf_8g_10_200_15_1783930822504 enter map 1 unit 1015
[map_1] perf_8g_10_200_16_1783930822528 enter map 1 unit 1016
[map_1] perf_8g_10_200_17_1783930822530 enter map 1 unit 1017
[map_1] perf_8g_10_200_18_1783930822532 enter map 1 unit 1018
[map_1] perf_8g_10_200_19_1783930822532 enter map 1 unit 1019
[map_1] perf_8g_10_200_20_1783930822534 enter map 1 unit 1020
[map_1] perf_8g_10_200_21_1783930822534 enter map 1 unit 1021
[map_1] perf_8g_10_200_22_1783930822535 enter map 1 unit 1022
[map_1] perf_8g_10_200_24_1783930822535 enter map 1 unit 1023
[map_1] perf_8g_10_200_23_1783930822535 enter map 1 unit 1024
[map_1] perf_8g_10_200_25_1783930822536 enter map 1 unit 1025
[map_1] perf_8g_10_200_26_1783930822536 enter map 1 unit 1026
[map_1] perf_8g_10_200_27_1783930822536 enter map 1 unit 1027
[map_1] perf_8g_10_200_28_1783930822537 enter map 1 unit 1028
[map_1] perf_8g_10_200_30_1783930822537 enter map 1 unit 1029
[map_1] perf_8g_10_200_29_1783930822537 enter map 1 unit 1030
[map_1] perf_8g_10_200_32_1783930822538 enter map 1 unit 1031
[map_1] perf_8g_10_200_31_1783930822538 enter map 1 unit 1032
[map_1] perf_8g_10_200_33_1783930822542 enter map 1 unit 1033
[map_1] perf_8g_10_200_34_1783930822545 enter map 1 unit 1034
[map_1] perf_8g_10_200_35_1783930822546 enter map 1 unit 1035
[map_1] perf_8g_10_200_36_1783930822552 enter map 1 unit 1036
[map_1] perf_8g_10_200_37_1783930822553 enter map 1 unit 1037
[map_1] perf_8g_10_200_38_1783930822555 enter map 1 unit 1038
[map_1] perf_8g_10_200_39_1783930822557 enter map 1 unit 1039
[map_1] perf_8g_10_200_40_1783930822557 enter map 1 unit 1040
[map_1] perf_8g_10_200_41_1783930822557 enter map 1 unit 1041
[map_1] perf_8g_10_200_42_1783930822559 enter map 1 unit 1042
[map_1] perf_8g_10_200_43_1783930822560 enter map 1 unit 1043
[map_1] perf_8g_10_200_45_1783930822560 enter map 1 unit 1044
[map_1] perf_8g_10_200_44_1783930822560 enter map 1 unit 1045
[map_1] perf_8g_10_200_46_1783930822563 enter map 1 unit 1046
[map_1] perf_8g_10_200_47_1783930822564 enter map 1 unit 1047
[map_1] perf_8g_10_200_49_1783930822564 enter map 1 unit 1049
[map_1] perf_8g_10_200_48_1783930822564 enter map 1 unit 1048
[map_1] perf_8g_10_200_50_1783930822565 enter map 1 unit 1050
[map_1] perf_8g_10_200_51_1783930822565 enter map 1 unit 1051
[map_1] perf_8g_10_200_52_1783930822571 enter map 1 unit 1052
[map_1] perf_8g_10_200_53_1783930822572 enter map 1 unit 1053
[map_1] perf_8g_10_200_54_1783930822574 enter map 1 unit 1054
[map_1] perf_8g_10_200_55_1783930822578 enter map 1 unit 1055
[map_1] perf_8g_10_200_57_1783930822579 enter map 1 unit 1056
[map_1] perf_8g_10_200_56_1783930822579 enter map 1 unit 1057
[map_1] perf_8g_10_200_58_1783930822581 enter map 1 unit 1058
[map_1] perf_8g_10_200_59_1783930822584 enter map 1 unit 1059
[map_1] perf_8g_10_200_60_1783930822585 enter map 1 unit 1060
[map_1] perf_8g_10_200_61_1783930822585 enter map 1 unit 1061
[map_1] perf_8g_10_200_62_1783930822588 enter map 1 unit 1062
[map_1] perf_8g_10_200_63_1783930822588 enter map 1 unit 1063
[map_1] perf_8g_10_200_64_1783930822589 enter map 1 unit 1064
[map_1] perf_8g_10_200_65_1783930822590 enter map 1 unit 1065
[map_1] perf_8g_10_200_66_1783930822592 enter map 1 unit 1066
[map_1] perf_8g_10_200_67_1783930822593 enter map 1 unit 1067
[map_1] perf_8g_10_200_69_1783930822594 enter map 1 unit 1069
[map_1] perf_8g_10_200_68_1783930822594 enter map 1 unit 1068
[map_1] perf_8g_10_200_70_1783930822597 enter map 1 unit 1070
[map_1] perf_8g_10_200_71_1783930822602 enter map 1 unit 1071
[map_1] perf_8g_10_200_72_1783930822603 enter map 1 unit 1072
[map_1] perf_8g_10_200_73_1783930822604 enter map 1 unit 1073
[map_1] perf_8g_10_200_74_1783930822606 enter map 1 unit 1074
[map_1] perf_8g_10_200_75_1783930822609 enter map 1 unit 1075
[map_1] perf_8g_10_200_76_1783930822612 enter map 1 unit 1076
[map_1] perf_8g_10_200_77_1783930822614 enter map 1 unit 1077
[map_1] perf_8g_10_200_78_1783930822615 enter map 1 unit 1078
[map_1] perf_8g_10_200_80_1783930822618 enter map 1 unit 1079
[map_1] perf_8g_10_200_79_1783930822616 enter map 1 unit 1080
[map_1] perf_8g_10_200_81_1783930822619 enter map 1 unit 1081
[map_1] perf_8g_10_200_82_1783930822621 enter map 1 unit 1082
[map_1] perf_8g_10_200_83_1783930822623 enter map 1 unit 1083
[map_1] perf_8g_10_200_84_1783930822624 enter map 1 unit 1084
[map_1] perf_8g_10_200_85_1783930822625 enter map 1 unit 1085
[map_1] perf_8g_10_200_86_1783930822627 enter map 1 unit 1086
[map_1] perf_8g_10_200_87_1783930822631 enter map 1 unit 1087
[map_1] perf_8g_10_200_88_1783930822635 enter map 1 unit 1088
[map_1] perf_8g_10_200_89_1783930822636 enter map 1 unit 1089
[map_1] perf_8g_10_200_90_1783930822638 enter map 1 unit 1090
[map_1] perf_8g_10_200_91_1783930822639 enter map 1 unit 1091
[map_1] perf_8g_10_200_92_1783930822642 enter map 1 unit 1092
[map_1] perf_8g_10_200_93_1783930822644 enter map 1 unit 1093
[map_1] perf_8g_10_200_94_1783930822646 enter map 1 unit 1094
[map_1] perf_8g_10_200_95_1783930822648 enter map 1 unit 1095
[map_1] perf_8g_10_200_96_1783930822651 enter map 1 unit 1096
[map_1] perf_8g_10_200_97_1783930822652 enter map 1 unit 1097
[map_1] perf_8g_10_200_99_1783930822656 enter map 1 unit 1099
[map_1] perf_8g_10_200_98_1783930822654 enter map 1 unit 1098
[map_1] perf_8g_10_200_100_1783930822658 enter map 1 unit 1100
[map_1] perf_8g_10_200_101_1783930822660 enter map 1 unit 1101
[map_1] perf_8g_10_200_102_1783930822661 enter map 1 unit 1102
[map_1] perf_8g_10_200_103_1783930822664 enter map 1 unit 1103
[map_1] perf_8g_10_200_104_1783930822669 enter map 1 unit 1104
[map_1] perf_8g_10_200_105_1783930822674 enter map 1 unit 1105
[map_1] perf_8g_10_200_106_1783930822674 enter map 1 unit 1106
[map_1] perf_8g_10_200_107_1783930822676 enter map 1 unit 1107
[map_1] perf_8g_10_200_108_1783930822678 enter map 1 unit 1108
[map_1] perf_8g_10_200_109_1783930822678 enter map 1 unit 1109
[map_1] perf_8g_10_200_110_1783930822681 enter map 1 unit 1110
[map_1] perf_8g_10_200_112_1783930822686 enter map 1 unit 1111
[map_1] perf_8g_10_200_111_1783930822684 enter map 1 unit 1112
[map_1] perf_8g_10_200_113_1783930822691 enter map 1 unit 1113
[map_1] perf_8g_10_200_114_1783930822692 enter map 1 unit 1114
[map_1] perf_8g_10_200_115_1783930822693 enter map 1 unit 1115
[map_1] perf_8g_10_200_116_1783930822695 enter map 1 unit 1116
[map_1] perf_8g_10_200_117_1783930822696 enter map 1 unit 1117
[map_1] perf_8g_10_200_118_1783930822699 enter map 1 unit 1118
[map_1] perf_8g_10_200_119_1783930822700 enter map 1 unit 1119
[map_1] perf_8g_10_200_120_1783930822704 enter map 1 unit 1120
[map_1] perf_8g_10_200_121_1783930822707 enter map 1 unit 1121
[map_1] perf_8g_10_200_122_1783930822708 enter map 1 unit 1122
[map_1] perf_8g_10_200_123_1783930822710 enter map 1 unit 1123
[map_1] perf_8g_10_200_124_1783930822712 enter map 1 unit 1124
[map_1] perf_8g_10_200_125_1783930822717 enter map 1 unit 1125
[map_1] perf_8g_10_200_126_1783930822718 enter map 1 unit 1126
[map_1] perf_8g_10_200_127_1783930822722 enter map 1 unit 1127
[map_1] perf_8g_10_200_128_1783930822723 enter map 1 unit 1128
[map_1] perf_8g_10_200_129_1783930822725 enter map 1 unit 1129
[map_1] perf_8g_10_200_130_1783930822728 enter map 1 unit 1130
[map_1] perf_8g_10_200_131_1783930822733 enter map 1 unit 1131
[map_1] perf_8g_10_200_132_1783930822736 enter map 1 unit 1132
[map_1] perf_8g_10_200_133_1783930822736 enter map 1 unit 1133
[map_1] perf_8g_10_200_134_1783930822740 enter map 1 unit 1134
[map_1] perf_8g_10_200_135_1783930822741 enter map 1 unit 1135
[map_1] perf_8g_10_200_136_1783930822743 enter map 1 unit 1136
[map_1] perf_8g_10_200_137_1783930822747 enter map 1 unit 1137
[map_1] perf_8g_10_200_138_1783930822749 enter map 1 unit 1138
[map_1] perf_8g_10_200_140_1783930822751 enter map 1 unit 1140
[map_1] perf_8g_10_200_139_1783930822750 enter map 1 unit 1139
[map_1] perf_8g_10_200_141_1783930822759 enter map 1 unit 1141
[map_1] perf_8g_10_200_142_1783930822764 enter map 1 unit 1142
[map_1] perf_8g_10_200_143_1783930822767 enter map 1 unit 1143
[map_1] perf_8g_10_200_144_1783930822769 enter map 1 unit 1144
[map_1] perf_8g_10_200_145_1783930822770 enter map 1 unit 1145
[map_1] perf_8g_10_200_146_1783930822777 enter map 1 unit 1146
[map_1] perf_8g_10_200_147_1783930822780 enter map 1 unit 1147
[map_1] perf_8g_10_200_148_1783930822782 enter map 1 unit 1148
[map_1] perf_8g_10_200_149_1783930822784 enter map 1 unit 1149
[map_1] perf_8g_10_200_150_1783930822787 enter map 1 unit 1150
[map_1] perf_8g_10_200_151_1783930822788 enter map 1 unit 1151
[map_1] perf_8g_10_200_152_1783930822794 enter map 1 unit 1152
[map_1] perf_8g_10_200_153_1783930822795 enter map 1 unit 1153
[map_1] perf_8g_10_200_154_1783930822800 enter map 1 unit 1154
[map_1] perf_8g_10_200_155_1783930822800 enter map 1 unit 1155
[map_1] perf_8g_10_200_156_1783930822801 enter map 1 unit 1156
[map_1] perf_8g_10_200_157_1783930822807 enter map 1 unit 1157
[map_1] perf_8g_10_200_158_1783930822809 enter map 1 unit 1158
[map_1] perf_8g_10_200_159_1783930822811 enter map 1 unit 1159
[map_1] perf_8g_10_200_160_1783930822816 enter map 1 unit 1160
[map_1] perf_8g_10_200_164_1783930822825 enter map 1 unit 1165
[map_1] perf_8g_10_200_161_1783930822816 enter map 1 unit 1161
[map_1] perf_8g_10_200_165_1783930822825 enter map 1 unit 1164
[map_1] perf_8g_10_200_162_1783930822820 enter map 1 unit 1162
[map_1] perf_8g_10_200_163_1783930822821 enter map 1 unit 1163
[map_1] perf_8g_10_200_167_1783930822832 enter map 1 unit 1166
[map_1] perf_8g_10_200_166_1783930822829 enter map 1 unit 1167
[map_1] perf_8g_10_200_168_1783930822838 enter map 1 unit 1168
[map_1] perf_8g_10_200_169_1783930822838 enter map 1 unit 1171
[map_1] perf_8g_10_200_172_1783930822848 enter map 1 unit 1169
[map_1] perf_8g_10_200_173_1783930822848 enter map 1 unit 1170
[map_1] perf_8g_10_200_171_1783930822844 enter map 1 unit 1172
[map_1] perf_8g_10_200_175_1783930822854 enter map 1 unit 1175
[map_1] perf_8g_10_200_170_1783930822844 enter map 1 unit 1173
[map_1] perf_8g_10_200_174_1783930822853 enter map 1 unit 1174
[map_1] perf_8g_10_200_177_1783930822870 enter map 1 unit 1176
[map_1] perf_8g_10_200_176_1783930822869 enter map 1 unit 1179
[map_1] perf_8g_10_200_180_1783930822873 enter map 1 unit 1177
[map_1] perf_8g_10_200_181_1783930822874 enter map 1 unit 1178
[map_1] perf_8g_10_200_183_1783930822879 enter map 1 unit 1180
[map_1] perf_8g_10_200_178_1783930822871 enter map 1 unit 1183
[map_1] perf_8g_10_200_182_1783930822878 enter map 1 unit 1181
[map_1] perf_8g_10_200_179_1783930822872 enter map 1 unit 1182
[map_1] perf_8g_10_200_188_1783930822895 enter map 1 unit 1184
[map_1] perf_8g_10_200_184_1783930822885 enter map 1 unit 1187
[map_1] perf_8g_10_200_189_1783930822896 enter map 1 unit 1185
[map_1] perf_8g_10_200_185_1783930822886 enter map 1 unit 1186
[map_1] perf_8g_10_200_186_1783930822887 enter map 1 unit 1188
[map_1] perf_8g_10_200_191_1783930822898 enter map 1 unit 1191
[map_1] perf_8g_10_200_187_1783930822888 enter map 1 unit 1189
[map_1] perf_8g_10_200_190_1783930822897 enter map 1 unit 1190
[map_1] perf_8g_10_200_192_1783930822907 enter map 1 unit 1192
[map_1] perf_8g_10_200_196_1783930822919 enter map 1 unit 1195
[map_1] perf_8g_10_200_193_1783930822908 enter map 1 unit 1193
[map_1] perf_8g_10_200_197_1783930822920 enter map 1 unit 1194
[map_1] perf_8g_10_200_198_1783930822929 enter map 1 unit 1196
[map_1] perf_8g_10_200_199_1783930822929 enter map 1 unit 1199
[map_1] perf_8g_10_200_194_1783930822909 enter map 1 unit 1197
[map_1] perf_8g_10_200_195_1783930822909 enter map 1 unit 1198
[metrics:inner_transport] active=8 opened=8 pending=0 max_pending=0 overloads=0 timeouts=0 disconnected_calls=0 late_responses=0 idle_closes=0
[process-metrics] process=map1 cpu_percent=129.64 cpu_time_ms=6546 rss_bytes=134795264 v8_heap_used_bytes=38890112 v8_heap_total_bytes=93069312 v8_gc_count=118 v8_gc_ms=69.738 timestamp_ms=1783930827251
[metrics:map1] scene=map_1 type=MapHost processed=9116 failed=0 ts_queue=0 ts_max_queue=165 rust_queue=107 rust_max_queue=165 backpressure=0 slow_disconnects=0 update_ms=10.00 handler_ms=10.00 max_handler_ms=43.00 total_handler_ms=82840.00
[metrics:inner_transport] active=8 opened=8 pending=0 max_pending=0 overloads=0 timeouts=0 disconnected_calls=0 late_responses=0 idle_closes=0
[process-metrics] process=map1 cpu_percent=116.29 cpu_time_ms=12359 rss_bytes=137568256 v8_heap_used_bytes=28647592 v8_heap_total_bytes=95952896 v8_gc_count=208 v8_gc_ms=129.711 timestamp_ms=1783930832250
[metrics:map1] scene=map_1 type=MapHost processed=19273 failed=0 ts_queue=0 ts_max_queue=165 rust_queue=124 rust_max_queue=165 backpressure=0 slow_disconnects=0 update_ms=0.00 handler_ms=0.00 max_handler_ms=43.00 total_handler_ms=169044.00
[metrics:inner_transport] active=8 opened=8 pending=0 max_pending=0 overloads=0 timeouts=0 disconnected_calls=0 late_responses=0 idle_closes=0
[process-metrics] process=map1 cpu_percent=108.75 cpu_time_ms=17828 rss_bytes=141975552 v8_heap_used_bytes=32220464 v8_heap_total_bytes=99360768 v8_gc_count=298 v8_gc_ms=184.832 timestamp_ms=1783930837279
[metrics:map1] scene=map_1 type=MapHost processed=29474 failed=0 ts_queue=0 ts_max_queue=165 rust_queue=184 rust_max_queue=184 backpressure=0 slow_disconnects=0 update_ms=1.00 handler_ms=1.00 max_handler_ms=52.00 total_handler_ms=277253.00
[metrics:inner_transport] active=8 opened=8 pending=0 max_pending=0 overloads=0 timeouts=0 disconnected_calls=0 late_responses=0 idle_closes=0
[process-metrics] process=map1 cpu_percent=126.60 cpu_time_ms=24171 rss_bytes=145727488 v8_heap_used_bytes=36032544 v8_heap_total_bytes=101720064 v8_gc_count=389 v8_gc_ms=248.025 timestamp_ms=1783930842289
[metrics:map1] scene=map_1 type=MapHost processed=39672 failed=0 ts_queue=0 ts_max_queue=184 rust_queue=102 rust_max_queue=184 backpressure=0 slow_disconnects=0 update_ms=0.00 handler_ms=0.00 max_handler_ms=52.00 total_handler_ms=349308.00
[metrics:inner_transport] active=8 opened=8 pending=0 max_pending=0 overloads=0 timeouts=0 disconnected_calls=0 late_responses=0 idle_closes=0
[process-metrics] process=map1 cpu_percent=116.90 cpu_time_ms=30015 rss_bytes=149532672 v8_heap_used_bytes=62735816 v8_heap_total_bytes=104603648 v8_gc_count=482 v8_gc_ms=304.727 timestamp_ms=1783930847288
[metrics:map1] scene=map_1 type=MapHost processed=50141 failed=0 ts_queue=0 ts_max_queue=184 rust_queue=0 rust_max_queue=184 backpressure=0 slow_disconnects=0 update_ms=12.00 handler_ms=12.00 max_handler_ms=52.00 total_handler_ms=416608.00
[metrics:inner_transport] active=8 opened=8 pending=0 max_pending=0 overloads=0 timeouts=0 disconnected_calls=0 late_responses=0 idle_closes=0
[process-metrics] process=map1 cpu_percent=107.29 cpu_time_ms=35421 rss_bytes=149483520 v8_heap_used_bytes=29851528 v8_heap_total_bytes=86253568 v8_gc_count=574 v8_gc_ms=367.930 timestamp_ms=1783930852327
[metrics:map1] scene=map_1 type=MapHost processed=60341 failed=0 ts_queue=0 ts_max_queue=184 rust_queue=64 rust_max_queue=184 backpressure=0 slow_disconnects=0 update_ms=0.00 handler_ms=2.00 max_handler_ms=52.00 total_handler_ms=503873.00
[metrics:inner_transport] active=8 opened=8 pending=0 max_pending=0 overloads=0 timeouts=0 disconnected_calls=0 late_responses=0 idle_closes=0
[process-metrics] process=map1 cpu_percent=150.54 cpu_time_ms=42984 rss_bytes=149688320 v8_heap_used_bytes=12423024 v8_heap_total_bytes=86253568 v8_gc_count=667 v8_gc_ms=425.315 timestamp_ms=1783930857350
[metrics:map1] scene=map_1 type=MapHost processed=70741 failed=0 ts_queue=0 ts_max_queue=184 rust_queue=0 rust_max_queue=184 backpressure=0 slow_disconnects=0 update_ms=24.00 handler_ms=24.00 max_handler_ms=52.00 total_handler_ms=580617.00
[metrics:inner_transport] active=8 opened=8 pending=0 max_pending=0 overloads=0 timeouts=0 disconnected_calls=0 late_responses=0 idle_closes=0
[process-metrics] process=map1 cpu_percent=102.76 cpu_time_ms=48125 rss_bytes=130707456 v8_heap_used_bytes=36555800 v8_heap_total_bytes=86253568 v8_gc_count=755 v8_gc_ms=483.600 timestamp_ms=1783930862353
[metrics:map1] scene=map_1 type=MapHost processed=80925 failed=0 ts_queue=0 ts_max_queue=184 rust_queue=16 rust_max_queue=184 backpressure=0 slow_disconnects=0 update_ms=1.00 handler_ms=1.00 max_handler_ms=52.00 total_handler_ms=658136.00
[map_1] perf_8g_10_200_1_1783930822503 leave map 1 unit 1006
[map_1] perf_8g_10_200_0_1783930822502 leave map 1 unit 1000
[map_1] perf_8g_10_200_35_1783930822546 leave map 1 unit 1035
[map_1] perf_8g_10_200_33_1783930822542 leave map 1 unit 1033
[map_1] perf_8g_10_200_3_1783930822503 leave map 1 unit 1005
[map_1] perf_8g_10_200_34_1783930822545 leave map 1 unit 1034
[map_1] perf_8g_10_200_2_1783930822503 leave map 1 unit 1002
[map_1] perf_8g_10_200_32_1783930822538 leave map 1 unit 1031
[map_1] perf_8g_10_200_7_1783930822504 leave map 1 unit 1010
[map_1] perf_8g_10_200_30_1783930822537 leave map 1 unit 1029
[map_1] perf_8g_10_200_11_1783930822504 leave map 1 unit 1008
[map_1] perf_8g_10_200_31_1783930822538 leave map 1 unit 1032
[map_1] perf_8g_10_200_5_1783930822504 leave map 1 unit 1001
[map_1] perf_8g_10_200_29_1783930822537 leave map 1 unit 1030
[map_1] perf_8g_10_200_12_1783930822504 leave map 1 unit 1009
[map_1] perf_8g_10_200_28_1783930822537 leave map 1 unit 1028
[map_1] perf_8g_10_200_27_1783930822536 leave map 1 unit 1027
[map_1] perf_8g_10_200_6_1783930822504 leave map 1 unit 1004
[map_1] perf_8g_10_200_23_1783930822535 leave map 1 unit 1024
[map_1] perf_8g_10_200_4_1783930822503 leave map 1 unit 1011
[map_1] perf_8g_10_200_8_1783930822504 leave map 1 unit 1003
[map_1] perf_8g_10_200_26_1783930822536 leave map 1 unit 1026
[map_1] perf_8g_10_200_25_1783930822536 leave map 1 unit 1025
[map_1] perf_8g_10_200_14_1783930822504 leave map 1 unit 1013
[map_1] perf_8g_10_200_16_1783930822528 leave map 1 unit 1016
[map_1] perf_8g_10_200_21_1783930822534 leave map 1 unit 1021
[map_1] perf_8g_10_200_24_1783930822535 leave map 1 unit 1023
[map_1] perf_8g_10_200_15_1783930822504 leave map 1 unit 1015
[map_1] perf_8g_10_200_22_1783930822535 leave map 1 unit 1022
[map_1] perf_8g_10_200_9_1783930822504 leave map 1 unit 1012
[map_1] perf_8g_10_200_20_1783930822534 leave map 1 unit 1020
[map_1] perf_8g_10_200_13_1783930822504 leave map 1 unit 1014
[map_1] perf_8g_10_200_18_1783930822532 leave map 1 unit 1018
[map_1] perf_8g_10_200_19_1783930822532 leave map 1 unit 1019
[map_1] perf_8g_10_200_10_1783930822504 leave map 1 unit 1007
[map_1] perf_8g_10_200_17_1783930822530 leave map 1 unit 1017
[map_1] perf_8g_10_200_199_1783930822929 leave map 1 unit 1199
[map_1] perf_8g_10_200_198_1783930822929 leave map 1 unit 1196
[map_1] perf_8g_10_200_197_1783930822920 leave map 1 unit 1194
[map_1] perf_8g_10_200_196_1783930822919 leave map 1 unit 1195
[map_1] perf_8g_10_200_195_1783930822909 leave map 1 unit 1198
[map_1] perf_8g_10_200_194_1783930822909 leave map 1 unit 1197
[map_1] perf_8g_10_200_193_1783930822908 leave map 1 unit 1193
[map_1] perf_8g_10_200_192_1783930822907 leave map 1 unit 1192
[map_1] perf_8g_10_200_191_1783930822898 leave map 1 unit 1191
[map_1] perf_8g_10_200_190_1783930822897 leave map 1 unit 1190
[map_1] perf_8g_10_200_189_1783930822896 leave map 1 unit 1185
[map_1] perf_8g_10_200_188_1783930822895 leave map 1 unit 1184
[map_1] perf_8g_10_200_187_1783930822888 leave map 1 unit 1189
[map_1] perf_8g_10_200_186_1783930822887 leave map 1 unit 1188
[map_1] perf_8g_10_200_185_1783930822886 leave map 1 unit 1186
[map_1] perf_8g_10_200_184_1783930822885 leave map 1 unit 1187
[map_1] perf_8g_10_200_36_1783930822552 leave map 1 unit 1036
[map_1] perf_8g_10_200_183_1783930822879 leave map 1 unit 1180
[map_1] perf_8g_10_200_182_1783930822878 leave map 1 unit 1181
[map_1] perf_8g_10_200_181_1783930822874 leave map 1 unit 1178
[map_1] perf_8g_10_200_180_1783930822873 leave map 1 unit 1177
[map_1] perf_8g_10_200_179_1783930822872 leave map 1 unit 1182
[map_1] perf_8g_10_200_178_1783930822871 leave map 1 unit 1183
[map_1] perf_8g_10_200_177_1783930822870 leave map 1 unit 1176
[map_1] perf_8g_10_200_37_1783930822553 leave map 1 unit 1037
[map_1] perf_8g_10_200_176_1783930822869 leave map 1 unit 1179
[map_1] perf_8g_10_200_175_1783930822854 leave map 1 unit 1175
[map_1] perf_8g_10_200_174_1783930822853 leave map 1 unit 1174
[map_1] perf_8g_10_200_173_1783930822848 leave map 1 unit 1170
[map_1] perf_8g_10_200_172_1783930822848 leave map 1 unit 1169
[map_1] perf_8g_10_200_38_1783930822555 leave map 1 unit 1038
[map_1] perf_8g_10_200_171_1783930822844 leave map 1 unit 1172
[map_1] perf_8g_10_200_170_1783930822844 leave map 1 unit 1173
[map_1] perf_8g_10_200_168_1783930822838 leave map 1 unit 1168
[map_1] perf_8g_10_200_169_1783930822838 leave map 1 unit 1171
[map_1] perf_8g_10_200_39_1783930822557 leave map 1 unit 1039
[map_1] perf_8g_10_200_167_1783930822832 leave map 1 unit 1166
[map_1] perf_8g_10_200_165_1783930822825 leave map 1 unit 1164
[map_1] perf_8g_10_200_166_1783930822829 leave map 1 unit 1167
[map_1] perf_8g_10_200_164_1783930822825 leave map 1 unit 1165
[map_1] perf_8g_10_200_162_1783930822820 leave map 1 unit 1162
[map_1] perf_8g_10_200_161_1783930822816 leave map 1 unit 1161
[map_1] perf_8g_10_200_163_1783930822821 leave map 1 unit 1163
[map_1] perf_8g_10_200_40_1783930822557 leave map 1 unit 1040
[map_1] perf_8g_10_200_159_1783930822811 leave map 1 unit 1159
[map_1] perf_8g_10_200_160_1783930822816 leave map 1 unit 1160
[map_1] perf_8g_10_200_158_1783930822809 leave map 1 unit 1158
[map_1] perf_8g_10_200_43_1783930822560 leave map 1 unit 1043
[map_1] perf_8g_10_200_157_1783930822807 leave map 1 unit 1157
[map_1] perf_8g_10_200_156_1783930822801 leave map 1 unit 1156
[map_1] perf_8g_10_200_155_1783930822800 leave map 1 unit 1155
[map_1] perf_8g_10_200_44_1783930822560 leave map 1 unit 1045
[map_1] perf_8g_10_200_153_1783930822795 leave map 1 unit 1153
[map_1] perf_8g_10_200_154_1783930822800 leave map 1 unit 1154
[map_1] perf_8g_10_200_152_1783930822794 leave map 1 unit 1152
[map_1] perf_8g_10_200_41_1783930822557 leave map 1 unit 1041
[map_1] perf_8g_10_200_151_1783930822788 leave map 1 unit 1151
[map_1] perf_8g_10_200_150_1783930822787 leave map 1 unit 1150
[map_1] perf_8g_10_200_149_1783930822784 leave map 1 unit 1149
[map_1] perf_8g_10_200_148_1783930822782 leave map 1 unit 1148
[map_1] perf_8g_10_200_147_1783930822780 leave map 1 unit 1147
[map_1] perf_8g_10_200_45_1783930822560 leave map 1 unit 1044
[map_1] perf_8g_10_200_146_1783930822777 leave map 1 unit 1146
[map_1] perf_8g_10_200_144_1783930822769 leave map 1 unit 1144
[map_1] perf_8g_10_200_42_1783930822559 leave map 1 unit 1042
[map_1] perf_8g_10_200_145_1783930822770 leave map 1 unit 1145
[map_1] perf_8g_10_200_143_1783930822767 leave map 1 unit 1143
[map_1] perf_8g_10_200_142_1783930822764 leave map 1 unit 1142
[map_1] perf_8g_10_200_47_1783930822564 leave map 1 unit 1047
[map_1] perf_8g_10_200_141_1783930822759 leave map 1 unit 1141
[map_1] perf_8g_10_200_140_1783930822751 leave map 1 unit 1140
[map_1] perf_8g_10_200_48_1783930822564 leave map 1 unit 1048
[map_1] perf_8g_10_200_139_1783930822750 leave map 1 unit 1139
[map_1] perf_8g_10_200_138_1783930822749 leave map 1 unit 1138
[map_1] perf_8g_10_200_46_1783930822563 leave map 1 unit 1046
[map_1] perf_8g_10_200_137_1783930822747 leave map 1 unit 1137
[map_1] perf_8g_10_200_136_1783930822743 leave map 1 unit 1136
[map_1] perf_8g_10_200_49_1783930822564 leave map 1 unit 1049
[map_1] perf_8g_10_200_135_1783930822741 leave map 1 unit 1135
[map_1] perf_8g_10_200_134_1783930822740 leave map 1 unit 1134
[map_1] perf_8g_10_200_133_1783930822736 leave map 1 unit 1133
[map_1] perf_8g_10_200_132_1783930822736 leave map 1 unit 1132
[map_1] perf_8g_10_200_51_1783930822565 leave map 1 unit 1051
[map_1] perf_8g_10_200_131_1783930822733 leave map 1 unit 1131
[map_1] perf_8g_10_200_130_1783930822728 leave map 1 unit 1130
[map_1] perf_8g_10_200_52_1783930822571 leave map 1 unit 1052
[map_1] perf_8g_10_200_129_1783930822725 leave map 1 unit 1129
[map_1] perf_8g_10_200_128_1783930822723 leave map 1 unit 1128
[map_1] perf_8g_10_200_50_1783930822565 leave map 1 unit 1050
[map_1] perf_8g_10_200_127_1783930822722 leave map 1 unit 1127
[map_1] perf_8g_10_200_53_1783930822572 leave map 1 unit 1053
[map_1] perf_8g_10_200_126_1783930822718 leave map 1 unit 1126
[map_1] perf_8g_10_200_125_1783930822717 leave map 1 unit 1125
[map_1] perf_8g_10_200_55_1783930822578 leave map 1 unit 1055
[map_1] perf_8g_10_200_124_1783930822712 leave map 1 unit 1124
[map_1] perf_8g_10_200_123_1783930822710 leave map 1 unit 1123
[map_1] perf_8g_10_200_56_1783930822579 leave map 1 unit 1057
[map_1] perf_8g_10_200_121_1783930822707 leave map 1 unit 1121
[map_1] perf_8g_10_200_57_1783930822579 leave map 1 unit 1056
[map_1] perf_8g_10_200_122_1783930822708 leave map 1 unit 1122
[map_1] perf_8g_10_200_120_1783930822704 leave map 1 unit 1120
[map_1] perf_8g_10_200_54_1783930822574 leave map 1 unit 1054
[map_1] perf_8g_10_200_118_1783930822699 leave map 1 unit 1118
[map_1] perf_8g_10_200_119_1783930822700 leave map 1 unit 1119
[map_1] perf_8g_10_200_58_1783930822581 leave map 1 unit 1058
[map_1] perf_8g_10_200_117_1783930822696 leave map 1 unit 1117
[map_1] perf_8g_10_200_116_1783930822695 leave map 1 unit 1116
[map_1] perf_8g_10_200_115_1783930822693 leave map 1 unit 1115
[map_1] perf_8g_10_200_59_1783930822584 leave map 1 unit 1059
[map_1] perf_8g_10_200_114_1783930822692 leave map 1 unit 1114
[map_1] perf_8g_10_200_60_1783930822585 leave map 1 unit 1060
[map_1] perf_8g_10_200_113_1783930822691 leave map 1 unit 1113
[map_1] perf_8g_10_200_111_1783930822684 leave map 1 unit 1112
[map_1] perf_8g_10_200_61_1783930822585 leave map 1 unit 1061
[map_1] perf_8g_10_200_112_1783930822686 leave map 1 unit 1111
[map_1] perf_8g_10_200_62_1783930822588 leave map 1 unit 1062
[map_1] perf_8g_10_200_110_1783930822681 leave map 1 unit 1110
[map_1] perf_8g_10_200_109_1783930822678 leave map 1 unit 1109
[map_1] perf_8g_10_200_63_1783930822588 leave map 1 unit 1063
[map_1] perf_8g_10_200_108_1783930822678 leave map 1 unit 1108
[map_1] perf_8g_10_200_64_1783930822589 leave map 1 unit 1064
[map_1] perf_8g_10_200_107_1783930822676 leave map 1 unit 1107
[map_1] perf_8g_10_200_106_1783930822674 leave map 1 unit 1106
[map_1] perf_8g_10_200_65_1783930822590 leave map 1 unit 1065
[map_1] perf_8g_10_200_105_1783930822674 leave map 1 unit 1105
[map_1] perf_8g_10_200_66_1783930822592 leave map 1 unit 1066
[map_1] perf_8g_10_200_104_1783930822669 leave map 1 unit 1104
[map_1] perf_8g_10_200_67_1783930822593 leave map 1 unit 1067
[map_1] perf_8g_10_200_103_1783930822664 leave map 1 unit 1103
[map_1] perf_8g_10_200_102_1783930822661 leave map 1 unit 1102
[map_1] perf_8g_10_200_70_1783930822597 leave map 1 unit 1070
[map_1] perf_8g_10_200_101_1783930822660 leave map 1 unit 1101
[map_1] perf_8g_10_200_68_1783930822594 leave map 1 unit 1068
[map_1] perf_8g_10_200_100_1783930822658 leave map 1 unit 1100
[map_1] perf_8g_10_200_69_1783930822594 leave map 1 unit 1069
[map_1] perf_8g_10_200_99_1783930822656 leave map 1 unit 1099
[map_1] perf_8g_10_200_98_1783930822654 leave map 1 unit 1098
[map_1] perf_8g_10_200_71_1783930822602 leave map 1 unit 1071
[map_1] perf_8g_10_200_97_1783930822652 leave map 1 unit 1097
[map_1] perf_8g_10_200_73_1783930822604 leave map 1 unit 1073
[map_1] perf_8g_10_200_96_1783930822651 leave map 1 unit 1096
[map_1] perf_8g_10_200_72_1783930822603 leave map 1 unit 1072
[map_1] perf_8g_10_200_95_1783930822648 leave map 1 unit 1095
[map_1] perf_8g_10_200_74_1783930822606 leave map 1 unit 1074
[map_1] perf_8g_10_200_94_1783930822646 leave map 1 unit 1094
[map_1] perf_8g_10_200_93_1783930822644 leave map 1 unit 1093
[map_1] perf_8g_10_200_75_1783930822609 leave map 1 unit 1075
[map_1] perf_8g_10_200_92_1783930822642 leave map 1 unit 1092
[map_1] perf_8g_10_200_76_1783930822612 leave map 1 unit 1076
[map_1] perf_8g_10_200_90_1783930822638 leave map 1 unit 1090
[map_1] perf_8g_10_200_77_1783930822614 leave map 1 unit 1077
[map_1] perf_8g_10_200_91_1783930822639 leave map 1 unit 1091
[map_1] perf_8g_10_200_78_1783930822615 leave map 1 unit 1078
[map_1] perf_8g_10_200_89_1783930822636 leave map 1 unit 1089
[map_1] perf_8g_10_200_79_1783930822616 leave map 1 unit 1080
[map_1] perf_8g_10_200_88_1783930822635 leave map 1 unit 1088
[map_1] perf_8g_10_200_81_1783930822619 leave map 1 unit 1081
[map_1] perf_8g_10_200_80_1783930822618 leave map 1 unit 1079
[map_1] perf_8g_10_200_87_1783930822631 leave map 1 unit 1087
[map_1] perf_8g_10_200_86_1783930822627 leave map 1 unit 1086
[map_1] perf_8g_10_200_82_1783930822621 leave map 1 unit 1082
[map_1] perf_8g_10_200_85_1783930822625 leave map 1 unit 1085
[map_1] perf_8g_10_200_83_1783930822623 leave map 1 unit 1083
[map_1] perf_8g_10_200_84_1783930822624 leave map 1 unit 1084
