starting process log with one V8 and 1 scene(s) from E:\VsCode\skynet\ets_runtime\perf\results\runtime_configs\map_capacity_20260713_081609\200p_8g_r3\log.json
scene log (Log) listening on 127.0.0.1:7100
[process:log] one V8 started with 1 scene(s)
[log] Log scene started at 127.0.0.1:7100
log accepted 127.0.0.1:53154 as conn 1
log accepted 127.0.0.1:53196 as conn 2
[log] [login_1] perf_8g_10_200_0_1783930907098 login count 1
[log] [login_1] perf_8g_10_200_1_1783930907099 login count 1
[log] [login_1] perf_8g_10_200_3_1783930907099 login count 1
[log] [login_1] perf_8g_10_200_2_1783930907099 login count 1
[log] [login_1] perf_8g_10_200_5_1783930907099 login count 1
[log] [login_1] perf_8g_10_200_7_1783930907099 login count 1
[log] [login_1] perf_8g_10_200_6_1783930907099 login count 1
[log] [login_1] perf_8g_10_200_10_1783930907100 login count 1
[log] [login_1] perf_8g_10_200_11_1783930907100 login count 1
[log] [login_1] perf_8g_10_200_4_1783930907099 login count 1
[log] [login_1] perf_8g_10_200_8_1783930907099 login count 1
[log] [login_1] perf_8g_10_200_14_1783930907100 login count 1
[log] [login_1] perf_8g_10_200_15_1783930907100 login count 1
[log] [login_1] perf_8g_10_200_9_1783930907100 login count 1
[log] [login_1] perf_8g_10_200_12_1783930907100 login count 1
[log] [login_1] perf_8g_10_200_13_1783930907100 login count 1
log accepted 127.0.0.1:53222 as conn 3
[log] [gate_1] perf_8g_10_200_0_1783930907098 enter map_1 as unit 1000
[log] [gate_1] perf_8g_10_200_11_1783930907100 enter map_1 as unit 1008
log accepted 127.0.0.1:53231 as conn 4
log accepted 127.0.0.1:53232 as conn 5
log accepted 127.0.0.1:53234 as conn 6
log accepted 127.0.0.1:53233 as conn 7
log accepted 127.0.0.1:53235 as conn 8
log accepted 127.0.0.1:53236 as conn 9
[log] [gate_4] perf_8g_10_200_2_1783930907099 enter map_1 as unit 1002
log accepted 127.0.0.1:53237 as conn 10
[log] [gate_2] perf_8g_10_200_1_1783930907099 enter map_1 as unit 1004
[log] [gate_7] perf_8g_10_200_6_1783930907099 enter map_1 as unit 1007
[log] [gate_3] perf_8g_10_200_3_1783930907099 enter map_1 as unit 1001
[log] [gate_6] perf_8g_10_200_7_1783930907099 enter map_1 as unit 1006
[log] [gate_8] perf_8g_10_200_10_1783930907100 enter map_1 as unit 1005
[log] [gate_5] perf_8g_10_200_5_1783930907099 enter map_1 as unit 1003
[log] [login_1] perf_8g_10_200_16_1783930907127 login count 1
[log] [gate_4] perf_8g_10_200_14_1783930907100 enter map_1 as unit 1009
[log] [login_1] perf_8g_10_200_17_1783930907129 login count 1
[log] [gate_3] perf_8g_10_200_8_1783930907099 enter map_1 as unit 1011
[log] [gate_8] perf_8g_10_200_13_1783930907100 enter map_1 as unit 1013
[log] [gate_5] perf_8g_10_200_15_1783930907100 enter map_1 as unit 1012
[log] [gate_7] perf_8g_10_200_12_1783930907100 enter map_1 as unit 1015
[log] [gate_2] perf_8g_10_200_4_1783930907099 enter map_1 as unit 1014
[log] [gate_6] perf_8g_10_200_9_1783930907100 enter map_1 as unit 1010
[log] [gate_1] perf_8g_10_200_16_1783930907127 enter map_1 as unit 1016
[log] [login_1] perf_8g_10_200_18_1783930907131 login count 1
[log] [login_1] perf_8g_10_200_19_1783930907131 login count 1
[log] [gate_2] perf_8g_10_200_17_1783930907129 enter map_1 as unit 1017
[log] [login_1] perf_8g_10_200_20_1783930907133 login count 1
[log] [login_1] perf_8g_10_200_21_1783930907133 login count 1
[log] [login_1] perf_8g_10_200_22_1783930907134 login count 1
[log] [login_1] perf_8g_10_200_23_1783930907134 login count 1
[log] [login_1] perf_8g_10_200_24_1783930907134 login count 1
[log] [login_1] perf_8g_10_200_26_1783930907135 login count 1
[log] [login_1] perf_8g_10_200_25_1783930907135 login count 1
[log] [login_1] perf_8g_10_200_27_1783930907135 login count 1
[log] [login_1] perf_8g_10_200_28_1783930907135 login count 1
[log] [login_1] perf_8g_10_200_29_1783930907136 login count 1
[log] [gate_3] perf_8g_10_200_18_1783930907131 enter map_1 as unit 1018
[log] [login_1] perf_8g_10_200_30_1783930907136 login count 1
[log] [login_1] perf_8g_10_200_31_1783930907136 login count 1
[log] [login_1] perf_8g_10_200_32_1783930907136 login count 1
[log] [gate_4] perf_8g_10_200_19_1783930907131 enter map_1 as unit 1019
[log] [gate_5] perf_8g_10_200_20_1783930907133 enter map_1 as unit 1020
[log] [login_1] perf_8g_10_200_33_1783930907142 login count 1
[log] [gate_6] perf_8g_10_200_21_1783930907133 enter map_1 as unit 1021
[log] [gate_1] perf_8g_10_200_24_1783930907134 enter map_1 as unit 1022
[log] [gate_7] perf_8g_10_200_22_1783930907134 enter map_1 as unit 1023
[log] [gate_8] perf_8g_10_200_23_1783930907134 enter map_1 as unit 1024
[log] [login_1] perf_8g_10_200_34_1783930907148 login count 1
[log] [gate_2] perf_8g_10_200_26_1783930907135 enter map_1 as unit 1028
[log] [gate_6] perf_8g_10_200_29_1783930907136 enter map_1 as unit 1029
[log] [gate_4] perf_8g_10_200_27_1783930907135 enter map_1 as unit 1026
[log] [login_1] perf_8g_10_200_35_1783930907149 login count 1
[log] [gate_3] perf_8g_10_200_25_1783930907135 enter map_1 as unit 1025
[log] [gate_5] perf_8g_10_200_28_1783930907135 enter map_1 as unit 1027
[log] [login_1] perf_8g_10_200_36_1783930907150 login count 1
[log] [login_1] perf_8g_10_200_37_1783930907151 login count 1
[log] [gate_1] perf_8g_10_200_32_1783930907136 enter map_1 as unit 1031
[log] [gate_8] perf_8g_10_200_31_1783930907136 enter map_1 as unit 1030
[log] [gate_7] perf_8g_10_200_30_1783930907136 enter map_1 as unit 1032
[log] [login_1] perf_8g_10_200_38_1783930907155 login count 1
[log] [login_1] perf_8g_10_200_39_1783930907155 login count 1
[log] [gate_2] perf_8g_10_200_33_1783930907142 enter map_1 as unit 1033
[log] [gate_3] perf_8g_10_200_34_1783930907148 enter map_1 as unit 1034
[log] [gate_4] perf_8g_10_200_35_1783930907149 enter map_1 as unit 1035
[log] [login_1] perf_8g_10_200_40_1783930907159 login count 1
[log] [gate_5] perf_8g_10_200_36_1783930907150 enter map_1 as unit 1036
[log] [login_1] perf_8g_10_200_41_1783930907159 login count 1
[log] [login_1] perf_8g_10_200_42_1783930907159 login count 1
[log] [gate_6] perf_8g_10_200_37_1783930907151 enter map_1 as unit 1037
[log] [login_1] perf_8g_10_200_43_1783930907159 login count 1
[log] [login_1] perf_8g_10_200_44_1783930907160 login count 1
[log] [login_1] perf_8g_10_200_45_1783930907161 login count 1
[log] [gate_7] perf_8g_10_200_38_1783930907155 enter map_1 as unit 1038
[log] [gate_8] perf_8g_10_200_39_1783930907155 enter map_1 as unit 1039
[log] [login_1] perf_8g_10_200_46_1783930907162 login count 1
[log] [login_1] perf_8g_10_200_48_1783930907162 login count 1
[log] [login_1] perf_8g_10_200_47_1783930907162 login count 1
[log] [login_1] perf_8g_10_200_49_1783930907165 login count 1
[log] [login_1] perf_8g_10_200_50_1783930907166 login count 1
[log] [gate_1] perf_8g_10_200_40_1783930907159 enter map_1 as unit 1040
[log] [login_1] perf_8g_10_200_51_1783930907168 login count 1
[log] [login_1] perf_8g_10_200_52_1783930907170 login count 1
[log] [gate_2] perf_8g_10_200_41_1783930907159 enter map_1 as unit 1041
[log] [gate_3] perf_8g_10_200_42_1783930907159 enter map_1 as unit 1042
[log] [login_1] perf_8g_10_200_53_1783930907171 login count 1
[log] [login_1] perf_8g_10_200_54_1783930907174 login count 1
[log] [gate_5] perf_8g_10_200_44_1783930907160 enter map_1 as unit 1044
[log] [gate_4] perf_8g_10_200_43_1783930907159 enter map_1 as unit 1043
[log] [gate_6] perf_8g_10_200_45_1783930907161 enter map_1 as unit 1045
[log] [login_1] perf_8g_10_200_55_1783930907175 login count 1
[log] [gate_7] perf_8g_10_200_46_1783930907162 enter map_1 as unit 1046
[log] [gate_8] perf_8g_10_200_48_1783930907162 enter map_1 as unit 1047
[log] [gate_1] perf_8g_10_200_47_1783930907162 enter map_1 as unit 1048
[log] [gate_2] perf_8g_10_200_49_1783930907165 enter map_1 as unit 1049
[log] [gate_3] perf_8g_10_200_50_1783930907166 enter map_1 as unit 1050
[log] [gate_4] perf_8g_10_200_51_1783930907168 enter map_1 as unit 1051
[log] [gate_5] perf_8g_10_200_52_1783930907170 enter map_1 as unit 1052
[log] [login_1] perf_8g_10_200_56_1783930907181 login count 1
[log] [gate_6] perf_8g_10_200_53_1783930907171 enter map_1 as unit 1053
[log] [gate_7] perf_8g_10_200_54_1783930907174 enter map_1 as unit 1054
[log] [login_1] perf_8g_10_200_57_1783930907182 login count 1
[log] [login_1] perf_8g_10_200_58_1783930907183 login count 1
[log] [login_1] perf_8g_10_200_59_1783930907185 login count 1
[log] [gate_8] perf_8g_10_200_55_1783930907175 enter map_1 as unit 1055
[log] [login_1] perf_8g_10_200_60_1783930907186 login count 1
[log] [login_1] perf_8g_10_200_61_1783930907187 login count 1
[log] [login_1] perf_8g_10_200_62_1783930907188 login count 1
[log] [login_1] perf_8g_10_200_63_1783930907189 login count 1
[log] [login_1] perf_8g_10_200_64_1783930907190 login count 1
[log] [login_1] perf_8g_10_200_65_1783930907191 login count 1
[log] [login_1] perf_8g_10_200_66_1783930907193 login count 1
[log] [login_1] perf_8g_10_200_67_1783930907193 login count 1
[log] [login_1] perf_8g_10_200_68_1783930907195 login count 1
[log] [gate_1] perf_8g_10_200_56_1783930907181 enter map_1 as unit 1056
[log] [gate_2] perf_8g_10_200_57_1783930907182 enter map_1 as unit 1057
[log] [login_1] perf_8g_10_200_69_1783930907198 login count 1
[log] [gate_3] perf_8g_10_200_58_1783930907183 enter map_1 as unit 1058
[log] [login_1] perf_8g_10_200_70_1783930907199 login count 1
[log] [gate_4] perf_8g_10_200_59_1783930907185 enter map_1 as unit 1059
[log] [login_1] perf_8g_10_200_71_1783930907201 login count 1
[log] [gate_5] perf_8g_10_200_60_1783930907186 enter map_1 as unit 1060
[log] [gate_8] perf_8g_10_200_63_1783930907189 enter map_1 as unit 1063
[log] [gate_6] perf_8g_10_200_61_1783930907187 enter map_1 as unit 1061
[log] [gate_7] perf_8g_10_200_62_1783930907188 enter map_1 as unit 1062
[log] [gate_1] perf_8g_10_200_64_1783930907190 enter map_1 as unit 1064
[log] [login_1] perf_8g_10_200_72_1783930907209 login count 1
[log] [login_1] perf_8g_10_200_73_1783930907210 login count 1
[log] [gate_3] perf_8g_10_200_66_1783930907193 enter map_1 as unit 1066
[log] [gate_4] perf_8g_10_200_67_1783930907193 enter map_1 as unit 1067
[log] [gate_2] perf_8g_10_200_65_1783930907191 enter map_1 as unit 1065
[log] [login_1] perf_8g_10_200_74_1783930907211 login count 1
[log] [login_1] perf_8g_10_200_75_1783930907213 login count 1
[log] [gate_5] perf_8g_10_200_68_1783930907195 enter map_1 as unit 1068
[log] [login_1] perf_8g_10_200_76_1783930907215 login count 1
[log] [gate_6] perf_8g_10_200_69_1783930907198 enter map_1 as unit 1069
[log] [gate_7] perf_8g_10_200_70_1783930907199 enter map_1 as unit 1071
[log] [gate_8] perf_8g_10_200_71_1783930907201 enter map_1 as unit 1070
[log] [login_1] perf_8g_10_200_77_1783930907217 login count 1
[log] [login_1] perf_8g_10_200_78_1783930907218 login count 1
[log] [gate_1] perf_8g_10_200_72_1783930907209 enter map_1 as unit 1072
[log] [login_1] perf_8g_10_200_79_1783930907219 login count 1
[log] [login_1] perf_8g_10_200_80_1783930907219 login count 1
[log] [gate_2] perf_8g_10_200_73_1783930907210 enter map_1 as unit 1073
[log] [gate_3] perf_8g_10_200_74_1783930907211 enter map_1 as unit 1074
[log] [login_1] perf_8g_10_200_81_1783930907222 login count 1
[log] [gate_4] perf_8g_10_200_75_1783930907213 enter map_1 as unit 1075
[log] [login_1] perf_8g_10_200_82_1783930907223 login count 1
[log] [login_1] perf_8g_10_200_83_1783930907225 login count 1
[log] [gate_5] perf_8g_10_200_76_1783930907215 enter map_1 as unit 1076
[log] [login_1] perf_8g_10_200_84_1783930907228 login count 1
[log] [login_1] perf_8g_10_200_85_1783930907229 login count 1
[log] [login_1] perf_8g_10_200_86_1783930907230 login count 1
[log] [login_1] perf_8g_10_200_87_1783930907231 login count 1
[log] [gate_6] perf_8g_10_200_77_1783930907217 enter map_1 as unit 1077
[log] [gate_7] perf_8g_10_200_78_1783930907218 enter map_1 as unit 1078
[log] [gate_8] perf_8g_10_200_79_1783930907219 enter map_1 as unit 1079
[log] [gate_1] perf_8g_10_200_80_1783930907219 enter map_1 as unit 1080
[log] [login_1] perf_8g_10_200_88_1783930907237 login count 1
[log] [login_1] perf_8g_10_200_89_1783930907239 login count 1
[log] [login_1] perf_8g_10_200_90_1783930907240 login count 1
[log] [gate_2] perf_8g_10_200_81_1783930907222 enter map_1 as unit 1081
[log] [login_1] perf_8g_10_200_91_1783930907243 login count 1
[log] [login_1] perf_8g_10_200_92_1783930907244 login count 1
[log] [gate_4] perf_8g_10_200_83_1783930907225 enter map_1 as unit 1083
[log] [gate_3] perf_8g_10_200_82_1783930907223 enter map_1 as unit 1082
[log] [gate_5] perf_8g_10_200_84_1783930907228 enter map_1 as unit 1084
[log] [gate_6] perf_8g_10_200_85_1783930907229 enter map_1 as unit 1085
[log] [gate_8] perf_8g_10_200_87_1783930907231 enter map_1 as unit 1087
[log] [gate_7] perf_8g_10_200_86_1783930907230 enter map_1 as unit 1086
[log] [login_1] perf_8g_10_200_93_1783930907252 login count 1
[log] [login_1] perf_8g_10_200_94_1783930907253 login count 1
[log] [login_1] perf_8g_10_200_95_1783930907254 login count 1
[log] [gate_1] perf_8g_10_200_88_1783930907237 enter map_1 as unit 1088
[log] [login_1] perf_8g_10_200_96_1783930907255 login count 1
[log] [login_1] perf_8g_10_200_97_1783930907258 login count 1
[log] [gate_2] perf_8g_10_200_89_1783930907239 enter map_1 as unit 1089
[log] [gate_3] perf_8g_10_200_90_1783930907240 enter map_1 as unit 1090
[log] [gate_4] perf_8g_10_200_91_1783930907243 enter map_1 as unit 1091
[log] [login_1] perf_8g_10_200_98_1783930907265 login count 1
[log] [gate_5] perf_8g_10_200_92_1783930907244 enter map_1 as unit 1092
[log] [login_1] perf_8g_10_200_99_1783930907266 login count 1
[log] [login_1] perf_8g_10_200_100_1783930907268 login count 1
[log] [login_1] perf_8g_10_200_101_1783930907268 login count 1
[log] [gate_6] perf_8g_10_200_93_1783930907252 enter map_1 as unit 1093
[log] [login_1] perf_8g_10_200_102_1783930907270 login count 1
[log] [login_1] perf_8g_10_200_103_1783930907270 login count 1
[log] [login_1] perf_8g_10_200_104_1783930907273 login count 1
[log] [gate_7] perf_8g_10_200_94_1783930907253 enter map_1 as unit 1094
[log] [gate_8] perf_8g_10_200_95_1783930907254 enter map_1 as unit 1095
[log] [gate_1] perf_8g_10_200_96_1783930907255 enter map_1 as unit 1096
[log] [gate_2] perf_8g_10_200_97_1783930907258 enter map_1 as unit 1097
[log] [login_1] perf_8g_10_200_105_1783930907279 login count 1
[log] [login_1] perf_8g_10_200_106_1783930907279 login count 1
[log] [gate_3] perf_8g_10_200_98_1783930907265 enter map_1 as unit 1098
[log] [login_1] perf_8g_10_200_107_1783930907280 login count 1
[log] [gate_4] perf_8g_10_200_99_1783930907266 enter map_1 as unit 1099
[log] [gate_5] perf_8g_10_200_100_1783930907268 enter map_1 as unit 1100
[log] [login_1] perf_8g_10_200_108_1783930907283 login count 1
[log] [gate_6] perf_8g_10_200_101_1783930907268 enter map_1 as unit 1101
[log] [gate_7] perf_8g_10_200_102_1783930907270 enter map_1 as unit 1102
[log] [login_1] perf_8g_10_200_109_1783930907288 login count 1
[log] [gate_8] perf_8g_10_200_103_1783930907270 enter map_1 as unit 1103
[log] [gate_1] perf_8g_10_200_104_1783930907273 enter map_1 as unit 1104
[log] [login_1] perf_8g_10_200_110_1783930907293 login count 1
[log] [login_1] perf_8g_10_200_111_1783930907293 login count 1
[log] [login_1] perf_8g_10_200_112_1783930907296 login count 1
[log] [login_1] perf_8g_10_200_113_1783930907298 login count 1
[log] [gate_2] perf_8g_10_200_105_1783930907279 enter map_1 as unit 1105
[log] [login_1] perf_8g_10_200_114_1783930907302 login count 1
[log] [gate_3] perf_8g_10_200_106_1783930907279 enter map_1 as unit 1106
[log] [gate_4] perf_8g_10_200_107_1783930907280 enter map_1 as unit 1107
[log] [login_1] perf_8g_10_200_115_1783930907305 login count 1
[log] [gate_5] perf_8g_10_200_108_1783930907283 enter map_1 as unit 1108
[log] [login_1] perf_8g_10_200_116_1783930907308 login count 1
[log] [login_1] perf_8g_10_200_117_1783930907309 login count 1
[log] [gate_6] perf_8g_10_200_109_1783930907288 enter map_1 as unit 1109
[log] [login_1] perf_8g_10_200_118_1783930907311 login count 1
[log] [login_1] perf_8g_10_200_119_1783930907314 login count 1
[log] [gate_7] perf_8g_10_200_110_1783930907293 enter map_1 as unit 1110
[log] [login_1] perf_8g_10_200_120_1783930907315 login count 1
[log] [gate_1] perf_8g_10_200_112_1783930907296 enter map_1 as unit 1112
[log] [gate_8] perf_8g_10_200_111_1783930907293 enter map_1 as unit 1111
[log] [login_1] perf_8g_10_200_121_1783930907321 login count 1
[log] [login_1] perf_8g_10_200_122_1783930907324 login count 1
[log] [gate_3] perf_8g_10_200_114_1783930907302 enter map_1 as unit 1114
[log] [gate_2] perf_8g_10_200_113_1783930907298 enter map_1 as unit 1113
[log] [login_1] perf_8g_10_200_123_1783930907324 login count 1
[log] [gate_4] perf_8g_10_200_115_1783930907305 enter map_1 as unit 1115
[log] [login_1] perf_8g_10_200_124_1783930907326 login count 1
[log] [login_1] perf_8g_10_200_125_1783930907332 login count 1
[log] [gate_7] perf_8g_10_200_118_1783930907311 enter map_1 as unit 1118
[log] [gate_6] perf_8g_10_200_117_1783930907309 enter map_1 as unit 1117
[log] [gate_5] perf_8g_10_200_116_1783930907308 enter map_1 as unit 1116
[log] [login_1] perf_8g_10_200_126_1783930907335 login count 1
[log] [login_1] perf_8g_10_200_127_1783930907338 login count 1
[log] [login_1] perf_8g_10_200_128_1783930907339 login count 1
[log] [gate_8] perf_8g_10_200_119_1783930907314 enter map_1 as unit 1119
[log] [gate_1] perf_8g_10_200_120_1783930907315 enter map_1 as unit 1120
[log] [login_1] perf_8g_10_200_129_1783930907342 login count 1
[log] [login_1] perf_8g_10_200_130_1783930907343 login count 1
[log] [login_1] perf_8g_10_200_131_1783930907346 login count 1
[log] [gate_2] perf_8g_10_200_121_1783930907321 enter map_1 as unit 1121
[log] [gate_3] perf_8g_10_200_122_1783930907324 enter map_1 as unit 1122
[log] [gate_4] perf_8g_10_200_123_1783930907324 enter map_1 as unit 1123
[log] [login_1] perf_8g_10_200_132_1783930907352 login count 1
[log] [login_1] perf_8g_10_200_133_1783930907353 login count 1
[log] [login_1] perf_8g_10_200_134_1783930907354 login count 1
[log] [gate_6] perf_8g_10_200_125_1783930907332 enter map_1 as unit 1125
[log] [gate_5] perf_8g_10_200_124_1783930907326 enter map_1 as unit 1124
[log] [login_1] perf_8g_10_200_135_1783930907357 login count 1
[log] [login_1] perf_8g_10_200_136_1783930907358 login count 1
[log] [gate_7] perf_8g_10_200_126_1783930907335 enter map_1 as unit 1126
[log] [gate_1] perf_8g_10_200_128_1783930907339 enter map_1 as unit 1128
[log] [gate_8] perf_8g_10_200_127_1783930907338 enter map_1 as unit 1127
[log] [gate_3] perf_8g_10_200_130_1783930907343 enter map_1 as unit 1130
[log] [gate_2] perf_8g_10_200_129_1783930907342 enter map_1 as unit 1129
[log] [gate_4] perf_8g_10_200_131_1783930907346 enter map_1 as unit 1131
[log] [login_1] perf_8g_10_200_137_1783930907367 login count 1
[log] [login_1] perf_8g_10_200_138_1783930907367 login count 1
[log] [login_1] perf_8g_10_200_139_1783930907367 login count 1
[log] [gate_5] perf_8g_10_200_132_1783930907352 enter map_1 as unit 1132
[log] [login_1] perf_8g_10_200_140_1783930907376 login count 1
[log] [login_1] perf_8g_10_200_141_1783930907377 login count 1
[log] [gate_7] perf_8g_10_200_134_1783930907354 enter map_1 as unit 1134
[log] [gate_6] perf_8g_10_200_133_1783930907353 enter map_1 as unit 1133
[log] [login_1] perf_8g_10_200_142_1783930907384 login count 1
[log] [login_1] perf_8g_10_200_144_1783930907385 login count 1
[log] [login_1] perf_8g_10_200_143_1783930907385 login count 1
[log] [gate_1] perf_8g_10_200_136_1783930907358 enter map_1 as unit 1136
[log] [gate_8] perf_8g_10_200_135_1783930907357 enter map_1 as unit 1135
[log] [login_1] perf_8g_10_200_145_1783930907386 login count 1
[log] [login_1] perf_8g_10_200_146_1783930907387 login count 1
[log] [login_1] perf_8g_10_200_147_1783930907389 login count 1
[log] [gate_2] perf_8g_10_200_137_1783930907367 enter map_1 as unit 1137
[log] [gate_4] perf_8g_10_200_139_1783930907367 enter map_1 as unit 1139
[log] [gate_3] perf_8g_10_200_138_1783930907367 enter map_1 as unit 1138
[log] [login_1] perf_8g_10_200_148_1783930907396 login count 1
[log] [gate_5] perf_8g_10_200_140_1783930907376 enter map_1 as unit 1140
[log] [gate_6] perf_8g_10_200_141_1783930907377 enter map_1 as unit 1141
[log] [login_1] perf_8g_10_200_149_1783930907402 login count 1
[log] [login_1] perf_8g_10_200_150_1783930907403 login count 1
[log] [login_1] perf_8g_10_200_151_1783930907407 login count 1
[log] [login_1] perf_8g_10_200_152_1783930907409 login count 1
[log] [gate_1] perf_8g_10_200_143_1783930907385 enter map_1 as unit 1144
[log] [gate_7] perf_8g_10_200_142_1783930907384 enter map_1 as unit 1142
[log] [gate_8] perf_8g_10_200_144_1783930907385 enter map_1 as unit 1143
[log] [login_1] perf_8g_10_200_153_1783930907413 login count 1
[log] [login_1] perf_8g_10_200_154_1783930907417 login count 1
[log] [login_1] perf_8g_10_200_155_1783930907418 login count 1
[log] [gate_2] perf_8g_10_200_145_1783930907386 enter map_1 as unit 1145
[log] [gate_4] perf_8g_10_200_147_1783930907389 enter map_1 as unit 1147
[log] [gate_3] perf_8g_10_200_146_1783930907387 enter map_1 as unit 1146
[log] [login_1] perf_8g_10_200_156_1783930907424 login count 1
[log] [login_1] perf_8g_10_200_157_1783930907425 login count 1
[log] [gate_5] perf_8g_10_200_148_1783930907396 enter map_1 as unit 1148
[log] [login_1] perf_8g_10_200_158_1783930907431 login count 1
[log] [login_1] perf_8g_10_200_159_1783930907432 login count 1
[log] [login_1] perf_8g_10_200_160_1783930907433 login count 1
[log] [gate_6] perf_8g_10_200_149_1783930907402 enter map_1 as unit 1149
[log] [gate_7] perf_8g_10_200_150_1783930907403 enter map_1 as unit 1150
[log] [gate_8] perf_8g_10_200_151_1783930907407 enter map_1 as unit 1151
[log] [gate_1] perf_8g_10_200_152_1783930907409 enter map_1 as unit 1152
[log] [login_1] perf_8g_10_200_161_1783930907441 login count 1
[log] [login_1] perf_8g_10_200_162_1783930907442 login count 1
[log] [login_1] perf_8g_10_200_163_1783930907443 login count 1
[log] [login_1] perf_8g_10_200_164_1783930907446 login count 1
[log] [gate_2] perf_8g_10_200_153_1783930907413 enter map_1 as unit 1153
[log] [gate_4] perf_8g_10_200_155_1783930907418 enter map_1 as unit 1155
[log] [gate_3] perf_8g_10_200_154_1783930907417 enter map_1 as unit 1154
[log] [login_1] perf_8g_10_200_165_1783930907453 login count 1
[log] [login_1] perf_8g_10_200_166_1783930907454 login count 1
[log] [login_1] perf_8g_10_200_168_1783930907455 login count 1
[log] [login_1] perf_8g_10_200_167_1783930907454 login count 1
[log] [login_1] perf_8g_10_200_169_1783930907461 login count 1
[log] [gate_1] perf_8g_10_200_160_1783930907433 enter map_1 as unit 1160
[log] [gate_5] perf_8g_10_200_156_1783930907424 enter map_1 as unit 1156
[log] [gate_6] perf_8g_10_200_157_1783930907425 enter map_1 as unit 1157
[log] [gate_8] perf_8g_10_200_159_1783930907432 enter map_1 as unit 1159
[log] [gate_7] perf_8g_10_200_158_1783930907431 enter map_1 as unit 1158
[log] [login_1] perf_8g_10_200_170_1783930907462 login count 1
[log] [login_1] perf_8g_10_200_171_1783930907462 login count 1
[log] [login_1] perf_8g_10_200_172_1783930907473 login count 1
[log] [login_1] perf_8g_10_200_175_1783930907475 login count 1
[log] [login_1] perf_8g_10_200_174_1783930907474 login count 1
[log] [login_1] perf_8g_10_200_173_1783930907474 login count 1
[log] [login_1] perf_8g_10_200_176_1783930907477 login count 1
[log] [gate_2] perf_8g_10_200_161_1783930907441 enter map_1 as unit 1161
[log] [gate_3] perf_8g_10_200_162_1783930907442 enter map_1 as unit 1162
[log] [gate_4] perf_8g_10_200_163_1783930907443 enter map_1 as unit 1163
[log] [login_1] perf_8g_10_200_177_1783930907484 login count 1
[log] [login_1] perf_8g_10_200_178_1783930907485 login count 1
[log] [login_1] perf_8g_10_200_179_1783930907487 login count 1
[log] [gate_8] perf_8g_10_200_168_1783930907455 enter map_1 as unit 1166
[log] [gate_5] perf_8g_10_200_164_1783930907446 enter map_1 as unit 1167
[log] [gate_7] perf_8g_10_200_166_1783930907454 enter map_1 as unit 1165
[log] [gate_6] perf_8g_10_200_165_1783930907453 enter map_1 as unit 1168
[log] [gate_1] perf_8g_10_200_167_1783930907454 enter map_1 as unit 1164
[log] [gate_4] perf_8g_10_200_171_1783930907462 enter map_1 as unit 1169
[log] [gate_2] perf_8g_10_200_169_1783930907461 enter map_1 as unit 1170
[log] [gate_3] perf_8g_10_200_170_1783930907462 enter map_1 as unit 1171
[log] [login_1] perf_8g_10_200_180_1783930907498 login count 1
[log] [login_1] perf_8g_10_200_181_1783930907499 login count 1
[log] [login_1] perf_8g_10_200_182_1783930907500 login count 1
[log] [login_1] perf_8g_10_200_183_1783930907501 login count 1
[log] [login_1] perf_8g_10_200_184_1783930907502 login count 1
[log] [login_1] perf_8g_10_200_185_1783930907509 login count 1
[log] [login_1] perf_8g_10_200_186_1783930907510 login count 1
[log] [login_1] perf_8g_10_200_187_1783930907511 login count 1
[log] [gate_6] perf_8g_10_200_175_1783930907475 enter map_1 as unit 1173
[log] [gate_1] perf_8g_10_200_176_1783930907477 enter map_1 as unit 1174
[log] [gate_8] perf_8g_10_200_173_1783930907474 enter map_1 as unit 1176
[log] [gate_7] perf_8g_10_200_174_1783930907474 enter map_1 as unit 1175
[log] [gate_5] perf_8g_10_200_172_1783930907473 enter map_1 as unit 1172
[log] [login_1] perf_8g_10_200_188_1783930907522 login count 1
[log] [gate_3] perf_8g_10_200_178_1783930907485 enter map_1 as unit 1177
[log] [gate_4] perf_8g_10_200_179_1783930907487 enter map_1 as unit 1179
[log] [gate_2] perf_8g_10_200_177_1783930907484 enter map_1 as unit 1178
[log] [login_1] perf_8g_10_200_189_1783930907523 login count 1
[log] [login_1] perf_8g_10_200_190_1783930907525 login count 1
[log] [login_1] perf_8g_10_200_191_1783930907526 login count 1
[log] [login_1] perf_8g_10_200_192_1783930907527 login count 1
[log] [login_1] perf_8g_10_200_193_1783930907532 login count 1
[log] [login_1] perf_8g_10_200_194_1783930907533 login count 1
[log] [login_1] perf_8g_10_200_195_1783930907534 login count 1
[log] [gate_5] perf_8g_10_200_180_1783930907498 enter map_1 as unit 1184
[log] [gate_7] perf_8g_10_200_182_1783930907500 enter map_1 as unit 1181
[log] [gate_1] perf_8g_10_200_184_1783930907502 enter map_1 as unit 1182
[log] [gate_8] perf_8g_10_200_183_1783930907501 enter map_1 as unit 1180
[log] [gate_6] perf_8g_10_200_181_1783930907499 enter map_1 as unit 1183
[log] [gate_2] perf_8g_10_200_185_1783930907509 enter map_1 as unit 1186
[log] [gate_4] perf_8g_10_200_187_1783930907511 enter map_1 as unit 1185
[log] [gate_3] perf_8g_10_200_186_1783930907510 enter map_1 as unit 1187
[log] [login_1] perf_8g_10_200_196_1783930907548 login count 1
[log] [login_1] perf_8g_10_200_197_1783930907549 login count 1
[log] [login_1] perf_8g_10_200_198_1783930907550 login count 1
[log] [login_1] perf_8g_10_200_199_1783930907551 login count 1
[log] [gate_7] perf_8g_10_200_190_1783930907525 enter map_1 as unit 1189
[log] [gate_8] perf_8g_10_200_191_1783930907526 enter map_1 as unit 1192
[log] [gate_6] perf_8g_10_200_189_1783930907523 enter map_1 as unit 1188
[log] [gate_1] perf_8g_10_200_192_1783930907527 enter map_1 as unit 1191
[log] [gate_5] perf_8g_10_200_188_1783930907522 enter map_1 as unit 1190
[log] [gate_4] perf_8g_10_200_195_1783930907534 enter map_1 as unit 1194
[log] [gate_2] perf_8g_10_200_193_1783930907532 enter map_1 as unit 1193
[log] [gate_3] perf_8g_10_200_194_1783930907533 enter map_1 as unit 1195
[log] [gate_5] perf_8g_10_200_196_1783930907548 enter map_1 as unit 1199
[log] [gate_6] perf_8g_10_200_197_1783930907549 enter map_1 as unit 1198
[log] [gate_8] perf_8g_10_200_199_1783930907551 enter map_1 as unit 1196
[log] [gate_7] perf_8g_10_200_198_1783930907550 enter map_1 as unit 1197
[metrics:inner_transport] active=0 opened=0 pending=0 max_pending=0 overloads=0 timeouts=0 disconnected_calls=0 late_responses=0 idle_closes=0
[process-metrics] process=log cpu_percent=1.55 cpu_time_ms=109 rss_bytes=36532224 v8_heap_used_bytes=2752208 v8_heap_total_bytes=6037504 v8_gc_count=3 v8_gc_ms=1.026 timestamp_ms=1783930911798
[metrics:log] scene=log type=Log processed=400 failed=0 ts_queue=0 ts_max_queue=7 rust_queue=0 rust_max_queue=7 backpressure=0 slow_disconnects=0 update_ms=0.00 handler_ms=0.00 max_handler_ms=1.00 total_handler_ms=10.00
[metrics:inner_transport] active=0 opened=0 pending=0 max_pending=0 overloads=0 timeouts=0 disconnected_calls=0 late_responses=0 idle_closes=0
[process-metrics] process=log cpu_percent=0.32 cpu_time_ms=125 rss_bytes=36745216 v8_heap_used_bytes=2889168 v8_heap_total_bytes=6037504 v8_gc_count=3 v8_gc_ms=1.026 timestamp_ms=1783930916790
[metrics:log] scene=log type=Log processed=400 failed=0 ts_queue=0 ts_max_queue=7 rust_queue=0 rust_max_queue=7 backpressure=0 slow_disconnects=0 update_ms=0.00 handler_ms=0.00 max_handler_ms=1.00 total_handler_ms=10.00
[metrics:inner_transport] active=0 opened=0 pending=0 max_pending=0 overloads=0 timeouts=0 disconnected_calls=0 late_responses=0 idle_closes=0
[process-metrics] process=log cpu_percent=0.30 cpu_time_ms=140 rss_bytes=37011456 v8_heap_used_bytes=3042112 v8_heap_total_bytes=6299648 v8_gc_count=3 v8_gc_ms=1.026 timestamp_ms=1783930921791
[metrics:log] scene=log type=Log processed=400 failed=0 ts_queue=0 ts_max_queue=7 rust_queue=0 rust_max_queue=7 backpressure=0 slow_disconnects=0 update_ms=0.00 handler_ms=0.00 max_handler_ms=1.00 total_handler_ms=10.00
[metrics:inner_transport] active=0 opened=0 pending=0 max_pending=0 overloads=0 timeouts=0 disconnected_calls=0 late_responses=0 idle_closes=0
[process-metrics] process=log cpu_percent=0.61 cpu_time_ms=171 rss_bytes=37130240 v8_heap_used_bytes=3171712 v8_heap_total_bytes=6299648 v8_gc_count=3 v8_gc_ms=1.026 timestamp_ms=1783930926848
[metrics:log] scene=log type=Log processed=400 failed=0 ts_queue=0 ts_max_queue=7 rust_queue=0 rust_max_queue=7 backpressure=0 slow_disconnects=0 update_ms=0.00 handler_ms=0.00 max_handler_ms=1.00 total_handler_ms=10.00
[metrics:inner_transport] active=0 opened=0 pending=0 max_pending=0 overloads=0 timeouts=0 disconnected_calls=0 late_responses=0 idle_closes=0
[process-metrics] process=log cpu_percent=0.00 cpu_time_ms=171 rss_bytes=37261312 v8_heap_used_bytes=3299712 v8_heap_total_bytes=6299648 v8_gc_count=3 v8_gc_ms=1.026 timestamp_ms=1783930931853
[metrics:log] scene=log type=Log processed=400 failed=0 ts_queue=0 ts_max_queue=7 rust_queue=0 rust_max_queue=7 backpressure=0 slow_disconnects=0 update_ms=0.00 handler_ms=0.00 max_handler_ms=1.00 total_handler_ms=10.00
[metrics:inner_transport] active=0 opened=0 pending=0 max_pending=0 overloads=0 timeouts=0 disconnected_calls=0 late_responses=0 idle_closes=0
[process-metrics] process=log cpu_percent=0.63 cpu_time_ms=203 rss_bytes=37343232 v8_heap_used_bytes=3429320 v8_heap_total_bytes=6561792 v8_gc_count=3 v8_gc_ms=1.026 timestamp_ms=1783930936929
[metrics:log] scene=log type=Log processed=400 failed=0 ts_queue=0 ts_max_queue=7 rust_queue=0 rust_max_queue=7 backpressure=0 slow_disconnects=0 update_ms=0.00 handler_ms=0.00 max_handler_ms=1.00 total_handler_ms=10.00
[metrics:inner_transport] active=0 opened=0 pending=0 max_pending=0 overloads=0 timeouts=0 disconnected_calls=0 late_responses=0 idle_closes=0
[process-metrics] process=log cpu_percent=0.00 cpu_time_ms=203 rss_bytes=37715968 v8_heap_used_bytes=3561688 v8_heap_total_bytes=6561792 v8_gc_count=3 v8_gc_ms=1.026 timestamp_ms=1783930941930
[metrics:log] scene=log type=Log processed=400 failed=0 ts_queue=0 ts_max_queue=7 rust_queue=0 rust_max_queue=7 backpressure=0 slow_disconnects=0 update_ms=0.00 handler_ms=0.00 max_handler_ms=1.00 total_handler_ms=10.00
[metrics:inner_transport] active=0 opened=0 pending=0 max_pending=0 overloads=0 timeouts=0 disconnected_calls=0 late_responses=0 idle_closes=0
[process-metrics] process=log cpu_percent=0.61 cpu_time_ms=234 rss_bytes=37863424 v8_heap_used_bytes=3690032 v8_heap_total_bytes=6823936 v8_gc_count=3 v8_gc_ms=1.026 timestamp_ms=1783930946976
[metrics:log] scene=log type=Log processed=400 failed=0 ts_queue=0 ts_max_queue=7 rust_queue=0 rust_max_queue=7 backpressure=0 slow_disconnects=0 update_ms=0.00 handler_ms=0.00 max_handler_ms=1.00 total_handler_ms=10.00
