starting process log with one V8 and 1 scene(s) from E:\VsCode\skynet\ets_runtime\perf\results\runtime_configs\map_capacity_20260713_081609\200p_8g_r1\log.json
scene log (Log) listening on 127.0.0.1:7100
[process:log] one V8 started with 1 scene(s)
[log] Log scene started at 127.0.0.1:7100
log accepted 127.0.0.1:50576 as conn 1
log accepted 127.0.0.1:51081 as conn 2
[log] [login_1] perf_8g_10_200_0_1783930822502 login count 1
[log] [login_1] perf_8g_10_200_1_1783930822503 login count 1
[log] [login_1] perf_8g_10_200_3_1783930822503 login count 1
[log] [login_1] perf_8g_10_200_5_1783930822504 login count 1
[log] [login_1] perf_8g_10_200_6_1783930822504 login count 1
[log] [login_1] perf_8g_10_200_2_1783930822503 login count 1
[log] [login_1] perf_8g_10_200_8_1783930822504 login count 1
[log] [login_1] perf_8g_10_200_10_1783930822504 login count 1
[log] [login_1] perf_8g_10_200_11_1783930822504 login count 1
[log] [login_1] perf_8g_10_200_7_1783930822504 login count 1
[log] [login_1] perf_8g_10_200_4_1783930822503 login count 1
[log] [login_1] perf_8g_10_200_14_1783930822504 login count 1
[log] [login_1] perf_8g_10_200_15_1783930822504 login count 1
[log] [login_1] perf_8g_10_200_12_1783930822504 login count 1
[log] [login_1] perf_8g_10_200_13_1783930822504 login count 1
[log] [login_1] perf_8g_10_200_9_1783930822504 login count 1
log accepted 127.0.0.1:51584 as conn 3
[log] [gate_1] perf_8g_10_200_0_1783930822502 enter map_1 as unit 1000
log accepted 127.0.0.1:51621 as conn 4
log accepted 127.0.0.1:51622 as conn 5
[log] [gate_1] perf_8g_10_200_11_1783930822504 enter map_1 as unit 1008
log accepted 127.0.0.1:51634 as conn 6
log accepted 127.0.0.1:51633 as conn 7
log accepted 127.0.0.1:51636 as conn 8
log accepted 127.0.0.1:51635 as conn 9
[log] [gate_2] perf_8g_10_200_1_1783930822503 enter map_1 as unit 1006
log accepted 127.0.0.1:51646 as conn 10
[log] [gate_8] perf_8g_10_200_10_1783930822504 enter map_1 as unit 1007
[log] [gate_6] perf_8g_10_200_2_1783930822503 enter map_1 as unit 1002
[log] [gate_3] perf_8g_10_200_3_1783930822503 enter map_1 as unit 1005
[log] [gate_5] perf_8g_10_200_6_1783930822504 enter map_1 as unit 1004
[log] [login_1] perf_8g_10_200_16_1783930822528 login count 1
[log] [gate_7] perf_8g_10_200_8_1783930822504 enter map_1 as unit 1003
[log] [gate_4] perf_8g_10_200_5_1783930822504 enter map_1 as unit 1001
[log] [gate_6] perf_8g_10_200_12_1783930822504 enter map_1 as unit 1009
[log] [login_1] perf_8g_10_200_17_1783930822530 login count 1
[log] [gate_8] perf_8g_10_200_9_1783930822504 enter map_1 as unit 1012
[log] [gate_3] perf_8g_10_200_4_1783930822503 enter map_1 as unit 1011
[log] [gate_4] perf_8g_10_200_14_1783930822504 enter map_1 as unit 1013
[log] [gate_2] perf_8g_10_200_7_1783930822504 enter map_1 as unit 1010
[log] [gate_7] perf_8g_10_200_13_1783930822504 enter map_1 as unit 1014
[log] [login_1] perf_8g_10_200_18_1783930822532 login count 1
[log] [gate_1] perf_8g_10_200_16_1783930822528 enter map_1 as unit 1016
[log] [gate_5] perf_8g_10_200_15_1783930822504 enter map_1 as unit 1015
[log] [login_1] perf_8g_10_200_19_1783930822532 login count 1
[log] [gate_2] perf_8g_10_200_17_1783930822530 enter map_1 as unit 1017
[log] [login_1] perf_8g_10_200_20_1783930822534 login count 1
[log] [gate_3] perf_8g_10_200_18_1783930822532 enter map_1 as unit 1018
[log] [login_1] perf_8g_10_200_21_1783930822534 login count 1
[log] [login_1] perf_8g_10_200_22_1783930822535 login count 1
[log] [login_1] perf_8g_10_200_23_1783930822535 login count 1
[log] [login_1] perf_8g_10_200_24_1783930822535 login count 1
[log] [gate_4] perf_8g_10_200_19_1783930822532 enter map_1 as unit 1019
[log] [login_1] perf_8g_10_200_25_1783930822536 login count 1
[log] [login_1] perf_8g_10_200_27_1783930822536 login count 1
[log] [login_1] perf_8g_10_200_26_1783930822536 login count 1
[log] [login_1] perf_8g_10_200_28_1783930822537 login count 1
[log] [login_1] perf_8g_10_200_29_1783930822537 login count 1
[log] [login_1] perf_8g_10_200_30_1783930822537 login count 1
[log] [login_1] perf_8g_10_200_31_1783930822538 login count 1
[log] [login_1] perf_8g_10_200_32_1783930822538 login count 1
[log] [login_1] perf_8g_10_200_33_1783930822542 login count 1
[log] [gate_5] perf_8g_10_200_20_1783930822534 enter map_1 as unit 1020
[log] [gate_6] perf_8g_10_200_21_1783930822534 enter map_1 as unit 1021
[log] [login_1] perf_8g_10_200_34_1783930822545 login count 1
[log] [gate_1] perf_8g_10_200_24_1783930822535 enter map_1 as unit 1023
[log] [login_1] perf_8g_10_200_35_1783930822546 login count 1
[log] [gate_7] perf_8g_10_200_22_1783930822535 enter map_1 as unit 1022
[log] [gate_2] perf_8g_10_200_25_1783930822536 enter map_1 as unit 1025
[log] [gate_3] perf_8g_10_200_27_1783930822536 enter map_1 as unit 1027
[log] [gate_4] perf_8g_10_200_26_1783930822536 enter map_1 as unit 1026
[log] [gate_8] perf_8g_10_200_23_1783930822535 enter map_1 as unit 1024
[log] [gate_7] perf_8g_10_200_30_1783930822537 enter map_1 as unit 1029
[log] [gate_5] perf_8g_10_200_28_1783930822537 enter map_1 as unit 1028
[log] [gate_6] perf_8g_10_200_29_1783930822537 enter map_1 as unit 1030
[log] [login_1] perf_8g_10_200_36_1783930822552 login count 1
[log] [login_1] perf_8g_10_200_37_1783930822553 login count 1
[log] [gate_8] perf_8g_10_200_31_1783930822538 enter map_1 as unit 1032
[log] [gate_1] perf_8g_10_200_32_1783930822538 enter map_1 as unit 1031
[log] [gate_2] perf_8g_10_200_33_1783930822542 enter map_1 as unit 1033
[log] [gate_3] perf_8g_10_200_34_1783930822545 enter map_1 as unit 1034
[log] [login_1] perf_8g_10_200_38_1783930822555 login count 1
[log] [gate_4] perf_8g_10_200_35_1783930822546 enter map_1 as unit 1035
[log] [login_1] perf_8g_10_200_39_1783930822557 login count 1
[log] [login_1] perf_8g_10_200_40_1783930822557 login count 1
[log] [login_1] perf_8g_10_200_41_1783930822557 login count 1
[log] [gate_5] perf_8g_10_200_36_1783930822552 enter map_1 as unit 1036
[log] [login_1] perf_8g_10_200_42_1783930822559 login count 1
[log] [login_1] perf_8g_10_200_43_1783930822560 login count 1
[log] [gate_6] perf_8g_10_200_37_1783930822553 enter map_1 as unit 1037
[log] [login_1] perf_8g_10_200_44_1783930822560 login count 1
[log] [login_1] perf_8g_10_200_45_1783930822560 login count 1
[log] [login_1] perf_8g_10_200_46_1783930822563 login count 1
[log] [gate_7] perf_8g_10_200_38_1783930822555 enter map_1 as unit 1038
[log] [login_1] perf_8g_10_200_47_1783930822564 login count 1
[log] [login_1] perf_8g_10_200_48_1783930822564 login count 1
[log] [login_1] perf_8g_10_200_49_1783930822564 login count 1
[log] [login_1] perf_8g_10_200_50_1783930822565 login count 1
[log] [login_1] perf_8g_10_200_51_1783930822565 login count 1
[log] [gate_8] perf_8g_10_200_39_1783930822557 enter map_1 as unit 1039
[log] [gate_2] perf_8g_10_200_41_1783930822557 enter map_1 as unit 1041
[log] [gate_1] perf_8g_10_200_40_1783930822557 enter map_1 as unit 1040
[log] [login_1] perf_8g_10_200_52_1783930822571 login count 1
[log] [gate_3] perf_8g_10_200_42_1783930822559 enter map_1 as unit 1042
[log] [login_1] perf_8g_10_200_53_1783930822572 login count 1
[log] [gate_5] perf_8g_10_200_44_1783930822560 enter map_1 as unit 1045
[log] [gate_4] perf_8g_10_200_43_1783930822560 enter map_1 as unit 1043
[log] [gate_6] perf_8g_10_200_45_1783930822560 enter map_1 as unit 1044
[log] [login_1] perf_8g_10_200_54_1783930822574 login count 1
[log] [gate_7] perf_8g_10_200_46_1783930822563 enter map_1 as unit 1046
[log] [gate_8] perf_8g_10_200_47_1783930822564 enter map_1 as unit 1047
[log] [gate_1] perf_8g_10_200_48_1783930822564 enter map_1 as unit 1048
[log] [gate_2] perf_8g_10_200_49_1783930822564 enter map_1 as unit 1049
[log] [login_1] perf_8g_10_200_55_1783930822578 login count 1
[log] [gate_3] perf_8g_10_200_50_1783930822565 enter map_1 as unit 1050
[log] [login_1] perf_8g_10_200_56_1783930822579 login count 1
[log] [login_1] perf_8g_10_200_57_1783930822579 login count 1
[log] [gate_4] perf_8g_10_200_51_1783930822565 enter map_1 as unit 1051
[log] [gate_5] perf_8g_10_200_52_1783930822571 enter map_1 as unit 1052
[log] [gate_6] perf_8g_10_200_53_1783930822572 enter map_1 as unit 1053
[log] [login_1] perf_8g_10_200_58_1783930822581 login count 1
[log] [login_1] perf_8g_10_200_59_1783930822584 login count 1
[log] [gate_7] perf_8g_10_200_54_1783930822574 enter map_1 as unit 1054
[log] [login_1] perf_8g_10_200_60_1783930822585 login count 1
[log] [login_1] perf_8g_10_200_61_1783930822585 login count 1
[log] [gate_8] perf_8g_10_200_55_1783930822578 enter map_1 as unit 1055
[log] [login_1] perf_8g_10_200_62_1783930822588 login count 1
[log] [login_1] perf_8g_10_200_63_1783930822588 login count 1
[log] [gate_2] perf_8g_10_200_57_1783930822579 enter map_1 as unit 1056
[log] [gate_1] perf_8g_10_200_56_1783930822579 enter map_1 as unit 1057
[log] [login_1] perf_8g_10_200_64_1783930822589 login count 1
[log] [login_1] perf_8g_10_200_65_1783930822590 login count 1
[log] [gate_3] perf_8g_10_200_58_1783930822581 enter map_1 as unit 1058
[log] [login_1] perf_8g_10_200_66_1783930822592 login count 1
[log] [login_1] perf_8g_10_200_67_1783930822593 login count 1
[log] [login_1] perf_8g_10_200_68_1783930822594 login count 1
[log] [login_1] perf_8g_10_200_69_1783930822594 login count 1
[log] [gate_4] perf_8g_10_200_59_1783930822584 enter map_1 as unit 1059
[log] [gate_5] perf_8g_10_200_60_1783930822585 enter map_1 as unit 1060
[log] [login_1] perf_8g_10_200_70_1783930822597 login count 1
[log] [gate_6] perf_8g_10_200_61_1783930822585 enter map_1 as unit 1061
[log] [gate_7] perf_8g_10_200_62_1783930822588 enter map_1 as unit 1062
[log] [gate_8] perf_8g_10_200_63_1783930822588 enter map_1 as unit 1063
[log] [login_1] perf_8g_10_200_71_1783930822602 login count 1
[log] [login_1] perf_8g_10_200_72_1783930822603 login count 1
[log] [gate_2] perf_8g_10_200_65_1783930822590 enter map_1 as unit 1065
[log] [gate_1] perf_8g_10_200_64_1783930822589 enter map_1 as unit 1064
[log] [login_1] perf_8g_10_200_73_1783930822604 login count 1
[log] [gate_3] perf_8g_10_200_66_1783930822592 enter map_1 as unit 1066
[log] [login_1] perf_8g_10_200_74_1783930822606 login count 1
[log] [login_1] perf_8g_10_200_75_1783930822609 login count 1
[log] [gate_4] perf_8g_10_200_67_1783930822593 enter map_1 as unit 1067
[log] [gate_5] perf_8g_10_200_68_1783930822594 enter map_1 as unit 1068
[log] [gate_6] perf_8g_10_200_69_1783930822594 enter map_1 as unit 1069
[log] [gate_7] perf_8g_10_200_70_1783930822597 enter map_1 as unit 1070
[log] [login_1] perf_8g_10_200_76_1783930822612 login count 1
[log] [login_1] perf_8g_10_200_77_1783930822614 login count 1
[log] [login_1] perf_8g_10_200_78_1783930822615 login count 1
[log] [gate_8] perf_8g_10_200_71_1783930822602 enter map_1 as unit 1071
[log] [login_1] perf_8g_10_200_79_1783930822616 login count 1
[log] [login_1] perf_8g_10_200_80_1783930822618 login count 1
[log] [login_1] perf_8g_10_200_81_1783930822619 login count 1
[log] [gate_2] perf_8g_10_200_73_1783930822604 enter map_1 as unit 1073
[log] [gate_1] perf_8g_10_200_72_1783930822603 enter map_1 as unit 1072
[log] [login_1] perf_8g_10_200_82_1783930822621 login count 1
[log] [gate_3] perf_8g_10_200_74_1783930822606 enter map_1 as unit 1074
[log] [gate_4] perf_8g_10_200_75_1783930822609 enter map_1 as unit 1075
[log] [login_1] perf_8g_10_200_83_1783930822623 login count 1
[log] [login_1] perf_8g_10_200_84_1783930822624 login count 1
[log] [login_1] perf_8g_10_200_85_1783930822625 login count 1
[log] [gate_5] perf_8g_10_200_76_1783930822612 enter map_1 as unit 1076
[log] [gate_6] perf_8g_10_200_77_1783930822614 enter map_1 as unit 1077
[log] [login_1] perf_8g_10_200_86_1783930822627 login count 1
[log] [gate_7] perf_8g_10_200_78_1783930822615 enter map_1 as unit 1078
[log] [gate_1] perf_8g_10_200_80_1783930822618 enter map_1 as unit 1079
[log] [login_1] perf_8g_10_200_87_1783930822631 login count 1
[log] [gate_2] perf_8g_10_200_81_1783930822619 enter map_1 as unit 1081
[log] [gate_8] perf_8g_10_200_79_1783930822616 enter map_1 as unit 1080
[log] [login_1] perf_8g_10_200_88_1783930822635 login count 1
[log] [gate_3] perf_8g_10_200_82_1783930822621 enter map_1 as unit 1082
[log] [login_1] perf_8g_10_200_89_1783930822636 login count 1
[log] [login_1] perf_8g_10_200_90_1783930822638 login count 1
[log] [gate_4] perf_8g_10_200_83_1783930822623 enter map_1 as unit 1083
[log] [login_1] perf_8g_10_200_91_1783930822639 login count 1
[log] [gate_5] perf_8g_10_200_84_1783930822624 enter map_1 as unit 1084
[log] [gate_6] perf_8g_10_200_85_1783930822625 enter map_1 as unit 1085
[log] [login_1] perf_8g_10_200_92_1783930822642 login count 1
[log] [login_1] perf_8g_10_200_93_1783930822644 login count 1
[log] [gate_7] perf_8g_10_200_86_1783930822627 enter map_1 as unit 1086
[log] [login_1] perf_8g_10_200_94_1783930822646 login count 1
[log] [gate_8] perf_8g_10_200_87_1783930822631 enter map_1 as unit 1087
[log] [login_1] perf_8g_10_200_95_1783930822648 login count 1
[log] [gate_1] perf_8g_10_200_88_1783930822635 enter map_1 as unit 1088
[log] [login_1] perf_8g_10_200_96_1783930822651 login count 1
[log] [login_1] perf_8g_10_200_97_1783930822652 login count 1
[log] [login_1] perf_8g_10_200_98_1783930822654 login count 1
[log] [login_1] perf_8g_10_200_99_1783930822656 login count 1
[log] [gate_3] perf_8g_10_200_90_1783930822638 enter map_1 as unit 1090
[log] [gate_2] perf_8g_10_200_89_1783930822636 enter map_1 as unit 1089
[log] [gate_4] perf_8g_10_200_91_1783930822639 enter map_1 as unit 1091
[log] [login_1] perf_8g_10_200_100_1783930822658 login count 1
[log] [login_1] perf_8g_10_200_101_1783930822660 login count 1
[log] [gate_5] perf_8g_10_200_92_1783930822642 enter map_1 as unit 1092
[log] [gate_6] perf_8g_10_200_93_1783930822644 enter map_1 as unit 1093
[log] [login_1] perf_8g_10_200_102_1783930822661 login count 1
[log] [gate_7] perf_8g_10_200_94_1783930822646 enter map_1 as unit 1094
[log] [login_1] perf_8g_10_200_103_1783930822664 login count 1
[log] [gate_8] perf_8g_10_200_95_1783930822648 enter map_1 as unit 1095
[log] [gate_1] perf_8g_10_200_96_1783930822651 enter map_1 as unit 1096
[log] [login_1] perf_8g_10_200_104_1783930822669 login count 1
[log] [login_1] perf_8g_10_200_105_1783930822674 login count 1
[log] [login_1] perf_8g_10_200_106_1783930822674 login count 1
[log] [gate_4] perf_8g_10_200_99_1783930822656 enter map_1 as unit 1099
[log] [gate_2] perf_8g_10_200_97_1783930822652 enter map_1 as unit 1097
[log] [gate_3] perf_8g_10_200_98_1783930822654 enter map_1 as unit 1098
[log] [login_1] perf_8g_10_200_107_1783930822676 login count 1
[log] [login_1] perf_8g_10_200_108_1783930822678 login count 1
[log] [gate_5] perf_8g_10_200_100_1783930822658 enter map_1 as unit 1100
[log] [gate_6] perf_8g_10_200_101_1783930822660 enter map_1 as unit 1101
[log] [login_1] perf_8g_10_200_109_1783930822678 login count 1
[log] [login_1] perf_8g_10_200_110_1783930822681 login count 1
[log] [gate_7] perf_8g_10_200_102_1783930822661 enter map_1 as unit 1102
[log] [gate_8] perf_8g_10_200_103_1783930822664 enter map_1 as unit 1103
[log] [login_1] perf_8g_10_200_111_1783930822684 login count 1
[log] [login_1] perf_8g_10_200_112_1783930822686 login count 1
[log] [gate_1] perf_8g_10_200_104_1783930822669 enter map_1 as unit 1104
[log] [gate_2] perf_8g_10_200_105_1783930822674 enter map_1 as unit 1105
[log] [gate_3] perf_8g_10_200_106_1783930822674 enter map_1 as unit 1106
[log] [login_1] perf_8g_10_200_113_1783930822691 login count 1
[log] [gate_4] perf_8g_10_200_107_1783930822676 enter map_1 as unit 1107
[log] [login_1] perf_8g_10_200_114_1783930822692 login count 1
[log] [login_1] perf_8g_10_200_115_1783930822693 login count 1
[log] [gate_5] perf_8g_10_200_108_1783930822678 enter map_1 as unit 1108
[log] [login_1] perf_8g_10_200_116_1783930822695 login count 1
[log] [login_1] perf_8g_10_200_117_1783930822696 login count 1
[log] [gate_7] perf_8g_10_200_110_1783930822681 enter map_1 as unit 1110
[log] [gate_6] perf_8g_10_200_109_1783930822678 enter map_1 as unit 1109
[log] [login_1] perf_8g_10_200_118_1783930822699 login count 1
[log] [login_1] perf_8g_10_200_119_1783930822700 login count 1
[log] [login_1] perf_8g_10_200_120_1783930822704 login count 1
[log] [gate_8] perf_8g_10_200_111_1783930822684 enter map_1 as unit 1112
[log] [gate_1] perf_8g_10_200_112_1783930822686 enter map_1 as unit 1111
[log] [gate_2] perf_8g_10_200_113_1783930822691 enter map_1 as unit 1113
[log] [login_1] perf_8g_10_200_121_1783930822707 login count 1
[log] [login_1] perf_8g_10_200_122_1783930822708 login count 1
[log] [gate_3] perf_8g_10_200_114_1783930822692 enter map_1 as unit 1114
[log] [login_1] perf_8g_10_200_123_1783930822710 login count 1
[log] [login_1] perf_8g_10_200_124_1783930822712 login count 1
[log] [gate_4] perf_8g_10_200_115_1783930822693 enter map_1 as unit 1115
[log] [gate_6] perf_8g_10_200_117_1783930822696 enter map_1 as unit 1117
[log] [gate_5] perf_8g_10_200_116_1783930822695 enter map_1 as unit 1116
[log] [login_1] perf_8g_10_200_125_1783930822717 login count 1
[log] [login_1] perf_8g_10_200_126_1783930822718 login count 1
[log] [gate_8] perf_8g_10_200_119_1783930822700 enter map_1 as unit 1119
[log] [gate_7] perf_8g_10_200_118_1783930822699 enter map_1 as unit 1118
[log] [gate_1] perf_8g_10_200_120_1783930822704 enter map_1 as unit 1120
[log] [gate_2] perf_8g_10_200_121_1783930822707 enter map_1 as unit 1121
[log] [login_1] perf_8g_10_200_127_1783930822722 login count 1
[log] [login_1] perf_8g_10_200_128_1783930822723 login count 1
[log] [gate_3] perf_8g_10_200_122_1783930822708 enter map_1 as unit 1122
[log] [login_1] perf_8g_10_200_129_1783930822725 login count 1
[log] [gate_4] perf_8g_10_200_123_1783930822710 enter map_1 as unit 1123
[log] [gate_5] perf_8g_10_200_124_1783930822712 enter map_1 as unit 1124
[log] [login_1] perf_8g_10_200_130_1783930822728 login count 1
[log] [login_1] perf_8g_10_200_131_1783930822733 login count 1
[log] [gate_6] perf_8g_10_200_125_1783930822717 enter map_1 as unit 1125
[log] [login_1] perf_8g_10_200_132_1783930822736 login count 1
[log] [login_1] perf_8g_10_200_133_1783930822736 login count 1
[log] [gate_7] perf_8g_10_200_126_1783930822718 enter map_1 as unit 1126
[log] [login_1] perf_8g_10_200_134_1783930822740 login count 1
[log] [login_1] perf_8g_10_200_135_1783930822741 login count 1
[log] [gate_8] perf_8g_10_200_127_1783930822722 enter map_1 as unit 1127
[log] [login_1] perf_8g_10_200_136_1783930822743 login count 1
[log] [login_1] perf_8g_10_200_137_1783930822747 login count 1
[log] [gate_1] perf_8g_10_200_128_1783930822723 enter map_1 as unit 1128
[log] [gate_2] perf_8g_10_200_129_1783930822725 enter map_1 as unit 1129
[log] [login_1] perf_8g_10_200_138_1783930822749 login count 1
[log] [login_1] perf_8g_10_200_139_1783930822750 login count 1
[log] [login_1] perf_8g_10_200_140_1783930822751 login count 1
[log] [gate_3] perf_8g_10_200_130_1783930822728 enter map_1 as unit 1130
[log] [gate_4] perf_8g_10_200_131_1783930822733 enter map_1 as unit 1131
[log] [gate_5] perf_8g_10_200_132_1783930822736 enter map_1 as unit 1132
[log] [gate_6] perf_8g_10_200_133_1783930822736 enter map_1 as unit 1133
[log] [login_1] perf_8g_10_200_141_1783930822759 login count 1
[log] [gate_7] perf_8g_10_200_134_1783930822740 enter map_1 as unit 1134
[log] [login_1] perf_8g_10_200_142_1783930822764 login count 1
[log] [gate_8] perf_8g_10_200_135_1783930822741 enter map_1 as unit 1135
[log] [login_1] perf_8g_10_200_143_1783930822767 login count 1
[log] [login_1] perf_8g_10_200_144_1783930822769 login count 1
[log] [login_1] perf_8g_10_200_145_1783930822770 login count 1
[log] [gate_2] perf_8g_10_200_137_1783930822747 enter map_1 as unit 1137
[log] [gate_1] perf_8g_10_200_136_1783930822743 enter map_1 as unit 1136
[log] [login_1] perf_8g_10_200_146_1783930822777 login count 1
[log] [gate_4] perf_8g_10_200_139_1783930822750 enter map_1 as unit 1139
[log] [gate_5] perf_8g_10_200_140_1783930822751 enter map_1 as unit 1140
[log] [gate_3] perf_8g_10_200_138_1783930822749 enter map_1 as unit 1138
[log] [login_1] perf_8g_10_200_147_1783930822780 login count 1
[log] [login_1] perf_8g_10_200_148_1783930822782 login count 1
[log] [login_1] perf_8g_10_200_149_1783930822784 login count 1
[log] [gate_6] perf_8g_10_200_141_1783930822759 enter map_1 as unit 1141
[log] [login_1] perf_8g_10_200_150_1783930822787 login count 1
[log] [login_1] perf_8g_10_200_151_1783930822788 login count 1
[log] [gate_8] perf_8g_10_200_143_1783930822767 enter map_1 as unit 1143
[log] [gate_7] perf_8g_10_200_142_1783930822764 enter map_1 as unit 1142
[log] [login_1] perf_8g_10_200_152_1783930822794 login count 1
[log] [gate_1] perf_8g_10_200_144_1783930822769 enter map_1 as unit 1144
[log] [gate_2] perf_8g_10_200_145_1783930822770 enter map_1 as unit 1145
[log] [login_1] perf_8g_10_200_153_1783930822795 login count 1
[log] [gate_3] perf_8g_10_200_146_1783930822777 enter map_1 as unit 1146
[log] [gate_4] perf_8g_10_200_147_1783930822780 enter map_1 as unit 1147
[log] [login_1] perf_8g_10_200_154_1783930822800 login count 1
[log] [login_1] perf_8g_10_200_155_1783930822800 login count 1
[log] [login_1] perf_8g_10_200_156_1783930822801 login count 1
[log] [gate_6] perf_8g_10_200_149_1783930822784 enter map_1 as unit 1149
[log] [gate_5] perf_8g_10_200_148_1783930822782 enter map_1 as unit 1148
[log] [gate_7] perf_8g_10_200_150_1783930822787 enter map_1 as unit 1150
[log] [login_1] perf_8g_10_200_157_1783930822807 login count 1
[log] [login_1] perf_8g_10_200_158_1783930822809 login count 1
[log] [gate_8] perf_8g_10_200_151_1783930822788 enter map_1 as unit 1151
[log] [login_1] perf_8g_10_200_159_1783930822811 login count 1
[log] [login_1] perf_8g_10_200_160_1783930822816 login count 1
[log] [login_1] perf_8g_10_200_161_1783930822816 login count 1
[log] [login_1] perf_8g_10_200_162_1783930822820 login count 1
[log] [gate_2] perf_8g_10_200_153_1783930822795 enter map_1 as unit 1153
[log] [gate_1] perf_8g_10_200_152_1783930822794 enter map_1 as unit 1152
[log] [login_1] perf_8g_10_200_163_1783930822821 login count 1
[log] [login_1] perf_8g_10_200_164_1783930822825 login count 1
[log] [login_1] perf_8g_10_200_165_1783930822825 login count 1
[log] [gate_4] perf_8g_10_200_155_1783930822800 enter map_1 as unit 1155
[log] [gate_3] perf_8g_10_200_154_1783930822800 enter map_1 as unit 1154
[log] [login_1] perf_8g_10_200_166_1783930822829 login count 1
[log] [gate_6] perf_8g_10_200_157_1783930822807 enter map_1 as unit 1157
[log] [gate_5] perf_8g_10_200_156_1783930822801 enter map_1 as unit 1156
[log] [login_1] perf_8g_10_200_167_1783930822832 login count 1
[log] [login_1] perf_8g_10_200_168_1783930822838 login count 1
[log] [login_1] perf_8g_10_200_169_1783930822838 login count 1
[log] [gate_8] perf_8g_10_200_159_1783930822811 enter map_1 as unit 1159
[log] [gate_7] perf_8g_10_200_158_1783930822809 enter map_1 as unit 1158
[log] [login_1] perf_8g_10_200_170_1783930822844 login count 1
[log] [login_1] perf_8g_10_200_171_1783930822844 login count 1
[log] [login_1] perf_8g_10_200_172_1783930822848 login count 1
[log] [login_1] perf_8g_10_200_173_1783930822848 login count 1
[log] [login_1] perf_8g_10_200_174_1783930822853 login count 1
[log] [login_1] perf_8g_10_200_175_1783930822854 login count 1
[log] [gate_5] perf_8g_10_200_164_1783930822825 enter map_1 as unit 1165
[log] [gate_3] perf_8g_10_200_162_1783930822820 enter map_1 as unit 1162
[log] [gate_2] perf_8g_10_200_161_1783930822816 enter map_1 as unit 1161
[log] [gate_6] perf_8g_10_200_165_1783930822825 enter map_1 as unit 1164
[log] [gate_4] perf_8g_10_200_163_1783930822821 enter map_1 as unit 1163
[log] [gate_1] perf_8g_10_200_160_1783930822816 enter map_1 as unit 1160
[log] [gate_7] perf_8g_10_200_166_1783930822829 enter map_1 as unit 1167
[log] [gate_8] perf_8g_10_200_167_1783930822832 enter map_1 as unit 1166
[log] [login_1] perf_8g_10_200_176_1783930822869 login count 1
[log] [login_1] perf_8g_10_200_177_1783930822870 login count 1
[log] [login_1] perf_8g_10_200_178_1783930822871 login count 1
[log] [login_1] perf_8g_10_200_179_1783930822872 login count 1
[log] [login_1] perf_8g_10_200_180_1783930822873 login count 1
[log] [login_1] perf_8g_10_200_181_1783930822874 login count 1
[log] [gate_2] perf_8g_10_200_169_1783930822838 enter map_1 as unit 1171
[log] [gate_6] perf_8g_10_200_173_1783930822848 enter map_1 as unit 1170
[log] [gate_5] perf_8g_10_200_172_1783930822848 enter map_1 as unit 1169
[log] [gate_1] perf_8g_10_200_168_1783930822838 enter map_1 as unit 1168
[log] [login_1] perf_8g_10_200_182_1783930822878 login count 1
[log] [login_1] perf_8g_10_200_183_1783930822879 login count 1
[log] [login_1] perf_8g_10_200_184_1783930822885 login count 1
[log] [login_1] perf_8g_10_200_185_1783930822886 login count 1
[log] [login_1] perf_8g_10_200_186_1783930822887 login count 1
[log] [login_1] perf_8g_10_200_187_1783930822888 login count 1
[log] [gate_8] perf_8g_10_200_175_1783930822854 enter map_1 as unit 1175
[log] [gate_4] perf_8g_10_200_171_1783930822844 enter map_1 as unit 1172
[log] [gate_7] perf_8g_10_200_174_1783930822853 enter map_1 as unit 1174
[log] [gate_3] perf_8g_10_200_170_1783930822844 enter map_1 as unit 1173
[log] [login_1] perf_8g_10_200_188_1783930822895 login count 1
[log] [login_1] perf_8g_10_200_189_1783930822896 login count 1
[log] [login_1] perf_8g_10_200_190_1783930822897 login count 1
[log] [login_1] perf_8g_10_200_191_1783930822898 login count 1
[log] [gate_2] perf_8g_10_200_177_1783930822870 enter map_1 as unit 1176
[log] [gate_6] perf_8g_10_200_181_1783930822874 enter map_1 as unit 1178
[log] [gate_5] perf_8g_10_200_180_1783930822873 enter map_1 as unit 1177
[log] [gate_1] perf_8g_10_200_176_1783930822869 enter map_1 as unit 1179
[log] [login_1] perf_8g_10_200_192_1783930822907 login count 1
[log] [login_1] perf_8g_10_200_193_1783930822908 login count 1
[log] [login_1] perf_8g_10_200_194_1783930822909 login count 1
[log] [login_1] perf_8g_10_200_195_1783930822909 login count 1
[log] [gate_3] perf_8g_10_200_178_1783930822871 enter map_1 as unit 1183
[log] [gate_7] perf_8g_10_200_182_1783930822878 enter map_1 as unit 1181
[log] [gate_8] perf_8g_10_200_183_1783930822879 enter map_1 as unit 1180
[log] [gate_4] perf_8g_10_200_179_1783930822872 enter map_1 as unit 1182
[log] [login_1] perf_8g_10_200_197_1783930822920 login count 1
[log] [login_1] perf_8g_10_200_196_1783930822919 login count 1
[log] [gate_1] perf_8g_10_200_184_1783930822885 enter map_1 as unit 1187
[log] [gate_6] perf_8g_10_200_189_1783930822896 enter map_1 as unit 1185
[log] [gate_5] perf_8g_10_200_188_1783930822895 enter map_1 as unit 1184
[log] [gate_2] perf_8g_10_200_185_1783930822886 enter map_1 as unit 1186
[log] [login_1] perf_8g_10_200_198_1783930822929 login count 1
[log] [login_1] perf_8g_10_200_199_1783930822929 login count 1
[log] [gate_8] perf_8g_10_200_191_1783930822898 enter map_1 as unit 1191
[log] [gate_4] perf_8g_10_200_187_1783930822888 enter map_1 as unit 1189
[log] [gate_3] perf_8g_10_200_186_1783930822887 enter map_1 as unit 1188
[log] [gate_7] perf_8g_10_200_190_1783930822897 enter map_1 as unit 1190
[log] [gate_2] perf_8g_10_200_193_1783930822908 enter map_1 as unit 1193
[log] [gate_1] perf_8g_10_200_192_1783930822907 enter map_1 as unit 1192
[log] [gate_5] perf_8g_10_200_197_1783930822920 enter map_1 as unit 1194
[log] [gate_6] perf_8g_10_200_196_1783930822919 enter map_1 as unit 1195
[log] [gate_8] perf_8g_10_200_199_1783930822929 enter map_1 as unit 1199
[log] [gate_3] perf_8g_10_200_194_1783930822909 enter map_1 as unit 1197
[log] [gate_7] perf_8g_10_200_198_1783930822929 enter map_1 as unit 1196
[log] [gate_4] perf_8g_10_200_195_1783930822909 enter map_1 as unit 1198
[metrics:inner_transport] active=0 opened=0 pending=0 max_pending=0 overloads=0 timeouts=0 disconnected_calls=0 late_responses=0 idle_closes=0
[process-metrics] process=log cpu_percent=0.32 cpu_time_ms=78 rss_bytes=36671488 v8_heap_used_bytes=2770144 v8_heap_total_bytes=6037504 v8_gc_count=3 v8_gc_ms=0.794 timestamp_ms=1783930827293
[metrics:log] scene=log type=Log processed=400 failed=0 ts_queue=0 ts_max_queue=10 rust_queue=0 rust_max_queue=10 backpressure=0 slow_disconnects=0 update_ms=0.00 handler_ms=0.00 max_handler_ms=1.00 total_handler_ms=13.00
[metrics:inner_transport] active=0 opened=0 pending=0 max_pending=0 overloads=0 timeouts=0 disconnected_calls=0 late_responses=0 idle_closes=0
[process-metrics] process=log cpu_percent=0.00 cpu_time_ms=78 rss_bytes=36892672 v8_heap_used_bytes=2907104 v8_heap_total_bytes=6037504 v8_gc_count=3 v8_gc_ms=0.794 timestamp_ms=1783930832304
[metrics:log] scene=log type=Log processed=400 failed=0 ts_queue=0 ts_max_queue=10 rust_queue=0 rust_max_queue=10 backpressure=0 slow_disconnects=0 update_ms=0.00 handler_ms=0.00 max_handler_ms=1.00 total_handler_ms=13.00
[metrics:inner_transport] active=0 opened=0 pending=0 max_pending=0 overloads=0 timeouts=0 disconnected_calls=0 late_responses=0 idle_closes=0
[process-metrics] process=log cpu_percent=1.55 cpu_time_ms=156 rss_bytes=37580800 v8_heap_used_bytes=3058768 v8_heap_total_bytes=6299648 v8_gc_count=3 v8_gc_ms=0.794 timestamp_ms=1783930837331
[metrics:log] scene=log type=Log processed=400 failed=0 ts_queue=0 ts_max_queue=10 rust_queue=0 rust_max_queue=10 backpressure=0 slow_disconnects=0 update_ms=0.00 handler_ms=0.00 max_handler_ms=1.00 total_handler_ms=13.00
[metrics:inner_transport] active=0 opened=0 pending=0 max_pending=0 overloads=0 timeouts=0 disconnected_calls=0 late_responses=0 idle_closes=0
[process-metrics] process=log cpu_percent=0.30 cpu_time_ms=171 rss_bytes=37748736 v8_heap_used_bytes=3186768 v8_heap_total_bytes=6299648 v8_gc_count=3 v8_gc_ms=0.794 timestamp_ms=1783930842355
[metrics:log] scene=log type=Log processed=400 failed=0 ts_queue=0 ts_max_queue=10 rust_queue=0 rust_max_queue=10 backpressure=0 slow_disconnects=0 update_ms=0.00 handler_ms=0.00 max_handler_ms=1.00 total_handler_ms=13.00
[metrics:inner_transport] active=0 opened=0 pending=0 max_pending=0 overloads=0 timeouts=0 disconnected_calls=0 late_responses=0 idle_closes=0
[process-metrics] process=log cpu_percent=0.64 cpu_time_ms=203 rss_bytes=37814272 v8_heap_used_bytes=3314768 v8_heap_total_bytes=6299648 v8_gc_count=3 v8_gc_ms=0.794 timestamp_ms=1783930847365
[metrics:log] scene=log type=Log processed=400 failed=0 ts_queue=0 ts_max_queue=10 rust_queue=0 rust_max_queue=10 backpressure=0 slow_disconnects=0 update_ms=0.00 handler_ms=0.00 max_handler_ms=1.00 total_handler_ms=13.00
[metrics:inner_transport] active=0 opened=0 pending=0 max_pending=0 overloads=0 timeouts=0 disconnected_calls=0 late_responses=0 idle_closes=0
[process-metrics] process=log cpu_percent=0.30 cpu_time_ms=218 rss_bytes=37900288 v8_heap_used_bytes=3442816 v8_heap_total_bytes=6561792 v8_gc_count=3 v8_gc_ms=0.794 timestamp_ms=1783930852389
[metrics:log] scene=log type=Log processed=400 failed=0 ts_queue=0 ts_max_queue=10 rust_queue=0 rust_max_queue=10 backpressure=0 slow_disconnects=0 update_ms=0.00 handler_ms=0.00 max_handler_ms=1.00 total_handler_ms=13.00
[metrics:inner_transport] active=0 opened=0 pending=0 max_pending=0 overloads=0 timeouts=0 disconnected_calls=0 late_responses=0 idle_closes=0
[process-metrics] process=log cpu_percent=0.64 cpu_time_ms=250 rss_bytes=38170624 v8_heap_used_bytes=3575184 v8_heap_total_bytes=6561792 v8_gc_count=3 v8_gc_ms=0.794 timestamp_ms=1783930857382
[metrics:log] scene=log type=Log processed=400 failed=0 ts_queue=0 ts_max_queue=10 rust_queue=0 rust_max_queue=10 backpressure=0 slow_disconnects=0 update_ms=0.00 handler_ms=0.00 max_handler_ms=1.00 total_handler_ms=13.00
[metrics:inner_transport] active=0 opened=0 pending=0 max_pending=0 overloads=0 timeouts=0 disconnected_calls=0 late_responses=0 idle_closes=0
[process-metrics] process=log cpu_percent=0.30 cpu_time_ms=265 rss_bytes=38342656 v8_heap_used_bytes=3703552 v8_heap_total_bytes=6823936 v8_gc_count=3 v8_gc_ms=0.794 timestamp_ms=1783930862451
[metrics:log] scene=log type=Log processed=400 failed=0 ts_queue=0 ts_max_queue=10 rust_queue=0 rust_max_queue=10 backpressure=0 slow_disconnects=0 update_ms=0.00 handler_ms=0.00 max_handler_ms=1.00 total_handler_ms=13.00
