starting process map1 with one V8 and 1 scene(s) from E:\VsCode\skynet\ets_runtime\perf\results\runtime_configs\map_capacity_20260713_081609\200p_8g_r2\map1.json
scene map_1 (MapHost) listening on 127.0.0.1:7301
[process:map1] one V8 started with 1 scene(s)
[map_1] MapHost scene started at 127.0.0.1:7301
map_1 accepted 127.0.0.1:52382 as conn 1
map_1 accepted 127.0.0.1:52441 as conn 2
map_1 accepted 127.0.0.1:52442 as conn 3
map_1 accepted 127.0.0.1:52443 as conn 4
map_1 accepted 127.0.0.1:52444 as conn 5
map_1 accepted 127.0.0.1:52445 as conn 6
map_1 accepted 127.0.0.1:52446 as conn 7
map_1 accepted 127.0.0.1:52448 as conn 8
map_1 accepted 127.0.0.1:52447 as conn 9
[map_1] perf_8g_10_200_0_1783930864811 enter map 1 unit 1000
[map_1] perf_8g_10_200_3_1783930864813 enter map 1 unit 1001
[map_1] perf_8g_10_200_1_1783930864813 enter map 1 unit 1002
[map_1] perf_8g_10_200_2_1783930864813 enter map 1 unit 1003
[map_1] perf_8g_10_200_7_1783930864813 enter map 1 unit 1004
[map_1] perf_8g_10_200_6_1783930864813 enter map 1 unit 1005
[map_1] perf_8g_10_200_4_1783930864813 enter map 1 unit 1006
[map_1] perf_8g_10_200_5_1783930864813 enter map 1 unit 1007
[map_1] perf_8g_10_200_8_1783930864813 enter map 1 unit 1008
[map_1] perf_8g_10_200_10_1783930864813 enter map 1 unit 1009
[map_1] perf_8g_10_200_9_1783930864813 enter map 1 unit 1010
[map_1] perf_8g_10_200_11_1783930864813 enter map 1 unit 1011
[map_1] perf_8g_10_200_15_1783930864813 enter map 1 unit 1012
[map_1] perf_8g_10_200_12_1783930864813 enter map 1 unit 1013
[map_1] perf_8g_10_200_14_1783930864813 enter map 1 unit 1014
[map_1] perf_8g_10_200_13_1783930864813 enter map 1 unit 1015
[map_1] perf_8g_10_200_16_1783930864839 enter map 1 unit 1016
[map_1] perf_8g_10_200_17_1783930864841 enter map 1 unit 1017
[map_1] perf_8g_10_200_19_1783930864844 enter map 1 unit 1018
[map_1] perf_8g_10_200_18_1783930864844 enter map 1 unit 1019
[map_1] perf_8g_10_200_20_1783930864846 enter map 1 unit 1020
[map_1] perf_8g_10_200_21_1783930864846 enter map 1 unit 1021
[map_1] perf_8g_10_200_23_1783930864847 enter map 1 unit 1022
[map_1] perf_8g_10_200_25_1783930864847 enter map 1 unit 1023
[map_1] perf_8g_10_200_22_1783930864846 enter map 1 unit 1024
[map_1] perf_8g_10_200_26_1783930864848 enter map 1 unit 1025
[map_1] perf_8g_10_200_24_1783930864847 enter map 1 unit 1026
[map_1] perf_8g_10_200_27_1783930864848 enter map 1 unit 1027
[map_1] perf_8g_10_200_29_1783930864849 enter map 1 unit 1028
[map_1] perf_8g_10_200_31_1783930864850 enter map 1 unit 1029
[map_1] perf_8g_10_200_28_1783930864848 enter map 1 unit 1030
[map_1] perf_8g_10_200_30_1783930864849 enter map 1 unit 1031
[map_1] perf_8g_10_200_32_1783930864850 enter map 1 unit 1032
[map_1] perf_8g_10_200_33_1783930864852 enter map 1 unit 1033
[map_1] perf_8g_10_200_35_1783930864861 enter map 1 unit 1034
[map_1] perf_8g_10_200_34_1783930864857 enter map 1 unit 1035
[map_1] perf_8g_10_200_36_1783930864865 enter map 1 unit 1036
[map_1] perf_8g_10_200_37_1783930864869 enter map 1 unit 1037
[map_1] perf_8g_10_200_38_1783930864869 enter map 1 unit 1038
[map_1] perf_8g_10_200_40_1783930864871 enter map 1 unit 1039
[map_1] perf_8g_10_200_39_1783930864871 enter map 1 unit 1040
[map_1] perf_8g_10_200_42_1783930864872 enter map 1 unit 1041
[map_1] perf_8g_10_200_41_1783930864871 enter map 1 unit 1042
[map_1] perf_8g_10_200_43_1783930864872 enter map 1 unit 1043
[map_1] perf_8g_10_200_44_1783930864874 enter map 1 unit 1044
[map_1] perf_8g_10_200_45_1783930864874 enter map 1 unit 1045
[map_1] perf_8g_10_200_48_1783930864876 enter map 1 unit 1047
[map_1] perf_8g_10_200_46_1783930864875 enter map 1 unit 1046
[map_1] perf_8g_10_200_49_1783930864877 enter map 1 unit 1048
[map_1] perf_8g_10_200_50_1783930864878 enter map 1 unit 1049
[map_1] perf_8g_10_200_47_1783930864875 enter map 1 unit 1051
[map_1] perf_8g_10_200_51_1783930864878 enter map 1 unit 1050
[map_1] perf_8g_10_200_53_1783930864885 enter map 1 unit 1052
[map_1] perf_8g_10_200_54_1783930864886 enter map 1 unit 1053
[map_1] perf_8g_10_200_52_1783930864879 enter map 1 unit 1054
[map_1] perf_8g_10_200_55_1783930864890 enter map 1 unit 1055
[map_1] perf_8g_10_200_56_1783930864893 enter map 1 unit 1056
[map_1] perf_8g_10_200_57_1783930864894 enter map 1 unit 1057
[map_1] perf_8g_10_200_58_1783930864894 enter map 1 unit 1058
[map_1] perf_8g_10_200_59_1783930864895 enter map 1 unit 1059
[map_1] perf_8g_10_200_60_1783930864898 enter map 1 unit 1060
[map_1] perf_8g_10_200_61_1783930864898 enter map 1 unit 1061
[map_1] perf_8g_10_200_62_1783930864899 enter map 1 unit 1062
[map_1] perf_8g_10_200_63_1783930864899 enter map 1 unit 1063
[map_1] perf_8g_10_200_64_1783930864904 enter map 1 unit 1064
[map_1] perf_8g_10_200_65_1783930864905 enter map 1 unit 1065
[map_1] perf_8g_10_200_67_1783930864905 enter map 1 unit 1066
[map_1] perf_8g_10_200_66_1783930864905 enter map 1 unit 1067
[map_1] perf_8g_10_200_70_1783930864908 enter map 1 unit 1070
[map_1] perf_8g_10_200_68_1783930864907 enter map 1 unit 1068
[map_1] perf_8g_10_200_69_1783930864907 enter map 1 unit 1069
[map_1] perf_8g_10_200_71_1783930864913 enter map 1 unit 1071
[map_1] perf_8g_10_200_72_1783930864915 enter map 1 unit 1072
[map_1] perf_8g_10_200_73_1783930864916 enter map 1 unit 1073
[map_1] perf_8g_10_200_75_1783930864917 enter map 1 unit 1074
[map_1] perf_8g_10_200_74_1783930864917 enter map 1 unit 1075
[map_1] perf_8g_10_200_76_1783930864923 enter map 1 unit 1076
[map_1] perf_8g_10_200_77_1783930864925 enter map 1 unit 1077
[map_1] perf_8g_10_200_78_1783930864925 enter map 1 unit 1078
[map_1] perf_8g_10_200_79_1783930864926 enter map 1 unit 1079
[map_1] perf_8g_10_200_80_1783930864930 enter map 1 unit 1080
[map_1] perf_8g_10_200_81_1783930864933 enter map 1 unit 1081
[map_1] perf_8g_10_200_82_1783930864934 enter map 1 unit 1082
[map_1] perf_8g_10_200_83_1783930864937 enter map 1 unit 1083
[map_1] perf_8g_10_200_85_1783930864938 enter map 1 unit 1084
[map_1] perf_8g_10_200_86_1783930864939 enter map 1 unit 1085
[map_1] perf_8g_10_200_87_1783930864941 enter map 1 unit 1087
[map_1] perf_8g_10_200_84_1783930864938 enter map 1 unit 1086
[map_1] perf_8g_10_200_88_1783930864944 enter map 1 unit 1088
[map_1] perf_8g_10_200_91_1783930864949 enter map 1 unit 1091
[map_1] perf_8g_10_200_89_1783930864946 enter map 1 unit 1089
[map_1] perf_8g_10_200_90_1783930864947 enter map 1 unit 1090
[map_1] perf_8g_10_200_92_1783930864951 enter map 1 unit 1092
[map_1] perf_8g_10_200_93_1783930864955 enter map 1 unit 1093
[map_1] perf_8g_10_200_94_1783930864960 enter map 1 unit 1094
[map_1] perf_8g_10_200_95_1783930864962 enter map 1 unit 1095
[map_1] perf_8g_10_200_96_1783930864963 enter map 1 unit 1096
[map_1] perf_8g_10_200_97_1783930864964 enter map 1 unit 1097
[map_1] perf_8g_10_200_98_1783930864966 enter map 1 unit 1098
[map_1] perf_8g_10_200_99_1783930864971 enter map 1 unit 1099
[map_1] perf_8g_10_200_100_1783930864973 enter map 1 unit 1100
[map_1] perf_8g_10_200_101_1783930864975 enter map 1 unit 1101
[map_1] perf_8g_10_200_102_1783930864976 enter map 1 unit 1102
[map_1] perf_8g_10_200_103_1783930864977 enter map 1 unit 1103
[map_1] perf_8g_10_200_104_1783930864982 enter map 1 unit 1104
[map_1] perf_8g_10_200_105_1783930864984 enter map 1 unit 1105
[map_1] perf_8g_10_200_106_1783930864985 enter map 1 unit 1106
[map_1] perf_8g_10_200_107_1783930864986 enter map 1 unit 1107
[map_1] perf_8g_10_200_108_1783930864989 enter map 1 unit 1108
[map_1] perf_8g_10_200_109_1783930864991 enter map 1 unit 1109
[map_1] perf_8g_10_200_110_1783930864991 enter map 1 unit 1110
[map_1] perf_8g_10_200_111_1783930864996 enter map 1 unit 1111
[map_1] perf_8g_10_200_112_1783930864998 enter map 1 unit 1112
[map_1] perf_8g_10_200_113_1783930864999 enter map 1 unit 1113
[map_1] perf_8g_10_200_114_1783930865001 enter map 1 unit 1114
[map_1] perf_8g_10_200_115_1783930865006 enter map 1 unit 1115
[map_1] perf_8g_10_200_116_1783930865007 enter map 1 unit 1116
[map_1] perf_8g_10_200_117_1783930865014 enter map 1 unit 1117
[map_1] perf_8g_10_200_118_1783930865018 enter map 1 unit 1118
[map_1] perf_8g_10_200_119_1783930865019 enter map 1 unit 1119
[map_1] perf_8g_10_200_120_1783930865020 enter map 1 unit 1120
[map_1] perf_8g_10_200_121_1783930865022 enter map 1 unit 1121
[map_1] perf_8g_10_200_122_1783930865024 enter map 1 unit 1122
[map_1] perf_8g_10_200_123_1783930865025 enter map 1 unit 1123
[map_1] perf_8g_10_200_124_1783930865029 enter map 1 unit 1124
[map_1] perf_8g_10_200_125_1783930865029 enter map 1 unit 1125
[map_1] perf_8g_10_200_126_1783930865033 enter map 1 unit 1126
[map_1] perf_8g_10_200_128_1783930865037 enter map 1 unit 1129
[map_1] perf_8g_10_200_127_1783930865034 enter map 1 unit 1127
[map_1] perf_8g_10_200_129_1783930865038 enter map 1 unit 1128
[map_1] perf_8g_10_200_130_1783930865040 enter map 1 unit 1130
[map_1] perf_8g_10_200_131_1783930865042 enter map 1 unit 1131
[map_1] perf_8g_10_200_132_1783930865045 enter map 1 unit 1132
[map_1] perf_8g_10_200_133_1783930865050 enter map 1 unit 1133
[map_1] perf_8g_10_200_134_1783930865055 enter map 1 unit 1134
[map_1] perf_8g_10_200_135_1783930865058 enter map 1 unit 1135
[map_1] perf_8g_10_200_136_1783930865059 enter map 1 unit 1136
[map_1] perf_8g_10_200_137_1783930865063 enter map 1 unit 1137
[map_1] perf_8g_10_200_138_1783930865064 enter map 1 unit 1138
[map_1] perf_8g_10_200_139_1783930865067 enter map 1 unit 1139
[map_1] perf_8g_10_200_140_1783930865069 enter map 1 unit 1140
[map_1] perf_8g_10_200_141_1783930865074 enter map 1 unit 1141
[map_1] perf_8g_10_200_142_1783930865075 enter map 1 unit 1142
[map_1] perf_8g_10_200_143_1783930865081 enter map 1 unit 1143
[map_1] perf_8g_10_200_144_1783930865082 enter map 1 unit 1144
[map_1] perf_8g_10_200_145_1783930865082 enter map 1 unit 1145
[map_1] perf_8g_10_200_146_1783930865089 enter map 1 unit 1146
[map_1] perf_8g_10_200_147_1783930865090 enter map 1 unit 1147
[map_1] perf_8g_10_200_148_1783930865094 enter map 1 unit 1148
[map_1] perf_8g_10_200_151_1783930865099 enter map 1 unit 1151
[map_1] perf_8g_10_200_149_1783930865095 enter map 1 unit 1149
[map_1] perf_8g_10_200_150_1783930865097 enter map 1 unit 1150
[map_1] perf_8g_10_200_152_1783930865101 enter map 1 unit 1152
[map_1] perf_8g_10_200_155_1783930865112 enter map 1 unit 1155
[map_1] perf_8g_10_200_153_1783930865107 enter map 1 unit 1153
[map_1] perf_8g_10_200_154_1783930865111 enter map 1 unit 1154
[map_1] perf_8g_10_200_159_1783930865125 enter map 1 unit 1156
[map_1] perf_8g_10_200_156_1783930865114 enter map 1 unit 1159
[map_1] perf_8g_10_200_158_1783930865121 enter map 1 unit 1157
[map_1] perf_8g_10_200_157_1783930865118 enter map 1 unit 1158
[map_1] perf_8g_10_200_162_1783930865133 enter map 1 unit 1160
[map_1] perf_8g_10_200_160_1783930865125 enter map 1 unit 1163
[map_1] perf_8g_10_200_163_1783930865133 enter map 1 unit 1161
[map_1] perf_8g_10_200_161_1783930865129 enter map 1 unit 1162
[map_1] perf_8g_10_200_164_1783930865142 enter map 1 unit 1164
[map_1] perf_8g_10_200_166_1783930865144 enter map 1 unit 1167
[map_1] perf_8g_10_200_167_1783930865145 enter map 1 unit 1165
[map_1] perf_8g_10_200_165_1783930865143 enter map 1 unit 1166
[map_1] perf_8g_10_200_168_1783930865150 enter map 1 unit 1168
[map_1] perf_8g_10_200_171_1783930865153 enter map 1 unit 1171
[map_1] perf_8g_10_200_169_1783930865151 enter map 1 unit 1169
[map_1] perf_8g_10_200_170_1783930865152 enter map 1 unit 1170
[map_1] perf_8g_10_200_174_1783930865165 enter map 1 unit 1172
[map_1] perf_8g_10_200_172_1783930865162 enter map 1 unit 1175
[map_1] perf_8g_10_200_175_1783930865165 enter map 1 unit 1173
[map_1] perf_8g_10_200_173_1783930865164 enter map 1 unit 1174
[map_1] perf_8g_10_200_179_1783930865175 enter map 1 unit 1176
[map_1] perf_8g_10_200_177_1783930865173 enter map 1 unit 1179
[map_1] perf_8g_10_200_176_1783930865172 enter map 1 unit 1177
[map_1] perf_8g_10_200_178_1783930865174 enter map 1 unit 1178
[map_1] perf_8g_10_200_180_1783930865183 enter map 1 unit 1180
[map_1] perf_8g_10_200_183_1783930865186 enter map 1 unit 1183
[map_1] perf_8g_10_200_181_1783930865184 enter map 1 unit 1181
[map_1] perf_8g_10_200_182_1783930865185 enter map 1 unit 1182
[map_1] perf_8g_10_200_185_1783930865193 enter map 1 unit 1184
[map_1] perf_8g_10_200_186_1783930865194 enter map 1 unit 1187
[map_1] perf_8g_10_200_187_1783930865194 enter map 1 unit 1185
[map_1] perf_8g_10_200_184_1783930865192 enter map 1 unit 1186
[map_1] perf_8g_10_200_189_1783930865202 enter map 1 unit 1188
[map_1] perf_8g_10_200_190_1783930865203 enter map 1 unit 1191
[map_1] perf_8g_10_200_188_1783930865201 enter map 1 unit 1189
[map_1] perf_8g_10_200_191_1783930865204 enter map 1 unit 1190
[map_1] perf_8g_10_200_194_1783930865215 enter map 1 unit 1192
[map_1] perf_8g_10_200_192_1783930865213 enter map 1 unit 1195
[map_1] perf_8g_10_200_195_1783930865215 enter map 1 unit 1194
[map_1] perf_8g_10_200_193_1783930865214 enter map 1 unit 1193
[map_1] perf_8g_10_200_199_1783930865229 enter map 1 unit 1196
[map_1] perf_8g_10_200_198_1783930865228 enter map 1 unit 1199
[map_1] perf_8g_10_200_197_1783930865227 enter map 1 unit 1197
[map_1] perf_8g_10_200_196_1783930865226 enter map 1 unit 1198
[metrics:inner_transport] active=8 opened=8 pending=0 max_pending=0 overloads=0 timeouts=0 disconnected_calls=0 late_responses=0 idle_closes=0
[process-metrics] process=map1 cpu_percent=129.45 cpu_time_ms=6593 rss_bytes=135774208 v8_heap_used_bytes=41977960 v8_heap_total_bytes=91758592 v8_gc_count=119 v8_gc_ms=84.990 timestamp_ms=1783930869520
[metrics:map1] scene=map_1 type=MapHost processed=9001 failed=0 ts_queue=0 ts_max_queue=168 rust_queue=152 rust_max_queue=168 backpressure=0 slow_disconnects=0 update_ms=0.00 handler_ms=0.00 max_handler_ms=67.00 total_handler_ms=92151.00
[metrics:inner_transport] active=8 opened=8 pending=0 max_pending=0 overloads=0 timeouts=0 disconnected_calls=0 late_responses=0 idle_closes=0
[process-metrics] process=map1 cpu_percent=123.79 cpu_time_ms=12781 rss_bytes=140447744 v8_heap_used_bytes=27329696 v8_heap_total_bytes=80748544 v8_gc_count=215 v8_gc_ms=154.650 timestamp_ms=1783930874519
[metrics:map1] scene=map_1 type=MapHost processed=19411 failed=0 ts_queue=0 ts_max_queue=168 rust_queue=23 rust_max_queue=168 backpressure=0 slow_disconnects=0 update_ms=0.00 handler_ms=0.00 max_handler_ms=67.00 total_handler_ms=210203.00
[metrics:inner_transport] active=8 opened=8 pending=0 max_pending=0 overloads=0 timeouts=0 disconnected_calls=0 late_responses=0 idle_closes=0
[process-metrics] process=map1 cpu_percent=131.40 cpu_time_ms=19359 rss_bytes=126124032 v8_heap_used_bytes=4758504 v8_heap_total_bytes=80748544 v8_gc_count=310 v8_gc_ms=219.347 timestamp_ms=1783930879525
[metrics:map1] scene=map_1 type=MapHost processed=29766 failed=0 ts_queue=0 ts_max_queue=168 rust_queue=84 rust_max_queue=168 backpressure=0 slow_disconnects=0 update_ms=7.00 handler_ms=7.00 max_handler_ms=67.00 total_handler_ms=302882.00
[metrics:inner_transport] active=8 opened=8 pending=0 max_pending=0 overloads=0 timeouts=0 disconnected_calls=0 late_responses=0 idle_closes=0
[process-metrics] process=map1 cpu_percent=103.65 cpu_time_ms=24546 rss_bytes=126676992 v8_heap_used_bytes=27786200 v8_heap_total_bytes=80748544 v8_gc_count=400 v8_gc_ms=273.392 timestamp_ms=1783930884529
[metrics:map1] scene=map_1 type=MapHost processed=39969 failed=0 ts_queue=0 ts_max_queue=168 rust_queue=31 rust_max_queue=168 backpressure=0 slow_disconnects=0 update_ms=7.00 handler_ms=7.00 max_handler_ms=67.00 total_handler_ms=383337.00
[metrics:inner_transport] active=8 opened=8 pending=0 max_pending=0 overloads=0 timeouts=0 disconnected_calls=0 late_responses=0 idle_closes=0
[process-metrics] process=map1 cpu_percent=121.95 cpu_time_ms=30671 rss_bytes=126758912 v8_heap_used_bytes=14663960 v8_heap_total_bytes=80748544 v8_gc_count=491 v8_gc_ms=334.122 timestamp_ms=1783930889552
[metrics:map1] scene=map_1 type=MapHost processed=50075 failed=0 ts_queue=0 ts_max_queue=168 rust_queue=49 rust_max_queue=168 backpressure=0 slow_disconnects=0 update_ms=0.00 handler_ms=0.00 max_handler_ms=67.00 total_handler_ms=460375.00
[metrics:inner_transport] active=8 opened=8 pending=0 max_pending=0 overloads=0 timeouts=0 disconnected_calls=0 late_responses=0 idle_closes=0
[process-metrics] process=map1 cpu_percent=109.27 cpu_time_ms=36140 rss_bytes=127324160 v8_heap_used_bytes=17568600 v8_heap_total_bytes=80748544 v8_gc_count=583 v8_gc_ms=397.680 timestamp_ms=1783930894557
[metrics:map1] scene=map_1 type=MapHost processed=60340 failed=0 ts_queue=0 ts_max_queue=168 rust_queue=88 rust_max_queue=168 backpressure=0 slow_disconnects=0 update_ms=0.00 handler_ms=0.00 max_handler_ms=67.00 total_handler_ms=571682.00
[metrics:inner_transport] active=8 opened=8 pending=0 max_pending=0 overloads=0 timeouts=0 disconnected_calls=0 late_responses=0 idle_closes=0
[process-metrics] process=map1 cpu_percent=124.67 cpu_time_ms=42375 rss_bytes=128753664 v8_heap_used_bytes=16901016 v8_heap_total_bytes=80748544 v8_gc_count=674 v8_gc_ms=462.726 timestamp_ms=1783930899558
[metrics:map1] scene=map_1 type=MapHost processed=70496 failed=0 ts_queue=0 ts_max_queue=168 rust_queue=31 rust_max_queue=168 backpressure=0 slow_disconnects=0 update_ms=4.00 handler_ms=4.00 max_handler_ms=67.00 total_handler_ms=706360.00
[metrics:inner_transport] active=8 opened=8 pending=0 max_pending=0 overloads=0 timeouts=0 disconnected_calls=0 late_responses=0 idle_closes=0
[process-metrics] process=map1 cpu_percent=91.01 cpu_time_ms=46937 rss_bytes=128258048 v8_heap_used_bytes=8006344 v8_heap_total_bytes=80748544 v8_gc_count=767 v8_gc_ms=523.296 timestamp_ms=1783930904571
[metrics:map1] scene=map_1 type=MapHost processed=80587 failed=0 ts_queue=0 ts_max_queue=168 rust_queue=38 rust_max_queue=168 backpressure=0 slow_disconnects=0 update_ms=19.00 handler_ms=18.00 max_handler_ms=67.00 total_handler_ms=793316.00
[map_1] perf_8g_10_200_0_1783930864811 leave map 1 unit 1000
[map_1] perf_8g_10_200_1_1783930864813 leave map 1 unit 1002
[map_1] perf_8g_10_200_7_1783930864813 leave map 1 unit 1004
[map_1] perf_8g_10_200_27_1783930864848 leave map 1 unit 1027
[map_1] perf_8g_10_200_28_1783930864848 leave map 1 unit 1030
[map_1] perf_8g_10_200_3_1783930864813 leave map 1 unit 1001
[map_1] perf_8g_10_200_25_1783930864847 leave map 1 unit 1023
[map_1] perf_8g_10_200_8_1783930864813 leave map 1 unit 1008
[map_1] perf_8g_10_200_26_1783930864848 leave map 1 unit 1025
[map_1] perf_8g_10_200_6_1783930864813 leave map 1 unit 1005
[map_1] perf_8g_10_200_24_1783930864847 leave map 1 unit 1026
[map_1] perf_8g_10_200_4_1783930864813 leave map 1 unit 1006
[map_1] perf_8g_10_200_23_1783930864847 leave map 1 unit 1022
[map_1] perf_8g_10_200_2_1783930864813 leave map 1 unit 1003
[map_1] perf_8g_10_200_21_1783930864846 leave map 1 unit 1021
[map_1] perf_8g_10_200_11_1783930864813 leave map 1 unit 1011
[map_1] perf_8g_10_200_22_1783930864846 leave map 1 unit 1024
[map_1] perf_8g_10_200_5_1783930864813 leave map 1 unit 1007
[map_1] perf_8g_10_200_20_1783930864846 leave map 1 unit 1020
[map_1] perf_8g_10_200_13_1783930864813 leave map 1 unit 1015
[map_1] perf_8g_10_200_19_1783930864844 leave map 1 unit 1018
[map_1] perf_8g_10_200_12_1783930864813 leave map 1 unit 1013
[map_1] perf_8g_10_200_18_1783930864844 leave map 1 unit 1019
[map_1] perf_8g_10_200_10_1783930864813 leave map 1 unit 1009
[map_1] perf_8g_10_200_17_1783930864841 leave map 1 unit 1017
[map_1] perf_8g_10_200_9_1783930864813 leave map 1 unit 1010
[map_1] perf_8g_10_200_15_1783930864813 leave map 1 unit 1012
[map_1] perf_8g_10_200_14_1783930864813 leave map 1 unit 1014
[map_1] perf_8g_10_200_16_1783930864839 leave map 1 unit 1016
[map_1] perf_8g_10_200_199_1783930865229 leave map 1 unit 1196
[map_1] perf_8g_10_200_195_1783930865215 leave map 1 unit 1194
[map_1] perf_8g_10_200_198_1783930865228 leave map 1 unit 1199
[map_1] perf_8g_10_200_196_1783930865226 leave map 1 unit 1198
[map_1] perf_8g_10_200_197_1783930865227 leave map 1 unit 1197
[map_1] perf_8g_10_200_194_1783930865215 leave map 1 unit 1192
[map_1] perf_8g_10_200_193_1783930865214 leave map 1 unit 1193
[map_1] perf_8g_10_200_192_1783930865213 leave map 1 unit 1195
[map_1] perf_8g_10_200_190_1783930865203 leave map 1 unit 1191
[map_1] perf_8g_10_200_191_1783930865204 leave map 1 unit 1190
[map_1] perf_8g_10_200_188_1783930865201 leave map 1 unit 1189
[map_1] perf_8g_10_200_189_1783930865202 leave map 1 unit 1188
[map_1] perf_8g_10_200_187_1783930865194 leave map 1 unit 1185
[map_1] perf_8g_10_200_186_1783930865194 leave map 1 unit 1187
[map_1] perf_8g_10_200_185_1783930865193 leave map 1 unit 1184
[map_1] perf_8g_10_200_184_1783930865192 leave map 1 unit 1186
[map_1] perf_8g_10_200_29_1783930864849 leave map 1 unit 1028
[map_1] perf_8g_10_200_183_1783930865186 leave map 1 unit 1183
[map_1] perf_8g_10_200_182_1783930865185 leave map 1 unit 1182
[map_1] perf_8g_10_200_181_1783930865184 leave map 1 unit 1181
[map_1] perf_8g_10_200_180_1783930865183 leave map 1 unit 1180
[map_1] perf_8g_10_200_179_1783930865175 leave map 1 unit 1176
[map_1] perf_8g_10_200_178_1783930865174 leave map 1 unit 1178
[map_1] perf_8g_10_200_177_1783930865173 leave map 1 unit 1179
[map_1] perf_8g_10_200_30_1783930864849 leave map 1 unit 1031
[map_1] perf_8g_10_200_175_1783930865165 leave map 1 unit 1173
[map_1] perf_8g_10_200_176_1783930865172 leave map 1 unit 1177
[map_1] perf_8g_10_200_174_1783930865165 leave map 1 unit 1172
[map_1] perf_8g_10_200_173_1783930865164 leave map 1 unit 1174
[map_1] perf_8g_10_200_170_1783930865152 leave map 1 unit 1170
[map_1] perf_8g_10_200_32_1783930864850 leave map 1 unit 1032
[map_1] perf_8g_10_200_167_1783930865145 leave map 1 unit 1165
[map_1] perf_8g_10_200_172_1783930865162 leave map 1 unit 1175
[map_1] perf_8g_10_200_171_1783930865153 leave map 1 unit 1171
[map_1] perf_8g_10_200_168_1783930865150 leave map 1 unit 1168
[map_1] perf_8g_10_200_169_1783930865151 leave map 1 unit 1169
[map_1] perf_8g_10_200_166_1783930865144 leave map 1 unit 1167
[map_1] perf_8g_10_200_165_1783930865143 leave map 1 unit 1166
[map_1] perf_8g_10_200_164_1783930865142 leave map 1 unit 1164
[map_1] perf_8g_10_200_31_1783930864850 leave map 1 unit 1029
[map_1] perf_8g_10_200_163_1783930865133 leave map 1 unit 1161
[map_1] perf_8g_10_200_162_1783930865133 leave map 1 unit 1160
[map_1] perf_8g_10_200_160_1783930865125 leave map 1 unit 1163
[map_1] perf_8g_10_200_34_1783930864857 leave map 1 unit 1035
[map_1] perf_8g_10_200_161_1783930865129 leave map 1 unit 1162
[map_1] perf_8g_10_200_159_1783930865125 leave map 1 unit 1156
[map_1] perf_8g_10_200_158_1783930865121 leave map 1 unit 1157
[map_1] perf_8g_10_200_33_1783930864852 leave map 1 unit 1033
[map_1] perf_8g_10_200_157_1783930865118 leave map 1 unit 1158
[map_1] perf_8g_10_200_155_1783930865112 leave map 1 unit 1155
[map_1] perf_8g_10_200_156_1783930865114 leave map 1 unit 1159
[map_1] perf_8g_10_200_36_1783930864865 leave map 1 unit 1036
[map_1] perf_8g_10_200_154_1783930865111 leave map 1 unit 1154
[map_1] perf_8g_10_200_153_1783930865107 leave map 1 unit 1153
[map_1] perf_8g_10_200_152_1783930865101 leave map 1 unit 1152
[map_1] perf_8g_10_200_151_1783930865099 leave map 1 unit 1151
[map_1] perf_8g_10_200_148_1783930865094 leave map 1 unit 1148
[map_1] perf_8g_10_200_150_1783930865097 leave map 1 unit 1150
[map_1] perf_8g_10_200_35_1783930864861 leave map 1 unit 1034
[map_1] perf_8g_10_200_149_1783930865095 leave map 1 unit 1149
[map_1] perf_8g_10_200_147_1783930865090 leave map 1 unit 1147
[map_1] perf_8g_10_200_37_1783930864869 leave map 1 unit 1037
[map_1] perf_8g_10_200_146_1783930865089 leave map 1 unit 1146
[map_1] perf_8g_10_200_145_1783930865082 leave map 1 unit 1145
[map_1] perf_8g_10_200_38_1783930864869 leave map 1 unit 1038
[map_1] perf_8g_10_200_144_1783930865082 leave map 1 unit 1144
[map_1] perf_8g_10_200_143_1783930865081 leave map 1 unit 1143
[map_1] perf_8g_10_200_141_1783930865074 leave map 1 unit 1141
[map_1] perf_8g_10_200_39_1783930864871 leave map 1 unit 1040
[map_1] perf_8g_10_200_142_1783930865075 leave map 1 unit 1142
[map_1] perf_8g_10_200_140_1783930865069 leave map 1 unit 1140
[map_1] perf_8g_10_200_139_1783930865067 leave map 1 unit 1139
[map_1] perf_8g_10_200_138_1783930865064 leave map 1 unit 1138
[map_1] perf_8g_10_200_44_1783930864874 leave map 1 unit 1044
[map_1] perf_8g_10_200_137_1783930865063 leave map 1 unit 1137
[map_1] perf_8g_10_200_136_1783930865059 leave map 1 unit 1136
[map_1] perf_8g_10_200_40_1783930864871 leave map 1 unit 1039
[map_1] perf_8g_10_200_135_1783930865058 leave map 1 unit 1135
[map_1] perf_8g_10_200_134_1783930865055 leave map 1 unit 1134
[map_1] perf_8g_10_200_42_1783930864872 leave map 1 unit 1041
[map_1] perf_8g_10_200_133_1783930865050 leave map 1 unit 1133
[map_1] perf_8g_10_200_131_1783930865042 leave map 1 unit 1131
[map_1] perf_8g_10_200_46_1783930864875 leave map 1 unit 1046
[map_1] perf_8g_10_200_132_1783930865045 leave map 1 unit 1132
[map_1] perf_8g_10_200_130_1783930865040 leave map 1 unit 1130
[map_1] perf_8g_10_200_129_1783930865038 leave map 1 unit 1128
[map_1] perf_8g_10_200_128_1783930865037 leave map 1 unit 1129
[map_1] perf_8g_10_200_41_1783930864871 leave map 1 unit 1042
[map_1] perf_8g_10_200_127_1783930865034 leave map 1 unit 1127
[map_1] perf_8g_10_200_43_1783930864872 leave map 1 unit 1043
[map_1] perf_8g_10_200_126_1783930865033 leave map 1 unit 1126
[map_1] perf_8g_10_200_125_1783930865029 leave map 1 unit 1125
[map_1] perf_8g_10_200_45_1783930864874 leave map 1 unit 1045
[map_1] perf_8g_10_200_124_1783930865029 leave map 1 unit 1124
[map_1] perf_8g_10_200_123_1783930865025 leave map 1 unit 1123
[map_1] perf_8g_10_200_48_1783930864876 leave map 1 unit 1047
[map_1] perf_8g_10_200_122_1783930865024 leave map 1 unit 1122
[map_1] perf_8g_10_200_47_1783930864875 leave map 1 unit 1051
[map_1] perf_8g_10_200_121_1783930865022 leave map 1 unit 1121
[map_1] perf_8g_10_200_120_1783930865020 leave map 1 unit 1120
[map_1] perf_8g_10_200_119_1783930865019 leave map 1 unit 1119
[map_1] perf_8g_10_200_118_1783930865018 leave map 1 unit 1118
[map_1] perf_8g_10_200_50_1783930864878 leave map 1 unit 1049
[map_1] perf_8g_10_200_117_1783930865014 leave map 1 unit 1117
[map_1] perf_8g_10_200_51_1783930864878 leave map 1 unit 1050
[map_1] perf_8g_10_200_116_1783930865007 leave map 1 unit 1116
[map_1] perf_8g_10_200_115_1783930865006 leave map 1 unit 1115
[map_1] perf_8g_10_200_52_1783930864879 leave map 1 unit 1054
[map_1] perf_8g_10_200_114_1783930865001 leave map 1 unit 1114
[map_1] perf_8g_10_200_53_1783930864885 leave map 1 unit 1052
[map_1] perf_8g_10_200_113_1783930864999 leave map 1 unit 1113
[map_1] perf_8g_10_200_112_1783930864998 leave map 1 unit 1112
[map_1] perf_8g_10_200_54_1783930864886 leave map 1 unit 1053
[map_1] perf_8g_10_200_111_1783930864996 leave map 1 unit 1111
[map_1] perf_8g_10_200_55_1783930864890 leave map 1 unit 1055
[map_1] perf_8g_10_200_110_1783930864991 leave map 1 unit 1110
[map_1] perf_8g_10_200_109_1783930864991 leave map 1 unit 1109
[map_1] perf_8g_10_200_49_1783930864877 leave map 1 unit 1048
[map_1] perf_8g_10_200_108_1783930864989 leave map 1 unit 1108
[map_1] perf_8g_10_200_56_1783930864893 leave map 1 unit 1056
[map_1] perf_8g_10_200_107_1783930864986 leave map 1 unit 1107
[map_1] perf_8g_10_200_106_1783930864985 leave map 1 unit 1106
[map_1] perf_8g_10_200_105_1783930864984 leave map 1 unit 1105
[map_1] perf_8g_10_200_58_1783930864894 leave map 1 unit 1058
[map_1] perf_8g_10_200_104_1783930864982 leave map 1 unit 1104
[map_1] perf_8g_10_200_59_1783930864895 leave map 1 unit 1059
[map_1] perf_8g_10_200_100_1783930864973 leave map 1 unit 1100
[map_1] perf_8g_10_200_60_1783930864898 leave map 1 unit 1060
[map_1] perf_8g_10_200_103_1783930864977 leave map 1 unit 1103
[map_1] perf_8g_10_200_102_1783930864976 leave map 1 unit 1102
[map_1] perf_8g_10_200_61_1783930864898 leave map 1 unit 1061
[map_1] perf_8g_10_200_101_1783930864975 leave map 1 unit 1101
[map_1] perf_8g_10_200_63_1783930864899 leave map 1 unit 1063
[map_1] perf_8g_10_200_98_1783930864966 leave map 1 unit 1098
[map_1] perf_8g_10_200_57_1783930864894 leave map 1 unit 1057
[map_1] perf_8g_10_200_99_1783930864971 leave map 1 unit 1099
[map_1] perf_8g_10_200_97_1783930864964 leave map 1 unit 1097
[map_1] perf_8g_10_200_62_1783930864899 leave map 1 unit 1062
[map_1] perf_8g_10_200_96_1783930864963 leave map 1 unit 1096
[map_1] perf_8g_10_200_64_1783930864904 leave map 1 unit 1064
[map_1] perf_8g_10_200_95_1783930864962 leave map 1 unit 1095
[map_1] perf_8g_10_200_66_1783930864905 leave map 1 unit 1067
[map_1] perf_8g_10_200_94_1783930864960 leave map 1 unit 1094
[map_1] perf_8g_10_200_67_1783930864905 leave map 1 unit 1066
[map_1] perf_8g_10_200_93_1783930864955 leave map 1 unit 1093
[map_1] perf_8g_10_200_92_1783930864951 leave map 1 unit 1092
[map_1] perf_8g_10_200_68_1783930864907 leave map 1 unit 1068
[map_1] perf_8g_10_200_90_1783930864947 leave map 1 unit 1090
[map_1] perf_8g_10_200_69_1783930864907 leave map 1 unit 1069
[map_1] perf_8g_10_200_91_1783930864949 leave map 1 unit 1091
[map_1] perf_8g_10_200_70_1783930864908 leave map 1 unit 1070
[map_1] perf_8g_10_200_89_1783930864946 leave map 1 unit 1089
[map_1] perf_8g_10_200_71_1783930864913 leave map 1 unit 1071
[map_1] perf_8g_10_200_88_1783930864944 leave map 1 unit 1088
[map_1] perf_8g_10_200_65_1783930864905 leave map 1 unit 1065
[map_1] perf_8g_10_200_87_1783930864941 leave map 1 unit 1087
[map_1] perf_8g_10_200_72_1783930864915 leave map 1 unit 1072
[map_1] perf_8g_10_200_86_1783930864939 leave map 1 unit 1085
[map_1] perf_8g_10_200_85_1783930864938 leave map 1 unit 1084
[map_1] perf_8g_10_200_74_1783930864917 leave map 1 unit 1075
[map_1] perf_8g_10_200_83_1783930864937 leave map 1 unit 1083
[map_1] perf_8g_10_200_75_1783930864917 leave map 1 unit 1074
[map_1] perf_8g_10_200_84_1783930864938 leave map 1 unit 1086
[map_1] perf_8g_10_200_76_1783930864923 leave map 1 unit 1076
[map_1] perf_8g_10_200_82_1783930864934 leave map 1 unit 1082
[map_1] perf_8g_10_200_79_1783930864926 leave map 1 unit 1079
[map_1] perf_8g_10_200_81_1783930864933 leave map 1 unit 1081
[map_1] perf_8g_10_200_78_1783930864925 leave map 1 unit 1078
[map_1] perf_8g_10_200_80_1783930864930 leave map 1 unit 1080
[map_1] perf_8g_10_200_77_1783930864925 leave map 1 unit 1077
[map_1] perf_8g_10_200_73_1783930864916 leave map 1 unit 1073
