starting process map1 with one V8 and 1 scene(s) from E:\VsCode\skynet\ets_runtime\perf\results\runtime_configs\map_capacity_20260713_093703\200p_8g_r2\map1.json
scene map_1 (MapHost) listening on 127.0.0.1:7301
[process:map1] one V8 started with 1 scene(s)
[map_1] MapHost scene started at 127.0.0.1:7301
map_1 accepted 127.0.0.1:49190 as conn 1
map_1 accepted 127.0.0.1:49248 as conn 2
map_1 accepted 127.0.0.1:49249 as conn 3
map_1 accepted 127.0.0.1:49250 as conn 4
map_1 accepted 127.0.0.1:49251 as conn 5
map_1 accepted 127.0.0.1:49252 as conn 6
map_1 accepted 127.0.0.1:49253 as conn 7
map_1 accepted 127.0.0.1:49254 as conn 8
map_1 accepted 127.0.0.1:49255 as conn 9
[map_1] perf_8g_10_200_0_1783935466281 enter map 1 unit 1000
[map_1] perf_8g_10_200_5_1783935466282 enter map 1 unit 1001
[map_1] perf_8g_10_200_3_1783935466282 enter map 1 unit 1002
[map_1] perf_8g_10_200_1_1783935466282 enter map 1 unit 1003
[map_1] perf_8g_10_200_7_1783935466283 enter map 1 unit 1004
[map_1] perf_8g_10_200_4_1783935466282 enter map 1 unit 1005
[map_1] perf_8g_10_200_6_1783935466282 enter map 1 unit 1006
[map_1] perf_8g_10_200_2_1783935466282 enter map 1 unit 1007
[map_1] perf_8g_10_200_8_1783935466283 enter map 1 unit 1008
[map_1] perf_8g_10_200_12_1783935466283 enter map 1 unit 1009
[map_1] perf_8g_10_200_9_1783935466283 enter map 1 unit 1010
[map_1] perf_8g_10_200_11_1783935466283 enter map 1 unit 1011
[map_1] perf_8g_10_200_15_1783935466283 enter map 1 unit 1012
[map_1] perf_8g_10_200_10_1783935466283 enter map 1 unit 1013
[map_1] perf_8g_10_200_13_1783935466283 enter map 1 unit 1014
[map_1] perf_8g_10_200_14_1783935466283 enter map 1 unit 1015
[map_1] perf_8g_10_200_16_1783935466306 enter map 1 unit 1016
[map_1] perf_8g_10_200_17_1783935466309 enter map 1 unit 1017
[map_1] perf_8g_10_200_19_1783935466311 enter map 1 unit 1018
[map_1] perf_8g_10_200_18_1783935466310 enter map 1 unit 1019
[map_1] perf_8g_10_200_20_1783935466312 enter map 1 unit 1020
[map_1] perf_8g_10_200_21_1783935466312 enter map 1 unit 1021
[map_1] perf_8g_10_200_22_1783935466313 enter map 1 unit 1022
[map_1] perf_8g_10_200_23_1783935466313 enter map 1 unit 1023
[map_1] perf_8g_10_200_24_1783935466313 enter map 1 unit 1024
[map_1] perf_8g_10_200_27_1783935466314 enter map 1 unit 1025
[map_1] perf_8g_10_200_26_1783935466314 enter map 1 unit 1026
[map_1] perf_8g_10_200_25_1783935466314 enter map 1 unit 1027
[map_1] perf_8g_10_200_28_1783935466314 enter map 1 unit 1028
[map_1] perf_8g_10_200_30_1783935466315 enter map 1 unit 1029
[map_1] perf_8g_10_200_29_1783935466315 enter map 1 unit 1030
[map_1] perf_8g_10_200_32_1783935466316 enter map 1 unit 1031
[map_1] perf_8g_10_200_31_1783935466316 enter map 1 unit 1032
[map_1] perf_8g_10_200_33_1783935466317 enter map 1 unit 1033
[map_1] perf_8g_10_200_35_1783935466325 enter map 1 unit 1034
[map_1] perf_8g_10_200_34_1783935466324 enter map 1 unit 1035
[map_1] perf_8g_10_200_36_1783935466327 enter map 1 unit 1036
[map_1] perf_8g_10_200_37_1783935466329 enter map 1 unit 1037
[map_1] perf_8g_10_200_38_1783935466331 enter map 1 unit 1038
[map_1] perf_8g_10_200_39_1783935466331 enter map 1 unit 1039
[map_1] perf_8g_10_200_40_1783935466331 enter map 1 unit 1040
[map_1] perf_8g_10_200_42_1783935466333 enter map 1 unit 1041
[map_1] perf_8g_10_200_41_1783935466333 enter map 1 unit 1042
[map_1] perf_8g_10_200_43_1783935466333 enter map 1 unit 1043
[map_1] perf_8g_10_200_44_1783935466335 enter map 1 unit 1044
[map_1] perf_8g_10_200_45_1783935466335 enter map 1 unit 1045
[map_1] perf_8g_10_200_46_1783935466336 enter map 1 unit 1046
[map_1] perf_8g_10_200_47_1783935466337 enter map 1 unit 1047
[map_1] perf_8g_10_200_48_1783935466337 enter map 1 unit 1048
[map_1] perf_8g_10_200_49_1783935466338 enter map 1 unit 1049
[map_1] perf_8g_10_200_50_1783935466338 enter map 1 unit 1050
[map_1] perf_8g_10_200_51_1783935466338 enter map 1 unit 1051
[map_1] perf_8g_10_200_52_1783935466339 enter map 1 unit 1052
[map_1] perf_8g_10_200_53_1783935466341 enter map 1 unit 1053
[map_1] perf_8g_10_200_54_1783935466348 enter map 1 unit 1054
[map_1] perf_8g_10_200_55_1783935466348 enter map 1 unit 1055
[map_1] perf_8g_10_200_57_1783935466349 enter map 1 unit 1056
[map_1] perf_8g_10_200_58_1783935466350 enter map 1 unit 1058
[map_1] perf_8g_10_200_56_1783935466349 enter map 1 unit 1057
[map_1] perf_8g_10_200_59_1783935466350 enter map 1 unit 1059
[map_1] perf_8g_10_200_60_1783935466352 enter map 1 unit 1060
[map_1] perf_8g_10_200_61_1783935466355 enter map 1 unit 1061
[map_1] perf_8g_10_200_62_1783935466356 enter map 1 unit 1062
[map_1] perf_8g_10_200_65_1783935466358 enter map 1 unit 1063
[map_1] perf_8g_10_200_63_1783935466357 enter map 1 unit 1064
[map_1] perf_8g_10_200_66_1783935466359 enter map 1 unit 1065
[map_1] perf_8g_10_200_64_1783935466358 enter map 1 unit 1066
[map_1] perf_8g_10_200_68_1783935466360 enter map 1 unit 1067
[map_1] perf_8g_10_200_69_1783935466361 enter map 1 unit 1068
[map_1] perf_8g_10_200_67_1783935466359 enter map 1 unit 1069
[map_1] perf_8g_10_200_70_1783935466367 enter map 1 unit 1070
[map_1] perf_8g_10_200_71_1783935466370 enter map 1 unit 1071
[map_1] perf_8g_10_200_72_1783935466370 enter map 1 unit 1072
[map_1] perf_8g_10_200_73_1783935466370 enter map 1 unit 1073
[map_1] perf_8g_10_200_74_1783935466372 enter map 1 unit 1074
[map_1] perf_8g_10_200_75_1783935466372 enter map 1 unit 1075
[map_1] perf_8g_10_200_77_1783935466374 enter map 1 unit 1077
[map_1] perf_8g_10_200_76_1783935466373 enter map 1 unit 1076
[map_1] perf_8g_10_200_78_1783935466375 enter map 1 unit 1078
[map_1] perf_8g_10_200_79_1783935466377 enter map 1 unit 1079
[map_1] perf_8g_10_200_81_1783935466378 enter map 1 unit 1080
[map_1] perf_8g_10_200_82_1783935466381 enter map 1 unit 1082
[map_1] perf_8g_10_200_80_1783935466377 enter map 1 unit 1081
[map_1] perf_8g_10_200_83_1783935466381 enter map 1 unit 1083
[map_1] perf_8g_10_200_85_1783935466383 enter map 1 unit 1085
[map_1] perf_8g_10_200_84_1783935466382 enter map 1 unit 1084
[map_1] perf_8g_10_200_86_1783935466384 enter map 1 unit 1086
[map_1] perf_8g_10_200_87_1783935466391 enter map 1 unit 1087
[map_1] perf_8g_10_200_88_1783935466392 enter map 1 unit 1088
[map_1] perf_8g_10_200_89_1783935466395 enter map 1 unit 1089
[map_1] perf_8g_10_200_90_1783935466395 enter map 1 unit 1090
[map_1] perf_8g_10_200_91_1783935466398 enter map 1 unit 1091
[map_1] perf_8g_10_200_92_1783935466399 enter map 1 unit 1092
[map_1] perf_8g_10_200_93_1783935466399 enter map 1 unit 1093
[map_1] perf_8g_10_200_94_1783935466401 enter map 1 unit 1094
[map_1] perf_8g_10_200_95_1783935466401 enter map 1 unit 1095
[map_1] perf_8g_10_200_96_1783935466404 enter map 1 unit 1096
[map_1] perf_8g_10_200_97_1783935466405 enter map 1 unit 1097
[map_1] perf_8g_10_200_98_1783935466406 enter map 1 unit 1098
[map_1] perf_8g_10_200_99_1783935466410 enter map 1 unit 1099
[map_1] perf_8g_10_200_100_1783935466410 enter map 1 unit 1100
[map_1] perf_8g_10_200_101_1783935466411 enter map 1 unit 1101
[map_1] perf_8g_10_200_102_1783935466415 enter map 1 unit 1102
[map_1] perf_8g_10_200_103_1783935466417 enter map 1 unit 1103
[map_1] perf_8g_10_200_104_1783935466418 enter map 1 unit 1104
[map_1] perf_8g_10_200_106_1783935466420 enter map 1 unit 1106
[map_1] perf_8g_10_200_105_1783935466419 enter map 1 unit 1105
[map_1] perf_8g_10_200_107_1783935466427 enter map 1 unit 1107
[map_1] perf_8g_10_200_108_1783935466430 enter map 1 unit 1108
[map_1] perf_8g_10_200_109_1783935466430 enter map 1 unit 1109
[map_1] perf_8g_10_200_110_1783935466433 enter map 1 unit 1110
[map_1] perf_8g_10_200_111_1783935466434 enter map 1 unit 1111
[map_1] perf_8g_10_200_112_1783935466436 enter map 1 unit 1112
[map_1] perf_8g_10_200_114_1783935466441 enter map 1 unit 1113
[map_1] perf_8g_10_200_113_1783935466439 enter map 1 unit 1114
[map_1] perf_8g_10_200_115_1783935466443 enter map 1 unit 1115
[map_1] perf_8g_10_200_116_1783935466446 enter map 1 unit 1116
[map_1] perf_8g_10_200_117_1783935466446 enter map 1 unit 1117
[map_1] perf_8g_10_200_118_1783935466451 enter map 1 unit 1118
[map_1] perf_8g_10_200_119_1783935466452 enter map 1 unit 1119
[map_1] perf_8g_10_200_120_1783935466455 enter map 1 unit 1120
[map_1] perf_8g_10_200_121_1783935466455 enter map 1 unit 1121
[map_1] perf_8g_10_200_122_1783935466456 enter map 1 unit 1122
[map_1] perf_8g_10_200_123_1783935466460 enter map 1 unit 1123
[map_1] perf_8g_10_200_124_1783935466462 enter map 1 unit 1124
[map_1] perf_8g_10_200_125_1783935466464 enter map 1 unit 1125
[map_1] perf_8g_10_200_127_1783935466467 enter map 1 unit 1126
[map_1] perf_8g_10_200_126_1783935466467 enter map 1 unit 1127
[map_1] perf_8g_10_200_128_1783935466471 enter map 1 unit 1128
[map_1] perf_8g_10_200_129_1783935466473 enter map 1 unit 1129
[map_1] perf_8g_10_200_130_1783935466477 enter map 1 unit 1130
[map_1] perf_8g_10_200_131_1783935466478 enter map 1 unit 1131
[map_1] perf_8g_10_200_132_1783935466479 enter map 1 unit 1132
[map_1] perf_8g_10_200_133_1783935466481 enter map 1 unit 1133
[map_1] perf_8g_10_200_135_1783935466485 enter map 1 unit 1135
[map_1] perf_8g_10_200_134_1783935466482 enter map 1 unit 1134
[map_1] perf_8g_10_200_136_1783935466491 enter map 1 unit 1136
[map_1] perf_8g_10_200_138_1783935466495 enter map 1 unit 1138
[map_1] perf_8g_10_200_137_1783935466494 enter map 1 unit 1137
[map_1] perf_8g_10_200_139_1783935466498 enter map 1 unit 1139
[map_1] perf_8g_10_200_142_1783935466508 enter map 1 unit 1143
[map_1] perf_8g_10_200_140_1783935466499 enter map 1 unit 1140
[map_1] perf_8g_10_200_143_1783935466508 enter map 1 unit 1142
[map_1] perf_8g_10_200_141_1783935466503 enter map 1 unit 1141
[map_1] perf_8g_10_200_146_1783935466520 enter map 1 unit 1144
[map_1] perf_8g_10_200_144_1783935466513 enter map 1 unit 1146
[map_1] perf_8g_10_200_145_1783935466514 enter map 1 unit 1145
[map_1] perf_8g_10_200_151_1783935466528 enter map 1 unit 1147
[map_1] perf_8g_10_200_147_1783935466521 enter map 1 unit 1150
[map_1] perf_8g_10_200_148_1783935466522 enter map 1 unit 1148
[map_1] perf_8g_10_200_149_1783935466527 enter map 1 unit 1149
[map_1] perf_8g_10_200_150_1783935466527 enter map 1 unit 1151
[map_1] perf_8g_10_200_154_1783935466535 enter map 1 unit 1154
[map_1] perf_8g_10_200_153_1783935466534 enter map 1 unit 1152
[map_1] perf_8g_10_200_152_1783935466534 enter map 1 unit 1153
[map_1] perf_8g_10_200_155_1783935466543 enter map 1 unit 1155
[map_1] perf_8g_10_200_157_1783935466545 enter map 1 unit 1158
[map_1] perf_8g_10_200_159_1783935466547 enter map 1 unit 1156
[map_1] perf_8g_10_200_156_1783935466545 enter map 1 unit 1157
[map_1] perf_8g_10_200_160_1783935466550 enter map 1 unit 1159
[map_1] perf_8g_10_200_161_1783935466551 enter map 1 unit 1162
[map_1] perf_8g_10_200_158_1783935466546 enter map 1 unit 1160
[map_1] perf_8g_10_200_162_1783935466552 enter map 1 unit 1161
[map_1] perf_8g_10_200_167_1783935466568 enter map 1 unit 1163
[map_1] perf_8g_10_200_164_1783935466559 enter map 1 unit 1166
[map_1] perf_8g_10_200_165_1783935466559 enter map 1 unit 1164
[map_1] perf_8g_10_200_163_1783935466558 enter map 1 unit 1165
[map_1] perf_8g_10_200_166_1783935466560 enter map 1 unit 1167
[map_1] perf_8g_10_200_168_1783935466569 enter map 1 unit 1170
[map_1] perf_8g_10_200_170_1783935466570 enter map 1 unit 1168
[map_1] perf_8g_10_200_169_1783935466569 enter map 1 unit 1169
[map_1] perf_8g_10_200_175_1783935466585 enter map 1 unit 1171
[map_1] perf_8g_10_200_171_1783935466576 enter map 1 unit 1174
[map_1] perf_8g_10_200_172_1783935466577 enter map 1 unit 1172
[map_1] perf_8g_10_200_173_1783935466578 enter map 1 unit 1173
[map_1] perf_8g_10_200_177_1783935466586 enter map 1 unit 1175
[map_1] perf_8g_10_200_178_1783935466594 enter map 1 unit 1178
[map_1] perf_8g_10_200_174_1783935466579 enter map 1 unit 1176
[map_1] perf_8g_10_200_176_1783935466586 enter map 1 unit 1177
[map_1] perf_8g_10_200_180_1783935466596 enter map 1 unit 1179
[map_1] perf_8g_10_200_179_1783935466595 enter map 1 unit 1182
[map_1] perf_8g_10_200_181_1783935466597 enter map 1 unit 1180
[map_1] perf_8g_10_200_183_1783935466605 enter map 1 unit 1181
[map_1] perf_8g_10_200_182_1783935466604 enter map 1 unit 1183
[map_1] perf_8g_10_200_186_1783935466608 enter map 1 unit 1186
[map_1] perf_8g_10_200_185_1783935466607 enter map 1 unit 1184
[map_1] perf_8g_10_200_184_1783935466607 enter map 1 unit 1185
[map_1] perf_8g_10_200_187_1783935466613 enter map 1 unit 1187
[map_1] perf_8g_10_200_191_1783935466623 enter map 1 unit 1190
[map_1] perf_8g_10_200_189_1783935466615 enter map 1 unit 1188
[map_1] perf_8g_10_200_188_1783935466614 enter map 1 unit 1189
[map_1] perf_8g_10_200_190_1783935466616 enter map 1 unit 1191
[map_1] perf_8g_10_200_192_1783935466624 enter map 1 unit 1194
[map_1] perf_8g_10_200_194_1783935466626 enter map 1 unit 1192
[map_1] perf_8g_10_200_193_1783935466625 enter map 1 unit 1193
[map_1] perf_8g_10_200_199_1783935466644 enter map 1 unit 1195
[map_1] perf_8g_10_200_195_1783935466634 enter map 1 unit 1198
[map_1] perf_8g_10_200_196_1783935466635 enter map 1 unit 1196
[map_1] perf_8g_10_200_197_1783935466636 enter map 1 unit 1197
[map_1] perf_8g_10_200_198_1783935466637 enter map 1 unit 1199
[metrics:inner_transport] active=8 opened=8 pending=0 max_pending=0 overloads=0 timeouts=0 disconnected_calls=0 late_responses=0 idle_closes=0
[process-metrics] process=map1 cpu_percent=142.66 cpu_time_ms=7218 rss_bytes=112705536 v8_heap_used_bytes=16447368 v8_heap_total_bytes=65548288 v8_gc_count=58 v8_gc_ms=30.459 timestamp_ms=1783935470994
[metrics:map1] scene=map_1 type=MapHost processed=9804 failed=0 ts_queue=0 ts_max_queue=170 rust_queue=131 rust_max_queue=170 backpressure=0 slow_disconnects=0 update_ms=2.00 handler_ms=2.00 max_handler_ms=44.00 total_handler_ms=34556.00
[metrics:inner_transport] active=8 opened=8 pending=0 max_pending=0 overloads=0 timeouts=0 disconnected_calls=0 late_responses=0 idle_closes=0
[process-metrics] process=map1 cpu_percent=135.98 cpu_time_ms=14031 rss_bytes=116981760 v8_heap_used_bytes=13627680 v8_heap_total_bytes=67121152 v8_gc_count=84 v8_gc_ms=54.210 timestamp_ms=1783935476004
[metrics:map1] scene=map_1 type=MapHost processed=20744 failed=0 ts_queue=0 ts_max_queue=170 rust_queue=198 rust_max_queue=198 backpressure=0 slow_disconnects=0 update_ms=0.00 handler_ms=0.00 max_handler_ms=54.00 total_handler_ms=114898.00
[metrics:inner_transport] active=8 opened=8 pending=0 max_pending=0 overloads=0 timeouts=0 disconnected_calls=0 late_responses=0 idle_closes=0
[process-metrics] process=map1 cpu_percent=157.16 cpu_time_ms=21890 rss_bytes=119246848 v8_heap_used_bytes=26270856 v8_heap_total_bytes=67645440 v8_gc_count=111 v8_gc_ms=82.386 timestamp_ms=1783935481005
[metrics:map1] scene=map_1 type=MapHost processed=31802 failed=0 ts_queue=0 ts_max_queue=198 rust_queue=198 rust_max_queue=198 backpressure=0 slow_disconnects=0 update_ms=0.00 handler_ms=0.00 max_handler_ms=78.00 total_handler_ms=221501.00
[metrics:inner_transport] active=8 opened=8 pending=0 max_pending=0 overloads=0 timeouts=0 disconnected_calls=0 late_responses=0 idle_closes=0
[process-metrics] process=map1 cpu_percent=147.13 cpu_time_ms=29250 rss_bytes=120774656 v8_heap_used_bytes=22283336 v8_heap_total_bytes=69742592 v8_gc_count=137 v8_gc_ms=110.009 timestamp_ms=1783935486007
[metrics:map1] scene=map_1 type=MapHost processed=42652 failed=0 ts_queue=0 ts_max_queue=198 rust_queue=142 rust_max_queue=198 backpressure=0 slow_disconnects=0 update_ms=4.00 handler_ms=3.00 max_handler_ms=89.00 total_handler_ms=292486.00
[metrics:inner_transport] active=8 opened=8 pending=0 max_pending=0 overloads=0 timeouts=0 disconnected_calls=0 late_responses=0 idle_closes=0
[process-metrics] process=map1 cpu_percent=146.74 cpu_time_ms=36593 rss_bytes=118939648 v8_heap_used_bytes=20720256 v8_heap_total_bytes=72101888 v8_gc_count=163 v8_gc_ms=133.621 timestamp_ms=1783935491011
[metrics:map1] scene=map_1 type=MapHost processed=53643 failed=0 ts_queue=0 ts_max_queue=198 rust_queue=152 rust_max_queue=198 backpressure=0 slow_disconnects=0 update_ms=0.00 handler_ms=0.00 max_handler_ms=89.00 total_handler_ms=368883.00
[metrics:inner_transport] active=8 opened=8 pending=0 max_pending=0 overloads=0 timeouts=0 disconnected_calls=0 late_responses=0 idle_closes=0
[process-metrics] process=map1 cpu_percent=123.69 cpu_time_ms=42781 rss_bytes=119758848 v8_heap_used_bytes=14112832 v8_heap_total_bytes=69742592 v8_gc_count=182 v8_gc_ms=147.386 timestamp_ms=1783935496014
[metrics:map1] scene=map_1 type=MapHost processed=64600 failed=0 ts_queue=0 ts_max_queue=198 rust_queue=163 rust_max_queue=198 backpressure=0 slow_disconnects=0 update_ms=4.00 handler_ms=4.00 max_handler_ms=89.00 total_handler_ms=443596.00
[metrics:inner_transport] active=8 opened=8 pending=0 max_pending=0 overloads=0 timeouts=0 disconnected_calls=0 late_responses=0 idle_closes=0
[process-metrics] process=map1 cpu_percent=154.03 cpu_time_ms=50484 rss_bytes=119521280 v8_heap_used_bytes=6981568 v8_heap_total_bytes=69742592 v8_gc_count=200 v8_gc_ms=158.258 timestamp_ms=1783935501015
[metrics:map1] scene=map_1 type=MapHost processed=75651 failed=0 ts_queue=0 ts_max_queue=198 rust_queue=100 rust_max_queue=198 backpressure=0 slow_disconnects=0 update_ms=2.00 handler_ms=2.00 max_handler_ms=89.00 total_handler_ms=523400.00
[metrics:inner_transport] active=8 opened=8 pending=0 max_pending=0 overloads=0 timeouts=0 disconnected_calls=0 late_responses=0 idle_closes=0
[process-metrics] process=map1 cpu_percent=144.77 cpu_time_ms=57734 rss_bytes=118734848 v8_heap_used_bytes=18800280 v8_heap_total_bytes=69742592 v8_gc_count=217 v8_gc_ms=170.896 timestamp_ms=1783935506023
[metrics:map1] scene=map_1 type=MapHost processed=86341 failed=0 ts_queue=0 ts_max_queue=198 rust_queue=96 rust_max_queue=198 backpressure=0 slow_disconnects=0 update_ms=45.00 handler_ms=45.00 max_handler_ms=89.00 total_handler_ms=609226.00
[map_1] perf_8g_10_200_0_1783935466281 leave map 1 unit 1000
[map_1] perf_8g_10_200_4_1783935466282 leave map 1 unit 1005
[map_1] perf_8g_10_200_33_1783935466317 leave map 1 unit 1033
[map_1] perf_8g_10_200_30_1783935466315 leave map 1 unit 1029
[map_1] perf_8g_10_200_2_1783935466282 leave map 1 unit 1007
[map_1] perf_8g_10_200_32_1783935466316 leave map 1 unit 1031
[map_1] perf_8g_10_200_5_1783935466282 leave map 1 unit 1001
[map_1] perf_8g_10_200_27_1783935466314 leave map 1 unit 1025
[map_1] perf_8g_10_200_8_1783935466283 leave map 1 unit 1008
[map_1] perf_8g_10_200_29_1783935466315 leave map 1 unit 1030
[map_1] perf_8g_10_200_10_1783935466283 leave map 1 unit 1013
[map_1] perf_8g_10_200_31_1783935466316 leave map 1 unit 1032
[map_1] perf_8g_10_200_12_1783935466283 leave map 1 unit 1009
[map_1] perf_8g_10_200_28_1783935466314 leave map 1 unit 1028
[map_1] perf_8g_10_200_1_1783935466282 leave map 1 unit 1003
[map_1] perf_8g_10_200_26_1783935466314 leave map 1 unit 1026
[map_1] perf_8g_10_200_25_1783935466314 leave map 1 unit 1027
[map_1] perf_8g_10_200_3_1783935466282 leave map 1 unit 1002
[map_1] perf_8g_10_200_6_1783935466282 leave map 1 unit 1006
[map_1] perf_8g_10_200_24_1783935466313 leave map 1 unit 1024
[map_1] perf_8g_10_200_13_1783935466283 leave map 1 unit 1014
[map_1] perf_8g_10_200_22_1783935466313 leave map 1 unit 1022
[map_1] perf_8g_10_200_23_1783935466313 leave map 1 unit 1023
[map_1] perf_8g_10_200_7_1783935466283 leave map 1 unit 1004
[map_1] perf_8g_10_200_16_1783935466306 leave map 1 unit 1016
[map_1] perf_8g_10_200_21_1783935466312 leave map 1 unit 1021
[map_1] perf_8g_10_200_20_1783935466312 leave map 1 unit 1020
[map_1] perf_8g_10_200_9_1783935466283 leave map 1 unit 1010
[map_1] perf_8g_10_200_14_1783935466283 leave map 1 unit 1015
[map_1] perf_8g_10_200_15_1783935466283 leave map 1 unit 1012
[map_1] perf_8g_10_200_19_1783935466311 leave map 1 unit 1018
[map_1] perf_8g_10_200_11_1783935466283 leave map 1 unit 1011
[map_1] perf_8g_10_200_17_1783935466309 leave map 1 unit 1017
[map_1] perf_8g_10_200_18_1783935466310 leave map 1 unit 1019
[map_1] perf_8g_10_200_199_1783935466644 leave map 1 unit 1195
[map_1] perf_8g_10_200_198_1783935466637 leave map 1 unit 1199
[map_1] perf_8g_10_200_197_1783935466636 leave map 1 unit 1197
[map_1] perf_8g_10_200_194_1783935466626 leave map 1 unit 1192
[map_1] perf_8g_10_200_190_1783935466616 leave map 1 unit 1191
[map_1] perf_8g_10_200_193_1783935466625 leave map 1 unit 1193
[map_1] perf_8g_10_200_196_1783935466635 leave map 1 unit 1196
[map_1] perf_8g_10_200_195_1783935466634 leave map 1 unit 1198
[map_1] perf_8g_10_200_192_1783935466624 leave map 1 unit 1194
[map_1] perf_8g_10_200_191_1783935466623 leave map 1 unit 1190
[map_1] perf_8g_10_200_188_1783935466614 leave map 1 unit 1189
[map_1] perf_8g_10_200_187_1783935466613 leave map 1 unit 1187
[map_1] perf_8g_10_200_189_1783935466615 leave map 1 unit 1188
[map_1] perf_8g_10_200_186_1783935466608 leave map 1 unit 1186
[map_1] perf_8g_10_200_185_1783935466607 leave map 1 unit 1184
[map_1] perf_8g_10_200_184_1783935466607 leave map 1 unit 1185
[map_1] perf_8g_10_200_34_1783935466324 leave map 1 unit 1035
[map_1] perf_8g_10_200_183_1783935466605 leave map 1 unit 1181
[map_1] perf_8g_10_200_182_1783935466604 leave map 1 unit 1183
[map_1] perf_8g_10_200_180_1783935466596 leave map 1 unit 1179
[map_1] perf_8g_10_200_181_1783935466597 leave map 1 unit 1180
[map_1] perf_8g_10_200_177_1783935466586 leave map 1 unit 1175
[map_1] perf_8g_10_200_179_1783935466595 leave map 1 unit 1182
[map_1] perf_8g_10_200_178_1783935466594 leave map 1 unit 1178
[map_1] perf_8g_10_200_35_1783935466325 leave map 1 unit 1034
[map_1] perf_8g_10_200_176_1783935466586 leave map 1 unit 1177
[map_1] perf_8g_10_200_175_1783935466585 leave map 1 unit 1171
[map_1] perf_8g_10_200_174_1783935466579 leave map 1 unit 1176
[map_1] perf_8g_10_200_173_1783935466578 leave map 1 unit 1173
[map_1] perf_8g_10_200_172_1783935466577 leave map 1 unit 1172
[map_1] perf_8g_10_200_36_1783935466327 leave map 1 unit 1036
[map_1] perf_8g_10_200_171_1783935466576 leave map 1 unit 1174
[map_1] perf_8g_10_200_170_1783935466570 leave map 1 unit 1168
[map_1] perf_8g_10_200_169_1783935466569 leave map 1 unit 1169
[map_1] perf_8g_10_200_168_1783935466569 leave map 1 unit 1170
[map_1] perf_8g_10_200_38_1783935466331 leave map 1 unit 1038
[map_1] perf_8g_10_200_167_1783935466568 leave map 1 unit 1163
[map_1] perf_8g_10_200_166_1783935466560 leave map 1 unit 1167
[map_1] perf_8g_10_200_165_1783935466559 leave map 1 unit 1164
[map_1] perf_8g_10_200_164_1783935466559 leave map 1 unit 1166
[map_1] perf_8g_10_200_163_1783935466558 leave map 1 unit 1165
[map_1] perf_8g_10_200_162_1783935466552 leave map 1 unit 1161
[map_1] perf_8g_10_200_161_1783935466551 leave map 1 unit 1162
[map_1] perf_8g_10_200_37_1783935466329 leave map 1 unit 1037
[map_1] perf_8g_10_200_160_1783935466550 leave map 1 unit 1159
[map_1] perf_8g_10_200_159_1783935466547 leave map 1 unit 1156
[map_1] perf_8g_10_200_157_1783935466545 leave map 1 unit 1158
[map_1] perf_8g_10_200_39_1783935466331 leave map 1 unit 1039
[map_1] perf_8g_10_200_158_1783935466546 leave map 1 unit 1160
[map_1] perf_8g_10_200_156_1783935466545 leave map 1 unit 1157
[map_1] perf_8g_10_200_155_1783935466543 leave map 1 unit 1155
[map_1] perf_8g_10_200_40_1783935466331 leave map 1 unit 1040
[map_1] perf_8g_10_200_154_1783935466535 leave map 1 unit 1154
[map_1] perf_8g_10_200_153_1783935466534 leave map 1 unit 1152
[map_1] perf_8g_10_200_152_1783935466534 leave map 1 unit 1153
[map_1] perf_8g_10_200_43_1783935466333 leave map 1 unit 1043
[map_1] perf_8g_10_200_151_1783935466528 leave map 1 unit 1147
[map_1] perf_8g_10_200_149_1783935466527 leave map 1 unit 1149
[map_1] perf_8g_10_200_148_1783935466522 leave map 1 unit 1148
[map_1] perf_8g_10_200_150_1783935466527 leave map 1 unit 1151
[map_1] perf_8g_10_200_147_1783935466521 leave map 1 unit 1150
[map_1] perf_8g_10_200_42_1783935466333 leave map 1 unit 1041
[map_1] perf_8g_10_200_146_1783935466520 leave map 1 unit 1144
[map_1] perf_8g_10_200_145_1783935466514 leave map 1 unit 1145
[map_1] perf_8g_10_200_41_1783935466333 leave map 1 unit 1042
[map_1] perf_8g_10_200_144_1783935466513 leave map 1 unit 1146
[map_1] perf_8g_10_200_143_1783935466508 leave map 1 unit 1142
[map_1] perf_8g_10_200_142_1783935466508 leave map 1 unit 1143
[map_1] perf_8g_10_200_44_1783935466335 leave map 1 unit 1044
[map_1] perf_8g_10_200_141_1783935466503 leave map 1 unit 1141
[map_1] perf_8g_10_200_140_1783935466499 leave map 1 unit 1140
[map_1] perf_8g_10_200_46_1783935466336 leave map 1 unit 1046
[map_1] perf_8g_10_200_139_1783935466498 leave map 1 unit 1139
[map_1] perf_8g_10_200_138_1783935466495 leave map 1 unit 1138
[map_1] perf_8g_10_200_45_1783935466335 leave map 1 unit 1045
[map_1] perf_8g_10_200_137_1783935466494 leave map 1 unit 1137
[map_1] perf_8g_10_200_136_1783935466491 leave map 1 unit 1136
[map_1] perf_8g_10_200_47_1783935466337 leave map 1 unit 1047
[map_1] perf_8g_10_200_135_1783935466485 leave map 1 unit 1135
[map_1] perf_8g_10_200_134_1783935466482 leave map 1 unit 1134
[map_1] perf_8g_10_200_133_1783935466481 leave map 1 unit 1133
[map_1] perf_8g_10_200_131_1783935466478 leave map 1 unit 1131
[map_1] perf_8g_10_200_48_1783935466337 leave map 1 unit 1048
[map_1] perf_8g_10_200_132_1783935466479 leave map 1 unit 1132
[map_1] perf_8g_10_200_130_1783935466477 leave map 1 unit 1130
[map_1] perf_8g_10_200_49_1783935466338 leave map 1 unit 1049
[map_1] perf_8g_10_200_129_1783935466473 leave map 1 unit 1129
[map_1] perf_8g_10_200_128_1783935466471 leave map 1 unit 1128
[map_1] perf_8g_10_200_50_1783935466338 leave map 1 unit 1050
[map_1] perf_8g_10_200_127_1783935466467 leave map 1 unit 1126
[map_1] perf_8g_10_200_51_1783935466338 leave map 1 unit 1051
[map_1] perf_8g_10_200_126_1783935466467 leave map 1 unit 1127
[map_1] perf_8g_10_200_125_1783935466464 leave map 1 unit 1125
[map_1] perf_8g_10_200_52_1783935466339 leave map 1 unit 1052
[map_1] perf_8g_10_200_124_1783935466462 leave map 1 unit 1124
[map_1] perf_8g_10_200_123_1783935466460 leave map 1 unit 1123
[map_1] perf_8g_10_200_53_1783935466341 leave map 1 unit 1053
[map_1] perf_8g_10_200_122_1783935466456 leave map 1 unit 1122
[map_1] perf_8g_10_200_120_1783935466455 leave map 1 unit 1120
[map_1] perf_8g_10_200_54_1783935466348 leave map 1 unit 1054
[map_1] perf_8g_10_200_121_1783935466455 leave map 1 unit 1121
[map_1] perf_8g_10_200_119_1783935466452 leave map 1 unit 1119
[map_1] perf_8g_10_200_118_1783935466451 leave map 1 unit 1118
[map_1] perf_8g_10_200_55_1783935466348 leave map 1 unit 1055
[map_1] perf_8g_10_200_117_1783935466446 leave map 1 unit 1117
[map_1] perf_8g_10_200_56_1783935466349 leave map 1 unit 1057
[map_1] perf_8g_10_200_116_1783935466446 leave map 1 unit 1116
[map_1] perf_8g_10_200_115_1783935466443 leave map 1 unit 1115
[map_1] perf_8g_10_200_57_1783935466349 leave map 1 unit 1056
[map_1] perf_8g_10_200_114_1783935466441 leave map 1 unit 1113
[map_1] perf_8g_10_200_58_1783935466350 leave map 1 unit 1058
[map_1] perf_8g_10_200_113_1783935466439 leave map 1 unit 1114
[map_1] perf_8g_10_200_112_1783935466436 leave map 1 unit 1112
[map_1] perf_8g_10_200_59_1783935466350 leave map 1 unit 1059
[map_1] perf_8g_10_200_111_1783935466434 leave map 1 unit 1111
[map_1] perf_8g_10_200_60_1783935466352 leave map 1 unit 1060
[map_1] perf_8g_10_200_110_1783935466433 leave map 1 unit 1110
[map_1] perf_8g_10_200_109_1783935466430 leave map 1 unit 1109
[map_1] perf_8g_10_200_61_1783935466355 leave map 1 unit 1061
[map_1] perf_8g_10_200_108_1783935466430 leave map 1 unit 1108
[map_1] perf_8g_10_200_62_1783935466356 leave map 1 unit 1062
[map_1] perf_8g_10_200_107_1783935466427 leave map 1 unit 1107
[map_1] perf_8g_10_200_105_1783935466419 leave map 1 unit 1105
[map_1] perf_8g_10_200_63_1783935466357 leave map 1 unit 1064
[map_1] perf_8g_10_200_106_1783935466420 leave map 1 unit 1106
[map_1] perf_8g_10_200_64_1783935466358 leave map 1 unit 1066
[map_1] perf_8g_10_200_104_1783935466418 leave map 1 unit 1104
[map_1] perf_8g_10_200_65_1783935466358 leave map 1 unit 1063
[map_1] perf_8g_10_200_103_1783935466417 leave map 1 unit 1103
[map_1] perf_8g_10_200_102_1783935466415 leave map 1 unit 1102
[map_1] perf_8g_10_200_67_1783935466359 leave map 1 unit 1069
[map_1] perf_8g_10_200_101_1783935466411 leave map 1 unit 1101
[map_1] perf_8g_10_200_66_1783935466359 leave map 1 unit 1065
[map_1] perf_8g_10_200_100_1783935466410 leave map 1 unit 1100
[map_1] perf_8g_10_200_98_1783935466406 leave map 1 unit 1098
[map_1] perf_8g_10_200_99_1783935466410 leave map 1 unit 1099
[map_1] perf_8g_10_200_68_1783935466360 leave map 1 unit 1067
[map_1] perf_8g_10_200_97_1783935466405 leave map 1 unit 1097
[map_1] perf_8g_10_200_69_1783935466361 leave map 1 unit 1068
[map_1] perf_8g_10_200_96_1783935466404 leave map 1 unit 1096
[map_1] perf_8g_10_200_71_1783935466370 leave map 1 unit 1071
[map_1] perf_8g_10_200_95_1783935466401 leave map 1 unit 1095
[map_1] perf_8g_10_200_70_1783935466367 leave map 1 unit 1070
[map_1] perf_8g_10_200_93_1783935466399 leave map 1 unit 1093
[map_1] perf_8g_10_200_94_1783935466401 leave map 1 unit 1094
[map_1] perf_8g_10_200_72_1783935466370 leave map 1 unit 1072
[map_1] perf_8g_10_200_92_1783935466399 leave map 1 unit 1092
[map_1] perf_8g_10_200_73_1783935466370 leave map 1 unit 1073
[map_1] perf_8g_10_200_74_1783935466372 leave map 1 unit 1074
[map_1] perf_8g_10_200_91_1783935466398 leave map 1 unit 1091
[map_1] perf_8g_10_200_75_1783935466372 leave map 1 unit 1075
[map_1] perf_8g_10_200_90_1783935466395 leave map 1 unit 1090
[map_1] perf_8g_10_200_76_1783935466373 leave map 1 unit 1076
[map_1] perf_8g_10_200_89_1783935466395 leave map 1 unit 1089
[map_1] perf_8g_10_200_77_1783935466374 leave map 1 unit 1077
[map_1] perf_8g_10_200_88_1783935466392 leave map 1 unit 1088
[map_1] perf_8g_10_200_78_1783935466375 leave map 1 unit 1078
[map_1] perf_8g_10_200_87_1783935466391 leave map 1 unit 1087
[map_1] perf_8g_10_200_86_1783935466384 leave map 1 unit 1086
[map_1] perf_8g_10_200_79_1783935466377 leave map 1 unit 1079
[map_1] perf_8g_10_200_85_1783935466383 leave map 1 unit 1085
[map_1] perf_8g_10_200_80_1783935466377 leave map 1 unit 1081
[map_1] perf_8g_10_200_84_1783935466382 leave map 1 unit 1084
[map_1] perf_8g_10_200_81_1783935466378 leave map 1 unit 1080
[map_1] perf_8g_10_200_83_1783935466381 leave map 1 unit 1083
[map_1] perf_8g_10_200_82_1783935466381 leave map 1 unit 1082
