starting process log with one V8 and 1 scene(s) from E:\VsCode\skynet\ets_runtime\perf\results\runtime_configs\map_capacity_20260713_093703\200p_8g_r1\log.json
scene log (Log) listening on 127.0.0.1:7100
[process:log] one V8 started with 1 scene(s)
[log] Log scene started at 127.0.0.1:7100
log accepted 127.0.0.1:64165 as conn 1
log accepted 127.0.0.1:64207 as conn 2
[log] [login_1] perf_8g_10_200_0_1783935424353 login count 1
[log] [login_1] perf_8g_10_200_1_1783935424354 login count 1
[log] [login_1] perf_8g_10_200_3_1783935424354 login count 1
[log] [login_1] perf_8g_10_200_2_1783935424354 login count 1
[log] [login_1] perf_8g_10_200_6_1783935424354 login count 1
[log] [login_1] perf_8g_10_200_4_1783935424354 login count 1
[log] [login_1] perf_8g_10_200_9_1783935424354 login count 1
[log] [login_1] perf_8g_10_200_10_1783935424354 login count 1
[log] [login_1] perf_8g_10_200_7_1783935424354 login count 1
[log] [login_1] perf_8g_10_200_5_1783935424354 login count 1
[log] [login_1] perf_8g_10_200_12_1783935424354 login count 1
[log] [login_1] perf_8g_10_200_11_1783935424354 login count 1
[log] [login_1] perf_8g_10_200_13_1783935424354 login count 1
[log] [login_1] perf_8g_10_200_14_1783935424354 login count 1
[log] [login_1] perf_8g_10_200_15_1783935424354 login count 1
[log] [login_1] perf_8g_10_200_8_1783935424354 login count 1
log accepted 127.0.0.1:64233 as conn 3
[log] [gate_1] perf_8g_10_200_0_1783935424353 enter map_1 as unit 1000
log accepted 127.0.0.1:64242 as conn 4
log accepted 127.0.0.1:64243 as conn 5
log accepted 127.0.0.1:64244 as conn 6
log accepted 127.0.0.1:64246 as conn 7
log accepted 127.0.0.1:64245 as conn 8
[log] [gate_8] perf_8g_10_200_10_1783935424354 enter map_1 as unit 1007
log accepted 127.0.0.1:64248 as conn 9
[log] [gate_3] perf_8g_10_200_3_1783935424354 enter map_1 as unit 1002
log accepted 127.0.0.1:64247 as conn 10
[log] [gate_7] perf_8g_10_200_15_1783935424354 enter map_1 as unit 1006
[log] [gate_4] perf_8g_10_200_2_1783935424354 enter map_1 as unit 1004
[log] [gate_2] perf_8g_10_200_1_1783935424354 enter map_1 as unit 1001
[log] [gate_5] perf_8g_10_200_6_1783935424354 enter map_1 as unit 1005
[log] [gate_6] perf_8g_10_200_4_1783935424354 enter map_1 as unit 1003
[log] [gate_1] perf_8g_10_200_7_1783935424354 enter map_1 as unit 1008
[log] [login_1] perf_8g_10_200_16_1783935424379 login count 1
[log] [gate_8] perf_8g_10_200_8_1783935424354 enter map_1 as unit 1009
[log] [login_1] perf_8g_10_200_17_1783935424381 login count 1
[log] [gate_2] perf_8g_10_200_5_1783935424354 enter map_1 as unit 1010
[log] [gate_4] perf_8g_10_200_11_1783935424354 enter map_1 as unit 1011
[log] [gate_3] perf_8g_10_200_12_1783935424354 enter map_1 as unit 1012
[log] [gate_6] perf_8g_10_200_14_1783935424354 enter map_1 as unit 1014
[log] [gate_7] perf_8g_10_200_9_1783935424354 enter map_1 as unit 1015
[log] [gate_5] perf_8g_10_200_13_1783935424354 enter map_1 as unit 1013
[log] [gate_1] perf_8g_10_200_16_1783935424379 enter map_1 as unit 1016
[log] [login_1] perf_8g_10_200_18_1783935424383 login count 1
[log] [login_1] perf_8g_10_200_19_1783935424383 login count 1
[log] [gate_2] perf_8g_10_200_17_1783935424381 enter map_1 as unit 1017
[log] [login_1] perf_8g_10_200_20_1783935424385 login count 1
[log] [login_1] perf_8g_10_200_21_1783935424385 login count 1
[log] [login_1] perf_8g_10_200_22_1783935424385 login count 1
[log] [login_1] perf_8g_10_200_23_1783935424386 login count 1
[log] [login_1] perf_8g_10_200_25_1783935424386 login count 1
[log] [login_1] perf_8g_10_200_24_1783935424386 login count 1
[log] [login_1] perf_8g_10_200_26_1783935424386 login count 1
[log] [login_1] perf_8g_10_200_28_1783935424387 login count 1
[log] [login_1] perf_8g_10_200_29_1783935424387 login count 1
[log] [login_1] perf_8g_10_200_27_1783935424387 login count 1
[log] [login_1] perf_8g_10_200_30_1783935424387 login count 1
[log] [gate_3] perf_8g_10_200_18_1783935424383 enter map_1 as unit 1018
[log] [login_1] perf_8g_10_200_31_1783935424387 login count 1
[log] [login_1] perf_8g_10_200_32_1783935424388 login count 1
[log] [gate_4] perf_8g_10_200_19_1783935424383 enter map_1 as unit 1019
[log] [login_1] perf_8g_10_200_33_1783935424392 login count 1
[log] [gate_5] perf_8g_10_200_20_1783935424385 enter map_1 as unit 1020
[log] [gate_6] perf_8g_10_200_21_1783935424385 enter map_1 as unit 1021
[log] [gate_7] perf_8g_10_200_22_1783935424385 enter map_1 as unit 1023
[log] [gate_8] perf_8g_10_200_23_1783935424386 enter map_1 as unit 1022
[log] [login_1] perf_8g_10_200_34_1783935424397 login count 1
[log] [gate_1] perf_8g_10_200_25_1783935424386 enter map_1 as unit 1026
[log] [gate_3] perf_8g_10_200_26_1783935424386 enter map_1 as unit 1024
[log] [gate_2] perf_8g_10_200_24_1783935424386 enter map_1 as unit 1027
[log] [gate_4] perf_8g_10_200_28_1783935424387 enter map_1 as unit 1025
[log] [login_1] perf_8g_10_200_35_1783935424398 login count 1
[log] [gate_8] perf_8g_10_200_31_1783935424387 enter map_1 as unit 1029
[log] [gate_7] perf_8g_10_200_30_1783935424387 enter map_1 as unit 1028
[log] [gate_5] perf_8g_10_200_29_1783935424387 enter map_1 as unit 1030
[log] [login_1] perf_8g_10_200_36_1783935424401 login count 1
[log] [login_1] perf_8g_10_200_37_1783935424402 login count 1
[log] [gate_1] perf_8g_10_200_32_1783935424388 enter map_1 as unit 1032
[log] [gate_6] perf_8g_10_200_27_1783935424387 enter map_1 as unit 1031
[log] [gate_2] perf_8g_10_200_33_1783935424392 enter map_1 as unit 1033
[log] [gate_3] perf_8g_10_200_34_1783935424397 enter map_1 as unit 1034
[log] [gate_4] perf_8g_10_200_35_1783935424398 enter map_1 as unit 1035
[log] [login_1] perf_8g_10_200_38_1783935424404 login count 1
[log] [login_1] perf_8g_10_200_39_1783935424404 login count 1
[log] [login_1] perf_8g_10_200_40_1783935424404 login count 1
[log] [login_1] perf_8g_10_200_41_1783935424405 login count 1
[log] [gate_5] perf_8g_10_200_36_1783935424401 enter map_1 as unit 1036
[log] [gate_6] perf_8g_10_200_37_1783935424402 enter map_1 as unit 1037
[log] [login_1] perf_8g_10_200_42_1783935424406 login count 1
[log] [login_1] perf_8g_10_200_43_1783935424406 login count 1
[log] [login_1] perf_8g_10_200_44_1783935424407 login count 1
[log] [login_1] perf_8g_10_200_45_1783935424408 login count 1
[log] [login_1] perf_8g_10_200_46_1783935424409 login count 1
[log] [login_1] perf_8g_10_200_47_1783935424409 login count 1
[log] [login_1] perf_8g_10_200_48_1783935424410 login count 1
[log] [login_1] perf_8g_10_200_49_1783935424410 login count 1
[log] [login_1] perf_8g_10_200_50_1783935424410 login count 1
[log] [login_1] perf_8g_10_200_51_1783935424411 login count 1
[log] [gate_7] perf_8g_10_200_38_1783935424404 enter map_1 as unit 1038
[log] [gate_8] perf_8g_10_200_39_1783935424404 enter map_1 as unit 1040
[log] [gate_1] perf_8g_10_200_40_1783935424404 enter map_1 as unit 1039
[log] [gate_2] perf_8g_10_200_41_1783935424405 enter map_1 as unit 1041
[log] [gate_3] perf_8g_10_200_42_1783935424406 enter map_1 as unit 1042
[log] [login_1] perf_8g_10_200_52_1783935424415 login count 1
[log] [login_1] perf_8g_10_200_53_1783935424416 login count 1
[log] [gate_5] perf_8g_10_200_44_1783935424407 enter map_1 as unit 1044
[log] [gate_4] perf_8g_10_200_43_1783935424406 enter map_1 as unit 1043
[log] [gate_6] perf_8g_10_200_45_1783935424408 enter map_1 as unit 1045
[log] [gate_7] perf_8g_10_200_46_1783935424409 enter map_1 as unit 1046
[log] [gate_8] perf_8g_10_200_47_1783935424409 enter map_1 as unit 1047
[log] [gate_3] perf_8g_10_200_50_1783935424410 enter map_1 as unit 1050
[log] [gate_1] perf_8g_10_200_48_1783935424410 enter map_1 as unit 1048
[log] [gate_2] perf_8g_10_200_49_1783935424410 enter map_1 as unit 1049
[log] [gate_4] perf_8g_10_200_51_1783935424411 enter map_1 as unit 1051
[log] [login_1] perf_8g_10_200_54_1783935424421 login count 1
[log] [login_1] perf_8g_10_200_55_1783935424422 login count 1
[log] [gate_5] perf_8g_10_200_52_1783935424415 enter map_1 as unit 1052
[log] [login_1] perf_8g_10_200_56_1783935424422 login count 1
[log] [login_1] perf_8g_10_200_57_1783935424423 login count 1
[log] [gate_6] perf_8g_10_200_53_1783935424416 enter map_1 as unit 1053
[log] [login_1] perf_8g_10_200_58_1783935424424 login count 1
[log] [login_1] perf_8g_10_200_59_1783935424425 login count 1
[log] [login_1] perf_8g_10_200_60_1783935424425 login count 1
[log] [login_1] perf_8g_10_200_61_1783935424426 login count 1
[log] [login_1] perf_8g_10_200_62_1783935424427 login count 1
[log] [login_1] perf_8g_10_200_63_1783935424428 login count 1
[log] [login_1] perf_8g_10_200_64_1783935424429 login count 1
[log] [gate_7] perf_8g_10_200_54_1783935424421 enter map_1 as unit 1054
[log] [login_1] perf_8g_10_200_65_1783935424430 login count 1
[log] [login_1] perf_8g_10_200_66_1783935424430 login count 1
[log] [login_1] perf_8g_10_200_67_1783935424431 login count 1
[log] [gate_8] perf_8g_10_200_55_1783935424422 enter map_1 as unit 1055
[log] [gate_1] perf_8g_10_200_56_1783935424422 enter map_1 as unit 1056
[log] [login_1] perf_8g_10_200_68_1783935424433 login count 1
[log] [gate_3] perf_8g_10_200_58_1783935424424 enter map_1 as unit 1058
[log] [gate_2] perf_8g_10_200_57_1783935424423 enter map_1 as unit 1057
[log] [login_1] perf_8g_10_200_69_1783935424434 login count 1
[log] [gate_4] perf_8g_10_200_59_1783935424425 enter map_1 as unit 1059
[log] [gate_7] perf_8g_10_200_62_1783935424427 enter map_1 as unit 1062
[log] [gate_5] perf_8g_10_200_60_1783935424425 enter map_1 as unit 1060
[log] [gate_6] perf_8g_10_200_61_1783935424426 enter map_1 as unit 1061
[log] [gate_8] perf_8g_10_200_63_1783935424428 enter map_1 as unit 1063
[log] [login_1] perf_8g_10_200_70_1783935424440 login count 1
[log] [login_1] perf_8g_10_200_71_1783935424441 login count 1
[log] [gate_2] perf_8g_10_200_65_1783935424430 enter map_1 as unit 1065
[log] [gate_1] perf_8g_10_200_64_1783935424429 enter map_1 as unit 1064
[log] [gate_3] perf_8g_10_200_66_1783935424430 enter map_1 as unit 1066
[log] [login_1] perf_8g_10_200_72_1783935424442 login count 1
[log] [gate_4] perf_8g_10_200_67_1783935424431 enter map_1 as unit 1067
[log] [login_1] perf_8g_10_200_73_1783935424443 login count 1
[log] [login_1] perf_8g_10_200_74_1783935424444 login count 1
[log] [gate_6] perf_8g_10_200_69_1783935424434 enter map_1 as unit 1069
[log] [gate_5] perf_8g_10_200_68_1783935424433 enter map_1 as unit 1068
[log] [login_1] perf_8g_10_200_75_1783935424446 login count 1
[log] [login_1] perf_8g_10_200_76_1783935424447 login count 1
[log] [login_1] perf_8g_10_200_77_1783935424447 login count 1
[log] [login_1] perf_8g_10_200_78_1783935424448 login count 1
[log] [login_1] perf_8g_10_200_79_1783935424450 login count 1
[log] [gate_7] perf_8g_10_200_70_1783935424440 enter map_1 as unit 1070
[log] [gate_8] perf_8g_10_200_71_1783935424441 enter map_1 as unit 1071
[log] [login_1] perf_8g_10_200_80_1783935424453 login count 1
[log] [gate_1] perf_8g_10_200_72_1783935424442 enter map_1 as unit 1072
[log] [login_1] perf_8g_10_200_81_1783935424453 login count 1
[log] [gate_2] perf_8g_10_200_73_1783935424443 enter map_1 as unit 1073
[log] [gate_3] perf_8g_10_200_74_1783935424444 enter map_1 as unit 1074
[log] [login_1] perf_8g_10_200_82_1783935424454 login count 1
[log] [login_1] perf_8g_10_200_83_1783935424455 login count 1
[log] [gate_4] perf_8g_10_200_75_1783935424446 enter map_1 as unit 1075
[log] [login_1] perf_8g_10_200_84_1783935424456 login count 1
[log] [login_1] perf_8g_10_200_85_1783935424457 login count 1
[log] [gate_5] perf_8g_10_200_76_1783935424447 enter map_1 as unit 1076
[log] [login_1] perf_8g_10_200_86_1783935424465 login count 1
[log] [login_1] perf_8g_10_200_87_1783935424465 login count 1
[log] [gate_8] perf_8g_10_200_79_1783935424450 enter map_1 as unit 1079
[log] [gate_6] perf_8g_10_200_77_1783935424447 enter map_1 as unit 1077
[log] [gate_7] perf_8g_10_200_78_1783935424448 enter map_1 as unit 1078
[log] [login_1] perf_8g_10_200_88_1783935424466 login count 1
[log] [login_1] perf_8g_10_200_89_1783935424467 login count 1
[log] [login_1] perf_8g_10_200_90_1783935424467 login count 1
[log] [login_1] perf_8g_10_200_91_1783935424468 login count 1
[log] [gate_1] perf_8g_10_200_80_1783935424453 enter map_1 as unit 1080
[log] [gate_2] perf_8g_10_200_81_1783935424453 enter map_1 as unit 1081
[log] [gate_3] perf_8g_10_200_82_1783935424454 enter map_1 as unit 1082
[log] [gate_4] perf_8g_10_200_83_1783935424455 enter map_1 as unit 1083
[log] [login_1] perf_8g_10_200_92_1783935424473 login count 1
[log] [gate_5] perf_8g_10_200_84_1783935424456 enter map_1 as unit 1084
[log] [gate_6] perf_8g_10_200_85_1783935424457 enter map_1 as unit 1085
[log] [login_1] perf_8g_10_200_93_1783935424476 login count 1
[log] [login_1] perf_8g_10_200_94_1783935424476 login count 1
[log] [login_1] perf_8g_10_200_95_1783935424477 login count 1
[log] [gate_7] perf_8g_10_200_86_1783935424465 enter map_1 as unit 1086
[log] [gate_8] perf_8g_10_200_87_1783935424465 enter map_1 as unit 1087
[log] [gate_4] perf_8g_10_200_91_1783935424468 enter map_1 as unit 1089
[log] [gate_1] perf_8g_10_200_88_1783935424466 enter map_1 as unit 1091
[log] [gate_3] perf_8g_10_200_90_1783935424467 enter map_1 as unit 1088
[log] [login_1] perf_8g_10_200_96_1783935424481 login count 1
[log] [gate_2] perf_8g_10_200_89_1783935424467 enter map_1 as unit 1090
[log] [login_1] perf_8g_10_200_97_1783935424481 login count 1
[log] [login_1] perf_8g_10_200_98_1783935424481 login count 1
[log] [login_1] perf_8g_10_200_99_1783935424481 login count 1
[log] [gate_5] perf_8g_10_200_92_1783935424473 enter map_1 as unit 1092
[log] [login_1] perf_8g_10_200_100_1783935424484 login count 1
[log] [gate_6] perf_8g_10_200_93_1783935424476 enter map_1 as unit 1093
[log] [gate_7] perf_8g_10_200_94_1783935424476 enter map_1 as unit 1094
[log] [login_1] perf_8g_10_200_101_1783935424484 login count 1
[log] [gate_8] perf_8g_10_200_95_1783935424477 enter map_1 as unit 1095
[log] [login_1] perf_8g_10_200_102_1783935424488 login count 1
[log] [login_1] perf_8g_10_200_103_1783935424489 login count 1
[log] [gate_1] perf_8g_10_200_96_1783935424481 enter map_1 as unit 1096
[log] [login_1] perf_8g_10_200_104_1783935424493 login count 1
[log] [gate_2] perf_8g_10_200_97_1783935424481 enter map_1 as unit 1097
[log] [login_1] perf_8g_10_200_105_1783935424493 login count 1
[log] [login_1] perf_8g_10_200_106_1783935424494 login count 1
[log] [login_1] perf_8g_10_200_107_1783935424494 login count 1
[log] [login_1] perf_8g_10_200_108_1783935424497 login count 1
[log] [gate_3] perf_8g_10_200_98_1783935424481 enter map_1 as unit 1098
[log] [gate_4] perf_8g_10_200_99_1783935424481 enter map_1 as unit 1099
[log] [login_1] perf_8g_10_200_109_1783935424498 login count 1
[log] [login_1] perf_8g_10_200_110_1783935424498 login count 1
[log] [gate_6] perf_8g_10_200_101_1783935424484 enter map_1 as unit 1101
[log] [gate_5] perf_8g_10_200_100_1783935424484 enter map_1 as unit 1100
[log] [login_1] perf_8g_10_200_111_1783935424499 login count 1
[log] [gate_7] perf_8g_10_200_102_1783935424488 enter map_1 as unit 1102
[log] [gate_8] perf_8g_10_200_103_1783935424489 enter map_1 as unit 1103
[log] [login_1] perf_8g_10_200_112_1783935424505 login count 1
[log] [gate_1] perf_8g_10_200_104_1783935424493 enter map_1 as unit 1104
[log] [login_1] perf_8g_10_200_113_1783935424508 login count 1
[log] [login_1] perf_8g_10_200_114_1783935424510 login count 1
[log] [login_1] perf_8g_10_200_115_1783935424510 login count 1
[log] [gate_3] perf_8g_10_200_106_1783935424494 enter map_1 as unit 1106
[log] [gate_2] perf_8g_10_200_105_1783935424493 enter map_1 as unit 1105
[log] [gate_4] perf_8g_10_200_107_1783935424494 enter map_1 as unit 1107
[log] [login_1] perf_8g_10_200_116_1783935424513 login count 1
[log] [login_1] perf_8g_10_200_117_1783935424513 login count 1
[log] [login_1] perf_8g_10_200_118_1783935424514 login count 1
[log] [login_1] perf_8g_10_200_119_1783935424516 login count 1
[log] [login_1] perf_8g_10_200_120_1783935424519 login count 1
[log] [gate_8] perf_8g_10_200_111_1783935424499 enter map_1 as unit 1111
[log] [gate_5] perf_8g_10_200_108_1783935424497 enter map_1 as unit 1108
[log] [gate_6] perf_8g_10_200_109_1783935424498 enter map_1 as unit 1109
[log] [gate_7] perf_8g_10_200_110_1783935424498 enter map_1 as unit 1110
[log] [login_1] perf_8g_10_200_121_1783935424523 login count 1
[log] [login_1] perf_8g_10_200_122_1783935424524 login count 1
[log] [login_1] perf_8g_10_200_123_1783935424524 login count 1
[log] [gate_2] perf_8g_10_200_113_1783935424508 enter map_1 as unit 1113
[log] [gate_1] perf_8g_10_200_112_1783935424505 enter map_1 as unit 1112
[log] [login_1] perf_8g_10_200_124_1783935424528 login count 1
[log] [login_1] perf_8g_10_200_125_1783935424529 login count 1
[log] [login_1] perf_8g_10_200_126_1783935424529 login count 1
[log] [gate_3] perf_8g_10_200_114_1783935424510 enter map_1 as unit 1114
[log] [gate_8] perf_8g_10_200_119_1783935424516 enter map_1 as unit 1116
[log] [gate_5] perf_8g_10_200_116_1783935424513 enter map_1 as unit 1117
[log] [gate_4] perf_8g_10_200_115_1783935424510 enter map_1 as unit 1115
[log] [login_1] perf_8g_10_200_127_1783935424530 login count 1
[log] [login_1] perf_8g_10_200_128_1783935424531 login count 1
[log] [login_1] perf_8g_10_200_129_1783935424532 login count 1
[log] [login_1] perf_8g_10_200_130_1783935424536 login count 1
[log] [gate_7] perf_8g_10_200_118_1783935424514 enter map_1 as unit 1118
[log] [gate_2] perf_8g_10_200_121_1783935424523 enter map_1 as unit 1121
[log] [gate_1] perf_8g_10_200_120_1783935424519 enter map_1 as unit 1120
[log] [gate_6] perf_8g_10_200_117_1783935424513 enter map_1 as unit 1119
[log] [login_1] perf_8g_10_200_131_1783935424536 login count 1
[log] [login_1] perf_8g_10_200_132_1783935424537 login count 1
[log] [login_1] perf_8g_10_200_133_1783935424538 login count 1
[log] [gate_5] perf_8g_10_200_124_1783935424528 enter map_1 as unit 1124
[log] [gate_4] perf_8g_10_200_123_1783935424524 enter map_1 as unit 1123
[log] [gate_3] perf_8g_10_200_122_1783935424524 enter map_1 as unit 1122
[log] [gate_8] perf_8g_10_200_127_1783935424530 enter map_1 as unit 1125
[log] [login_1] perf_8g_10_200_134_1783935424542 login count 1
[log] [login_1] perf_8g_10_200_135_1783935424543 login count 1
[log] [login_1] perf_8g_10_200_136_1783935424543 login count 1
[log] [login_1] perf_8g_10_200_137_1783935424544 login count 1
[log] [login_1] perf_8g_10_200_140_1783935424549 login count 1
[log] [login_1] perf_8g_10_200_138_1783935424548 login count 1
[log] [login_1] perf_8g_10_200_139_1783935424549 login count 1
[log] [login_1] perf_8g_10_200_141_1783935424550 login count 1
[log] [gate_2] perf_8g_10_200_129_1783935424532 enter map_1 as unit 1126
[log] [gate_7] perf_8g_10_200_126_1783935424529 enter map_1 as unit 1129
[log] [gate_1] perf_8g_10_200_128_1783935424531 enter map_1 as unit 1127
[log] [gate_6] perf_8g_10_200_125_1783935424529 enter map_1 as unit 1128
[log] [login_1] perf_8g_10_200_142_1783935424554 login count 1
[log] [login_1] perf_8g_10_200_143_1783935424555 login count 1
[log] [login_1] perf_8g_10_200_144_1783935424556 login count 1
[log] [gate_4] perf_8g_10_200_131_1783935424536 enter map_1 as unit 1131
[log] [gate_5] perf_8g_10_200_132_1783935424537 enter map_1 as unit 1130
[log] [gate_8] perf_8g_10_200_135_1783935424543 enter map_1 as unit 1133
[log] [gate_3] perf_8g_10_200_130_1783935424536 enter map_1 as unit 1132
[log] [login_1] perf_8g_10_200_145_1783935424559 login count 1
[log] [login_1] perf_8g_10_200_146_1783935424560 login count 1
[log] [login_1] perf_8g_10_200_147_1783935424560 login count 1
[log] [login_1] perf_8g_10_200_148_1783935424561 login count 1
[log] [gate_6] perf_8g_10_200_133_1783935424538 enter map_1 as unit 1134
[log] [gate_7] perf_8g_10_200_134_1783935424542 enter map_1 as unit 1137
[log] [gate_1] perf_8g_10_200_136_1783935424543 enter map_1 as unit 1136
[log] [gate_2] perf_8g_10_200_137_1783935424544 enter map_1 as unit 1135
[log] [login_1] perf_8g_10_200_150_1783935424566 login count 1
[log] [login_1] perf_8g_10_200_149_1783935424565 login count 1
[log] [gate_5] perf_8g_10_200_139_1783935424549 enter map_1 as unit 1140
[log] [gate_4] perf_8g_10_200_138_1783935424548 enter map_1 as unit 1141
[log] [gate_8] perf_8g_10_200_143_1783935424555 enter map_1 as unit 1138
[log] [gate_3] perf_8g_10_200_140_1783935424549 enter map_1 as unit 1139
[log] [login_1] perf_8g_10_200_151_1783935424566 login count 1
[log] [login_1] perf_8g_10_200_152_1783935424567 login count 1
[log] [login_1] perf_8g_10_200_153_1783935424567 login count 1
[log] [login_1] perf_8g_10_200_154_1783935424571 login count 1
[log] [login_1] perf_8g_10_200_155_1783935424572 login count 1
[log] [login_1] perf_8g_10_200_156_1783935424573 login count 1
[log] [login_1] perf_8g_10_200_157_1783935424573 login count 1
[log] [gate_2] perf_8g_10_200_145_1783935424559 enter map_1 as unit 1144
[log] [gate_7] perf_8g_10_200_142_1783935424554 enter map_1 as unit 1143
[log] [gate_1] perf_8g_10_200_144_1783935424556 enter map_1 as unit 1142
[log] [gate_6] perf_8g_10_200_141_1783935424550 enter map_1 as unit 1145
[log] [login_1] perf_8g_10_200_158_1783935424577 login count 1
[log] [login_1] perf_8g_10_200_159_1783935424578 login count 1
[log] [login_1] perf_8g_10_200_160_1783935424578 login count 1
[log] [login_1] perf_8g_10_200_161_1783935424579 login count 1
[log] [gate_5] perf_8g_10_200_148_1783935424561 enter map_1 as unit 1146
[log] [gate_4] perf_8g_10_200_147_1783935424560 enter map_1 as unit 1147
[log] [gate_3] perf_8g_10_200_146_1783935424560 enter map_1 as unit 1148
[log] [gate_8] perf_8g_10_200_151_1783935424566 enter map_1 as unit 1149
[log] [login_1] perf_8g_10_200_162_1783935424584 login count 1
[log] [login_1] perf_8g_10_200_163_1783935424584 login count 1
[log] [login_1] perf_8g_10_200_164_1783935424585 login count 1
[log] [login_1] perf_8g_10_200_165_1783935424585 login count 1
[log] [gate_7] perf_8g_10_200_149_1783935424565 enter map_1 as unit 1151
[log] [gate_2] perf_8g_10_200_153_1783935424567 enter map_1 as unit 1150
[log] [gate_6] perf_8g_10_200_157_1783935424573 enter map_1 as unit 1152
[log] [gate_1] perf_8g_10_200_152_1783935424567 enter map_1 as unit 1153
[log] [login_1] perf_8g_10_200_166_1783935424591 login count 1
[log] [login_1] perf_8g_10_200_167_1783935424592 login count 1
[log] [login_1] perf_8g_10_200_168_1783935424593 login count 1
[log] [gate_5] perf_8g_10_200_156_1783935424573 enter map_1 as unit 1155
[log] [gate_8] perf_8g_10_200_159_1783935424578 enter map_1 as unit 1156
[log] [gate_3] perf_8g_10_200_154_1783935424571 enter map_1 as unit 1154
[log] [gate_4] perf_8g_10_200_155_1783935424572 enter map_1 as unit 1157
[log] [login_1] perf_8g_10_200_171_1783935424598 login count 1
[log] [login_1] perf_8g_10_200_169_1783935424597 login count 1
[log] [login_1] perf_8g_10_200_170_1783935424597 login count 1
[log] [login_1] perf_8g_10_200_172_1783935424599 login count 1
[log] [gate_7] perf_8g_10_200_158_1783935424577 enter map_1 as unit 1159
[log] [gate_2] perf_8g_10_200_161_1783935424579 enter map_1 as unit 1160
[log] [gate_6] perf_8g_10_200_150_1783935424566 enter map_1 as unit 1158
[log] [gate_1] perf_8g_10_200_160_1783935424578 enter map_1 as unit 1161
[log] [login_1] perf_8g_10_200_173_1783935424604 login count 1
[log] [login_1] perf_8g_10_200_174_1783935424604 login count 1
[log] [login_1] perf_8g_10_200_175_1783935424605 login count 1
[log] [login_1] perf_8g_10_200_176_1783935424606 login count 1
[log] [login_1] perf_8g_10_200_177_1783935424606 login count 1
[log] [gate_3] perf_8g_10_200_162_1783935424584 enter map_1 as unit 1165
[log] [gate_4] perf_8g_10_200_163_1783935424584 enter map_1 as unit 1162
[log] [gate_5] perf_8g_10_200_164_1783935424585 enter map_1 as unit 1164
[log] [gate_8] perf_8g_10_200_167_1783935424592 enter map_1 as unit 1163
[log] [login_1] perf_8g_10_200_178_1783935424611 login count 1
[log] [login_1] perf_8g_10_200_179_1783935424611 login count 1
[log] [login_1] perf_8g_10_200_180_1783935424612 login count 1
[log] [login_1] perf_8g_10_200_181_1783935424612 login count 1
[log] [gate_6] perf_8g_10_200_165_1783935424585 enter map_1 as unit 1166
[log] [gate_7] perf_8g_10_200_166_1783935424591 enter map_1 as unit 1167
[log] [gate_2] perf_8g_10_200_171_1783935424598 enter map_1 as unit 1169
[log] [gate_1] perf_8g_10_200_168_1783935424593 enter map_1 as unit 1168
[log] [login_1] perf_8g_10_200_183_1783935424618 login count 1
[log] [login_1] perf_8g_10_200_182_1783935424618 login count 1
[log] [login_1] perf_8g_10_200_184_1783935424619 login count 1
[log] [login_1] perf_8g_10_200_185_1783935424620 login count 1
[log] [gate_8] perf_8g_10_200_175_1783935424605 enter map_1 as unit 1173
[log] [gate_3] perf_8g_10_200_169_1783935424597 enter map_1 as unit 1171
[log] [gate_4] perf_8g_10_200_170_1783935424597 enter map_1 as unit 1170
[log] [gate_5] perf_8g_10_200_172_1783935424599 enter map_1 as unit 1172
[log] [login_1] perf_8g_10_200_186_1783935424625 login count 1
[log] [login_1] perf_8g_10_200_187_1783935424626 login count 1
[log] [login_1] perf_8g_10_200_188_1783935424627 login count 1
[log] [login_1] perf_8g_10_200_189_1783935424627 login count 1
[log] [gate_1] perf_8g_10_200_176_1783935424606 enter map_1 as unit 1177
[log] [gate_7] perf_8g_10_200_174_1783935424604 enter map_1 as unit 1174
[log] [gate_6] perf_8g_10_200_173_1783935424604 enter map_1 as unit 1176
[log] [gate_2] perf_8g_10_200_177_1783935424606 enter map_1 as unit 1175
[log] [login_1] perf_8g_10_200_190_1783935424633 login count 1
[log] [login_1] perf_8g_10_200_191_1783935424634 login count 1
[log] [login_1] perf_8g_10_200_192_1783935424634 login count 1
[log] [gate_3] perf_8g_10_200_178_1783935424611 enter map_1 as unit 1181
[log] [gate_8] perf_8g_10_200_182_1783935424618 enter map_1 as unit 1179
[log] [gate_4] perf_8g_10_200_179_1783935424611 enter map_1 as unit 1180
[log] [gate_5] perf_8g_10_200_180_1783935424612 enter map_1 as unit 1178
[log] [login_1] perf_8g_10_200_194_1783935424642 login count 1
[log] [login_1] perf_8g_10_200_193_1783935424641 login count 1
[log] [login_1] perf_8g_10_200_195_1783935424643 login count 1
[log] [login_1] perf_8g_10_200_196_1783935424643 login count 1
[log] [gate_1] perf_8g_10_200_184_1783935424619 enter map_1 as unit 1185
[log] [gate_6] perf_8g_10_200_181_1783935424612 enter map_1 as unit 1182
[log] [gate_2] perf_8g_10_200_185_1783935424620 enter map_1 as unit 1183
[log] [gate_7] perf_8g_10_200_183_1783935424618 enter map_1 as unit 1184
[log] [login_1] perf_8g_10_200_197_1783935424648 login count 1
[log] [login_1] perf_8g_10_200_198_1783935424649 login count 1
[log] [login_1] perf_8g_10_200_199_1783935424650 login count 1
[log] [gate_5] perf_8g_10_200_188_1783935424627 enter map_1 as unit 1187
[log] [gate_4] perf_8g_10_200_187_1783935424626 enter map_1 as unit 1188
[log] [gate_8] perf_8g_10_200_191_1783935424634 enter map_1 as unit 1189
[log] [gate_3] perf_8g_10_200_186_1783935424625 enter map_1 as unit 1186
[log] [gate_6] perf_8g_10_200_189_1783935424627 enter map_1 as unit 1191
[log] [gate_7] perf_8g_10_200_190_1783935424633 enter map_1 as unit 1193
[log] [gate_1] perf_8g_10_200_192_1783935424634 enter map_1 as unit 1190
[log] [gate_2] perf_8g_10_200_194_1783935424642 enter map_1 as unit 1192
[log] [gate_8] perf_8g_10_200_199_1783935424650 enter map_1 as unit 1194
[log] [gate_3] perf_8g_10_200_193_1783935424641 enter map_1 as unit 1196
[log] [gate_5] perf_8g_10_200_196_1783935424643 enter map_1 as unit 1195
[log] [gate_4] perf_8g_10_200_195_1783935424643 enter map_1 as unit 1197
[log] [gate_7] perf_8g_10_200_198_1783935424649 enter map_1 as unit 1198
[log] [gate_6] perf_8g_10_200_197_1783935424648 enter map_1 as unit 1199
[metrics:inner_transport] active=0 opened=0 pending=0 max_pending=0 overloads=0 timeouts=0 disconnected_calls=0 late_responses=0 idle_closes=0
[process-metrics] process=log cpu_percent=1.85 cpu_time_ms=125 rss_bytes=36839424 v8_heap_used_bytes=2749280 v8_heap_total_bytes=6041600 v8_gc_count=3 v8_gc_ms=0.717 timestamp_ms=1783935429147
[metrics:log] scene=log type=Log processed=400 failed=0 ts_queue=0 ts_max_queue=5 rust_queue=0 rust_max_queue=5 backpressure=0 slow_disconnects=0 update_ms=0.00 handler_ms=0.00 max_handler_ms=1.00 total_handler_ms=13.00
[metrics:inner_transport] active=0 opened=0 pending=0 max_pending=0 overloads=0 timeouts=0 disconnected_calls=0 late_responses=0 idle_closes=0
[process-metrics] process=log cpu_percent=0.30 cpu_time_ms=140 rss_bytes=36990976 v8_heap_used_bytes=2886240 v8_heap_total_bytes=6041600 v8_gc_count=3 v8_gc_ms=0.717 timestamp_ms=1783935434174
[metrics:log] scene=log type=Log processed=400 failed=0 ts_queue=0 ts_max_queue=5 rust_queue=0 rust_max_queue=5 backpressure=0 slow_disconnects=0 update_ms=0.00 handler_ms=0.00 max_handler_ms=1.00 total_handler_ms=13.00
[metrics:inner_transport] active=0 opened=0 pending=0 max_pending=0 overloads=0 timeouts=0 disconnected_calls=0 late_responses=0 idle_closes=0
[process-metrics] process=log cpu_percent=0.00 cpu_time_ms=140 rss_bytes=36937728 v8_heap_used_bytes=3041344 v8_heap_total_bytes=6303744 v8_gc_count=3 v8_gc_ms=0.717 timestamp_ms=1783935439203
[metrics:log] scene=log type=Log processed=400 failed=0 ts_queue=0 ts_max_queue=5 rust_queue=0 rust_max_queue=5 backpressure=0 slow_disconnects=0 update_ms=0.00 handler_ms=0.00 max_handler_ms=1.00 total_handler_ms=13.00
[metrics:inner_transport] active=0 opened=0 pending=0 max_pending=0 overloads=0 timeouts=0 disconnected_calls=0 late_responses=0 idle_closes=0
[process-metrics] process=log cpu_percent=0.62 cpu_time_ms=171 rss_bytes=37052416 v8_heap_used_bytes=3169344 v8_heap_total_bytes=6303744 v8_gc_count=3 v8_gc_ms=0.717 timestamp_ms=1783935444220
[metrics:log] scene=log type=Log processed=400 failed=0 ts_queue=0 ts_max_queue=5 rust_queue=0 rust_max_queue=5 backpressure=0 slow_disconnects=0 update_ms=0.00 handler_ms=0.00 max_handler_ms=1.00 total_handler_ms=13.00
[metrics:inner_transport] active=0 opened=0 pending=0 max_pending=0 overloads=0 timeouts=0 disconnected_calls=0 late_responses=0 idle_closes=0
[process-metrics] process=log cpu_percent=0.32 cpu_time_ms=187 rss_bytes=37183488 v8_heap_used_bytes=3297344 v8_heap_total_bytes=6303744 v8_gc_count=3 v8_gc_ms=0.717 timestamp_ms=1783935449232
[metrics:log] scene=log type=Log processed=400 failed=0 ts_queue=0 ts_max_queue=5 rust_queue=0 rust_max_queue=5 backpressure=0 slow_disconnects=0 update_ms=0.00 handler_ms=0.00 max_handler_ms=1.00 total_handler_ms=13.00
[metrics:inner_transport] active=0 opened=0 pending=0 max_pending=0 overloads=0 timeouts=0 disconnected_calls=0 late_responses=0 idle_closes=0
[process-metrics] process=log cpu_percent=0.32 cpu_time_ms=203 rss_bytes=37335040 v8_heap_used_bytes=3425392 v8_heap_total_bytes=6565888 v8_gc_count=3 v8_gc_ms=0.717 timestamp_ms=1783935454243
[metrics:log] scene=log type=Log processed=400 failed=0 ts_queue=0 ts_max_queue=5 rust_queue=0 rust_max_queue=5 backpressure=0 slow_disconnects=0 update_ms=0.00 handler_ms=0.00 max_handler_ms=1.00 total_handler_ms=13.00
[metrics:inner_transport] active=0 opened=0 pending=0 max_pending=0 overloads=0 timeouts=0 disconnected_calls=0 late_responses=0 idle_closes=0
[process-metrics] process=log cpu_percent=0.00 cpu_time_ms=203 rss_bytes=37724160 v8_heap_used_bytes=3557728 v8_heap_total_bytes=6565888 v8_gc_count=3 v8_gc_ms=0.717 timestamp_ms=1783935459260
[metrics:log] scene=log type=Log processed=400 failed=0 ts_queue=0 ts_max_queue=5 rust_queue=0 rust_max_queue=5 backpressure=0 slow_disconnects=0 update_ms=0.00 handler_ms=0.00 max_handler_ms=1.00 total_handler_ms=13.00
[metrics:inner_transport] active=0 opened=0 pending=0 max_pending=0 overloads=0 timeouts=0 disconnected_calls=0 late_responses=0 idle_closes=0
[process-metrics] process=log cpu_percent=0.94 cpu_time_ms=250 rss_bytes=37875712 v8_heap_used_bytes=3684464 v8_heap_total_bytes=6828032 v8_gc_count=3 v8_gc_ms=0.717 timestamp_ms=1783935464268
[metrics:log] scene=log type=Log processed=400 failed=0 ts_queue=0 ts_max_queue=5 rust_queue=0 rust_max_queue=5 backpressure=0 slow_disconnects=0 update_ms=0.00 handler_ms=0.00 max_handler_ms=1.00 total_handler_ms=13.00
