starting process map1 with one V8 and 1 scene(s) from E:\VsCode\skynet\ets_runtime\perf\results\runtime_configs\map_capacity_20260713_093703\200p_8g_r1\map1.json
scene map_1 (MapHost) listening on 127.0.0.1:7301
[process:map1] one V8 started with 1 scene(s)
[map_1] MapHost scene started at 127.0.0.1:7301
map_1 accepted 127.0.0.1:64166 as conn 1
map_1 accepted 127.0.0.1:64224 as conn 2
map_1 accepted 127.0.0.1:64225 as conn 3
map_1 accepted 127.0.0.1:64226 as conn 4
map_1 accepted 127.0.0.1:64227 as conn 5
map_1 accepted 127.0.0.1:64229 as conn 6
map_1 accepted 127.0.0.1:64228 as conn 7
map_1 accepted 127.0.0.1:64230 as conn 8
[map_1] perf_8g_10_200_0_1783935424353 enter map 1 unit 1000
map_1 accepted 127.0.0.1:64231 as conn 9
[map_1] perf_8g_10_200_1_1783935424354 enter map 1 unit 1001
[map_1] perf_8g_10_200_3_1783935424354 enter map 1 unit 1002
[map_1] perf_8g_10_200_4_1783935424354 enter map 1 unit 1003
[map_1] perf_8g_10_200_2_1783935424354 enter map 1 unit 1004
[map_1] perf_8g_10_200_6_1783935424354 enter map 1 unit 1005
[map_1] perf_8g_10_200_15_1783935424354 enter map 1 unit 1006
[map_1] perf_8g_10_200_10_1783935424354 enter map 1 unit 1007
[map_1] perf_8g_10_200_7_1783935424354 enter map 1 unit 1008
[map_1] perf_8g_10_200_8_1783935424354 enter map 1 unit 1009
[map_1] perf_8g_10_200_5_1783935424354 enter map 1 unit 1010
[map_1] perf_8g_10_200_11_1783935424354 enter map 1 unit 1011
[map_1] perf_8g_10_200_12_1783935424354 enter map 1 unit 1012
[map_1] perf_8g_10_200_13_1783935424354 enter map 1 unit 1013
[map_1] perf_8g_10_200_14_1783935424354 enter map 1 unit 1014
[map_1] perf_8g_10_200_9_1783935424354 enter map 1 unit 1015
[map_1] perf_8g_10_200_16_1783935424379 enter map 1 unit 1016
[map_1] perf_8g_10_200_17_1783935424381 enter map 1 unit 1017
[map_1] perf_8g_10_200_18_1783935424383 enter map 1 unit 1018
[map_1] perf_8g_10_200_19_1783935424383 enter map 1 unit 1019
[map_1] perf_8g_10_200_20_1783935424385 enter map 1 unit 1020
[map_1] perf_8g_10_200_21_1783935424385 enter map 1 unit 1021
[map_1] perf_8g_10_200_23_1783935424386 enter map 1 unit 1022
[map_1] perf_8g_10_200_22_1783935424385 enter map 1 unit 1023
[map_1] perf_8g_10_200_26_1783935424386 enter map 1 unit 1024
[map_1] perf_8g_10_200_28_1783935424387 enter map 1 unit 1025
[map_1] perf_8g_10_200_25_1783935424386 enter map 1 unit 1026
[map_1] perf_8g_10_200_24_1783935424386 enter map 1 unit 1027
[map_1] perf_8g_10_200_30_1783935424387 enter map 1 unit 1028
[map_1] perf_8g_10_200_31_1783935424387 enter map 1 unit 1029
[map_1] perf_8g_10_200_29_1783935424387 enter map 1 unit 1030
[map_1] perf_8g_10_200_27_1783935424387 enter map 1 unit 1031
[map_1] perf_8g_10_200_32_1783935424388 enter map 1 unit 1032
[map_1] perf_8g_10_200_33_1783935424392 enter map 1 unit 1033
[map_1] perf_8g_10_200_34_1783935424397 enter map 1 unit 1034
[map_1] perf_8g_10_200_35_1783935424398 enter map 1 unit 1035
[map_1] perf_8g_10_200_36_1783935424401 enter map 1 unit 1036
[map_1] perf_8g_10_200_37_1783935424402 enter map 1 unit 1037
[map_1] perf_8g_10_200_38_1783935424404 enter map 1 unit 1038
[map_1] perf_8g_10_200_40_1783935424404 enter map 1 unit 1039
[map_1] perf_8g_10_200_39_1783935424404 enter map 1 unit 1040
[map_1] perf_8g_10_200_41_1783935424405 enter map 1 unit 1041
[map_1] perf_8g_10_200_42_1783935424406 enter map 1 unit 1042
[map_1] perf_8g_10_200_43_1783935424406 enter map 1 unit 1043
[map_1] perf_8g_10_200_44_1783935424407 enter map 1 unit 1044
[map_1] perf_8g_10_200_45_1783935424408 enter map 1 unit 1045
[map_1] perf_8g_10_200_46_1783935424409 enter map 1 unit 1046
[map_1] perf_8g_10_200_47_1783935424409 enter map 1 unit 1047
[map_1] perf_8g_10_200_48_1783935424410 enter map 1 unit 1048
[map_1] perf_8g_10_200_49_1783935424410 enter map 1 unit 1049
[map_1] perf_8g_10_200_50_1783935424410 enter map 1 unit 1050
[map_1] perf_8g_10_200_51_1783935424411 enter map 1 unit 1051
[map_1] perf_8g_10_200_52_1783935424415 enter map 1 unit 1052
[map_1] perf_8g_10_200_53_1783935424416 enter map 1 unit 1053
[map_1] perf_8g_10_200_54_1783935424421 enter map 1 unit 1054
[map_1] perf_8g_10_200_55_1783935424422 enter map 1 unit 1055
[map_1] perf_8g_10_200_56_1783935424422 enter map 1 unit 1056
[map_1] perf_8g_10_200_57_1783935424423 enter map 1 unit 1057
[map_1] perf_8g_10_200_58_1783935424424 enter map 1 unit 1058
[map_1] perf_8g_10_200_59_1783935424425 enter map 1 unit 1059
[map_1] perf_8g_10_200_60_1783935424425 enter map 1 unit 1060
[map_1] perf_8g_10_200_61_1783935424426 enter map 1 unit 1061
[map_1] perf_8g_10_200_62_1783935424427 enter map 1 unit 1062
[map_1] perf_8g_10_200_63_1783935424428 enter map 1 unit 1063
[map_1] perf_8g_10_200_64_1783935424429 enter map 1 unit 1064
[map_1] perf_8g_10_200_65_1783935424430 enter map 1 unit 1065
[map_1] perf_8g_10_200_66_1783935424430 enter map 1 unit 1066
[map_1] perf_8g_10_200_67_1783935424431 enter map 1 unit 1067
[map_1] perf_8g_10_200_68_1783935424433 enter map 1 unit 1068
[map_1] perf_8g_10_200_69_1783935424434 enter map 1 unit 1069
[map_1] perf_8g_10_200_70_1783935424440 enter map 1 unit 1070
[map_1] perf_8g_10_200_71_1783935424441 enter map 1 unit 1071
[map_1] perf_8g_10_200_72_1783935424442 enter map 1 unit 1072
[map_1] perf_8g_10_200_73_1783935424443 enter map 1 unit 1073
[map_1] perf_8g_10_200_74_1783935424444 enter map 1 unit 1074
[map_1] perf_8g_10_200_75_1783935424446 enter map 1 unit 1075
[map_1] perf_8g_10_200_76_1783935424447 enter map 1 unit 1076
[map_1] perf_8g_10_200_77_1783935424447 enter map 1 unit 1077
[map_1] perf_8g_10_200_79_1783935424450 enter map 1 unit 1079
[map_1] perf_8g_10_200_78_1783935424448 enter map 1 unit 1078
[map_1] perf_8g_10_200_80_1783935424453 enter map 1 unit 1080
[map_1] perf_8g_10_200_83_1783935424455 enter map 1 unit 1083
[map_1] perf_8g_10_200_81_1783935424453 enter map 1 unit 1081
[map_1] perf_8g_10_200_82_1783935424454 enter map 1 unit 1082
[map_1] perf_8g_10_200_84_1783935424456 enter map 1 unit 1084
[map_1] perf_8g_10_200_85_1783935424457 enter map 1 unit 1085
[map_1] perf_8g_10_200_86_1783935424465 enter map 1 unit 1086
[map_1] perf_8g_10_200_87_1783935424465 enter map 1 unit 1087
[map_1] perf_8g_10_200_90_1783935424467 enter map 1 unit 1088
[map_1] perf_8g_10_200_88_1783935424466 enter map 1 unit 1091
[map_1] perf_8g_10_200_91_1783935424468 enter map 1 unit 1089
[map_1] perf_8g_10_200_89_1783935424467 enter map 1 unit 1090
[map_1] perf_8g_10_200_92_1783935424473 enter map 1 unit 1092
[map_1] perf_8g_10_200_93_1783935424476 enter map 1 unit 1093
[map_1] perf_8g_10_200_94_1783935424476 enter map 1 unit 1094
[map_1] perf_8g_10_200_95_1783935424477 enter map 1 unit 1095
[map_1] perf_8g_10_200_96_1783935424481 enter map 1 unit 1096
[map_1] perf_8g_10_200_97_1783935424481 enter map 1 unit 1097
[map_1] perf_8g_10_200_98_1783935424481 enter map 1 unit 1098
[map_1] perf_8g_10_200_99_1783935424481 enter map 1 unit 1099
[map_1] perf_8g_10_200_100_1783935424484 enter map 1 unit 1100
[map_1] perf_8g_10_200_101_1783935424484 enter map 1 unit 1101
[map_1] perf_8g_10_200_102_1783935424488 enter map 1 unit 1102
[map_1] perf_8g_10_200_103_1783935424489 enter map 1 unit 1103
[map_1] perf_8g_10_200_104_1783935424493 enter map 1 unit 1104
[map_1] perf_8g_10_200_105_1783935424493 enter map 1 unit 1105
[map_1] perf_8g_10_200_107_1783935424494 enter map 1 unit 1107
[map_1] perf_8g_10_200_106_1783935424494 enter map 1 unit 1106
[map_1] perf_8g_10_200_108_1783935424497 enter map 1 unit 1108
[map_1] perf_8g_10_200_111_1783935424499 enter map 1 unit 1111
[map_1] perf_8g_10_200_109_1783935424498 enter map 1 unit 1109
[map_1] perf_8g_10_200_110_1783935424498 enter map 1 unit 1110
[map_1] perf_8g_10_200_112_1783935424505 enter map 1 unit 1112
[map_1] perf_8g_10_200_113_1783935424508 enter map 1 unit 1113
[map_1] perf_8g_10_200_114_1783935424510 enter map 1 unit 1114
[map_1] perf_8g_10_200_116_1783935424513 enter map 1 unit 1117
[map_1] perf_8g_10_200_115_1783935424510 enter map 1 unit 1115
[map_1] perf_8g_10_200_119_1783935424516 enter map 1 unit 1116
[map_1] perf_8g_10_200_118_1783935424514 enter map 1 unit 1118
[map_1] perf_8g_10_200_121_1783935424523 enter map 1 unit 1121
[map_1] perf_8g_10_200_117_1783935424513 enter map 1 unit 1119
[map_1] perf_8g_10_200_120_1783935424519 enter map 1 unit 1120
[map_1] perf_8g_10_200_122_1783935424524 enter map 1 unit 1122
[map_1] perf_8g_10_200_127_1783935424530 enter map 1 unit 1125
[map_1] perf_8g_10_200_123_1783935424524 enter map 1 unit 1123
[map_1] perf_8g_10_200_124_1783935424528 enter map 1 unit 1124
[map_1] perf_8g_10_200_129_1783935424532 enter map 1 unit 1126
[map_1] perf_8g_10_200_126_1783935424529 enter map 1 unit 1129
[map_1] perf_8g_10_200_128_1783935424531 enter map 1 unit 1127
[map_1] perf_8g_10_200_125_1783935424529 enter map 1 unit 1128
[map_1] perf_8g_10_200_132_1783935424537 enter map 1 unit 1130
[map_1] perf_8g_10_200_135_1783935424543 enter map 1 unit 1133
[map_1] perf_8g_10_200_131_1783935424536 enter map 1 unit 1131
[map_1] perf_8g_10_200_130_1783935424536 enter map 1 unit 1132
[map_1] perf_8g_10_200_133_1783935424538 enter map 1 unit 1134
[map_1] perf_8g_10_200_134_1783935424542 enter map 1 unit 1137
[map_1] perf_8g_10_200_137_1783935424544 enter map 1 unit 1135
[map_1] perf_8g_10_200_136_1783935424543 enter map 1 unit 1136
[map_1] perf_8g_10_200_143_1783935424555 enter map 1 unit 1138
[map_1] perf_8g_10_200_138_1783935424548 enter map 1 unit 1141
[map_1] perf_8g_10_200_140_1783935424549 enter map 1 unit 1139
[map_1] perf_8g_10_200_139_1783935424549 enter map 1 unit 1140
[map_1] perf_8g_10_200_144_1783935424556 enter map 1 unit 1142
[map_1] perf_8g_10_200_141_1783935424550 enter map 1 unit 1145
[map_1] perf_8g_10_200_142_1783935424554 enter map 1 unit 1143
[map_1] perf_8g_10_200_145_1783935424559 enter map 1 unit 1144
[map_1] perf_8g_10_200_148_1783935424561 enter map 1 unit 1146
[map_1] perf_8g_10_200_151_1783935424566 enter map 1 unit 1149
[map_1] perf_8g_10_200_147_1783935424560 enter map 1 unit 1147
[map_1] perf_8g_10_200_146_1783935424560 enter map 1 unit 1148
[map_1] perf_8g_10_200_153_1783935424567 enter map 1 unit 1150
[map_1] perf_8g_10_200_152_1783935424567 enter map 1 unit 1153
[map_1] perf_8g_10_200_149_1783935424565 enter map 1 unit 1151
[map_1] perf_8g_10_200_157_1783935424573 enter map 1 unit 1152
[map_1] perf_8g_10_200_154_1783935424571 enter map 1 unit 1154
[map_1] perf_8g_10_200_155_1783935424572 enter map 1 unit 1157
[map_1] perf_8g_10_200_156_1783935424573 enter map 1 unit 1155
[map_1] perf_8g_10_200_159_1783935424578 enter map 1 unit 1156
[map_1] perf_8g_10_200_150_1783935424566 enter map 1 unit 1158
[map_1] perf_8g_10_200_160_1783935424578 enter map 1 unit 1161
[map_1] perf_8g_10_200_158_1783935424577 enter map 1 unit 1159
[map_1] perf_8g_10_200_161_1783935424579 enter map 1 unit 1160
[map_1] perf_8g_10_200_163_1783935424584 enter map 1 unit 1162
[map_1] perf_8g_10_200_162_1783935424584 enter map 1 unit 1165
[map_1] perf_8g_10_200_167_1783935424592 enter map 1 unit 1163
[map_1] perf_8g_10_200_164_1783935424585 enter map 1 unit 1164
[map_1] perf_8g_10_200_165_1783935424585 enter map 1 unit 1166
[map_1] perf_8g_10_200_171_1783935424598 enter map 1 unit 1169
[map_1] perf_8g_10_200_166_1783935424591 enter map 1 unit 1167
[map_1] perf_8g_10_200_168_1783935424593 enter map 1 unit 1168
[map_1] perf_8g_10_200_170_1783935424597 enter map 1 unit 1170
[map_1] perf_8g_10_200_175_1783935424605 enter map 1 unit 1173
[map_1] perf_8g_10_200_169_1783935424597 enter map 1 unit 1171
[map_1] perf_8g_10_200_172_1783935424599 enter map 1 unit 1172
[map_1] perf_8g_10_200_174_1783935424604 enter map 1 unit 1174
[map_1] perf_8g_10_200_176_1783935424606 enter map 1 unit 1177
[map_1] perf_8g_10_200_177_1783935424606 enter map 1 unit 1175
[map_1] perf_8g_10_200_173_1783935424604 enter map 1 unit 1176
[map_1] perf_8g_10_200_180_1783935424612 enter map 1 unit 1178
[map_1] perf_8g_10_200_178_1783935424611 enter map 1 unit 1181
[map_1] perf_8g_10_200_182_1783935424618 enter map 1 unit 1179
[map_1] perf_8g_10_200_179_1783935424611 enter map 1 unit 1180
[map_1] perf_8g_10_200_181_1783935424612 enter map 1 unit 1182
[map_1] perf_8g_10_200_184_1783935424619 enter map 1 unit 1185
[map_1] perf_8g_10_200_185_1783935424620 enter map 1 unit 1183
[map_1] perf_8g_10_200_183_1783935424618 enter map 1 unit 1184
[map_1] perf_8g_10_200_186_1783935424625 enter map 1 unit 1186
[map_1] perf_8g_10_200_191_1783935424634 enter map 1 unit 1189
[map_1] perf_8g_10_200_188_1783935424627 enter map 1 unit 1187
[map_1] perf_8g_10_200_187_1783935424626 enter map 1 unit 1188
[map_1] perf_8g_10_200_192_1783935424634 enter map 1 unit 1190
[map_1] perf_8g_10_200_190_1783935424633 enter map 1 unit 1193
[map_1] perf_8g_10_200_194_1783935424642 enter map 1 unit 1192
[map_1] perf_8g_10_200_189_1783935424627 enter map 1 unit 1191
[map_1] perf_8g_10_200_199_1783935424650 enter map 1 unit 1194
[map_1] perf_8g_10_200_195_1783935424643 enter map 1 unit 1197
[map_1] perf_8g_10_200_196_1783935424643 enter map 1 unit 1195
[map_1] perf_8g_10_200_193_1783935424641 enter map 1 unit 1196
[map_1] perf_8g_10_200_198_1783935424649 enter map 1 unit 1198
[map_1] perf_8g_10_200_197_1783935424648 enter map 1 unit 1199
[metrics:inner_transport] active=8 opened=8 pending=0 max_pending=0 overloads=0 timeouts=0 disconnected_calls=0 late_responses=0 idle_closes=0
[process-metrics] process=map1 cpu_percent=107.76 cpu_time_ms=5437 rss_bytes=81801216 v8_heap_used_bytes=11525448 v8_heap_total_bytes=38285312 v8_gc_count=62 v8_gc_ms=19.416 timestamp_ms=1783935429106
[metrics:map1] scene=map_1 type=MapHost processed=10025 failed=0 ts_queue=0 ts_max_queue=146 rust_queue=175 rust_max_queue=175 backpressure=0 slow_disconnects=0 update_ms=0.00 handler_ms=0.00 max_handler_ms=25.00 total_handler_ms=21618.00
[metrics:inner_transport] active=8 opened=8 pending=0 max_pending=0 overloads=0 timeouts=0 disconnected_calls=0 late_responses=0 idle_closes=0
[process-metrics] process=map1 cpu_percent=118.42 cpu_time_ms=11359 rss_bytes=107831296 v8_heap_used_bytes=14027944 v8_heap_total_bytes=62664704 v8_gc_count=91 v8_gc_ms=33.348 timestamp_ms=1783935434107
[metrics:map1] scene=map_1 type=MapHost processed=21028 failed=0 ts_queue=0 ts_max_queue=175 rust_queue=172 rust_max_queue=175 backpressure=0 slow_disconnects=0 update_ms=1.00 handler_ms=1.00 max_handler_ms=50.00 total_handler_ms=71995.00
[metrics:inner_transport] active=8 opened=8 pending=0 max_pending=0 overloads=0 timeouts=0 disconnected_calls=0 late_responses=0 idle_closes=0
[process-metrics] process=map1 cpu_percent=150.52 cpu_time_ms=18890 rss_bytes=112812032 v8_heap_used_bytes=29747528 v8_heap_total_bytes=64499712 v8_gc_count=108 v8_gc_ms=42.354 timestamp_ms=1783935439110
[metrics:map1] scene=map_1 type=MapHost processed=32012 failed=0 ts_queue=0 ts_max_queue=175 rust_queue=188 rust_max_queue=188 backpressure=0 slow_disconnects=0 update_ms=1.00 handler_ms=1.00 max_handler_ms=71.00 total_handler_ms=130666.00
[metrics:inner_transport] active=8 opened=8 pending=0 max_pending=0 overloads=0 timeouts=0 disconnected_calls=0 late_responses=0 idle_closes=0
[process-metrics] process=map1 cpu_percent=141.22 cpu_time_ms=25953 rss_bytes=117751808 v8_heap_used_bytes=17528472 v8_heap_total_bytes=70529024 v8_gc_count=126 v8_gc_ms=53.139 timestamp_ms=1783935444111
[metrics:map1] scene=map_1 type=MapHost processed=42850 failed=0 ts_queue=0 ts_max_queue=188 rust_queue=66 rust_max_queue=188 backpressure=0 slow_disconnects=0 update_ms=0.00 handler_ms=0.00 max_handler_ms=82.00 total_handler_ms=213181.00
[metrics:inner_transport] active=8 opened=8 pending=0 max_pending=0 overloads=0 timeouts=0 disconnected_calls=0 late_responses=0 idle_closes=0
[process-metrics] process=map1 cpu_percent=149.34 cpu_time_ms=33421 rss_bytes=115961856 v8_heap_used_bytes=8711112 v8_heap_total_bytes=70529024 v8_gc_count=145 v8_gc_ms=64.392 timestamp_ms=1783935449112
[metrics:map1] scene=map_1 type=MapHost processed=53838 failed=0 ts_queue=0 ts_max_queue=188 rust_queue=115 rust_max_queue=188 backpressure=0 slow_disconnects=0 update_ms=2.00 handler_ms=2.00 max_handler_ms=82.00 total_handler_ms=263720.00
[metrics:inner_transport] active=8 opened=8 pending=0 max_pending=0 overloads=0 timeouts=0 disconnected_calls=0 late_responses=0 idle_closes=0
[process-metrics] process=map1 cpu_percent=145.01 cpu_time_ms=40671 rss_bytes=117628928 v8_heap_used_bytes=16497104 v8_heap_total_bytes=70529024 v8_gc_count=162 v8_gc_ms=73.362 timestamp_ms=1783935454112
[metrics:map1] scene=map_1 type=MapHost processed=64630 failed=0 ts_queue=0 ts_max_queue=188 rust_queue=155 rust_max_queue=188 backpressure=0 slow_disconnects=0 update_ms=1.00 handler_ms=1.00 max_handler_ms=82.00 total_handler_ms=350809.00
[metrics:inner_transport] active=8 opened=8 pending=0 max_pending=0 overloads=0 timeouts=0 disconnected_calls=0 late_responses=0 idle_closes=0
[process-metrics] process=map1 cpu_percent=154.42 cpu_time_ms=48390 rss_bytes=118153216 v8_heap_used_bytes=18379632 v8_heap_total_bytes=70529024 v8_gc_count=180 v8_gc_ms=83.722 timestamp_ms=1783935459110
[metrics:map1] scene=map_1 type=MapHost processed=75842 failed=0 ts_queue=0 ts_max_queue=188 rust_queue=158 rust_max_queue=188 backpressure=0 slow_disconnects=0 update_ms=4.00 handler_ms=4.00 max_handler_ms=82.00 total_handler_ms=407636.00
[metrics:inner_transport] active=8 opened=8 pending=0 max_pending=0 overloads=0 timeouts=0 disconnected_calls=0 late_responses=0 idle_closes=0
[process-metrics] process=map1 cpu_percent=146.12 cpu_time_ms=55703 rss_bytes=118812672 v8_heap_used_bytes=8595776 v8_heap_total_bytes=70529024 v8_gc_count=198 v8_gc_ms=96.697 timestamp_ms=1783935464115
[metrics:map1] scene=map_1 type=MapHost processed=86843 failed=0 ts_queue=0 ts_max_queue=188 rust_queue=157 rust_max_queue=188 backpressure=0 slow_disconnects=0 update_ms=6.00 handler_ms=5.00 max_handler_ms=82.00 total_handler_ms=469144.00
[map_1] perf_8g_10_200_0_1783935424353 leave map 1 unit 1000
[map_1] perf_8g_10_200_1_1783935424354 leave map 1 unit 1001
[map_1] perf_8g_10_200_2_1783935424354 leave map 1 unit 1004
[map_1] perf_8g_10_200_11_1783935424354 leave map 1 unit 1011
[map_1] perf_8g_10_200_34_1783935424397 leave map 1 unit 1034
[map_1] perf_8g_10_200_33_1783935424392 leave map 1 unit 1033
[map_1] perf_8g_10_200_7_1783935424354 leave map 1 unit 1008
[map_1] perf_8g_10_200_32_1783935424388 leave map 1 unit 1032
[map_1] perf_8g_10_200_5_1783935424354 leave map 1 unit 1010
[map_1] perf_8g_10_200_31_1783935424387 leave map 1 unit 1029
[map_1] perf_8g_10_200_3_1783935424354 leave map 1 unit 1002
[map_1] perf_8g_10_200_30_1783935424387 leave map 1 unit 1028
[map_1] perf_8g_10_200_4_1783935424354 leave map 1 unit 1003
[map_1] perf_8g_10_200_29_1783935424387 leave map 1 unit 1030
[map_1] perf_8g_10_200_12_1783935424354 leave map 1 unit 1012
[map_1] perf_8g_10_200_28_1783935424387 leave map 1 unit 1025
[map_1] perf_8g_10_200_6_1783935424354 leave map 1 unit 1005
[map_1] perf_8g_10_200_27_1783935424387 leave map 1 unit 1031
[map_1] perf_8g_10_200_14_1783935424354 leave map 1 unit 1014
[map_1] perf_8g_10_200_26_1783935424386 leave map 1 unit 1024
[map_1] perf_8g_10_200_13_1783935424354 leave map 1 unit 1013
[map_1] perf_8g_10_200_25_1783935424386 leave map 1 unit 1026
[map_1] perf_8g_10_200_17_1783935424381 leave map 1 unit 1017
[map_1] perf_8g_10_200_23_1783935424386 leave map 1 unit 1022
[map_1] perf_8g_10_200_24_1783935424386 leave map 1 unit 1027
[map_1] perf_8g_10_200_18_1783935424383 leave map 1 unit 1018
[map_1] perf_8g_10_200_16_1783935424379 leave map 1 unit 1016
[map_1] perf_8g_10_200_22_1783935424385 leave map 1 unit 1023
[map_1] perf_8g_10_200_21_1783935424385 leave map 1 unit 1021
[map_1] perf_8g_10_200_9_1783935424354 leave map 1 unit 1015
[map_1] perf_8g_10_200_19_1783935424383 leave map 1 unit 1019
[map_1] perf_8g_10_200_8_1783935424354 leave map 1 unit 1009
[map_1] perf_8g_10_200_15_1783935424354 leave map 1 unit 1006
[map_1] perf_8g_10_200_20_1783935424385 leave map 1 unit 1020
[map_1] perf_8g_10_200_10_1783935424354 leave map 1 unit 1007
[map_1] perf_8g_10_200_199_1783935424650 leave map 1 unit 1194
[map_1] perf_8g_10_200_197_1783935424648 leave map 1 unit 1199
[map_1] perf_8g_10_200_194_1783935424642 leave map 1 unit 1192
[map_1] perf_8g_10_200_196_1783935424643 leave map 1 unit 1195
[map_1] perf_8g_10_200_198_1783935424649 leave map 1 unit 1198
[map_1] perf_8g_10_200_195_1783935424643 leave map 1 unit 1197
[map_1] perf_8g_10_200_193_1783935424641 leave map 1 unit 1196
[map_1] perf_8g_10_200_192_1783935424634 leave map 1 unit 1190
[map_1] perf_8g_10_200_191_1783935424634 leave map 1 unit 1189
[map_1] perf_8g_10_200_190_1783935424633 leave map 1 unit 1193
[map_1] perf_8g_10_200_189_1783935424627 leave map 1 unit 1191
[map_1] perf_8g_10_200_188_1783935424627 leave map 1 unit 1187
[map_1] perf_8g_10_200_187_1783935424626 leave map 1 unit 1188
[map_1] perf_8g_10_200_186_1783935424625 leave map 1 unit 1186
[map_1] perf_8g_10_200_185_1783935424620 leave map 1 unit 1183
[map_1] perf_8g_10_200_184_1783935424619 leave map 1 unit 1185
[map_1] perf_8g_10_200_35_1783935424398 leave map 1 unit 1035
[map_1] perf_8g_10_200_183_1783935424618 leave map 1 unit 1184
[map_1] perf_8g_10_200_182_1783935424618 leave map 1 unit 1179
[map_1] perf_8g_10_200_181_1783935424612 leave map 1 unit 1182
[map_1] perf_8g_10_200_180_1783935424612 leave map 1 unit 1178
[map_1] perf_8g_10_200_179_1783935424611 leave map 1 unit 1180
[map_1] perf_8g_10_200_178_1783935424611 leave map 1 unit 1181
[map_1] perf_8g_10_200_177_1783935424606 leave map 1 unit 1175
[map_1] perf_8g_10_200_37_1783935424402 leave map 1 unit 1037
[map_1] perf_8g_10_200_176_1783935424606 leave map 1 unit 1177
[map_1] perf_8g_10_200_174_1783935424604 leave map 1 unit 1174
[map_1] perf_8g_10_200_175_1783935424605 leave map 1 unit 1173
[map_1] perf_8g_10_200_173_1783935424604 leave map 1 unit 1176
[map_1] perf_8g_10_200_171_1783935424598 leave map 1 unit 1169
[map_1] perf_8g_10_200_38_1783935424404 leave map 1 unit 1038
[map_1] perf_8g_10_200_172_1783935424599 leave map 1 unit 1172
[map_1] perf_8g_10_200_170_1783935424597 leave map 1 unit 1170
[map_1] perf_8g_10_200_169_1783935424597 leave map 1 unit 1171
[map_1] perf_8g_10_200_167_1783935424592 leave map 1 unit 1163
[map_1] perf_8g_10_200_168_1783935424593 leave map 1 unit 1168
[map_1] perf_8g_10_200_166_1783935424591 leave map 1 unit 1167
[map_1] perf_8g_10_200_162_1783935424584 leave map 1 unit 1165
[map_1] perf_8g_10_200_165_1783935424585 leave map 1 unit 1166
[map_1] perf_8g_10_200_36_1783935424401 leave map 1 unit 1036
[map_1] perf_8g_10_200_163_1783935424584 leave map 1 unit 1162
[map_1] perf_8g_10_200_164_1783935424585 leave map 1 unit 1164
[map_1] perf_8g_10_200_161_1783935424579 leave map 1 unit 1160
[map_1] perf_8g_10_200_39_1783935424404 leave map 1 unit 1040
[map_1] perf_8g_10_200_160_1783935424578 leave map 1 unit 1161
[map_1] perf_8g_10_200_159_1783935424578 leave map 1 unit 1156
[map_1] perf_8g_10_200_158_1783935424577 leave map 1 unit 1159
[map_1] perf_8g_10_200_40_1783935424404 leave map 1 unit 1039
[map_1] perf_8g_10_200_157_1783935424573 leave map 1 unit 1152
[map_1] perf_8g_10_200_155_1783935424572 leave map 1 unit 1157
[map_1] perf_8g_10_200_156_1783935424573 leave map 1 unit 1155
[map_1] perf_8g_10_200_41_1783935424405 leave map 1 unit 1041
[map_1] perf_8g_10_200_152_1783935424567 leave map 1 unit 1153
[map_1] perf_8g_10_200_154_1783935424571 leave map 1 unit 1154
[map_1] perf_8g_10_200_153_1783935424567 leave map 1 unit 1150
[map_1] perf_8g_10_200_45_1783935424408 leave map 1 unit 1045
[map_1] perf_8g_10_200_151_1783935424566 leave map 1 unit 1149
[map_1] perf_8g_10_200_150_1783935424566 leave map 1 unit 1158
[map_1] perf_8g_10_200_148_1783935424561 leave map 1 unit 1146
[map_1] perf_8g_10_200_149_1783935424565 leave map 1 unit 1151
[map_1] perf_8g_10_200_146_1783935424560 leave map 1 unit 1148
[map_1] perf_8g_10_200_42_1783935424406 leave map 1 unit 1042
[map_1] perf_8g_10_200_147_1783935424560 leave map 1 unit 1147
[map_1] perf_8g_10_200_145_1783935424559 leave map 1 unit 1144
[map_1] perf_8g_10_200_44_1783935424407 leave map 1 unit 1044
[map_1] perf_8g_10_200_144_1783935424556 leave map 1 unit 1142
[map_1] perf_8g_10_200_142_1783935424554 leave map 1 unit 1143
[map_1] perf_8g_10_200_143_1783935424555 leave map 1 unit 1138
[map_1] perf_8g_10_200_43_1783935424406 leave map 1 unit 1043
[map_1] perf_8g_10_200_141_1783935424550 leave map 1 unit 1145
[map_1] perf_8g_10_200_140_1783935424549 leave map 1 unit 1139
[map_1] perf_8g_10_200_46_1783935424409 leave map 1 unit 1046
[map_1] perf_8g_10_200_138_1783935424548 leave map 1 unit 1141
[map_1] perf_8g_10_200_139_1783935424549 leave map 1 unit 1140
[map_1] perf_8g_10_200_47_1783935424409 leave map 1 unit 1047
[map_1] perf_8g_10_200_137_1783935424544 leave map 1 unit 1135
[map_1] perf_8g_10_200_136_1783935424543 leave map 1 unit 1136
[map_1] perf_8g_10_200_48_1783935424410 leave map 1 unit 1048
[map_1] perf_8g_10_200_135_1783935424543 leave map 1 unit 1133
[map_1] perf_8g_10_200_134_1783935424542 leave map 1 unit 1137
[map_1] perf_8g_10_200_133_1783935424538 leave map 1 unit 1134
[map_1] perf_8g_10_200_132_1783935424537 leave map 1 unit 1130
[map_1] perf_8g_10_200_50_1783935424410 leave map 1 unit 1050
[map_1] perf_8g_10_200_131_1783935424536 leave map 1 unit 1131
[map_1] perf_8g_10_200_130_1783935424536 leave map 1 unit 1132
[map_1] perf_8g_10_200_49_1783935424410 leave map 1 unit 1049
[map_1] perf_8g_10_200_129_1783935424532 leave map 1 unit 1126
[map_1] perf_8g_10_200_128_1783935424531 leave map 1 unit 1127
[map_1] perf_8g_10_200_51_1783935424411 leave map 1 unit 1051
[map_1] perf_8g_10_200_127_1783935424530 leave map 1 unit 1125
[map_1] perf_8g_10_200_52_1783935424415 leave map 1 unit 1052
[map_1] perf_8g_10_200_126_1783935424529 leave map 1 unit 1129
[map_1] perf_8g_10_200_125_1783935424529 leave map 1 unit 1128
[map_1] perf_8g_10_200_54_1783935424421 leave map 1 unit 1054
[map_1] perf_8g_10_200_124_1783935424528 leave map 1 unit 1124
[map_1] perf_8g_10_200_123_1783935424524 leave map 1 unit 1123
[map_1] perf_8g_10_200_53_1783935424416 leave map 1 unit 1053
[map_1] perf_8g_10_200_122_1783935424524 leave map 1 unit 1122
[map_1] perf_8g_10_200_55_1783935424422 leave map 1 unit 1055
[map_1] perf_8g_10_200_121_1783935424523 leave map 1 unit 1121
[map_1] perf_8g_10_200_120_1783935424519 leave map 1 unit 1120
[map_1] perf_8g_10_200_56_1783935424422 leave map 1 unit 1056
[map_1] perf_8g_10_200_119_1783935424516 leave map 1 unit 1116
[map_1] perf_8g_10_200_118_1783935424514 leave map 1 unit 1118
[map_1] perf_8g_10_200_58_1783935424424 leave map 1 unit 1058
[map_1] perf_8g_10_200_117_1783935424513 leave map 1 unit 1119
[map_1] perf_8g_10_200_116_1783935424513 leave map 1 unit 1117
[map_1] perf_8g_10_200_115_1783935424510 leave map 1 unit 1115
[map_1] perf_8g_10_200_57_1783935424423 leave map 1 unit 1057
[map_1] perf_8g_10_200_114_1783935424510 leave map 1 unit 1114
[map_1] perf_8g_10_200_59_1783935424425 leave map 1 unit 1059
[map_1] perf_8g_10_200_112_1783935424505 leave map 1 unit 1112
[map_1] perf_8g_10_200_111_1783935424499 leave map 1 unit 1111
[map_1] perf_8g_10_200_60_1783935424425 leave map 1 unit 1060
[map_1] perf_8g_10_200_113_1783935424508 leave map 1 unit 1113
[map_1] perf_8g_10_200_61_1783935424426 leave map 1 unit 1061
[map_1] perf_8g_10_200_108_1783935424497 leave map 1 unit 1108
[map_1] perf_8g_10_200_105_1783935424493 leave map 1 unit 1105
[map_1] perf_8g_10_200_62_1783935424427 leave map 1 unit 1062
[map_1] perf_8g_10_200_109_1783935424498 leave map 1 unit 1109
[map_1] perf_8g_10_200_63_1783935424428 leave map 1 unit 1063
[map_1] perf_8g_10_200_107_1783935424494 leave map 1 unit 1107
[map_1] perf_8g_10_200_64_1783935424429 leave map 1 unit 1064
[map_1] perf_8g_10_200_110_1783935424498 leave map 1 unit 1110
[map_1] perf_8g_10_200_106_1783935424494 leave map 1 unit 1106
[map_1] perf_8g_10_200_65_1783935424430 leave map 1 unit 1065
[map_1] perf_8g_10_200_102_1783935424488 leave map 1 unit 1102
[map_1] perf_8g_10_200_66_1783935424430 leave map 1 unit 1066
[map_1] perf_8g_10_200_100_1783935424484 leave map 1 unit 1100
[map_1] perf_8g_10_200_67_1783935424431 leave map 1 unit 1067
[map_1] perf_8g_10_200_104_1783935424493 leave map 1 unit 1104
[map_1] perf_8g_10_200_103_1783935424489 leave map 1 unit 1103
[map_1] perf_8g_10_200_68_1783935424433 leave map 1 unit 1068
[map_1] perf_8g_10_200_101_1783935424484 leave map 1 unit 1101
[map_1] perf_8g_10_200_69_1783935424434 leave map 1 unit 1069
[map_1] perf_8g_10_200_99_1783935424481 leave map 1 unit 1099
[map_1] perf_8g_10_200_70_1783935424440 leave map 1 unit 1070
[map_1] perf_8g_10_200_98_1783935424481 leave map 1 unit 1098
[map_1] perf_8g_10_200_97_1783935424481 leave map 1 unit 1097
[map_1] perf_8g_10_200_71_1783935424441 leave map 1 unit 1071
[map_1] perf_8g_10_200_96_1783935424481 leave map 1 unit 1096
[map_1] perf_8g_10_200_72_1783935424442 leave map 1 unit 1072
[map_1] perf_8g_10_200_95_1783935424477 leave map 1 unit 1095
[map_1] perf_8g_10_200_73_1783935424443 leave map 1 unit 1073
[map_1] perf_8g_10_200_94_1783935424476 leave map 1 unit 1094
[map_1] perf_8g_10_200_74_1783935424444 leave map 1 unit 1074
[map_1] perf_8g_10_200_92_1783935424473 leave map 1 unit 1092
[map_1] perf_8g_10_200_75_1783935424446 leave map 1 unit 1075
[map_1] perf_8g_10_200_93_1783935424476 leave map 1 unit 1093
[map_1] perf_8g_10_200_90_1783935424467 leave map 1 unit 1088
[map_1] perf_8g_10_200_76_1783935424447 leave map 1 unit 1076
[map_1] perf_8g_10_200_91_1783935424468 leave map 1 unit 1089
[map_1] perf_8g_10_200_77_1783935424447 leave map 1 unit 1077
[map_1] perf_8g_10_200_89_1783935424467 leave map 1 unit 1090
[map_1] perf_8g_10_200_78_1783935424448 leave map 1 unit 1078
[map_1] perf_8g_10_200_88_1783935424466 leave map 1 unit 1091
[map_1] perf_8g_10_200_79_1783935424450 leave map 1 unit 1079
[map_1] perf_8g_10_200_86_1783935424465 leave map 1 unit 1086
[map_1] perf_8g_10_200_81_1783935424453 leave map 1 unit 1081
[map_1] perf_8g_10_200_80_1783935424453 leave map 1 unit 1080
[map_1] perf_8g_10_200_87_1783935424465 leave map 1 unit 1087
[map_1] perf_8g_10_200_82_1783935424454 leave map 1 unit 1082
[map_1] perf_8g_10_200_85_1783935424457 leave map 1 unit 1085
[map_1] perf_8g_10_200_84_1783935424456 leave map 1 unit 1084
[map_1] perf_8g_10_200_83_1783935424455 leave map 1 unit 1083
