starting process map1 with one V8 and 1 scene(s) from E:\VsCode\skynet\ets_runtime\perf\results\runtime_configs\map_capacity_20260713_093703\200p_8g_r3\map1.json
scene map_1 (MapHost) listening on 127.0.0.1:7301
[process:map1] one V8 started with 1 scene(s)
[map_1] MapHost scene started at 127.0.0.1:7301
map_1 accepted 127.0.0.1:55994 as conn 1
map_1 accepted 127.0.0.1:56052 as conn 2
map_1 accepted 127.0.0.1:56053 as conn 3
map_1 accepted 127.0.0.1:56054 as conn 4
map_1 accepted 127.0.0.1:56055 as conn 5
map_1 accepted 127.0.0.1:56056 as conn 6
[map_1] perf_8g_10_200_0_1783935508504 enter map 1 unit 1000
map_1 accepted 127.0.0.1:56057 as conn 7
map_1 accepted 127.0.0.1:56059 as conn 8
map_1 accepted 127.0.0.1:56058 as conn 9
[map_1] perf_8g_10_200_2_1783935508505 enter map 1 unit 1001
[map_1] perf_8g_10_200_1_1783935508505 enter map 1 unit 1002
[map_1] perf_8g_10_200_5_1783935508505 enter map 1 unit 1003
[map_1] perf_8g_10_200_6_1783935508505 enter map 1 unit 1004
[map_1] perf_8g_10_200_3_1783935508505 enter map 1 unit 1005
[map_1] perf_8g_10_200_9_1783935508506 enter map 1 unit 1006
[map_1] perf_8g_10_200_7_1783935508505 enter map 1 unit 1007
[map_1] perf_8g_10_200_10_1783935508506 enter map 1 unit 1008
[map_1] perf_8g_10_200_14_1783935508506 enter map 1 unit 1009
[map_1] perf_8g_10_200_8_1783935508506 enter map 1 unit 1010
[map_1] perf_8g_10_200_11_1783935508506 enter map 1 unit 1011
[map_1] perf_8g_10_200_12_1783935508506 enter map 1 unit 1012
[map_1] perf_8g_10_200_13_1783935508506 enter map 1 unit 1013
[map_1] perf_8g_10_200_16_1783935508530 enter map 1 unit 1014
[map_1] perf_8g_10_200_17_1783935508533 enter map 1 unit 1015
[map_1] perf_8g_10_200_19_1783935508534 enter map 1 unit 1016
[map_1] perf_8g_10_200_20_1783935508535 enter map 1 unit 1017
[map_1] perf_8g_10_200_21_1783935508535 enter map 1 unit 1018
[map_1] perf_8g_10_200_15_1783935508506 enter map 1 unit 1019
[map_1] perf_8g_10_200_4_1783935508505 enter map 1 unit 1020
[map_1] perf_8g_10_200_24_1783935508536 enter map 1 unit 1021
[map_1] perf_8g_10_200_22_1783935508535 enter map 1 unit 1022
[map_1] perf_8g_10_200_25_1783935508536 enter map 1 unit 1023
[map_1] perf_8g_10_200_27_1783935508537 enter map 1 unit 1024
[map_1] perf_8g_10_200_28_1783935508537 enter map 1 unit 1025
[map_1] perf_8g_10_200_23_1783935508535 enter map 1 unit 1026
[map_1] perf_8g_10_200_29_1783935508543 enter map 1 unit 1027
[map_1] perf_8g_10_200_18_1783935508533 enter map 1 unit 1028
[map_1] perf_8g_10_200_30_1783935508545 enter map 1 unit 1029
[map_1] perf_8g_10_200_26_1783935508536 enter map 1 unit 1030
[map_1] perf_8g_10_200_31_1783935508546 enter map 1 unit 1031
[map_1] perf_8g_10_200_32_1783935508547 enter map 1 unit 1032
[map_1] perf_8g_10_200_33_1783935508548 enter map 1 unit 1033
[map_1] perf_8g_10_200_34_1783935508548 enter map 1 unit 1034
[map_1] perf_8g_10_200_35_1783935508550 enter map 1 unit 1035
[map_1] perf_8g_10_200_36_1783935508551 enter map 1 unit 1036
[map_1] perf_8g_10_200_37_1783935508551 enter map 1 unit 1037
[map_1] perf_8g_10_200_38_1783935508553 enter map 1 unit 1038
[map_1] perf_8g_10_200_39_1783935508553 enter map 1 unit 1039
[map_1] perf_8g_10_200_40_1783935508553 enter map 1 unit 1040
[map_1] perf_8g_10_200_41_1783935508554 enter map 1 unit 1041
[map_1] perf_8g_10_200_42_1783935508554 enter map 1 unit 1042
[map_1] perf_8g_10_200_43_1783935508555 enter map 1 unit 1043
[map_1] perf_8g_10_200_44_1783935508558 enter map 1 unit 1044
[map_1] perf_8g_10_200_45_1783935508560 enter map 1 unit 1045
[map_1] perf_8g_10_200_46_1783935508560 enter map 1 unit 1046
[map_1] perf_8g_10_200_47_1783935508562 enter map 1 unit 1047
[map_1] perf_8g_10_200_48_1783935508563 enter map 1 unit 1048
[map_1] perf_8g_10_200_49_1783935508565 enter map 1 unit 1049
[map_1] perf_8g_10_200_50_1783935508566 enter map 1 unit 1050
[map_1] perf_8g_10_200_51_1783935508570 enter map 1 unit 1051
[map_1] perf_8g_10_200_52_1783935508571 enter map 1 unit 1052
[map_1] perf_8g_10_200_53_1783935508571 enter map 1 unit 1053
[map_1] perf_8g_10_200_54_1783935508572 enter map 1 unit 1054
[map_1] perf_8g_10_200_55_1783935508572 enter map 1 unit 1055
[map_1] perf_8g_10_200_57_1783935508573 enter map 1 unit 1057
[map_1] perf_8g_10_200_56_1783935508573 enter map 1 unit 1056
[map_1] perf_8g_10_200_58_1783935508573 enter map 1 unit 1058
[map_1] perf_8g_10_200_59_1783935508574 enter map 1 unit 1059
[map_1] perf_8g_10_200_60_1783935508579 enter map 1 unit 1060
[map_1] perf_8g_10_200_61_1783935508580 enter map 1 unit 1061
[map_1] perf_8g_10_200_64_1783935508583 enter map 1 unit 1062
[map_1] perf_8g_10_200_62_1783935508581 enter map 1 unit 1063
[map_1] perf_8g_10_200_63_1783935508582 enter map 1 unit 1064
[map_1] perf_8g_10_200_65_1783935508586 enter map 1 unit 1065
[map_1] perf_8g_10_200_66_1783935508587 enter map 1 unit 1066
[map_1] perf_8g_10_200_67_1783935508589 enter map 1 unit 1067
[map_1] perf_8g_10_200_68_1783935508591 enter map 1 unit 1068
[map_1] perf_8g_10_200_69_1783935508591 enter map 1 unit 1069
[map_1] perf_8g_10_200_71_1783935508595 enter map 1 unit 1070
[map_1] perf_8g_10_200_70_1783935508594 enter map 1 unit 1071
[map_1] perf_8g_10_200_73_1783935508596 enter map 1 unit 1073
[map_1] perf_8g_10_200_72_1783935508595 enter map 1 unit 1072
[map_1] perf_8g_10_200_74_1783935508597 enter map 1 unit 1074
[map_1] perf_8g_10_200_78_1783935508601 enter map 1 unit 1078
[map_1] perf_8g_10_200_75_1783935508598 enter map 1 unit 1075
[map_1] perf_8g_10_200_76_1783935508599 enter map 1 unit 1076
[map_1] perf_8g_10_200_77_1783935508599 enter map 1 unit 1077
[map_1] perf_8g_10_200_81_1783935508604 enter map 1 unit 1079
[map_1] perf_8g_10_200_80_1783935508603 enter map 1 unit 1081
[map_1] perf_8g_10_200_79_1783935508602 enter map 1 unit 1080
[map_1] perf_8g_10_200_82_1783935508606 enter map 1 unit 1082
[map_1] perf_8g_10_200_85_1783935508611 enter map 1 unit 1084
[map_1] perf_8g_10_200_84_1783935508610 enter map 1 unit 1083
[map_1] perf_8g_10_200_86_1783935508616 enter map 1 unit 1085
[map_1] perf_8g_10_200_89_1783935508619 enter map 1 unit 1088
[map_1] perf_8g_10_200_83_1783935508609 enter map 1 unit 1086
[map_1] perf_8g_10_200_88_1783935508619 enter map 1 unit 1087
[map_1] perf_8g_10_200_87_1783935508618 enter map 1 unit 1089
[map_1] perf_8g_10_200_92_1783935508624 enter map 1 unit 1091
[map_1] perf_8g_10_200_90_1783935508623 enter map 1 unit 1090
[map_1] perf_8g_10_200_93_1783935508625 enter map 1 unit 1092
[map_1] perf_8g_10_200_94_1783935508625 enter map 1 unit 1093
[map_1] perf_8g_10_200_91_1783935508623 enter map 1 unit 1094
[map_1] perf_8g_10_200_96_1783935508628 enter map 1 unit 1095
[map_1] perf_8g_10_200_97_1783935508629 enter map 1 unit 1096
[map_1] perf_8g_10_200_95_1783935508628 enter map 1 unit 1098
[map_1] perf_8g_10_200_98_1783935508631 enter map 1 unit 1097
[map_1] perf_8g_10_200_100_1783935508632 enter map 1 unit 1099
[map_1] perf_8g_10_200_99_1783935508631 enter map 1 unit 1100
[map_1] perf_8g_10_200_101_1783935508636 enter map 1 unit 1101
[map_1] perf_8g_10_200_102_1783935508639 enter map 1 unit 1102
[map_1] perf_8g_10_200_103_1783935508639 enter map 1 unit 1103
[map_1] perf_8g_10_200_104_1783935508640 enter map 1 unit 1104
[map_1] perf_8g_10_200_105_1783935508644 enter map 1 unit 1105
[map_1] perf_8g_10_200_106_1783935508644 enter map 1 unit 1106
[map_1] perf_8g_10_200_107_1783935508645 enter map 1 unit 1107
[map_1] perf_8g_10_200_108_1783935508647 enter map 1 unit 1108
[map_1] perf_8g_10_200_109_1783935508649 enter map 1 unit 1109
[map_1] perf_8g_10_200_110_1783935508649 enter map 1 unit 1110
[map_1] perf_8g_10_200_111_1783935508651 enter map 1 unit 1111
[map_1] perf_8g_10_200_112_1783935508656 enter map 1 unit 1112
[map_1] perf_8g_10_200_113_1783935508657 enter map 1 unit 1113
[map_1] perf_8g_10_200_114_1783935508658 enter map 1 unit 1114
[map_1] perf_8g_10_200_115_1783935508661 enter map 1 unit 1115
[map_1] perf_8g_10_200_116_1783935508661 enter map 1 unit 1116
[map_1] perf_8g_10_200_117_1783935508664 enter map 1 unit 1117
[map_1] perf_8g_10_200_118_1783935508669 enter map 1 unit 1118
[map_1] perf_8g_10_200_119_1783935508674 enter map 1 unit 1119
[map_1] perf_8g_10_200_120_1783935508675 enter map 1 unit 1120
[map_1] perf_8g_10_200_121_1783935508676 enter map 1 unit 1121
[map_1] perf_8g_10_200_122_1783935508679 enter map 1 unit 1122
[map_1] perf_8g_10_200_123_1783935508681 enter map 1 unit 1123
[map_1] perf_8g_10_200_124_1783935508681 enter map 1 unit 1124
[map_1] perf_8g_10_200_125_1783935508684 enter map 1 unit 1125
[map_1] perf_8g_10_200_126_1783935508686 enter map 1 unit 1126
[map_1] perf_8g_10_200_127_1783935508687 enter map 1 unit 1127
[map_1] perf_8g_10_200_128_1783935508689 enter map 1 unit 1128
[map_1] perf_8g_10_200_129_1783935508695 enter map 1 unit 1129
[map_1] perf_8g_10_200_130_1783935508699 enter map 1 unit 1130
[map_1] perf_8g_10_200_131_1783935508699 enter map 1 unit 1131
[map_1] perf_8g_10_200_132_1783935508702 enter map 1 unit 1132
[map_1] perf_8g_10_200_133_1783935508703 enter map 1 unit 1133
[map_1] perf_8g_10_200_134_1783935508707 enter map 1 unit 1134
[map_1] perf_8g_10_200_135_1783935508711 enter map 1 unit 1135
[map_1] perf_8g_10_200_136_1783935508717 enter map 1 unit 1136
[map_1] perf_8g_10_200_138_1783935508720 enter map 1 unit 1138
[map_1] perf_8g_10_200_137_1783935508718 enter map 1 unit 1137
[map_1] perf_8g_10_200_139_1783935508723 enter map 1 unit 1139
[map_1] perf_8g_10_200_140_1783935508727 enter map 1 unit 1140
[map_1] perf_8g_10_200_141_1783935508727 enter map 1 unit 1141
[map_1] perf_8g_10_200_143_1783935508733 enter map 1 unit 1143
[map_1] perf_8g_10_200_142_1783935508732 enter map 1 unit 1142
[map_1] perf_8g_10_200_145_1783935508738 enter map 1 unit 1144
[map_1] perf_8g_10_200_148_1783935508749 enter map 1 unit 1148
[map_1] perf_8g_10_200_144_1783935508734 enter map 1 unit 1145
[map_1] perf_8g_10_200_147_1783935508749 enter map 1 unit 1147
[map_1] perf_8g_10_200_146_1783935508743 enter map 1 unit 1146
[map_1] perf_8g_10_200_151_1783935508757 enter map 1 unit 1149
[map_1] perf_8g_10_200_150_1783935508755 enter map 1 unit 1151
[map_1] perf_8g_10_200_149_1783935508751 enter map 1 unit 1150
[map_1] perf_8g_10_200_155_1783935508767 enter map 1 unit 1152
[map_1] perf_8g_10_200_152_1783935508762 enter map 1 unit 1156
[map_1] perf_8g_10_200_153_1783935508763 enter map 1 unit 1153
[map_1] perf_8g_10_200_154_1783935508763 enter map 1 unit 1155
[map_1] perf_8g_10_200_156_1783935508767 enter map 1 unit 1154
[map_1] perf_8g_10_200_158_1783935508775 enter map 1 unit 1157
[map_1] perf_8g_10_200_159_1783935508776 enter map 1 unit 1159
[map_1] perf_8g_10_200_157_1783935508774 enter map 1 unit 1158
[map_1] perf_8g_10_200_162_1783935508785 enter map 1 unit 1160
[map_1] perf_8g_10_200_163_1783935508786 enter map 1 unit 1164
[map_1] perf_8g_10_200_160_1783935508784 enter map 1 unit 1161
[map_1] perf_8g_10_200_161_1783935508784 enter map 1 unit 1163
[map_1] perf_8g_10_200_164_1783935508786 enter map 1 unit 1162
[map_1] perf_8g_10_200_165_1783935508790 enter map 1 unit 1165
[map_1] perf_8g_10_200_166_1783935508792 enter map 1 unit 1167
[map_1] perf_8g_10_200_167_1783935508793 enter map 1 unit 1166
[map_1] perf_8g_10_200_171_1783935508804 enter map 1 unit 1168
[map_1] perf_8g_10_200_168_1783935508801 enter map 1 unit 1172
[map_1] perf_8g_10_200_170_1783935508804 enter map 1 unit 1169
[map_1] perf_8g_10_200_169_1783935508803 enter map 1 unit 1171
[map_1] perf_8g_10_200_172_1783935508805 enter map 1 unit 1170
[map_1] perf_8g_10_200_174_1783935508811 enter map 1 unit 1173
[map_1] perf_8g_10_200_173_1783935508810 enter map 1 unit 1175
[map_1] perf_8g_10_200_175_1783935508814 enter map 1 unit 1174
[map_1] perf_8g_10_200_178_1783935508822 enter map 1 unit 1176
[map_1] perf_8g_10_200_176_1783935508820 enter map 1 unit 1180
[map_1] perf_8g_10_200_180_1783935508823 enter map 1 unit 1177
[map_1] perf_8g_10_200_179_1783935508822 enter map 1 unit 1179
[map_1] perf_8g_10_200_177_1783935508821 enter map 1 unit 1178
[map_1] perf_8g_10_200_182_1783935508830 enter map 1 unit 1181
[map_1] perf_8g_10_200_183_1783935508831 enter map 1 unit 1183
[map_1] perf_8g_10_200_181_1783935508829 enter map 1 unit 1182
[map_1] perf_8g_10_200_184_1783935508839 enter map 1 unit 1184
[map_1] perf_8g_10_200_186_1783935508840 enter map 1 unit 1188
[map_1] perf_8g_10_200_185_1783935508840 enter map 1 unit 1185
[map_1] perf_8g_10_200_187_1783935508841 enter map 1 unit 1187
[map_1] perf_8g_10_200_188_1783935508842 enter map 1 unit 1186
[map_1] perf_8g_10_200_191_1783935508849 enter map 1 unit 1189
[map_1] perf_8g_10_200_190_1783935508849 enter map 1 unit 1191
[map_1] perf_8g_10_200_189_1783935508848 enter map 1 unit 1190
[map_1] perf_8g_10_200_194_1783935508862 enter map 1 unit 1192
[map_1] perf_8g_10_200_195_1783935508863 enter map 1 unit 1196
[map_1] perf_8g_10_200_196_1783935508864 enter map 1 unit 1193
[map_1] perf_8g_10_200_192_1783935508860 enter map 1 unit 1195
[map_1] perf_8g_10_200_193_1783935508861 enter map 1 unit 1194
[map_1] perf_8g_10_200_198_1783935508871 enter map 1 unit 1197
[map_1] perf_8g_10_200_199_1783935508871 enter map 1 unit 1199
[map_1] perf_8g_10_200_197_1783935508870 enter map 1 unit 1198
[metrics:inner_transport] active=8 opened=8 pending=0 max_pending=0 overloads=0 timeouts=0 disconnected_calls=0 late_responses=0 idle_closes=0
[process-metrics] process=map1 cpu_percent=134.34 cpu_time_ms=6828 rss_bytes=77918208 v8_heap_used_bytes=11544976 v8_heap_total_bytes=35401728 v8_gc_count=61 v8_gc_ms=20.557 timestamp_ms=1783935513242
[metrics:map1] scene=map_1 type=MapHost processed=9801 failed=0 ts_queue=0 ts_max_queue=119 rust_queue=158 rust_max_queue=158 backpressure=0 slow_disconnects=0 update_ms=0.00 handler_ms=0.00 max_handler_ms=49.00 total_handler_ms=42674.00
[metrics:inner_transport] active=8 opened=8 pending=0 max_pending=0 overloads=0 timeouts=0 disconnected_calls=0 late_responses=0 idle_closes=0
[process-metrics] process=map1 cpu_percent=145.01 cpu_time_ms=14078 rss_bytes=108560384 v8_heap_used_bytes=27129456 v8_heap_total_bytes=61616128 v8_gc_count=83 v8_gc_ms=33.236 timestamp_ms=1783935518242
[metrics:map1] scene=map_1 type=MapHost processed=20704 failed=0 ts_queue=0 ts_max_queue=158 rust_queue=7 rust_max_queue=158 backpressure=0 slow_disconnects=0 update_ms=0.00 handler_ms=0.00 max_handler_ms=60.00 total_handler_ms=131667.00
[metrics:inner_transport] active=8 opened=8 pending=0 max_pending=0 overloads=0 timeouts=0 disconnected_calls=0 late_responses=0 idle_closes=0
[process-metrics] process=map1 cpu_percent=141.50 cpu_time_ms=21156 rss_bytes=109977600 v8_heap_used_bytes=18326096 v8_heap_total_bytes=64237568 v8_gc_count=100 v8_gc_ms=40.810 timestamp_ms=1783935523244
[metrics:map1] scene=map_1 type=MapHost processed=31066 failed=0 ts_queue=0 ts_max_queue=158 rust_queue=91 rust_max_queue=158 backpressure=0 slow_disconnects=0 update_ms=2.00 handler_ms=2.00 max_handler_ms=60.00 total_handler_ms=235534.00
[metrics:inner_transport] active=8 opened=8 pending=0 max_pending=0 overloads=0 timeouts=0 disconnected_calls=0 late_responses=0 idle_closes=0
[process-metrics] process=map1 cpu_percent=142.42 cpu_time_ms=28281 rss_bytes=113491968 v8_heap_used_bytes=32529432 v8_heap_total_bytes=65810432 v8_gc_count=116 v8_gc_ms=50.193 timestamp_ms=1783935528247
[metrics:map1] scene=map_1 type=MapHost processed=41432 failed=0 ts_queue=0 ts_max_queue=158 rust_queue=179 rust_max_queue=179 backpressure=0 slow_disconnects=0 update_ms=4.00 handler_ms=4.00 max_handler_ms=60.00 total_handler_ms=328597.00
[metrics:inner_transport] active=8 opened=8 pending=0 max_pending=0 overloads=0 timeouts=0 disconnected_calls=0 late_responses=0 idle_closes=0
[process-metrics] process=map1 cpu_percent=127.91 cpu_time_ms=34687 rss_bytes=118366208 v8_heap_used_bytes=19056248 v8_heap_total_bytes=72101888 v8_gc_count=133 v8_gc_ms=61.775 timestamp_ms=1783935533255
[metrics:map1] scene=map_1 type=MapHost processed=51664 failed=0 ts_queue=0 ts_max_queue=179 rust_queue=91 rust_max_queue=179 backpressure=0 slow_disconnects=0 update_ms=15.00 handler_ms=15.00 max_handler_ms=90.00 total_handler_ms=466012.00
[metrics:inner_transport] active=8 opened=8 pending=0 max_pending=0 overloads=0 timeouts=0 disconnected_calls=0 late_responses=0 idle_closes=0
[process-metrics] process=map1 cpu_percent=146.91 cpu_time_ms=42031 rss_bytes=119660544 v8_heap_used_bytes=29341368 v8_heap_total_bytes=70266880 v8_gc_count=151 v8_gc_ms=74.937 timestamp_ms=1783935538254
[metrics:map1] scene=map_1 type=MapHost processed=62183 failed=0 ts_queue=0 ts_max_queue=179 rust_queue=87 rust_max_queue=179 backpressure=0 slow_disconnects=0 update_ms=0.00 handler_ms=0.00 max_handler_ms=90.00 total_handler_ms=563561.00
[metrics:inner_transport] active=8 opened=8 pending=0 max_pending=0 overloads=0 timeouts=0 disconnected_calls=0 late_responses=0 idle_closes=0
[process-metrics] process=map1 cpu_percent=137.05 cpu_time_ms=48890 rss_bytes=119791616 v8_heap_used_bytes=33321112 v8_heap_total_bytes=70266880 v8_gc_count=168 v8_gc_ms=85.748 timestamp_ms=1783935543259
[metrics:map1] scene=map_1 type=MapHost processed=72901 failed=0 ts_queue=0 ts_max_queue=179 rust_queue=169 rust_max_queue=179 backpressure=0 slow_disconnects=0 update_ms=4.00 handler_ms=4.00 max_handler_ms=90.00 total_handler_ms=648978.00
[metrics:inner_transport] active=8 opened=8 pending=0 max_pending=0 overloads=0 timeouts=0 disconnected_calls=0 late_responses=0 idle_closes=0
[process-metrics] process=map1 cpu_percent=143.45 cpu_time_ms=56078 rss_bytes=121991168 v8_heap_used_bytes=14738192 v8_heap_total_bytes=75771904 v8_gc_count=187 v8_gc_ms=99.333 timestamp_ms=1783935548270
[metrics:map1] scene=map_1 type=MapHost processed=84429 failed=0 ts_queue=0 ts_max_queue=179 rust_queue=186 rust_max_queue=186 backpressure=0 slow_disconnects=0 update_ms=0.00 handler_ms=0.00 max_handler_ms=90.00 total_handler_ms=727153.00
[map_1] perf_8g_10_200_0_1783935508504 leave map 1 unit 1000
[map_1] perf_8g_10_200_4_1783935508505 leave map 1 unit 1020
[map_1] perf_8g_10_200_2_1783935508505 leave map 1 unit 1001
[map_1] perf_8g_10_200_1_1783935508505 leave map 1 unit 1002
[map_1] perf_8g_10_200_10_1783935508506 leave map 1 unit 1008
[map_1] perf_8g_10_200_11_1783935508506 leave map 1 unit 1011
[map_1] perf_8g_10_200_50_1783935508566 leave map 1 unit 1050
[map_1] perf_8g_10_200_47_1783935508562 leave map 1 unit 1047
[map_1] perf_8g_10_200_17_1783935508533 leave map 1 unit 1015
[map_1] perf_8g_10_200_49_1783935508565 leave map 1 unit 1049
[map_1] perf_8g_10_200_3_1783935508505 leave map 1 unit 1005
[map_1] perf_8g_10_200_48_1783935508563 leave map 1 unit 1048
[map_1] perf_8g_10_200_46_1783935508560 leave map 1 unit 1046
[map_1] perf_8g_10_200_12_1783935508506 leave map 1 unit 1012
[map_1] perf_8g_10_200_44_1783935508558 leave map 1 unit 1044
[map_1] perf_8g_10_200_6_1783935508505 leave map 1 unit 1004
[map_1] perf_8g_10_200_14_1783935508506 leave map 1 unit 1009
[map_1] perf_8g_10_200_43_1783935508555 leave map 1 unit 1043
[map_1] perf_8g_10_200_45_1783935508560 leave map 1 unit 1045
[map_1] perf_8g_10_200_16_1783935508530 leave map 1 unit 1014
[map_1] perf_8g_10_200_42_1783935508554 leave map 1 unit 1042
[map_1] perf_8g_10_200_24_1783935508536 leave map 1 unit 1021
[map_1] perf_8g_10_200_41_1783935508554 leave map 1 unit 1041
[map_1] perf_8g_10_200_9_1783935508506 leave map 1 unit 1006
[map_1] perf_8g_10_200_40_1783935508553 leave map 1 unit 1040
[map_1] perf_8g_10_200_15_1783935508506 leave map 1 unit 1019
[map_1] perf_8g_10_200_36_1783935508551 leave map 1 unit 1036
[map_1] perf_8g_10_200_39_1783935508553 leave map 1 unit 1039
[map_1] perf_8g_10_200_25_1783935508536 leave map 1 unit 1023
[map_1] perf_8g_10_200_35_1783935508550 leave map 1 unit 1035
[map_1] perf_8g_10_200_7_1783935508505 leave map 1 unit 1007
[map_1] perf_8g_10_200_32_1783935508547 leave map 1 unit 1032
[map_1] perf_8g_10_200_38_1783935508553 leave map 1 unit 1038
[map_1] perf_8g_10_200_30_1783935508545 leave map 1 unit 1029
[map_1] perf_8g_10_200_19_1783935508534 leave map 1 unit 1016
[map_1] perf_8g_10_200_37_1783935508551 leave map 1 unit 1037
[map_1] perf_8g_10_200_8_1783935508506 leave map 1 unit 1010
[map_1] perf_8g_10_200_29_1783935508543 leave map 1 unit 1027
[map_1] perf_8g_10_200_33_1783935508548 leave map 1 unit 1033
[map_1] perf_8g_10_200_28_1783935508537 leave map 1 unit 1025
[map_1] perf_8g_10_200_26_1783935508536 leave map 1 unit 1030
[map_1] perf_8g_10_200_20_1783935508535 leave map 1 unit 1017
[map_1] perf_8g_10_200_23_1783935508535 leave map 1 unit 1026
[map_1] perf_8g_10_200_13_1783935508506 leave map 1 unit 1013
[map_1] perf_8g_10_200_18_1783935508533 leave map 1 unit 1028
[map_1] perf_8g_10_200_5_1783935508505 leave map 1 unit 1003
[map_1] perf_8g_10_200_31_1783935508546 leave map 1 unit 1031
[map_1] perf_8g_10_200_22_1783935508535 leave map 1 unit 1022
[map_1] perf_8g_10_200_27_1783935508537 leave map 1 unit 1024
[map_1] perf_8g_10_200_21_1783935508535 leave map 1 unit 1018
[map_1] perf_8g_10_200_34_1783935508548 leave map 1 unit 1034
[map_1] perf_8g_10_200_199_1783935508871 leave map 1 unit 1199
[map_1] perf_8g_10_200_198_1783935508871 leave map 1 unit 1197
[map_1] perf_8g_10_200_197_1783935508870 leave map 1 unit 1198
[map_1] perf_8g_10_200_195_1783935508863 leave map 1 unit 1196
[map_1] perf_8g_10_200_196_1783935508864 leave map 1 unit 1193
[map_1] perf_8g_10_200_194_1783935508862 leave map 1 unit 1192
[map_1] perf_8g_10_200_193_1783935508861 leave map 1 unit 1194
[map_1] perf_8g_10_200_190_1783935508849 leave map 1 unit 1191
[map_1] perf_8g_10_200_192_1783935508860 leave map 1 unit 1195
[map_1] perf_8g_10_200_189_1783935508848 leave map 1 unit 1190
[map_1] perf_8g_10_200_187_1783935508841 leave map 1 unit 1187
[map_1] perf_8g_10_200_191_1783935508849 leave map 1 unit 1189
[map_1] perf_8g_10_200_186_1783935508840 leave map 1 unit 1188
[map_1] perf_8g_10_200_188_1783935508842 leave map 1 unit 1186
[map_1] perf_8g_10_200_184_1783935508839 leave map 1 unit 1184
[map_1] perf_8g_10_200_185_1783935508840 leave map 1 unit 1185
[map_1] perf_8g_10_200_51_1783935508570 leave map 1 unit 1051
[map_1] perf_8g_10_200_183_1783935508831 leave map 1 unit 1183
[map_1] perf_8g_10_200_182_1783935508830 leave map 1 unit 1181
[map_1] perf_8g_10_200_180_1783935508823 leave map 1 unit 1177
[map_1] perf_8g_10_200_181_1783935508829 leave map 1 unit 1182
[map_1] perf_8g_10_200_178_1783935508822 leave map 1 unit 1176
[map_1] perf_8g_10_200_179_1783935508822 leave map 1 unit 1179
[map_1] perf_8g_10_200_176_1783935508820 leave map 1 unit 1180
[map_1] perf_8g_10_200_52_1783935508571 leave map 1 unit 1052
[map_1] perf_8g_10_200_177_1783935508821 leave map 1 unit 1178
[map_1] perf_8g_10_200_175_1783935508814 leave map 1 unit 1174
[map_1] perf_8g_10_200_173_1783935508810 leave map 1 unit 1175
[map_1] perf_8g_10_200_174_1783935508811 leave map 1 unit 1173
[map_1] perf_8g_10_200_172_1783935508805 leave map 1 unit 1170
[map_1] perf_8g_10_200_54_1783935508572 leave map 1 unit 1054
[map_1] perf_8g_10_200_171_1783935508804 leave map 1 unit 1168
[map_1] perf_8g_10_200_170_1783935508804 leave map 1 unit 1169
[map_1] perf_8g_10_200_169_1783935508803 leave map 1 unit 1171
[map_1] perf_8g_10_200_168_1783935508801 leave map 1 unit 1172
[map_1] perf_8g_10_200_53_1783935508571 leave map 1 unit 1053
[map_1] perf_8g_10_200_167_1783935508793 leave map 1 unit 1166
[map_1] perf_8g_10_200_166_1783935508792 leave map 1 unit 1167
[map_1] perf_8g_10_200_165_1783935508790 leave map 1 unit 1165
[map_1] perf_8g_10_200_163_1783935508786 leave map 1 unit 1164
[map_1] perf_8g_10_200_60_1783935508579 leave map 1 unit 1060
[map_1] perf_8g_10_200_164_1783935508786 leave map 1 unit 1162
[map_1] perf_8g_10_200_162_1783935508785 leave map 1 unit 1160
[map_1] perf_8g_10_200_160_1783935508784 leave map 1 unit 1161
[map_1] perf_8g_10_200_55_1783935508572 leave map 1 unit 1055
[map_1] perf_8g_10_200_161_1783935508784 leave map 1 unit 1163
[map_1] perf_8g_10_200_159_1783935508776 leave map 1 unit 1159
[map_1] perf_8g_10_200_158_1783935508775 leave map 1 unit 1157
[map_1] perf_8g_10_200_56_1783935508573 leave map 1 unit 1056
[map_1] perf_8g_10_200_157_1783935508774 leave map 1 unit 1158
[map_1] perf_8g_10_200_156_1783935508767 leave map 1 unit 1154
[map_1] perf_8g_10_200_155_1783935508767 leave map 1 unit 1152
[map_1] perf_8g_10_200_58_1783935508573 leave map 1 unit 1058
[map_1] perf_8g_10_200_154_1783935508763 leave map 1 unit 1155
[map_1] perf_8g_10_200_153_1783935508763 leave map 1 unit 1153
[map_1] perf_8g_10_200_152_1783935508762 leave map 1 unit 1156
[map_1] perf_8g_10_200_59_1783935508574 leave map 1 unit 1059
[map_1] perf_8g_10_200_151_1783935508757 leave map 1 unit 1149
[map_1] perf_8g_10_200_150_1783935508755 leave map 1 unit 1151
[map_1] perf_8g_10_200_149_1783935508751 leave map 1 unit 1150
[map_1] perf_8g_10_200_57_1783935508573 leave map 1 unit 1057
[map_1] perf_8g_10_200_148_1783935508749 leave map 1 unit 1148
[map_1] perf_8g_10_200_147_1783935508749 leave map 1 unit 1147
[map_1] perf_8g_10_200_146_1783935508743 leave map 1 unit 1146
[map_1] perf_8g_10_200_145_1783935508738 leave map 1 unit 1144
[map_1] perf_8g_10_200_143_1783935508733 leave map 1 unit 1143
[map_1] perf_8g_10_200_61_1783935508580 leave map 1 unit 1061
[map_1] perf_8g_10_200_144_1783935508734 leave map 1 unit 1145
[map_1] perf_8g_10_200_142_1783935508732 leave map 1 unit 1142
[map_1] perf_8g_10_200_62_1783935508581 leave map 1 unit 1063
[map_1] perf_8g_10_200_140_1783935508727 leave map 1 unit 1140
[map_1] perf_8g_10_200_141_1783935508727 leave map 1 unit 1141
[map_1] perf_8g_10_200_63_1783935508582 leave map 1 unit 1064
[map_1] perf_8g_10_200_139_1783935508723 leave map 1 unit 1139
[map_1] perf_8g_10_200_136_1783935508717 leave map 1 unit 1136
[map_1] perf_8g_10_200_64_1783935508583 leave map 1 unit 1062
[map_1] perf_8g_10_200_138_1783935508720 leave map 1 unit 1138
[map_1] perf_8g_10_200_137_1783935508718 leave map 1 unit 1137
[map_1] perf_8g_10_200_67_1783935508589 leave map 1 unit 1067
[map_1] perf_8g_10_200_135_1783935508711 leave map 1 unit 1135
[map_1] perf_8g_10_200_134_1783935508707 leave map 1 unit 1134
[map_1] perf_8g_10_200_65_1783935508586 leave map 1 unit 1065
[map_1] perf_8g_10_200_132_1783935508702 leave map 1 unit 1132
[map_1] perf_8g_10_200_133_1783935508703 leave map 1 unit 1133
[map_1] perf_8g_10_200_66_1783935508587 leave map 1 unit 1066
[map_1] perf_8g_10_200_131_1783935508699 leave map 1 unit 1131
[map_1] perf_8g_10_200_130_1783935508699 leave map 1 unit 1130
[map_1] perf_8g_10_200_68_1783935508591 leave map 1 unit 1068
[map_1] perf_8g_10_200_129_1783935508695 leave map 1 unit 1129
[map_1] perf_8g_10_200_128_1783935508689 leave map 1 unit 1128
[map_1] perf_8g_10_200_69_1783935508591 leave map 1 unit 1069
[map_1] perf_8g_10_200_127_1783935508687 leave map 1 unit 1127
[map_1] perf_8g_10_200_126_1783935508686 leave map 1 unit 1126
[map_1] perf_8g_10_200_70_1783935508594 leave map 1 unit 1071
[map_1] perf_8g_10_200_125_1783935508684 leave map 1 unit 1125
[map_1] perf_8g_10_200_71_1783935508595 leave map 1 unit 1070
[map_1] perf_8g_10_200_124_1783935508681 leave map 1 unit 1124
[map_1] perf_8g_10_200_123_1783935508681 leave map 1 unit 1123
[map_1] perf_8g_10_200_74_1783935508597 leave map 1 unit 1074
[map_1] perf_8g_10_200_122_1783935508679 leave map 1 unit 1122
[map_1] perf_8g_10_200_119_1783935508674 leave map 1 unit 1119
[map_1] perf_8g_10_200_72_1783935508595 leave map 1 unit 1072
[map_1] perf_8g_10_200_120_1783935508675 leave map 1 unit 1120
[map_1] perf_8g_10_200_73_1783935508596 leave map 1 unit 1073
[map_1] perf_8g_10_200_121_1783935508676 leave map 1 unit 1121
[map_1] perf_8g_10_200_118_1783935508669 leave map 1 unit 1118
[map_1] perf_8g_10_200_76_1783935508599 leave map 1 unit 1076
[map_1] perf_8g_10_200_117_1783935508664 leave map 1 unit 1117
[map_1] perf_8g_10_200_116_1783935508661 leave map 1 unit 1116
[map_1] perf_8g_10_200_75_1783935508598 leave map 1 unit 1075
[map_1] perf_8g_10_200_77_1783935508599 leave map 1 unit 1077
[map_1] perf_8g_10_200_115_1783935508661 leave map 1 unit 1115
[map_1] perf_8g_10_200_78_1783935508601 leave map 1 unit 1078
[map_1] perf_8g_10_200_114_1783935508658 leave map 1 unit 1114
[map_1] perf_8g_10_200_113_1783935508657 leave map 1 unit 1113
[map_1] perf_8g_10_200_79_1783935508602 leave map 1 unit 1080
[map_1] perf_8g_10_200_112_1783935508656 leave map 1 unit 1112
[map_1] perf_8g_10_200_80_1783935508603 leave map 1 unit 1081
[map_1] perf_8g_10_200_111_1783935508651 leave map 1 unit 1111
[map_1] perf_8g_10_200_110_1783935508649 leave map 1 unit 1110
[map_1] perf_8g_10_200_81_1783935508604 leave map 1 unit 1079
[map_1] perf_8g_10_200_107_1783935508645 leave map 1 unit 1107
[map_1] perf_8g_10_200_82_1783935508606 leave map 1 unit 1082
[map_1] perf_8g_10_200_109_1783935508649 leave map 1 unit 1109
[map_1] perf_8g_10_200_83_1783935508609 leave map 1 unit 1086
[map_1] perf_8g_10_200_108_1783935508647 leave map 1 unit 1108
[map_1] perf_8g_10_200_106_1783935508644 leave map 1 unit 1106
[map_1] perf_8g_10_200_84_1783935508610 leave map 1 unit 1083
[map_1] perf_8g_10_200_104_1783935508640 leave map 1 unit 1104
[map_1] perf_8g_10_200_85_1783935508611 leave map 1 unit 1084
[map_1] perf_8g_10_200_105_1783935508644 leave map 1 unit 1105
[map_1] perf_8g_10_200_103_1783935508639 leave map 1 unit 1103
[map_1] perf_8g_10_200_86_1783935508616 leave map 1 unit 1085
[map_1] perf_8g_10_200_87_1783935508618 leave map 1 unit 1089
[map_1] perf_8g_10_200_102_1783935508639 leave map 1 unit 1102
[map_1] perf_8g_10_200_88_1783935508619 leave map 1 unit 1087
[map_1] perf_8g_10_200_101_1783935508636 leave map 1 unit 1101
[map_1] perf_8g_10_200_90_1783935508623 leave map 1 unit 1090
[map_1] perf_8g_10_200_100_1783935508632 leave map 1 unit 1099
[map_1] perf_8g_10_200_89_1783935508619 leave map 1 unit 1088
[map_1] perf_8g_10_200_99_1783935508631 leave map 1 unit 1100
[map_1] perf_8g_10_200_98_1783935508631 leave map 1 unit 1097
[map_1] perf_8g_10_200_91_1783935508623 leave map 1 unit 1094
[map_1] perf_8g_10_200_97_1783935508629 leave map 1 unit 1096
[map_1] perf_8g_10_200_92_1783935508624 leave map 1 unit 1091
[map_1] perf_8g_10_200_94_1783935508625 leave map 1 unit 1093
[map_1] perf_8g_10_200_93_1783935508625 leave map 1 unit 1092
[map_1] perf_8g_10_200_95_1783935508628 leave map 1 unit 1098
[map_1] perf_8g_10_200_96_1783935508628 leave map 1 unit 1095
