starting process log with one V8 and 1 scene(s) from E:\VsCode\skynet\ets_runtime\perf\results\runtime_configs\map_capacity_20260713_093703\200p_8g_r2\log.json
scene log (Log) listening on 127.0.0.1:7100
[process:log] one V8 started with 1 scene(s)
[log] Log scene started at 127.0.0.1:7100
log accepted 127.0.0.1:49189 as conn 1
log accepted 127.0.0.1:49231 as conn 2
[log] [login_1] perf_8g_10_200_0_1783935466281 login count 1
[log] [login_1] perf_8g_10_200_1_1783935466282 login count 1
[log] [login_1] perf_8g_10_200_2_1783935466282 login count 1
[log] [login_1] perf_8g_10_200_3_1783935466282 login count 1
[log] [login_1] perf_8g_10_200_4_1783935466282 login count 1
[log] [login_1] perf_8g_10_200_5_1783935466282 login count 1
[log] [login_1] perf_8g_10_200_7_1783935466283 login count 1
[log] [login_1] perf_8g_10_200_6_1783935466282 login count 1
[log] [login_1] perf_8g_10_200_8_1783935466283 login count 1
[log] [login_1] perf_8g_10_200_9_1783935466283 login count 1
[log] [login_1] perf_8g_10_200_10_1783935466283 login count 1
[log] [login_1] perf_8g_10_200_11_1783935466283 login count 1
[log] [login_1] perf_8g_10_200_13_1783935466283 login count 1
[log] [login_1] perf_8g_10_200_12_1783935466283 login count 1
[log] [login_1] perf_8g_10_200_14_1783935466283 login count 1
[log] [login_1] perf_8g_10_200_15_1783935466283 login count 1
log accepted 127.0.0.1:49257 as conn 3
[log] [gate_1] perf_8g_10_200_0_1783935466281 enter map_1 as unit 1000
log accepted 127.0.0.1:49266 as conn 4
log accepted 127.0.0.1:49267 as conn 5
log accepted 127.0.0.1:49268 as conn 6
log accepted 127.0.0.1:49269 as conn 7
[log] [gate_6] perf_8g_10_200_5_1783935466282 enter map_1 as unit 1001
log accepted 127.0.0.1:49270 as conn 8
log accepted 127.0.0.1:49271 as conn 9
log accepted 127.0.0.1:49272 as conn 10
[log] [gate_7] perf_8g_10_200_7_1783935466283 enter map_1 as unit 1004
[log] [gate_3] perf_8g_10_200_2_1783935466282 enter map_1 as unit 1007
[log] [gate_2] perf_8g_10_200_1_1783935466282 enter map_1 as unit 1003
[log] [gate_8] perf_8g_10_200_6_1783935466282 enter map_1 as unit 1006
[log] [gate_5] perf_8g_10_200_4_1783935466282 enter map_1 as unit 1005
[log] [gate_4] perf_8g_10_200_3_1783935466282 enter map_1 as unit 1002
[log] [login_1] perf_8g_10_200_16_1783935466306 login count 1
[log] [gate_1] perf_8g_10_200_8_1783935466283 enter map_1 as unit 1008
[log] [gate_6] perf_8g_10_200_12_1783935466283 enter map_1 as unit 1009
[log] [login_1] perf_8g_10_200_17_1783935466309 login count 1
[log] [gate_2] perf_8g_10_200_9_1783935466283 enter map_1 as unit 1010
[log] [gate_8] perf_8g_10_200_15_1783935466283 enter map_1 as unit 1012
[log] [gate_4] perf_8g_10_200_11_1783935466283 enter map_1 as unit 1011
[log] [gate_7] perf_8g_10_200_14_1783935466283 enter map_1 as unit 1015
[log] [gate_3] perf_8g_10_200_10_1783935466283 enter map_1 as unit 1013
[log] [gate_5] perf_8g_10_200_13_1783935466283 enter map_1 as unit 1014
[log] [gate_1] perf_8g_10_200_16_1783935466306 enter map_1 as unit 1016
[log] [login_1] perf_8g_10_200_18_1783935466310 login count 1
[log] [login_1] perf_8g_10_200_19_1783935466311 login count 1
[log] [gate_2] perf_8g_10_200_17_1783935466309 enter map_1 as unit 1017
[log] [login_1] perf_8g_10_200_20_1783935466312 login count 1
[log] [login_1] perf_8g_10_200_21_1783935466312 login count 1
[log] [login_1] perf_8g_10_200_22_1783935466313 login count 1
[log] [login_1] perf_8g_10_200_23_1783935466313 login count 1
[log] [login_1] perf_8g_10_200_24_1783935466313 login count 1
[log] [login_1] perf_8g_10_200_25_1783935466314 login count 1
[log] [login_1] perf_8g_10_200_26_1783935466314 login count 1
[log] [login_1] perf_8g_10_200_27_1783935466314 login count 1
[log] [login_1] perf_8g_10_200_28_1783935466314 login count 1
[log] [login_1] perf_8g_10_200_29_1783935466315 login count 1
[log] [login_1] perf_8g_10_200_30_1783935466315 login count 1
[log] [gate_4] perf_8g_10_200_19_1783935466311 enter map_1 as unit 1018
[log] [gate_3] perf_8g_10_200_18_1783935466310 enter map_1 as unit 1019
[log] [login_1] perf_8g_10_200_31_1783935466316 login count 1
[log] [login_1] perf_8g_10_200_32_1783935466316 login count 1
[log] [login_1] perf_8g_10_200_33_1783935466317 login count 1
[log] [gate_5] perf_8g_10_200_20_1783935466312 enter map_1 as unit 1020
[log] [gate_6] perf_8g_10_200_21_1783935466312 enter map_1 as unit 1021
[log] [gate_7] perf_8g_10_200_22_1783935466313 enter map_1 as unit 1022
[log] [login_1] perf_8g_10_200_35_1783935466325 login count 1
[log] [gate_1] perf_8g_10_200_24_1783935466313 enter map_1 as unit 1024
[log] [gate_4] perf_8g_10_200_27_1783935466314 enter map_1 as unit 1025
[log] [gate_3] perf_8g_10_200_26_1783935466314 enter map_1 as unit 1026
[log] [gate_8] perf_8g_10_200_23_1783935466313 enter map_1 as unit 1023
[log] [login_1] perf_8g_10_200_34_1783935466324 login count 1
[log] [login_1] perf_8g_10_200_36_1783935466327 login count 1
[log] [gate_2] perf_8g_10_200_25_1783935466314 enter map_1 as unit 1027
[log] [gate_5] perf_8g_10_200_28_1783935466314 enter map_1 as unit 1028
[log] [gate_7] perf_8g_10_200_30_1783935466315 enter map_1 as unit 1029
[log] [login_1] perf_8g_10_200_37_1783935466329 login count 1
[log] [gate_6] perf_8g_10_200_29_1783935466315 enter map_1 as unit 1030
[log] [gate_1] perf_8g_10_200_32_1783935466316 enter map_1 as unit 1031
[log] [gate_2] perf_8g_10_200_33_1783935466317 enter map_1 as unit 1033
[log] [gate_8] perf_8g_10_200_31_1783935466316 enter map_1 as unit 1032
[log] [login_1] perf_8g_10_200_38_1783935466331 login count 1
[log] [gate_3] perf_8g_10_200_35_1783935466325 enter map_1 as unit 1034
[log] [gate_4] perf_8g_10_200_34_1783935466324 enter map_1 as unit 1035
[log] [login_1] perf_8g_10_200_39_1783935466331 login count 1
[log] [login_1] perf_8g_10_200_40_1783935466331 login count 1
[log] [gate_5] perf_8g_10_200_36_1783935466327 enter map_1 as unit 1036
[log] [login_1] perf_8g_10_200_41_1783935466333 login count 1
[log] [login_1] perf_8g_10_200_42_1783935466333 login count 1
[log] [gate_6] perf_8g_10_200_37_1783935466329 enter map_1 as unit 1037
[log] [login_1] perf_8g_10_200_43_1783935466333 login count 1
[log] [login_1] perf_8g_10_200_44_1783935466335 login count 1
[log] [login_1] perf_8g_10_200_45_1783935466335 login count 1
[log] [login_1] perf_8g_10_200_46_1783935466336 login count 1
[log] [login_1] perf_8g_10_200_47_1783935466337 login count 1
[log] [login_1] perf_8g_10_200_48_1783935466337 login count 1
[log] [login_1] perf_8g_10_200_49_1783935466338 login count 1
[log] [gate_7] perf_8g_10_200_38_1783935466331 enter map_1 as unit 1038
[log] [login_1] perf_8g_10_200_50_1783935466338 login count 1
[log] [login_1] perf_8g_10_200_51_1783935466338 login count 1
[log] [gate_1] perf_8g_10_200_40_1783935466331 enter map_1 as unit 1040
[log] [gate_8] perf_8g_10_200_39_1783935466331 enter map_1 as unit 1039
[log] [gate_3] perf_8g_10_200_42_1783935466333 enter map_1 as unit 1041
[log] [login_1] perf_8g_10_200_52_1783935466339 login count 1
[log] [gate_2] perf_8g_10_200_41_1783935466333 enter map_1 as unit 1042
[log] [gate_4] perf_8g_10_200_43_1783935466333 enter map_1 as unit 1043
[log] [login_1] perf_8g_10_200_53_1783935466341 login count 1
[log] [gate_5] perf_8g_10_200_44_1783935466335 enter map_1 as unit 1044
[log] [gate_6] perf_8g_10_200_45_1783935466335 enter map_1 as unit 1045
[log] [gate_7] perf_8g_10_200_46_1783935466336 enter map_1 as unit 1046
[log] [gate_8] perf_8g_10_200_47_1783935466337 enter map_1 as unit 1047
[log] [gate_2] perf_8g_10_200_49_1783935466338 enter map_1 as unit 1049
[log] [gate_1] perf_8g_10_200_48_1783935466337 enter map_1 as unit 1048
[log] [gate_3] perf_8g_10_200_50_1783935466338 enter map_1 as unit 1050
[log] [gate_4] perf_8g_10_200_51_1783935466338 enter map_1 as unit 1051
[log] [login_1] perf_8g_10_200_54_1783935466348 login count 1
[log] [gate_5] perf_8g_10_200_52_1783935466339 enter map_1 as unit 1052
[log] [login_1] perf_8g_10_200_55_1783935466348 login count 1
[log] [login_1] perf_8g_10_200_56_1783935466349 login count 1
[log] [login_1] perf_8g_10_200_57_1783935466349 login count 1
[log] [login_1] perf_8g_10_200_58_1783935466350 login count 1
[log] [gate_6] perf_8g_10_200_53_1783935466341 enter map_1 as unit 1053
[log] [login_1] perf_8g_10_200_59_1783935466350 login count 1
[log] [login_1] perf_8g_10_200_60_1783935466352 login count 1
[log] [login_1] perf_8g_10_200_61_1783935466355 login count 1
[log] [login_1] perf_8g_10_200_62_1783935466356 login count 1
[log] [login_1] perf_8g_10_200_63_1783935466357 login count 1
[log] [login_1] perf_8g_10_200_64_1783935466358 login count 1
[log] [login_1] perf_8g_10_200_65_1783935466358 login count 1
[log] [login_1] perf_8g_10_200_66_1783935466359 login count 1
[log] [gate_7] perf_8g_10_200_54_1783935466348 enter map_1 as unit 1054
[log] [login_1] perf_8g_10_200_67_1783935466359 login count 1
[log] [login_1] perf_8g_10_200_68_1783935466360 login count 1
[log] [login_1] perf_8g_10_200_69_1783935466361 login count 1
[log] [gate_8] perf_8g_10_200_55_1783935466348 enter map_1 as unit 1055
[log] [gate_3] perf_8g_10_200_58_1783935466350 enter map_1 as unit 1058
[log] [gate_2] perf_8g_10_200_57_1783935466349 enter map_1 as unit 1056
[log] [gate_1] perf_8g_10_200_56_1783935466349 enter map_1 as unit 1057
[log] [gate_6] perf_8g_10_200_61_1783935466355 enter map_1 as unit 1061
[log] [gate_4] perf_8g_10_200_59_1783935466350 enter map_1 as unit 1059
[log] [gate_5] perf_8g_10_200_60_1783935466352 enter map_1 as unit 1060
[log] [login_1] perf_8g_10_200_70_1783935466367 login count 1
[log] [gate_7] perf_8g_10_200_62_1783935466356 enter map_1 as unit 1062
[log] [gate_3] perf_8g_10_200_66_1783935466359 enter map_1 as unit 1065
[log] [gate_8] perf_8g_10_200_63_1783935466357 enter map_1 as unit 1064
[log] [gate_2] perf_8g_10_200_65_1783935466358 enter map_1 as unit 1063
[log] [login_1] perf_8g_10_200_71_1783935466370 login count 1
[log] [gate_5] perf_8g_10_200_68_1783935466360 enter map_1 as unit 1067
[log] [gate_1] perf_8g_10_200_64_1783935466358 enter map_1 as unit 1066
[log] [login_1] perf_8g_10_200_72_1783935466370 login count 1
[log] [login_1] perf_8g_10_200_73_1783935466370 login count 1
[log] [login_1] perf_8g_10_200_74_1783935466372 login count 1
[log] [gate_6] perf_8g_10_200_69_1783935466361 enter map_1 as unit 1068
[log] [gate_4] perf_8g_10_200_67_1783935466359 enter map_1 as unit 1069
[log] [login_1] perf_8g_10_200_75_1783935466372 login count 1
[log] [gate_7] perf_8g_10_200_70_1783935466367 enter map_1 as unit 1070
[log] [login_1] perf_8g_10_200_76_1783935466373 login count 1
[log] [login_1] perf_8g_10_200_77_1783935466374 login count 1
[log] [login_1] perf_8g_10_200_78_1783935466375 login count 1
[log] [login_1] perf_8g_10_200_79_1783935466377 login count 1
[log] [login_1] perf_8g_10_200_80_1783935466377 login count 1
[log] [gate_8] perf_8g_10_200_71_1783935466370 enter map_1 as unit 1071
[log] [login_1] perf_8g_10_200_81_1783935466378 login count 1
[log] [gate_1] perf_8g_10_200_72_1783935466370 enter map_1 as unit 1072
[log] [login_1] perf_8g_10_200_82_1783935466381 login count 1
[log] [login_1] perf_8g_10_200_83_1783935466381 login count 1
[log] [login_1] perf_8g_10_200_84_1783935466382 login count 1
[log] [login_1] perf_8g_10_200_85_1783935466383 login count 1
[log] [gate_2] perf_8g_10_200_73_1783935466370 enter map_1 as unit 1073
[log] [gate_3] perf_8g_10_200_74_1783935466372 enter map_1 as unit 1074
[log] [login_1] perf_8g_10_200_86_1783935466384 login count 1
[log] [gate_4] perf_8g_10_200_75_1783935466372 enter map_1 as unit 1075
[log] [gate_5] perf_8g_10_200_76_1783935466373 enter map_1 as unit 1076
[log] [gate_6] perf_8g_10_200_77_1783935466374 enter map_1 as unit 1077
[log] [gate_8] perf_8g_10_200_79_1783935466377 enter map_1 as unit 1079
[log] [gate_7] perf_8g_10_200_78_1783935466375 enter map_1 as unit 1078
[log] [login_1] perf_8g_10_200_87_1783935466391 login count 1
[log] [login_1] perf_8g_10_200_88_1783935466392 login count 1
[log] [gate_3] perf_8g_10_200_82_1783935466381 enter map_1 as unit 1082
[log] [gate_2] perf_8g_10_200_81_1783935466378 enter map_1 as unit 1080
[log] [gate_1] perf_8g_10_200_80_1783935466377 enter map_1 as unit 1081
[log] [login_1] perf_8g_10_200_89_1783935466395 login count 1
[log] [login_1] perf_8g_10_200_90_1783935466395 login count 1
[log] [gate_4] perf_8g_10_200_83_1783935466381 enter map_1 as unit 1083
[log] [gate_5] perf_8g_10_200_84_1783935466382 enter map_1 as unit 1084
[log] [gate_6] perf_8g_10_200_85_1783935466383 enter map_1 as unit 1085
[log] [login_1] perf_8g_10_200_91_1783935466398 login count 1
[log] [login_1] perf_8g_10_200_92_1783935466399 login count 1
[log] [login_1] perf_8g_10_200_93_1783935466399 login count 1
[log] [gate_7] perf_8g_10_200_86_1783935466384 enter map_1 as unit 1086
[log] [login_1] perf_8g_10_200_94_1783935466401 login count 1
[log] [login_1] perf_8g_10_200_95_1783935466401 login count 1
[log] [gate_8] perf_8g_10_200_87_1783935466391 enter map_1 as unit 1087
[log] [gate_1] perf_8g_10_200_88_1783935466392 enter map_1 as unit 1088
[log] [gate_2] perf_8g_10_200_89_1783935466395 enter map_1 as unit 1089
[log] [gate_3] perf_8g_10_200_90_1783935466395 enter map_1 as unit 1090
[log] [login_1] perf_8g_10_200_96_1783935466404 login count 1
[log] [login_1] perf_8g_10_200_97_1783935466405 login count 1
[log] [login_1] perf_8g_10_200_98_1783935466406 login count 1
[log] [gate_4] perf_8g_10_200_91_1783935466398 enter map_1 as unit 1091
[log] [login_1] perf_8g_10_200_99_1783935466410 login count 1
[log] [login_1] perf_8g_10_200_100_1783935466410 login count 1
[log] [login_1] perf_8g_10_200_101_1783935466411 login count 1
[log] [gate_5] perf_8g_10_200_92_1783935466399 enter map_1 as unit 1092
[log] [gate_6] perf_8g_10_200_93_1783935466399 enter map_1 as unit 1093
[log] [login_1] perf_8g_10_200_102_1783935466415 login count 1
[log] [gate_7] perf_8g_10_200_94_1783935466401 enter map_1 as unit 1094
[log] [gate_8] perf_8g_10_200_95_1783935466401 enter map_1 as unit 1095
[log] [login_1] perf_8g_10_200_103_1783935466417 login count 1
[log] [login_1] perf_8g_10_200_104_1783935466418 login count 1
[log] [login_1] perf_8g_10_200_105_1783935466419 login count 1
[log] [gate_1] perf_8g_10_200_96_1783935466404 enter map_1 as unit 1096
[log] [login_1] perf_8g_10_200_106_1783935466420 login count 1
[log] [gate_2] perf_8g_10_200_97_1783935466405 enter map_1 as unit 1097
[log] [gate_3] perf_8g_10_200_98_1783935466406 enter map_1 as unit 1098
[log] [gate_4] perf_8g_10_200_99_1783935466410 enter map_1 as unit 1099
[log] [login_1] perf_8g_10_200_107_1783935466427 login count 1
[log] [gate_5] perf_8g_10_200_100_1783935466410 enter map_1 as unit 1100
[log] [gate_6] perf_8g_10_200_101_1783935466411 enter map_1 as unit 1101
[log] [login_1] perf_8g_10_200_108_1783935466430 login count 1
[log] [login_1] perf_8g_10_200_109_1783935466430 login count 1
[log] [login_1] perf_8g_10_200_110_1783935466433 login count 1
[log] [login_1] perf_8g_10_200_111_1783935466434 login count 1
[log] [gate_7] perf_8g_10_200_102_1783935466415 enter map_1 as unit 1102
[log] [gate_8] perf_8g_10_200_103_1783935466417 enter map_1 as unit 1103
[log] [login_1] perf_8g_10_200_112_1783935466436 login count 1
[log] [gate_2] perf_8g_10_200_105_1783935466419 enter map_1 as unit 1105
[log] [gate_1] perf_8g_10_200_104_1783935466418 enter map_1 as unit 1104
[log] [gate_3] perf_8g_10_200_106_1783935466420 enter map_1 as unit 1106
[log] [login_1] perf_8g_10_200_113_1783935466439 login count 1
[log] [login_1] perf_8g_10_200_114_1783935466441 login count 1
[log] [login_1] perf_8g_10_200_115_1783935466443 login count 1
[log] [gate_4] perf_8g_10_200_107_1783935466427 enter map_1 as unit 1107
[log] [login_1] perf_8g_10_200_116_1783935466446 login count 1
[log] [gate_5] perf_8g_10_200_108_1783935466430 enter map_1 as unit 1108
[log] [login_1] perf_8g_10_200_117_1783935466446 login count 1
[log] [gate_6] perf_8g_10_200_109_1783935466430 enter map_1 as unit 1109
[log] [gate_8] perf_8g_10_200_111_1783935466434 enter map_1 as unit 1111
[log] [gate_7] perf_8g_10_200_110_1783935466433 enter map_1 as unit 1110
[log] [login_1] perf_8g_10_200_118_1783935466451 login count 1
[log] [login_1] perf_8g_10_200_119_1783935466452 login count 1
[log] [gate_1] perf_8g_10_200_112_1783935466436 enter map_1 as unit 1112
[log] [gate_3] perf_8g_10_200_114_1783935466441 enter map_1 as unit 1113
[log] [login_1] perf_8g_10_200_120_1783935466455 login count 1
[log] [login_1] perf_8g_10_200_121_1783935466455 login count 1
[log] [login_1] perf_8g_10_200_122_1783935466456 login count 1
[log] [gate_4] perf_8g_10_200_115_1783935466443 enter map_1 as unit 1115
[log] [gate_2] perf_8g_10_200_113_1783935466439 enter map_1 as unit 1114
[log] [gate_5] perf_8g_10_200_116_1783935466446 enter map_1 as unit 1116
[log] [login_1] perf_8g_10_200_123_1783935466460 login count 1
[log] [gate_6] perf_8g_10_200_117_1783935466446 enter map_1 as unit 1117
[log] [login_1] perf_8g_10_200_124_1783935466462 login count 1
[log] [gate_7] perf_8g_10_200_118_1783935466451 enter map_1 as unit 1118
[log] [login_1] perf_8g_10_200_125_1783935466464 login count 1
[log] [gate_8] perf_8g_10_200_119_1783935466452 enter map_1 as unit 1119
[log] [login_1] perf_8g_10_200_126_1783935466467 login count 1
[log] [login_1] perf_8g_10_200_127_1783935466467 login count 1
[log] [login_1] perf_8g_10_200_128_1783935466471 login count 1
[log] [gate_1] perf_8g_10_200_120_1783935466455 enter map_1 as unit 1120
[log] [login_1] perf_8g_10_200_129_1783935466473 login count 1
[log] [gate_2] perf_8g_10_200_121_1783935466455 enter map_1 as unit 1121
[log] [gate_3] perf_8g_10_200_122_1783935466456 enter map_1 as unit 1122
[log] [login_1] perf_8g_10_200_130_1783935466477 login count 1
[log] [gate_4] perf_8g_10_200_123_1783935466460 enter map_1 as unit 1123
[log] [login_1] perf_8g_10_200_131_1783935466478 login count 1
[log] [login_1] perf_8g_10_200_132_1783935466479 login count 1
[log] [gate_5] perf_8g_10_200_124_1783935466462 enter map_1 as unit 1124
[log] [login_1] perf_8g_10_200_133_1783935466481 login count 1
[log] [login_1] perf_8g_10_200_134_1783935466482 login count 1
[log] [gate_6] perf_8g_10_200_125_1783935466464 enter map_1 as unit 1125
[log] [login_1] perf_8g_10_200_135_1783935466485 login count 1
[log] [gate_8] perf_8g_10_200_127_1783935466467 enter map_1 as unit 1126
[log] [gate_7] perf_8g_10_200_126_1783935466467 enter map_1 as unit 1127
[log] [login_1] perf_8g_10_200_136_1783935466491 login count 1
[log] [login_1] perf_8g_10_200_137_1783935466494 login count 1
[log] [gate_2] perf_8g_10_200_129_1783935466473 enter map_1 as unit 1129
[log] [gate_1] perf_8g_10_200_128_1783935466471 enter map_1 as unit 1128
[log] [login_1] perf_8g_10_200_138_1783935466495 login count 1
[log] [login_1] perf_8g_10_200_139_1783935466498 login count 1
[log] [login_1] perf_8g_10_200_140_1783935466499 login count 1
[log] [login_1] perf_8g_10_200_141_1783935466503 login count 1
[log] [gate_3] perf_8g_10_200_130_1783935466477 enter map_1 as unit 1130
[log] [gate_5] perf_8g_10_200_132_1783935466479 enter map_1 as unit 1132
[log] [gate_4] perf_8g_10_200_131_1783935466478 enter map_1 as unit 1131
[log] [login_1] perf_8g_10_200_142_1783935466508 login count 1
[log] [login_1] perf_8g_10_200_143_1783935466508 login count 1
[log] [login_1] perf_8g_10_200_144_1783935466513 login count 1
[log] [gate_6] perf_8g_10_200_133_1783935466481 enter map_1 as unit 1133
[log] [gate_7] perf_8g_10_200_134_1783935466482 enter map_1 as unit 1134
[log] [gate_8] perf_8g_10_200_135_1783935466485 enter map_1 as unit 1135
[log] [login_1] perf_8g_10_200_145_1783935466514 login count 1
[log] [login_1] perf_8g_10_200_146_1783935466520 login count 1
[log] [login_1] perf_8g_10_200_147_1783935466521 login count 1
[log] [login_1] perf_8g_10_200_148_1783935466522 login count 1
[log] [gate_3] perf_8g_10_200_138_1783935466495 enter map_1 as unit 1138
[log] [gate_2] perf_8g_10_200_137_1783935466494 enter map_1 as unit 1137
[log] [gate_1] perf_8g_10_200_136_1783935466491 enter map_1 as unit 1136
[log] [login_1] perf_8g_10_200_149_1783935466527 login count 1
[log] [login_1] perf_8g_10_200_150_1783935466527 login count 1
[log] [login_1] perf_8g_10_200_151_1783935466528 login count 1
[log] [login_1] perf_8g_10_200_152_1783935466534 login count 1
[log] [login_1] perf_8g_10_200_153_1783935466534 login count 1
[log] [login_1] perf_8g_10_200_154_1783935466535 login count 1
[log] [gate_5] perf_8g_10_200_140_1783935466499 enter map_1 as unit 1140
[log] [gate_6] perf_8g_10_200_141_1783935466503 enter map_1 as unit 1141
[log] [gate_8] perf_8g_10_200_143_1783935466508 enter map_1 as unit 1142
[log] [gate_4] perf_8g_10_200_139_1783935466498 enter map_1 as unit 1139
[log] [gate_7] perf_8g_10_200_142_1783935466508 enter map_1 as unit 1143
[log] [gate_3] perf_8g_10_200_146_1783935466520 enter map_1 as unit 1144
[log] [gate_1] perf_8g_10_200_144_1783935466513 enter map_1 as unit 1146
[log] [gate_2] perf_8g_10_200_145_1783935466514 enter map_1 as unit 1145
[log] [login_1] perf_8g_10_200_155_1783935466543 login count 1
[log] [login_1] perf_8g_10_200_156_1783935466545 login count 1
[log] [login_1] perf_8g_10_200_157_1783935466545 login count 1
[log] [login_1] perf_8g_10_200_158_1783935466546 login count 1
[log] [login_1] perf_8g_10_200_159_1783935466547 login count 1
[log] [login_1] perf_8g_10_200_160_1783935466550 login count 1
[log] [gate_4] perf_8g_10_200_147_1783935466521 enter map_1 as unit 1150
[log] [gate_6] perf_8g_10_200_149_1783935466527 enter map_1 as unit 1149
[log] [gate_8] perf_8g_10_200_151_1783935466528 enter map_1 as unit 1147
[log] [gate_5] perf_8g_10_200_148_1783935466522 enter map_1 as unit 1148
[log] [login_1] perf_8g_10_200_161_1783935466551 login count 1
[log] [login_1] perf_8g_10_200_162_1783935466552 login count 1
[log] [login_1] perf_8g_10_200_163_1783935466558 login count 1
[log] [login_1] perf_8g_10_200_164_1783935466559 login count 1
[log] [login_1] perf_8g_10_200_165_1783935466559 login count 1
[log] [login_1] perf_8g_10_200_166_1783935466560 login count 1
[log] [gate_1] perf_8g_10_200_152_1783935466534 enter map_1 as unit 1153
[log] [gate_3] perf_8g_10_200_154_1783935466535 enter map_1 as unit 1154
[log] [gate_7] perf_8g_10_200_150_1783935466527 enter map_1 as unit 1151
[log] [gate_2] perf_8g_10_200_153_1783935466534 enter map_1 as unit 1152
[log] [login_1] perf_8g_10_200_167_1783935466568 login count 1
[log] [login_1] perf_8g_10_200_168_1783935466569 login count 1
[log] [login_1] perf_8g_10_200_169_1783935466569 login count 1
[log] [login_1] perf_8g_10_200_170_1783935466570 login count 1
[log] [gate_4] perf_8g_10_200_155_1783935466543 enter map_1 as unit 1155
[log] [gate_6] perf_8g_10_200_157_1783935466545 enter map_1 as unit 1158
[log] [gate_8] perf_8g_10_200_159_1783935466547 enter map_1 as unit 1156
[log] [gate_5] perf_8g_10_200_156_1783935466545 enter map_1 as unit 1157
[log] [login_1] perf_8g_10_200_171_1783935466576 login count 1
[log] [login_1] perf_8g_10_200_172_1783935466577 login count 1
[log] [login_1] perf_8g_10_200_173_1783935466578 login count 1
[log] [login_1] perf_8g_10_200_174_1783935466579 login count 1
[log] [gate_1] perf_8g_10_200_160_1783935466550 enter map_1 as unit 1159
[log] [gate_2] perf_8g_10_200_161_1783935466551 enter map_1 as unit 1162
[log] [gate_7] perf_8g_10_200_158_1783935466546 enter map_1 as unit 1160
[log] [gate_3] perf_8g_10_200_162_1783935466552 enter map_1 as unit 1161
[log] [login_1] perf_8g_10_200_175_1783935466585 login count 1
[log] [login_1] perf_8g_10_200_176_1783935466586 login count 1
[log] [login_1] perf_8g_10_200_177_1783935466586 login count 1
[log] [gate_6] perf_8g_10_200_165_1783935466559 enter map_1 as unit 1164
[log] [gate_4] perf_8g_10_200_163_1783935466558 enter map_1 as unit 1165
[log] [gate_5] perf_8g_10_200_164_1783935466559 enter map_1 as unit 1166
[log] [gate_8] perf_8g_10_200_167_1783935466568 enter map_1 as unit 1163
[log] [login_1] perf_8g_10_200_178_1783935466594 login count 1
[log] [login_1] perf_8g_10_200_179_1783935466595 login count 1
[log] [login_1] perf_8g_10_200_180_1783935466596 login count 1
[log] [login_1] perf_8g_10_200_181_1783935466597 login count 1
[log] [gate_7] perf_8g_10_200_166_1783935466560 enter map_1 as unit 1167
[log] [gate_1] perf_8g_10_200_168_1783935466569 enter map_1 as unit 1170
[log] [gate_2] perf_8g_10_200_169_1783935466569 enter map_1 as unit 1169
[log] [gate_3] perf_8g_10_200_170_1783935466570 enter map_1 as unit 1168
[log] [login_1] perf_8g_10_200_182_1783935466604 login count 1
[log] [login_1] perf_8g_10_200_183_1783935466605 login count 1
[log] [gate_4] perf_8g_10_200_171_1783935466576 enter map_1 as unit 1174
[log] [gate_6] perf_8g_10_200_173_1783935466578 enter map_1 as unit 1173
[log] [gate_8] perf_8g_10_200_175_1783935466585 enter map_1 as unit 1171
[log] [login_1] perf_8g_10_200_184_1783935466607 login count 1
[log] [login_1] perf_8g_10_200_185_1783935466607 login count 1
[log] [login_1] perf_8g_10_200_186_1783935466608 login count 1
[log] [gate_5] perf_8g_10_200_172_1783935466577 enter map_1 as unit 1172
[log] [login_1] perf_8g_10_200_187_1783935466613 login count 1
[log] [login_1] perf_8g_10_200_189_1783935466615 login count 1
[log] [login_1] perf_8g_10_200_188_1783935466614 login count 1
[log] [login_1] perf_8g_10_200_190_1783935466616 login count 1
[log] [gate_2] perf_8g_10_200_177_1783935466586 enter map_1 as unit 1175
[log] [gate_3] perf_8g_10_200_178_1783935466594 enter map_1 as unit 1178
[log] [gate_1] perf_8g_10_200_176_1783935466586 enter map_1 as unit 1177
[log] [gate_7] perf_8g_10_200_174_1783935466579 enter map_1 as unit 1176
[log] [login_1] perf_8g_10_200_191_1783935466623 login count 1
[log] [login_1] perf_8g_10_200_192_1783935466624 login count 1
[log] [login_1] perf_8g_10_200_193_1783935466625 login count 1
[log] [login_1] perf_8g_10_200_194_1783935466626 login count 1
[log] [gate_6] perf_8g_10_200_181_1783935466597 enter map_1 as unit 1180
[log] [gate_5] perf_8g_10_200_180_1783935466596 enter map_1 as unit 1179
[log] [gate_4] perf_8g_10_200_179_1783935466595 enter map_1 as unit 1182
[log] [gate_8] perf_8g_10_200_183_1783935466605 enter map_1 as unit 1181
[log] [login_1] perf_8g_10_200_195_1783935466634 login count 1
[log] [login_1] perf_8g_10_200_197_1783935466636 login count 1
[log] [login_1] perf_8g_10_200_196_1783935466635 login count 1
[log] [login_1] perf_8g_10_200_198_1783935466637 login count 1
[log] [gate_7] perf_8g_10_200_182_1783935466604 enter map_1 as unit 1183
[log] [gate_1] perf_8g_10_200_184_1783935466607 enter map_1 as unit 1185
[log] [gate_2] perf_8g_10_200_185_1783935466607 enter map_1 as unit 1184
[log] [gate_3] perf_8g_10_200_186_1783935466608 enter map_1 as unit 1186
[log] [login_1] perf_8g_10_200_199_1783935466644 login count 1
[log] [gate_8] perf_8g_10_200_191_1783935466623 enter map_1 as unit 1190
[log] [gate_5] perf_8g_10_200_189_1783935466615 enter map_1 as unit 1188
[log] [gate_6] perf_8g_10_200_188_1783935466614 enter map_1 as unit 1189
[log] [gate_4] perf_8g_10_200_187_1783935466613 enter map_1 as unit 1187
[log] [gate_7] perf_8g_10_200_190_1783935466616 enter map_1 as unit 1191
[log] [gate_1] perf_8g_10_200_192_1783935466624 enter map_1 as unit 1194
[log] [gate_2] perf_8g_10_200_193_1783935466625 enter map_1 as unit 1193
[log] [gate_3] perf_8g_10_200_194_1783935466626 enter map_1 as unit 1192
[log] [gate_5] perf_8g_10_200_197_1783935466636 enter map_1 as unit 1197
[log] [gate_8] perf_8g_10_200_199_1783935466644 enter map_1 as unit 1195
[log] [gate_4] perf_8g_10_200_195_1783935466634 enter map_1 as unit 1198
[log] [gate_6] perf_8g_10_200_196_1783935466635 enter map_1 as unit 1196
[log] [gate_7] perf_8g_10_200_198_1783935466637 enter map_1 as unit 1199
[metrics:inner_transport] active=0 opened=0 pending=0 max_pending=0 overloads=0 timeouts=0 disconnected_calls=0 late_responses=0 idle_closes=0
[process-metrics] process=log cpu_percent=1.58 cpu_time_ms=125 rss_bytes=36757504 v8_heap_used_bytes=2741000 v8_heap_total_bytes=6041600 v8_gc_count=3 v8_gc_ms=0.798 timestamp_ms=1783935470985
[metrics:log] scene=log type=Log processed=400 failed=0 ts_queue=0 ts_max_queue=7 rust_queue=0 rust_max_queue=7 backpressure=0 slow_disconnects=0 update_ms=0.00 handler_ms=0.00 max_handler_ms=1.00 total_handler_ms=15.00
[metrics:inner_transport] active=0 opened=0 pending=0 max_pending=0 overloads=0 timeouts=0 disconnected_calls=0 late_responses=0 idle_closes=0
[process-metrics] process=log cpu_percent=0.61 cpu_time_ms=156 rss_bytes=36904960 v8_heap_used_bytes=2879672 v8_heap_total_bytes=6041600 v8_gc_count=3 v8_gc_ms=0.798 timestamp_ms=1783935476080
[metrics:log] scene=log type=Log processed=400 failed=0 ts_queue=0 ts_max_queue=7 rust_queue=0 rust_max_queue=7 backpressure=0 slow_disconnects=0 update_ms=0.00 handler_ms=0.00 max_handler_ms=1.00 total_handler_ms=15.00
[metrics:inner_transport] active=0 opened=0 pending=0 max_pending=0 overloads=0 timeouts=0 disconnected_calls=0 late_responses=0 idle_closes=0
[process-metrics] process=log cpu_percent=0.30 cpu_time_ms=171 rss_bytes=37281792 v8_heap_used_bytes=3038856 v8_heap_total_bytes=6565888 v8_gc_count=3 v8_gc_ms=0.798 timestamp_ms=1783935481110
[metrics:log] scene=log type=Log processed=400 failed=0 ts_queue=0 ts_max_queue=7 rust_queue=0 rust_max_queue=7 backpressure=0 slow_disconnects=0 update_ms=0.00 handler_ms=0.00 max_handler_ms=1.00 total_handler_ms=15.00
[metrics:inner_transport] active=0 opened=0 pending=0 max_pending=0 overloads=0 timeouts=0 disconnected_calls=0 late_responses=0 idle_closes=0
[process-metrics] process=log cpu_percent=0.32 cpu_time_ms=187 rss_bytes=37400576 v8_heap_used_bytes=3166856 v8_heap_total_bytes=6565888 v8_gc_count=3 v8_gc_ms=0.798 timestamp_ms=1783935486126
[metrics:log] scene=log type=Log processed=400 failed=0 ts_queue=0 ts_max_queue=7 rust_queue=0 rust_max_queue=7 backpressure=0 slow_disconnects=0 update_ms=0.00 handler_ms=0.00 max_handler_ms=1.00 total_handler_ms=15.00
[metrics:inner_transport] active=0 opened=0 pending=0 max_pending=0 overloads=0 timeouts=0 disconnected_calls=0 late_responses=0 idle_closes=0
[process-metrics] process=log cpu_percent=0.93 cpu_time_ms=234 rss_bytes=37531648 v8_heap_used_bytes=3294856 v8_heap_total_bytes=6565888 v8_gc_count=3 v8_gc_ms=0.798 timestamp_ms=1783935491154
[metrics:log] scene=log type=Log processed=400 failed=0 ts_queue=0 ts_max_queue=7 rust_queue=0 rust_max_queue=7 backpressure=0 slow_disconnects=0 update_ms=0.00 handler_ms=0.00 max_handler_ms=1.00 total_handler_ms=15.00
[metrics:inner_transport] active=0 opened=0 pending=0 max_pending=0 overloads=0 timeouts=0 disconnected_calls=0 late_responses=0 idle_closes=0
[process-metrics] process=log cpu_percent=0.00 cpu_time_ms=234 rss_bytes=37613568 v8_heap_used_bytes=3422856 v8_heap_total_bytes=6828032 v8_gc_count=3 v8_gc_ms=0.798 timestamp_ms=1783935496169
[metrics:log] scene=log type=Log processed=400 failed=0 ts_queue=0 ts_max_queue=7 rust_queue=0 rust_max_queue=7 backpressure=0 slow_disconnects=0 update_ms=0.00 handler_ms=0.00 max_handler_ms=1.00 total_handler_ms=15.00
[metrics:inner_transport] active=0 opened=0 pending=0 max_pending=0 overloads=0 timeouts=0 disconnected_calls=0 late_responses=0 idle_closes=0
[process-metrics] process=log cpu_percent=0.32 cpu_time_ms=250 rss_bytes=37937152 v8_heap_used_bytes=3555208 v8_heap_total_bytes=6828032 v8_gc_count=3 v8_gc_ms=0.798 timestamp_ms=1783935501169
[metrics:log] scene=log type=Log processed=400 failed=0 ts_queue=0 ts_max_queue=7 rust_queue=0 rust_max_queue=7 backpressure=0 slow_disconnects=0 update_ms=0.00 handler_ms=0.00 max_handler_ms=1.00 total_handler_ms=15.00
[metrics:inner_transport] active=0 opened=0 pending=0 max_pending=0 overloads=0 timeouts=0 disconnected_calls=0 late_responses=0 idle_closes=0
[process-metrics] process=log cpu_percent=0.00 cpu_time_ms=250 rss_bytes=38080512 v8_heap_used_bytes=3682016 v8_heap_total_bytes=7090176 v8_gc_count=3 v8_gc_ms=0.798 timestamp_ms=1783935506181
[metrics:log] scene=log type=Log processed=400 failed=0 ts_queue=0 ts_max_queue=7 rust_queue=0 rust_max_queue=7 backpressure=0 slow_disconnects=0 update_ms=0.00 handler_ms=0.00 max_handler_ms=1.00 total_handler_ms=15.00
