[full-chain] framework RPC payload baseline
Runtime localhost load test (Rust client)
target=127.0.0.1:7400 duration=5s warmup=2s connections=8 concurrency=512 payload=64B delay=0ms
requests=1242975 req/s=248595 errors=0 peak_in_flight=512
latency_ms p50=2.040 p95=2.851 p99=3.245 max=28.641
Runtime localhost load test (Rust client)
target=127.0.0.1:7400 duration=5s warmup=2s connections=8 concurrency=512 payload=256B delay=0ms
requests=1208456 req/s=241691 errors=0 peak_in_flight=512
latency_ms p50=2.078 p95=2.923 p99=3.394 max=12.149
Runtime localhost load test (Rust client)
target=127.0.0.1:7400 duration=5s warmup=2s connections=8 concurrency=512 payload=1024B delay=0ms
requests=1054448 req/s=210890 errors=0 peak_in_flight=512
latency_ms p50=2.321 p95=3.477 p99=4.487 max=12.879
Runtime localhost load test (Rust client)
target=127.0.0.1:7400 duration=5s warmup=2s connections=8 concurrency=512 payload=4096B delay=0ms
requests=763772 req/s=152754 errors=0 peak_in_flight=512
latency_ms p50=3.125 p95=5.397 p99=7.140 max=12.698
Runtime localhost load test (Rust client)
target=127.0.0.1:7400 duration=5s warmup=2s connections=8 concurrency=512 payload=16384B delay=0ms
requests=317379 req/s=63476 errors=0 peak_in_flight=512
latency_ms p50=7.722 p95=14.034 p99=18.462 max=45.453
[full-chain] deployment=all players=10 workload=10hz
[full-chain:all/steady-10hz] players=10 setup=432.8 users/s moves=92.0/s pushes=928.6/s move_p50=0.69ms p95=1.26ms p99=1.39ms errors=0
RESULT_JSON {"scenario":"gameplay-full-chain","label":"all","players":10,"setupConcurrency":16,"warmupSeconds":2,"durationSeconds":5,"targetMoveRatePerPlayer":10,"workload":"steady-10hz","setup":{"count":10,"perSecond":432.8030053840694,"p50Ms":21.3111,"p95Ms":21.598200000000002,"p99Ms":21.598200000000002,"maxMs":21.598200000000002,"elapsedSeconds":0.0231052},"movement":{"count":460,"perSecond":92,"p50Ms":0.6944999999996071,"p95Ms":1.2563000000000102,"p99Ms":1.386700000000019,"maxMs":1.452099999999973,"entityMovePushes":6500,"pushesPerSecond":928.5714285714286,"errors":0}}
[full-chain] deployment=all players=10 workload=saturation
[full-chain:all/saturation] players=10 setup=415.5 users/s moves=21572.2/s pushes=222442.9/s move_p50=0.41ms p95=0.88ms p99=1.16ms errors=0
RESULT_JSON {"scenario":"gameplay-full-chain","label":"all","players":10,"setupConcurrency":16,"warmupSeconds":2,"durationSeconds":5,"targetMoveRatePerPlayer":0,"workload":"saturation","setup":{"count":10,"perSecond":415.4928992263523,"p50Ms":22.329299999999996,"p95Ms":22.6623,"p99Ms":22.6623,"maxMs":22.6623,"elapsedSeconds":0.024067799999999997},"movement":{"count":107861,"perSecond":21572.2,"p50Ms":0.4066000000002532,"p95Ms":0.8832999999995081,"p99Ms":1.1580000000003565,"maxMs":5.806700000000092,"entityMovePushes":1557100,"pushesPerSecond":222442.85714285713,"errors":0}}
[full-chain] deployment=all players=50 workload=10hz
[full-chain:all/steady-10hz] players=50 setup=557.4 users/s moves=460.0/s pushes=23214.3/s move_p50=7.00ms p95=8.54ms p99=9.45ms errors=0
RESULT_JSON {"scenario":"gameplay-full-chain","label":"all","players":50,"setupConcurrency":16,"warmupSeconds":2,"durationSeconds":5,"targetMoveRatePerPlayer":10,"workload":"steady-10hz","setup":{"count":50,"perSecond":557.4278939147827,"p50Ms":26.789500000000004,"p95Ms":32.204899999999995,"p99Ms":32.64,"maxMs":32.64,"elapsedSeconds":0.08969769999999999},"movement":{"count":2300,"perSecond":460,"p50Ms":6.999700000000303,"p95Ms":8.536400000000413,"p99Ms":9.454799999999977,"maxMs":9.883800000000065,"entityMovePushes":162500,"pushesPerSecond":23214.285714285714,"errors":0}}
[full-chain] deployment=all players=50 workload=saturation
[full-chain:all/saturation] players=50 setup=536.6 users/s moves=7165.4/s pushes=354714.3/s move_p50=6.81ms p95=8.54ms p99=11.21ms errors=0
RESULT_JSON {"scenario":"gameplay-full-chain","label":"all","players":50,"setupConcurrency":16,"warmupSeconds":2,"durationSeconds":5,"targetMoveRatePerPlayer":0,"workload":"saturation","setup":{"count":50,"perSecond":536.6171440591652,"p50Ms":28.901399999999995,"p95Ms":34.125600000000006,"p99Ms":34.3976,"maxMs":34.3976,"elapsedSeconds":0.0931763},"movement":{"count":35827,"perSecond":7165.4,"p50Ms":6.809499999999389,"p95Ms":8.538500000000113,"p99Ms":11.209100000000035,"maxMs":15.378699999999299,"entityMovePushes":2483000,"pushesPerSecond":354714.28571428574,"errors":0}}
[full-chain] deployment=all players=100 workload=10hz
[full-chain:all/steady-10hz] players=100 setup=539.6 users/s moves=920.0/s pushes=92857.1/s move_p50=28.19ms p95=30.82ms p99=45.72ms errors=0
RESULT_JSON {"scenario":"gameplay-full-chain","label":"all","players":100,"setupConcurrency":16,"warmupSeconds":2,"durationSeconds":5,"targetMoveRatePerPlayer":10,"workload":"steady-10hz","setup":{"count":100,"perSecond":539.5751385359167,"p50Ms":28.254700000000014,"p95Ms":35.000699999999995,"p99Ms":36.73259999999999,"maxMs":36.73259999999999,"elapsedSeconds":0.18533100000000002},"movement":{"count":4600,"perSecond":920,"p50Ms":28.19170000000031,"p95Ms":30.824099999999817,"p99Ms":45.720700000000306,"maxMs":46.26890000000003,"entityMovePushes":650000,"pushesPerSecond":92857.14285714286,"errors":0}}
[full-chain] deployment=all players=100 workload=saturation
[full-chain:all/saturation] players=100 setup=544.0 users/s moves=3239.4/s pushes=335457.1/s move_p50=29.68ms p95=41.43ms p99=46.89ms errors=0
RESULT_JSON {"scenario":"gameplay-full-chain","label":"all","players":100,"setupConcurrency":16,"warmupSeconds":2,"durationSeconds":5,"targetMoveRatePerPlayer":0,"workload":"saturation","setup":{"count":100,"perSecond":543.9746377264906,"p50Ms":25.685599999999994,"p95Ms":35.7555,"p99Ms":37.92100000000001,"maxMs":37.92100000000001,"elapsedSeconds":0.1838321},"movement":{"count":16197,"perSecond":3239.4,"p50Ms":29.68029999999999,"p95Ms":41.42690000000039,"p99Ms":46.89480000000003,"maxMs":61.09019999999964,"entityMovePushes":2348200,"pushesPerSecond":335457.14285714284,"errors":0}}
[full-chain] deployment=split players=10 workload=10hz
[full-chain:split/steady-10hz] players=10 setup=164.2 users/s moves=92.0/s pushes=928.6/s move_p50=1.32ms p95=2.08ms p99=2.39ms errors=0
RESULT_JSON {"scenario":"gameplay-full-chain","label":"split","players":10,"setupConcurrency":16,"warmupSeconds":2,"durationSeconds":5,"targetMoveRatePerPlayer":10,"workload":"steady-10hz","setup":{"count":10,"perSecond":164.16021380226243,"p50Ms":59.053599999999996,"p95Ms":60.25450000000001,"p99Ms":60.25450000000001,"maxMs":60.25450000000001,"elapsedSeconds":0.06091610000000001},"movement":{"count":460,"perSecond":92,"p50Ms":1.316500000000815,"p95Ms":2.080500000000029,"p99Ms":2.3881000000001222,"maxMs":2.4976999999998952,"entityMovePushes":6500,"pushesPerSecond":928.5714285714286,"errors":0}}
[full-chain] deployment=split players=10 workload=saturation
[full-chain:split/saturation] players=10 setup=180.8 users/s moves=5398.0/s pushes=60177.6/s move_p50=1.70ms p95=2.90ms p99=3.38ms errors=0
RESULT_JSON {"scenario":"gameplay-full-chain","label":"split","players":10,"setupConcurrency":16,"warmupSeconds":2,"durationSeconds":5,"targetMoveRatePerPlayer":0,"workload":"saturation","setup":{"count":10,"perSecond":180.83444245124704,"p50Ms":53.44029999999999,"p95Ms":55.044000000000004,"p99Ms":55.044000000000004,"maxMs":55.044000000000004,"elapsedSeconds":0.0552992},"movement":{"count":26990,"perSecond":5398,"p50Ms":1.704200000000128,"p95Ms":2.9015999999992346,"p99Ms":3.3804999999997563,"maxMs":8.048999999999978,"entityMovePushes":421243,"pushesPerSecond":60177.57142857143,"errors":0}}
[full-chain] deployment=split players=50 workload=10hz
[full-chain:split/steady-10hz] players=50 setup=376.9 users/s moves=270.0/s pushes=14128.6/s move_p50=9.49ms p95=17.49ms p99=19.07ms errors=22
RESULT_JSON {"scenario":"gameplay-full-chain","label":"split","players":50,"setupConcurrency":16,"warmupSeconds":2,"durationSeconds":5,"targetMoveRatePerPlayer":10,"workload":"steady-10hz","setup":{"count":50,"perSecond":376.9081919487887,"p50Ms":34.599000000000004,"p95Ms":70.97650000000002,"p99Ms":71.3457,"maxMs":71.3457,"elapsedSeconds":0.1326583},"movement":{"count":1350,"perSecond":270,"p50Ms":9.48869999999988,"p95Ms":17.491799999999785,"p99Ms":19.065200000000004,"maxMs":21.541699999999764,"entityMovePushes":98900,"pushesPerSecond":14128.57142857143,"errors":22}}
[full-chain] deployment=split players=50 workload=saturation
[full-chain:split/saturation] players=50 setup=386.9 users/s moves=1154.2/s pushes=63791.1/s move_p50=16.58ms p95=20.04ms p99=21.75ms errors=31
RESULT_JSON {"scenario":"gameplay-full-chain","label":"split","players":50,"setupConcurrency":16,"warmupSeconds":2,"durationSeconds":5,"targetMoveRatePerPlayer":0,"workload":"saturation","setup":{"count":50,"perSecond":386.931317369579,"p50Ms":32.57650000000001,"p95Ms":65.0475,"p99Ms":65.4265,"maxMs":65.4265,"elapsedSeconds":0.1292219},"movement":{"count":5771,"perSecond":1154.2,"p50Ms":16.58259999999973,"p95Ms":20.04029999999966,"p99Ms":21.754900000000816,"maxMs":26.212800000000243,"entityMovePushes":446538,"pushesPerSecond":63791.142857142855,"errors":31}}
[full-chain] deployment=split players=100 workload=10hz
[full-chain:split/steady-10hz] players=100 setup=421.6 users/s moves=138.0/s pushes=15464.9/s move_p50=9.73ms p95=17.63ms p99=19.63ms errors=85
RESULT_JSON {"scenario":"gameplay-full-chain","label":"split","players":100,"setupConcurrency":16,"warmupSeconds":2,"durationSeconds":5,"targetMoveRatePerPlayer":10,"workload":"steady-10hz","setup":{"count":100,"perSecond":421.5577909360016,"p50Ms":33.46809999999999,"p95Ms":70.9085,"p99Ms":71.2083,"maxMs":71.2083,"elapsedSeconds":0.23721540000000002},"movement":{"count":690,"perSecond":138,"p50Ms":9.730799999999817,"p95Ms":17.630099999999402,"p99Ms":19.633499999999913,"maxMs":21.974200000000565,"entityMovePushes":108254,"pushesPerSecond":15464.857142857143,"errors":85}}
[full-chain] deployment=split players=100 workload=saturation
[full-chain:split/saturation] players=100 setup=440.8 users/s moves=612.6/s pushes=65196.1/s move_p50=14.80ms p95=17.66ms p99=19.14ms errors=91
RESULT_JSON {"scenario":"gameplay-full-chain","label":"split","players":100,"setupConcurrency":16,"warmupSeconds":2,"durationSeconds":5,"targetMoveRatePerPlayer":0,"workload":"saturation","setup":{"count":100,"perSecond":440.76727003298254,"p50Ms":29.50229999999999,"p95Ms":71.7997,"p99Ms":73.9519,"maxMs":73.9519,"elapsedSeconds":0.22687710000000003},"movement":{"count":3063,"perSecond":612.6,"p50Ms":14.795600000000377,"p95Ms":17.657600000000457,"p99Ms":19.143400000000838,"maxMs":23.245200000000295,"entityMovePushes":456373,"pushesPerSecond":65196.142857142855,"errors":91}}
[full-chain] report: E:\VsCode\skynet\ets_runtime\perf\results\full_chain_20260713_125756.md
# 全链路性能测试报告

- 时间：2026-07-13T13:00:37.1282029+08:00
- Profile：release
- CPU：13th Gen Intel(R) Core(TM) i7-13700F
- 内存：63.8GB
- 正式测试：5s；预热：2s

## 框架 RPC 基线

| Payload | req/s | p50 ms | p95 ms | p99 ms | errors |
|---:|---:|---:|---:|---:|---:|
| 64B | 248595 | 2.04 | 2.851 | 3.245 | 0 |
| 256B | 241691 | 2.078 | 2.923 | 3.394 | 0 |
| 1024B | 210890 | 2.321 | 3.477 | 4.487 | 0 |
| 4096B | 152754 | 3.125 | 5.397 | 7.14 | 0 |
| 16384B | 63476 | 7.722 | 14.034 | 18.462 | 0 |

## 真实游戏链路

| 部署 | 负载 | 玩家 | 登录 users/s | 登录 p95 ms | move/s | AOI push/s | move p50 ms | p95 ms | p99 ms | stalled |
|---|---|---:|---:|---:|---:|---:|---:|---:|---:|---:|
| all | steady-10hz | 10 | 432.8 | 21.60 | 92 | 928.6 | 0.69 | 1.26 | 1.39 | 0 |
| all | saturation | 10 | 415.5 | 22.66 | 21572.2 | 222442.9 | 0.41 | 0.88 | 1.16 | 0 |
| all | steady-10hz | 50 | 557.4 | 32.20 | 460 | 23214.3 | 7.00 | 8.54 | 9.45 | 0 |
| all | saturation | 50 | 536.6 | 34.13 | 7165.4 | 354714.3 | 6.81 | 8.54 | 11.21 | 0 |
| all | steady-10hz | 100 | 539.6 | 35.00 | 920 | 92857.1 | 28.19 | 30.82 | 45.72 | 0 |
| all | saturation | 100 | 544.0 | 35.76 | 3239.4 | 335457.1 | 29.68 | 41.43 | 46.89 | 0 |
| split | steady-10hz | 10 | 164.2 | 60.25 | 92 | 928.6 | 1.32 | 2.08 | 2.39 | 0 |
| split | saturation | 10 | 180.8 | 55.04 | 5398 | 60177.6 | 1.70 | 2.90 | 3.38 | 0 |
| split | steady-10hz | 50 | 376.9 | 70.98 | 270 | 14128.6 | 9.49 | 17.49 | 19.07 | 22 |
| split | saturation | 50 | 386.9 | 65.05 | 1154.2 | 63791.1 | 16.58 | 20.04 | 21.75 | 31 |
| split | steady-10hz | 100 | 421.6 | 70.91 | 138 | 15464.9 | 9.73 | 17.63 | 19.63 | 85 |
| split | saturation | 100 | 440.8 | 71.80 | 612.6 | 65196.1 | 14.80 | 17.66 | 19.14 | 91 |

说明：move/s 是客户端发送移动到收到自身权威移动 Push 的闭环吞吐；AOI push/s 包括同地图所有玩家收到的 EntityMove Push。
