starting process map1 with one V8 and 1 scene(s) from E:\VsCode\skynet\ets_runtime\configs/local/map1.json
scene map_1 (MapHost) listening on 127.0.0.1:7301
[process:map1] one V8 started with 1 scene(s)
[map_1] MapHost scene started at 127.0.0.1:7301
map_1 accepted 127.0.0.1:55126 as conn 1
map_1 accepted 127.0.0.1:55177 as conn 2
[map_1] perf_split_50_1_1783917888131 enter map 1 unit 1000
[map_1] perf_split_50_0_1783917888130 enter map 1 unit 1001
[map_1] perf_split_50_3_1783917888132 enter map 1 unit 1002
[map_1] perf_split_50_7_1783917888132 enter map 1 unit 1003
[map_1] perf_split_50_5_1783917888132 enter map 1 unit 1004
[map_1] perf_split_50_9_1783917888132 enter map 1 unit 1005
[map_1] perf_split_50_11_1783917888132 enter map 1 unit 1006
[map_1] perf_split_50_15_1783917888132 enter map 1 unit 1007
[map_1] perf_split_50_13_1783917888132 enter map 1 unit 1008
[map_1] perf_split_50_2_1783917888132 enter map 1 unit 1009
[map_1] perf_split_50_4_1783917888132 enter map 1 unit 1010
[map_1] perf_split_50_6_1783917888132 enter map 1 unit 1011
[map_1] perf_split_50_8_1783917888132 enter map 1 unit 1012
[map_1] perf_split_50_10_1783917888132 enter map 1 unit 1013
[map_1] perf_split_50_12_1783917888132 enter map 1 unit 1014
[map_1] perf_split_50_14_1783917888132 enter map 1 unit 1015
[map_1] perf_split_50_17_1783917888188 enter map 1 unit 1016
[map_1] perf_split_50_16_1783917888188 enter map 1 unit 1017
[map_1] perf_split_50_19_1783917888205 enter map 1 unit 1018
[map_1] perf_split_50_18_1783917888205 enter map 1 unit 1019
[map_1] perf_split_50_20_1783917888205 enter map 1 unit 1020
[map_1] perf_split_50_21_1783917888206 enter map 1 unit 1021
[map_1] perf_split_50_22_1783917888206 enter map 1 unit 1022
[map_1] perf_split_50_23_1783917888206 enter map 1 unit 1023
[map_1] perf_split_50_24_1783917888206 enter map 1 unit 1024
[map_1] perf_split_50_26_1783917888207 enter map 1 unit 1025
[map_1] perf_split_50_28_1783917888207 enter map 1 unit 1026
[map_1] perf_split_50_25_1783917888207 enter map 1 unit 1027
[map_1] perf_split_50_27_1783917888207 enter map 1 unit 1028
[map_1] perf_split_50_29_1783917888208 enter map 1 unit 1029
[map_1] perf_split_50_30_1783917888208 enter map 1 unit 1030
[map_1] perf_split_50_32_1783917888209 enter map 1 unit 1031
[map_1] perf_split_50_31_1783917888208 enter map 1 unit 1032
[map_1] perf_split_50_33_1783917888209 enter map 1 unit 1033
[map_1] perf_split_50_34_1783917888219 enter map 1 unit 1034
[map_1] perf_split_50_35_1783917888220 enter map 1 unit 1035
[map_1] perf_split_50_36_1783917888229 enter map 1 unit 1036
[map_1] perf_split_50_39_1783917888237 enter map 1 unit 1037
[map_1] perf_split_50_37_1783917888236 enter map 1 unit 1038
[map_1] perf_split_50_38_1783917888237 enter map 1 unit 1039
[map_1] perf_split_50_40_1783917888237 enter map 1 unit 1040
[map_1] perf_split_50_41_1783917888237 enter map 1 unit 1041
[map_1] perf_split_50_43_1783917888238 enter map 1 unit 1042
[map_1] perf_split_50_44_1783917888238 enter map 1 unit 1043
[map_1] perf_split_50_46_1783917888239 enter map 1 unit 1044
[map_1] perf_split_50_42_1783917888238 enter map 1 unit 1045
[map_1] perf_split_50_45_1783917888239 enter map 1 unit 1046
[map_1] perf_split_50_48_1783917888240 enter map 1 unit 1047
[map_1] perf_split_50_47_1783917888239 enter map 1 unit 1048
[map_1] perf_split_50_49_1783917888240 enter map 1 unit 1049
[error] [map_1] [err 1005] message handler failed for msgcode 20009: [scene-overloaded] scene gate_1 outbound queue is full
[error] [map_1] [err 1005] message handler failed for msgcode 20009: [scene-overloaded] scene gate_1 outbound queue is full
[error] [map_1] [err 1005] message handler failed for msgcode 20009: [scene-overloaded] scene gate_1 outbound queue is full
[error] [map_1] [err 1005] message handler failed for msgcode 20009: [scene-overloaded] scene gate_1 outbound queue is full
[error] [map_1] [err 1005] message handler failed for msgcode 20009: [scene-overloaded] scene gate_1 outbound queue is full
[error] [map_1] [err 1005] message handler failed for msgcode 20009: [scene-overloaded] scene gate_1 outbound queue is full
[error] [map_1] [err 1005] message handler failed for msgcode 20009: [scene-overloaded] scene gate_1 outbound queue is full
[error] [map_1] [err 1005] message handler failed for msgcode 20009: [scene-overloaded] scene gate_1 outbound queue is full
[error] [map_1] [err 1005] message handler failed for msgcode 20009: [scene-overloaded] scene gate_1 outbound queue is full
[error] [map_1] [err 1005] message handler failed for msgcode 20009: [scene-overloaded] scene gate_1 outbound queue is full
[error] [map_1] [err 1005] message handler failed for msgcode 20009: [scene-overloaded] scene gate_1 outbound queue is full
[error] [map_1] [err 1005] message handler failed for msgcode 20009: [scene-overloaded] scene gate_1 outbound queue is full
[error] [map_1] [err 1005] message handler failed for msgcode 20009: [scene-overloaded] scene gate_1 outbound queue is full
[error] [map_1] [err 1005] message handler failed for msgcode 20009: [scene-overloaded] scene gate_1 outbound queue is full
[error] [map_1] [err 1005] message handler failed for msgcode 20009: [scene-overloaded] scene gate_1 outbound queue is full
[error] [map_1] [err 1005] message handler failed for msgcode 20009: [scene-overloaded] scene gate_1 outbound queue is full
[error] [map_1] [err 1005] message handler failed for msgcode 20009: [scene-overloaded] scene gate_1 outbound queue is full
[error] [map_1] [err 1005] message handler failed for msgcode 20009: [scene-overloaded] scene gate_1 outbound queue is full
[error] [map_1] [err 1005] message handler failed for msgcode 20009: [scene-overloaded] scene gate_1 outbound queue is full
[error] [map_1] [err 1005] message handler failed for msgcode 20009: [scene-overloaded] scene gate_1 outbound queue is full
[error] [map_1] [err 1005] message handler failed for msgcode 20009: [scene-overloaded] scene gate_1 outbound queue is full
[error] [map_1] [err 1005] message handler failed for msgcode 20009: [scene-overloaded] scene gate_1 outbound queue is full
[error] [map_1] [err 1005] message handler failed for msgcode 20009: [scene-overloaded] scene gate_1 outbound queue is full
[error] [map_1] [err 1005] message handler failed for msgcode 20009: [scene-overloaded] scene gate_1 outbound queue is full
[error] [map_1] [err 1005] message handler failed for msgcode 20009: [scene-overloaded] scene gate_1 outbound queue is full
[error] [map_1] [err 1005] message handler failed for msgcode 20009: [scene-overloaded] scene gate_1 outbound queue is full
[error] [map_1] [err 1005] message handler failed for msgcode 20009: [scene-overloaded] scene gate_1 outbound queue is full
[error] [map_1] [err 1005] message handler failed for msgcode 20009: [scene-overloaded] scene gate_1 outbound queue is full
[error] [map_1] [err 1005] message handler failed for msgcode 20009: [scene-overloaded] scene gate_1 outbound queue is full
[error] [map_1] [err 1005] message handler failed for msgcode 20009: [scene-overloaded] scene gate_1 outbound queue is full
[error] [map_1] [err 1005] message handler failed for msgcode 20009: [scene-overloaded] scene gate_1 outbound queue is full
[error] [map_1] [err 1005] message handler failed for msgcode 20009: [scene-overloaded] scene gate_1 outbound queue is full
[error] [map_1] [err 1005] message handler failed for msgcode 20009: [scene-overloaded] scene gate_1 outbound queue is full
[error] [map_1] [err 1005] message handler failed for msgcode 20009: [scene-overloaded] scene gate_1 outbound queue is full
[error] [map_1] [err 1005] message handler failed for msgcode 20009: [scene-overloaded] scene gate_1 outbound queue is full
[error] [map_1] [err 1005] message handler failed for msgcode 20009: [scene-overloaded] scene gate_1 outbound queue is full
[error] [map_1] [err 1005] message handler failed for msgcode 20009: [scene-overloaded] scene gate_1 outbound queue is full
[error] [map_1] [err 1005] message handler failed for msgcode 20009: [scene-overloaded] scene gate_1 outbound queue is full
[error] [map_1] [err 1005] message handler failed for msgcode 20009: [scene-overloaded] scene gate_1 outbound queue is full
[error] [map_1] [err 1005] message handler failed for msgcode 20009: [scene-overloaded] scene gate_1 outbound queue is full
[error] [map_1] [err 1005] message handler failed for msgcode 20009: [scene-overloaded] scene gate_1 outbound queue is full
[error] [map_1] [err 1005] message handler failed for msgcode 20009: [scene-overloaded] scene gate_1 outbound queue is full
[error] [map_1] [err 1005] message handler failed for msgcode 20009: [scene-overloaded] scene gate_1 outbound queue is full
[error] [map_1] [err 1005] message handler failed for msgcode 20009: [scene-overloaded] scene gate_1 outbound queue is full
[error] [map_1] [err 1005] message handler failed for msgcode 20009: [scene-overloaded] scene gate_1 outbound queue is full
[error] [map_1] [err 1005] message handler failed for msgcode 20009: [scene-overloaded] scene gate_1 outbound queue is full
[error] [map_1] [err 1005] message handler failed for msgcode 20009: [scene-overloaded] scene gate_1 outbound queue is full
[error] [map_1] [err 1005] message handler failed for msgcode 20009: [scene-overloaded] scene gate_1 outbound queue is full
[error] [map_1] [err 1005] message handler failed for msgcode 20009: [scene-overloaded] scene gate_1 outbound queue is full
[error] [map_1] [err 1005] message handler failed for msgcode 20009: [scene-overloaded] scene gate_1 outbound queue is full
[error] [map_1] [err 1005] message handler failed for msgcode 20009: [scene-overloaded] scene gate_1 outbound queue is full
[error] [map_1] [err 1005] message handler failed for msgcode 20009: [scene-overloaded] scene gate_1 outbound queue is full
[error] [map_1] [err 1005] message handler failed for msgcode 20009: [scene-overloaded] scene gate_1 outbound queue is full
[error] [map_1] [err 1005] message handler failed for msgcode 20009: [scene-overloaded] scene gate_1 outbound queue is full
[error] [map_1] [err 1005] message handler failed for msgcode 20009: [scene-overloaded] scene gate_1 outbound queue is full
[metrics:inner_transport] active=1 opened=1 pending=0 max_pending=0 overloads=1463 timeouts=0 disconnected_calls=0 late_responses=0 idle_closes=0
[metrics:map1] scene=map_1 type=MapHost processed=6039 failed=0 ts_queue=0 ts_max_queue=43 rust_queue=0 rust_max_queue=43 backpressure=0 slow_disconnects=0 update_ms=1.00 handler_ms=1.00 max_handler_ms=24.00 total_handler_ms=3935.00
[metrics:inner_transport] active=1 opened=1 pending=0 max_pending=0 overloads=1463 timeouts=0 disconnected_calls=0 late_responses=0 idle_closes=0
[metrics:map1] scene=map_1 type=MapHost processed=8867 failed=0 ts_queue=0 ts_max_queue=43 rust_queue=0 rust_max_queue=43 backpressure=0 slow_disconnects=0 update_ms=0.00 handler_ms=0.00 max_handler_ms=24.00 total_handler_ms=5030.00
[metrics:inner_transport] active=1 opened=1 pending=0 max_pending=0 overloads=1463 timeouts=0 disconnected_calls=0 late_responses=0 idle_closes=0
[metrics:map1] scene=map_1 type=MapHost processed=8867 failed=0 ts_queue=0 ts_max_queue=43 rust_queue=0 rust_max_queue=43 backpressure=0 slow_disconnects=0 update_ms=0.00 handler_ms=0.00 max_handler_ms=24.00 total_handler_ms=5030.00
[metrics:inner_transport] active=1 opened=1 pending=0 max_pending=0 overloads=1463 timeouts=0 disconnected_calls=0 late_responses=0 idle_closes=0
[metrics:map1] scene=map_1 type=MapHost processed=8867 failed=0 ts_queue=0 ts_max_queue=43 rust_queue=0 rust_max_queue=43 backpressure=0 slow_disconnects=0 update_ms=0.00 handler_ms=0.00 max_handler_ms=24.00 total_handler_ms=5030.00
