starting process log with one V8 and 1 scene(s) from E:\VsCode\skynet\ets_runtime\configs/local/log.json
scene log (Log) listening on 127.0.0.1:7100
[process:log] one V8 started with 1 scene(s)
[log] Log scene started at 127.0.0.1:7100
log accepted 127.0.0.1:55124 as conn 1
log accepted 127.0.0.1:55159 as conn 2
log accepted 127.0.0.1:55160 as conn 3
[log] [login_1] perf_split_50_0_1783917888130 login count 1
[log] [login_2] perf_split_50_1_1783917888131 login count 1
[log] [login_1] perf_split_50_2_1783917888132 login count 1
[log] [login_2] perf_split_50_3_1783917888132 login count 1
[log] [login_2] perf_split_50_5_1783917888132 login count 1
[log] [login_2] perf_split_50_7_1783917888132 login count 1
[log] [login_2] perf_split_50_9_1783917888132 login count 1
[log] [login_2] perf_split_50_11_1783917888132 login count 1
[log] [login_2] perf_split_50_13_1783917888132 login count 1
[log] [login_2] perf_split_50_15_1783917888132 login count 1
[log] [login_1] perf_split_50_4_1783917888132 login count 1
[log] [login_1] perf_split_50_6_1783917888132 login count 1
[log] [login_1] perf_split_50_8_1783917888132 login count 1
[log] [login_1] perf_split_50_10_1783917888132 login count 1
[log] [login_1] perf_split_50_12_1783917888132 login count 1
[log] [login_1] perf_split_50_14_1783917888132 login count 1
log accepted 127.0.0.1:55179 as conn 4
[log] [gate_1] perf_split_50_1_1783917888131 enter map_1 as unit 1000
[log] [gate_1] perf_split_50_0_1783917888130 enter map_1 as unit 1001
[log] [gate_1] perf_split_50_3_1783917888132 enter map_1 as unit 1002
[log] [login_1] perf_split_50_16_1783917888188 login count 1
[log] [login_2] perf_split_50_17_1783917888188 login count 1
[log] [gate_1] perf_split_50_7_1783917888132 enter map_1 as unit 1003
[log] [gate_1] perf_split_50_5_1783917888132 enter map_1 as unit 1004
[log] [gate_1] perf_split_50_9_1783917888132 enter map_1 as unit 1005
[log] [gate_1] perf_split_50_11_1783917888132 enter map_1 as unit 1006
[log] [gate_1] perf_split_50_15_1783917888132 enter map_1 as unit 1007
[log] [gate_1] perf_split_50_13_1783917888132 enter map_1 as unit 1008
[log] [gate_1] perf_split_50_2_1783917888132 enter map_1 as unit 1009
[log] [gate_1] perf_split_50_4_1783917888132 enter map_1 as unit 1010
[log] [gate_1] perf_split_50_6_1783917888132 enter map_1 as unit 1011
[log] [gate_1] perf_split_50_8_1783917888132 enter map_1 as unit 1012
[log] [gate_1] perf_split_50_10_1783917888132 enter map_1 as unit 1013
[log] [gate_1] perf_split_50_12_1783917888132 enter map_1 as unit 1014
[log] [gate_1] perf_split_50_14_1783917888132 enter map_1 as unit 1015
[log] [gate_1] perf_split_50_17_1783917888188 enter map_1 as unit 1016
[log] [gate_1] perf_split_50_16_1783917888188 enter map_1 as unit 1017
[log] [login_2] perf_split_50_18_1783917888205 login count 1
[log] [login_1] perf_split_50_19_1783917888205 login count 1
[log] [login_1] perf_split_50_20_1783917888205 login count 1
[log] [login_2] perf_split_50_21_1783917888206 login count 1
[log] [login_1] perf_split_50_22_1783917888206 login count 1
[log] [login_2] perf_split_50_23_1783917888206 login count 1
[log] [login_1] perf_split_50_24_1783917888206 login count 1
[log] [login_1] perf_split_50_26_1783917888207 login count 1
[log] [login_1] perf_split_50_28_1783917888207 login count 1
[log] [login_2] perf_split_50_25_1783917888207 login count 1
[log] [login_2] perf_split_50_27_1783917888207 login count 1
[log] [login_2] perf_split_50_29_1783917888208 login count 1
[log] [login_1] perf_split_50_31_1783917888208 login count 1
[log] [login_2] perf_split_50_30_1783917888208 login count 1
[log] [login_2] perf_split_50_33_1783917888209 login count 1
[log] [login_1] perf_split_50_32_1783917888209 login count 1
[log] [gate_1] perf_split_50_19_1783917888205 enter map_1 as unit 1018
[log] [gate_1] perf_split_50_18_1783917888205 enter map_1 as unit 1019
[log] [gate_1] perf_split_50_20_1783917888205 enter map_1 as unit 1020
[log] [login_2] perf_split_50_35_1783917888220 login count 1
[log] [login_1] perf_split_50_34_1783917888219 login count 1
[log] [gate_1] perf_split_50_21_1783917888206 enter map_1 as unit 1021
[log] [gate_1] perf_split_50_22_1783917888206 enter map_1 as unit 1022
[log] [gate_1] perf_split_50_23_1783917888206 enter map_1 as unit 1023
[log] [gate_1] perf_split_50_24_1783917888206 enter map_1 as unit 1024
[log] [gate_1] perf_split_50_26_1783917888207 enter map_1 as unit 1025
[log] [gate_1] perf_split_50_28_1783917888207 enter map_1 as unit 1026
[log] [gate_1] perf_split_50_25_1783917888207 enter map_1 as unit 1027
[log] [gate_1] perf_split_50_27_1783917888207 enter map_1 as unit 1028
[log] [gate_1] perf_split_50_29_1783917888208 enter map_1 as unit 1029
[log] [login_1] perf_split_50_36_1783917888229 login count 1
[log] [gate_1] perf_split_50_30_1783917888208 enter map_1 as unit 1030
[log] [gate_1] perf_split_50_32_1783917888209 enter map_1 as unit 1031
[log] [gate_1] perf_split_50_31_1783917888208 enter map_1 as unit 1032
[log] [gate_1] perf_split_50_33_1783917888209 enter map_1 as unit 1033
[log] [gate_1] perf_split_50_34_1783917888219 enter map_1 as unit 1034
[log] [gate_1] perf_split_50_35_1783917888220 enter map_1 as unit 1035
[log] [gate_1] perf_split_50_36_1783917888229 enter map_1 as unit 1036
[log] [login_1] perf_split_50_38_1783917888237 login count 1
[log] [login_2] perf_split_50_37_1783917888236 login count 1
[log] [login_2] perf_split_50_39_1783917888237 login count 1
[log] [login_1] perf_split_50_40_1783917888237 login count 1
[log] [login_1] perf_split_50_41_1783917888237 login count 1
[log] [login_2] perf_split_50_43_1783917888238 login count 1
[log] [login_1] perf_split_50_44_1783917888238 login count 1
[log] [login_1] perf_split_50_46_1783917888239 login count 1
[log] [login_2] perf_split_50_42_1783917888238 login count 1
[log] [login_2] perf_split_50_45_1783917888239 login count 1
[log] [login_1] perf_split_50_48_1783917888240 login count 1
[log] [login_2] perf_split_50_47_1783917888239 login count 1
[log] [login_2] perf_split_50_49_1783917888240 login count 1
[log] [gate_1] perf_split_50_39_1783917888237 enter map_1 as unit 1037
[log] [gate_1] perf_split_50_37_1783917888236 enter map_1 as unit 1038
[log] [gate_1] perf_split_50_38_1783917888237 enter map_1 as unit 1039
[log] [gate_1] perf_split_50_40_1783917888237 enter map_1 as unit 1040
[log] [gate_1] perf_split_50_41_1783917888237 enter map_1 as unit 1041
[log] [gate_1] perf_split_50_43_1783917888238 enter map_1 as unit 1042
[log] [gate_1] perf_split_50_44_1783917888238 enter map_1 as unit 1043
[log] [gate_1] perf_split_50_46_1783917888239 enter map_1 as unit 1044
[log] [gate_1] perf_split_50_42_1783917888238 enter map_1 as unit 1045
[log] [gate_1] perf_split_50_45_1783917888239 enter map_1 as unit 1046
[log] [gate_1] perf_split_50_48_1783917888240 enter map_1 as unit 1047
[log] [gate_1] perf_split_50_47_1783917888239 enter map_1 as unit 1048
[log] [gate_1] perf_split_50_49_1783917888240 enter map_1 as unit 1049
[metrics:inner_transport] active=0 opened=0 pending=0 max_pending=0 overloads=0 timeouts=0 disconnected_calls=0 late_responses=0 idle_closes=0
[metrics:log] scene=log type=Log processed=100 failed=0 ts_queue=0 ts_max_queue=7 rust_queue=0 rust_max_queue=7 backpressure=0 slow_disconnects=0 update_ms=0.00 handler_ms=0.00 max_handler_ms=3.00 total_handler_ms=16.00
[metrics:inner_transport] active=0 opened=0 pending=0 max_pending=0 overloads=0 timeouts=0 disconnected_calls=0 late_responses=0 idle_closes=0
[metrics:log] scene=log type=Log processed=100 failed=0 ts_queue=0 ts_max_queue=7 rust_queue=0 rust_max_queue=7 backpressure=0 slow_disconnects=0 update_ms=0.00 handler_ms=0.00 max_handler_ms=3.00 total_handler_ms=16.00
[metrics:inner_transport] active=0 opened=0 pending=0 max_pending=0 overloads=0 timeouts=0 disconnected_calls=0 late_responses=0 idle_closes=0
[metrics:log] scene=log type=Log processed=100 failed=0 ts_queue=0 ts_max_queue=7 rust_queue=0 rust_max_queue=7 backpressure=0 slow_disconnects=0 update_ms=0.00 handler_ms=0.00 max_handler_ms=3.00 total_handler_ms=16.00
[metrics:inner_transport] active=0 opened=0 pending=0 max_pending=0 overloads=0 timeouts=0 disconnected_calls=0 late_responses=0 idle_closes=0
[metrics:log] scene=log type=Log processed=100 failed=0 ts_queue=0 ts_max_queue=7 rust_queue=0 rust_max_queue=7 backpressure=0 slow_disconnects=0 update_ms=0.00 handler_ms=0.00 max_handler_ms=3.00 total_handler_ms=16.00
