starting process log with one V8 and 1 scene(s) from E:\VsCode\skynet\ets_runtime\perf\results\runtime_configs\map_capacity_20260713_093026\100p_8g_r1\log.json
scene log (Log) listening on 127.0.0.1:7100
[process:log] one V8 started with 1 scene(s)
[log] Log scene started at 127.0.0.1:7100
log accepted 127.0.0.1:61038 as conn 1
log accepted 127.0.0.1:61082 as conn 2
[log] [login_1] perf_8g_10_100_1_1783935027106 login count 1
[log] [login_1] perf_8g_10_100_0_1783935027105 login count 1
[log] [login_1] perf_8g_10_100_2_1783935027106 login count 1
[log] [login_1] perf_8g_10_100_4_1783935027106 login count 1
[log] [login_1] perf_8g_10_100_6_1783935027106 login count 1
[log] [login_1] perf_8g_10_100_8_1783935027106 login count 1
[log] [login_1] perf_8g_10_100_3_1783935027106 login count 1
[log] [login_1] perf_8g_10_100_10_1783935027106 login count 1
[log] [login_1] perf_8g_10_100_11_1783935027106 login count 1
[log] [login_1] perf_8g_10_100_5_1783935027106 login count 1
[log] [login_1] perf_8g_10_100_13_1783935027106 login count 1
[log] [login_1] perf_8g_10_100_9_1783935027106 login count 1
[log] [login_1] perf_8g_10_100_7_1783935027106 login count 1
[log] [login_1] perf_8g_10_100_14_1783935027106 login count 1
[log] [login_1] perf_8g_10_100_15_1783935027106 login count 1
[log] [login_1] perf_8g_10_100_12_1783935027106 login count 1
log accepted 127.0.0.1:61108 as conn 3
[log] [gate_1] perf_8g_10_100_1_1783935027106 enter map_1 as unit 1000
log accepted 127.0.0.1:61117 as conn 4
log accepted 127.0.0.1:61119 as conn 5
log accepted 127.0.0.1:61120 as conn 6
log accepted 127.0.0.1:61118 as conn 7
log accepted 127.0.0.1:61121 as conn 8
[log] [gate_3] perf_8g_10_100_13_1783935027106 enter map_1 as unit 1001
log accepted 127.0.0.1:61123 as conn 9
log accepted 127.0.0.1:61122 as conn 10
[log] [gate_2] perf_8g_10_100_0_1783935027105 enter map_1 as unit 1004
[log] [gate_7] perf_8g_10_100_3_1783935027106 enter map_1 as unit 1006
[log] [gate_4] perf_8g_10_100_4_1783935027106 enter map_1 as unit 1003
[log] [gate_6] perf_8g_10_100_8_1783935027106 enter map_1 as unit 1005
[log] [gate_5] perf_8g_10_100_6_1783935027106 enter map_1 as unit 1002
[log] [gate_1] perf_8g_10_100_11_1783935027106 enter map_1 as unit 1008
[log] [login_1] perf_8g_10_100_16_1783935027132 login count 1
[log] [gate_7] perf_8g_10_100_15_1783935027106 enter map_1 as unit 1009
[log] [login_1] perf_8g_10_100_17_1783935027133 login count 1
[log] [gate_3] perf_8g_10_100_2_1783935027106 enter map_1 as unit 1012
[log] [gate_6] perf_8g_10_100_14_1783935027106 enter map_1 as unit 1010
[log] [gate_4] perf_8g_10_100_9_1783935027106 enter map_1 as unit 1014
[log] [gate_5] perf_8g_10_100_7_1783935027106 enter map_1 as unit 1011
[log] [gate_2] perf_8g_10_100_5_1783935027106 enter map_1 as unit 1013
[log] [gate_1] perf_8g_10_100_16_1783935027132 enter map_1 as unit 1015
[log] [login_1] perf_8g_10_100_18_1783935027135 login count 1
[log] [login_1] perf_8g_10_100_19_1783935027136 login count 1
[log] [gate_2] perf_8g_10_100_17_1783935027133 enter map_1 as unit 1016
[log] [login_1] perf_8g_10_100_20_1783935027137 login count 1
[log] [login_1] perf_8g_10_100_21_1783935027137 login count 1
[log] [login_1] perf_8g_10_100_23_1783935027137 login count 1
[log] [login_1] perf_8g_10_100_22_1783935027137 login count 1
[log] [login_1] perf_8g_10_100_24_1783935027138 login count 1
[log] [login_1] perf_8g_10_100_25_1783935027138 login count 1
[log] [login_1] perf_8g_10_100_27_1783935027138 login count 1
[log] [login_1] perf_8g_10_100_26_1783935027138 login count 1
[log] [login_1] perf_8g_10_100_28_1783935027139 login count 1
[log] [login_1] perf_8g_10_100_29_1783935027139 login count 1
[log] [login_1] perf_8g_10_100_30_1783935027139 login count 1
[log] [gate_3] perf_8g_10_100_18_1783935027135 enter map_1 as unit 1017
[log] [gate_8] perf_8g_10_100_12_1783935027106 enter map_1 as unit 1007
[log] [gate_4] perf_8g_10_100_19_1783935027136 enter map_1 as unit 1018
[log] [login_1] perf_8g_10_100_31_1783935027143 login count 1
[log] [gate_8] perf_8g_10_100_10_1783935027106 enter map_1 as unit 1019
[log] [gate_5] perf_8g_10_100_20_1783935027137 enter map_1 as unit 1020
[log] [gate_7] perf_8g_10_100_23_1783935027137 enter map_1 as unit 1021
[log] [gate_6] perf_8g_10_100_21_1783935027137 enter map_1 as unit 1022
[log] [login_1] perf_8g_10_100_32_1783935027148 login count 1
[log] [gate_1] perf_8g_10_100_24_1783935027138 enter map_1 as unit 1024
[log] [gate_3] perf_8g_10_100_27_1783935027138 enter map_1 as unit 1026
[log] [gate_8] perf_8g_10_100_22_1783935027137 enter map_1 as unit 1023
[log] [gate_2] perf_8g_10_100_25_1783935027138 enter map_1 as unit 1025
[log] [gate_5] perf_8g_10_100_28_1783935027139 enter map_1 as unit 1027
[log] [login_1] perf_8g_10_100_33_1783935027148 login count 1
[log] [login_1] perf_8g_10_100_34_1783935027148 login count 1
[log] [login_1] perf_8g_10_100_35_1783935027149 login count 1
[log] [login_1] perf_8g_10_100_36_1783935027150 login count 1
[log] [gate_4] perf_8g_10_100_26_1783935027138 enter map_1 as unit 1028
[log] [gate_6] perf_8g_10_100_29_1783935027139 enter map_1 as unit 1030
[log] [gate_7] perf_8g_10_100_30_1783935027139 enter map_1 as unit 1029
[log] [gate_1] perf_8g_10_100_32_1783935027148 enter map_1 as unit 1031
[log] [gate_8] perf_8g_10_100_31_1783935027143 enter map_1 as unit 1032
[log] [gate_2] perf_8g_10_100_33_1783935027148 enter map_1 as unit 1033
[log] [gate_3] perf_8g_10_100_34_1783935027148 enter map_1 as unit 1034
[log] [login_1] perf_8g_10_100_37_1783935027155 login count 1
[log] [login_1] perf_8g_10_100_38_1783935027155 login count 1
[log] [login_1] perf_8g_10_100_39_1783935027155 login count 1
[log] [gate_4] perf_8g_10_100_35_1783935027149 enter map_1 as unit 1035
[log] [gate_5] perf_8g_10_100_36_1783935027150 enter map_1 as unit 1036
[log] [login_1] perf_8g_10_100_40_1783935027156 login count 1
[log] [login_1] perf_8g_10_100_41_1783935027156 login count 1
[log] [login_1] perf_8g_10_100_42_1783935027158 login count 1
[log] [login_1] perf_8g_10_100_43_1783935027158 login count 1
[log] [login_1] perf_8g_10_100_44_1783935027158 login count 1
[log] [login_1] perf_8g_10_100_45_1783935027159 login count 1
[log] [login_1] perf_8g_10_100_46_1783935027159 login count 1
[log] [login_1] perf_8g_10_100_47_1783935027161 login count 1
[log] [login_1] perf_8g_10_100_48_1783935027161 login count 1
[log] [login_1] perf_8g_10_100_49_1783935027163 login count 1
[log] [gate_6] perf_8g_10_100_37_1783935027155 enter map_1 as unit 1037
[log] [login_1] perf_8g_10_100_50_1783935027163 login count 1
[log] [gate_7] perf_8g_10_100_38_1783935027155 enter map_1 as unit 1038
[log] [gate_8] perf_8g_10_100_39_1783935027155 enter map_1 as unit 1039
[log] [login_1] perf_8g_10_100_51_1783935027166 login count 1
[log] [gate_1] perf_8g_10_100_40_1783935027156 enter map_1 as unit 1040
[log] [login_1] perf_8g_10_100_52_1783935027166 login count 1
[log] [gate_2] perf_8g_10_100_41_1783935027156 enter map_1 as unit 1041
[log] [gate_3] perf_8g_10_100_42_1783935027158 enter map_1 as unit 1042
[log] [gate_4] perf_8g_10_100_43_1783935027158 enter map_1 as unit 1043
[log] [gate_6] perf_8g_10_100_45_1783935027159 enter map_1 as unit 1045
[log] [gate_5] perf_8g_10_100_44_1783935027158 enter map_1 as unit 1044
[log] [gate_7] perf_8g_10_100_46_1783935027159 enter map_1 as unit 1046
[log] [gate_8] perf_8g_10_100_47_1783935027161 enter map_1 as unit 1047
[log] [gate_1] perf_8g_10_100_48_1783935027161 enter map_1 as unit 1048
[log] [gate_2] perf_8g_10_100_49_1783935027163 enter map_1 as unit 1049
[log] [gate_3] perf_8g_10_100_50_1783935027163 enter map_1 as unit 1050
[log] [gate_4] perf_8g_10_100_51_1783935027166 enter map_1 as unit 1051
[log] [login_1] perf_8g_10_100_53_1783935027172 login count 1
[log] [gate_5] perf_8g_10_100_52_1783935027166 enter map_1 as unit 1052
[log] [login_1] perf_8g_10_100_54_1783935027174 login count 1
[log] [login_1] perf_8g_10_100_55_1783935027174 login count 1
[log] [login_1] perf_8g_10_100_56_1783935027175 login count 1
[log] [login_1] perf_8g_10_100_57_1783935027176 login count 1
[log] [login_1] perf_8g_10_100_58_1783935027176 login count 1
[log] [login_1] perf_8g_10_100_59_1783935027177 login count 1
[log] [login_1] perf_8g_10_100_60_1783935027178 login count 1
[log] [login_1] perf_8g_10_100_61_1783935027179 login count 1
[log] [login_1] perf_8g_10_100_62_1783935027179 login count 1
[log] [login_1] perf_8g_10_100_63_1783935027180 login count 1
[log] [login_1] perf_8g_10_100_64_1783935027180 login count 1
[log] [login_1] perf_8g_10_100_65_1783935027182 login count 1
[log] [login_1] perf_8g_10_100_66_1783935027182 login count 1
[log] [gate_6] perf_8g_10_100_53_1783935027172 enter map_1 as unit 1053
[log] [login_1] perf_8g_10_100_67_1783935027184 login count 1
[log] [login_1] perf_8g_10_100_68_1783935027185 login count 1
[log] [gate_7] perf_8g_10_100_54_1783935027174 enter map_1 as unit 1054
[log] [gate_8] perf_8g_10_100_55_1783935027174 enter map_1 as unit 1055
[log] [gate_2] perf_8g_10_100_57_1783935027176 enter map_1 as unit 1057
[log] [gate_1] perf_8g_10_100_56_1783935027175 enter map_1 as unit 1056
[log] [login_1] perf_8g_10_100_69_1783935027192 login count 1
[log] [login_1] perf_8g_10_100_70_1783935027193 login count 1
[log] [gate_3] perf_8g_10_100_58_1783935027176 enter map_1 as unit 1058
[log] [gate_5] perf_8g_10_100_60_1783935027178 enter map_1 as unit 1060
[log] [gate_4] perf_8g_10_100_59_1783935027177 enter map_1 as unit 1059
[log] [gate_6] perf_8g_10_100_61_1783935027179 enter map_1 as unit 1061
[log] [login_1] perf_8g_10_100_71_1783935027195 login count 1
[log] [login_1] perf_8g_10_100_72_1783935027196 login count 1
[log] [login_1] perf_8g_10_100_73_1783935027196 login count 1
[log] [gate_7] perf_8g_10_100_62_1783935027179 enter map_1 as unit 1062
[log] [gate_2] perf_8g_10_100_65_1783935027182 enter map_1 as unit 1064
[log] [gate_8] perf_8g_10_100_63_1783935027180 enter map_1 as unit 1063
[log] [gate_1] perf_8g_10_100_64_1783935027180 enter map_1 as unit 1065
[log] [gate_4] perf_8g_10_100_67_1783935027184 enter map_1 as unit 1067
[log] [gate_6] perf_8g_10_100_69_1783935027192 enter map_1 as unit 1066
[log] [login_1] perf_8g_10_100_74_1783935027198 login count 1
[log] [login_1] perf_8g_10_100_75_1783935027199 login count 1
[log] [gate_3] perf_8g_10_100_66_1783935027182 enter map_1 as unit 1069
[log] [gate_5] perf_8g_10_100_68_1783935027185 enter map_1 as unit 1068
[log] [login_1] perf_8g_10_100_76_1783935027200 login count 1
[log] [gate_8] perf_8g_10_100_71_1783935027195 enter map_1 as unit 1070
[log] [gate_7] perf_8g_10_100_70_1783935027193 enter map_1 as unit 1071
[log] [login_1] perf_8g_10_100_77_1783935027200 login count 1
[log] [gate_2] perf_8g_10_100_73_1783935027196 enter map_1 as unit 1072
[log] [login_1] perf_8g_10_100_78_1783935027201 login count 1
[log] [login_1] perf_8g_10_100_79_1783935027202 login count 1
[log] [gate_1] perf_8g_10_100_72_1783935027196 enter map_1 as unit 1073
[log] [login_1] perf_8g_10_100_80_1783935027202 login count 1
[log] [login_1] perf_8g_10_100_81_1783935027205 login count 1
[log] [gate_3] perf_8g_10_100_74_1783935027198 enter map_1 as unit 1074
[log] [login_1] perf_8g_10_100_82_1783935027205 login count 1
[log] [login_1] perf_8g_10_100_83_1783935027206 login count 1
[log] [gate_4] perf_8g_10_100_75_1783935027199 enter map_1 as unit 1075
[log] [gate_5] perf_8g_10_100_76_1783935027200 enter map_1 as unit 1076
[log] [login_1] perf_8g_10_100_84_1783935027209 login count 1
[log] [login_1] perf_8g_10_100_85_1783935027209 login count 1
[log] [gate_6] perf_8g_10_100_77_1783935027200 enter map_1 as unit 1077
[log] [login_1] perf_8g_10_100_86_1783935027211 login count 1
[log] [login_1] perf_8g_10_100_87_1783935027211 login count 1
[log] [gate_7] perf_8g_10_100_78_1783935027201 enter map_1 as unit 1078
[log] [login_1] perf_8g_10_100_88_1783935027212 login count 1
[log] [gate_1] perf_8g_10_100_80_1783935027202 enter map_1 as unit 1080
[log] [gate_8] perf_8g_10_100_79_1783935027202 enter map_1 as unit 1079
[log] [login_1] perf_8g_10_100_89_1783935027213 login count 1
[log] [gate_2] perf_8g_10_100_81_1783935027205 enter map_1 as unit 1081
[log] [gate_3] perf_8g_10_100_82_1783935027205 enter map_1 as unit 1082
[log] [gate_4] perf_8g_10_100_83_1783935027206 enter map_1 as unit 1083
[log] [login_1] perf_8g_10_100_90_1783935027218 login count 1
[log] [login_1] perf_8g_10_100_91_1783935027220 login count 1
[log] [gate_5] perf_8g_10_100_84_1783935027209 enter map_1 as unit 1084
[log] [login_1] perf_8g_10_100_92_1783935027220 login count 1
[log] [gate_6] perf_8g_10_100_85_1783935027209 enter map_1 as unit 1085
[log] [gate_7] perf_8g_10_100_86_1783935027211 enter map_1 as unit 1086
[log] [login_1] perf_8g_10_100_93_1783935027223 login count 1
[log] [gate_8] perf_8g_10_100_87_1783935027211 enter map_1 as unit 1087
[log] [gate_1] perf_8g_10_100_88_1783935027212 enter map_1 as unit 1088
[log] [login_1] perf_8g_10_100_94_1783935027224 login count 1
[log] [gate_2] perf_8g_10_100_89_1783935027213 enter map_1 as unit 1089
[log] [login_1] perf_8g_10_100_95_1783935027226 login count 1
[log] [login_1] perf_8g_10_100_96_1783935027227 login count 1
[log] [gate_3] perf_8g_10_100_90_1783935027218 enter map_1 as unit 1090
[log] [login_1] perf_8g_10_100_97_1783935027229 login count 1
[log] [gate_4] perf_8g_10_100_91_1783935027220 enter map_1 as unit 1091
[log] [login_1] perf_8g_10_100_98_1783935027230 login count 1
[log] [login_1] perf_8g_10_100_99_1783935027231 login count 1
[log] [gate_5] perf_8g_10_100_92_1783935027220 enter map_1 as unit 1092
[log] [gate_6] perf_8g_10_100_93_1783935027223 enter map_1 as unit 1093
[log] [gate_7] perf_8g_10_100_94_1783935027224 enter map_1 as unit 1094
[log] [gate_8] perf_8g_10_100_95_1783935027226 enter map_1 as unit 1095
[log] [gate_2] perf_8g_10_100_97_1783935027229 enter map_1 as unit 1097
[log] [gate_1] perf_8g_10_100_96_1783935027227 enter map_1 as unit 1096
[log] [gate_4] perf_8g_10_100_99_1783935027231 enter map_1 as unit 1099
[log] [gate_3] perf_8g_10_100_98_1783935027230 enter map_1 as unit 1098
[metrics:inner_transport] active=0 opened=0 pending=0 max_pending=0 overloads=0 timeouts=0 disconnected_calls=0 late_responses=0 idle_closes=0
[process-metrics] process=log cpu_percent=0.63 cpu_time_ms=78 rss_bytes=32755712 v8_heap_used_bytes=3010072 v8_heap_total_bytes=5517312 v8_gc_count=2 v8_gc_ms=0.879 timestamp_ms=1783935031854
[metrics:log] scene=log type=Log processed=200 failed=0 ts_queue=0 ts_max_queue=10 rust_queue=0 rust_max_queue=10 backpressure=0 slow_disconnects=0 update_ms=0.00 handler_ms=0.00 max_handler_ms=1.00 total_handler_ms=7.00
[metrics:inner_transport] active=0 opened=0 pending=0 max_pending=0 overloads=0 timeouts=0 disconnected_calls=0 late_responses=0 idle_closes=0
[process-metrics] process=log cpu_percent=0.62 cpu_time_ms=109 rss_bytes=32894976 v8_heap_used_bytes=3148744 v8_heap_total_bytes=5517312 v8_gc_count=2 v8_gc_ms=0.879 timestamp_ms=1783935036893
[metrics:log] scene=log type=Log processed=200 failed=0 ts_queue=0 ts_max_queue=10 rust_queue=0 rust_max_queue=10 backpressure=0 slow_disconnects=0 update_ms=0.00 handler_ms=0.00 max_handler_ms=1.00 total_handler_ms=7.00
[metrics:inner_transport] active=0 opened=0 pending=0 max_pending=0 overloads=0 timeouts=0 disconnected_calls=0 late_responses=0 idle_closes=0
[process-metrics] process=log cpu_percent=0.32 cpu_time_ms=125 rss_bytes=33128448 v8_heap_used_bytes=3291176 v8_heap_total_bytes=5779456 v8_gc_count=2 v8_gc_ms=0.879 timestamp_ms=1783935041893
[metrics:log] scene=log type=Log processed=200 failed=0 ts_queue=0 ts_max_queue=10 rust_queue=0 rust_max_queue=10 backpressure=0 slow_disconnects=0 update_ms=0.00 handler_ms=0.00 max_handler_ms=1.00 total_handler_ms=7.00
[metrics:inner_transport] active=0 opened=0 pending=0 max_pending=0 overloads=0 timeouts=0 disconnected_calls=0 late_responses=0 idle_closes=0
[process-metrics] process=log cpu_percent=0.00 cpu_time_ms=125 rss_bytes=33259520 v8_heap_used_bytes=3429848 v8_heap_total_bytes=5779456 v8_gc_count=2 v8_gc_ms=0.879 timestamp_ms=1783935046936
[metrics:log] scene=log type=Log processed=200 failed=0 ts_queue=0 ts_max_queue=10 rust_queue=0 rust_max_queue=10 backpressure=0 slow_disconnects=0 update_ms=0.00 handler_ms=0.00 max_handler_ms=1.00 total_handler_ms=7.00
[metrics:inner_transport] active=0 opened=0 pending=0 max_pending=0 overloads=0 timeouts=0 disconnected_calls=0 late_responses=0 idle_closes=0
[process-metrics] process=log cpu_percent=0.61 cpu_time_ms=156 rss_bytes=33488896 v8_heap_used_bytes=3588168 v8_heap_total_bytes=6041600 v8_gc_count=2 v8_gc_ms=0.879 timestamp_ms=1783935051980
[metrics:log] scene=log type=Log processed=200 failed=0 ts_queue=0 ts_max_queue=10 rust_queue=0 rust_max_queue=10 backpressure=0 slow_disconnects=0 update_ms=0.00 handler_ms=0.00 max_handler_ms=1.00 total_handler_ms=7.00
[metrics:inner_transport] active=0 opened=0 pending=0 max_pending=0 overloads=0 timeouts=0 disconnected_calls=0 late_responses=0 idle_closes=0
[process-metrics] process=log cpu_percent=0.00 cpu_time_ms=156 rss_bytes=33558528 v8_heap_used_bytes=2109616 v8_heap_total_bytes=4206592 v8_gc_count=3 v8_gc_ms=1.147 timestamp_ms=1783935057026
[metrics:log] scene=log type=Log processed=200 failed=0 ts_queue=0 ts_max_queue=10 rust_queue=0 rust_max_queue=10 backpressure=0 slow_disconnects=0 update_ms=0.00 handler_ms=0.00 max_handler_ms=1.00 total_handler_ms=7.00
[metrics:inner_transport] active=0 opened=0 pending=0 max_pending=0 overloads=0 timeouts=0 disconnected_calls=0 late_responses=0 idle_closes=0
[process-metrics] process=log cpu_percent=0.00 cpu_time_ms=156 rss_bytes=32075776 v8_heap_used_bytes=2243752 v8_heap_total_bytes=4206592 v8_gc_count=3 v8_gc_ms=1.147 timestamp_ms=1783935062074
[metrics:log] scene=log type=Log processed=200 failed=0 ts_queue=0 ts_max_queue=10 rust_queue=0 rust_max_queue=10 backpressure=0 slow_disconnects=0 update_ms=0.00 handler_ms=0.00 max_handler_ms=1.00 total_handler_ms=7.00
[metrics:inner_transport] active=0 opened=0 pending=0 max_pending=0 overloads=0 timeouts=0 disconnected_calls=0 late_responses=0 idle_closes=0
[process-metrics] process=log cpu_percent=0.30 cpu_time_ms=171 rss_bytes=32075776 v8_heap_used_bytes=2372056 v8_heap_total_bytes=4206592 v8_gc_count=3 v8_gc_ms=1.147 timestamp_ms=1783935067128
[metrics:log] scene=log type=Log processed=200 failed=0 ts_queue=0 ts_max_queue=10 rust_queue=0 rust_max_queue=10 backpressure=0 slow_disconnects=0 update_ms=0.00 handler_ms=0.00 max_handler_ms=1.00 total_handler_ms=7.00
