starting process log with one V8 and 1 scene(s) from E:\VsCode\skynet\ets_runtime\configs/local/log.json
scene log (Log) listening on 127.0.0.1:7100
[process:log] one V8 started with 1 scene(s)
[log] Log scene started at 127.0.0.1:7100
log accepted 127.0.0.1:56115 as conn 1
log accepted 127.0.0.1:56150 as conn 2
log accepted 127.0.0.1:56151 as conn 3
[log] [login_1] perf_split_10_50_0_1783924754428 login count 1
[log] [login_2] perf_split_10_50_1_1783924754429 login count 1
[log] [login_1] perf_split_10_50_2_1783924754429 login count 1
[log] [login_2] perf_split_10_50_4_1783924754429 login count 1
[log] [login_1] perf_split_10_50_3_1783924754429 login count 1
[log] [login_1] perf_split_10_50_6_1783924754430 login count 1
[log] [login_1] perf_split_10_50_10_1783924754430 login count 1
[log] [login_1] perf_split_10_50_7_1783924754430 login count 1
[log] [login_1] perf_split_10_50_12_1783924754430 login count 1
[log] [login_1] perf_split_10_50_14_1783924754430 login count 1
[log] [login_2] perf_split_10_50_5_1783924754429 login count 1
[log] [login_2] perf_split_10_50_8_1783924754430 login count 1
[log] [login_2] perf_split_10_50_9_1783924754430 login count 1
[log] [login_2] perf_split_10_50_11_1783924754430 login count 1
[log] [login_2] perf_split_10_50_13_1783924754430 login count 1
[log] [login_2] perf_split_10_50_15_1783924754430 login count 1
log accepted 127.0.0.1:56170 as conn 4
[log] [gate_1] perf_split_10_50_1_1783924754429 enter map_1 as unit 1000
[log] [gate_1] perf_split_10_50_2_1783924754429 enter map_1 as unit 1001
[log] [gate_1] perf_split_10_50_0_1783924754428 enter map_1 as unit 1002
[log] [gate_1] perf_split_10_50_4_1783924754429 enter map_1 as unit 1003
[log] [gate_1] perf_split_10_50_3_1783924754429 enter map_1 as unit 1004
[log] [gate_1] perf_split_10_50_6_1783924754430 enter map_1 as unit 1005
[log] [gate_1] perf_split_10_50_10_1783924754430 enter map_1 as unit 1006
[log] [gate_1] perf_split_10_50_7_1783924754430 enter map_1 as unit 1007
[log] [gate_1] perf_split_10_50_12_1783924754430 enter map_1 as unit 1008
[log] [gate_1] perf_split_10_50_14_1783924754430 enter map_1 as unit 1009
[log] [gate_1] perf_split_10_50_5_1783924754429 enter map_1 as unit 1010
[log] [gate_1] perf_split_10_50_11_1783924754430 enter map_1 as unit 1011
[log] [gate_1] perf_split_10_50_13_1783924754430 enter map_1 as unit 1012
[log] [login_1] perf_split_10_50_16_1783924754458 login count 1
[log] [gate_1] perf_split_10_50_8_1783924754430 enter map_1 as unit 1013
[log] [login_1] perf_split_10_50_18_1783924754459 login count 1
[log] [login_2] perf_split_10_50_17_1783924754458 login count 1
[log] [gate_1] perf_split_10_50_9_1783924754430 enter map_1 as unit 1014
[log] [login_1] perf_split_10_50_20_1783924754459 login count 1
[log] [login_2] perf_split_10_50_19_1783924754459 login count 1
[log] [login_2] perf_split_10_50_21_1783924754460 login count 1
[log] [login_2] perf_split_10_50_23_1783924754460 login count 1
[log] [login_1] perf_split_10_50_22_1783924754460 login count 1
[log] [gate_1] perf_split_10_50_15_1783924754430 enter map_1 as unit 1015
[log] [gate_1] perf_split_10_50_16_1783924754458 enter map_1 as unit 1016
[log] [gate_1] perf_split_10_50_17_1783924754458 enter map_1 as unit 1017
[log] [login_1] perf_split_10_50_24_1783924754466 login count 1
[log] [login_2] perf_split_10_50_25_1783924754466 login count 1
[log] [gate_1] perf_split_10_50_18_1783924754459 enter map_1 as unit 1018
[log] [login_1] perf_split_10_50_28_1783924754467 login count 1
[log] [login_1] perf_split_10_50_26_1783924754466 login count 1
[log] [login_1] perf_split_10_50_30_1783924754467 login count 1
[log] [login_2] perf_split_10_50_27_1783924754466 login count 1
[log] [login_2] perf_split_10_50_29_1783924754467 login count 1
[log] [login_2] perf_split_10_50_31_1783924754467 login count 1
[log] [gate_1] perf_split_10_50_20_1783924754459 enter map_1 as unit 1019
[log] [gate_1] perf_split_10_50_19_1783924754459 enter map_1 as unit 1020
[log] [gate_1] perf_split_10_50_21_1783924754460 enter map_1 as unit 1021
[log] [gate_1] perf_split_10_50_23_1783924754460 enter map_1 as unit 1022
[log] [gate_1] perf_split_10_50_22_1783924754460 enter map_1 as unit 1023
[log] [login_1] perf_split_10_50_32_1783924754475 login count 1
[log] [gate_1] perf_split_10_50_24_1783924754466 enter map_1 as unit 1024
[log] [gate_1] perf_split_10_50_25_1783924754466 enter map_1 as unit 1025
[log] [gate_1] perf_split_10_50_28_1783924754467 enter map_1 as unit 1026
[log] [gate_1] perf_split_10_50_26_1783924754466 enter map_1 as unit 1027
[log] [login_1] perf_split_10_50_34_1783924754477 login count 1
[log] [login_2] perf_split_10_50_33_1783924754477 login count 1
[log] [login_2] perf_split_10_50_35_1783924754477 login count 1
[log] [login_1] perf_split_10_50_36_1783924754478 login count 1
[log] [login_2] perf_split_10_50_37_1783924754478 login count 1
[log] [login_1] perf_split_10_50_38_1783924754479 login count 1
[log] [login_2] perf_split_10_50_39_1783924754479 login count 1
[log] [gate_1] perf_split_10_50_30_1783924754467 enter map_1 as unit 1028
[log] [gate_1] perf_split_10_50_29_1783924754467 enter map_1 as unit 1029
[log] [gate_1] perf_split_10_50_27_1783924754466 enter map_1 as unit 1030
[log] [gate_1] perf_split_10_50_31_1783924754467 enter map_1 as unit 1031
[log] [login_1] perf_split_10_50_40_1783924754486 login count 1
[log] [gate_1] perf_split_10_50_32_1783924754475 enter map_1 as unit 1032
[log] [gate_1] perf_split_10_50_34_1783924754477 enter map_1 as unit 1033
[log] [gate_1] perf_split_10_50_38_1783924754479 enter map_1 as unit 1034
[log] [gate_1] perf_split_10_50_36_1783924754478 enter map_1 as unit 1035
[log] [login_1] perf_split_10_50_42_1783924754489 login count 1
[log] [login_2] perf_split_10_50_41_1783924754488 login count 1
[log] [login_1] perf_split_10_50_44_1783924754489 login count 1
[log] [login_1] perf_split_10_50_46_1783924754489 login count 1
[log] [login_1] perf_split_10_50_48_1783924754490 login count 1
[log] [login_2] perf_split_10_50_43_1783924754489 login count 1
[log] [login_2] perf_split_10_50_45_1783924754489 login count 1
[log] [login_2] perf_split_10_50_47_1783924754490 login count 1
[log] [gate_1] perf_split_10_50_33_1783924754477 enter map_1 as unit 1036
[log] [gate_1] perf_split_10_50_35_1783924754477 enter map_1 as unit 1037
[log] [gate_1] perf_split_10_50_37_1783924754478 enter map_1 as unit 1038
[log] [gate_1] perf_split_10_50_39_1783924754479 enter map_1 as unit 1039
[log] [gate_1] perf_split_10_50_40_1783924754486 enter map_1 as unit 1040
[log] [login_2] perf_split_10_50_49_1783924754497 login count 1
[log] [gate_1] perf_split_10_50_42_1783924754489 enter map_1 as unit 1041
[log] [gate_1] perf_split_10_50_44_1783924754489 enter map_1 as unit 1042
[log] [gate_1] perf_split_10_50_46_1783924754489 enter map_1 as unit 1043
[log] [gate_1] perf_split_10_50_43_1783924754489 enter map_1 as unit 1044
[log] [gate_1] perf_split_10_50_48_1783924754490 enter map_1 as unit 1045
[log] [gate_1] perf_split_10_50_45_1783924754489 enter map_1 as unit 1046
[log] [gate_1] perf_split_10_50_41_1783924754488 enter map_1 as unit 1047
[log] [gate_1] perf_split_10_50_47_1783924754490 enter map_1 as unit 1048
[log] [gate_1] perf_split_10_50_49_1783924754497 enter map_1 as unit 1049
[metrics:inner_transport] active=0 opened=0 pending=0 max_pending=0 overloads=0 timeouts=0 disconnected_calls=0 late_responses=0 idle_closes=0
[process-metrics] process=log cpu_percent=0.00 cpu_time_ms=46 rss_bytes=31838208 v8_heap_used_bytes=2528336 v8_heap_total_bytes=5378048 v8_gc_count=2 v8_gc_ms=0.626
[metrics:log] scene=log type=Log processed=100 failed=0 ts_queue=0 ts_max_queue=7 rust_queue=0 rust_max_queue=7 backpressure=0 slow_disconnects=0 update_ms=0.00 handler_ms=0.00 max_handler_ms=1.00 total_handler_ms=1.00
