starting process map1 with one V8 and 1 scene(s) from E:\VsCode\skynet\ets_runtime\perf\results\runtime_configs\map_capacity_20260713_095410\100p_8g_r1\map1.json
scene map_1 (MapHost) listening on 127.0.0.1:7301
[process:map1] one V8 started with 1 scene(s)
[map_1] MapHost scene started at 127.0.0.1:7301
map_1 accepted 127.0.0.1:61651 as conn 1
map_1 accepted 127.0.0.1:61709 as conn 2
[map_1] perf_8g_10_100_0_1783936451578 enter map 1 unit 1000
map_1 accepted 127.0.0.1:61714 as conn 3
map_1 accepted 127.0.0.1:61715 as conn 4
map_1 accepted 127.0.0.1:61716 as conn 5
[map_1] perf_8g_10_100_1_1783936451579 enter map 1 unit 1001
map_1 accepted 127.0.0.1:61717 as conn 6
map_1 accepted 127.0.0.1:61718 as conn 7
map_1 accepted 127.0.0.1:61721 as conn 8
map_1 accepted 127.0.0.1:61722 as conn 9
[map_1] perf_8g_10_100_6_1783936451579 enter map 1 unit 1002
[map_1] perf_8g_10_100_4_1783936451579 enter map 1 unit 1003
[map_1] perf_8g_10_100_2_1783936451579 enter map 1 unit 1004
[map_1] perf_8g_10_100_7_1783936451579 enter map 1 unit 1005
[map_1] perf_8g_10_100_8_1783936451580 enter map 1 unit 1006
[map_1] perf_8g_10_100_3_1783936451579 enter map 1 unit 1007
[map_1] perf_8g_10_100_10_1783936451580 enter map 1 unit 1008
[map_1] perf_8g_10_100_11_1783936451580 enter map 1 unit 1009
[map_1] perf_8g_10_100_5_1783936451579 enter map 1 unit 1010
[map_1] perf_8g_10_100_13_1783936451580 enter map 1 unit 1011
[map_1] perf_8g_10_100_12_1783936451580 enter map 1 unit 1012
[map_1] perf_8g_10_100_9_1783936451580 enter map 1 unit 1013
[map_1] perf_8g_10_100_16_1783936451612 enter map 1 unit 1014
[map_1] perf_8g_10_100_15_1783936451580 enter map 1 unit 1015
[map_1] perf_8g_10_100_14_1783936451580 enter map 1 unit 1016
[map_1] perf_8g_10_100_17_1783936451617 enter map 1 unit 1017
[map_1] perf_8g_10_100_18_1783936451619 enter map 1 unit 1018
[map_1] perf_8g_10_100_19_1783936451619 enter map 1 unit 1019
[map_1] perf_8g_10_100_20_1783936451620 enter map 1 unit 1020
[map_1] perf_8g_10_100_21_1783936451621 enter map 1 unit 1021
[map_1] perf_8g_10_100_22_1783936451621 enter map 1 unit 1022
[map_1] perf_8g_10_100_23_1783936451622 enter map 1 unit 1023
[map_1] perf_8g_10_100_24_1783936451622 enter map 1 unit 1024
[map_1] perf_8g_10_100_25_1783936451623 enter map 1 unit 1025
[map_1] perf_8g_10_100_26_1783936451623 enter map 1 unit 1026
[map_1] perf_8g_10_100_28_1783936451624 enter map 1 unit 1027
[map_1] perf_8g_10_100_27_1783936451623 enter map 1 unit 1028
[map_1] perf_8g_10_100_29_1783936451624 enter map 1 unit 1029
[map_1] perf_8g_10_100_33_1783936451635 enter map 1 unit 1030
[map_1] perf_8g_10_100_31_1783936451625 enter map 1 unit 1031
[map_1] perf_8g_10_100_32_1783936451626 enter map 1 unit 1032
[map_1] perf_8g_10_100_30_1783936451625 enter map 1 unit 1033
[map_1] perf_8g_10_100_34_1783936451643 enter map 1 unit 1034
[map_1] perf_8g_10_100_35_1783936451644 enter map 1 unit 1035
[map_1] perf_8g_10_100_36_1783936451644 enter map 1 unit 1036
[map_1] perf_8g_10_100_37_1783936451647 enter map 1 unit 1037
[map_1] perf_8g_10_100_38_1783936451650 enter map 1 unit 1038
[map_1] perf_8g_10_100_39_1783936451651 enter map 1 unit 1039
[map_1] perf_8g_10_100_40_1783936451652 enter map 1 unit 1040
[map_1] perf_8g_10_100_41_1783936451653 enter map 1 unit 1041
[map_1] perf_8g_10_100_42_1783936451653 enter map 1 unit 1042
[map_1] perf_8g_10_100_43_1783936451654 enter map 1 unit 1043
[map_1] perf_8g_10_100_45_1783936451656 enter map 1 unit 1044
[map_1] perf_8g_10_100_44_1783936451655 enter map 1 unit 1045
[map_1] perf_8g_10_100_46_1783936451658 enter map 1 unit 1046
[map_1] perf_8g_10_100_47_1783936451660 enter map 1 unit 1047
[map_1] perf_8g_10_100_48_1783936451660 enter map 1 unit 1048
[map_1] perf_8g_10_100_49_1783936451661 enter map 1 unit 1049
[map_1] perf_8g_10_100_50_1783936451670 enter map 1 unit 1050
[map_1] perf_8g_10_100_51_1783936451671 enter map 1 unit 1051
[map_1] perf_8g_10_100_52_1783936451673 enter map 1 unit 1052
[map_1] perf_8g_10_100_53_1783936451674 enter map 1 unit 1053
[map_1] perf_8g_10_100_54_1783936451680 enter map 1 unit 1054
[map_1] perf_8g_10_100_55_1783936451683 enter map 1 unit 1055
[map_1] perf_8g_10_100_56_1783936451684 enter map 1 unit 1056
[map_1] perf_8g_10_100_57_1783936451686 enter map 1 unit 1057
[map_1] perf_8g_10_100_58_1783936451687 enter map 1 unit 1058
[map_1] perf_8g_10_100_59_1783936451687 enter map 1 unit 1059
[map_1] perf_8g_10_100_60_1783936451691 enter map 1 unit 1060
[map_1] perf_8g_10_100_61_1783936451692 enter map 1 unit 1061
[map_1] perf_8g_10_100_62_1783936451694 enter map 1 unit 1062
[map_1] perf_8g_10_100_63_1783936451695 enter map 1 unit 1063
[map_1] perf_8g_10_100_64_1783936451696 enter map 1 unit 1064
[map_1] perf_8g_10_100_65_1783936451698 enter map 1 unit 1065
[map_1] perf_8g_10_100_66_1783936451702 enter map 1 unit 1066
[map_1] perf_8g_10_100_67_1783936451704 enter map 1 unit 1067
[map_1] perf_8g_10_100_68_1783936451706 enter map 1 unit 1068
[map_1] perf_8g_10_100_69_1783936451708 enter map 1 unit 1069
[map_1] perf_8g_10_100_70_1783936451715 enter map 1 unit 1070
[map_1] perf_8g_10_100_71_1783936451717 enter map 1 unit 1071
[map_1] perf_8g_10_100_72_1783936451719 enter map 1 unit 1072
[map_1] perf_8g_10_100_73_1783936451728 enter map 1 unit 1073
[map_1] perf_8g_10_100_74_1783936451731 enter map 1 unit 1074
[map_1] perf_8g_10_100_76_1783936451732 enter map 1 unit 1076
[map_1] perf_8g_10_100_75_1783936451732 enter map 1 unit 1075
[map_1] perf_8g_10_100_77_1783936451734 enter map 1 unit 1077
[map_1] perf_8g_10_100_78_1783936451738 enter map 1 unit 1078
[map_1] perf_8g_10_100_79_1783936451740 enter map 1 unit 1079
[map_1] perf_8g_10_100_80_1783936451744 enter map 1 unit 1080
[map_1] perf_8g_10_100_81_1783936451745 enter map 1 unit 1081
[map_1] perf_8g_10_100_82_1783936451747 enter map 1 unit 1082
[map_1] perf_8g_10_100_83_1783936451752 enter map 1 unit 1083
[map_1] perf_8g_10_100_84_1783936451755 enter map 1 unit 1084
[map_1] perf_8g_10_100_85_1783936451756 enter map 1 unit 1085
[map_1] perf_8g_10_100_86_1783936451762 enter map 1 unit 1086
[map_1] perf_8g_10_100_87_1783936451767 enter map 1 unit 1087
[map_1] perf_8g_10_100_88_1783936451768 enter map 1 unit 1088
[map_1] perf_8g_10_100_89_1783936451777 enter map 1 unit 1089
[map_1] perf_8g_10_100_90_1783936451785 enter map 1 unit 1090
[map_1] perf_8g_10_100_91_1783936451785 enter map 1 unit 1091
[map_1] perf_8g_10_100_92_1783936451787 enter map 1 unit 1092
[map_1] perf_8g_10_100_93_1783936451789 enter map 1 unit 1093
[map_1] perf_8g_10_100_94_1783936451792 enter map 1 unit 1094
[map_1] perf_8g_10_100_95_1783936451797 enter map 1 unit 1095
[map_1] perf_8g_10_100_96_1783936451801 enter map 1 unit 1096
[map_1] perf_8g_10_100_98_1783936451805 enter map 1 unit 1097
[map_1] perf_8g_10_100_99_1783936451810 enter map 1 unit 1099
[map_1] perf_8g_10_100_97_1783936451804 enter map 1 unit 1098
[metrics:inner_transport] active=8 opened=8 pending=0 max_pending=0 overloads=0 timeouts=0 disconnected_calls=0 late_responses=0 idle_closes=0
[process-metrics] process=map1 cpu_percent=67.72 cpu_time_ms=3484 rss_bytes=56807424 v8_heap_used_bytes=5802424 v8_heap_total_bytes=19673088 v8_gc_count=54 v8_gc_ms=18.802 timestamp_ms=1783936456244 outbound_batches=600 outbound_recipients=600 outbound_bridge_bytes=210773 outbound_logical_bytes=210773
[metrics:map1] scene=map_1 type=MapHost processed=5000 failed=0 ts_queue=0 ts_max_queue=82 rust_queue=0 rust_max_queue=82 backpressure=0 slow_disconnects=0 update_ms=0.00 handler_ms=1.00 max_handler_ms=9.00 total_handler_ms=6137.00
[metrics:inner_transport] active=8 opened=8 pending=0 max_pending=0 overloads=0 timeouts=0 disconnected_calls=0 late_responses=0 idle_closes=0
[process-metrics] process=map1 cpu_percent=59.68 cpu_time_ms=6468 rss_bytes=72544256 v8_heap_used_bytes=14758896 v8_heap_total_bytes=32518144 v8_gc_count=77 v8_gc_ms=27.928 timestamp_ms=1783936461244 outbound_batches=1100 outbound_recipients=1100 outbound_bridge_bytes=214773 outbound_logical_bytes=214773
[metrics:map1] scene=map_1 type=MapHost processed=10500 failed=0 ts_queue=0 ts_max_queue=82 rust_queue=0 rust_max_queue=82 backpressure=0 slow_disconnects=0 update_ms=0.00 handler_ms=0.00 max_handler_ms=9.00 total_handler_ms=11657.00
[metrics:inner_transport] active=8 opened=8 pending=0 max_pending=0 overloads=0 timeouts=0 disconnected_calls=0 late_responses=0 idle_closes=0
[process-metrics] process=map1 cpu_percent=78.28 cpu_time_ms=10390 rss_bytes=72990720 v8_heap_used_bytes=8510776 v8_heap_total_bytes=33828864 v8_gc_count=92 v8_gc_ms=32.716 timestamp_ms=1783936466254 outbound_batches=1600 outbound_recipients=1600 outbound_bridge_bytes=218773 outbound_logical_bytes=218773
[metrics:map1] scene=map_1 type=MapHost processed=16000 failed=0 ts_queue=0 ts_max_queue=82 rust_queue=0 rust_max_queue=82 backpressure=0 slow_disconnects=0 update_ms=0.00 handler_ms=2.00 max_handler_ms=9.00 total_handler_ms=17570.00
[metrics:inner_transport] active=8 opened=8 pending=0 max_pending=0 overloads=0 timeouts=0 disconnected_calls=0 late_responses=0 idle_closes=0
[process-metrics] process=map1 cpu_percent=53.82 cpu_time_ms=13093 rss_bytes=77451264 v8_heap_used_bytes=14857616 v8_heap_total_bytes=36450304 v8_gc_count=106 v8_gc_ms=37.375 timestamp_ms=1783936471276 outbound_batches=2100 outbound_recipients=2100 outbound_bridge_bytes=222773 outbound_logical_bytes=222773
[metrics:map1] scene=map_1 type=MapHost processed=21503 failed=0 ts_queue=0 ts_max_queue=82 rust_queue=75 rust_max_queue=82 backpressure=0 slow_disconnects=0 update_ms=0.00 handler_ms=0.00 max_handler_ms=9.00 total_handler_ms=23612.00
[metrics:inner_transport] active=8 opened=8 pending=0 max_pending=0 overloads=0 timeouts=0 disconnected_calls=0 late_responses=0 idle_closes=0
[process-metrics] process=map1 cpu_percent=51.55 cpu_time_ms=15671 rss_bytes=77828096 v8_heap_used_bytes=9201592 v8_heap_total_bytes=36974592 v8_gc_count=121 v8_gc_ms=41.875 timestamp_ms=1783936476277 outbound_batches=2600 outbound_recipients=2600 outbound_bridge_bytes=226773 outbound_logical_bytes=226773
[metrics:map1] scene=map_1 type=MapHost processed=27033 failed=0 ts_queue=0 ts_max_queue=82 rust_queue=57 rust_max_queue=82 backpressure=0 slow_disconnects=0 update_ms=0.00 handler_ms=0.00 max_handler_ms=16.00 total_handler_ms=30134.00
[metrics:inner_transport] active=8 opened=8 pending=0 max_pending=0 overloads=0 timeouts=0 disconnected_calls=0 late_responses=0 idle_closes=0
[process-metrics] process=map1 cpu_percent=45.64 cpu_time_ms=17953 rss_bytes=79650816 v8_heap_used_bytes=18313704 v8_heap_total_bytes=37498880 v8_gc_count=135 v8_gc_ms=46.628 timestamp_ms=1783936481277 outbound_batches=3100 outbound_recipients=3100 outbound_bridge_bytes=230773 outbound_logical_bytes=230773
[metrics:map1] scene=map_1 type=MapHost processed=32598 failed=0 ts_queue=0 ts_max_queue=82 rust_queue=2 rust_max_queue=82 backpressure=0 slow_disconnects=0 update_ms=0.00 handler_ms=0.00 max_handler_ms=16.00 total_handler_ms=36517.00
[metrics:inner_transport] active=8 opened=8 pending=0 max_pending=0 overloads=0 timeouts=0 disconnected_calls=0 late_responses=0 idle_closes=0
[process-metrics] process=map1 cpu_percent=49.67 cpu_time_ms=20437 rss_bytes=77418496 v8_heap_used_bytes=6404232 v8_heap_total_bytes=37498880 v8_gc_count=152 v8_gc_ms=55.578 timestamp_ms=1783936486278 outbound_batches=3600 outbound_recipients=3600 outbound_bridge_bytes=234773 outbound_logical_bytes=234773
[metrics:map1] scene=map_1 type=MapHost processed=38099 failed=0 ts_queue=0 ts_max_queue=82 rust_queue=1 rust_max_queue=82 backpressure=0 slow_disconnects=0 update_ms=2.00 handler_ms=2.00 max_handler_ms=16.00 total_handler_ms=43532.00
[metrics:inner_transport] active=8 opened=8 pending=0 max_pending=0 overloads=0 timeouts=0 disconnected_calls=0 late_responses=0 idle_closes=0
[process-metrics] process=map1 cpu_percent=52.48 cpu_time_ms=23062 rss_bytes=78790656 v8_heap_used_bytes=12775064 v8_heap_total_bytes=37498880 v8_gc_count=166 v8_gc_ms=61.484 timestamp_ms=1783936491280 outbound_batches=4100 outbound_recipients=4100 outbound_bridge_bytes=238773 outbound_logical_bytes=238773
[metrics:map1] scene=map_1 type=MapHost processed=43599 failed=0 ts_queue=0 ts_max_queue=82 rust_queue=1 rust_max_queue=82 backpressure=0 slow_disconnects=0 update_ms=4.00 handler_ms=4.00 max_handler_ms=16.00 total_handler_ms=49601.00
[map_1] perf_8g_10_100_0_1783936451578 leave map 1 unit 1000
[map_1] perf_8g_10_100_9_1783936451580 leave map 1 unit 1013
[map_1] perf_8g_10_100_1_1783936451579 leave map 1 unit 1001
[map_1] perf_8g_10_100_4_1783936451579 leave map 1 unit 1003
[map_1] perf_8g_10_100_2_1783936451579 leave map 1 unit 1004
[map_1] perf_8g_10_100_7_1783936451579 leave map 1 unit 1005
[map_1] perf_8g_10_100_19_1783936451619 leave map 1 unit 1019
[map_1] perf_8g_10_100_11_1783936451580 leave map 1 unit 1009
[map_1] perf_8g_10_100_8_1783936451580 leave map 1 unit 1006
[map_1] perf_8g_10_100_13_1783936451580 leave map 1 unit 1011
[map_1] perf_8g_10_100_92_1783936451787 leave map 1 unit 1092
[map_1] perf_8g_10_100_12_1783936451580 leave map 1 unit 1012
[map_1] perf_8g_10_100_84_1783936451755 leave map 1 unit 1084
[map_1] perf_8g_10_100_99_1783936451810 leave map 1 unit 1099
[map_1] perf_8g_10_100_98_1783936451805 leave map 1 unit 1097
[map_1] perf_8g_10_100_97_1783936451804 leave map 1 unit 1098
[map_1] perf_8g_10_100_89_1783936451777 leave map 1 unit 1089
[map_1] perf_8g_10_100_81_1783936451745 leave map 1 unit 1081
[map_1] perf_8g_10_100_76_1783936451732 leave map 1 unit 1076
[map_1] perf_8g_10_100_68_1783936451706 leave map 1 unit 1068
[map_1] perf_8g_10_100_60_1783936451691 leave map 1 unit 1060
[map_1] perf_8g_10_100_52_1783936451673 leave map 1 unit 1052
[map_1] perf_8g_10_100_95_1783936451797 leave map 1 unit 1095
[map_1] perf_8g_10_100_87_1783936451767 leave map 1 unit 1087
[map_1] perf_8g_10_100_90_1783936451785 leave map 1 unit 1090
[map_1] perf_8g_10_100_91_1783936451785 leave map 1 unit 1091
[map_1] perf_8g_10_100_83_1783936451752 leave map 1 unit 1083
[map_1] perf_8g_10_100_28_1783936451624 leave map 1 unit 1027
[map_1] perf_8g_10_100_93_1783936451789 leave map 1 unit 1093
[map_1] perf_8g_10_100_85_1783936451756 leave map 1 unit 1085
[map_1] perf_8g_10_100_94_1783936451792 leave map 1 unit 1094
[map_1] perf_8g_10_100_86_1783936451762 leave map 1 unit 1086
[map_1] perf_8g_10_100_96_1783936451801 leave map 1 unit 1096
[map_1] perf_8g_10_100_88_1783936451768 leave map 1 unit 1088
[map_1] perf_8g_10_100_80_1783936451744 leave map 1 unit 1080
[map_1] perf_8g_10_100_18_1783936451619 leave map 1 unit 1018
[map_1] perf_8g_10_100_10_1783936451580 leave map 1 unit 1008
[map_1] perf_8g_10_100_44_1783936451655 leave map 1 unit 1045
[map_1] perf_8g_10_100_79_1783936451740 leave map 1 unit 1079
[map_1] perf_8g_10_100_73_1783936451728 leave map 1 unit 1073
[map_1] perf_8g_10_100_82_1783936451747 leave map 1 unit 1082
[map_1] perf_8g_10_100_77_1783936451734 leave map 1 unit 1077
[map_1] perf_8g_10_100_35_1783936451644 leave map 1 unit 1035
[map_1] perf_8g_10_100_78_1783936451738 leave map 1 unit 1078
[map_1] perf_8g_10_100_69_1783936451708 leave map 1 unit 1069
[map_1] perf_8g_10_100_74_1783936451731 leave map 1 unit 1074
[map_1] perf_8g_10_100_72_1783936451719 leave map 1 unit 1072
[map_1] perf_8g_10_100_22_1783936451621 leave map 1 unit 1022
[map_1] perf_8g_10_100_30_1783936451625 leave map 1 unit 1033
[map_1] perf_8g_10_100_75_1783936451732 leave map 1 unit 1075
[map_1] perf_8g_10_100_71_1783936451717 leave map 1 unit 1071
[map_1] perf_8g_10_100_36_1783936451644 leave map 1 unit 1036
[map_1] perf_8g_10_100_61_1783936451692 leave map 1 unit 1061
[map_1] perf_8g_10_100_14_1783936451580 leave map 1 unit 1016
[map_1] perf_8g_10_100_17_1783936451617 leave map 1 unit 1017
[map_1] perf_8g_10_100_64_1783936451696 leave map 1 unit 1064
[map_1] perf_8g_10_100_53_1783936451674 leave map 1 unit 1053
[map_1] perf_8g_10_100_63_1783936451695 leave map 1 unit 1063
[map_1] perf_8g_10_100_26_1783936451623 leave map 1 unit 1026
[map_1] perf_8g_10_100_70_1783936451715 leave map 1 unit 1070
[map_1] perf_8g_10_100_56_1783936451684 leave map 1 unit 1056
[map_1] perf_8g_10_100_67_1783936451704 leave map 1 unit 1067
[map_1] perf_8g_10_100_38_1783936451650 leave map 1 unit 1038
[map_1] perf_8g_10_100_43_1783936451654 leave map 1 unit 1043
[map_1] perf_8g_10_100_65_1783936451698 leave map 1 unit 1065
[map_1] perf_8g_10_100_66_1783936451702 leave map 1 unit 1066
[map_1] perf_8g_10_100_45_1783936451656 leave map 1 unit 1044
[map_1] perf_8g_10_100_23_1783936451622 leave map 1 unit 1023
[map_1] perf_8g_10_100_27_1783936451623 leave map 1 unit 1028
[map_1] perf_8g_10_100_62_1783936451694 leave map 1 unit 1062
[map_1] perf_8g_10_100_55_1783936451683 leave map 1 unit 1055
[map_1] perf_8g_10_100_3_1783936451579 leave map 1 unit 1007
[map_1] perf_8g_10_100_16_1783936451612 leave map 1 unit 1014
[map_1] perf_8g_10_100_48_1783936451660 leave map 1 unit 1048
[map_1] perf_8g_10_100_58_1783936451687 leave map 1 unit 1058
[map_1] perf_8g_10_100_40_1783936451652 leave map 1 unit 1040
[map_1] perf_8g_10_100_34_1783936451643 leave map 1 unit 1034
[map_1] perf_8g_10_100_31_1783936451625 leave map 1 unit 1031
[map_1] perf_8g_10_100_57_1783936451686 leave map 1 unit 1057
[map_1] perf_8g_10_100_20_1783936451620 leave map 1 unit 1020
[map_1] perf_8g_10_100_25_1783936451623 leave map 1 unit 1025
[map_1] perf_8g_10_100_15_1783936451580 leave map 1 unit 1015
[map_1] perf_8g_10_100_49_1783936451661 leave map 1 unit 1049
[map_1] perf_8g_10_100_59_1783936451687 leave map 1 unit 1059
[map_1] perf_8g_10_100_37_1783936451647 leave map 1 unit 1037
[map_1] perf_8g_10_100_42_1783936451653 leave map 1 unit 1042
[map_1] perf_8g_10_100_33_1783936451635 leave map 1 unit 1030
[map_1] perf_8g_10_100_54_1783936451680 leave map 1 unit 1054
[map_1] perf_8g_10_100_47_1783936451660 leave map 1 unit 1047
[map_1] perf_8g_10_100_21_1783936451621 leave map 1 unit 1021
[map_1] perf_8g_10_100_46_1783936451658 leave map 1 unit 1046
[map_1] perf_8g_10_100_5_1783936451579 leave map 1 unit 1010
[map_1] perf_8g_10_100_50_1783936451670 leave map 1 unit 1050
[map_1] perf_8g_10_100_51_1783936451671 leave map 1 unit 1051
[map_1] perf_8g_10_100_32_1783936451626 leave map 1 unit 1032
[map_1] perf_8g_10_100_39_1783936451651 leave map 1 unit 1039
[map_1] perf_8g_10_100_24_1783936451622 leave map 1 unit 1024
[map_1] perf_8g_10_100_29_1783936451624 leave map 1 unit 1029
[map_1] perf_8g_10_100_6_1783936451579 leave map 1 unit 1002
[map_1] perf_8g_10_100_41_1783936451653 leave map 1 unit 1041
