starting process log with one V8 and 1 scene(s) from E:\VsCode\skynet\ets_runtime\perf\results\runtime_configs\map_capacity_20260713_090056\200p_8g_r3\log.json
scene log (Log) listening on 127.0.0.1:7100
[process:log] one V8 started with 1 scene(s)
[log] Log scene started at 127.0.0.1:7100
log accepted 127.0.0.1:58830 as conn 1
log accepted 127.0.0.1:58872 as conn 2
[log] [login_1] perf_8g_10_200_0_1783933341383 login count 1
[log] [login_1] perf_8g_10_200_2_1783933341385 login count 1
[log] [login_1] perf_8g_10_200_5_1783933341385 login count 1
[log] [login_1] perf_8g_10_200_3_1783933341385 login count 1
[log] [login_1] perf_8g_10_200_7_1783933341385 login count 1
[log] [login_1] perf_8g_10_200_4_1783933341385 login count 1
[log] [login_1] perf_8g_10_200_1_1783933341384 login count 1
[log] [login_1] perf_8g_10_200_8_1783933341385 login count 1
[log] [login_1] perf_8g_10_200_6_1783933341385 login count 1
[log] [login_1] perf_8g_10_200_9_1783933341385 login count 1
[log] [login_1] perf_8g_10_200_10_1783933341385 login count 1
[log] [login_1] perf_8g_10_200_11_1783933341385 login count 1
[log] [login_1] perf_8g_10_200_12_1783933341385 login count 1
[log] [login_1] perf_8g_10_200_13_1783933341385 login count 1
[log] [login_1] perf_8g_10_200_14_1783933341385 login count 1
[log] [login_1] perf_8g_10_200_15_1783933341385 login count 1
log accepted 127.0.0.1:58898 as conn 3
[log] [gate_1] perf_8g_10_200_0_1783933341383 enter map_1 as unit 1000
log accepted 127.0.0.1:58907 as conn 4
log accepted 127.0.0.1:58909 as conn 5
log accepted 127.0.0.1:58908 as conn 6
log accepted 127.0.0.1:58911 as conn 7
log accepted 127.0.0.1:58910 as conn 8
[log] [gate_3] perf_8g_10_200_5_1783933341385 enter map_1 as unit 1004
log accepted 127.0.0.1:58912 as conn 9
[log] [gate_4] perf_8g_10_200_3_1783933341385 enter map_1 as unit 1002
log accepted 127.0.0.1:58913 as conn 10
[log] [gate_8] perf_8g_10_200_8_1783933341385 enter map_1 as unit 1006
[log] [gate_6] perf_8g_10_200_4_1783933341385 enter map_1 as unit 1007
[log] [gate_7] perf_8g_10_200_1_1783933341384 enter map_1 as unit 1005
[log] [gate_2] perf_8g_10_200_2_1783933341385 enter map_1 as unit 1001
[log] [gate_1] perf_8g_10_200_6_1783933341385 enter map_1 as unit 1008
[log] [login_1] perf_8g_10_200_16_1783933341411 login count 1
[log] [gate_3] perf_8g_10_200_10_1783933341385 enter map_1 as unit 1009
[log] [login_1] perf_8g_10_200_17_1783933341412 login count 1
[log] [gate_6] perf_8g_10_200_13_1783933341385 enter map_1 as unit 1012
[log] [gate_4] perf_8g_10_200_11_1783933341385 enter map_1 as unit 1014
[log] [gate_7] perf_8g_10_200_14_1783933341385 enter map_1 as unit 1011
[log] [gate_2] perf_8g_10_200_9_1783933341385 enter map_1 as unit 1010
[log] [gate_8] perf_8g_10_200_15_1783933341385 enter map_1 as unit 1013
[log] [gate_1] perf_8g_10_200_16_1783933341411 enter map_1 as unit 1015
[log] [login_1] perf_8g_10_200_18_1783933341414 login count 1
[log] [login_1] perf_8g_10_200_19_1783933341414 login count 1
[log] [gate_2] perf_8g_10_200_17_1783933341412 enter map_1 as unit 1016
[log] [gate_5] perf_8g_10_200_7_1783933341385 enter map_1 as unit 1003
[log] [gate_5] perf_8g_10_200_12_1783933341385 enter map_1 as unit 1017
[log] [login_1] perf_8g_10_200_20_1783933341416 login count 1
[log] [login_1] perf_8g_10_200_21_1783933341416 login count 1
[log] [login_1] perf_8g_10_200_22_1783933341416 login count 1
[log] [login_1] perf_8g_10_200_23_1783933341417 login count 1
[log] [login_1] perf_8g_10_200_24_1783933341417 login count 1
[log] [login_1] perf_8g_10_200_25_1783933341417 login count 1
[log] [login_1] perf_8g_10_200_26_1783933341417 login count 1
[log] [gate_3] perf_8g_10_200_18_1783933341414 enter map_1 as unit 1018
[log] [login_1] perf_8g_10_200_27_1783933341418 login count 1
[log] [login_1] perf_8g_10_200_29_1783933341418 login count 1
[log] [login_1] perf_8g_10_200_28_1783933341418 login count 1
[log] [login_1] perf_8g_10_200_30_1783933341418 login count 1
[log] [gate_4] perf_8g_10_200_19_1783933341414 enter map_1 as unit 1019
[log] [login_1] perf_8g_10_200_31_1783933341423 login count 1
[log] [login_1] perf_8g_10_200_32_1783933341424 login count 1
[log] [login_1] perf_8g_10_200_33_1783933341425 login count 1
[log] [gate_5] perf_8g_10_200_20_1783933341416 enter map_1 as unit 1020
[log] [login_1] perf_8g_10_200_34_1783933341428 login count 1
[log] [login_1] perf_8g_10_200_35_1783933341429 login count 1
[log] [gate_7] perf_8g_10_200_22_1783933341416 enter map_1 as unit 1022
[log] [gate_6] perf_8g_10_200_21_1783933341416 enter map_1 as unit 1021
[log] [gate_2] perf_8g_10_200_25_1783933341417 enter map_1 as unit 1026
[log] [gate_1] perf_8g_10_200_24_1783933341417 enter map_1 as unit 1024
[log] [gate_8] perf_8g_10_200_23_1783933341417 enter map_1 as unit 1023
[log] [gate_3] perf_8g_10_200_26_1783933341417 enter map_1 as unit 1025
[log] [login_1] perf_8g_10_200_36_1783933341433 login count 1
[log] [gate_4] perf_8g_10_200_27_1783933341418 enter map_1 as unit 1027
[log] [gate_5] perf_8g_10_200_29_1783933341418 enter map_1 as unit 1028
[log] [gate_6] perf_8g_10_200_28_1783933341418 enter map_1 as unit 1029
[log] [gate_7] perf_8g_10_200_30_1783933341418 enter map_1 as unit 1030
[log] [gate_3] perf_8g_10_200_34_1783933341428 enter map_1 as unit 1033
[log] [gate_8] perf_8g_10_200_31_1783933341423 enter map_1 as unit 1032
[log] [gate_2] perf_8g_10_200_33_1783933341425 enter map_1 as unit 1031
[log] [gate_5] perf_8g_10_200_36_1783933341433 enter map_1 as unit 1035
[log] [gate_1] perf_8g_10_200_32_1783933341424 enter map_1 as unit 1034
[log] [gate_4] perf_8g_10_200_35_1783933341429 enter map_1 as unit 1036
[log] [login_1] perf_8g_10_200_37_1783933341436 login count 1
[log] [login_1] perf_8g_10_200_38_1783933341436 login count 1
[log] [login_1] perf_8g_10_200_39_1783933341437 login count 1
[log] [login_1] perf_8g_10_200_40_1783933341437 login count 1
[log] [login_1] perf_8g_10_200_41_1783933341438 login count 1
[log] [login_1] perf_8g_10_200_42_1783933341438 login count 1
[log] [login_1] perf_8g_10_200_43_1783933341440 login count 1
[log] [login_1] perf_8g_10_200_44_1783933341440 login count 1
[log] [login_1] perf_8g_10_200_45_1783933341441 login count 1
[log] [login_1] perf_8g_10_200_46_1783933341441 login count 1
[log] [login_1] perf_8g_10_200_47_1783933341443 login count 1
[log] [login_1] perf_8g_10_200_48_1783933341443 login count 1
[log] [login_1] perf_8g_10_200_49_1783933341443 login count 1
[log] [login_1] perf_8g_10_200_50_1783933341444 login count 1
[log] [login_1] perf_8g_10_200_51_1783933341444 login count 1
[log] [login_1] perf_8g_10_200_52_1783933341444 login count 1
[log] [gate_6] perf_8g_10_200_37_1783933341436 enter map_1 as unit 1037
[log] [gate_7] perf_8g_10_200_38_1783933341436 enter map_1 as unit 1038
[log] [gate_3] perf_8g_10_200_42_1783933341438 enter map_1 as unit 1042
[log] [gate_2] perf_8g_10_200_41_1783933341438 enter map_1 as unit 1041
[log] [gate_1] perf_8g_10_200_40_1783933341437 enter map_1 as unit 1040
[log] [gate_8] perf_8g_10_200_39_1783933341437 enter map_1 as unit 1039
[log] [gate_4] perf_8g_10_200_43_1783933341440 enter map_1 as unit 1043
[log] [gate_5] perf_8g_10_200_44_1783933341440 enter map_1 as unit 1044
[log] [gate_6] perf_8g_10_200_45_1783933341441 enter map_1 as unit 1045
[log] [gate_7] perf_8g_10_200_46_1783933341441 enter map_1 as unit 1046
[log] [login_1] perf_8g_10_200_54_1783933341453 login count 1
[log] [login_1] perf_8g_10_200_53_1783933341453 login count 1
[log] [gate_8] perf_8g_10_200_47_1783933341443 enter map_1 as unit 1048
[log] [gate_1] perf_8g_10_200_48_1783933341443 enter map_1 as unit 1050
[log] [gate_2] perf_8g_10_200_49_1783933341443 enter map_1 as unit 1049
[log] [gate_3] perf_8g_10_200_50_1783933341444 enter map_1 as unit 1047
[log] [login_1] perf_8g_10_200_55_1783933341454 login count 1
[log] [gate_4] perf_8g_10_200_51_1783933341444 enter map_1 as unit 1051
[log] [gate_5] perf_8g_10_200_52_1783933341444 enter map_1 as unit 1052
[log] [login_1] perf_8g_10_200_56_1783933341455 login count 1
[log] [login_1] perf_8g_10_200_57_1783933341455 login count 1
[log] [login_1] perf_8g_10_200_58_1783933341456 login count 1
[log] [login_1] perf_8g_10_200_59_1783933341458 login count 1
[log] [login_1] perf_8g_10_200_60_1783933341458 login count 1
[log] [login_1] perf_8g_10_200_61_1783933341459 login count 1
[log] [login_1] perf_8g_10_200_62_1783933341460 login count 1
[log] [gate_6] perf_8g_10_200_54_1783933341453 enter map_1 as unit 1053
[log] [gate_7] perf_8g_10_200_53_1783933341453 enter map_1 as unit 1054
[log] [login_1] perf_8g_10_200_63_1783933341463 login count 1
[log] [gate_8] perf_8g_10_200_55_1783933341454 enter map_1 as unit 1055
[log] [login_1] perf_8g_10_200_64_1783933341463 login count 1
[log] [gate_1] perf_8g_10_200_56_1783933341455 enter map_1 as unit 1056
[log] [login_1] perf_8g_10_200_66_1783933341464 login count 1
[log] [login_1] perf_8g_10_200_65_1783933341464 login count 1
[log] [gate_2] perf_8g_10_200_57_1783933341455 enter map_1 as unit 1057
[log] [login_1] perf_8g_10_200_67_1783933341465 login count 1
[log] [login_1] perf_8g_10_200_68_1783933341466 login count 1
[log] [gate_4] perf_8g_10_200_59_1783933341458 enter map_1 as unit 1059
[log] [gate_3] perf_8g_10_200_58_1783933341456 enter map_1 as unit 1058
[log] [gate_5] perf_8g_10_200_60_1783933341458 enter map_1 as unit 1060
[log] [gate_6] perf_8g_10_200_61_1783933341459 enter map_1 as unit 1061
[log] [gate_7] perf_8g_10_200_62_1783933341460 enter map_1 as unit 1062
[log] [login_1] perf_8g_10_200_69_1783933341473 login count 1
[log] [gate_8] perf_8g_10_200_63_1783933341463 enter map_1 as unit 1063
[log] [login_1] perf_8g_10_200_70_1783933341474 login count 1
[log] [login_1] perf_8g_10_200_71_1783933341475 login count 1
[log] [gate_1] perf_8g_10_200_64_1783933341463 enter map_1 as unit 1064
[log] [login_1] perf_8g_10_200_72_1783933341476 login count 1
[log] [login_1] perf_8g_10_200_73_1783933341479 login count 1
[log] [login_1] perf_8g_10_200_74_1783933341480 login count 1
[log] [login_1] perf_8g_10_200_75_1783933341480 login count 1
[log] [gate_2] perf_8g_10_200_66_1783933341464 enter map_1 as unit 1065
[log] [gate_5] perf_8g_10_200_68_1783933341466 enter map_1 as unit 1068
[log] [gate_3] perf_8g_10_200_65_1783933341464 enter map_1 as unit 1066
[log] [gate_4] perf_8g_10_200_67_1783933341465 enter map_1 as unit 1067
[log] [login_1] perf_8g_10_200_76_1783933341481 login count 1
[log] [login_1] perf_8g_10_200_77_1783933341482 login count 1
[log] [login_1] perf_8g_10_200_78_1783933341483 login count 1
[log] [gate_6] perf_8g_10_200_69_1783933341473 enter map_1 as unit 1069
[log] [gate_8] perf_8g_10_200_71_1783933341475 enter map_1 as unit 1071
[log] [gate_7] perf_8g_10_200_70_1783933341474 enter map_1 as unit 1070
[log] [login_1] perf_8g_10_200_79_1783933341489 login count 1
[log] [login_1] perf_8g_10_200_80_1783933341490 login count 1
[log] [gate_1] perf_8g_10_200_72_1783933341476 enter map_1 as unit 1072
[log] [login_1] perf_8g_10_200_81_1783933341493 login count 1
[log] [login_1] perf_8g_10_200_82_1783933341493 login count 1
[log] [gate_2] perf_8g_10_200_73_1783933341479 enter map_1 as unit 1073
[log] [gate_3] perf_8g_10_200_74_1783933341480 enter map_1 as unit 1075
[log] [gate_4] perf_8g_10_200_75_1783933341480 enter map_1 as unit 1074
[log] [login_1] perf_8g_10_200_83_1783933341493 login count 1
[log] [login_1] perf_8g_10_200_84_1783933341494 login count 1
[log] [gate_5] perf_8g_10_200_76_1783933341481 enter map_1 as unit 1076
[log] [gate_6] perf_8g_10_200_77_1783933341482 enter map_1 as unit 1077
[log] [gate_7] perf_8g_10_200_78_1783933341483 enter map_1 as unit 1078
[log] [login_1] perf_8g_10_200_85_1783933341499 login count 1
[log] [gate_8] perf_8g_10_200_79_1783933341489 enter map_1 as unit 1079
[log] [gate_1] perf_8g_10_200_80_1783933341490 enter map_1 as unit 1080
[log] [login_1] perf_8g_10_200_86_1783933341502 login count 1
[log] [login_1] perf_8g_10_200_87_1783933341503 login count 1
[log] [login_1] perf_8g_10_200_88_1783933341504 login count 1
[log] [gate_2] perf_8g_10_200_81_1783933341493 enter map_1 as unit 1081
[log] [gate_4] perf_8g_10_200_83_1783933341493 enter map_1 as unit 1083
[log] [gate_3] perf_8g_10_200_82_1783933341493 enter map_1 as unit 1082
[log] [gate_5] perf_8g_10_200_84_1783933341494 enter map_1 as unit 1084
[log] [login_1] perf_8g_10_200_89_1783933341507 login count 1
[log] [login_1] perf_8g_10_200_90_1783933341508 login count 1
[log] [login_1] perf_8g_10_200_91_1783933341509 login count 1
[log] [login_1] perf_8g_10_200_92_1783933341512 login count 1
[log] [gate_6] perf_8g_10_200_85_1783933341499 enter map_1 as unit 1085
[log] [login_1] perf_8g_10_200_93_1783933341512 login count 1
[log] [login_1] perf_8g_10_200_94_1783933341513 login count 1
[log] [login_1] perf_8g_10_200_95_1783933341514 login count 1
[log] [gate_7] perf_8g_10_200_86_1783933341502 enter map_1 as unit 1086
[log] [gate_8] perf_8g_10_200_87_1783933341503 enter map_1 as unit 1087
[log] [login_1] perf_8g_10_200_96_1783933341516 login count 1
[log] [gate_1] perf_8g_10_200_88_1783933341504 enter map_1 as unit 1088
[log] [login_1] perf_8g_10_200_97_1783933341522 login count 1
[log] [gate_2] perf_8g_10_200_89_1783933341507 enter map_1 as unit 1089
[log] [login_1] perf_8g_10_200_98_1783933341523 login count 1
[log] [login_1] perf_8g_10_200_99_1783933341524 login count 1
[log] [login_1] perf_8g_10_200_100_1783933341524 login count 1
[log] [gate_3] perf_8g_10_200_90_1783933341508 enter map_1 as unit 1090
[log] [gate_4] perf_8g_10_200_91_1783933341509 enter map_1 as unit 1091
[log] [login_1] perf_8g_10_200_101_1783933341528 login count 1
[log] [gate_5] perf_8g_10_200_92_1783933341512 enter map_1 as unit 1092
[log] [gate_6] perf_8g_10_200_93_1783933341512 enter map_1 as unit 1093
[log] [gate_7] perf_8g_10_200_94_1783933341513 enter map_1 as unit 1094
[log] [login_1] perf_8g_10_200_102_1783933341533 login count 1
[log] [gate_8] perf_8g_10_200_95_1783933341514 enter map_1 as unit 1095
[log] [gate_1] perf_8g_10_200_96_1783933341516 enter map_1 as unit 1096
[log] [login_1] perf_8g_10_200_103_1783933341534 login count 1
[log] [login_1] perf_8g_10_200_104_1783933341536 login count 1
[log] [gate_2] perf_8g_10_200_97_1783933341522 enter map_1 as unit 1097
[log] [gate_3] perf_8g_10_200_98_1783933341523 enter map_1 as unit 1098
[log] [gate_4] perf_8g_10_200_99_1783933341524 enter map_1 as unit 1099
[log] [gate_5] perf_8g_10_200_100_1783933341524 enter map_1 as unit 1100
[log] [login_1] perf_8g_10_200_105_1783933341539 login count 1
[log] [login_1] perf_8g_10_200_106_1783933341542 login count 1
[log] [gate_6] perf_8g_10_200_101_1783933341528 enter map_1 as unit 1101
[log] [login_1] perf_8g_10_200_107_1783933341543 login count 1
[log] [gate_7] perf_8g_10_200_102_1783933341533 enter map_1 as unit 1102
[log] [login_1] perf_8g_10_200_108_1783933341546 login count 1
[log] [login_1] perf_8g_10_200_109_1783933341547 login count 1
[log] [login_1] perf_8g_10_200_110_1783933341548 login count 1
[log] [gate_8] perf_8g_10_200_103_1783933341534 enter map_1 as unit 1103
[log] [gate_1] perf_8g_10_200_104_1783933341536 enter map_1 as unit 1104
[log] [login_1] perf_8g_10_200_111_1783933341552 login count 1
[log] [login_1] perf_8g_10_200_112_1783933341553 login count 1
[log] [login_1] perf_8g_10_200_113_1783933341555 login count 1
[log] [login_1] perf_8g_10_200_114_1783933341555 login count 1
[log] [login_1] perf_8g_10_200_115_1783933341556 login count 1
[log] [login_1] perf_8g_10_200_116_1783933341558 login count 1
[log] [gate_2] perf_8g_10_200_105_1783933341539 enter map_1 as unit 1105
[log] [login_1] perf_8g_10_200_117_1783933341561 login count 1
[log] [gate_3] perf_8g_10_200_106_1783933341542 enter map_1 as unit 1106
[log] [gate_4] perf_8g_10_200_107_1783933341543 enter map_1 as unit 1107
[log] [login_1] perf_8g_10_200_118_1783933341566 login count 1
[log] [login_1] perf_8g_10_200_119_1783933341567 login count 1
[log] [login_1] perf_8g_10_200_120_1783933341567 login count 1
[log] [gate_6] perf_8g_10_200_109_1783933341547 enter map_1 as unit 1109
[log] [gate_5] perf_8g_10_200_108_1783933341546 enter map_1 as unit 1108
[log] [gate_1] perf_8g_10_200_112_1783933341553 enter map_1 as unit 1112
[log] [gate_8] perf_8g_10_200_111_1783933341552 enter map_1 as unit 1111
[log] [gate_7] perf_8g_10_200_110_1783933341548 enter map_1 as unit 1110
[log] [login_1] perf_8g_10_200_122_1783933341576 login count 1
[log] [login_1] perf_8g_10_200_121_1783933341574 login count 1
[log] [login_1] perf_8g_10_200_123_1783933341577 login count 1
[log] [login_1] perf_8g_10_200_124_1783933341580 login count 1
[log] [login_1] perf_8g_10_200_125_1783933341580 login count 1
[log] [gate_5] perf_8g_10_200_116_1783933341558 enter map_1 as unit 1116
[log] [gate_4] perf_8g_10_200_115_1783933341556 enter map_1 as unit 1115
[log] [gate_2] perf_8g_10_200_113_1783933341555 enter map_1 as unit 1113
[log] [gate_3] perf_8g_10_200_114_1783933341555 enter map_1 as unit 1114
[log] [login_1] perf_8g_10_200_126_1783933341583 login count 1
[log] [login_1] perf_8g_10_200_127_1783933341583 login count 1
[log] [login_1] perf_8g_10_200_128_1783933341584 login count 1
[log] [gate_6] perf_8g_10_200_117_1783933341561 enter map_1 as unit 1117
[log] [gate_8] perf_8g_10_200_119_1783933341567 enter map_1 as unit 1118
[log] [gate_1] perf_8g_10_200_120_1783933341567 enter map_1 as unit 1119
[log] [gate_7] perf_8g_10_200_118_1783933341566 enter map_1 as unit 1120
[log] [login_1] perf_8g_10_200_129_1783933341589 login count 1
[log] [login_1] perf_8g_10_200_130_1783933341591 login count 1
[log] [login_1] perf_8g_10_200_131_1783933341591 login count 1
[log] [login_1] perf_8g_10_200_132_1783933341592 login count 1
[log] [login_1] perf_8g_10_200_133_1783933341596 login count 1
[log] [gate_5] perf_8g_10_200_124_1783933341580 enter map_1 as unit 1121
[log] [gate_2] perf_8g_10_200_122_1783933341576 enter map_1 as unit 1124
[log] [gate_4] perf_8g_10_200_123_1783933341577 enter map_1 as unit 1123
[log] [gate_3] perf_8g_10_200_121_1783933341574 enter map_1 as unit 1122
[log] [login_1] perf_8g_10_200_134_1783933341597 login count 1
[log] [login_1] perf_8g_10_200_135_1783933341597 login count 1
[log] [login_1] perf_8g_10_200_136_1783933341599 login count 1
[log] [login_1] perf_8g_10_200_137_1783933341603 login count 1
[log] [login_1] perf_8g_10_200_138_1783933341604 login count 1
[log] [login_1] perf_8g_10_200_139_1783933341604 login count 1
[log] [login_1] perf_8g_10_200_140_1783933341605 login count 1
[log] [gate_7] perf_8g_10_200_126_1783933341583 enter map_1 as unit 1125
[log] [gate_1] perf_8g_10_200_128_1783933341584 enter map_1 as unit 1128
[log] [gate_8] perf_8g_10_200_127_1783933341583 enter map_1 as unit 1126
[log] [gate_6] perf_8g_10_200_125_1783933341580 enter map_1 as unit 1127
[log] [login_1] perf_8g_10_200_141_1783933341611 login count 1
[log] [login_1] perf_8g_10_200_142_1783933341612 login count 1
[log] [login_1] perf_8g_10_200_143_1783933341613 login count 1
[log] [login_1] perf_8g_10_200_144_1783933341613 login count 1
[log] [gate_5] perf_8g_10_200_132_1783933341592 enter map_1 as unit 1130
[log] [gate_4] perf_8g_10_200_131_1783933341591 enter map_1 as unit 1132
[log] [gate_2] perf_8g_10_200_129_1783933341589 enter map_1 as unit 1129
[log] [gate_3] perf_8g_10_200_130_1783933341591 enter map_1 as unit 1131
[log] [login_1] perf_8g_10_200_146_1783933341621 login count 1
[log] [login_1] perf_8g_10_200_145_1783933341619 login count 1
[log] [login_1] perf_8g_10_200_147_1783933341622 login count 1
[log] [login_1] perf_8g_10_200_148_1783933341622 login count 1
[log] [gate_7] perf_8g_10_200_134_1783933341597 enter map_1 as unit 1136
[log] [gate_6] perf_8g_10_200_133_1783933341596 enter map_1 as unit 1133
[log] [gate_8] perf_8g_10_200_135_1783933341597 enter map_1 as unit 1135
[log] [gate_1] perf_8g_10_200_136_1783933341599 enter map_1 as unit 1134
[log] [login_1] perf_8g_10_200_149_1783933341627 login count 1
[log] [login_1] perf_8g_10_200_150_1783933341628 login count 1
[log] [login_1] perf_8g_10_200_151_1783933341629 login count 1
[log] [login_1] perf_8g_10_200_152_1783933341629 login count 1
[log] [gate_2] perf_8g_10_200_137_1783933341603 enter map_1 as unit 1140
[log] [gate_5] perf_8g_10_200_140_1783933341605 enter map_1 as unit 1137
[log] [gate_3] perf_8g_10_200_138_1783933341604 enter map_1 as unit 1138
[log] [gate_4] perf_8g_10_200_139_1783933341604 enter map_1 as unit 1139
[log] [login_1] perf_8g_10_200_154_1783933341635 login count 1
[log] [login_1] perf_8g_10_200_153_1783933341634 login count 1
[log] [gate_7] perf_8g_10_200_142_1783933341612 enter map_1 as unit 1141
[log] [gate_1] perf_8g_10_200_144_1783933341613 enter map_1 as unit 1144
[log] [gate_8] perf_8g_10_200_143_1783933341613 enter map_1 as unit 1142
[log] [gate_6] perf_8g_10_200_141_1783933341611 enter map_1 as unit 1143
[log] [login_1] perf_8g_10_200_155_1783933341636 login count 1
[log] [login_1] perf_8g_10_200_156_1783933341637 login count 1
[log] [login_1] perf_8g_10_200_157_1783933341642 login count 1
[log] [login_1] perf_8g_10_200_158_1783933341643 login count 1
[log] [login_1] perf_8g_10_200_159_1783933341643 login count 1
[log] [login_1] perf_8g_10_200_160_1783933341644 login count 1
[log] [gate_5] perf_8g_10_200_148_1783933341622 enter map_1 as unit 1148
[log] [gate_2] perf_8g_10_200_146_1783933341621 enter map_1 as unit 1147
[log] [gate_3] perf_8g_10_200_145_1783933341619 enter map_1 as unit 1146
[log] [gate_4] perf_8g_10_200_147_1783933341622 enter map_1 as unit 1145
[log] [login_1] perf_8g_10_200_161_1783933341648 login count 1
[log] [login_1] perf_8g_10_200_162_1783933341649 login count 1
[log] [login_1] perf_8g_10_200_163_1783933341649 login count 1
[log] [login_1] perf_8g_10_200_164_1783933341650 login count 1
[log] [gate_8] perf_8g_10_200_151_1783933341629 enter map_1 as unit 1149
[log] [gate_1] perf_8g_10_200_152_1783933341629 enter map_1 as unit 1150
[log] [gate_6] perf_8g_10_200_149_1783933341627 enter map_1 as unit 1152
[log] [gate_7] perf_8g_10_200_150_1783933341628 enter map_1 as unit 1151
[log] [login_1] perf_8g_10_200_165_1783933341656 login count 1
[log] [login_1] perf_8g_10_200_166_1783933341657 login count 1
[log] [login_1] perf_8g_10_200_168_1783933341658 login count 1
[log] [login_1] perf_8g_10_200_167_1783933341657 login count 1
[log] [gate_5] perf_8g_10_200_156_1783933341637 enter map_1 as unit 1153
[log] [gate_3] perf_8g_10_200_153_1783933341634 enter map_1 as unit 1154
[log] [gate_2] perf_8g_10_200_154_1783933341635 enter map_1 as unit 1155
[log] [gate_4] perf_8g_10_200_155_1783933341636 enter map_1 as unit 1156
[log] [gate_6] perf_8g_10_200_157_1783933341642 enter map_1 as unit 1157
[log] [gate_8] perf_8g_10_200_159_1783933341643 enter map_1 as unit 1160
[log] [gate_1] perf_8g_10_200_160_1783933341644 enter map_1 as unit 1159
[log] [gate_7] perf_8g_10_200_158_1783933341643 enter map_1 as unit 1158
[log] [login_1] perf_8g_10_200_169_1783933341663 login count 1
[log] [login_1] perf_8g_10_200_170_1783933341664 login count 1
[log] [login_1] perf_8g_10_200_171_1783933341665 login count 1
[log] [login_1] perf_8g_10_200_172_1783933341666 login count 1
[log] [login_1] perf_8g_10_200_174_1783933341672 login count 1
[log] [login_1] perf_8g_10_200_173_1783933341672 login count 1
[log] [login_1] perf_8g_10_200_175_1783933341673 login count 1
[log] [login_1] perf_8g_10_200_176_1783933341674 login count 1
[log] [gate_2] perf_8g_10_200_161_1783933341648 enter map_1 as unit 1164
[log] [gate_5] perf_8g_10_200_164_1783933341650 enter map_1 as unit 1162
[log] [gate_4] perf_8g_10_200_163_1783933341649 enter map_1 as unit 1163
[log] [gate_3] perf_8g_10_200_162_1783933341649 enter map_1 as unit 1161
[log] [login_1] perf_8g_10_200_177_1783933341678 login count 1
[log] [login_1] perf_8g_10_200_178_1783933341678 login count 1
[log] [login_1] perf_8g_10_200_179_1783933341679 login count 1
[log] [login_1] perf_8g_10_200_180_1783933341680 login count 1
[log] [gate_6] perf_8g_10_200_165_1783933341656 enter map_1 as unit 1167
[log] [gate_1] perf_8g_10_200_167_1783933341657 enter map_1 as unit 1165
[log] [gate_7] perf_8g_10_200_166_1783933341657 enter map_1 as unit 1166
[log] [gate_8] perf_8g_10_200_168_1783933341658 enter map_1 as unit 1168
[log] [login_1] perf_8g_10_200_181_1783933341687 login count 1
[log] [login_1] perf_8g_10_200_182_1783933341688 login count 1
[log] [login_1] perf_8g_10_200_183_1783933341689 login count 1
[log] [login_1] perf_8g_10_200_184_1783933341689 login count 1
[log] [gate_4] perf_8g_10_200_171_1783933341665 enter map_1 as unit 1169
[log] [gate_2] perf_8g_10_200_169_1783933341663 enter map_1 as unit 1171
[log] [gate_3] perf_8g_10_200_170_1783933341664 enter map_1 as unit 1172
[log] [gate_5] perf_8g_10_200_172_1783933341666 enter map_1 as unit 1170
[log] [login_1] perf_8g_10_200_185_1783933341695 login count 1
[log] [login_1] perf_8g_10_200_186_1783933341696 login count 1
[log] [login_1] perf_8g_10_200_187_1783933341697 login count 1
[log] [login_1] perf_8g_10_200_188_1783933341698 login count 1
[log] [gate_7] perf_8g_10_200_173_1783933341672 enter map_1 as unit 1174
[log] [gate_1] perf_8g_10_200_176_1783933341674 enter map_1 as unit 1175
[log] [gate_8] perf_8g_10_200_175_1783933341673 enter map_1 as unit 1176
[log] [gate_6] perf_8g_10_200_174_1783933341672 enter map_1 as unit 1173
[log] [login_1] perf_8g_10_200_189_1783933341704 login count 1
[log] [login_1] perf_8g_10_200_190_1783933341705 login count 1
[log] [login_1] perf_8g_10_200_191_1783933341706 login count 1
[log] [login_1] perf_8g_10_200_192_1783933341706 login count 1
[log] [gate_3] perf_8g_10_200_178_1783933341678 enter map_1 as unit 1177
[log] [gate_4] perf_8g_10_200_179_1783933341679 enter map_1 as unit 1178
[log] [gate_5] perf_8g_10_200_180_1783933341680 enter map_1 as unit 1180
[log] [gate_2] perf_8g_10_200_177_1783933341678 enter map_1 as unit 1179
[log] [login_1] perf_8g_10_200_193_1783933341712 login count 1
[log] [login_1] perf_8g_10_200_195_1783933341714 login count 1
[log] [login_1] perf_8g_10_200_194_1783933341713 login count 1
[log] [login_1] perf_8g_10_200_196_1783933341715 login count 1
[log] [gate_1] perf_8g_10_200_184_1783933341689 enter map_1 as unit 1181
[log] [gate_7] perf_8g_10_200_182_1783933341688 enter map_1 as unit 1183
[log] [gate_6] perf_8g_10_200_181_1783933341687 enter map_1 as unit 1184
[log] [gate_8] perf_8g_10_200_183_1783933341689 enter map_1 as unit 1182
[log] [login_1] perf_8g_10_200_197_1783933341723 login count 1
[log] [login_1] perf_8g_10_200_198_1783933341724 login count 1
[log] [login_1] perf_8g_10_200_199_1783933341725 login count 1
[log] [gate_5] perf_8g_10_200_188_1783933341698 enter map_1 as unit 1186
[log] [gate_3] perf_8g_10_200_186_1783933341696 enter map_1 as unit 1185
[log] [gate_2] perf_8g_10_200_185_1783933341695 enter map_1 as unit 1187
[log] [gate_4] perf_8g_10_200_187_1783933341697 enter map_1 as unit 1188
[log] [gate_7] perf_8g_10_200_190_1783933341705 enter map_1 as unit 1189
[log] [gate_8] perf_8g_10_200_191_1783933341706 enter map_1 as unit 1192
[log] [gate_6] perf_8g_10_200_189_1783933341704 enter map_1 as unit 1190
[log] [gate_1] perf_8g_10_200_192_1783933341706 enter map_1 as unit 1191
[log] [gate_5] perf_8g_10_200_196_1783933341715 enter map_1 as unit 1196
[log] [gate_3] perf_8g_10_200_195_1783933341714 enter map_1 as unit 1195
[log] [gate_4] perf_8g_10_200_194_1783933341713 enter map_1 as unit 1194
[log] [gate_2] perf_8g_10_200_193_1783933341712 enter map_1 as unit 1193
[log] [gate_7] perf_8g_10_200_198_1783933341724 enter map_1 as unit 1197
[log] [gate_8] perf_8g_10_200_199_1783933341725 enter map_1 as unit 1199
[log] [gate_6] perf_8g_10_200_197_1783933341723 enter map_1 as unit 1198
[metrics:inner_transport] active=0 opened=0 pending=0 max_pending=0 overloads=0 timeouts=0 disconnected_calls=0 late_responses=0 idle_closes=0
[process-metrics] process=log cpu_percent=1.58 cpu_time_ms=125 rss_bytes=36753408 v8_heap_used_bytes=2711648 v8_heap_total_bytes=6041600 v8_gc_count=3 v8_gc_ms=0.795 timestamp_ms=1783933346111
[metrics:log] scene=log type=Log processed=400 failed=0 ts_queue=0 ts_max_queue=7 rust_queue=0 rust_max_queue=7 backpressure=0 slow_disconnects=0 update_ms=0.00 handler_ms=0.00 max_handler_ms=1.00 total_handler_ms=14.00
[metrics:inner_transport] active=0 opened=0 pending=0 max_pending=0 overloads=0 timeouts=0 disconnected_calls=0 late_responses=0 idle_closes=0
[process-metrics] process=log cpu_percent=0.30 cpu_time_ms=140 rss_bytes=36835328 v8_heap_used_bytes=2850320 v8_heap_total_bytes=6041600 v8_gc_count=3 v8_gc_ms=0.795 timestamp_ms=1783933351147
[metrics:log] scene=log type=Log processed=400 failed=0 ts_queue=0 ts_max_queue=7 rust_queue=0 rust_max_queue=7 backpressure=0 slow_disconnects=0 update_ms=0.00 handler_ms=0.00 max_handler_ms=1.00 total_handler_ms=14.00
[metrics:inner_transport] active=0 opened=0 pending=0 max_pending=0 overloads=0 timeouts=0 disconnected_calls=0 late_responses=0 idle_closes=0
[process-metrics] process=log cpu_percent=0.00 cpu_time_ms=140 rss_bytes=37130240 v8_heap_used_bytes=3004080 v8_heap_total_bytes=6303744 v8_gc_count=3 v8_gc_ms=0.795 timestamp_ms=1783933356149
[metrics:log] scene=log type=Log processed=400 failed=0 ts_queue=0 ts_max_queue=7 rust_queue=0 rust_max_queue=7 backpressure=0 slow_disconnects=0 update_ms=0.00 handler_ms=0.00 max_handler_ms=1.00 total_handler_ms=14.00
[metrics:inner_transport] active=0 opened=0 pending=0 max_pending=0 overloads=0 timeouts=0 disconnected_calls=0 late_responses=0 idle_closes=0
[process-metrics] process=log cpu_percent=0.93 cpu_time_ms=187 rss_bytes=37232640 v8_heap_used_bytes=3133688 v8_heap_total_bytes=6565888 v8_gc_count=3 v8_gc_ms=0.795 timestamp_ms=1783933361193
[metrics:log] scene=log type=Log processed=400 failed=0 ts_queue=0 ts_max_queue=7 rust_queue=0 rust_max_queue=7 backpressure=0 slow_disconnects=0 update_ms=0.00 handler_ms=0.00 max_handler_ms=1.00 total_handler_ms=14.00
[metrics:inner_transport] active=0 opened=0 pending=0 max_pending=0 overloads=0 timeouts=0 disconnected_calls=0 late_responses=0 idle_closes=0
[process-metrics] process=log cpu_percent=0.00 cpu_time_ms=187 rss_bytes=37400576 v8_heap_used_bytes=3263288 v8_heap_total_bytes=6565888 v8_gc_count=3 v8_gc_ms=0.795 timestamp_ms=1783933366230
[metrics:log] scene=log type=Log processed=400 failed=0 ts_queue=0 ts_max_queue=7 rust_queue=0 rust_max_queue=7 backpressure=0 slow_disconnects=0 update_ms=0.00 handler_ms=0.00 max_handler_ms=1.00 total_handler_ms=14.00
[metrics:inner_transport] active=0 opened=0 pending=0 max_pending=0 overloads=0 timeouts=0 disconnected_calls=0 late_responses=0 idle_closes=0
[process-metrics] process=log cpu_percent=0.32 cpu_time_ms=203 rss_bytes=37482496 v8_heap_used_bytes=3392904 v8_heap_total_bytes=6828032 v8_gc_count=3 v8_gc_ms=0.795 timestamp_ms=1783933371268
[metrics:log] scene=log type=Log processed=400 failed=0 ts_queue=0 ts_max_queue=7 rust_queue=0 rust_max_queue=7 backpressure=0 slow_disconnects=0 update_ms=0.00 handler_ms=0.00 max_handler_ms=1.00 total_handler_ms=14.00
[metrics:inner_transport] active=0 opened=0 pending=0 max_pending=0 overloads=0 timeouts=0 disconnected_calls=0 late_responses=0 idle_closes=0
[process-metrics] process=log cpu_percent=0.61 cpu_time_ms=234 rss_bytes=37740544 v8_heap_used_bytes=3526776 v8_heap_total_bytes=6828032 v8_gc_count=3 v8_gc_ms=0.795 timestamp_ms=1783933376319
[metrics:log] scene=log type=Log processed=400 failed=0 ts_queue=0 ts_max_queue=7 rust_queue=0 rust_max_queue=7 backpressure=0 slow_disconnects=0 update_ms=0.00 handler_ms=0.00 max_handler_ms=1.00 total_handler_ms=14.00
[metrics:inner_transport] active=0 opened=0 pending=0 max_pending=0 overloads=0 timeouts=0 disconnected_calls=0 late_responses=0 idle_closes=0
[process-metrics] process=log cpu_percent=0.61 cpu_time_ms=265 rss_bytes=37928960 v8_heap_used_bytes=3655128 v8_heap_total_bytes=7090176 v8_gc_count=3 v8_gc_ms=0.795 timestamp_ms=1783933381366
[metrics:log] scene=log type=Log processed=400 failed=0 ts_queue=0 ts_max_queue=7 rust_queue=0 rust_max_queue=7 backpressure=0 slow_disconnects=0 update_ms=0.00 handler_ms=0.00 max_handler_ms=1.00 total_handler_ms=14.00
