starting process map1 with one V8 and 1 scene(s) from E:\VsCode\skynet\ets_runtime\perf\results\runtime_configs\map_capacity_20260713_090056\200p_8g_r2\map1.json
scene map_1 (MapHost) listening on 127.0.0.1:7301
[process:map1] one V8 started with 1 scene(s)
[map_1] MapHost scene started at 127.0.0.1:7301
map_1 accepted 127.0.0.1:58101 as conn 1
map_1 accepted 127.0.0.1:58161 as conn 2
map_1 accepted 127.0.0.1:58162 as conn 3
[map_1] perf_8g_10_200_0_1783933299175 enter map 1 unit 1000
map_1 accepted 127.0.0.1:58164 as conn 4
map_1 accepted 127.0.0.1:58163 as conn 5
map_1 accepted 127.0.0.1:58165 as conn 6
map_1 accepted 127.0.0.1:58166 as conn 7
map_1 accepted 127.0.0.1:58167 as conn 8
map_1 accepted 127.0.0.1:58168 as conn 9
[map_1] perf_8g_10_200_1_1783933299176 enter map 1 unit 1001
[map_1] perf_8g_10_200_2_1783933299176 enter map 1 unit 1002
[map_1] perf_8g_10_200_3_1783933299176 enter map 1 unit 1003
[map_1] perf_8g_10_200_7_1783933299176 enter map 1 unit 1004
[map_1] perf_8g_10_200_5_1783933299176 enter map 1 unit 1005
[map_1] perf_8g_10_200_4_1783933299176 enter map 1 unit 1006
[map_1] perf_8g_10_200_6_1783933299176 enter map 1 unit 1007
[map_1] perf_8g_10_200_9_1783933299176 enter map 1 unit 1008
[map_1] perf_8g_10_200_13_1783933299176 enter map 1 unit 1009
[map_1] perf_8g_10_200_15_1783933299177 enter map 1 unit 1010
[map_1] perf_8g_10_200_14_1783933299177 enter map 1 unit 1011
[map_1] perf_8g_10_200_12_1783933299176 enter map 1 unit 1012
[map_1] perf_8g_10_200_11_1783933299176 enter map 1 unit 1013
[map_1] perf_8g_10_200_10_1783933299176 enter map 1 unit 1014
[map_1] perf_8g_10_200_8_1783933299176 enter map 1 unit 1015
[map_1] perf_8g_10_200_16_1783933299200 enter map 1 unit 1016
[map_1] perf_8g_10_200_17_1783933299202 enter map 1 unit 1017
[map_1] perf_8g_10_200_18_1783933299203 enter map 1 unit 1018
[map_1] perf_8g_10_200_19_1783933299204 enter map 1 unit 1019
[map_1] perf_8g_10_200_20_1783933299205 enter map 1 unit 1020
[map_1] perf_8g_10_200_21_1783933299206 enter map 1 unit 1021
[map_1] perf_8g_10_200_22_1783933299206 enter map 1 unit 1022
[map_1] perf_8g_10_200_25_1783933299207 enter map 1 unit 1023
[map_1] perf_8g_10_200_26_1783933299207 enter map 1 unit 1024
[map_1] perf_8g_10_200_24_1783933299206 enter map 1 unit 1025
[map_1] perf_8g_10_200_23_1783933299206 enter map 1 unit 1027
[map_1] perf_8g_10_200_27_1783933299207 enter map 1 unit 1026
[map_1] perf_8g_10_200_29_1783933299208 enter map 1 unit 1028
[map_1] perf_8g_10_200_28_1783933299207 enter map 1 unit 1029
[map_1] perf_8g_10_200_31_1783933299208 enter map 1 unit 1030
[map_1] perf_8g_10_200_30_1783933299208 enter map 1 unit 1031
[map_1] perf_8g_10_200_32_1783933299209 enter map 1 unit 1032
[map_1] perf_8g_10_200_35_1783933299217 enter map 1 unit 1033
[map_1] perf_8g_10_200_33_1783933299210 enter map 1 unit 1034
[map_1] perf_8g_10_200_34_1783933299214 enter map 1 unit 1035
[map_1] perf_8g_10_200_36_1783933299220 enter map 1 unit 1036
[map_1] perf_8g_10_200_37_1783933299224 enter map 1 unit 1037
[map_1] perf_8g_10_200_38_1783933299225 enter map 1 unit 1038
[map_1] perf_8g_10_200_39_1783933299226 enter map 1 unit 1039
[map_1] perf_8g_10_200_40_1783933299226 enter map 1 unit 1040
[map_1] perf_8g_10_200_41_1783933299227 enter map 1 unit 1041
[map_1] perf_8g_10_200_42_1783933299227 enter map 1 unit 1042
[map_1] perf_8g_10_200_43_1783933299228 enter map 1 unit 1043
[map_1] perf_8g_10_200_44_1783933299229 enter map 1 unit 1044
[map_1] perf_8g_10_200_45_1783933299229 enter map 1 unit 1045
[map_1] perf_8g_10_200_46_1783933299229 enter map 1 unit 1046
[map_1] perf_8g_10_200_48_1783933299230 enter map 1 unit 1047
[map_1] perf_8g_10_200_47_1783933299229 enter map 1 unit 1048
[map_1] perf_8g_10_200_50_1783933299231 enter map 1 unit 1049
[map_1] perf_8g_10_200_49_1783933299231 enter map 1 unit 1051
[map_1] perf_8g_10_200_51_1783933299231 enter map 1 unit 1050
[map_1] perf_8g_10_200_52_1783933299232 enter map 1 unit 1052
[map_1] perf_8g_10_200_53_1783933299237 enter map 1 unit 1053
[map_1] perf_8g_10_200_54_1783933299241 enter map 1 unit 1054
[map_1] perf_8g_10_200_55_1783933299242 enter map 1 unit 1055
[map_1] perf_8g_10_200_56_1783933299242 enter map 1 unit 1056
[map_1] perf_8g_10_200_57_1783933299243 enter map 1 unit 1057
[map_1] perf_8g_10_200_59_1783933299244 enter map 1 unit 1058
[map_1] perf_8g_10_200_58_1783933299243 enter map 1 unit 1059
[map_1] perf_8g_10_200_60_1783933299245 enter map 1 unit 1060
[map_1] perf_8g_10_200_61_1783933299247 enter map 1 unit 1061
[map_1] perf_8g_10_200_62_1783933299248 enter map 1 unit 1062
[map_1] perf_8g_10_200_63_1783933299248 enter map 1 unit 1063
[map_1] perf_8g_10_200_64_1783933299250 enter map 1 unit 1064
[map_1] perf_8g_10_200_65_1783933299251 enter map 1 unit 1065
[map_1] perf_8g_10_200_66_1783933299251 enter map 1 unit 1066
[map_1] perf_8g_10_200_67_1783933299251 enter map 1 unit 1067
[map_1] perf_8g_10_200_68_1783933299251 enter map 1 unit 1068
[map_1] perf_8g_10_200_69_1783933299254 enter map 1 unit 1069
[map_1] perf_8g_10_200_70_1783933299259 enter map 1 unit 1070
[map_1] perf_8g_10_200_71_1783933299260 enter map 1 unit 1071
[map_1] perf_8g_10_200_72_1783933299261 enter map 1 unit 1072
[map_1] perf_8g_10_200_73_1783933299264 enter map 1 unit 1073
[map_1] perf_8g_10_200_74_1783933299265 enter map 1 unit 1074
[map_1] perf_8g_10_200_76_1783933299266 enter map 1 unit 1076
[map_1] perf_8g_10_200_75_1783933299265 enter map 1 unit 1075
[map_1] perf_8g_10_200_77_1783933299269 enter map 1 unit 1077
[map_1] perf_8g_10_200_79_1783933299271 enter map 1 unit 1079
[map_1] perf_8g_10_200_78_1783933299270 enter map 1 unit 1078
[map_1] perf_8g_10_200_80_1783933299273 enter map 1 unit 1080
[map_1] perf_8g_10_200_81_1783933299274 enter map 1 unit 1081
[map_1] perf_8g_10_200_82_1783933299277 enter map 1 unit 1082
[map_1] perf_8g_10_200_83_1783933299277 enter map 1 unit 1084
[map_1] perf_8g_10_200_84_1783933299277 enter map 1 unit 1083
[map_1] perf_8g_10_200_85_1783933299279 enter map 1 unit 1085
[map_1] perf_8g_10_200_86_1783933299283 enter map 1 unit 1086
[map_1] perf_8g_10_200_87_1783933299284 enter map 1 unit 1087
[map_1] perf_8g_10_200_88_1783933299285 enter map 1 unit 1088
[map_1] perf_8g_10_200_89_1783933299288 enter map 1 unit 1089
[map_1] perf_8g_10_200_90_1783933299291 enter map 1 unit 1090
[map_1] perf_8g_10_200_92_1783933299292 enter map 1 unit 1091
[map_1] perf_8g_10_200_91_1783933299292 enter map 1 unit 1092
[map_1] perf_8g_10_200_93_1783933299295 enter map 1 unit 1093
[map_1] perf_8g_10_200_94_1783933299295 enter map 1 unit 1094
[map_1] perf_8g_10_200_95_1783933299295 enter map 1 unit 1095
[map_1] perf_8g_10_200_96_1783933299298 enter map 1 unit 1096
[map_1] perf_8g_10_200_97_1783933299298 enter map 1 unit 1097
[map_1] perf_8g_10_200_98_1783933299302 enter map 1 unit 1098
[map_1] perf_8g_10_200_99_1783933299302 enter map 1 unit 1099
[map_1] perf_8g_10_200_100_1783933299302 enter map 1 unit 1100
[map_1] perf_8g_10_200_101_1783933299304 enter map 1 unit 1101
[map_1] perf_8g_10_200_102_1783933299306 enter map 1 unit 1102
[map_1] perf_8g_10_200_104_1783933299307 enter map 1 unit 1104
[map_1] perf_8g_10_200_103_1783933299306 enter map 1 unit 1103
[map_1] perf_8g_10_200_105_1783933299311 enter map 1 unit 1105
[map_1] perf_8g_10_200_106_1783933299315 enter map 1 unit 1106
[map_1] perf_8g_10_200_107_1783933299318 enter map 1 unit 1107
[map_1] perf_8g_10_200_108_1783933299319 enter map 1 unit 1108
[map_1] perf_8g_10_200_110_1783933299322 enter map 1 unit 1110
[map_1] perf_8g_10_200_109_1783933299320 enter map 1 unit 1109
[map_1] perf_8g_10_200_111_1783933299323 enter map 1 unit 1111
[map_1] perf_8g_10_200_113_1783933299325 enter map 1 unit 1113
[map_1] perf_8g_10_200_112_1783933299324 enter map 1 unit 1112
[map_1] perf_8g_10_200_114_1783933299329 enter map 1 unit 1114
[map_1] perf_8g_10_200_115_1783933299331 enter map 1 unit 1115
[map_1] perf_8g_10_200_116_1783933299332 enter map 1 unit 1116
[map_1] perf_8g_10_200_117_1783933299333 enter map 1 unit 1117
[map_1] perf_8g_10_200_118_1783933299337 enter map 1 unit 1118
[map_1] perf_8g_10_200_119_1783933299337 enter map 1 unit 1119
[map_1] perf_8g_10_200_120_1783933299337 enter map 1 unit 1120
[map_1] perf_8g_10_200_121_1783933299339 enter map 1 unit 1121
[map_1] perf_8g_10_200_122_1783933299341 enter map 1 unit 1122
[map_1] perf_8g_10_200_123_1783933299345 enter map 1 unit 1123
[map_1] perf_8g_10_200_124_1783933299349 enter map 1 unit 1124
[map_1] perf_8g_10_200_125_1783933299349 enter map 1 unit 1125
[map_1] perf_8g_10_200_126_1783933299350 enter map 1 unit 1126
[map_1] perf_8g_10_200_127_1783933299353 enter map 1 unit 1127
[map_1] perf_8g_10_200_128_1783933299354 enter map 1 unit 1128
[map_1] perf_8g_10_200_130_1783933299356 enter map 1 unit 1130
[map_1] perf_8g_10_200_129_1783933299354 enter map 1 unit 1129
[map_1] perf_8g_10_200_131_1783933299358 enter map 1 unit 1131
[map_1] perf_8g_10_200_134_1783933299365 enter map 1 unit 1134
[map_1] perf_8g_10_200_132_1783933299358 enter map 1 unit 1132
[map_1] perf_8g_10_200_133_1783933299359 enter map 1 unit 1133
[map_1] perf_8g_10_200_136_1783933299369 enter map 1 unit 1135
[map_1] perf_8g_10_200_137_1783933299371 enter map 1 unit 1138
[map_1] perf_8g_10_200_135_1783933299368 enter map 1 unit 1136
[map_1] perf_8g_10_200_138_1783933299371 enter map 1 unit 1137
[map_1] perf_8g_10_200_141_1783933299380 enter map 1 unit 1139
[map_1] perf_8g_10_200_139_1783933299372 enter map 1 unit 1142
[map_1] perf_8g_10_200_140_1783933299377 enter map 1 unit 1140
[map_1] perf_8g_10_200_142_1783933299381 enter map 1 unit 1141
[map_1] perf_8g_10_200_145_1783933299388 enter map 1 unit 1143
[map_1] perf_8g_10_200_144_1783933299387 enter map 1 unit 1146
[map_1] perf_8g_10_200_143_1783933299387 enter map 1 unit 1144
[map_1] perf_8g_10_200_146_1783933299389 enter map 1 unit 1145
[map_1] perf_8g_10_200_150_1783933299396 enter map 1 unit 1147
[map_1] perf_8g_10_200_148_1783933299394 enter map 1 unit 1150
[map_1] perf_8g_10_200_149_1783933299395 enter map 1 unit 1148
[map_1] perf_8g_10_200_147_1783933299394 enter map 1 unit 1149
[map_1] perf_8g_10_200_151_1783933299399 enter map 1 unit 1151
[map_1] perf_8g_10_200_153_1783933299401 enter map 1 unit 1154
[map_1] perf_8g_10_200_154_1783933299402 enter map 1 unit 1152
[map_1] perf_8g_10_200_152_1783933299400 enter map 1 unit 1153
[map_1] perf_8g_10_200_155_1783933299407 enter map 1 unit 1155
[map_1] perf_8g_10_200_157_1783933299409 enter map 1 unit 1158
[map_1] perf_8g_10_200_158_1783933299410 enter map 1 unit 1156
[map_1] perf_8g_10_200_156_1783933299408 enter map 1 unit 1157
[map_1] perf_8g_10_200_159_1783933299414 enter map 1 unit 1159
[map_1] perf_8g_10_200_162_1783933299417 enter map 1 unit 1162
[map_1] perf_8g_10_200_160_1783933299415 enter map 1 unit 1160
[map_1] perf_8g_10_200_161_1783933299416 enter map 1 unit 1161
[map_1] perf_8g_10_200_164_1783933299422 enter map 1 unit 1163
[map_1] perf_8g_10_200_166_1783933299423 enter map 1 unit 1166
[map_1] perf_8g_10_200_165_1783933299423 enter map 1 unit 1164
[map_1] perf_8g_10_200_163_1783933299421 enter map 1 unit 1165
[map_1] perf_8g_10_200_170_1783933299430 enter map 1 unit 1167
[map_1] perf_8g_10_200_169_1783933299429 enter map 1 unit 1170
[map_1] perf_8g_10_200_168_1783933299428 enter map 1 unit 1168
[map_1] perf_8g_10_200_167_1783933299428 enter map 1 unit 1169
[map_1] perf_8g_10_200_174_1783933299438 enter map 1 unit 1171
[map_1] perf_8g_10_200_173_1783933299438 enter map 1 unit 1174
[map_1] perf_8g_10_200_171_1783933299436 enter map 1 unit 1172
[map_1] perf_8g_10_200_172_1783933299437 enter map 1 unit 1173
[map_1] perf_8g_10_200_177_1783933299445 enter map 1 unit 1175
[map_1] perf_8g_10_200_176_1783933299444 enter map 1 unit 1178
[map_1] perf_8g_10_200_175_1783933299443 enter map 1 unit 1176
[map_1] perf_8g_10_200_178_1783933299445 enter map 1 unit 1177
[map_1] perf_8g_10_200_180_1783933299453 enter map 1 unit 1179
[map_1] perf_8g_10_200_182_1783933299455 enter map 1 unit 1182
[map_1] perf_8g_10_200_179_1783933299452 enter map 1 unit 1180
[map_1] perf_8g_10_200_181_1783933299454 enter map 1 unit 1181
[map_1] perf_8g_10_200_184_1783933299461 enter map 1 unit 1183
[map_1] perf_8g_10_200_183_1783933299461 enter map 1 unit 1186
[map_1] perf_8g_10_200_185_1783933299462 enter map 1 unit 1184
[map_1] perf_8g_10_200_186_1783933299463 enter map 1 unit 1185
[map_1] perf_8g_10_200_190_1783933299471 enter map 1 unit 1187
[map_1] perf_8g_10_200_188_1783933299470 enter map 1 unit 1190
[map_1] perf_8g_10_200_189_1783933299470 enter map 1 unit 1188
[map_1] perf_8g_10_200_187_1783933299469 enter map 1 unit 1189
[map_1] perf_8g_10_200_194_1783933299479 enter map 1 unit 1191
[map_1] perf_8g_10_200_193_1783933299478 enter map 1 unit 1194
[map_1] perf_8g_10_200_191_1783933299477 enter map 1 unit 1193
[map_1] perf_8g_10_200_192_1783933299478 enter map 1 unit 1192
[map_1] perf_8g_10_200_197_1783933299488 enter map 1 unit 1195
[map_1] perf_8g_10_200_195_1783933299486 enter map 1 unit 1198
[map_1] perf_8g_10_200_198_1783933299489 enter map 1 unit 1196
[map_1] perf_8g_10_200_196_1783933299487 enter map 1 unit 1197
[map_1] perf_8g_10_200_199_1783933299495 enter map 1 unit 1199
[metrics:inner_transport] active=8 opened=8 pending=0 max_pending=0 overloads=0 timeouts=0 disconnected_calls=0 late_responses=0 idle_closes=0
[process-metrics] process=map1 cpu_percent=41.00 cpu_time_ms=2093 rss_bytes=76505088 v8_heap_used_bytes=11694752 v8_heap_total_bytes=35926016 v8_gc_count=40 v8_gc_ms=9.832 timestamp_ms=1783933303758
[metrics:map1] scene=map_1 type=MapHost processed=9609 failed=0 ts_queue=0 ts_max_queue=130 rust_queue=191 rust_max_queue=191 backpressure=0 slow_disconnects=0 update_ms=0.00 handler_ms=0.00 max_handler_ms=10.00 total_handler_ms=5504.00
[metrics:inner_transport] active=8 opened=8 pending=0 max_pending=0 overloads=0 timeouts=0 disconnected_calls=0 late_responses=0 idle_closes=0
[process-metrics] process=map1 cpu_percent=20.38 cpu_time_ms=3109 rss_bytes=80633856 v8_heap_used_bytes=18649872 v8_heap_total_bytes=37498880 v8_gc_count=46 v8_gc_ms=11.694 timestamp_ms=1783933308742
[metrics:map1] scene=map_1 type=MapHost processed=20606 failed=0 ts_queue=0 ts_max_queue=191 rust_queue=194 rust_max_queue=194 backpressure=0 slow_disconnects=0 update_ms=1.00 handler_ms=1.00 max_handler_ms=11.00 total_handler_ms=9176.00
[metrics:inner_transport] active=8 opened=8 pending=0 max_pending=0 overloads=0 timeouts=0 disconnected_calls=0 late_responses=0 idle_closes=0
[process-metrics] process=map1 cpu_percent=29.39 cpu_time_ms=4578 rss_bytes=79945728 v8_heap_used_bytes=6727584 v8_heap_total_bytes=38285312 v8_gc_count=55 v8_gc_ms=16.503 timestamp_ms=1783933313741
[metrics:map1] scene=map_1 type=MapHost processed=31669 failed=0 ts_queue=0 ts_max_queue=194 rust_queue=131 rust_max_queue=194 backpressure=0 slow_disconnects=0 update_ms=0.00 handler_ms=0.00 max_handler_ms=11.00 total_handler_ms=10824.00
[metrics:inner_transport] active=8 opened=8 pending=0 max_pending=0 overloads=0 timeouts=0 disconnected_calls=0 late_responses=0 idle_closes=0
[process-metrics] process=map1 cpu_percent=11.53 cpu_time_ms=5156 rss_bytes=81821696 v8_heap_used_bytes=13319400 v8_heap_total_bytes=38547456 v8_gc_count=61 v8_gc_ms=17.749 timestamp_ms=1783933318752
[metrics:map1] scene=map_1 type=MapHost processed=42603 failed=0 ts_queue=0 ts_max_queue=194 rust_queue=197 rust_max_queue=197 backpressure=0 slow_disconnects=0 update_ms=0.00 handler_ms=0.00 max_handler_ms=11.00 total_handler_ms=11807.00
[metrics:inner_transport] active=8 opened=8 pending=0 max_pending=0 overloads=0 timeouts=0 disconnected_calls=0 late_responses=0 idle_closes=0
[process-metrics] process=map1 cpu_percent=15.29 cpu_time_ms=5921 rss_bytes=82284544 v8_heap_used_bytes=8915888 v8_heap_total_bytes=38547456 v8_gc_count=68 v8_gc_ms=19.340 timestamp_ms=1783933323757
[metrics:map1] scene=map_1 type=MapHost processed=53798 failed=0 ts_queue=0 ts_max_queue=197 rust_queue=1 rust_max_queue=197 backpressure=0 slow_disconnects=0 update_ms=0.00 handler_ms=0.00 max_handler_ms=11.00 total_handler_ms=12955.00
[metrics:inner_transport] active=8 opened=8 pending=0 max_pending=0 overloads=0 timeouts=0 disconnected_calls=0 late_responses=0 idle_closes=0
[process-metrics] process=map1 cpu_percent=17.49 cpu_time_ms=6796 rss_bytes=84606976 v8_heap_used_bytes=16527576 v8_heap_total_bytes=39333888 v8_gc_count=74 v8_gc_ms=20.547 timestamp_ms=1783933328758
[metrics:map1] scene=map_1 type=MapHost processed=64649 failed=0 ts_queue=0 ts_max_queue=197 rust_queue=7 rust_max_queue=197 backpressure=0 slow_disconnects=0 update_ms=0.00 handler_ms=0.00 max_handler_ms=11.00 total_handler_ms=13595.00
[metrics:inner_transport] active=8 opened=8 pending=0 max_pending=0 overloads=0 timeouts=0 disconnected_calls=0 late_responses=0 idle_closes=0
[process-metrics] process=map1 cpu_percent=9.70 cpu_time_ms=7281 rss_bytes=87273472 v8_heap_used_bytes=10269224 v8_heap_total_bytes=41168896 v8_gc_count=81 v8_gc_ms=22.474 timestamp_ms=1783933333759
[metrics:map1] scene=map_1 type=MapHost processed=75609 failed=0 ts_queue=0 ts_max_queue=197 rust_queue=6 rust_max_queue=197 backpressure=0 slow_disconnects=0 update_ms=0.00 handler_ms=0.00 max_handler_ms=11.00 total_handler_ms=14536.00
[metrics:inner_transport] active=8 opened=8 pending=0 max_pending=0 overloads=0 timeouts=0 disconnected_calls=0 late_responses=0 idle_closes=0
[process-metrics] process=map1 cpu_percent=25.44 cpu_time_ms=8562 rss_bytes=84578304 v8_heap_used_bytes=8561488 v8_heap_total_bytes=39596032 v8_gc_count=89 v8_gc_ms=27.184 timestamp_ms=1783933338794
[metrics:map1] scene=map_1 type=MapHost processed=86602 failed=0 ts_queue=0 ts_max_queue=197 rust_queue=1 rust_max_queue=197 backpressure=0 slow_disconnects=0 update_ms=0.00 handler_ms=0.00 max_handler_ms=11.00 total_handler_ms=15521.00
[map_1] perf_8g_10_200_0_1783933299175 leave map 1 unit 1000
[map_1] perf_8g_10_200_3_1783933299176 leave map 1 unit 1003
[map_1] perf_8g_10_200_9_1783933299176 leave map 1 unit 1008
[map_1] perf_8g_10_200_54_1783933299241 leave map 1 unit 1054
[map_1] perf_8g_10_200_2_1783933299176 leave map 1 unit 1002
[map_1] perf_8g_10_200_48_1783933299230 leave map 1 unit 1047
[map_1] perf_8g_10_200_53_1783933299237 leave map 1 unit 1053
[map_1] perf_8g_10_200_1_1783933299176 leave map 1 unit 1001
[map_1] perf_8g_10_200_52_1783933299232 leave map 1 unit 1052
[map_1] perf_8g_10_200_5_1783933299176 leave map 1 unit 1005
[map_1] perf_8g_10_200_50_1783933299231 leave map 1 unit 1049
[map_1] perf_8g_10_200_51_1783933299231 leave map 1 unit 1050
[map_1] perf_8g_10_200_4_1783933299176 leave map 1 unit 1006
[map_1] perf_8g_10_200_12_1783933299176 leave map 1 unit 1012
[map_1] perf_8g_10_200_49_1783933299231 leave map 1 unit 1051
[map_1] perf_8g_10_200_46_1783933299229 leave map 1 unit 1046
[map_1] perf_8g_10_200_13_1783933299176 leave map 1 unit 1009
[map_1] perf_8g_10_200_47_1783933299229 leave map 1 unit 1048
[map_1] perf_8g_10_200_11_1783933299176 leave map 1 unit 1013
[map_1] perf_8g_10_200_45_1783933299229 leave map 1 unit 1045
[map_1] perf_8g_10_200_43_1783933299228 leave map 1 unit 1043
[map_1] perf_8g_10_200_14_1783933299177 leave map 1 unit 1011
[map_1] perf_8g_10_200_15_1783933299177 leave map 1 unit 1010
[map_1] perf_8g_10_200_44_1783933299229 leave map 1 unit 1044
[map_1] perf_8g_10_200_42_1783933299227 leave map 1 unit 1042
[map_1] perf_8g_10_200_16_1783933299200 leave map 1 unit 1016
[map_1] perf_8g_10_200_41_1783933299227 leave map 1 unit 1041
[map_1] perf_8g_10_200_7_1783933299176 leave map 1 unit 1004
[map_1] perf_8g_10_200_40_1783933299226 leave map 1 unit 1040
[map_1] perf_8g_10_200_17_1783933299202 leave map 1 unit 1017
[map_1] perf_8g_10_200_39_1783933299226 leave map 1 unit 1039
[map_1] perf_8g_10_200_6_1783933299176 leave map 1 unit 1007
[map_1] perf_8g_10_200_38_1783933299225 leave map 1 unit 1038
[map_1] perf_8g_10_200_18_1783933299203 leave map 1 unit 1018
[map_1] perf_8g_10_200_37_1783933299224 leave map 1 unit 1037
[map_1] perf_8g_10_200_36_1783933299220 leave map 1 unit 1036
[map_1] perf_8g_10_200_8_1783933299176 leave map 1 unit 1015
[map_1] perf_8g_10_200_20_1783933299205 leave map 1 unit 1020
[map_1] perf_8g_10_200_35_1783933299217 leave map 1 unit 1033
[map_1] perf_8g_10_200_10_1783933299176 leave map 1 unit 1014
[map_1] perf_8g_10_200_34_1783933299214 leave map 1 unit 1035
[map_1] perf_8g_10_200_31_1783933299208 leave map 1 unit 1030
[map_1] perf_8g_10_200_19_1783933299204 leave map 1 unit 1019
[map_1] perf_8g_10_200_33_1783933299210 leave map 1 unit 1034
[map_1] perf_8g_10_200_22_1783933299206 leave map 1 unit 1022
[map_1] perf_8g_10_200_21_1783933299206 leave map 1 unit 1021
[map_1] perf_8g_10_200_32_1783933299209 leave map 1 unit 1032
[map_1] perf_8g_10_200_29_1783933299208 leave map 1 unit 1028
[map_1] perf_8g_10_200_23_1783933299206 leave map 1 unit 1027
[map_1] perf_8g_10_200_30_1783933299208 leave map 1 unit 1031
[map_1] perf_8g_10_200_24_1783933299206 leave map 1 unit 1025
[map_1] perf_8g_10_200_28_1783933299207 leave map 1 unit 1029
[map_1] perf_8g_10_200_25_1783933299207 leave map 1 unit 1023
[map_1] perf_8g_10_200_27_1783933299207 leave map 1 unit 1026
[map_1] perf_8g_10_200_26_1783933299207 leave map 1 unit 1024
[map_1] perf_8g_10_200_199_1783933299495 leave map 1 unit 1199
[map_1] perf_8g_10_200_198_1783933299489 leave map 1 unit 1196
[map_1] perf_8g_10_200_197_1783933299488 leave map 1 unit 1195
[map_1] perf_8g_10_200_196_1783933299487 leave map 1 unit 1197
[map_1] perf_8g_10_200_195_1783933299486 leave map 1 unit 1198
[map_1] perf_8g_10_200_194_1783933299479 leave map 1 unit 1191
[map_1] perf_8g_10_200_193_1783933299478 leave map 1 unit 1194
[map_1] perf_8g_10_200_192_1783933299478 leave map 1 unit 1192
[map_1] perf_8g_10_200_191_1783933299477 leave map 1 unit 1193
[map_1] perf_8g_10_200_190_1783933299471 leave map 1 unit 1187
[map_1] perf_8g_10_200_189_1783933299470 leave map 1 unit 1188
[map_1] perf_8g_10_200_188_1783933299470 leave map 1 unit 1190
[map_1] perf_8g_10_200_187_1783933299469 leave map 1 unit 1189
[map_1] perf_8g_10_200_185_1783933299462 leave map 1 unit 1184
[map_1] perf_8g_10_200_186_1783933299463 leave map 1 unit 1185
[map_1] perf_8g_10_200_184_1783933299461 leave map 1 unit 1183
[map_1] perf_8g_10_200_55_1783933299242 leave map 1 unit 1055
[map_1] perf_8g_10_200_182_1783933299455 leave map 1 unit 1182
[map_1] perf_8g_10_200_183_1783933299461 leave map 1 unit 1186
[map_1] perf_8g_10_200_180_1783933299453 leave map 1 unit 1179
[map_1] perf_8g_10_200_181_1783933299454 leave map 1 unit 1181
[map_1] perf_8g_10_200_178_1783933299445 leave map 1 unit 1177
[map_1] perf_8g_10_200_179_1783933299452 leave map 1 unit 1180
[map_1] perf_8g_10_200_177_1783933299445 leave map 1 unit 1175
[map_1] perf_8g_10_200_56_1783933299242 leave map 1 unit 1056
[map_1] perf_8g_10_200_176_1783933299444 leave map 1 unit 1178
[map_1] perf_8g_10_200_175_1783933299443 leave map 1 unit 1176
[map_1] perf_8g_10_200_174_1783933299438 leave map 1 unit 1171
[map_1] perf_8g_10_200_173_1783933299438 leave map 1 unit 1174
[map_1] perf_8g_10_200_172_1783933299437 leave map 1 unit 1173
[map_1] perf_8g_10_200_57_1783933299243 leave map 1 unit 1057
[map_1] perf_8g_10_200_171_1783933299436 leave map 1 unit 1172
[map_1] perf_8g_10_200_170_1783933299430 leave map 1 unit 1167
[map_1] perf_8g_10_200_168_1783933299428 leave map 1 unit 1168
[map_1] perf_8g_10_200_169_1783933299429 leave map 1 unit 1170
[map_1] perf_8g_10_200_58_1783933299243 leave map 1 unit 1059
[map_1] perf_8g_10_200_167_1783933299428 leave map 1 unit 1169
[map_1] perf_8g_10_200_165_1783933299423 leave map 1 unit 1164
[map_1] perf_8g_10_200_166_1783933299423 leave map 1 unit 1166
[map_1] perf_8g_10_200_163_1783933299421 leave map 1 unit 1165
[map_1] perf_8g_10_200_60_1783933299245 leave map 1 unit 1060
[map_1] perf_8g_10_200_164_1783933299422 leave map 1 unit 1163
[map_1] perf_8g_10_200_162_1783933299417 leave map 1 unit 1162
[map_1] perf_8g_10_200_161_1783933299416 leave map 1 unit 1161
[map_1] perf_8g_10_200_59_1783933299244 leave map 1 unit 1058
[map_1] perf_8g_10_200_160_1783933299415 leave map 1 unit 1160
[map_1] perf_8g_10_200_159_1783933299414 leave map 1 unit 1159
[map_1] perf_8g_10_200_157_1783933299409 leave map 1 unit 1158
[map_1] perf_8g_10_200_61_1783933299247 leave map 1 unit 1061
[map_1] perf_8g_10_200_158_1783933299410 leave map 1 unit 1156
[map_1] perf_8g_10_200_156_1783933299408 leave map 1 unit 1157
[map_1] perf_8g_10_200_155_1783933299407 leave map 1 unit 1155
[map_1] perf_8g_10_200_62_1783933299248 leave map 1 unit 1062
[map_1] perf_8g_10_200_153_1783933299401 leave map 1 unit 1154
[map_1] perf_8g_10_200_154_1783933299402 leave map 1 unit 1152
[map_1] perf_8g_10_200_151_1783933299399 leave map 1 unit 1151
[map_1] perf_8g_10_200_63_1783933299248 leave map 1 unit 1063
[map_1] perf_8g_10_200_152_1783933299400 leave map 1 unit 1153
[map_1] perf_8g_10_200_150_1783933299396 leave map 1 unit 1147
[map_1] perf_8g_10_200_149_1783933299395 leave map 1 unit 1148
[map_1] perf_8g_10_200_64_1783933299250 leave map 1 unit 1064
[map_1] perf_8g_10_200_148_1783933299394 leave map 1 unit 1150
[map_1] perf_8g_10_200_146_1783933299389 leave map 1 unit 1145
[map_1] perf_8g_10_200_65_1783933299251 leave map 1 unit 1065
[map_1] perf_8g_10_200_147_1783933299394 leave map 1 unit 1149
[map_1] perf_8g_10_200_145_1783933299388 leave map 1 unit 1143
[map_1] perf_8g_10_200_67_1783933299251 leave map 1 unit 1067
[map_1] perf_8g_10_200_144_1783933299387 leave map 1 unit 1146
[map_1] perf_8g_10_200_143_1783933299387 leave map 1 unit 1144
[map_1] perf_8g_10_200_141_1783933299380 leave map 1 unit 1139
[map_1] perf_8g_10_200_68_1783933299251 leave map 1 unit 1068
[map_1] perf_8g_10_200_142_1783933299381 leave map 1 unit 1141
[map_1] perf_8g_10_200_140_1783933299377 leave map 1 unit 1140
[map_1] perf_8g_10_200_66_1783933299251 leave map 1 unit 1066
[map_1] perf_8g_10_200_139_1783933299372 leave map 1 unit 1142
[map_1] perf_8g_10_200_138_1783933299371 leave map 1 unit 1137
[map_1] perf_8g_10_200_69_1783933299254 leave map 1 unit 1069
[map_1] perf_8g_10_200_136_1783933299369 leave map 1 unit 1135
[map_1] perf_8g_10_200_135_1783933299368 leave map 1 unit 1136
[map_1] perf_8g_10_200_70_1783933299259 leave map 1 unit 1070
[map_1] perf_8g_10_200_137_1783933299371 leave map 1 unit 1138
[map_1] perf_8g_10_200_133_1783933299359 leave map 1 unit 1133
[map_1] perf_8g_10_200_71_1783933299260 leave map 1 unit 1071
[map_1] perf_8g_10_200_134_1783933299365 leave map 1 unit 1134
[map_1] perf_8g_10_200_132_1783933299358 leave map 1 unit 1132
[map_1] perf_8g_10_200_72_1783933299261 leave map 1 unit 1072
[map_1] perf_8g_10_200_131_1783933299358 leave map 1 unit 1131
[map_1] perf_8g_10_200_130_1783933299356 leave map 1 unit 1130
[map_1] perf_8g_10_200_73_1783933299264 leave map 1 unit 1073
[map_1] perf_8g_10_200_129_1783933299354 leave map 1 unit 1129
[map_1] perf_8g_10_200_128_1783933299354 leave map 1 unit 1128
[map_1] perf_8g_10_200_75_1783933299265 leave map 1 unit 1075
[map_1] perf_8g_10_200_127_1783933299353 leave map 1 unit 1127
[map_1] perf_8g_10_200_74_1783933299265 leave map 1 unit 1074
[map_1] perf_8g_10_200_126_1783933299350 leave map 1 unit 1126
[map_1] perf_8g_10_200_125_1783933299349 leave map 1 unit 1125
[map_1] perf_8g_10_200_76_1783933299266 leave map 1 unit 1076
[map_1] perf_8g_10_200_124_1783933299349 leave map 1 unit 1124
[map_1] perf_8g_10_200_123_1783933299345 leave map 1 unit 1123
[map_1] perf_8g_10_200_77_1783933299269 leave map 1 unit 1077
[map_1] perf_8g_10_200_121_1783933299339 leave map 1 unit 1121
[map_1] perf_8g_10_200_79_1783933299271 leave map 1 unit 1079
[map_1] perf_8g_10_200_122_1783933299341 leave map 1 unit 1122
[map_1] perf_8g_10_200_120_1783933299337 leave map 1 unit 1120
[map_1] perf_8g_10_200_78_1783933299270 leave map 1 unit 1078
[map_1] perf_8g_10_200_119_1783933299337 leave map 1 unit 1119
[map_1] perf_8g_10_200_118_1783933299337 leave map 1 unit 1118
[map_1] perf_8g_10_200_80_1783933299273 leave map 1 unit 1080
[map_1] perf_8g_10_200_82_1783933299277 leave map 1 unit 1082
[map_1] perf_8g_10_200_116_1783933299332 leave map 1 unit 1116
[map_1] perf_8g_10_200_83_1783933299277 leave map 1 unit 1084
[map_1] perf_8g_10_200_117_1783933299333 leave map 1 unit 1117
[map_1] perf_8g_10_200_115_1783933299331 leave map 1 unit 1115
[map_1] perf_8g_10_200_81_1783933299274 leave map 1 unit 1081
[map_1] perf_8g_10_200_114_1783933299329 leave map 1 unit 1114
[map_1] perf_8g_10_200_86_1783933299283 leave map 1 unit 1086
[map_1] perf_8g_10_200_113_1783933299325 leave map 1 unit 1113
[map_1] perf_8g_10_200_112_1783933299324 leave map 1 unit 1112
[map_1] perf_8g_10_200_84_1783933299277 leave map 1 unit 1083
[map_1] perf_8g_10_200_110_1783933299322 leave map 1 unit 1110
[map_1] perf_8g_10_200_85_1783933299279 leave map 1 unit 1085
[map_1] perf_8g_10_200_111_1783933299323 leave map 1 unit 1111
[map_1] perf_8g_10_200_109_1783933299320 leave map 1 unit 1109
[map_1] perf_8g_10_200_88_1783933299285 leave map 1 unit 1088
[map_1] perf_8g_10_200_108_1783933299319 leave map 1 unit 1108
[map_1] perf_8g_10_200_87_1783933299284 leave map 1 unit 1087
[map_1] perf_8g_10_200_89_1783933299288 leave map 1 unit 1089
[map_1] perf_8g_10_200_107_1783933299318 leave map 1 unit 1107
[map_1] perf_8g_10_200_91_1783933299292 leave map 1 unit 1092
[map_1] perf_8g_10_200_106_1783933299315 leave map 1 unit 1106
[map_1] perf_8g_10_200_105_1783933299311 leave map 1 unit 1105
[map_1] perf_8g_10_200_92_1783933299292 leave map 1 unit 1091
[map_1] perf_8g_10_200_104_1783933299307 leave map 1 unit 1104
[map_1] perf_8g_10_200_90_1783933299291 leave map 1 unit 1090
[map_1] perf_8g_10_200_102_1783933299306 leave map 1 unit 1102
[map_1] perf_8g_10_200_93_1783933299295 leave map 1 unit 1093
[map_1] perf_8g_10_200_95_1783933299295 leave map 1 unit 1095
[map_1] perf_8g_10_200_103_1783933299306 leave map 1 unit 1103
[map_1] perf_8g_10_200_100_1783933299302 leave map 1 unit 1100
[map_1] perf_8g_10_200_94_1783933299295 leave map 1 unit 1094
[map_1] perf_8g_10_200_101_1783933299304 leave map 1 unit 1101
[map_1] perf_8g_10_200_96_1783933299298 leave map 1 unit 1096
[map_1] perf_8g_10_200_99_1783933299302 leave map 1 unit 1099
[map_1] perf_8g_10_200_98_1783933299302 leave map 1 unit 1098
[map_1] perf_8g_10_200_97_1783933299298 leave map 1 unit 1097
