starting process log with one V8 and 1 scene(s) from E:\VsCode\skynet\ets_runtime\perf\results\runtime_configs\map_capacity_20260713_090056\200p_8g_r1\log.json
scene log (Log) listening on 127.0.0.1:7100
[process:log] one V8 started with 1 scene(s)
[log] Log scene started at 127.0.0.1:7100
log accepted 127.0.0.1:53672 as conn 1
log accepted 127.0.0.1:54372 as conn 2
[log] [login_1] perf_8g_10_200_0_1783933256708 login count 1
[log] [login_1] perf_8g_10_200_1_1783933256709 login count 1
[log] [login_1] perf_8g_10_200_4_1783933256709 login count 1
[log] [login_1] perf_8g_10_200_3_1783933256709 login count 1
[log] [login_1] perf_8g_10_200_2_1783933256709 login count 1
[log] [login_1] perf_8g_10_200_7_1783933256709 login count 1
[log] [login_1] perf_8g_10_200_8_1783933256709 login count 1
[log] [login_1] perf_8g_10_200_5_1783933256709 login count 1
[log] [login_1] perf_8g_10_200_6_1783933256709 login count 1
[log] [login_1] perf_8g_10_200_10_1783933256710 login count 1
[log] [login_1] perf_8g_10_200_9_1783933256709 login count 1
[log] [login_1] perf_8g_10_200_11_1783933256710 login count 1
[log] [login_1] perf_8g_10_200_12_1783933256710 login count 1
[log] [login_1] perf_8g_10_200_13_1783933256710 login count 1
[log] [login_1] perf_8g_10_200_14_1783933256710 login count 1
[log] [login_1] perf_8g_10_200_15_1783933256710 login count 1
log accepted 127.0.0.1:54398 as conn 3
[log] [gate_1] perf_8g_10_200_0_1783933256708 enter map_1 as unit 1000
log accepted 127.0.0.1:54407 as conn 4
log accepted 127.0.0.1:54408 as conn 5
log accepted 127.0.0.1:54409 as conn 6
log accepted 127.0.0.1:54410 as conn 7
[log] [gate_6] perf_8g_10_200_7_1783933256709 enter map_1 as unit 1003
[log] [gate_1] perf_8g_10_200_6_1783933256709 enter map_1 as unit 1008
log accepted 127.0.0.1:54413 as conn 8
log accepted 127.0.0.1:54411 as conn 9
[log] [gate_7] perf_8g_10_200_8_1783933256709 enter map_1 as unit 1004
[log] [gate_8] perf_8g_10_200_5_1783933256709 enter map_1 as unit 1005
[log] [gate_2] perf_8g_10_200_1_1783933256709 enter map_1 as unit 1001
[log] [gate_4] perf_8g_10_200_3_1783933256709 enter map_1 as unit 1002
log accepted 127.0.0.1:54414 as conn 10
[log] [gate_3] perf_8g_10_200_4_1783933256709 enter map_1 as unit 1006
[log] [gate_5] perf_8g_10_200_12_1783933256710 enter map_1 as unit 1007
[log] [login_1] perf_8g_10_200_16_1783933256733 login count 1
[log] [gate_8] perf_8g_10_200_15_1783933256710 enter map_1 as unit 1009
[log] [login_1] perf_8g_10_200_17_1783933256735 login count 1
[log] [gate_4] perf_8g_10_200_11_1783933256710 enter map_1 as unit 1012
[log] [gate_5] perf_8g_10_200_2_1783933256709 enter map_1 as unit 1015
[log] [gate_2] perf_8g_10_200_10_1783933256710 enter map_1 as unit 1011
[log] [gate_3] perf_8g_10_200_9_1783933256709 enter map_1 as unit 1013
[log] [gate_6] perf_8g_10_200_13_1783933256710 enter map_1 as unit 1014
[log] [gate_7] perf_8g_10_200_14_1783933256710 enter map_1 as unit 1010
[log] [gate_1] perf_8g_10_200_16_1783933256733 enter map_1 as unit 1016
[log] [login_1] perf_8g_10_200_18_1783933256737 login count 1
[log] [login_1] perf_8g_10_200_19_1783933256737 login count 1
[log] [gate_2] perf_8g_10_200_17_1783933256735 enter map_1 as unit 1017
[log] [gate_3] perf_8g_10_200_18_1783933256737 enter map_1 as unit 1018
[log] [gate_4] perf_8g_10_200_19_1783933256737 enter map_1 as unit 1019
[log] [login_1] perf_8g_10_200_20_1783933256739 login count 1
[log] [login_1] perf_8g_10_200_21_1783933256740 login count 1
[log] [login_1] perf_8g_10_200_22_1783933256740 login count 1
[log] [login_1] perf_8g_10_200_24_1783933256741 login count 1
[log] [login_1] perf_8g_10_200_23_1783933256741 login count 1
[log] [login_1] perf_8g_10_200_25_1783933256741 login count 1
[log] [login_1] perf_8g_10_200_26_1783933256741 login count 1
[log] [login_1] perf_8g_10_200_27_1783933256742 login count 1
[log] [login_1] perf_8g_10_200_28_1783933256742 login count 1
[log] [login_1] perf_8g_10_200_29_1783933256742 login count 1
[log] [login_1] perf_8g_10_200_30_1783933256742 login count 1
[log] [login_1] perf_8g_10_200_31_1783933256743 login count 1
[log] [login_1] perf_8g_10_200_32_1783933256743 login count 1
[log] [login_1] perf_8g_10_200_33_1783933256747 login count 1
[log] [login_1] perf_8g_10_200_34_1783933256748 login count 1
[log] [login_1] perf_8g_10_200_35_1783933256749 login count 1
[log] [gate_5] perf_8g_10_200_20_1783933256739 enter map_1 as unit 1020
[log] [gate_6] perf_8g_10_200_21_1783933256740 enter map_1 as unit 1021
[log] [gate_7] perf_8g_10_200_22_1783933256740 enter map_1 as unit 1022
[log] [gate_8] perf_8g_10_200_24_1783933256741 enter map_1 as unit 1023
[log] [gate_1] perf_8g_10_200_23_1783933256741 enter map_1 as unit 1024
[log] [gate_3] perf_8g_10_200_26_1783933256741 enter map_1 as unit 1025
[log] [gate_4] perf_8g_10_200_27_1783933256742 enter map_1 as unit 1027
[log] [gate_2] perf_8g_10_200_25_1783933256741 enter map_1 as unit 1026
[log] [login_1] perf_8g_10_200_36_1783933256756 login count 1
[log] [gate_6] perf_8g_10_200_29_1783933256742 enter map_1 as unit 1031
[log] [gate_8] perf_8g_10_200_31_1783933256743 enter map_1 as unit 1028
[log] [login_1] perf_8g_10_200_37_1783933256757 login count 1
[log] [gate_7] perf_8g_10_200_30_1783933256742 enter map_1 as unit 1029
[log] [gate_5] perf_8g_10_200_28_1783933256742 enter map_1 as unit 1030
[log] [login_1] perf_8g_10_200_38_1783933256758 login count 1
[log] [gate_1] perf_8g_10_200_32_1783933256743 enter map_1 as unit 1032
[log] [gate_2] perf_8g_10_200_33_1783933256747 enter map_1 as unit 1033
[log] [gate_3] perf_8g_10_200_34_1783933256748 enter map_1 as unit 1035
[log] [gate_4] perf_8g_10_200_35_1783933256749 enter map_1 as unit 1034
[log] [login_1] perf_8g_10_200_40_1783933256760 login count 1
[log] [login_1] perf_8g_10_200_39_1783933256760 login count 1
[log] [login_1] perf_8g_10_200_41_1783933256760 login count 1
[log] [gate_5] perf_8g_10_200_36_1783933256756 enter map_1 as unit 1036
[log] [gate_6] perf_8g_10_200_37_1783933256757 enter map_1 as unit 1037
[log] [gate_7] perf_8g_10_200_38_1783933256758 enter map_1 as unit 1038
[log] [login_1] perf_8g_10_200_42_1783933256763 login count 1
[log] [login_1] perf_8g_10_200_43_1783933256763 login count 1
[log] [login_1] perf_8g_10_200_44_1783933256764 login count 1
[log] [login_1] perf_8g_10_200_45_1783933256764 login count 1
[log] [gate_8] perf_8g_10_200_40_1783933256760 enter map_1 as unit 1039
[log] [login_1] perf_8g_10_200_46_1783933256764 login count 1
[log] [login_1] perf_8g_10_200_47_1783933256765 login count 1
[log] [login_1] perf_8g_10_200_48_1783933256765 login count 1
[log] [login_1] perf_8g_10_200_49_1783933256766 login count 1
[log] [login_1] perf_8g_10_200_50_1783933256766 login count 1
[log] [gate_1] perf_8g_10_200_39_1783933256760 enter map_1 as unit 1040
[log] [login_1] perf_8g_10_200_51_1783933256767 login count 1
[log] [gate_2] perf_8g_10_200_41_1783933256760 enter map_1 as unit 1041
[log] [login_1] perf_8g_10_200_52_1783933256769 login count 1
[log] [login_1] perf_8g_10_200_53_1783933256772 login count 1
[log] [login_1] perf_8g_10_200_54_1783933256772 login count 1
[log] [gate_3] perf_8g_10_200_42_1783933256763 enter map_1 as unit 1042
[log] [login_1] perf_8g_10_200_55_1783933256775 login count 1
[log] [gate_5] perf_8g_10_200_44_1783933256764 enter map_1 as unit 1044
[log] [gate_6] perf_8g_10_200_45_1783933256764 enter map_1 as unit 1045
[log] [login_1] perf_8g_10_200_56_1783933256777 login count 1
[log] [gate_4] perf_8g_10_200_43_1783933256763 enter map_1 as unit 1043
[log] [login_1] perf_8g_10_200_57_1783933256778 login count 1
[log] [gate_1] perf_8g_10_200_48_1783933256765 enter map_1 as unit 1048
[log] [gate_7] perf_8g_10_200_46_1783933256764 enter map_1 as unit 1046
[log] [gate_8] perf_8g_10_200_47_1783933256765 enter map_1 as unit 1047
[log] [gate_2] perf_8g_10_200_49_1783933256766 enter map_1 as unit 1049
[log] [gate_3] perf_8g_10_200_50_1783933256766 enter map_1 as unit 1050
[log] [gate_5] perf_8g_10_200_52_1783933256769 enter map_1 as unit 1051
[log] [login_1] perf_8g_10_200_58_1783933256781 login count 1
[log] [gate_4] perf_8g_10_200_51_1783933256767 enter map_1 as unit 1052
[log] [gate_6] perf_8g_10_200_53_1783933256772 enter map_1 as unit 1053
[log] [gate_8] perf_8g_10_200_55_1783933256775 enter map_1 as unit 1054
[log] [gate_7] perf_8g_10_200_54_1783933256772 enter map_1 as unit 1055
[log] [login_1] perf_8g_10_200_59_1783933256783 login count 1
[log] [login_1] perf_8g_10_200_60_1783933256783 login count 1
[log] [login_1] perf_8g_10_200_61_1783933256783 login count 1
[log] [gate_2] perf_8g_10_200_57_1783933256778 enter map_1 as unit 1057
[log] [gate_1] perf_8g_10_200_56_1783933256777 enter map_1 as unit 1056
[log] [login_1] perf_8g_10_200_63_1783933256786 login count 1
[log] [login_1] perf_8g_10_200_62_1783933256786 login count 1
[log] [login_1] perf_8g_10_200_64_1783933256787 login count 1
[log] [login_1] perf_8g_10_200_65_1783933256787 login count 1
[log] [login_1] perf_8g_10_200_66_1783933256789 login count 1
[log] [gate_3] perf_8g_10_200_58_1783933256781 enter map_1 as unit 1058
[log] [login_1] perf_8g_10_200_67_1783933256790 login count 1
[log] [login_1] perf_8g_10_200_68_1783933256791 login count 1
[log] [login_1] perf_8g_10_200_69_1783933256791 login count 1
[log] [login_1] perf_8g_10_200_70_1783933256792 login count 1
[log] [gate_4] perf_8g_10_200_59_1783933256783 enter map_1 as unit 1059
[log] [login_1] perf_8g_10_200_71_1783933256794 login count 1
[log] [gate_6] perf_8g_10_200_61_1783933256783 enter map_1 as unit 1061
[log] [gate_5] perf_8g_10_200_60_1783933256783 enter map_1 as unit 1060
[log] [login_1] perf_8g_10_200_72_1783933256795 login count 1
[log] [login_1] perf_8g_10_200_73_1783933256796 login count 1
[log] [gate_7] perf_8g_10_200_63_1783933256786 enter map_1 as unit 1062
[log] [gate_8] perf_8g_10_200_62_1783933256786 enter map_1 as unit 1063
[log] [gate_1] perf_8g_10_200_64_1783933256787 enter map_1 as unit 1064
[log] [gate_2] perf_8g_10_200_65_1783933256787 enter map_1 as unit 1065
[log] [gate_3] perf_8g_10_200_66_1783933256789 enter map_1 as unit 1066
[log] [gate_4] perf_8g_10_200_67_1783933256790 enter map_1 as unit 1067
[log] [login_1] perf_8g_10_200_74_1783933256800 login count 1
[log] [gate_5] perf_8g_10_200_68_1783933256791 enter map_1 as unit 1068
[log] [gate_6] perf_8g_10_200_69_1783933256791 enter map_1 as unit 1069
[log] [gate_7] perf_8g_10_200_70_1783933256792 enter map_1 as unit 1070
[log] [gate_8] perf_8g_10_200_71_1783933256794 enter map_1 as unit 1071
[log] [login_1] perf_8g_10_200_75_1783933256805 login count 1
[log] [gate_1] perf_8g_10_200_72_1783933256795 enter map_1 as unit 1072
[log] [login_1] perf_8g_10_200_76_1783933256807 login count 1
[log] [login_1] perf_8g_10_200_77_1783933256807 login count 1
[log] [gate_2] perf_8g_10_200_73_1783933256796 enter map_1 as unit 1073
[log] [login_1] perf_8g_10_200_78_1783933256811 login count 1
[log] [login_1] perf_8g_10_200_79_1783933256812 login count 1
[log] [login_1] perf_8g_10_200_80_1783933256813 login count 1
[log] [login_1] perf_8g_10_200_81_1783933256814 login count 1
[log] [gate_3] perf_8g_10_200_74_1783933256800 enter map_1 as unit 1074
[log] [login_1] perf_8g_10_200_82_1783933256816 login count 1
[log] [login_1] perf_8g_10_200_83_1783933256817 login count 1
[log] [login_1] perf_8g_10_200_84_1783933256818 login count 1
[log] [login_1] perf_8g_10_200_85_1783933256818 login count 1
[log] [login_1] perf_8g_10_200_86_1783933256819 login count 1
[log] [gate_4] perf_8g_10_200_75_1783933256805 enter map_1 as unit 1075
[log] [login_1] perf_8g_10_200_87_1783933256820 login count 1
[log] [gate_5] perf_8g_10_200_76_1783933256807 enter map_1 as unit 1076
[log] [login_1] perf_8g_10_200_88_1783933256822 login count 1
[log] [gate_6] perf_8g_10_200_77_1783933256807 enter map_1 as unit 1077
[log] [login_1] perf_8g_10_200_89_1783933256823 login count 1
[log] [gate_7] perf_8g_10_200_78_1783933256811 enter map_1 as unit 1078
[log] [gate_1] perf_8g_10_200_80_1783933256813 enter map_1 as unit 1079
[log] [gate_8] perf_8g_10_200_79_1783933256812 enter map_1 as unit 1080
[log] [login_1] perf_8g_10_200_90_1783933256828 login count 1
[log] [gate_2] perf_8g_10_200_81_1783933256814 enter map_1 as unit 1081
[log] [gate_4] perf_8g_10_200_83_1783933256817 enter map_1 as unit 1083
[log] [gate_3] perf_8g_10_200_82_1783933256816 enter map_1 as unit 1082
[log] [login_1] perf_8g_10_200_91_1783933256831 login count 1
[log] [login_1] perf_8g_10_200_92_1783933256834 login count 1
[log] [login_1] perf_8g_10_200_93_1783933256835 login count 1
[log] [login_1] perf_8g_10_200_94_1783933256836 login count 1
[log] [gate_7] perf_8g_10_200_86_1783933256819 enter map_1 as unit 1086
[log] [gate_5] perf_8g_10_200_84_1783933256818 enter map_1 as unit 1084
[log] [gate_6] perf_8g_10_200_85_1783933256818 enter map_1 as unit 1085
[log] [login_1] perf_8g_10_200_95_1783933256837 login count 1
[log] [login_1] perf_8g_10_200_96_1783933256839 login count 1
[log] [gate_1] perf_8g_10_200_88_1783933256822 enter map_1 as unit 1087
[log] [gate_2] perf_8g_10_200_89_1783933256823 enter map_1 as unit 1089
[log] [gate_8] perf_8g_10_200_87_1783933256820 enter map_1 as unit 1088
[log] [gate_4] perf_8g_10_200_91_1783933256831 enter map_1 as unit 1091
[log] [gate_3] perf_8g_10_200_90_1783933256828 enter map_1 as unit 1090
[log] [login_1] perf_8g_10_200_97_1783933256841 login count 1
[log] [login_1] perf_8g_10_200_98_1783933256841 login count 1
[log] [gate_5] perf_8g_10_200_92_1783933256834 enter map_1 as unit 1092
[log] [login_1] perf_8g_10_200_99_1783933256842 login count 1
[log] [gate_6] perf_8g_10_200_93_1783933256835 enter map_1 as unit 1093
[log] [gate_7] perf_8g_10_200_94_1783933256836 enter map_1 as unit 1094
[log] [login_1] perf_8g_10_200_100_1783933256846 login count 1
[log] [login_1] perf_8g_10_200_101_1783933256846 login count 1
[log] [login_1] perf_8g_10_200_102_1783933256847 login count 1
[log] [gate_1] perf_8g_10_200_96_1783933256839 enter map_1 as unit 1095
[log] [gate_8] perf_8g_10_200_95_1783933256837 enter map_1 as unit 1096
[log] [login_1] perf_8g_10_200_103_1783933256851 login count 1
[log] [login_1] perf_8g_10_200_104_1783933256852 login count 1
[log] [login_1] perf_8g_10_200_105_1783933256852 login count 1
[log] [gate_2] perf_8g_10_200_97_1783933256841 enter map_1 as unit 1097
[log] [login_1] perf_8g_10_200_106_1783933256854 login count 1
[log] [login_1] perf_8g_10_200_107_1783933256855 login count 1
[log] [login_1] perf_8g_10_200_108_1783933256856 login count 1
[log] [login_1] perf_8g_10_200_109_1783933256857 login count 1
[log] [login_1] perf_8g_10_200_110_1783933256858 login count 1
[log] [gate_4] perf_8g_10_200_99_1783933256842 enter map_1 as unit 1099
[log] [gate_3] perf_8g_10_200_98_1783933256841 enter map_1 as unit 1098
[log] [login_1] perf_8g_10_200_111_1783933256862 login count 1
[log] [gate_5] perf_8g_10_200_100_1783933256846 enter map_1 as unit 1100
[log] [gate_6] perf_8g_10_200_101_1783933256846 enter map_1 as unit 1101
[log] [gate_7] perf_8g_10_200_102_1783933256847 enter map_1 as unit 1102
[log] [login_1] perf_8g_10_200_112_1783933256863 login count 1
[log] [gate_8] perf_8g_10_200_103_1783933256851 enter map_1 as unit 1103
[log] [login_1] perf_8g_10_200_113_1783933256867 login count 1
[log] [login_1] perf_8g_10_200_114_1783933256871 login count 1
[log] [login_1] perf_8g_10_200_115_1783933256872 login count 1
[log] [login_1] perf_8g_10_200_116_1783933256875 login count 1
[log] [gate_4] perf_8g_10_200_107_1783933256855 enter map_1 as unit 1107
[log] [gate_2] perf_8g_10_200_105_1783933256852 enter map_1 as unit 1105
[log] [gate_1] perf_8g_10_200_104_1783933256852 enter map_1 as unit 1104
[log] [gate_3] perf_8g_10_200_106_1783933256854 enter map_1 as unit 1106
[log] [login_1] perf_8g_10_200_117_1783933256876 login count 1
[log] [login_1] perf_8g_10_200_118_1783933256876 login count 1
[log] [login_1] perf_8g_10_200_119_1783933256878 login count 1
[log] [gate_7] perf_8g_10_200_110_1783933256858 enter map_1 as unit 1108
[log] [gate_6] perf_8g_10_200_109_1783933256857 enter map_1 as unit 1110
[log] [gate_5] perf_8g_10_200_108_1783933256856 enter map_1 as unit 1109
[log] [gate_8] perf_8g_10_200_111_1783933256862 enter map_1 as unit 1111
[log] [login_1] perf_8g_10_200_120_1783933256882 login count 1
[log] [login_1] perf_8g_10_200_121_1783933256883 login count 1
[log] [login_1] perf_8g_10_200_122_1783933256884 login count 1
[log] [login_1] perf_8g_10_200_123_1783933256884 login count 1
[log] [gate_3] perf_8g_10_200_114_1783933256871 enter map_1 as unit 1113
[log] [gate_2] perf_8g_10_200_113_1783933256867 enter map_1 as unit 1112
[log] [gate_1] perf_8g_10_200_112_1783933256863 enter map_1 as unit 1115
[log] [login_1] perf_8g_10_200_125_1783933256889 login count 1
[log] [gate_4] perf_8g_10_200_115_1783933256872 enter map_1 as unit 1114
[log] [login_1] perf_8g_10_200_124_1783933256889 login count 1
[log] [login_1] perf_8g_10_200_126_1783933256890 login count 1
[log] [login_1] perf_8g_10_200_127_1783933256890 login count 1
[log] [login_1] perf_8g_10_200_128_1783933256895 login count 1
[log] [gate_7] perf_8g_10_200_118_1783933256876 enter map_1 as unit 1117
[log] [gate_6] perf_8g_10_200_117_1783933256876 enter map_1 as unit 1118
[log] [gate_5] perf_8g_10_200_116_1783933256875 enter map_1 as unit 1119
[log] [gate_8] perf_8g_10_200_119_1783933256878 enter map_1 as unit 1116
[log] [login_1] perf_8g_10_200_129_1783933256895 login count 1
[log] [login_1] perf_8g_10_200_130_1783933256895 login count 1
[log] [login_1] perf_8g_10_200_131_1783933256896 login count 1
[log] [login_1] perf_8g_10_200_132_1783933256900 login count 1
[log] [login_1] perf_8g_10_200_134_1783933256901 login count 1
[log] [login_1] perf_8g_10_200_133_1783933256901 login count 1
[log] [login_1] perf_8g_10_200_135_1783933256902 login count 1
[log] [gate_1] perf_8g_10_200_120_1783933256882 enter map_1 as unit 1120
[log] [gate_3] perf_8g_10_200_122_1783933256884 enter map_1 as unit 1123
[log] [gate_4] perf_8g_10_200_123_1783933256884 enter map_1 as unit 1121
[log] [gate_2] perf_8g_10_200_121_1783933256883 enter map_1 as unit 1122
[log] [login_1] perf_8g_10_200_136_1783933256906 login count 1
[log] [login_1] perf_8g_10_200_137_1783933256907 login count 1
[log] [login_1] perf_8g_10_200_138_1783933256907 login count 1
[log] [login_1] perf_8g_10_200_139_1783933256908 login count 1
[log] [gate_6] perf_8g_10_200_124_1783933256889 enter map_1 as unit 1126
[log] [gate_8] perf_8g_10_200_127_1783933256890 enter map_1 as unit 1124
[log] [gate_7] perf_8g_10_200_126_1783933256890 enter map_1 as unit 1127
[log] [gate_5] perf_8g_10_200_125_1783933256889 enter map_1 as unit 1125
[log] [login_1] perf_8g_10_200_140_1783933256913 login count 1
[log] [login_1] perf_8g_10_200_141_1783933256913 login count 1
[log] [login_1] perf_8g_10_200_142_1783933256914 login count 1
[log] [login_1] perf_8g_10_200_143_1783933256915 login count 1
[log] [gate_2] perf_8g_10_200_129_1783933256895 enter map_1 as unit 1131
[log] [gate_4] perf_8g_10_200_131_1783933256896 enter map_1 as unit 1130
[log] [gate_1] perf_8g_10_200_128_1783933256895 enter map_1 as unit 1129
[log] [gate_3] perf_8g_10_200_130_1783933256895 enter map_1 as unit 1128
[log] [login_1] perf_8g_10_200_144_1783933256920 login count 1
[log] [login_1] perf_8g_10_200_145_1783933256921 login count 1
[log] [login_1] perf_8g_10_200_146_1783933256921 login count 1
[log] [login_1] perf_8g_10_200_147_1783933256922 login count 1
[log] [gate_8] perf_8g_10_200_135_1783933256902 enter map_1 as unit 1135
[log] [gate_5] perf_8g_10_200_132_1783933256900 enter map_1 as unit 1133
[log] [gate_7] perf_8g_10_200_133_1783933256901 enter map_1 as unit 1134
[log] [gate_6] perf_8g_10_200_134_1783933256901 enter map_1 as unit 1132
[log] [login_1] perf_8g_10_200_148_1783933256927 login count 1
[log] [login_1] perf_8g_10_200_150_1783933256929 login count 1
[log] [login_1] perf_8g_10_200_149_1783933256928 login count 1
[log] [login_1] perf_8g_10_200_151_1783933256930 login count 1
[log] [gate_4] perf_8g_10_200_139_1783933256908 enter map_1 as unit 1138
[log] [gate_2] perf_8g_10_200_137_1783933256907 enter map_1 as unit 1136
[log] [gate_1] perf_8g_10_200_136_1783933256906 enter map_1 as unit 1139
[log] [gate_3] perf_8g_10_200_138_1783933256907 enter map_1 as unit 1137
[log] [login_1] perf_8g_10_200_152_1783933256934 login count 1
[log] [login_1] perf_8g_10_200_153_1783933256935 login count 1
[log] [login_1] perf_8g_10_200_154_1783933256936 login count 1
[log] [login_1] perf_8g_10_200_155_1783933256937 login count 1
[log] [gate_7] perf_8g_10_200_142_1783933256914 enter map_1 as unit 1142
[log] [gate_6] perf_8g_10_200_141_1783933256913 enter map_1 as unit 1143
[log] [gate_8] perf_8g_10_200_143_1783933256915 enter map_1 as unit 1140
[log] [gate_5] perf_8g_10_200_140_1783933256913 enter map_1 as unit 1141
[log] [login_1] perf_8g_10_200_156_1783933256941 login count 1
[log] [login_1] perf_8g_10_200_157_1783933256942 login count 1
[log] [login_1] perf_8g_10_200_158_1783933256943 login count 1
[log] [login_1] perf_8g_10_200_159_1783933256943 login count 1
[log] [gate_4] perf_8g_10_200_147_1783933256922 enter map_1 as unit 1147
[log] [gate_2] perf_8g_10_200_145_1783933256921 enter map_1 as unit 1145
[log] [gate_1] perf_8g_10_200_144_1783933256920 enter map_1 as unit 1144
[log] [gate_3] perf_8g_10_200_146_1783933256921 enter map_1 as unit 1146
[log] [login_1] perf_8g_10_200_160_1783933256948 login count 1
[log] [login_1] perf_8g_10_200_161_1783933256948 login count 1
[log] [login_1] perf_8g_10_200_162_1783933256949 login count 1
[log] [login_1] perf_8g_10_200_163_1783933256950 login count 1
[log] [gate_8] perf_8g_10_200_151_1783933256930 enter map_1 as unit 1150
[log] [gate_6] perf_8g_10_200_150_1783933256929 enter map_1 as unit 1149
[log] [gate_5] perf_8g_10_200_148_1783933256927 enter map_1 as unit 1151
[log] [gate_7] perf_8g_10_200_149_1783933256928 enter map_1 as unit 1148
[log] [login_1] perf_8g_10_200_164_1783933256954 login count 1
[log] [login_1] perf_8g_10_200_165_1783933256955 login count 1
[log] [login_1] perf_8g_10_200_166_1783933256956 login count 1
[log] [login_1] perf_8g_10_200_167_1783933256956 login count 1
[log] [gate_2] perf_8g_10_200_153_1783933256935 enter map_1 as unit 1152
[log] [gate_3] perf_8g_10_200_154_1783933256936 enter map_1 as unit 1153
[log] [gate_1] perf_8g_10_200_152_1783933256934 enter map_1 as unit 1155
[log] [gate_4] perf_8g_10_200_155_1783933256937 enter map_1 as unit 1154
[log] [login_1] perf_8g_10_200_168_1783933256961 login count 1
[log] [login_1] perf_8g_10_200_169_1783933256963 login count 1
[log] [login_1] perf_8g_10_200_170_1783933256963 login count 1
[log] [login_1] perf_8g_10_200_171_1783933256964 login count 1
[log] [gate_6] perf_8g_10_200_157_1783933256942 enter map_1 as unit 1157
[log] [gate_5] perf_8g_10_200_156_1783933256941 enter map_1 as unit 1156
[log] [gate_8] perf_8g_10_200_159_1783933256943 enter map_1 as unit 1158
[log] [gate_7] perf_8g_10_200_158_1783933256943 enter map_1 as unit 1159
[log] [login_1] perf_8g_10_200_172_1783933256969 login count 1
[log] [login_1] perf_8g_10_200_173_1783933256969 login count 1
[log] [login_1] perf_8g_10_200_174_1783933256970 login count 1
[log] [login_1] perf_8g_10_200_175_1783933256971 login count 1
[log] [gate_2] perf_8g_10_200_161_1783933256948 enter map_1 as unit 1160
[log] [gate_4] perf_8g_10_200_163_1783933256950 enter map_1 as unit 1163
[log] [gate_1] perf_8g_10_200_160_1783933256948 enter map_1 as unit 1161
[log] [gate_3] perf_8g_10_200_162_1783933256949 enter map_1 as unit 1162
[log] [login_1] perf_8g_10_200_176_1783933256977 login count 1
[log] [login_1] perf_8g_10_200_177_1783933256977 login count 1
[log] [login_1] perf_8g_10_200_178_1783933256978 login count 1
[log] [login_1] perf_8g_10_200_179_1783933256979 login count 1
[log] [gate_6] perf_8g_10_200_165_1783933256955 enter map_1 as unit 1167
[log] [gate_7] perf_8g_10_200_166_1783933256956 enter map_1 as unit 1164
[log] [gate_8] perf_8g_10_200_167_1783933256956 enter map_1 as unit 1165
[log] [gate_5] perf_8g_10_200_164_1783933256954 enter map_1 as unit 1166
[log] [login_1] perf_8g_10_200_180_1783933256984 login count 1
[log] [login_1] perf_8g_10_200_181_1783933256985 login count 1
[log] [login_1] perf_8g_10_200_182_1783933256986 login count 1
[log] [login_1] perf_8g_10_200_183_1783933256986 login count 1
[log] [gate_3] perf_8g_10_200_170_1783933256963 enter map_1 as unit 1168
[log] [gate_2] perf_8g_10_200_169_1783933256963 enter map_1 as unit 1169
[log] [gate_4] perf_8g_10_200_171_1783933256964 enter map_1 as unit 1170
[log] [gate_1] perf_8g_10_200_168_1783933256961 enter map_1 as unit 1171
[log] [login_1] perf_8g_10_200_184_1783933256992 login count 1
[log] [login_1] perf_8g_10_200_185_1783933256993 login count 1
[log] [login_1] perf_8g_10_200_186_1783933256993 login count 1
[log] [login_1] perf_8g_10_200_187_1783933256994 login count 1
[log] [gate_7] perf_8g_10_200_174_1783933256970 enter map_1 as unit 1174
[log] [gate_6] perf_8g_10_200_173_1783933256969 enter map_1 as unit 1173
[log] [gate_5] perf_8g_10_200_172_1783933256969 enter map_1 as unit 1172
[log] [gate_8] perf_8g_10_200_175_1783933256971 enter map_1 as unit 1175
[log] [login_1] perf_8g_10_200_188_1783933257001 login count 1
[log] [login_1] perf_8g_10_200_190_1783933257002 login count 1
[log] [login_1] perf_8g_10_200_189_1783933257001 login count 1
[log] [login_1] perf_8g_10_200_191_1783933257003 login count 1
[log] [gate_3] perf_8g_10_200_178_1783933256978 enter map_1 as unit 1176
[log] [gate_4] perf_8g_10_200_179_1783933256979 enter map_1 as unit 1178
[log] [gate_1] perf_8g_10_200_176_1783933256977 enter map_1 as unit 1177
[log] [gate_2] perf_8g_10_200_177_1783933256977 enter map_1 as unit 1179
[log] [login_1] perf_8g_10_200_192_1783933257010 login count 1
[log] [login_1] perf_8g_10_200_193_1783933257011 login count 1
[log] [login_1] perf_8g_10_200_194_1783933257011 login count 1
[log] [login_1] perf_8g_10_200_195_1783933257012 login count 1
[log] [gate_8] perf_8g_10_200_183_1783933256986 enter map_1 as unit 1183
[log] [gate_7] perf_8g_10_200_182_1783933256986 enter map_1 as unit 1180
[log] [gate_6] perf_8g_10_200_181_1783933256985 enter map_1 as unit 1182
[log] [gate_5] perf_8g_10_200_180_1783933256984 enter map_1 as unit 1181
[log] [login_1] perf_8g_10_200_196_1783933257020 login count 1
[log] [login_1] perf_8g_10_200_197_1783933257021 login count 1
[log] [login_1] perf_8g_10_200_198_1783933257021 login count 1
[log] [login_1] perf_8g_10_200_199_1783933257022 login count 1
[log] [gate_2] perf_8g_10_200_185_1783933256993 enter map_1 as unit 1184
[log] [gate_4] perf_8g_10_200_187_1783933256994 enter map_1 as unit 1186
[log] [gate_1] perf_8g_10_200_184_1783933256992 enter map_1 as unit 1185
[log] [gate_3] perf_8g_10_200_186_1783933256993 enter map_1 as unit 1187
[log] [gate_8] perf_8g_10_200_191_1783933257003 enter map_1 as unit 1188
[log] [gate_7] perf_8g_10_200_189_1783933257001 enter map_1 as unit 1190
[log] [gate_6] perf_8g_10_200_190_1783933257002 enter map_1 as unit 1189
[log] [gate_5] perf_8g_10_200_188_1783933257001 enter map_1 as unit 1191
[log] [gate_1] perf_8g_10_200_192_1783933257010 enter map_1 as unit 1194
[log] [gate_2] perf_8g_10_200_193_1783933257011 enter map_1 as unit 1192
[log] [gate_4] perf_8g_10_200_195_1783933257012 enter map_1 as unit 1195
[log] [gate_3] perf_8g_10_200_194_1783933257011 enter map_1 as unit 1193
[log] [gate_5] perf_8g_10_200_196_1783933257020 enter map_1 as unit 1198
[log] [gate_6] perf_8g_10_200_197_1783933257021 enter map_1 as unit 1197
[log] [gate_7] perf_8g_10_200_198_1783933257021 enter map_1 as unit 1196
[log] [gate_8] perf_8g_10_200_199_1783933257022 enter map_1 as unit 1199
[metrics:inner_transport] active=0 opened=0 pending=0 max_pending=0 overloads=0 timeouts=0 disconnected_calls=0 late_responses=0 idle_closes=0
[process-metrics] process=log cpu_percent=2.17 cpu_time_ms=187 rss_bytes=36945920 v8_heap_used_bytes=2645312 v8_heap_total_bytes=6041600 v8_gc_count=3 v8_gc_ms=0.729 timestamp_ms=1783933261436
[metrics:log] scene=log type=Log processed=400 failed=0 ts_queue=0 ts_max_queue=8 rust_queue=0 rust_max_queue=8 backpressure=0 slow_disconnects=0 update_ms=0.00 handler_ms=0.00 max_handler_ms=1.00 total_handler_ms=15.00
[metrics:inner_transport] active=0 opened=0 pending=0 max_pending=0 overloads=0 timeouts=0 disconnected_calls=0 late_responses=0 idle_closes=0
[process-metrics] process=log cpu_percent=0.32 cpu_time_ms=203 rss_bytes=36954112 v8_heap_used_bytes=2784072 v8_heap_total_bytes=6041600 v8_gc_count=3 v8_gc_ms=0.729 timestamp_ms=1783933266496
[metrics:log] scene=log type=Log processed=400 failed=0 ts_queue=0 ts_max_queue=8 rust_queue=0 rust_max_queue=8 backpressure=0 slow_disconnects=0 update_ms=0.00 handler_ms=0.00 max_handler_ms=1.00 total_handler_ms=15.00
[metrics:inner_transport] active=0 opened=0 pending=0 max_pending=0 overloads=0 timeouts=0 disconnected_calls=0 late_responses=0 idle_closes=0
[process-metrics] process=log cpu_percent=0.30 cpu_time_ms=218 rss_bytes=37187584 v8_heap_used_bytes=2945040 v8_heap_total_bytes=6041600 v8_gc_count=3 v8_gc_ms=0.729 timestamp_ms=1783933271499
[metrics:log] scene=log type=Log processed=400 failed=0 ts_queue=0 ts_max_queue=8 rust_queue=0 rust_max_queue=8 backpressure=0 slow_disconnects=0 update_ms=0.00 handler_ms=0.00 max_handler_ms=1.00 total_handler_ms=15.00
[metrics:inner_transport] active=0 opened=0 pending=0 max_pending=0 overloads=0 timeouts=0 disconnected_calls=0 late_responses=0 idle_closes=0
[process-metrics] process=log cpu_percent=0.93 cpu_time_ms=265 rss_bytes=37298176 v8_heap_used_bytes=3074664 v8_heap_total_bytes=6303744 v8_gc_count=3 v8_gc_ms=0.729 timestamp_ms=1783933276566
[metrics:log] scene=log type=Log processed=400 failed=0 ts_queue=0 ts_max_queue=8 rust_queue=0 rust_max_queue=8 backpressure=0 slow_disconnects=0 update_ms=0.00 handler_ms=0.00 max_handler_ms=1.00 total_handler_ms=15.00
[metrics:inner_transport] active=0 opened=0 pending=0 max_pending=0 overloads=0 timeouts=0 disconnected_calls=0 late_responses=0 idle_closes=0
[process-metrics] process=log cpu_percent=0.00 cpu_time_ms=265 rss_bytes=37453824 v8_heap_used_bytes=3202664 v8_heap_total_bytes=6303744 v8_gc_count=3 v8_gc_ms=0.729 timestamp_ms=1783933281592
[metrics:log] scene=log type=Log processed=400 failed=0 ts_queue=0 ts_max_queue=8 rust_queue=0 rust_max_queue=8 backpressure=0 slow_disconnects=0 update_ms=0.00 handler_ms=0.00 max_handler_ms=1.00 total_handler_ms=15.00
[metrics:inner_transport] active=0 opened=0 pending=0 max_pending=0 overloads=0 timeouts=0 disconnected_calls=0 late_responses=0 idle_closes=0
[process-metrics] process=log cpu_percent=0.00 cpu_time_ms=265 rss_bytes=37482496 v8_heap_used_bytes=3330672 v8_heap_total_bytes=6565888 v8_gc_count=3 v8_gc_ms=0.729 timestamp_ms=1783933286593
[metrics:log] scene=log type=Log processed=400 failed=0 ts_queue=0 ts_max_queue=8 rust_queue=0 rust_max_queue=8 backpressure=0 slow_disconnects=0 update_ms=0.00 handler_ms=0.00 max_handler_ms=1.00 total_handler_ms=15.00
[metrics:inner_transport] active=0 opened=0 pending=0 max_pending=0 overloads=0 timeouts=0 disconnected_calls=0 late_responses=0 idle_closes=0
[process-metrics] process=log cpu_percent=1.26 cpu_time_ms=328 rss_bytes=37675008 v8_heap_used_bytes=3462992 v8_heap_total_bytes=6565888 v8_gc_count=3 v8_gc_ms=0.729 timestamp_ms=1783933291595
[metrics:log] scene=log type=Log processed=400 failed=0 ts_queue=0 ts_max_queue=8 rust_queue=0 rust_max_queue=8 backpressure=0 slow_disconnects=0 update_ms=0.00 handler_ms=0.00 max_handler_ms=1.00 total_handler_ms=15.00
[metrics:inner_transport] active=0 opened=0 pending=0 max_pending=0 overloads=0 timeouts=0 disconnected_calls=0 late_responses=0 idle_closes=0
[process-metrics] process=log cpu_percent=0.30 cpu_time_ms=343 rss_bytes=37806080 v8_heap_used_bytes=3591296 v8_heap_total_bytes=6565888 v8_gc_count=3 v8_gc_ms=0.729 timestamp_ms=1783933296654
[metrics:log] scene=log type=Log processed=400 failed=0 ts_queue=0 ts_max_queue=8 rust_queue=0 rust_max_queue=8 backpressure=0 slow_disconnects=0 update_ms=0.00 handler_ms=0.00 max_handler_ms=1.00 total_handler_ms=15.00
