starting process map1 with one V8 and 1 scene(s) from E:\VsCode\skynet\ets_runtime\perf\results\runtime_configs\map_capacity_20260713_090056\200p_8g_r1\map1.json
scene map_1 (MapHost) listening on 127.0.0.1:7301
[process:map1] one V8 started with 1 scene(s)
[map_1] MapHost scene started at 127.0.0.1:7301
map_1 accepted 127.0.0.1:53673 as conn 1
map_1 accepted 127.0.0.1:54389 as conn 2
map_1 accepted 127.0.0.1:54390 as conn 3
map_1 accepted 127.0.0.1:54391 as conn 4
map_1 accepted 127.0.0.1:54392 as conn 5
map_1 accepted 127.0.0.1:54393 as conn 6
map_1 accepted 127.0.0.1:54394 as conn 7
[map_1] perf_8g_10_200_0_1783933256708 enter map 1 unit 1000
map_1 accepted 127.0.0.1:54395 as conn 8
map_1 accepted 127.0.0.1:54397 as conn 9
[map_1] perf_8g_10_200_1_1783933256709 enter map 1 unit 1001
[map_1] perf_8g_10_200_3_1783933256709 enter map 1 unit 1002
[map_1] perf_8g_10_200_7_1783933256709 enter map 1 unit 1003
[map_1] perf_8g_10_200_8_1783933256709 enter map 1 unit 1004
[map_1] perf_8g_10_200_5_1783933256709 enter map 1 unit 1005
[map_1] perf_8g_10_200_4_1783933256709 enter map 1 unit 1006
[map_1] perf_8g_10_200_12_1783933256710 enter map 1 unit 1007
[map_1] perf_8g_10_200_6_1783933256709 enter map 1 unit 1008
[map_1] perf_8g_10_200_15_1783933256710 enter map 1 unit 1009
[map_1] perf_8g_10_200_14_1783933256710 enter map 1 unit 1010
[map_1] perf_8g_10_200_10_1783933256710 enter map 1 unit 1011
[map_1] perf_8g_10_200_11_1783933256710 enter map 1 unit 1012
[map_1] perf_8g_10_200_9_1783933256709 enter map 1 unit 1013
[map_1] perf_8g_10_200_13_1783933256710 enter map 1 unit 1014
[map_1] perf_8g_10_200_2_1783933256709 enter map 1 unit 1015
[map_1] perf_8g_10_200_16_1783933256733 enter map 1 unit 1016
[map_1] perf_8g_10_200_17_1783933256735 enter map 1 unit 1017
[map_1] perf_8g_10_200_18_1783933256737 enter map 1 unit 1018
[map_1] perf_8g_10_200_19_1783933256737 enter map 1 unit 1019
[map_1] perf_8g_10_200_20_1783933256739 enter map 1 unit 1020
[map_1] perf_8g_10_200_21_1783933256740 enter map 1 unit 1021
[map_1] perf_8g_10_200_22_1783933256740 enter map 1 unit 1022
[map_1] perf_8g_10_200_24_1783933256741 enter map 1 unit 1023
[map_1] perf_8g_10_200_23_1783933256741 enter map 1 unit 1024
[map_1] perf_8g_10_200_26_1783933256741 enter map 1 unit 1025
[map_1] perf_8g_10_200_25_1783933256741 enter map 1 unit 1026
[map_1] perf_8g_10_200_27_1783933256742 enter map 1 unit 1027
[map_1] perf_8g_10_200_31_1783933256743 enter map 1 unit 1028
[map_1] perf_8g_10_200_30_1783933256742 enter map 1 unit 1029
[map_1] perf_8g_10_200_28_1783933256742 enter map 1 unit 1030
[map_1] perf_8g_10_200_29_1783933256742 enter map 1 unit 1031
[map_1] perf_8g_10_200_32_1783933256743 enter map 1 unit 1032
[map_1] perf_8g_10_200_33_1783933256747 enter map 1 unit 1033
[map_1] perf_8g_10_200_35_1783933256749 enter map 1 unit 1034
[map_1] perf_8g_10_200_34_1783933256748 enter map 1 unit 1035
[map_1] perf_8g_10_200_36_1783933256756 enter map 1 unit 1036
[map_1] perf_8g_10_200_37_1783933256757 enter map 1 unit 1037
[map_1] perf_8g_10_200_38_1783933256758 enter map 1 unit 1038
[map_1] perf_8g_10_200_40_1783933256760 enter map 1 unit 1039
[map_1] perf_8g_10_200_39_1783933256760 enter map 1 unit 1040
[map_1] perf_8g_10_200_41_1783933256760 enter map 1 unit 1041
[map_1] perf_8g_10_200_42_1783933256763 enter map 1 unit 1042
[map_1] perf_8g_10_200_43_1783933256763 enter map 1 unit 1043
[map_1] perf_8g_10_200_44_1783933256764 enter map 1 unit 1044
[map_1] perf_8g_10_200_45_1783933256764 enter map 1 unit 1045
[map_1] perf_8g_10_200_46_1783933256764 enter map 1 unit 1046
[map_1] perf_8g_10_200_47_1783933256765 enter map 1 unit 1047
[map_1] perf_8g_10_200_49_1783933256766 enter map 1 unit 1049
[map_1] perf_8g_10_200_48_1783933256765 enter map 1 unit 1048
[map_1] perf_8g_10_200_50_1783933256766 enter map 1 unit 1050
[map_1] perf_8g_10_200_52_1783933256769 enter map 1 unit 1051
[map_1] perf_8g_10_200_51_1783933256767 enter map 1 unit 1052
[map_1] perf_8g_10_200_53_1783933256772 enter map 1 unit 1053
[map_1] perf_8g_10_200_55_1783933256775 enter map 1 unit 1054
[map_1] perf_8g_10_200_54_1783933256772 enter map 1 unit 1055
[map_1] perf_8g_10_200_56_1783933256777 enter map 1 unit 1056
[map_1] perf_8g_10_200_57_1783933256778 enter map 1 unit 1057
[map_1] perf_8g_10_200_58_1783933256781 enter map 1 unit 1058
[map_1] perf_8g_10_200_59_1783933256783 enter map 1 unit 1059
[map_1] perf_8g_10_200_60_1783933256783 enter map 1 unit 1060
[map_1] perf_8g_10_200_61_1783933256783 enter map 1 unit 1061
[map_1] perf_8g_10_200_63_1783933256786 enter map 1 unit 1062
[map_1] perf_8g_10_200_62_1783933256786 enter map 1 unit 1063
[map_1] perf_8g_10_200_64_1783933256787 enter map 1 unit 1064
[map_1] perf_8g_10_200_65_1783933256787 enter map 1 unit 1065
[map_1] perf_8g_10_200_66_1783933256789 enter map 1 unit 1066
[map_1] perf_8g_10_200_67_1783933256790 enter map 1 unit 1067
[map_1] perf_8g_10_200_68_1783933256791 enter map 1 unit 1068
[map_1] perf_8g_10_200_69_1783933256791 enter map 1 unit 1069
[map_1] perf_8g_10_200_70_1783933256792 enter map 1 unit 1070
[map_1] perf_8g_10_200_71_1783933256794 enter map 1 unit 1071
[map_1] perf_8g_10_200_72_1783933256795 enter map 1 unit 1072
[map_1] perf_8g_10_200_73_1783933256796 enter map 1 unit 1073
[map_1] perf_8g_10_200_74_1783933256800 enter map 1 unit 1074
[map_1] perf_8g_10_200_75_1783933256805 enter map 1 unit 1075
[map_1] perf_8g_10_200_76_1783933256807 enter map 1 unit 1076
[map_1] perf_8g_10_200_77_1783933256807 enter map 1 unit 1077
[map_1] perf_8g_10_200_78_1783933256811 enter map 1 unit 1078
[map_1] perf_8g_10_200_80_1783933256813 enter map 1 unit 1079
[map_1] perf_8g_10_200_79_1783933256812 enter map 1 unit 1080
[map_1] perf_8g_10_200_81_1783933256814 enter map 1 unit 1081
[map_1] perf_8g_10_200_83_1783933256817 enter map 1 unit 1083
[map_1] perf_8g_10_200_82_1783933256816 enter map 1 unit 1082
[map_1] perf_8g_10_200_84_1783933256818 enter map 1 unit 1084
[map_1] perf_8g_10_200_86_1783933256819 enter map 1 unit 1086
[map_1] perf_8g_10_200_85_1783933256818 enter map 1 unit 1085
[map_1] perf_8g_10_200_88_1783933256822 enter map 1 unit 1087
[map_1] perf_8g_10_200_89_1783933256823 enter map 1 unit 1089
[map_1] perf_8g_10_200_87_1783933256820 enter map 1 unit 1088
[map_1] perf_8g_10_200_90_1783933256828 enter map 1 unit 1090
[map_1] perf_8g_10_200_91_1783933256831 enter map 1 unit 1091
[map_1] perf_8g_10_200_92_1783933256834 enter map 1 unit 1092
[map_1] perf_8g_10_200_93_1783933256835 enter map 1 unit 1093
[map_1] perf_8g_10_200_94_1783933256836 enter map 1 unit 1094
[map_1] perf_8g_10_200_96_1783933256839 enter map 1 unit 1095
[map_1] perf_8g_10_200_95_1783933256837 enter map 1 unit 1096
[map_1] perf_8g_10_200_97_1783933256841 enter map 1 unit 1097
[map_1] perf_8g_10_200_98_1783933256841 enter map 1 unit 1098
[map_1] perf_8g_10_200_99_1783933256842 enter map 1 unit 1099
[map_1] perf_8g_10_200_100_1783933256846 enter map 1 unit 1100
[map_1] perf_8g_10_200_102_1783933256847 enter map 1 unit 1102
[map_1] perf_8g_10_200_101_1783933256846 enter map 1 unit 1101
[map_1] perf_8g_10_200_103_1783933256851 enter map 1 unit 1103
[map_1] perf_8g_10_200_104_1783933256852 enter map 1 unit 1104
[map_1] perf_8g_10_200_107_1783933256855 enter map 1 unit 1107
[map_1] perf_8g_10_200_105_1783933256852 enter map 1 unit 1105
[map_1] perf_8g_10_200_106_1783933256854 enter map 1 unit 1106
[map_1] perf_8g_10_200_110_1783933256858 enter map 1 unit 1108
[map_1] perf_8g_10_200_111_1783933256862 enter map 1 unit 1111
[map_1] perf_8g_10_200_108_1783933256856 enter map 1 unit 1109
[map_1] perf_8g_10_200_109_1783933256857 enter map 1 unit 1110
[map_1] perf_8g_10_200_113_1783933256867 enter map 1 unit 1112
[map_1] perf_8g_10_200_112_1783933256863 enter map 1 unit 1115
[map_1] perf_8g_10_200_114_1783933256871 enter map 1 unit 1113
[map_1] perf_8g_10_200_115_1783933256872 enter map 1 unit 1114
[map_1] perf_8g_10_200_119_1783933256878 enter map 1 unit 1116
[map_1] perf_8g_10_200_116_1783933256875 enter map 1 unit 1119
[map_1] perf_8g_10_200_118_1783933256876 enter map 1 unit 1117
[map_1] perf_8g_10_200_117_1783933256876 enter map 1 unit 1118
[map_1] perf_8g_10_200_120_1783933256882 enter map 1 unit 1120
[map_1] perf_8g_10_200_122_1783933256884 enter map 1 unit 1123
[map_1] perf_8g_10_200_123_1783933256884 enter map 1 unit 1121
[map_1] perf_8g_10_200_121_1783933256883 enter map 1 unit 1122
[map_1] perf_8g_10_200_127_1783933256890 enter map 1 unit 1124
[map_1] perf_8g_10_200_126_1783933256890 enter map 1 unit 1127
[map_1] perf_8g_10_200_125_1783933256889 enter map 1 unit 1125
[map_1] perf_8g_10_200_124_1783933256889 enter map 1 unit 1126
[map_1] perf_8g_10_200_130_1783933256895 enter map 1 unit 1128
[map_1] perf_8g_10_200_129_1783933256895 enter map 1 unit 1131
[map_1] perf_8g_10_200_128_1783933256895 enter map 1 unit 1129
[map_1] perf_8g_10_200_131_1783933256896 enter map 1 unit 1130
[map_1] perf_8g_10_200_134_1783933256901 enter map 1 unit 1132
[map_1] perf_8g_10_200_135_1783933256902 enter map 1 unit 1135
[map_1] perf_8g_10_200_132_1783933256900 enter map 1 unit 1133
[map_1] perf_8g_10_200_133_1783933256901 enter map 1 unit 1134
[map_1] perf_8g_10_200_137_1783933256907 enter map 1 unit 1136
[map_1] perf_8g_10_200_136_1783933256906 enter map 1 unit 1139
[map_1] perf_8g_10_200_138_1783933256907 enter map 1 unit 1137
[map_1] perf_8g_10_200_139_1783933256908 enter map 1 unit 1138
[map_1] perf_8g_10_200_143_1783933256915 enter map 1 unit 1140
[map_1] perf_8g_10_200_141_1783933256913 enter map 1 unit 1143
[map_1] perf_8g_10_200_140_1783933256913 enter map 1 unit 1141
[map_1] perf_8g_10_200_142_1783933256914 enter map 1 unit 1142
[map_1] perf_8g_10_200_144_1783933256920 enter map 1 unit 1144
[map_1] perf_8g_10_200_147_1783933256922 enter map 1 unit 1147
[map_1] perf_8g_10_200_145_1783933256921 enter map 1 unit 1145
[map_1] perf_8g_10_200_146_1783933256921 enter map 1 unit 1146
[map_1] perf_8g_10_200_149_1783933256928 enter map 1 unit 1148
[map_1] perf_8g_10_200_148_1783933256927 enter map 1 unit 1151
[map_1] perf_8g_10_200_150_1783933256929 enter map 1 unit 1149
[map_1] perf_8g_10_200_151_1783933256930 enter map 1 unit 1150
[map_1] perf_8g_10_200_153_1783933256935 enter map 1 unit 1152
[map_1] perf_8g_10_200_152_1783933256934 enter map 1 unit 1155
[map_1] perf_8g_10_200_154_1783933256936 enter map 1 unit 1153
[map_1] perf_8g_10_200_155_1783933256937 enter map 1 unit 1154
[map_1] perf_8g_10_200_156_1783933256941 enter map 1 unit 1156
[map_1] perf_8g_10_200_158_1783933256943 enter map 1 unit 1159
[map_1] perf_8g_10_200_157_1783933256942 enter map 1 unit 1157
[map_1] perf_8g_10_200_159_1783933256943 enter map 1 unit 1158
[map_1] perf_8g_10_200_161_1783933256948 enter map 1 unit 1160
[map_1] perf_8g_10_200_163_1783933256950 enter map 1 unit 1163
[map_1] perf_8g_10_200_160_1783933256948 enter map 1 unit 1161
[map_1] perf_8g_10_200_162_1783933256949 enter map 1 unit 1162
[map_1] perf_8g_10_200_166_1783933256956 enter map 1 unit 1164
[map_1] perf_8g_10_200_165_1783933256955 enter map 1 unit 1167
[map_1] perf_8g_10_200_167_1783933256956 enter map 1 unit 1165
[map_1] perf_8g_10_200_164_1783933256954 enter map 1 unit 1166
[map_1] perf_8g_10_200_170_1783933256963 enter map 1 unit 1168
[map_1] perf_8g_10_200_168_1783933256961 enter map 1 unit 1171
[map_1] perf_8g_10_200_169_1783933256963 enter map 1 unit 1169
[map_1] perf_8g_10_200_171_1783933256964 enter map 1 unit 1170
[map_1] perf_8g_10_200_172_1783933256969 enter map 1 unit 1172
[map_1] perf_8g_10_200_175_1783933256971 enter map 1 unit 1175
[map_1] perf_8g_10_200_173_1783933256969 enter map 1 unit 1173
[map_1] perf_8g_10_200_174_1783933256970 enter map 1 unit 1174
[map_1] perf_8g_10_200_178_1783933256978 enter map 1 unit 1176
[map_1] perf_8g_10_200_177_1783933256977 enter map 1 unit 1179
[map_1] perf_8g_10_200_176_1783933256977 enter map 1 unit 1177
[map_1] perf_8g_10_200_179_1783933256979 enter map 1 unit 1178
[map_1] perf_8g_10_200_182_1783933256986 enter map 1 unit 1180
[map_1] perf_8g_10_200_183_1783933256986 enter map 1 unit 1183
[map_1] perf_8g_10_200_180_1783933256984 enter map 1 unit 1181
[map_1] perf_8g_10_200_181_1783933256985 enter map 1 unit 1182
[map_1] perf_8g_10_200_185_1783933256993 enter map 1 unit 1184
[map_1] perf_8g_10_200_186_1783933256993 enter map 1 unit 1187
[map_1] perf_8g_10_200_184_1783933256992 enter map 1 unit 1185
[map_1] perf_8g_10_200_187_1783933256994 enter map 1 unit 1186
[map_1] perf_8g_10_200_191_1783933257003 enter map 1 unit 1188
[map_1] perf_8g_10_200_188_1783933257001 enter map 1 unit 1191
[map_1] perf_8g_10_200_190_1783933257002 enter map 1 unit 1189
[map_1] perf_8g_10_200_189_1783933257001 enter map 1 unit 1190
[map_1] perf_8g_10_200_193_1783933257011 enter map 1 unit 1192
[map_1] perf_8g_10_200_195_1783933257012 enter map 1 unit 1195
[map_1] perf_8g_10_200_194_1783933257011 enter map 1 unit 1193
[map_1] perf_8g_10_200_192_1783933257010 enter map 1 unit 1194
[map_1] perf_8g_10_200_198_1783933257021 enter map 1 unit 1196
[map_1] perf_8g_10_200_199_1783933257022 enter map 1 unit 1199
[map_1] perf_8g_10_200_197_1783933257021 enter map 1 unit 1197
[map_1] perf_8g_10_200_196_1783933257020 enter map 1 unit 1198
[metrics:inner_transport] active=8 opened=8 pending=0 max_pending=0 overloads=0 timeouts=0 disconnected_calls=0 late_responses=0 idle_closes=0
[process-metrics] process=map1 cpu_percent=37.58 cpu_time_ms=1953 rss_bytes=77725696 v8_heap_used_bytes=14623176 v8_heap_total_bytes=36188160 v8_gc_count=41 v8_gc_ms=10.042 timestamp_ms=1783933261488
[metrics:map1] scene=map_1 type=MapHost processed=10004 failed=0 ts_queue=0 ts_max_queue=122 rust_queue=178 rust_max_queue=178 backpressure=0 slow_disconnects=0 update_ms=0.00 handler_ms=0.00 max_handler_ms=11.00 total_handler_ms=3383.00
[metrics:inner_transport] active=8 opened=8 pending=0 max_pending=0 overloads=0 timeouts=0 disconnected_calls=0 late_responses=0 idle_closes=0
[process-metrics] process=map1 cpu_percent=28.45 cpu_time_ms=3375 rss_bytes=80195584 v8_heap_used_bytes=9442072 v8_heap_total_bytes=38023168 v8_gc_count=48 v8_gc_ms=12.481 timestamp_ms=1783933266485
[metrics:map1] scene=map_1 type=MapHost processed=21069 failed=0 ts_queue=0 ts_max_queue=178 rust_queue=118 rust_max_queue=178 backpressure=0 slow_disconnects=0 update_ms=0.00 handler_ms=0.00 max_handler_ms=11.00 total_handler_ms=7162.00
[metrics:inner_transport] active=8 opened=8 pending=0 max_pending=0 overloads=0 timeouts=0 disconnected_calls=0 late_responses=0 idle_closes=0
[process-metrics] process=map1 cpu_percent=23.11 cpu_time_ms=4531 rss_bytes=80236544 v8_heap_used_bytes=8452440 v8_heap_total_bytes=38809600 v8_gc_count=56 v8_gc_ms=20.384 timestamp_ms=1783933271487
[metrics:map1] scene=map_1 type=MapHost processed=32046 failed=0 ts_queue=0 ts_max_queue=178 rust_queue=138 rust_max_queue=178 backpressure=0 slow_disconnects=0 update_ms=0.00 handler_ms=0.00 max_handler_ms=11.00 total_handler_ms=10247.00
[metrics:inner_transport] active=8 opened=8 pending=0 max_pending=0 overloads=0 timeouts=0 disconnected_calls=0 late_responses=0 idle_closes=0
[process-metrics] process=map1 cpu_percent=31.89 cpu_time_ms=6125 rss_bytes=82030592 v8_heap_used_bytes=13335024 v8_heap_total_bytes=38809600 v8_gc_count=62 v8_gc_ms=22.139 timestamp_ms=1783933276485
[metrics:map1] scene=map_1 type=MapHost processed=43080 failed=0 ts_queue=0 ts_max_queue=178 rust_queue=109 rust_max_queue=178 backpressure=0 slow_disconnects=0 update_ms=0.00 handler_ms=0.00 max_handler_ms=11.00 total_handler_ms=14003.00
[metrics:inner_transport] active=8 opened=8 pending=0 max_pending=0 overloads=0 timeouts=0 disconnected_calls=0 late_responses=0 idle_closes=0
[process-metrics] process=map1 cpu_percent=23.39 cpu_time_ms=7296 rss_bytes=83083264 v8_heap_used_bytes=18284912 v8_heap_total_bytes=38809600 v8_gc_count=68 v8_gc_ms=24.315 timestamp_ms=1783933281491
[metrics:map1] scene=map_1 type=MapHost processed=54001 failed=0 ts_queue=0 ts_max_queue=178 rust_queue=175 rust_max_queue=178 backpressure=0 slow_disconnects=0 update_ms=1.00 handler_ms=1.00 max_handler_ms=11.00 total_handler_ms=17470.00
[metrics:inner_transport] active=8 opened=8 pending=0 max_pending=0 overloads=0 timeouts=0 disconnected_calls=0 late_responses=0 idle_closes=0
[process-metrics] process=map1 cpu_percent=26.89 cpu_time_ms=8640 rss_bytes=83521536 v8_heap_used_bytes=10538600 v8_heap_total_bytes=39071744 v8_gc_count=75 v8_gc_ms=26.368 timestamp_ms=1783933286489
[metrics:map1] scene=map_1 type=MapHost processed=65117 failed=0 ts_queue=0 ts_max_queue=178 rust_queue=78 rust_max_queue=178 backpressure=0 slow_disconnects=0 update_ms=1.00 handler_ms=1.00 max_handler_ms=11.00 total_handler_ms=21810.00
[metrics:inner_transport] active=8 opened=8 pending=0 max_pending=0 overloads=0 timeouts=0 disconnected_calls=0 late_responses=0 idle_closes=0
[process-metrics] process=map1 cpu_percent=24.05 cpu_time_ms=9843 rss_bytes=86061056 v8_heap_used_bytes=14801880 v8_heap_total_bytes=40382464 v8_gc_count=81 v8_gc_ms=28.402 timestamp_ms=1783933291490
[metrics:map1] scene=map_1 type=MapHost processed=76096 failed=0 ts_queue=0 ts_max_queue=178 rust_queue=102 rust_max_queue=178 backpressure=0 slow_disconnects=0 update_ms=3.00 handler_ms=2.00 max_handler_ms=11.00 total_handler_ms=24580.00
[metrics:inner_transport] active=8 opened=8 pending=0 max_pending=0 overloads=0 timeouts=0 disconnected_calls=0 late_responses=0 idle_closes=0
[process-metrics] process=map1 cpu_percent=25.65 cpu_time_ms=11125 rss_bytes=88264704 v8_heap_used_bytes=18079040 v8_heap_total_bytes=41955328 v8_gc_count=87 v8_gc_ms=31.144 timestamp_ms=1783933296488
[metrics:map1] scene=map_1 type=MapHost processed=86873 failed=0 ts_queue=0 ts_max_queue=178 rust_queue=20 rust_max_queue=178 backpressure=0 slow_disconnects=0 update_ms=0.00 handler_ms=0.00 max_handler_ms=11.00 total_handler_ms=27751.00
[map_1] perf_8g_10_200_0_1783933256708 leave map 1 unit 1000
[map_1] perf_8g_10_200_1_1783933256709 leave map 1 unit 1001
[map_1] perf_8g_10_200_32_1783933256743 leave map 1 unit 1032
[map_1] perf_8g_10_200_40_1783933256760 leave map 1 unit 1039
[map_1] perf_8g_10_200_2_1783933256709 leave map 1 unit 1015
[map_1] perf_8g_10_200_37_1783933256757 leave map 1 unit 1037
[map_1] perf_8g_10_200_3_1783933256709 leave map 1 unit 1002
[map_1] perf_8g_10_200_36_1783933256756 leave map 1 unit 1036
[map_1] perf_8g_10_200_6_1783933256709 leave map 1 unit 1008
[map_1] perf_8g_10_200_35_1783933256749 leave map 1 unit 1034
[map_1] perf_8g_10_200_4_1783933256709 leave map 1 unit 1006
[map_1] perf_8g_10_200_34_1783933256748 leave map 1 unit 1035
[map_1] perf_8g_10_200_33_1783933256747 leave map 1 unit 1033
[map_1] perf_8g_10_200_5_1783933256709 leave map 1 unit 1005
[map_1] perf_8g_10_200_9_1783933256709 leave map 1 unit 1013
[map_1] perf_8g_10_200_31_1783933256743 leave map 1 unit 1028
[map_1] perf_8g_10_200_28_1783933256742 leave map 1 unit 1030
[map_1] perf_8g_10_200_8_1783933256709 leave map 1 unit 1004
[map_1] perf_8g_10_200_27_1783933256742 leave map 1 unit 1027
[map_1] perf_8g_10_200_7_1783933256709 leave map 1 unit 1003
[map_1] perf_8g_10_200_10_1783933256710 leave map 1 unit 1011
[map_1] perf_8g_10_200_26_1783933256741 leave map 1 unit 1025
[map_1] perf_8g_10_200_30_1783933256742 leave map 1 unit 1029
[map_1] perf_8g_10_200_11_1783933256710 leave map 1 unit 1012
[map_1] perf_8g_10_200_29_1783933256742 leave map 1 unit 1031
[map_1] perf_8g_10_200_12_1783933256710 leave map 1 unit 1007
[map_1] perf_8g_10_200_15_1783933256710 leave map 1 unit 1009
[map_1] perf_8g_10_200_14_1783933256710 leave map 1 unit 1010
[map_1] perf_8g_10_200_16_1783933256733 leave map 1 unit 1016
[map_1] perf_8g_10_200_13_1783933256710 leave map 1 unit 1014
[map_1] perf_8g_10_200_24_1783933256741 leave map 1 unit 1023
[map_1] perf_8g_10_200_18_1783933256737 leave map 1 unit 1018
[map_1] perf_8g_10_200_22_1783933256740 leave map 1 unit 1022
[map_1] perf_8g_10_200_19_1783933256737 leave map 1 unit 1019
[map_1] perf_8g_10_200_21_1783933256740 leave map 1 unit 1021
[map_1] perf_8g_10_200_25_1783933256741 leave map 1 unit 1026
[map_1] perf_8g_10_200_17_1783933256735 leave map 1 unit 1017
[map_1] perf_8g_10_200_23_1783933256741 leave map 1 unit 1024
[map_1] perf_8g_10_200_20_1783933256739 leave map 1 unit 1020
[map_1] perf_8g_10_200_199_1783933257022 leave map 1 unit 1199
[map_1] perf_8g_10_200_191_1783933257003 leave map 1 unit 1188
[map_1] perf_8g_10_200_183_1783933256986 leave map 1 unit 1183
[map_1] perf_8g_10_200_193_1783933257011 leave map 1 unit 1192
[map_1] perf_8g_10_200_185_1783933256993 leave map 1 unit 1184
[map_1] perf_8g_10_200_175_1783933256971 leave map 1 unit 1175
[map_1] perf_8g_10_200_167_1783933256956 leave map 1 unit 1165
[map_1] perf_8g_10_200_195_1783933257012 leave map 1 unit 1195
[map_1] perf_8g_10_200_187_1783933256994 leave map 1 unit 1186
[map_1] perf_8g_10_200_179_1783933256979 leave map 1 unit 1178
[map_1] perf_8g_10_200_171_1783933256964 leave map 1 unit 1170
[map_1] perf_8g_10_200_159_1783933256943 leave map 1 unit 1158
[map_1] perf_8g_10_200_177_1783933256977 leave map 1 unit 1179
[map_1] perf_8g_10_200_169_1783933256963 leave map 1 unit 1169
[map_1] perf_8g_10_200_151_1783933256930 leave map 1 unit 1150
[map_1] perf_8g_10_200_163_1783933256950 leave map 1 unit 1163
[map_1] perf_8g_10_200_43_1783933256763 leave map 1 unit 1043
[map_1] perf_8g_10_200_196_1783933257020 leave map 1 unit 1198
[map_1] perf_8g_10_200_188_1783933257001 leave map 1 unit 1191
[map_1] perf_8g_10_200_180_1783933256984 leave map 1 unit 1181
[map_1] perf_8g_10_200_172_1783933256969 leave map 1 unit 1172
[map_1] perf_8g_10_200_197_1783933257021 leave map 1 unit 1197
[map_1] perf_8g_10_200_161_1783933256948 leave map 1 unit 1160
[map_1] perf_8g_10_200_194_1783933257011 leave map 1 unit 1193
[map_1] perf_8g_10_200_42_1783933256763 leave map 1 unit 1042
[map_1] perf_8g_10_200_190_1783933257002 leave map 1 unit 1189
[map_1] perf_8g_10_200_192_1783933257010 leave map 1 unit 1194
[map_1] perf_8g_10_200_143_1783933256915 leave map 1 unit 1140
[map_1] perf_8g_10_200_155_1783933256937 leave map 1 unit 1154
[map_1] perf_8g_10_200_164_1783933256954 leave map 1 unit 1166
[map_1] perf_8g_10_200_50_1783933256766 leave map 1 unit 1050
[map_1] perf_8g_10_200_181_1783933256985 leave map 1 unit 1182
[map_1] perf_8g_10_200_184_1783933256992 leave map 1 unit 1185
[map_1] perf_8g_10_200_173_1783933256969 leave map 1 unit 1173
[map_1] perf_8g_10_200_153_1783933256935 leave map 1 unit 1152
[map_1] perf_8g_10_200_51_1783933256767 leave map 1 unit 1052
[map_1] perf_8g_10_200_186_1783933256993 leave map 1 unit 1187
[map_1] perf_8g_10_200_178_1783933256978 leave map 1 unit 1176
[map_1] perf_8g_10_200_135_1783933256902 leave map 1 unit 1135
[map_1] perf_8g_10_200_147_1783933256922 leave map 1 unit 1147
[map_1] perf_8g_10_200_170_1783933256963 leave map 1 unit 1168
[map_1] perf_8g_10_200_156_1783933256941 leave map 1 unit 1156
[map_1] perf_8g_10_200_145_1783933256921 leave map 1 unit 1145
[map_1] perf_8g_10_200_41_1783933256760 leave map 1 unit 1041
[map_1] perf_8g_10_200_165_1783933256955 leave map 1 unit 1167
[map_1] perf_8g_10_200_176_1783933256977 leave map 1 unit 1177
[map_1] perf_8g_10_200_168_1783933256961 leave map 1 unit 1171
[map_1] perf_8g_10_200_49_1783933256766 leave map 1 unit 1049
[map_1] perf_8g_10_200_137_1783933256907 leave map 1 unit 1136
[map_1] perf_8g_10_200_127_1783933256890 leave map 1 unit 1124
[map_1] perf_8g_10_200_139_1783933256908 leave map 1 unit 1138
[map_1] perf_8g_10_200_57_1783933256778 leave map 1 unit 1057
[map_1] perf_8g_10_200_162_1783933256949 leave map 1 unit 1162
[map_1] perf_8g_10_200_148_1783933256927 leave map 1 unit 1151
[map_1] perf_8g_10_200_154_1783933256936 leave map 1 unit 1153
[map_1] perf_8g_10_200_45_1783933256764 leave map 1 unit 1045
[map_1] perf_8g_10_200_146_1783933256921 leave map 1 unit 1146
[map_1] perf_8g_10_200_138_1783933256907 leave map 1 unit 1137
[map_1] perf_8g_10_200_129_1783933256895 leave map 1 unit 1131
[map_1] perf_8g_10_200_38_1783933256758 leave map 1 unit 1038
[map_1] perf_8g_10_200_157_1783933256942 leave map 1 unit 1157
[map_1] perf_8g_10_200_119_1783933256878 leave map 1 unit 1116
[map_1] perf_8g_10_200_44_1783933256764 leave map 1 unit 1044
[map_1] perf_8g_10_200_140_1783933256913 leave map 1 unit 1141
[map_1] perf_8g_10_200_131_1783933256896 leave map 1 unit 1130
[map_1] perf_8g_10_200_160_1783933256948 leave map 1 unit 1161
[map_1] perf_8g_10_200_150_1783933256929 leave map 1 unit 1149
[map_1] perf_8g_10_200_141_1783933256913 leave map 1 unit 1143
[map_1] perf_8g_10_200_46_1783933256764 leave map 1 unit 1046
[map_1] perf_8g_10_200_121_1783933256883 leave map 1 unit 1122
[map_1] perf_8g_10_200_130_1783933256895 leave map 1 unit 1128
[map_1] perf_8g_10_200_52_1783933256769 leave map 1 unit 1051
[map_1] perf_8g_10_200_111_1783933256862 leave map 1 unit 1111
[map_1] perf_8g_10_200_123_1783933256884 leave map 1 unit 1121
[map_1] perf_8g_10_200_54_1783933256772 leave map 1 unit 1055
[map_1] perf_8g_10_200_152_1783933256934 leave map 1 unit 1155
[map_1] perf_8g_10_200_132_1783933256900 leave map 1 unit 1133
[map_1] perf_8g_10_200_47_1783933256765 leave map 1 unit 1047
[map_1] perf_8g_10_200_103_1783933256851 leave map 1 unit 1103
[map_1] perf_8g_10_200_125_1783933256889 leave map 1 unit 1125
[map_1] perf_8g_10_200_63_1783933256786 leave map 1 unit 1062
[map_1] perf_8g_10_200_113_1783933256867 leave map 1 unit 1112
[map_1] perf_8g_10_200_134_1783933256901 leave map 1 unit 1132
[map_1] perf_8g_10_200_70_1783933256792 leave map 1 unit 1070
[map_1] perf_8g_10_200_115_1783933256872 leave map 1 unit 1114
[map_1] perf_8g_10_200_122_1783933256884 leave map 1 unit 1123
[map_1] perf_8g_10_200_78_1783933256811 leave map 1 unit 1078
[map_1] perf_8g_10_200_198_1783933257021 leave map 1 unit 1196
[map_1] perf_8g_10_200_116_1783933256875 leave map 1 unit 1119
[map_1] perf_8g_10_200_124_1783933256889 leave map 1 unit 1126
[map_1] perf_8g_10_200_86_1783933256819 leave map 1 unit 1086
[map_1] perf_8g_10_200_95_1783933256837 leave map 1 unit 1096
[map_1] perf_8g_10_200_117_1783933256876 leave map 1 unit 1118
[map_1] perf_8g_10_200_94_1783933256836 leave map 1 unit 1094
[map_1] perf_8g_10_200_189_1783933257001 leave map 1 unit 1190
[map_1] perf_8g_10_200_144_1783933256920 leave map 1 unit 1144
[map_1] perf_8g_10_200_55_1783933256775 leave map 1 unit 1054
[map_1] perf_8g_10_200_105_1783933256852 leave map 1 unit 1105
[map_1] perf_8g_10_200_65_1783933256787 leave map 1 unit 1065
[map_1] perf_8g_10_200_136_1783933256906 leave map 1 unit 1139
[map_1] perf_8g_10_200_114_1783933256871 leave map 1 unit 1113
[map_1] perf_8g_10_200_53_1783933256772 leave map 1 unit 1053
[map_1] perf_8g_10_200_107_1783933256855 leave map 1 unit 1107
[map_1] perf_8g_10_200_108_1783933256856 leave map 1 unit 1109
[map_1] perf_8g_10_200_61_1783933256783 leave map 1 unit 1061
[map_1] perf_8g_10_200_109_1783933256857 leave map 1 unit 1110
[map_1] perf_8g_10_200_58_1783933256781 leave map 1 unit 1058
[map_1] perf_8g_10_200_101_1783933256846 leave map 1 unit 1101
[map_1] perf_8g_10_200_87_1783933256820 leave map 1 unit 1088
[map_1] perf_8g_10_200_69_1783933256791 leave map 1 unit 1069
[map_1] perf_8g_10_200_182_1783933256986 leave map 1 unit 1180
[map_1] perf_8g_10_200_59_1783933256783 leave map 1 unit 1059
[map_1] perf_8g_10_200_97_1783933256841 leave map 1 unit 1097
[map_1] perf_8g_10_200_174_1783933256970 leave map 1 unit 1174
[map_1] perf_8g_10_200_67_1783933256790 leave map 1 unit 1067
[map_1] perf_8g_10_200_166_1783933256956 leave map 1 unit 1164
[map_1] perf_8g_10_200_75_1783933256805 leave map 1 unit 1075
[map_1] perf_8g_10_200_128_1783933256895 leave map 1 unit 1129
[map_1] perf_8g_10_200_120_1783933256882 leave map 1 unit 1120
[map_1] perf_8g_10_200_102_1783933256847 leave map 1 unit 1102
[map_1] perf_8g_10_200_112_1783933256863 leave map 1 unit 1115
[map_1] perf_8g_10_200_73_1783933256796 leave map 1 unit 1073
[map_1] perf_8g_10_200_104_1783933256852 leave map 1 unit 1104
[map_1] perf_8g_10_200_96_1783933256839 leave map 1 unit 1095
[map_1] perf_8g_10_200_77_1783933256807 leave map 1 unit 1077
[map_1] perf_8g_10_200_88_1783933256822 leave map 1 unit 1087
[map_1] perf_8g_10_200_62_1783933256786 leave map 1 unit 1063
[map_1] perf_8g_10_200_80_1783933256813 leave map 1 unit 1079
[map_1] perf_8g_10_200_66_1783933256789 leave map 1 unit 1066
[map_1] perf_8g_10_200_106_1783933256854 leave map 1 unit 1106
[map_1] perf_8g_10_200_72_1783933256795 leave map 1 unit 1072
[map_1] perf_8g_10_200_110_1783933256858 leave map 1 unit 1108
[map_1] perf_8g_10_200_99_1783933256842 leave map 1 unit 1099
[map_1] perf_8g_10_200_74_1783933256800 leave map 1 unit 1074
[map_1] perf_8g_10_200_64_1783933256787 leave map 1 unit 1064
[map_1] perf_8g_10_200_83_1783933256817 leave map 1 unit 1083
[map_1] perf_8g_10_200_98_1783933256841 leave map 1 unit 1098
[map_1] perf_8g_10_200_100_1783933256846 leave map 1 unit 1100
[map_1] perf_8g_10_200_118_1783933256876 leave map 1 unit 1117
[map_1] perf_8g_10_200_56_1783933256777 leave map 1 unit 1056
[map_1] perf_8g_10_200_126_1783933256890 leave map 1 unit 1127
[map_1] perf_8g_10_200_92_1783933256834 leave map 1 unit 1092
[map_1] perf_8g_10_200_81_1783933256814 leave map 1 unit 1081
[map_1] perf_8g_10_200_48_1783933256765 leave map 1 unit 1048
[map_1] perf_8g_10_200_133_1783933256901 leave map 1 unit 1134
[map_1] perf_8g_10_200_39_1783933256760 leave map 1 unit 1040
[map_1] perf_8g_10_200_84_1783933256818 leave map 1 unit 1084
[map_1] perf_8g_10_200_85_1783933256818 leave map 1 unit 1085
[map_1] perf_8g_10_200_76_1783933256807 leave map 1 unit 1076
[map_1] perf_8g_10_200_142_1783933256914 leave map 1 unit 1142
[map_1] perf_8g_10_200_68_1783933256791 leave map 1 unit 1068
[map_1] perf_8g_10_200_149_1783933256928 leave map 1 unit 1148
[map_1] perf_8g_10_200_60_1783933256783 leave map 1 unit 1060
[map_1] perf_8g_10_200_71_1783933256794 leave map 1 unit 1071
[map_1] perf_8g_10_200_90_1783933256828 leave map 1 unit 1090
[map_1] perf_8g_10_200_158_1783933256943 leave map 1 unit 1159
[map_1] perf_8g_10_200_91_1783933256831 leave map 1 unit 1091
[map_1] perf_8g_10_200_79_1783933256812 leave map 1 unit 1080
[map_1] perf_8g_10_200_93_1783933256835 leave map 1 unit 1093
[map_1] perf_8g_10_200_82_1783933256816 leave map 1 unit 1082
[map_1] perf_8g_10_200_89_1783933256823 leave map 1 unit 1089
