starting process log with one V8 and 1 scene(s) from E:\VsCode\skynet\ets_runtime\perf\results\runtime_configs\map_capacity_20260713_090056\200p_8g_r2\log.json
scene log (Log) listening on 127.0.0.1:7100
[process:log] one V8 started with 1 scene(s)
[log] Log scene started at 127.0.0.1:7100
log accepted 127.0.0.1:58100 as conn 1
log accepted 127.0.0.1:58144 as conn 2
[log] [login_1] perf_8g_10_200_0_1783933299175 login count 1
[log] [login_1] perf_8g_10_200_1_1783933299176 login count 1
[log] [login_1] perf_8g_10_200_4_1783933299176 login count 1
[log] [login_1] perf_8g_10_200_7_1783933299176 login count 1
[log] [login_1] perf_8g_10_200_2_1783933299176 login count 1
[log] [login_1] perf_8g_10_200_3_1783933299176 login count 1
[log] [login_1] perf_8g_10_200_5_1783933299176 login count 1
[log] [login_1] perf_8g_10_200_6_1783933299176 login count 1
[log] [login_1] perf_8g_10_200_9_1783933299176 login count 1
[log] [login_1] perf_8g_10_200_11_1783933299176 login count 1
[log] [login_1] perf_8g_10_200_12_1783933299176 login count 1
[log] [login_1] perf_8g_10_200_8_1783933299176 login count 1
[log] [login_1] perf_8g_10_200_14_1783933299177 login count 1
[log] [login_1] perf_8g_10_200_13_1783933299176 login count 1
[log] [login_1] perf_8g_10_200_15_1783933299177 login count 1
[log] [login_1] perf_8g_10_200_10_1783933299176 login count 1
log accepted 127.0.0.1:58170 as conn 3
[log] [gate_1] perf_8g_10_200_0_1783933299175 enter map_1 as unit 1000
log accepted 127.0.0.1:58179 as conn 4
log accepted 127.0.0.1:58180 as conn 5
log accepted 127.0.0.1:58182 as conn 6
log accepted 127.0.0.1:58183 as conn 7
log accepted 127.0.0.1:58181 as conn 8
log accepted 127.0.0.1:58185 as conn 9
[log] [gate_6] perf_8g_10_200_3_1783933299176 enter map_1 as unit 1003
[log] [gate_7] perf_8g_10_200_5_1783933299176 enter map_1 as unit 1005
[log] [gate_2] perf_8g_10_200_1_1783933299176 enter map_1 as unit 1001
[log] [gate_8] perf_8g_10_200_6_1783933299176 enter map_1 as unit 1007
log accepted 127.0.0.1:58186 as conn 10
[log] [gate_3] perf_8g_10_200_4_1783933299176 enter map_1 as unit 1006
[log] [gate_1] perf_8g_10_200_9_1783933299176 enter map_1 as unit 1008
[log] [gate_5] perf_8g_10_200_2_1783933299176 enter map_1 as unit 1002
[log] [gate_4] perf_8g_10_200_7_1783933299176 enter map_1 as unit 1004
[log] [login_1] perf_8g_10_200_16_1783933299200 login count 1
[log] [gate_6] perf_8g_10_200_13_1783933299176 enter map_1 as unit 1009
[log] [login_1] perf_8g_10_200_17_1783933299202 login count 1
[log] [gate_8] perf_8g_10_200_10_1783933299176 enter map_1 as unit 1014
[log] [gate_5] perf_8g_10_200_14_1783933299177 enter map_1 as unit 1011
[log] [gate_7] perf_8g_10_200_15_1783933299177 enter map_1 as unit 1010
[log] [gate_2] perf_8g_10_200_11_1783933299176 enter map_1 as unit 1013
[log] [gate_3] perf_8g_10_200_12_1783933299176 enter map_1 as unit 1012
[log] [gate_4] perf_8g_10_200_8_1783933299176 enter map_1 as unit 1015
[log] [gate_1] perf_8g_10_200_16_1783933299200 enter map_1 as unit 1016
[log] [login_1] perf_8g_10_200_18_1783933299203 login count 1
[log] [login_1] perf_8g_10_200_19_1783933299204 login count 1
[log] [gate_2] perf_8g_10_200_17_1783933299202 enter map_1 as unit 1017
[log] [login_1] perf_8g_10_200_20_1783933299205 login count 1
[log] [gate_3] perf_8g_10_200_18_1783933299203 enter map_1 as unit 1018
[log] [login_1] perf_8g_10_200_21_1783933299206 login count 1
[log] [login_1] perf_8g_10_200_22_1783933299206 login count 1
[log] [login_1] perf_8g_10_200_23_1783933299206 login count 1
[log] [login_1] perf_8g_10_200_24_1783933299206 login count 1
[log] [login_1] perf_8g_10_200_25_1783933299207 login count 1
[log] [login_1] perf_8g_10_200_26_1783933299207 login count 1
[log] [login_1] perf_8g_10_200_27_1783933299207 login count 1
[log] [gate_4] perf_8g_10_200_19_1783933299204 enter map_1 as unit 1019
[log] [login_1] perf_8g_10_200_28_1783933299207 login count 1
[log] [login_1] perf_8g_10_200_29_1783933299208 login count 1
[log] [login_1] perf_8g_10_200_30_1783933299208 login count 1
[log] [login_1] perf_8g_10_200_31_1783933299208 login count 1
[log] [login_1] perf_8g_10_200_32_1783933299209 login count 1
[log] [login_1] perf_8g_10_200_33_1783933299210 login count 1
[log] [gate_5] perf_8g_10_200_20_1783933299205 enter map_1 as unit 1020
[log] [login_1] perf_8g_10_200_34_1783933299214 login count 1
[log] [gate_6] perf_8g_10_200_21_1783933299206 enter map_1 as unit 1021
[log] [login_1] perf_8g_10_200_35_1783933299217 login count 1
[log] [login_1] perf_8g_10_200_36_1783933299220 login count 1
[log] [gate_8] perf_8g_10_200_23_1783933299206 enter map_1 as unit 1027
[log] [gate_7] perf_8g_10_200_22_1783933299206 enter map_1 as unit 1022
[log] [gate_3] perf_8g_10_200_26_1783933299207 enter map_1 as unit 1024
[log] [gate_2] perf_8g_10_200_25_1783933299207 enter map_1 as unit 1023
[log] [gate_4] perf_8g_10_200_27_1783933299207 enter map_1 as unit 1026
[log] [gate_1] perf_8g_10_200_24_1783933299206 enter map_1 as unit 1025
[log] [gate_6] perf_8g_10_200_29_1783933299208 enter map_1 as unit 1028
[log] [gate_5] perf_8g_10_200_28_1783933299207 enter map_1 as unit 1029
[log] [gate_8] perf_8g_10_200_31_1783933299208 enter map_1 as unit 1030
[log] [gate_7] perf_8g_10_200_30_1783933299208 enter map_1 as unit 1031
[log] [gate_1] perf_8g_10_200_32_1783933299209 enter map_1 as unit 1032
[log] [gate_2] perf_8g_10_200_33_1783933299210 enter map_1 as unit 1034
[log] [gate_4] perf_8g_10_200_35_1783933299217 enter map_1 as unit 1033
[log] [gate_3] perf_8g_10_200_34_1783933299214 enter map_1 as unit 1035
[log] [login_1] perf_8g_10_200_37_1783933299224 login count 1
[log] [gate_5] perf_8g_10_200_36_1783933299220 enter map_1 as unit 1036
[log] [login_1] perf_8g_10_200_38_1783933299225 login count 1
[log] [login_1] perf_8g_10_200_39_1783933299226 login count 1
[log] [login_1] perf_8g_10_200_40_1783933299226 login count 1
[log] [login_1] perf_8g_10_200_41_1783933299227 login count 1
[log] [login_1] perf_8g_10_200_42_1783933299227 login count 1
[log] [login_1] perf_8g_10_200_43_1783933299228 login count 1
[log] [login_1] perf_8g_10_200_44_1783933299229 login count 1
[log] [gate_6] perf_8g_10_200_37_1783933299224 enter map_1 as unit 1037
[log] [login_1] perf_8g_10_200_45_1783933299229 login count 1
[log] [login_1] perf_8g_10_200_46_1783933299229 login count 1
[log] [login_1] perf_8g_10_200_48_1783933299230 login count 1
[log] [login_1] perf_8g_10_200_47_1783933299229 login count 1
[log] [login_1] perf_8g_10_200_49_1783933299231 login count 1
[log] [login_1] perf_8g_10_200_50_1783933299231 login count 1
[log] [login_1] perf_8g_10_200_51_1783933299231 login count 1
[log] [login_1] perf_8g_10_200_52_1783933299232 login count 1
[log] [gate_7] perf_8g_10_200_38_1783933299225 enter map_1 as unit 1038
[log] [gate_8] perf_8g_10_200_39_1783933299226 enter map_1 as unit 1039
[log] [gate_1] perf_8g_10_200_40_1783933299226 enter map_1 as unit 1040
[log] [gate_3] perf_8g_10_200_42_1783933299227 enter map_1 as unit 1042
[log] [gate_2] perf_8g_10_200_41_1783933299227 enter map_1 as unit 1041
[log] [gate_4] perf_8g_10_200_43_1783933299228 enter map_1 as unit 1043
[log] [gate_5] perf_8g_10_200_44_1783933299229 enter map_1 as unit 1044
[log] [login_1] perf_8g_10_200_53_1783933299237 login count 1
[log] [gate_6] perf_8g_10_200_45_1783933299229 enter map_1 as unit 1045
[log] [gate_8] perf_8g_10_200_48_1783933299230 enter map_1 as unit 1047
[log] [gate_7] perf_8g_10_200_46_1783933299229 enter map_1 as unit 1046
[log] [login_1] perf_8g_10_200_54_1783933299241 login count 1
[log] [login_1] perf_8g_10_200_55_1783933299242 login count 1
[log] [login_1] perf_8g_10_200_56_1783933299242 login count 1
[log] [gate_1] perf_8g_10_200_47_1783933299229 enter map_1 as unit 1048
[log] [gate_2] perf_8g_10_200_49_1783933299231 enter map_1 as unit 1051
[log] [gate_4] perf_8g_10_200_51_1783933299231 enter map_1 as unit 1050
[log] [gate_3] perf_8g_10_200_50_1783933299231 enter map_1 as unit 1049
[log] [gate_5] perf_8g_10_200_52_1783933299232 enter map_1 as unit 1052
[log] [login_1] perf_8g_10_200_57_1783933299243 login count 1
[log] [login_1] perf_8g_10_200_58_1783933299243 login count 1
[log] [login_1] perf_8g_10_200_59_1783933299244 login count 1
[log] [gate_6] perf_8g_10_200_53_1783933299237 enter map_1 as unit 1053
[log] [login_1] perf_8g_10_200_60_1783933299245 login count 1
[log] [login_1] perf_8g_10_200_61_1783933299247 login count 1
[log] [gate_7] perf_8g_10_200_54_1783933299241 enter map_1 as unit 1054
[log] [login_1] perf_8g_10_200_62_1783933299248 login count 1
[log] [login_1] perf_8g_10_200_63_1783933299248 login count 1
[log] [gate_8] perf_8g_10_200_55_1783933299242 enter map_1 as unit 1055
[log] [gate_1] perf_8g_10_200_56_1783933299242 enter map_1 as unit 1056
[log] [login_1] perf_8g_10_200_64_1783933299250 login count 1
[log] [login_1] perf_8g_10_200_65_1783933299251 login count 1
[log] [login_1] perf_8g_10_200_66_1783933299251 login count 1
[log] [login_1] perf_8g_10_200_67_1783933299251 login count 1
[log] [login_1] perf_8g_10_200_68_1783933299251 login count 1
[log] [gate_2] perf_8g_10_200_57_1783933299243 enter map_1 as unit 1057
[log] [gate_3] perf_8g_10_200_58_1783933299243 enter map_1 as unit 1059
[log] [gate_4] perf_8g_10_200_59_1783933299244 enter map_1 as unit 1058
[log] [gate_5] perf_8g_10_200_60_1783933299245 enter map_1 as unit 1060
[log] [login_1] perf_8g_10_200_69_1783933299254 login count 1
[log] [gate_6] perf_8g_10_200_61_1783933299247 enter map_1 as unit 1061
[log] [gate_7] perf_8g_10_200_62_1783933299248 enter map_1 as unit 1062
[log] [gate_8] perf_8g_10_200_63_1783933299248 enter map_1 as unit 1063
[log] [login_1] perf_8g_10_200_70_1783933299259 login count 1
[log] [gate_1] perf_8g_10_200_64_1783933299250 enter map_1 as unit 1064
[log] [login_1] perf_8g_10_200_71_1783933299260 login count 1
[log] [login_1] perf_8g_10_200_72_1783933299261 login count 1
[log] [gate_2] perf_8g_10_200_65_1783933299251 enter map_1 as unit 1065
[log] [gate_3] perf_8g_10_200_66_1783933299251 enter map_1 as unit 1066
[log] [gate_4] perf_8g_10_200_67_1783933299251 enter map_1 as unit 1067
[log] [gate_5] perf_8g_10_200_68_1783933299251 enter map_1 as unit 1068
[log] [login_1] perf_8g_10_200_73_1783933299264 login count 1
[log] [login_1] perf_8g_10_200_74_1783933299265 login count 1
[log] [login_1] perf_8g_10_200_75_1783933299265 login count 1
[log] [gate_6] perf_8g_10_200_69_1783933299254 enter map_1 as unit 1069
[log] [login_1] perf_8g_10_200_76_1783933299266 login count 1
[log] [login_1] perf_8g_10_200_77_1783933299269 login count 1
[log] [login_1] perf_8g_10_200_78_1783933299270 login count 1
[log] [gate_7] perf_8g_10_200_70_1783933299259 enter map_1 as unit 1070
[log] [login_1] perf_8g_10_200_79_1783933299271 login count 1
[log] [gate_8] perf_8g_10_200_71_1783933299260 enter map_1 as unit 1071
[log] [login_1] perf_8g_10_200_80_1783933299273 login count 1
[log] [gate_1] perf_8g_10_200_72_1783933299261 enter map_1 as unit 1072
[log] [login_1] perf_8g_10_200_81_1783933299274 login count 1
[log] [login_1] perf_8g_10_200_82_1783933299277 login count 1
[log] [gate_2] perf_8g_10_200_73_1783933299264 enter map_1 as unit 1073
[log] [login_1] perf_8g_10_200_83_1783933299277 login count 1
[log] [login_1] perf_8g_10_200_84_1783933299277 login count 1
[log] [login_1] perf_8g_10_200_85_1783933299279 login count 1
[log] [gate_3] perf_8g_10_200_74_1783933299265 enter map_1 as unit 1074
[log] [gate_4] perf_8g_10_200_75_1783933299265 enter map_1 as unit 1075
[log] [gate_5] perf_8g_10_200_76_1783933299266 enter map_1 as unit 1076
[log] [login_1] perf_8g_10_200_86_1783933299283 login count 1
[log] [login_1] perf_8g_10_200_87_1783933299284 login count 1
[log] [gate_6] perf_8g_10_200_77_1783933299269 enter map_1 as unit 1077
[log] [gate_8] perf_8g_10_200_79_1783933299271 enter map_1 as unit 1079
[log] [gate_7] perf_8g_10_200_78_1783933299270 enter map_1 as unit 1078
[log] [login_1] perf_8g_10_200_88_1783933299285 login count 1
[log] [gate_1] perf_8g_10_200_80_1783933299273 enter map_1 as unit 1080
[log] [gate_2] perf_8g_10_200_81_1783933299274 enter map_1 as unit 1081
[log] [login_1] perf_8g_10_200_89_1783933299288 login count 1
[log] [gate_4] perf_8g_10_200_83_1783933299277 enter map_1 as unit 1084
[log] [gate_3] perf_8g_10_200_82_1783933299277 enter map_1 as unit 1082
[log] [gate_5] perf_8g_10_200_84_1783933299277 enter map_1 as unit 1083
[log] [login_1] perf_8g_10_200_90_1783933299291 login count 1
[log] [gate_6] perf_8g_10_200_85_1783933299279 enter map_1 as unit 1085
[log] [login_1] perf_8g_10_200_91_1783933299292 login count 1
[log] [login_1] perf_8g_10_200_92_1783933299292 login count 1
[log] [gate_7] perf_8g_10_200_86_1783933299283 enter map_1 as unit 1086
[log] [gate_8] perf_8g_10_200_87_1783933299284 enter map_1 as unit 1087
[log] [login_1] perf_8g_10_200_93_1783933299295 login count 1
[log] [gate_1] perf_8g_10_200_88_1783933299285 enter map_1 as unit 1088
[log] [login_1] perf_8g_10_200_94_1783933299295 login count 1
[log] [login_1] perf_8g_10_200_95_1783933299295 login count 1
[log] [login_1] perf_8g_10_200_96_1783933299298 login count 1
[log] [gate_2] perf_8g_10_200_89_1783933299288 enter map_1 as unit 1089
[log] [login_1] perf_8g_10_200_97_1783933299298 login count 1
[log] [login_1] perf_8g_10_200_98_1783933299302 login count 1
[log] [gate_3] perf_8g_10_200_90_1783933299291 enter map_1 as unit 1090
[log] [login_1] perf_8g_10_200_99_1783933299302 login count 1
[log] [login_1] perf_8g_10_200_100_1783933299302 login count 1
[log] [login_1] perf_8g_10_200_101_1783933299304 login count 1
[log] [gate_5] perf_8g_10_200_92_1783933299292 enter map_1 as unit 1091
[log] [gate_4] perf_8g_10_200_91_1783933299292 enter map_1 as unit 1092
[log] [gate_6] perf_8g_10_200_93_1783933299295 enter map_1 as unit 1093
[log] [login_1] perf_8g_10_200_102_1783933299306 login count 1
[log] [gate_7] perf_8g_10_200_94_1783933299295 enter map_1 as unit 1094
[log] [login_1] perf_8g_10_200_103_1783933299306 login count 1
[log] [login_1] perf_8g_10_200_104_1783933299307 login count 1
[log] [gate_8] perf_8g_10_200_95_1783933299295 enter map_1 as unit 1095
[log] [gate_1] perf_8g_10_200_96_1783933299298 enter map_1 as unit 1096
[log] [gate_2] perf_8g_10_200_97_1783933299298 enter map_1 as unit 1097
[log] [login_1] perf_8g_10_200_105_1783933299311 login count 1
[log] [gate_3] perf_8g_10_200_98_1783933299302 enter map_1 as unit 1098
[log] [login_1] perf_8g_10_200_106_1783933299315 login count 1
[log] [gate_4] perf_8g_10_200_99_1783933299302 enter map_1 as unit 1099
[log] [gate_5] perf_8g_10_200_100_1783933299302 enter map_1 as unit 1100
[log] [gate_6] perf_8g_10_200_101_1783933299304 enter map_1 as unit 1101
[log] [login_1] perf_8g_10_200_107_1783933299318 login count 1
[log] [login_1] perf_8g_10_200_108_1783933299319 login count 1
[log] [login_1] perf_8g_10_200_109_1783933299320 login count 1
[log] [login_1] perf_8g_10_200_110_1783933299322 login count 1
[log] [login_1] perf_8g_10_200_111_1783933299323 login count 1
[log] [gate_1] perf_8g_10_200_104_1783933299307 enter map_1 as unit 1104
[log] [gate_7] perf_8g_10_200_102_1783933299306 enter map_1 as unit 1102
[log] [gate_8] perf_8g_10_200_103_1783933299306 enter map_1 as unit 1103
[log] [login_1] perf_8g_10_200_112_1783933299324 login count 1
[log] [login_1] perf_8g_10_200_113_1783933299325 login count 1
[log] [gate_2] perf_8g_10_200_105_1783933299311 enter map_1 as unit 1105
[log] [gate_3] perf_8g_10_200_106_1783933299315 enter map_1 as unit 1106
[log] [login_1] perf_8g_10_200_114_1783933299329 login count 1
[log] [login_1] perf_8g_10_200_115_1783933299331 login count 1
[log] [login_1] perf_8g_10_200_116_1783933299332 login count 1
[log] [gate_4] perf_8g_10_200_107_1783933299318 enter map_1 as unit 1107
[log] [login_1] perf_8g_10_200_117_1783933299333 login count 1
[log] [gate_6] perf_8g_10_200_109_1783933299320 enter map_1 as unit 1109
[log] [gate_7] perf_8g_10_200_110_1783933299322 enter map_1 as unit 1110
[log] [gate_5] perf_8g_10_200_108_1783933299319 enter map_1 as unit 1108
[log] [login_1] perf_8g_10_200_118_1783933299337 login count 1
[log] [login_1] perf_8g_10_200_119_1783933299337 login count 1
[log] [login_1] perf_8g_10_200_120_1783933299337 login count 1
[log] [gate_1] perf_8g_10_200_112_1783933299324 enter map_1 as unit 1112
[log] [gate_2] perf_8g_10_200_113_1783933299325 enter map_1 as unit 1113
[log] [gate_8] perf_8g_10_200_111_1783933299323 enter map_1 as unit 1111
[log] [login_1] perf_8g_10_200_121_1783933299339 login count 1
[log] [gate_3] perf_8g_10_200_114_1783933299329 enter map_1 as unit 1114
[log] [login_1] perf_8g_10_200_122_1783933299341 login count 1
[log] [gate_4] perf_8g_10_200_115_1783933299331 enter map_1 as unit 1115
[log] [gate_5] perf_8g_10_200_116_1783933299332 enter map_1 as unit 1116
[log] [gate_6] perf_8g_10_200_117_1783933299333 enter map_1 as unit 1117
[log] [login_1] perf_8g_10_200_123_1783933299345 login count 1
[log] [login_1] perf_8g_10_200_124_1783933299349 login count 1
[log] [login_1] perf_8g_10_200_125_1783933299349 login count 1
[log] [login_1] perf_8g_10_200_126_1783933299350 login count 1
[log] [gate_7] perf_8g_10_200_118_1783933299337 enter map_1 as unit 1118
[log] [login_1] perf_8g_10_200_127_1783933299353 login count 1
[log] [gate_1] perf_8g_10_200_120_1783933299337 enter map_1 as unit 1120
[log] [gate_8] perf_8g_10_200_119_1783933299337 enter map_1 as unit 1119
[log] [login_1] perf_8g_10_200_128_1783933299354 login count 1
[log] [login_1] perf_8g_10_200_129_1783933299354 login count 1
[log] [gate_2] perf_8g_10_200_121_1783933299339 enter map_1 as unit 1121
[log] [gate_3] perf_8g_10_200_122_1783933299341 enter map_1 as unit 1122
[log] [login_1] perf_8g_10_200_130_1783933299356 login count 1
[log] [gate_4] perf_8g_10_200_123_1783933299345 enter map_1 as unit 1123
[log] [login_1] perf_8g_10_200_131_1783933299358 login count 1
[log] [login_1] perf_8g_10_200_132_1783933299358 login count 1
[log] [login_1] perf_8g_10_200_133_1783933299359 login count 1
[log] [gate_5] perf_8g_10_200_124_1783933299349 enter map_1 as unit 1124
[log] [login_1] perf_8g_10_200_134_1783933299365 login count 1
[log] [gate_6] perf_8g_10_200_125_1783933299349 enter map_1 as unit 1125
[log] [gate_7] perf_8g_10_200_126_1783933299350 enter map_1 as unit 1126
[log] [login_1] perf_8g_10_200_135_1783933299368 login count 1
[log] [login_1] perf_8g_10_200_136_1783933299369 login count 1
[log] [login_1] perf_8g_10_200_137_1783933299371 login count 1
[log] [login_1] perf_8g_10_200_138_1783933299371 login count 1
[log] [login_1] perf_8g_10_200_139_1783933299372 login count 1
[log] [login_1] perf_8g_10_200_140_1783933299377 login count 1
[log] [gate_3] perf_8g_10_200_130_1783933299356 enter map_1 as unit 1130
[log] [gate_8] perf_8g_10_200_127_1783933299353 enter map_1 as unit 1127
[log] [gate_1] perf_8g_10_200_128_1783933299354 enter map_1 as unit 1128
[log] [login_1] perf_8g_10_200_141_1783933299380 login count 1
[log] [gate_2] perf_8g_10_200_129_1783933299354 enter map_1 as unit 1129
[log] [login_1] perf_8g_10_200_142_1783933299381 login count 1
[log] [login_1] perf_8g_10_200_144_1783933299387 login count 1
[log] [login_1] perf_8g_10_200_143_1783933299387 login count 1
[log] [login_1] perf_8g_10_200_145_1783933299388 login count 1
[log] [login_1] perf_8g_10_200_146_1783933299389 login count 1
[log] [gate_6] perf_8g_10_200_133_1783933299359 enter map_1 as unit 1133
[log] [gate_7] perf_8g_10_200_134_1783933299365 enter map_1 as unit 1134
[log] [gate_5] perf_8g_10_200_132_1783933299358 enter map_1 as unit 1132
[log] [gate_4] perf_8g_10_200_131_1783933299358 enter map_1 as unit 1131
[log] [login_1] perf_8g_10_200_147_1783933299394 login count 1
[log] [login_1] perf_8g_10_200_148_1783933299394 login count 1
[log] [login_1] perf_8g_10_200_149_1783933299395 login count 1
[log] [login_1] perf_8g_10_200_150_1783933299396 login count 1
[log] [gate_3] perf_8g_10_200_138_1783933299371 enter map_1 as unit 1137
[log] [gate_2] perf_8g_10_200_137_1783933299371 enter map_1 as unit 1138
[log] [gate_8] perf_8g_10_200_135_1783933299368 enter map_1 as unit 1136
[log] [gate_1] perf_8g_10_200_136_1783933299369 enter map_1 as unit 1135
[log] [login_1] perf_8g_10_200_151_1783933299399 login count 1
[log] [login_1] perf_8g_10_200_152_1783933299400 login count 1
[log] [login_1] perf_8g_10_200_153_1783933299401 login count 1
[log] [login_1] perf_8g_10_200_154_1783933299402 login count 1
[log] [gate_7] perf_8g_10_200_142_1783933299381 enter map_1 as unit 1141
[log] [gate_6] perf_8g_10_200_141_1783933299380 enter map_1 as unit 1139
[log] [gate_5] perf_8g_10_200_140_1783933299377 enter map_1 as unit 1140
[log] [gate_4] perf_8g_10_200_139_1783933299372 enter map_1 as unit 1142
[log] [login_1] perf_8g_10_200_155_1783933299407 login count 1
[log] [login_1] perf_8g_10_200_156_1783933299408 login count 1
[log] [login_1] perf_8g_10_200_157_1783933299409 login count 1
[log] [login_1] perf_8g_10_200_158_1783933299410 login count 1
[log] [gate_2] perf_8g_10_200_145_1783933299388 enter map_1 as unit 1143
[log] [gate_8] perf_8g_10_200_144_1783933299387 enter map_1 as unit 1146
[log] [gate_1] perf_8g_10_200_143_1783933299387 enter map_1 as unit 1144
[log] [gate_3] perf_8g_10_200_146_1783933299389 enter map_1 as unit 1145
[log] [login_1] perf_8g_10_200_159_1783933299414 login count 1
[log] [login_1] perf_8g_10_200_160_1783933299415 login count 1
[log] [login_1] perf_8g_10_200_161_1783933299416 login count 1
[log] [login_1] perf_8g_10_200_162_1783933299417 login count 1
[log] [gate_5] perf_8g_10_200_148_1783933299394 enter map_1 as unit 1150
[log] [gate_6] perf_8g_10_200_149_1783933299395 enter map_1 as unit 1148
[log] [gate_4] perf_8g_10_200_147_1783933299394 enter map_1 as unit 1149
[log] [gate_7] perf_8g_10_200_150_1783933299396 enter map_1 as unit 1147
[log] [login_1] perf_8g_10_200_163_1783933299421 login count 1
[log] [login_1] perf_8g_10_200_164_1783933299422 login count 1
[log] [login_1] perf_8g_10_200_165_1783933299423 login count 1
[log] [login_1] perf_8g_10_200_166_1783933299423 login count 1
[log] [gate_1] perf_8g_10_200_152_1783933299400 enter map_1 as unit 1153
[log] [gate_8] perf_8g_10_200_151_1783933299399 enter map_1 as unit 1151
[log] [gate_3] perf_8g_10_200_154_1783933299402 enter map_1 as unit 1152
[log] [gate_2] perf_8g_10_200_153_1783933299401 enter map_1 as unit 1154
[log] [login_1] perf_8g_10_200_167_1783933299428 login count 1
[log] [login_1] perf_8g_10_200_168_1783933299428 login count 1
[log] [login_1] perf_8g_10_200_169_1783933299429 login count 1
[log] [login_1] perf_8g_10_200_170_1783933299430 login count 1
[log] [gate_5] perf_8g_10_200_156_1783933299408 enter map_1 as unit 1157
[log] [gate_6] perf_8g_10_200_157_1783933299409 enter map_1 as unit 1158
[log] [gate_7] perf_8g_10_200_158_1783933299410 enter map_1 as unit 1156
[log] [gate_4] perf_8g_10_200_155_1783933299407 enter map_1 as unit 1155
[log] [login_1] perf_8g_10_200_171_1783933299436 login count 1
[log] [login_1] perf_8g_10_200_173_1783933299438 login count 1
[log] [login_1] perf_8g_10_200_172_1783933299437 login count 1
[log] [login_1] perf_8g_10_200_174_1783933299438 login count 1
[log] [gate_8] perf_8g_10_200_159_1783933299414 enter map_1 as unit 1159
[log] [gate_1] perf_8g_10_200_160_1783933299415 enter map_1 as unit 1160
[log] [gate_2] perf_8g_10_200_161_1783933299416 enter map_1 as unit 1161
[log] [gate_3] perf_8g_10_200_162_1783933299417 enter map_1 as unit 1162
[log] [login_1] perf_8g_10_200_175_1783933299443 login count 1
[log] [login_1] perf_8g_10_200_176_1783933299444 login count 1
[log] [login_1] perf_8g_10_200_177_1783933299445 login count 1
[log] [login_1] perf_8g_10_200_178_1783933299445 login count 1
[log] [gate_5] perf_8g_10_200_164_1783933299422 enter map_1 as unit 1163
[log] [gate_6] perf_8g_10_200_165_1783933299423 enter map_1 as unit 1164
[log] [gate_7] perf_8g_10_200_166_1783933299423 enter map_1 as unit 1166
[log] [gate_4] perf_8g_10_200_163_1783933299421 enter map_1 as unit 1165
[log] [login_1] perf_8g_10_200_179_1783933299452 login count 1
[log] [login_1] perf_8g_10_200_180_1783933299453 login count 1
[log] [login_1] perf_8g_10_200_181_1783933299454 login count 1
[log] [login_1] perf_8g_10_200_182_1783933299455 login count 1
[log] [gate_3] perf_8g_10_200_170_1783933299430 enter map_1 as unit 1167
[log] [gate_1] perf_8g_10_200_168_1783933299428 enter map_1 as unit 1168
[log] [gate_8] perf_8g_10_200_167_1783933299428 enter map_1 as unit 1169
[log] [gate_2] perf_8g_10_200_169_1783933299429 enter map_1 as unit 1170
[log] [login_1] perf_8g_10_200_183_1783933299461 login count 1
[log] [login_1] perf_8g_10_200_184_1783933299461 login count 1
[log] [login_1] perf_8g_10_200_185_1783933299462 login count 1
[log] [login_1] perf_8g_10_200_186_1783933299463 login count 1
[log] [gate_7] perf_8g_10_200_174_1783933299438 enter map_1 as unit 1171
[log] [gate_6] perf_8g_10_200_172_1783933299437 enter map_1 as unit 1173
[log] [gate_4] perf_8g_10_200_171_1783933299436 enter map_1 as unit 1172
[log] [gate_5] perf_8g_10_200_173_1783933299438 enter map_1 as unit 1174
[log] [login_1] perf_8g_10_200_187_1783933299469 login count 1
[log] [login_1] perf_8g_10_200_188_1783933299470 login count 1
[log] [login_1] perf_8g_10_200_189_1783933299470 login count 1
[log] [login_1] perf_8g_10_200_190_1783933299471 login count 1
[log] [gate_2] perf_8g_10_200_177_1783933299445 enter map_1 as unit 1175
[log] [gate_3] perf_8g_10_200_178_1783933299445 enter map_1 as unit 1177
[log] [gate_8] perf_8g_10_200_175_1783933299443 enter map_1 as unit 1176
[log] [gate_1] perf_8g_10_200_176_1783933299444 enter map_1 as unit 1178
[log] [login_1] perf_8g_10_200_191_1783933299477 login count 1
[log] [login_1] perf_8g_10_200_192_1783933299478 login count 1
[log] [login_1] perf_8g_10_200_193_1783933299478 login count 1
[log] [login_1] perf_8g_10_200_194_1783933299479 login count 1
[log] [gate_5] perf_8g_10_200_180_1783933299453 enter map_1 as unit 1179
[log] [gate_4] perf_8g_10_200_179_1783933299452 enter map_1 as unit 1180
[log] [gate_7] perf_8g_10_200_182_1783933299455 enter map_1 as unit 1182
[log] [gate_6] perf_8g_10_200_181_1783933299454 enter map_1 as unit 1181
[log] [login_1] perf_8g_10_200_195_1783933299486 login count 1
[log] [login_1] perf_8g_10_200_197_1783933299488 login count 1
[log] [login_1] perf_8g_10_200_196_1783933299487 login count 1
[log] [login_1] perf_8g_10_200_198_1783933299489 login count 1
[log] [gate_2] perf_8g_10_200_185_1783933299462 enter map_1 as unit 1184
[log] [gate_1] perf_8g_10_200_184_1783933299461 enter map_1 as unit 1183
[log] [gate_8] perf_8g_10_200_183_1783933299461 enter map_1 as unit 1186
[log] [gate_3] perf_8g_10_200_186_1783933299463 enter map_1 as unit 1185
[log] [login_1] perf_8g_10_200_199_1783933299495 login count 1
[log] [gate_5] perf_8g_10_200_188_1783933299470 enter map_1 as unit 1190
[log] [gate_4] perf_8g_10_200_187_1783933299469 enter map_1 as unit 1189
[log] [gate_7] perf_8g_10_200_190_1783933299471 enter map_1 as unit 1187
[log] [gate_6] perf_8g_10_200_189_1783933299470 enter map_1 as unit 1188
[log] [gate_1] perf_8g_10_200_192_1783933299478 enter map_1 as unit 1192
[log] [gate_2] perf_8g_10_200_193_1783933299478 enter map_1 as unit 1194
[log] [gate_8] perf_8g_10_200_191_1783933299477 enter map_1 as unit 1193
[log] [gate_3] perf_8g_10_200_194_1783933299479 enter map_1 as unit 1191
[log] [gate_5] perf_8g_10_200_197_1783933299488 enter map_1 as unit 1195
[log] [gate_7] perf_8g_10_200_198_1783933299489 enter map_1 as unit 1196
[log] [gate_6] perf_8g_10_200_196_1783933299487 enter map_1 as unit 1197
[log] [gate_4] perf_8g_10_200_195_1783933299486 enter map_1 as unit 1198
[log] [gate_8] perf_8g_10_200_199_1783933299495 enter map_1 as unit 1199
[metrics:inner_transport] active=0 opened=0 pending=0 max_pending=0 overloads=0 timeouts=0 disconnected_calls=0 late_responses=0 idle_closes=0
[process-metrics] process=log cpu_percent=2.19 cpu_time_ms=156 rss_bytes=36786176 v8_heap_used_bytes=2718184 v8_heap_total_bytes=6041600 v8_gc_count=3 v8_gc_ms=0.639 timestamp_ms=1783933303724
[metrics:log] scene=log type=Log processed=400 failed=0 ts_queue=0 ts_max_queue=8 rust_queue=0 rust_max_queue=8 backpressure=0 slow_disconnects=0 update_ms=0.00 handler_ms=0.00 max_handler_ms=1.00 total_handler_ms=9.00
[metrics:inner_transport] active=0 opened=0 pending=0 max_pending=0 overloads=0 timeouts=0 disconnected_calls=0 late_responses=0 idle_closes=0
[process-metrics] process=log cpu_percent=0.30 cpu_time_ms=171 rss_bytes=36872192 v8_heap_used_bytes=2855192 v8_heap_total_bytes=6041600 v8_gc_count=3 v8_gc_ms=0.639 timestamp_ms=1783933308708
[metrics:log] scene=log type=Log processed=400 failed=0 ts_queue=0 ts_max_queue=8 rust_queue=0 rust_max_queue=8 backpressure=0 slow_disconnects=0 update_ms=0.00 handler_ms=0.00 max_handler_ms=1.00 total_handler_ms=9.00
[metrics:inner_transport] active=0 opened=0 pending=0 max_pending=0 overloads=0 timeouts=0 disconnected_calls=0 late_responses=0 idle_closes=0
[process-metrics] process=log cpu_percent=0.32 cpu_time_ms=187 rss_bytes=37015552 v8_heap_used_bytes=3013120 v8_heap_total_bytes=6041600 v8_gc_count=3 v8_gc_ms=0.639 timestamp_ms=1783933313754
[metrics:log] scene=log type=Log processed=400 failed=0 ts_queue=0 ts_max_queue=8 rust_queue=0 rust_max_queue=8 backpressure=0 slow_disconnects=0 update_ms=0.00 handler_ms=0.00 max_handler_ms=1.00 total_handler_ms=9.00
[metrics:inner_transport] active=0 opened=0 pending=0 max_pending=0 overloads=0 timeouts=0 disconnected_calls=0 late_responses=0 idle_closes=0
[process-metrics] process=log cpu_percent=0.61 cpu_time_ms=218 rss_bytes=37163008 v8_heap_used_bytes=3142808 v8_heap_total_bytes=6303744 v8_gc_count=3 v8_gc_ms=0.639 timestamp_ms=1783933318798
[metrics:log] scene=log type=Log processed=400 failed=0 ts_queue=0 ts_max_queue=8 rust_queue=0 rust_max_queue=8 backpressure=0 slow_disconnects=0 update_ms=0.00 handler_ms=0.00 max_handler_ms=1.00 total_handler_ms=9.00
[metrics:inner_transport] active=0 opened=0 pending=0 max_pending=0 overloads=0 timeouts=0 disconnected_calls=0 late_responses=0 idle_closes=0
[process-metrics] process=log cpu_percent=0.93 cpu_time_ms=265 rss_bytes=37306368 v8_heap_used_bytes=3272408 v8_heap_total_bytes=6303744 v8_gc_count=3 v8_gc_ms=0.639 timestamp_ms=1783933323854
[metrics:log] scene=log type=Log processed=400 failed=0 ts_queue=0 ts_max_queue=8 rust_queue=0 rust_max_queue=8 backpressure=0 slow_disconnects=0 update_ms=0.00 handler_ms=0.00 max_handler_ms=1.00 total_handler_ms=9.00
[metrics:inner_transport] active=0 opened=0 pending=0 max_pending=0 overloads=0 timeouts=0 disconnected_calls=0 late_responses=0 idle_closes=0
[process-metrics] process=log cpu_percent=0.00 cpu_time_ms=265 rss_bytes=37404672 v8_heap_used_bytes=3400456 v8_heap_total_bytes=6565888 v8_gc_count=3 v8_gc_ms=0.639 timestamp_ms=1783933328853
[metrics:log] scene=log type=Log processed=400 failed=0 ts_queue=0 ts_max_queue=8 rust_queue=0 rust_max_queue=8 backpressure=0 slow_disconnects=0 update_ms=0.00 handler_ms=0.00 max_handler_ms=1.00 total_handler_ms=9.00
[metrics:inner_transport] active=0 opened=0 pending=0 max_pending=0 overloads=0 timeouts=0 disconnected_calls=0 late_responses=0 idle_closes=0
[process-metrics] process=log cpu_percent=0.32 cpu_time_ms=281 rss_bytes=37736448 v8_heap_used_bytes=3534392 v8_heap_total_bytes=6565888 v8_gc_count=3 v8_gc_ms=0.639 timestamp_ms=1783933333899
[metrics:log] scene=log type=Log processed=400 failed=0 ts_queue=0 ts_max_queue=8 rust_queue=0 rust_max_queue=8 backpressure=0 slow_disconnects=0 update_ms=0.00 handler_ms=0.00 max_handler_ms=1.00 total_handler_ms=9.00
[metrics:inner_transport] active=0 opened=0 pending=0 max_pending=0 overloads=0 timeouts=0 disconnected_calls=0 late_responses=0 idle_closes=0
[process-metrics] process=log cpu_percent=0.30 cpu_time_ms=296 rss_bytes=37806080 v8_heap_used_bytes=3662736 v8_heap_total_bytes=6828032 v8_gc_count=3 v8_gc_ms=0.639 timestamp_ms=1783933338952
[metrics:log] scene=log type=Log processed=400 failed=0 ts_queue=0 ts_max_queue=8 rust_queue=0 rust_max_queue=8 backpressure=0 slow_disconnects=0 update_ms=0.00 handler_ms=0.00 max_handler_ms=1.00 total_handler_ms=9.00
