starting process map1 with one V8 and 1 scene(s) from E:\VsCode\skynet\ets_runtime\perf\results\runtime_configs\map_capacity_20260713_090056\200p_8g_r3\map1.json
scene map_1 (MapHost) listening on 127.0.0.1:7301
[process:map1] one V8 started with 1 scene(s)
[map_1] MapHost scene started at 127.0.0.1:7301
map_1 accepted 127.0.0.1:58831 as conn 1
map_1 accepted 127.0.0.1:58889 as conn 2
map_1 accepted 127.0.0.1:58890 as conn 3
map_1 accepted 127.0.0.1:58892 as conn 4
map_1 accepted 127.0.0.1:58891 as conn 5
map_1 accepted 127.0.0.1:58893 as conn 6
map_1 accepted 127.0.0.1:58894 as conn 7
map_1 accepted 127.0.0.1:58895 as conn 8
map_1 accepted 127.0.0.1:58896 as conn 9
[map_1] perf_8g_10_200_0_1783933341383 enter map 1 unit 1000
[map_1] perf_8g_10_200_2_1783933341385 enter map 1 unit 1001
[map_1] perf_8g_10_200_3_1783933341385 enter map 1 unit 1002
[map_1] perf_8g_10_200_7_1783933341385 enter map 1 unit 1003
[map_1] perf_8g_10_200_5_1783933341385 enter map 1 unit 1004
[map_1] perf_8g_10_200_1_1783933341384 enter map 1 unit 1005
[map_1] perf_8g_10_200_8_1783933341385 enter map 1 unit 1006
[map_1] perf_8g_10_200_4_1783933341385 enter map 1 unit 1007
[map_1] perf_8g_10_200_6_1783933341385 enter map 1 unit 1008
[map_1] perf_8g_10_200_10_1783933341385 enter map 1 unit 1009
[map_1] perf_8g_10_200_9_1783933341385 enter map 1 unit 1010
[map_1] perf_8g_10_200_14_1783933341385 enter map 1 unit 1011
[map_1] perf_8g_10_200_13_1783933341385 enter map 1 unit 1012
[map_1] perf_8g_10_200_15_1783933341385 enter map 1 unit 1013
[map_1] perf_8g_10_200_11_1783933341385 enter map 1 unit 1014
[map_1] perf_8g_10_200_16_1783933341411 enter map 1 unit 1015
[map_1] perf_8g_10_200_17_1783933341412 enter map 1 unit 1016
[map_1] perf_8g_10_200_12_1783933341385 enter map 1 unit 1017
[map_1] perf_8g_10_200_18_1783933341414 enter map 1 unit 1018
[map_1] perf_8g_10_200_19_1783933341414 enter map 1 unit 1019
[map_1] perf_8g_10_200_20_1783933341416 enter map 1 unit 1020
[map_1] perf_8g_10_200_21_1783933341416 enter map 1 unit 1021
[map_1] perf_8g_10_200_22_1783933341416 enter map 1 unit 1022
[map_1] perf_8g_10_200_23_1783933341417 enter map 1 unit 1023
[map_1] perf_8g_10_200_24_1783933341417 enter map 1 unit 1024
[map_1] perf_8g_10_200_26_1783933341417 enter map 1 unit 1025
[map_1] perf_8g_10_200_25_1783933341417 enter map 1 unit 1026
[map_1] perf_8g_10_200_27_1783933341418 enter map 1 unit 1027
[map_1] perf_8g_10_200_29_1783933341418 enter map 1 unit 1028
[map_1] perf_8g_10_200_28_1783933341418 enter map 1 unit 1029
[map_1] perf_8g_10_200_30_1783933341418 enter map 1 unit 1030
[map_1] perf_8g_10_200_33_1783933341425 enter map 1 unit 1031
[map_1] perf_8g_10_200_31_1783933341423 enter map 1 unit 1032
[map_1] perf_8g_10_200_34_1783933341428 enter map 1 unit 1033
[map_1] perf_8g_10_200_32_1783933341424 enter map 1 unit 1034
[map_1] perf_8g_10_200_36_1783933341433 enter map 1 unit 1035
[map_1] perf_8g_10_200_35_1783933341429 enter map 1 unit 1036
[map_1] perf_8g_10_200_37_1783933341436 enter map 1 unit 1037
[map_1] perf_8g_10_200_38_1783933341436 enter map 1 unit 1038
[map_1] perf_8g_10_200_39_1783933341437 enter map 1 unit 1039
[map_1] perf_8g_10_200_40_1783933341437 enter map 1 unit 1040
[map_1] perf_8g_10_200_41_1783933341438 enter map 1 unit 1041
[map_1] perf_8g_10_200_42_1783933341438 enter map 1 unit 1042
[map_1] perf_8g_10_200_43_1783933341440 enter map 1 unit 1043
[map_1] perf_8g_10_200_44_1783933341440 enter map 1 unit 1044
[map_1] perf_8g_10_200_45_1783933341441 enter map 1 unit 1045
[map_1] perf_8g_10_200_46_1783933341441 enter map 1 unit 1046
[map_1] perf_8g_10_200_50_1783933341444 enter map 1 unit 1047
[map_1] perf_8g_10_200_47_1783933341443 enter map 1 unit 1048
[map_1] perf_8g_10_200_48_1783933341443 enter map 1 unit 1050
[map_1] perf_8g_10_200_49_1783933341443 enter map 1 unit 1049
[map_1] perf_8g_10_200_51_1783933341444 enter map 1 unit 1051
[map_1] perf_8g_10_200_52_1783933341444 enter map 1 unit 1052
[map_1] perf_8g_10_200_54_1783933341453 enter map 1 unit 1053
[map_1] perf_8g_10_200_53_1783933341453 enter map 1 unit 1054
[map_1] perf_8g_10_200_55_1783933341454 enter map 1 unit 1055
[map_1] perf_8g_10_200_56_1783933341455 enter map 1 unit 1056
[map_1] perf_8g_10_200_57_1783933341455 enter map 1 unit 1057
[map_1] perf_8g_10_200_58_1783933341456 enter map 1 unit 1058
[map_1] perf_8g_10_200_59_1783933341458 enter map 1 unit 1059
[map_1] perf_8g_10_200_60_1783933341458 enter map 1 unit 1060
[map_1] perf_8g_10_200_61_1783933341459 enter map 1 unit 1061
[map_1] perf_8g_10_200_62_1783933341460 enter map 1 unit 1062
[map_1] perf_8g_10_200_63_1783933341463 enter map 1 unit 1063
[map_1] perf_8g_10_200_64_1783933341463 enter map 1 unit 1064
[map_1] perf_8g_10_200_66_1783933341464 enter map 1 unit 1065
[map_1] perf_8g_10_200_68_1783933341466 enter map 1 unit 1068
[map_1] perf_8g_10_200_67_1783933341465 enter map 1 unit 1067
[map_1] perf_8g_10_200_65_1783933341464 enter map 1 unit 1066
[map_1] perf_8g_10_200_69_1783933341473 enter map 1 unit 1069
[map_1] perf_8g_10_200_70_1783933341474 enter map 1 unit 1070
[map_1] perf_8g_10_200_71_1783933341475 enter map 1 unit 1071
[map_1] perf_8g_10_200_72_1783933341476 enter map 1 unit 1072
[map_1] perf_8g_10_200_73_1783933341479 enter map 1 unit 1073
[map_1] perf_8g_10_200_74_1783933341480 enter map 1 unit 1075
[map_1] perf_8g_10_200_75_1783933341480 enter map 1 unit 1074
[map_1] perf_8g_10_200_76_1783933341481 enter map 1 unit 1076
[map_1] perf_8g_10_200_77_1783933341482 enter map 1 unit 1077
[map_1] perf_8g_10_200_78_1783933341483 enter map 1 unit 1078
[map_1] perf_8g_10_200_79_1783933341489 enter map 1 unit 1079
[map_1] perf_8g_10_200_80_1783933341490 enter map 1 unit 1080
[map_1] perf_8g_10_200_81_1783933341493 enter map 1 unit 1081
[map_1] perf_8g_10_200_82_1783933341493 enter map 1 unit 1082
[map_1] perf_8g_10_200_83_1783933341493 enter map 1 unit 1083
[map_1] perf_8g_10_200_84_1783933341494 enter map 1 unit 1084
[map_1] perf_8g_10_200_85_1783933341499 enter map 1 unit 1085
[map_1] perf_8g_10_200_86_1783933341502 enter map 1 unit 1086
[map_1] perf_8g_10_200_87_1783933341503 enter map 1 unit 1087
[map_1] perf_8g_10_200_88_1783933341504 enter map 1 unit 1088
[map_1] perf_8g_10_200_89_1783933341507 enter map 1 unit 1089
[map_1] perf_8g_10_200_90_1783933341508 enter map 1 unit 1090
[map_1] perf_8g_10_200_91_1783933341509 enter map 1 unit 1091
[map_1] perf_8g_10_200_92_1783933341512 enter map 1 unit 1092
[map_1] perf_8g_10_200_94_1783933341513 enter map 1 unit 1094
[map_1] perf_8g_10_200_93_1783933341512 enter map 1 unit 1093
[map_1] perf_8g_10_200_95_1783933341514 enter map 1 unit 1095
[map_1] perf_8g_10_200_96_1783933341516 enter map 1 unit 1096
[map_1] perf_8g_10_200_97_1783933341522 enter map 1 unit 1097
[map_1] perf_8g_10_200_98_1783933341523 enter map 1 unit 1098
[map_1] perf_8g_10_200_99_1783933341524 enter map 1 unit 1099
[map_1] perf_8g_10_200_100_1783933341524 enter map 1 unit 1100
[map_1] perf_8g_10_200_101_1783933341528 enter map 1 unit 1101
[map_1] perf_8g_10_200_102_1783933341533 enter map 1 unit 1102
[map_1] perf_8g_10_200_103_1783933341534 enter map 1 unit 1103
[map_1] perf_8g_10_200_104_1783933341536 enter map 1 unit 1104
[map_1] perf_8g_10_200_105_1783933341539 enter map 1 unit 1105
[map_1] perf_8g_10_200_106_1783933341542 enter map 1 unit 1106
[map_1] perf_8g_10_200_107_1783933341543 enter map 1 unit 1107
[map_1] perf_8g_10_200_108_1783933341546 enter map 1 unit 1108
[map_1] perf_8g_10_200_109_1783933341547 enter map 1 unit 1109
[map_1] perf_8g_10_200_110_1783933341548 enter map 1 unit 1110
[map_1] perf_8g_10_200_112_1783933341553 enter map 1 unit 1112
[map_1] perf_8g_10_200_111_1783933341552 enter map 1 unit 1111
[map_1] perf_8g_10_200_113_1783933341555 enter map 1 unit 1113
[map_1] perf_8g_10_200_116_1783933341558 enter map 1 unit 1116
[map_1] perf_8g_10_200_114_1783933341555 enter map 1 unit 1114
[map_1] perf_8g_10_200_115_1783933341556 enter map 1 unit 1115
[map_1] perf_8g_10_200_117_1783933341561 enter map 1 unit 1117
[map_1] perf_8g_10_200_118_1783933341566 enter map 1 unit 1120
[map_1] perf_8g_10_200_119_1783933341567 enter map 1 unit 1118
[map_1] perf_8g_10_200_120_1783933341567 enter map 1 unit 1119
[map_1] perf_8g_10_200_124_1783933341580 enter map 1 unit 1121
[map_1] perf_8g_10_200_122_1783933341576 enter map 1 unit 1124
[map_1] perf_8g_10_200_121_1783933341574 enter map 1 unit 1122
[map_1] perf_8g_10_200_123_1783933341577 enter map 1 unit 1123
[map_1] perf_8g_10_200_126_1783933341583 enter map 1 unit 1125
[map_1] perf_8g_10_200_128_1783933341584 enter map 1 unit 1128
[map_1] perf_8g_10_200_127_1783933341583 enter map 1 unit 1126
[map_1] perf_8g_10_200_125_1783933341580 enter map 1 unit 1127
[map_1] perf_8g_10_200_129_1783933341589 enter map 1 unit 1129
[map_1] perf_8g_10_200_131_1783933341591 enter map 1 unit 1132
[map_1] perf_8g_10_200_132_1783933341592 enter map 1 unit 1130
[map_1] perf_8g_10_200_130_1783933341591 enter map 1 unit 1131
[map_1] perf_8g_10_200_133_1783933341596 enter map 1 unit 1133
[map_1] perf_8g_10_200_134_1783933341597 enter map 1 unit 1136
[map_1] perf_8g_10_200_136_1783933341599 enter map 1 unit 1134
[map_1] perf_8g_10_200_135_1783933341597 enter map 1 unit 1135
[map_1] perf_8g_10_200_140_1783933341605 enter map 1 unit 1137
[map_1] perf_8g_10_200_137_1783933341603 enter map 1 unit 1140
[map_1] perf_8g_10_200_138_1783933341604 enter map 1 unit 1138
[map_1] perf_8g_10_200_139_1783933341604 enter map 1 unit 1139
[map_1] perf_8g_10_200_142_1783933341612 enter map 1 unit 1141
[map_1] perf_8g_10_200_144_1783933341613 enter map 1 unit 1144
[map_1] perf_8g_10_200_143_1783933341613 enter map 1 unit 1142
[map_1] perf_8g_10_200_141_1783933341611 enter map 1 unit 1143
[map_1] perf_8g_10_200_147_1783933341622 enter map 1 unit 1145
[map_1] perf_8g_10_200_148_1783933341622 enter map 1 unit 1148
[map_1] perf_8g_10_200_145_1783933341619 enter map 1 unit 1146
[map_1] perf_8g_10_200_146_1783933341621 enter map 1 unit 1147
[map_1] perf_8g_10_200_151_1783933341629 enter map 1 unit 1149
[map_1] perf_8g_10_200_149_1783933341627 enter map 1 unit 1152
[map_1] perf_8g_10_200_152_1783933341629 enter map 1 unit 1150
[map_1] perf_8g_10_200_150_1783933341628 enter map 1 unit 1151
[map_1] perf_8g_10_200_156_1783933341637 enter map 1 unit 1153
[map_1] perf_8g_10_200_155_1783933341636 enter map 1 unit 1156
[map_1] perf_8g_10_200_153_1783933341634 enter map 1 unit 1154
[map_1] perf_8g_10_200_154_1783933341635 enter map 1 unit 1155
[map_1] perf_8g_10_200_157_1783933341642 enter map 1 unit 1157
[map_1] perf_8g_10_200_159_1783933341643 enter map 1 unit 1160
[map_1] perf_8g_10_200_158_1783933341643 enter map 1 unit 1158
[map_1] perf_8g_10_200_160_1783933341644 enter map 1 unit 1159
[map_1] perf_8g_10_200_162_1783933341649 enter map 1 unit 1161
[map_1] perf_8g_10_200_161_1783933341648 enter map 1 unit 1164
[map_1] perf_8g_10_200_164_1783933341650 enter map 1 unit 1162
[map_1] perf_8g_10_200_163_1783933341649 enter map 1 unit 1163
[map_1] perf_8g_10_200_167_1783933341657 enter map 1 unit 1165
[map_1] perf_8g_10_200_168_1783933341658 enter map 1 unit 1168
[map_1] perf_8g_10_200_166_1783933341657 enter map 1 unit 1166
[map_1] perf_8g_10_200_165_1783933341656 enter map 1 unit 1167
[map_1] perf_8g_10_200_171_1783933341665 enter map 1 unit 1169
[map_1] perf_8g_10_200_170_1783933341664 enter map 1 unit 1172
[map_1] perf_8g_10_200_172_1783933341666 enter map 1 unit 1170
[map_1] perf_8g_10_200_169_1783933341663 enter map 1 unit 1171
[map_1] perf_8g_10_200_174_1783933341672 enter map 1 unit 1173
[map_1] perf_8g_10_200_175_1783933341673 enter map 1 unit 1176
[map_1] perf_8g_10_200_173_1783933341672 enter map 1 unit 1174
[map_1] perf_8g_10_200_176_1783933341674 enter map 1 unit 1175
[map_1] perf_8g_10_200_178_1783933341678 enter map 1 unit 1177
[map_1] perf_8g_10_200_180_1783933341680 enter map 1 unit 1180
[map_1] perf_8g_10_200_179_1783933341679 enter map 1 unit 1178
[map_1] perf_8g_10_200_177_1783933341678 enter map 1 unit 1179
[map_1] perf_8g_10_200_184_1783933341689 enter map 1 unit 1181
[map_1] perf_8g_10_200_181_1783933341687 enter map 1 unit 1184
[map_1] perf_8g_10_200_183_1783933341689 enter map 1 unit 1182
[map_1] perf_8g_10_200_182_1783933341688 enter map 1 unit 1183
[map_1] perf_8g_10_200_186_1783933341696 enter map 1 unit 1185
[map_1] perf_8g_10_200_187_1783933341697 enter map 1 unit 1188
[map_1] perf_8g_10_200_188_1783933341698 enter map 1 unit 1186
[map_1] perf_8g_10_200_185_1783933341695 enter map 1 unit 1187
[map_1] perf_8g_10_200_190_1783933341705 enter map 1 unit 1189
[map_1] perf_8g_10_200_191_1783933341706 enter map 1 unit 1192
[map_1] perf_8g_10_200_189_1783933341704 enter map 1 unit 1190
[map_1] perf_8g_10_200_192_1783933341706 enter map 1 unit 1191
[map_1] perf_8g_10_200_193_1783933341712 enter map 1 unit 1193
[map_1] perf_8g_10_200_196_1783933341715 enter map 1 unit 1196
[map_1] perf_8g_10_200_194_1783933341713 enter map 1 unit 1194
[map_1] perf_8g_10_200_195_1783933341714 enter map 1 unit 1195
[map_1] perf_8g_10_200_198_1783933341724 enter map 1 unit 1197
[map_1] perf_8g_10_200_199_1783933341725 enter map 1 unit 1199
[map_1] perf_8g_10_200_197_1783933341723 enter map 1 unit 1198
[metrics:inner_transport] active=8 opened=8 pending=0 max_pending=0 overloads=0 timeouts=0 disconnected_calls=0 late_responses=0 idle_closes=0
[process-metrics] process=map1 cpu_percent=39.98 cpu_time_ms=2062 rss_bytes=77705216 v8_heap_used_bytes=13245632 v8_heap_total_bytes=36188160 v8_gc_count=40 v8_gc_ms=9.524 timestamp_ms=1783933346144
[metrics:map1] scene=map_1 type=MapHost processed=10000 failed=0 ts_queue=0 ts_max_queue=31 rust_queue=0 rust_max_queue=31 backpressure=0 slow_disconnects=0 update_ms=0.00 handler_ms=0.00 max_handler_ms=11.00 total_handler_ms=1659.00
[metrics:inner_transport] active=8 opened=8 pending=0 max_pending=0 overloads=0 timeouts=0 disconnected_calls=0 late_responses=0 idle_closes=0
[process-metrics] process=map1 cpu_percent=16.25 cpu_time_ms=2875 rss_bytes=81223680 v8_heap_used_bytes=9568000 v8_heap_total_bytes=38285312 v8_gc_count=47 v8_gc_ms=10.977 timestamp_ms=1783933351148
[metrics:map1] scene=map_1 type=MapHost processed=21000 failed=0 ts_queue=0 ts_max_queue=31 rust_queue=0 rust_max_queue=31 backpressure=0 slow_disconnects=0 update_ms=0.00 handler_ms=0.00 max_handler_ms=11.00 total_handler_ms=2384.00
[metrics:inner_transport] active=8 opened=8 pending=0 max_pending=0 overloads=0 timeouts=0 disconnected_calls=0 late_responses=0 idle_closes=0
[process-metrics] process=map1 cpu_percent=6.51 cpu_time_ms=3203 rss_bytes=81231872 v8_heap_used_bytes=10237264 v8_heap_total_bytes=38547456 v8_gc_count=55 v8_gc_ms=14.733 timestamp_ms=1783933356185
[metrics:map1] scene=map_1 type=MapHost processed=32007 failed=0 ts_queue=0 ts_max_queue=42 rust_queue=136 rust_max_queue=136 backpressure=0 slow_disconnects=0 update_ms=1.00 handler_ms=0.00 max_handler_ms=11.00 total_handler_ms=3311.00
[metrics:inner_transport] active=8 opened=8 pending=0 max_pending=0 overloads=0 timeouts=0 disconnected_calls=0 late_responses=0 idle_closes=0
[process-metrics] process=map1 cpu_percent=16.86 cpu_time_ms=4046 rss_bytes=83410944 v8_heap_used_bytes=17203192 v8_heap_total_bytes=38547456 v8_gc_count=61 v8_gc_ms=15.971 timestamp_ms=1783933361185
[metrics:map1] scene=map_1 type=MapHost processed=43115 failed=0 ts_queue=0 ts_max_queue=136 rust_queue=85 rust_max_queue=136 backpressure=0 slow_disconnects=0 update_ms=0.00 handler_ms=0.00 max_handler_ms=11.00 total_handler_ms=4469.00
[metrics:inner_transport] active=8 opened=8 pending=0 max_pending=0 overloads=0 timeouts=0 disconnected_calls=0 late_responses=0 idle_closes=0
[process-metrics] process=map1 cpu_percent=21.56 cpu_time_ms=5125 rss_bytes=82755584 v8_heap_used_bytes=8923256 v8_heap_total_bytes=38547456 v8_gc_count=68 v8_gc_ms=17.282 timestamp_ms=1783933366190
[metrics:map1] scene=map_1 type=MapHost processed=54008 failed=0 ts_queue=0 ts_max_queue=136 rust_queue=157 rust_max_queue=157 backpressure=0 slow_disconnects=0 update_ms=0.00 handler_ms=0.00 max_handler_ms=11.00 total_handler_ms=5328.00
[metrics:inner_transport] active=8 opened=8 pending=0 max_pending=0 overloads=0 timeouts=0 disconnected_calls=0 late_responses=0 idle_closes=0
[process-metrics] process=map1 cpu_percent=19.08 cpu_time_ms=6078 rss_bytes=84832256 v8_heap_used_bytes=17732224 v8_heap_total_bytes=39596032 v8_gc_count=74 v8_gc_ms=18.600 timestamp_ms=1783933371186
[metrics:map1] scene=map_1 type=MapHost processed=65199 failed=0 ts_queue=0 ts_max_queue=157 rust_queue=1 rust_max_queue=157 backpressure=0 slow_disconnects=0 update_ms=0.00 handler_ms=0.00 max_handler_ms=11.00 total_handler_ms=6239.00
[metrics:inner_transport] active=8 opened=8 pending=0 max_pending=0 overloads=0 timeouts=0 disconnected_calls=0 late_responses=0 idle_closes=0
[process-metrics] process=map1 cpu_percent=18.74 cpu_time_ms=7015 rss_bytes=87564288 v8_heap_used_bytes=11613704 v8_heap_total_bytes=41431040 v8_gc_count=81 v8_gc_ms=20.144 timestamp_ms=1783933376186
[metrics:map1] scene=map_1 type=MapHost processed=76102 failed=0 ts_queue=0 ts_max_queue=157 rust_queue=87 rust_max_queue=157 backpressure=0 slow_disconnects=0 update_ms=0.00 handler_ms=0.00 max_handler_ms=11.00 total_handler_ms=6978.00
[metrics:inner_transport] active=8 opened=8 pending=0 max_pending=0 overloads=0 timeouts=0 disconnected_calls=0 late_responses=0 idle_closes=0
[process-metrics] process=map1 cpu_percent=19.06 cpu_time_ms=7968 rss_bytes=85426176 v8_heap_used_bytes=10515208 v8_heap_total_bytes=39596032 v8_gc_count=89 v8_gc_ms=25.372 timestamp_ms=1783933381186
[metrics:map1] scene=map_1 type=MapHost processed=87130 failed=0 ts_queue=0 ts_max_queue=157 rust_queue=63 rust_max_queue=157 backpressure=0 slow_disconnects=0 update_ms=0.00 handler_ms=0.00 max_handler_ms=11.00 total_handler_ms=7861.00
[map_1] perf_8g_10_200_0_1783933341383 leave map 1 unit 1000
[map_1] perf_8g_10_200_3_1783933341385 leave map 1 unit 1002
[map_1] perf_8g_10_200_6_1783933341385 leave map 1 unit 1008
[map_1] perf_8g_10_200_1_1783933341384 leave map 1 unit 1005
[map_1] perf_8g_10_200_2_1783933341385 leave map 1 unit 1001
[map_1] perf_8g_10_200_35_1783933341429 leave map 1 unit 1036
[map_1] perf_8g_10_200_34_1783933341428 leave map 1 unit 1033
[map_1] perf_8g_10_200_4_1783933341385 leave map 1 unit 1007
[map_1] perf_8g_10_200_33_1783933341425 leave map 1 unit 1031
[map_1] perf_8g_10_200_11_1783933341385 leave map 1 unit 1014
[map_1] perf_8g_10_200_9_1783933341385 leave map 1 unit 1010
[map_1] perf_8g_10_200_32_1783933341424 leave map 1 unit 1034
[map_1] perf_8g_10_200_31_1783933341423 leave map 1 unit 1032
[map_1] perf_8g_10_200_13_1783933341385 leave map 1 unit 1012
[map_1] perf_8g_10_200_30_1783933341418 leave map 1 unit 1030
[map_1] perf_8g_10_200_14_1783933341385 leave map 1 unit 1011
[map_1] perf_8g_10_200_29_1783933341418 leave map 1 unit 1028
[map_1] perf_8g_10_200_5_1783933341385 leave map 1 unit 1004
[map_1] perf_8g_10_200_28_1783933341418 leave map 1 unit 1029
[map_1] perf_8g_10_200_7_1783933341385 leave map 1 unit 1003
[map_1] perf_8g_10_200_26_1783933341417 leave map 1 unit 1025
[map_1] perf_8g_10_200_25_1783933341417 leave map 1 unit 1026
[map_1] perf_8g_10_200_12_1783933341385 leave map 1 unit 1017
[map_1] perf_8g_10_200_8_1783933341385 leave map 1 unit 1006
[map_1] perf_8g_10_200_24_1783933341417 leave map 1 unit 1024
[map_1] perf_8g_10_200_16_1783933341411 leave map 1 unit 1015
[map_1] perf_8g_10_200_23_1783933341417 leave map 1 unit 1023
[map_1] perf_8g_10_200_27_1783933341418 leave map 1 unit 1027
[map_1] perf_8g_10_200_10_1783933341385 leave map 1 unit 1009
[map_1] perf_8g_10_200_15_1783933341385 leave map 1 unit 1013
[map_1] perf_8g_10_200_22_1783933341416 leave map 1 unit 1022
[map_1] perf_8g_10_200_21_1783933341416 leave map 1 unit 1021
[map_1] perf_8g_10_200_17_1783933341412 leave map 1 unit 1016
[map_1] perf_8g_10_200_18_1783933341414 leave map 1 unit 1018
[map_1] perf_8g_10_200_20_1783933341416 leave map 1 unit 1020
[map_1] perf_8g_10_200_19_1783933341414 leave map 1 unit 1019
[map_1] perf_8g_10_200_199_1783933341725 leave map 1 unit 1199
[map_1] perf_8g_10_200_198_1783933341724 leave map 1 unit 1197
[map_1] perf_8g_10_200_196_1783933341715 leave map 1 unit 1196
[map_1] perf_8g_10_200_197_1783933341723 leave map 1 unit 1198
[map_1] perf_8g_10_200_195_1783933341714 leave map 1 unit 1195
[map_1] perf_8g_10_200_194_1783933341713 leave map 1 unit 1194
[map_1] perf_8g_10_200_193_1783933341712 leave map 1 unit 1193
[map_1] perf_8g_10_200_192_1783933341706 leave map 1 unit 1191
[map_1] perf_8g_10_200_191_1783933341706 leave map 1 unit 1192
[map_1] perf_8g_10_200_189_1783933341704 leave map 1 unit 1190
[map_1] perf_8g_10_200_190_1783933341705 leave map 1 unit 1189
[map_1] perf_8g_10_200_188_1783933341698 leave map 1 unit 1186
[map_1] perf_8g_10_200_187_1783933341697 leave map 1 unit 1188
[map_1] perf_8g_10_200_186_1783933341696 leave map 1 unit 1185
[map_1] perf_8g_10_200_185_1783933341695 leave map 1 unit 1187
[map_1] perf_8g_10_200_184_1783933341689 leave map 1 unit 1181
[map_1] perf_8g_10_200_36_1783933341433 leave map 1 unit 1035
[map_1] perf_8g_10_200_183_1783933341689 leave map 1 unit 1182
[map_1] perf_8g_10_200_182_1783933341688 leave map 1 unit 1183
[map_1] perf_8g_10_200_181_1783933341687 leave map 1 unit 1184
[map_1] perf_8g_10_200_180_1783933341680 leave map 1 unit 1180
[map_1] perf_8g_10_200_179_1783933341679 leave map 1 unit 1178
[map_1] perf_8g_10_200_178_1783933341678 leave map 1 unit 1177
[map_1] perf_8g_10_200_177_1783933341678 leave map 1 unit 1179
[map_1] perf_8g_10_200_37_1783933341436 leave map 1 unit 1037
[map_1] perf_8g_10_200_174_1783933341672 leave map 1 unit 1173
[map_1] perf_8g_10_200_175_1783933341673 leave map 1 unit 1176
[map_1] perf_8g_10_200_176_1783933341674 leave map 1 unit 1175
[map_1] perf_8g_10_200_173_1783933341672 leave map 1 unit 1174
[map_1] perf_8g_10_200_172_1783933341666 leave map 1 unit 1170
[map_1] perf_8g_10_200_38_1783933341436 leave map 1 unit 1038
[map_1] perf_8g_10_200_171_1783933341665 leave map 1 unit 1169
[map_1] perf_8g_10_200_170_1783933341664 leave map 1 unit 1172
[map_1] perf_8g_10_200_169_1783933341663 leave map 1 unit 1171
[map_1] perf_8g_10_200_168_1783933341658 leave map 1 unit 1168
[map_1] perf_8g_10_200_40_1783933341437 leave map 1 unit 1040
[map_1] perf_8g_10_200_167_1783933341657 leave map 1 unit 1165
[map_1] perf_8g_10_200_166_1783933341657 leave map 1 unit 1166
[map_1] perf_8g_10_200_164_1783933341650 leave map 1 unit 1162
[map_1] perf_8g_10_200_165_1783933341656 leave map 1 unit 1167
[map_1] perf_8g_10_200_163_1783933341649 leave map 1 unit 1163
[map_1] perf_8g_10_200_162_1783933341649 leave map 1 unit 1161
[map_1] perf_8g_10_200_161_1783933341648 leave map 1 unit 1164
[map_1] perf_8g_10_200_39_1783933341437 leave map 1 unit 1039
[map_1] perf_8g_10_200_160_1783933341644 leave map 1 unit 1159
[map_1] perf_8g_10_200_159_1783933341643 leave map 1 unit 1160
[map_1] perf_8g_10_200_158_1783933341643 leave map 1 unit 1158
[map_1] perf_8g_10_200_41_1783933341438 leave map 1 unit 1041
[map_1] perf_8g_10_200_157_1783933341642 leave map 1 unit 1157
[map_1] perf_8g_10_200_156_1783933341637 leave map 1 unit 1153
[map_1] perf_8g_10_200_155_1783933341636 leave map 1 unit 1156
[map_1] perf_8g_10_200_42_1783933341438 leave map 1 unit 1042
[map_1] perf_8g_10_200_154_1783933341635 leave map 1 unit 1155
[map_1] perf_8g_10_200_153_1783933341634 leave map 1 unit 1154
[map_1] perf_8g_10_200_152_1783933341629 leave map 1 unit 1150
[map_1] perf_8g_10_200_43_1783933341440 leave map 1 unit 1043
[map_1] perf_8g_10_200_151_1783933341629 leave map 1 unit 1149
[map_1] perf_8g_10_200_150_1783933341628 leave map 1 unit 1151
[map_1] perf_8g_10_200_149_1783933341627 leave map 1 unit 1152
[map_1] perf_8g_10_200_44_1783933341440 leave map 1 unit 1044
[map_1] perf_8g_10_200_148_1783933341622 leave map 1 unit 1148
[map_1] perf_8g_10_200_147_1783933341622 leave map 1 unit 1145
[map_1] perf_8g_10_200_146_1783933341621 leave map 1 unit 1147
[map_1] perf_8g_10_200_145_1783933341619 leave map 1 unit 1146
[map_1] perf_8g_10_200_47_1783933341443 leave map 1 unit 1048
[map_1] perf_8g_10_200_144_1783933341613 leave map 1 unit 1144
[map_1] perf_8g_10_200_143_1783933341613 leave map 1 unit 1142
[map_1] perf_8g_10_200_142_1783933341612 leave map 1 unit 1141
[map_1] perf_8g_10_200_45_1783933341441 leave map 1 unit 1045
[map_1] perf_8g_10_200_141_1783933341611 leave map 1 unit 1143
[map_1] perf_8g_10_200_140_1783933341605 leave map 1 unit 1137
[map_1] perf_8g_10_200_46_1783933341441 leave map 1 unit 1046
[map_1] perf_8g_10_200_139_1783933341604 leave map 1 unit 1139
[map_1] perf_8g_10_200_138_1783933341604 leave map 1 unit 1138
[map_1] perf_8g_10_200_48_1783933341443 leave map 1 unit 1050
[map_1] perf_8g_10_200_137_1783933341603 leave map 1 unit 1140
[map_1] perf_8g_10_200_136_1783933341599 leave map 1 unit 1134
[map_1] perf_8g_10_200_49_1783933341443 leave map 1 unit 1049
[map_1] perf_8g_10_200_135_1783933341597 leave map 1 unit 1135
[map_1] perf_8g_10_200_134_1783933341597 leave map 1 unit 1136
[map_1] perf_8g_10_200_51_1783933341444 leave map 1 unit 1051
[map_1] perf_8g_10_200_133_1783933341596 leave map 1 unit 1133
[map_1] perf_8g_10_200_132_1783933341592 leave map 1 unit 1130
[map_1] perf_8g_10_200_130_1783933341591 leave map 1 unit 1131
[map_1] perf_8g_10_200_131_1783933341591 leave map 1 unit 1132
[map_1] perf_8g_10_200_50_1783933341444 leave map 1 unit 1047
[map_1] perf_8g_10_200_129_1783933341589 leave map 1 unit 1129
[map_1] perf_8g_10_200_128_1783933341584 leave map 1 unit 1128
[map_1] perf_8g_10_200_52_1783933341444 leave map 1 unit 1052
[map_1] perf_8g_10_200_127_1783933341583 leave map 1 unit 1126
[map_1] perf_8g_10_200_54_1783933341453 leave map 1 unit 1053
[map_1] perf_8g_10_200_126_1783933341583 leave map 1 unit 1125
[map_1] perf_8g_10_200_125_1783933341580 leave map 1 unit 1127
[map_1] perf_8g_10_200_53_1783933341453 leave map 1 unit 1054
[map_1] perf_8g_10_200_124_1783933341580 leave map 1 unit 1121
[map_1] perf_8g_10_200_123_1783933341577 leave map 1 unit 1123
[map_1] perf_8g_10_200_55_1783933341454 leave map 1 unit 1055
[map_1] perf_8g_10_200_122_1783933341576 leave map 1 unit 1124
[map_1] perf_8g_10_200_56_1783933341455 leave map 1 unit 1056
[map_1] perf_8g_10_200_121_1783933341574 leave map 1 unit 1122
[map_1] perf_8g_10_200_120_1783933341567 leave map 1 unit 1119
[map_1] perf_8g_10_200_58_1783933341456 leave map 1 unit 1058
[map_1] perf_8g_10_200_119_1783933341567 leave map 1 unit 1118
[map_1] perf_8g_10_200_118_1783933341566 leave map 1 unit 1120
[map_1] perf_8g_10_200_57_1783933341455 leave map 1 unit 1057
[map_1] perf_8g_10_200_117_1783933341561 leave map 1 unit 1117
[map_1] perf_8g_10_200_59_1783933341458 leave map 1 unit 1059
[map_1] perf_8g_10_200_116_1783933341558 leave map 1 unit 1116
[map_1] perf_8g_10_200_115_1783933341556 leave map 1 unit 1115
[map_1] perf_8g_10_200_113_1783933341555 leave map 1 unit 1113
[map_1] perf_8g_10_200_61_1783933341459 leave map 1 unit 1061
[map_1] perf_8g_10_200_114_1783933341555 leave map 1 unit 1114
[map_1] perf_8g_10_200_112_1783933341553 leave map 1 unit 1112
[map_1] perf_8g_10_200_60_1783933341458 leave map 1 unit 1060
[map_1] perf_8g_10_200_111_1783933341552 leave map 1 unit 1111
[map_1] perf_8g_10_200_63_1783933341463 leave map 1 unit 1063
[map_1] perf_8g_10_200_110_1783933341548 leave map 1 unit 1110
[map_1] perf_8g_10_200_109_1783933341547 leave map 1 unit 1109
[map_1] perf_8g_10_200_62_1783933341460 leave map 1 unit 1062
[map_1] perf_8g_10_200_108_1783933341546 leave map 1 unit 1108
[map_1] perf_8g_10_200_64_1783933341463 leave map 1 unit 1064
[map_1] perf_8g_10_200_107_1783933341543 leave map 1 unit 1107
[map_1] perf_8g_10_200_65_1783933341464 leave map 1 unit 1066
[map_1] perf_8g_10_200_106_1783933341542 leave map 1 unit 1106
[map_1] perf_8g_10_200_105_1783933341539 leave map 1 unit 1105
[map_1] perf_8g_10_200_66_1783933341464 leave map 1 unit 1065
[map_1] perf_8g_10_200_104_1783933341536 leave map 1 unit 1104
[map_1] perf_8g_10_200_67_1783933341465 leave map 1 unit 1067
[map_1] perf_8g_10_200_103_1783933341534 leave map 1 unit 1103
[map_1] perf_8g_10_200_69_1783933341473 leave map 1 unit 1069
[map_1] perf_8g_10_200_102_1783933341533 leave map 1 unit 1102
[map_1] perf_8g_10_200_101_1783933341528 leave map 1 unit 1101
[map_1] perf_8g_10_200_68_1783933341466 leave map 1 unit 1068
[map_1] perf_8g_10_200_99_1783933341524 leave map 1 unit 1099
[map_1] perf_8g_10_200_70_1783933341474 leave map 1 unit 1070
[map_1] perf_8g_10_200_98_1783933341523 leave map 1 unit 1098
[map_1] perf_8g_10_200_71_1783933341475 leave map 1 unit 1071
[map_1] perf_8g_10_200_100_1783933341524 leave map 1 unit 1100
[map_1] perf_8g_10_200_97_1783933341522 leave map 1 unit 1097
[map_1] perf_8g_10_200_73_1783933341479 leave map 1 unit 1073
[map_1] perf_8g_10_200_93_1783933341512 leave map 1 unit 1093
[map_1] perf_8g_10_200_72_1783933341476 leave map 1 unit 1072
[map_1] perf_8g_10_200_94_1783933341513 leave map 1 unit 1094
[map_1] perf_8g_10_200_75_1783933341480 leave map 1 unit 1074
[map_1] perf_8g_10_200_95_1783933341514 leave map 1 unit 1095
[map_1] perf_8g_10_200_74_1783933341480 leave map 1 unit 1075
[map_1] perf_8g_10_200_76_1783933341481 leave map 1 unit 1076
[map_1] perf_8g_10_200_96_1783933341516 leave map 1 unit 1096
[map_1] perf_8g_10_200_77_1783933341482 leave map 1 unit 1077
[map_1] perf_8g_10_200_90_1783933341508 leave map 1 unit 1090
[map_1] perf_8g_10_200_91_1783933341509 leave map 1 unit 1091
[map_1] perf_8g_10_200_78_1783933341483 leave map 1 unit 1078
[map_1] perf_8g_10_200_92_1783933341512 leave map 1 unit 1092
[map_1] perf_8g_10_200_79_1783933341489 leave map 1 unit 1079
[map_1] perf_8g_10_200_89_1783933341507 leave map 1 unit 1089
[map_1] perf_8g_10_200_80_1783933341490 leave map 1 unit 1080
[map_1] perf_8g_10_200_88_1783933341504 leave map 1 unit 1088
[map_1] perf_8g_10_200_81_1783933341493 leave map 1 unit 1081
[map_1] perf_8g_10_200_87_1783933341503 leave map 1 unit 1087
[map_1] perf_8g_10_200_82_1783933341493 leave map 1 unit 1082
[map_1] perf_8g_10_200_86_1783933341502 leave map 1 unit 1086
[map_1] perf_8g_10_200_83_1783933341493 leave map 1 unit 1083
[map_1] perf_8g_10_200_85_1783933341499 leave map 1 unit 1085
[map_1] perf_8g_10_200_84_1783933341494 leave map 1 unit 1084
