starting process log with one V8 and 1 scene(s) from E:\VsCode\skynet\ets_runtime\perf\results\runtime_configs\map_capacity_20260713_083029\185p_8g_r1\log.json
scene log (Log) listening on 127.0.0.1:7100
[process:log] one V8 started with 1 scene(s)
[log] Log scene started at 127.0.0.1:7100
log accepted 127.0.0.1:56448 as conn 1
log accepted 127.0.0.1:56491 as conn 2
[log] [login_1] perf_8g_10_185_0_1783931429867 login count 1
[log] [login_1] perf_8g_10_185_1_1783931429868 login count 1
[log] [login_1] perf_8g_10_185_4_1783931429868 login count 1
[log] [login_1] perf_8g_10_185_2_1783931429868 login count 1
[log] [login_1] perf_8g_10_185_3_1783931429868 login count 1
[log] [login_1] perf_8g_10_185_7_1783931429869 login count 1
[log] [login_1] perf_8g_10_185_9_1783931429869 login count 1
[log] [login_1] perf_8g_10_185_8_1783931429869 login count 1
[log] [login_1] perf_8g_10_185_5_1783931429868 login count 1
[log] [login_1] perf_8g_10_185_10_1783931429869 login count 1
[log] [login_1] perf_8g_10_185_6_1783931429869 login count 1
[log] [login_1] perf_8g_10_185_12_1783931429869 login count 1
[log] [login_1] perf_8g_10_185_11_1783931429869 login count 1
[log] [login_1] perf_8g_10_185_13_1783931429869 login count 1
[log] [login_1] perf_8g_10_185_14_1783931429869 login count 1
[log] [login_1] perf_8g_10_185_15_1783931429869 login count 1
log accepted 127.0.0.1:56517 as conn 3
[log] [gate_1] perf_8g_10_185_0_1783931429867 enter map_1 as unit 1000
log accepted 127.0.0.1:56526 as conn 4
log accepted 127.0.0.1:56528 as conn 5
log accepted 127.0.0.1:56527 as conn 6
log accepted 127.0.0.1:56529 as conn 7
log accepted 127.0.0.1:56531 as conn 8
log accepted 127.0.0.1:56530 as conn 9
log accepted 127.0.0.1:56533 as conn 10
[log] [gate_8] perf_8g_10_185_8_1783931429869 enter map_1 as unit 1006
[log] [gate_7] perf_8g_10_185_9_1783931429869 enter map_1 as unit 1002
[log] [gate_3] perf_8g_10_185_6_1783931429869 enter map_1 as unit 1001
[log] [gate_2] perf_8g_10_185_1_1783931429868 enter map_1 as unit 1003
[log] [gate_5] perf_8g_10_185_3_1783931429868 enter map_1 as unit 1005
[log] [gate_6] perf_8g_10_185_7_1783931429869 enter map_1 as unit 1007
[log] [gate_4] perf_8g_10_185_2_1783931429868 enter map_1 as unit 1004
[log] [login_1] perf_8g_10_185_16_1783931429893 login count 1
[log] [gate_1] perf_8g_10_185_5_1783931429868 enter map_1 as unit 1008
[log] [gate_8] perf_8g_10_185_15_1783931429869 enter map_1 as unit 1009
[log] [login_1] perf_8g_10_185_17_1783931429896 login count 1
[log] [gate_7] perf_8g_10_185_14_1783931429869 enter map_1 as unit 1014
[log] [gate_4] perf_8g_10_185_12_1783931429869 enter map_1 as unit 1012
[log] [gate_2] perf_8g_10_185_10_1783931429869 enter map_1 as unit 1013
[log] [gate_3] perf_8g_10_185_4_1783931429868 enter map_1 as unit 1011
[log] [gate_6] perf_8g_10_185_13_1783931429869 enter map_1 as unit 1010
[log] [gate_5] perf_8g_10_185_11_1783931429869 enter map_1 as unit 1015
[log] [gate_1] perf_8g_10_185_16_1783931429893 enter map_1 as unit 1016
[log] [login_1] perf_8g_10_185_18_1783931429897 login count 1
[log] [login_1] perf_8g_10_185_19_1783931429897 login count 1
[log] [gate_2] perf_8g_10_185_17_1783931429896 enter map_1 as unit 1017
[log] [login_1] perf_8g_10_185_20_1783931429899 login count 1
[log] [gate_3] perf_8g_10_185_18_1783931429897 enter map_1 as unit 1018
[log] [login_1] perf_8g_10_185_21_1783931429899 login count 1
[log] [login_1] perf_8g_10_185_22_1783931429899 login count 1
[log] [login_1] perf_8g_10_185_23_1783931429900 login count 1
[log] [login_1] perf_8g_10_185_24_1783931429900 login count 1
[log] [login_1] perf_8g_10_185_25_1783931429900 login count 1
[log] [login_1] perf_8g_10_185_26_1783931429900 login count 1
[log] [login_1] perf_8g_10_185_27_1783931429901 login count 1
[log] [login_1] perf_8g_10_185_28_1783931429901 login count 1
[log] [login_1] perf_8g_10_185_29_1783931429902 login count 1
[log] [login_1] perf_8g_10_185_30_1783931429902 login count 1
[log] [gate_4] perf_8g_10_185_19_1783931429897 enter map_1 as unit 1019
[log] [login_1] perf_8g_10_185_31_1783931429902 login count 1
[log] [login_1] perf_8g_10_185_32_1783931429902 login count 1
[log] [login_1] perf_8g_10_185_33_1783931429904 login count 1
[log] [gate_5] perf_8g_10_185_20_1783931429899 enter map_1 as unit 1020
[log] [login_1] perf_8g_10_185_34_1783931429909 login count 1
[log] [gate_6] perf_8g_10_185_21_1783931429899 enter map_1 as unit 1021
[log] [gate_2] perf_8g_10_185_25_1783931429900 enter map_1 as unit 1022
[log] [gate_7] perf_8g_10_185_22_1783931429899 enter map_1 as unit 1023
[log] [login_1] perf_8g_10_185_35_1783931429912 login count 1
[log] [gate_3] perf_8g_10_185_26_1783931429900 enter map_1 as unit 1025
[log] [gate_1] perf_8g_10_185_24_1783931429900 enter map_1 as unit 1024
[log] [gate_4] perf_8g_10_185_27_1783931429901 enter map_1 as unit 1027
[log] [gate_6] perf_8g_10_185_29_1783931429902 enter map_1 as unit 1028
[log] [gate_8] perf_8g_10_185_23_1783931429900 enter map_1 as unit 1026
[log] [login_1] perf_8g_10_185_36_1783931429916 login count 1
[log] [gate_2] perf_8g_10_185_33_1783931429904 enter map_1 as unit 1031
[log] [gate_5] perf_8g_10_185_28_1783931429901 enter map_1 as unit 1029
[log] [gate_7] perf_8g_10_185_30_1783931429902 enter map_1 as unit 1030
[log] [gate_1] perf_8g_10_185_32_1783931429902 enter map_1 as unit 1032
[log] [gate_8] perf_8g_10_185_31_1783931429902 enter map_1 as unit 1033
[log] [gate_4] perf_8g_10_185_35_1783931429912 enter map_1 as unit 1035
[log] [gate_3] perf_8g_10_185_34_1783931429909 enter map_1 as unit 1034
[log] [gate_5] perf_8g_10_185_36_1783931429916 enter map_1 as unit 1036
[log] [login_1] perf_8g_10_185_37_1783931429920 login count 1
[log] [login_1] perf_8g_10_185_38_1783931429920 login count 1
[log] [login_1] perf_8g_10_185_39_1783931429920 login count 1
[log] [login_1] perf_8g_10_185_40_1783931429921 login count 1
[log] [login_1] perf_8g_10_185_41_1783931429922 login count 1
[log] [login_1] perf_8g_10_185_42_1783931429922 login count 1
[log] [login_1] perf_8g_10_185_43_1783931429922 login count 1
[log] [login_1] perf_8g_10_185_44_1783931429923 login count 1
[log] [login_1] perf_8g_10_185_45_1783931429923 login count 1
[log] [login_1] perf_8g_10_185_46_1783931429925 login count 1
[log] [login_1] perf_8g_10_185_47_1783931429925 login count 1
[log] [login_1] perf_8g_10_185_48_1783931429925 login count 1
[log] [login_1] perf_8g_10_185_49_1783931429926 login count 1
[log] [login_1] perf_8g_10_185_50_1783931429926 login count 1
[log] [login_1] perf_8g_10_185_51_1783931429926 login count 1
[log] [login_1] perf_8g_10_185_52_1783931429927 login count 1
[log] [gate_6] perf_8g_10_185_37_1783931429920 enter map_1 as unit 1037
[log] [gate_7] perf_8g_10_185_38_1783931429920 enter map_1 as unit 1039
[log] [gate_8] perf_8g_10_185_39_1783931429920 enter map_1 as unit 1038
[log] [gate_1] perf_8g_10_185_40_1783931429921 enter map_1 as unit 1040
[log] [gate_4] perf_8g_10_185_43_1783931429922 enter map_1 as unit 1043
[log] [gate_2] perf_8g_10_185_41_1783931429922 enter map_1 as unit 1042
[log] [gate_3] perf_8g_10_185_42_1783931429922 enter map_1 as unit 1041
[log] [gate_6] perf_8g_10_185_45_1783931429923 enter map_1 as unit 1045
[log] [gate_5] perf_8g_10_185_44_1783931429923 enter map_1 as unit 1044
[log] [gate_7] perf_8g_10_185_46_1783931429925 enter map_1 as unit 1046
[log] [gate_1] perf_8g_10_185_48_1783931429925 enter map_1 as unit 1048
[log] [gate_8] perf_8g_10_185_47_1783931429925 enter map_1 as unit 1047
[log] [gate_4] perf_8g_10_185_51_1783931429926 enter map_1 as unit 1049
[log] [login_1] perf_8g_10_185_53_1783931429937 login count 1
[log] [gate_2] perf_8g_10_185_49_1783931429926 enter map_1 as unit 1051
[log] [gate_3] perf_8g_10_185_50_1783931429926 enter map_1 as unit 1050
[log] [login_1] perf_8g_10_185_55_1783931429938 login count 1
[log] [gate_5] perf_8g_10_185_52_1783931429927 enter map_1 as unit 1052
[log] [login_1] perf_8g_10_185_54_1783931429937 login count 1
[log] [login_1] perf_8g_10_185_56_1783931429938 login count 1
[log] [login_1] perf_8g_10_185_57_1783931429940 login count 1
[log] [login_1] perf_8g_10_185_58_1783931429940 login count 1
[log] [login_1] perf_8g_10_185_59_1783931429941 login count 1
[log] [login_1] perf_8g_10_185_60_1783931429942 login count 1
[log] [login_1] perf_8g_10_185_61_1783931429943 login count 1
[log] [login_1] perf_8g_10_185_62_1783931429944 login count 1
[log] [login_1] perf_8g_10_185_63_1783931429944 login count 1
[log] [login_1] perf_8g_10_185_64_1783931429945 login count 1
[log] [gate_6] perf_8g_10_185_53_1783931429937 enter map_1 as unit 1053
[log] [login_1] perf_8g_10_185_65_1783931429946 login count 1
[log] [gate_7] perf_8g_10_185_55_1783931429938 enter map_1 as unit 1054
[log] [gate_8] perf_8g_10_185_54_1783931429937 enter map_1 as unit 1055
[log] [login_1] perf_8g_10_185_66_1783931429948 login count 1
[log] [login_1] perf_8g_10_185_67_1783931429948 login count 1
[log] [login_1] perf_8g_10_185_68_1783931429949 login count 1
[log] [gate_1] perf_8g_10_185_56_1783931429938 enter map_1 as unit 1056
[log] [gate_2] perf_8g_10_185_57_1783931429940 enter map_1 as unit 1057
[log] [gate_3] perf_8g_10_185_58_1783931429940 enter map_1 as unit 1058
[log] [gate_4] perf_8g_10_185_59_1783931429941 enter map_1 as unit 1059
[log] [gate_5] perf_8g_10_185_60_1783931429942 enter map_1 as unit 1060
[log] [gate_6] perf_8g_10_185_61_1783931429943 enter map_1 as unit 1061
[log] [gate_1] perf_8g_10_185_64_1783931429945 enter map_1 as unit 1063
[log] [gate_8] perf_8g_10_185_63_1783931429944 enter map_1 as unit 1064
[log] [gate_7] perf_8g_10_185_62_1783931429944 enter map_1 as unit 1062
[log] [gate_2] perf_8g_10_185_65_1783931429946 enter map_1 as unit 1065
[log] [gate_3] perf_8g_10_185_66_1783931429948 enter map_1 as unit 1066
[log] [login_1] perf_8g_10_185_69_1783931429956 login count 1
[log] [gate_4] perf_8g_10_185_67_1783931429948 enter map_1 as unit 1067
[log] [gate_5] perf_8g_10_185_68_1783931429949 enter map_1 as unit 1068
[log] [login_1] perf_8g_10_185_70_1783931429957 login count 1
[log] [login_1] perf_8g_10_185_71_1783931429958 login count 1
[log] [login_1] perf_8g_10_185_72_1783931429960 login count 1
[log] [login_1] perf_8g_10_185_73_1783931429961 login count 1
[log] [login_1] perf_8g_10_185_74_1783931429963 login count 1
[log] [login_1] perf_8g_10_185_75_1783931429964 login count 1
[log] [login_1] perf_8g_10_185_76_1783931429964 login count 1
[log] [login_1] perf_8g_10_185_77_1783931429966 login count 1
[log] [login_1] perf_8g_10_185_78_1783931429968 login count 1
[log] [login_1] perf_8g_10_185_79_1783931429969 login count 1
[log] [login_1] perf_8g_10_185_80_1783931429969 login count 1
[log] [login_1] perf_8g_10_185_81_1783931429970 login count 1
[log] [gate_6] perf_8g_10_185_69_1783931429956 enter map_1 as unit 1069
[log] [login_1] perf_8g_10_185_82_1783931429971 login count 1
[log] [login_1] perf_8g_10_185_83_1783931429971 login count 1
[log] [gate_7] perf_8g_10_185_70_1783931429957 enter map_1 as unit 1070
[log] [gate_8] perf_8g_10_185_71_1783931429958 enter map_1 as unit 1071
[log] [gate_1] perf_8g_10_185_72_1783931429960 enter map_1 as unit 1072
[log] [login_1] perf_8g_10_185_84_1783931429972 login count 1
[log] [gate_2] perf_8g_10_185_73_1783931429961 enter map_1 as unit 1073
[log] [gate_3] perf_8g_10_185_74_1783931429963 enter map_1 as unit 1074
[log] [gate_4] perf_8g_10_185_75_1783931429964 enter map_1 as unit 1075
[log] [gate_5] perf_8g_10_185_76_1783931429964 enter map_1 as unit 1076
[log] [gate_6] perf_8g_10_185_77_1783931429966 enter map_1 as unit 1077
[log] [gate_7] perf_8g_10_185_78_1783931429968 enter map_1 as unit 1078
[log] [gate_8] perf_8g_10_185_79_1783931429969 enter map_1 as unit 1079
[log] [gate_1] perf_8g_10_185_80_1783931429969 enter map_1 as unit 1080
[log] [gate_2] perf_8g_10_185_81_1783931429970 enter map_1 as unit 1081
[log] [login_1] perf_8g_10_185_85_1783931429983 login count 1
[log] [gate_4] perf_8g_10_185_83_1783931429971 enter map_1 as unit 1083
[log] [gate_3] perf_8g_10_185_82_1783931429971 enter map_1 as unit 1082
[log] [login_1] perf_8g_10_185_86_1783931429984 login count 1
[log] [login_1] perf_8g_10_185_87_1783931429985 login count 1
[log] [login_1] perf_8g_10_185_88_1783931429986 login count 1
[log] [gate_5] perf_8g_10_185_84_1783931429972 enter map_1 as unit 1084
[log] [login_1] perf_8g_10_185_89_1783931429987 login count 1
[log] [login_1] perf_8g_10_185_90_1783931429988 login count 1
[log] [login_1] perf_8g_10_185_91_1783931429989 login count 1
[log] [login_1] perf_8g_10_185_92_1783931429990 login count 1
[log] [login_1] perf_8g_10_185_93_1783931429993 login count 1
[log] [login_1] perf_8g_10_185_94_1783931429995 login count 1
[log] [login_1] perf_8g_10_185_95_1783931429996 login count 1
[log] [gate_6] perf_8g_10_185_85_1783931429983 enter map_1 as unit 1085
[log] [login_1] perf_8g_10_185_96_1783931429998 login count 1
[log] [login_1] perf_8g_10_185_97_1783931429998 login count 1
[log] [gate_7] perf_8g_10_185_86_1783931429984 enter map_1 as unit 1086
[log] [login_1] perf_8g_10_185_98_1783931429999 login count 1
[log] [login_1] perf_8g_10_185_99_1783931429999 login count 1
[log] [login_1] perf_8g_10_185_100_1783931430001 login count 1
[log] [gate_1] perf_8g_10_185_88_1783931429986 enter map_1 as unit 1088
[log] [gate_2] perf_8g_10_185_89_1783931429987 enter map_1 as unit 1089
[log] [gate_8] perf_8g_10_185_87_1783931429985 enter map_1 as unit 1087
[log] [gate_3] perf_8g_10_185_90_1783931429988 enter map_1 as unit 1090
[log] [gate_5] perf_8g_10_185_92_1783931429990 enter map_1 as unit 1092
[log] [gate_4] perf_8g_10_185_91_1783931429989 enter map_1 as unit 1091
[log] [gate_6] perf_8g_10_185_93_1783931429993 enter map_1 as unit 1093
[log] [gate_7] perf_8g_10_185_94_1783931429995 enter map_1 as unit 1094
[log] [login_1] perf_8g_10_185_101_1783931430008 login count 1
[log] [login_1] perf_8g_10_185_102_1783931430010 login count 1
[log] [gate_2] perf_8g_10_185_97_1783931429998 enter map_1 as unit 1097
[log] [gate_8] perf_8g_10_185_95_1783931429996 enter map_1 as unit 1095
[log] [gate_1] perf_8g_10_185_96_1783931429998 enter map_1 as unit 1096
[log] [login_1] perf_8g_10_185_103_1783931430012 login count 1
[log] [login_1] perf_8g_10_185_104_1783931430013 login count 1
[log] [login_1] perf_8g_10_185_105_1783931430013 login count 1
[log] [login_1] perf_8g_10_185_106_1783931430016 login count 1
[log] [gate_4] perf_8g_10_185_99_1783931429999 enter map_1 as unit 1098
[log] [gate_3] perf_8g_10_185_98_1783931429999 enter map_1 as unit 1099
[log] [gate_5] perf_8g_10_185_100_1783931430001 enter map_1 as unit 1100
[log] [login_1] perf_8g_10_185_107_1783931430017 login count 1
[log] [login_1] perf_8g_10_185_108_1783931430017 login count 1
[log] [login_1] perf_8g_10_185_109_1783931430020 login count 1
[log] [gate_6] perf_8g_10_185_101_1783931430008 enter map_1 as unit 1101
[log] [login_1] perf_8g_10_185_110_1783931430020 login count 1
[log] [gate_7] perf_8g_10_185_102_1783931430010 enter map_1 as unit 1102
[log] [login_1] perf_8g_10_185_111_1783931430024 login count 1
[log] [gate_8] perf_8g_10_185_103_1783931430012 enter map_1 as unit 1103
[log] [login_1] perf_8g_10_185_112_1783931430024 login count 1
[log] [login_1] perf_8g_10_185_113_1783931430024 login count 1
[log] [gate_2] perf_8g_10_185_105_1783931430013 enter map_1 as unit 1105
[log] [gate_1] perf_8g_10_185_104_1783931430013 enter map_1 as unit 1104
[log] [gate_3] perf_8g_10_185_106_1783931430016 enter map_1 as unit 1106
[log] [gate_4] perf_8g_10_185_107_1783931430017 enter map_1 as unit 1107
[log] [login_1] perf_8g_10_185_114_1783931430028 login count 1
[log] [login_1] perf_8g_10_185_115_1783931430029 login count 1
[log] [login_1] perf_8g_10_185_116_1783931430029 login count 1
[log] [gate_5] perf_8g_10_185_108_1783931430017 enter map_1 as unit 1108
[log] [gate_6] perf_8g_10_185_109_1783931430020 enter map_1 as unit 1109
[log] [login_1] perf_8g_10_185_117_1783931430032 login count 1
[log] [gate_7] perf_8g_10_185_110_1783931430020 enter map_1 as unit 1110
[log] [login_1] perf_8g_10_185_118_1783931430033 login count 1
[log] [gate_8] perf_8g_10_185_111_1783931430024 enter map_1 as unit 1111
[log] [gate_1] perf_8g_10_185_112_1783931430024 enter map_1 as unit 1112
[log] [gate_2] perf_8g_10_185_113_1783931430024 enter map_1 as unit 1113
[log] [login_1] perf_8g_10_185_119_1783931430038 login count 1
[log] [login_1] perf_8g_10_185_120_1783931430041 login count 1
[log] [login_1] perf_8g_10_185_121_1783931430041 login count 1
[log] [gate_3] perf_8g_10_185_114_1783931430028 enter map_1 as unit 1114
[log] [login_1] perf_8g_10_185_122_1783931430043 login count 1
[log] [login_1] perf_8g_10_185_123_1783931430044 login count 1
[log] [gate_4] perf_8g_10_185_115_1783931430029 enter map_1 as unit 1115
[log] [gate_5] perf_8g_10_185_116_1783931430029 enter map_1 as unit 1116
[log] [login_1] perf_8g_10_185_124_1783931430045 login count 1
[log] [gate_6] perf_8g_10_185_117_1783931430032 enter map_1 as unit 1117
[log] [login_1] perf_8g_10_185_125_1783931430047 login count 1
[log] [login_1] perf_8g_10_185_126_1783931430048 login count 1
[log] [gate_7] perf_8g_10_185_118_1783931430033 enter map_1 as unit 1118
[log] [login_1] perf_8g_10_185_127_1783931430051 login count 1
[log] [login_1] perf_8g_10_185_128_1783931430053 login count 1
[log] [gate_8] perf_8g_10_185_119_1783931430038 enter map_1 as unit 1119
[log] [login_1] perf_8g_10_185_129_1783931430054 login count 1
[log] [gate_1] perf_8g_10_185_120_1783931430041 enter map_1 as unit 1120
[log] [gate_3] perf_8g_10_185_122_1783931430043 enter map_1 as unit 1122
[log] [gate_2] perf_8g_10_185_121_1783931430041 enter map_1 as unit 1121
[log] [login_1] perf_8g_10_185_130_1783931430057 login count 1
[log] [login_1] perf_8g_10_185_131_1783931430060 login count 1
[log] [gate_5] perf_8g_10_185_124_1783931430045 enter map_1 as unit 1124
[log] [gate_4] perf_8g_10_185_123_1783931430044 enter map_1 as unit 1123
[log] [login_1] perf_8g_10_185_132_1783931430060 login count 1
[log] [login_1] perf_8g_10_185_133_1783931430061 login count 1
[log] [login_1] perf_8g_10_185_134_1783931430063 login count 1
[log] [gate_6] perf_8g_10_185_125_1783931430047 enter map_1 as unit 1125
[log] [gate_7] perf_8g_10_185_126_1783931430048 enter map_1 as unit 1126
[log] [gate_8] perf_8g_10_185_127_1783931430051 enter map_1 as unit 1127
[log] [login_1] perf_8g_10_185_135_1783931430067 login count 1
[log] [gate_1] perf_8g_10_185_128_1783931430053 enter map_1 as unit 1128
[log] [gate_2] perf_8g_10_185_129_1783931430054 enter map_1 as unit 1129
[log] [login_1] perf_8g_10_185_136_1783931430069 login count 1
[log] [gate_3] perf_8g_10_185_130_1783931430057 enter map_1 as unit 1130
[log] [login_1] perf_8g_10_185_137_1783931430071 login count 1
[log] [login_1] perf_8g_10_185_138_1783931430072 login count 1
[log] [gate_4] perf_8g_10_185_131_1783931430060 enter map_1 as unit 1131
[log] [login_1] perf_8g_10_185_139_1783931430076 login count 1
[log] [login_1] perf_8g_10_185_140_1783931430076 login count 1
[log] [gate_6] perf_8g_10_185_133_1783931430061 enter map_1 as unit 1133
[log] [gate_5] perf_8g_10_185_132_1783931430060 enter map_1 as unit 1132
[log] [login_1] perf_8g_10_185_141_1783931430079 login count 1
[log] [gate_7] perf_8g_10_185_134_1783931430063 enter map_1 as unit 1134
[log] [login_1] perf_8g_10_185_142_1783931430079 login count 1
[log] [login_1] perf_8g_10_185_143_1783931430081 login count 1
[log] [gate_8] perf_8g_10_185_135_1783931430067 enter map_1 as unit 1135
[log] [login_1] perf_8g_10_185_144_1783931430083 login count 1
[log] [login_1] perf_8g_10_185_145_1783931430085 login count 1
[log] [gate_1] perf_8g_10_185_136_1783931430069 enter map_1 as unit 1136
[log] [gate_2] perf_8g_10_185_137_1783931430071 enter map_1 as unit 1137
[log] [login_1] perf_8g_10_185_146_1783931430088 login count 1
[log] [gate_3] perf_8g_10_185_138_1783931430072 enter map_1 as unit 1138
[log] [login_1] perf_8g_10_185_147_1783931430090 login count 1
[log] [gate_5] perf_8g_10_185_140_1783931430076 enter map_1 as unit 1140
[log] [gate_4] perf_8g_10_185_139_1783931430076 enter map_1 as unit 1139
[log] [login_1] perf_8g_10_185_148_1783931430093 login count 1
[log] [login_1] perf_8g_10_185_149_1783931430094 login count 1
[log] [login_1] perf_8g_10_185_150_1783931430095 login count 1
[log] [gate_6] perf_8g_10_185_141_1783931430079 enter map_1 as unit 1141
[log] [gate_7] perf_8g_10_185_142_1783931430079 enter map_1 as unit 1142
[log] [login_1] perf_8g_10_185_151_1783931430097 login count 1
[log] [gate_8] perf_8g_10_185_143_1783931430081 enter map_1 as unit 1143
[log] [gate_1] perf_8g_10_185_144_1783931430083 enter map_1 as unit 1144
[log] [gate_2] perf_8g_10_185_145_1783931430085 enter map_1 as unit 1145
[log] [login_1] perf_8g_10_185_152_1783931430101 login count 1
[log] [gate_3] perf_8g_10_185_146_1783931430088 enter map_1 as unit 1146
[log] [login_1] perf_8g_10_185_153_1783931430103 login count 1
[log] [gate_4] perf_8g_10_185_147_1783931430090 enter map_1 as unit 1147
[log] [login_1] perf_8g_10_185_154_1783931430105 login count 1
[log] [gate_5] perf_8g_10_185_148_1783931430093 enter map_1 as unit 1148
[log] [login_1] perf_8g_10_185_155_1783931430107 login count 1
[log] [login_1] perf_8g_10_185_156_1783931430107 login count 1
[log] [login_1] perf_8g_10_185_157_1783931430111 login count 1
[log] [gate_6] perf_8g_10_185_149_1783931430094 enter map_1 as unit 1149
[log] [gate_7] perf_8g_10_185_150_1783931430095 enter map_1 as unit 1150
[log] [login_1] perf_8g_10_185_158_1783931430112 login count 1
[log] [gate_8] perf_8g_10_185_151_1783931430097 enter map_1 as unit 1151
[log] [gate_1] perf_8g_10_185_152_1783931430101 enter map_1 as unit 1152
[log] [login_1] perf_8g_10_185_159_1783931430116 login count 1
[log] [login_1] perf_8g_10_185_160_1783931430116 login count 1
[log] [login_1] perf_8g_10_185_161_1783931430118 login count 1
[log] [gate_2] perf_8g_10_185_153_1783931430103 enter map_1 as unit 1153
[log] [login_1] perf_8g_10_185_162_1783931430120 login count 1
[log] [gate_3] perf_8g_10_185_154_1783931430105 enter map_1 as unit 1154
[log] [login_1] perf_8g_10_185_163_1783931430121 login count 1
[log] [login_1] perf_8g_10_185_164_1783931430124 login count 1
[log] [gate_5] perf_8g_10_185_156_1783931430107 enter map_1 as unit 1156
[log] [gate_4] perf_8g_10_185_155_1783931430107 enter map_1 as unit 1155
[log] [gate_6] perf_8g_10_185_157_1783931430111 enter map_1 as unit 1157
[log] [login_1] perf_8g_10_185_165_1783931430127 login count 1
[log] [gate_7] perf_8g_10_185_158_1783931430112 enter map_1 as unit 1158
[log] [login_1] perf_8g_10_185_166_1783931430128 login count 1
[log] [login_1] perf_8g_10_185_167_1783931430130 login count 1
[log] [gate_8] perf_8g_10_185_159_1783931430116 enter map_1 as unit 1159
[log] [login_1] perf_8g_10_185_168_1783931430132 login count 1
[log] [login_1] perf_8g_10_185_169_1783931430136 login count 1
[log] [gate_3] perf_8g_10_185_162_1783931430120 enter map_1 as unit 1162
[log] [gate_1] perf_8g_10_185_160_1783931430116 enter map_1 as unit 1160
[log] [gate_2] perf_8g_10_185_161_1783931430118 enter map_1 as unit 1161
[log] [login_1] perf_8g_10_185_170_1783931430138 login count 1
[log] [login_1] perf_8g_10_185_171_1783931430143 login count 1
[log] [login_1] perf_8g_10_185_172_1783931430143 login count 1
[log] [gate_5] perf_8g_10_185_164_1783931430124 enter map_1 as unit 1164
[log] [gate_4] perf_8g_10_185_163_1783931430121 enter map_1 as unit 1163
[log] [login_1] perf_8g_10_185_173_1783931430145 login count 1
[log] [login_1] perf_8g_10_185_174_1783931430146 login count 1
[log] [login_1] perf_8g_10_185_175_1783931430150 login count 1
[log] [gate_8] perf_8g_10_185_167_1783931430130 enter map_1 as unit 1167
[log] [gate_6] perf_8g_10_185_165_1783931430127 enter map_1 as unit 1165
[log] [gate_7] perf_8g_10_185_166_1783931430128 enter map_1 as unit 1166
[log] [login_1] perf_8g_10_185_176_1783931430156 login count 1
[log] [login_1] perf_8g_10_185_177_1783931430156 login count 1
[log] [login_1] perf_8g_10_185_178_1783931430157 login count 1
[log] [login_1] perf_8g_10_185_179_1783931430161 login count 1
[log] [login_1] perf_8g_10_185_180_1783931430161 login count 1
[log] [gate_3] perf_8g_10_185_170_1783931430138 enter map_1 as unit 1170
[log] [gate_1] perf_8g_10_185_168_1783931430132 enter map_1 as unit 1168
[log] [gate_2] perf_8g_10_185_169_1783931430136 enter map_1 as unit 1169
[log] [login_1] perf_8g_10_185_181_1783931430166 login count 1
[log] [login_1] perf_8g_10_185_182_1783931430167 login count 1
[log] [login_1] perf_8g_10_185_183_1783931430167 login count 1
[log] [login_1] perf_8g_10_185_184_1783931430172 login count 1
[log] [gate_4] perf_8g_10_185_171_1783931430143 enter map_1 as unit 1171
[log] [gate_7] perf_8g_10_185_174_1783931430146 enter map_1 as unit 1173
[log] [gate_6] perf_8g_10_185_173_1783931430145 enter map_1 as unit 1174
[log] [gate_5] perf_8g_10_185_172_1783931430143 enter map_1 as unit 1172
[log] [gate_1] perf_8g_10_185_176_1783931430156 enter map_1 as unit 1178
[log] [gate_8] perf_8g_10_185_175_1783931430150 enter map_1 as unit 1175
[log] [gate_2] perf_8g_10_185_177_1783931430156 enter map_1 as unit 1177
[log] [gate_3] perf_8g_10_185_178_1783931430157 enter map_1 as unit 1176
[log] [gate_5] perf_8g_10_185_180_1783931430161 enter map_1 as unit 1182
[log] [gate_4] perf_8g_10_185_179_1783931430161 enter map_1 as unit 1181
[log] [gate_6] perf_8g_10_185_181_1783931430166 enter map_1 as unit 1180
[log] [gate_7] perf_8g_10_185_182_1783931430167 enter map_1 as unit 1179
[log] [gate_1] perf_8g_10_185_184_1783931430172 enter map_1 as unit 1183
[log] [gate_8] perf_8g_10_185_183_1783931430167 enter map_1 as unit 1184
[metrics:inner_transport] active=0 opened=0 pending=0 max_pending=0 overloads=0 timeouts=0 disconnected_calls=0 late_responses=0 idle_closes=0
[process-metrics] process=log cpu_percent=1.84 cpu_time_ms=171 rss_bytes=36950016 v8_heap_used_bytes=2637544 v8_heap_total_bytes=6037504 v8_gc_count=3 v8_gc_ms=0.759 timestamp_ms=1783931434672
[metrics:log] scene=log type=Log processed=370 failed=0 ts_queue=0 ts_max_queue=7 rust_queue=0 rust_max_queue=7 backpressure=0 slow_disconnects=0 update_ms=0.00 handler_ms=0.00 max_handler_ms=1.00 total_handler_ms=9.00
[metrics:inner_transport] active=0 opened=0 pending=0 max_pending=0 overloads=0 timeouts=0 disconnected_calls=0 late_responses=0 idle_closes=0
[process-metrics] process=log cpu_percent=0.32 cpu_time_ms=187 rss_bytes=36962304 v8_heap_used_bytes=2774504 v8_heap_total_bytes=6037504 v8_gc_count=3 v8_gc_ms=0.759 timestamp_ms=1783931439688
[metrics:log] scene=log type=Log processed=370 failed=0 ts_queue=0 ts_max_queue=7 rust_queue=0 rust_max_queue=7 backpressure=0 slow_disconnects=0 update_ms=0.00 handler_ms=0.00 max_handler_ms=1.00 total_handler_ms=9.00
[metrics:inner_transport] active=0 opened=0 pending=0 max_pending=0 overloads=0 timeouts=0 disconnected_calls=0 late_responses=0 idle_closes=0
[process-metrics] process=log cpu_percent=0.94 cpu_time_ms=234 rss_bytes=36945920 v8_heap_used_bytes=2927816 v8_heap_total_bytes=6037504 v8_gc_count=3 v8_gc_ms=0.759 timestamp_ms=1783931444693
[metrics:log] scene=log type=Log processed=370 failed=0 ts_queue=0 ts_max_queue=7 rust_queue=0 rust_max_queue=7 backpressure=0 slow_disconnects=0 update_ms=0.00 handler_ms=0.00 max_handler_ms=1.00 total_handler_ms=9.00
[metrics:inner_transport] active=0 opened=0 pending=0 max_pending=0 overloads=0 timeouts=0 disconnected_calls=0 late_responses=0 idle_closes=0
[process-metrics] process=log cpu_percent=0.32 cpu_time_ms=250 rss_bytes=37044224 v8_heap_used_bytes=3055864 v8_heap_total_bytes=6299648 v8_gc_count=3 v8_gc_ms=0.759 timestamp_ms=1783931449674
[metrics:log] scene=log type=Log processed=370 failed=0 ts_queue=0 ts_max_queue=7 rust_queue=0 rust_max_queue=7 backpressure=0 slow_disconnects=0 update_ms=0.00 handler_ms=0.00 max_handler_ms=1.00 total_handler_ms=9.00
[metrics:inner_transport] active=0 opened=0 pending=0 max_pending=0 overloads=0 timeouts=0 disconnected_calls=0 late_responses=0 idle_closes=0
[process-metrics] process=log cpu_percent=0.00 cpu_time_ms=250 rss_bytes=37228544 v8_heap_used_bytes=3185464 v8_heap_total_bytes=6299648 v8_gc_count=3 v8_gc_ms=0.759 timestamp_ms=1783931454757
[metrics:log] scene=log type=Log processed=370 failed=0 ts_queue=0 ts_max_queue=7 rust_queue=0 rust_max_queue=7 backpressure=0 slow_disconnects=0 update_ms=0.00 handler_ms=0.00 max_handler_ms=1.00 total_handler_ms=9.00
[metrics:inner_transport] active=0 opened=0 pending=0 max_pending=0 overloads=0 timeouts=0 disconnected_calls=0 late_responses=0 idle_closes=0
[process-metrics] process=log cpu_percent=1.24 cpu_time_ms=312 rss_bytes=37257216 v8_heap_used_bytes=3313464 v8_heap_total_bytes=6299648 v8_gc_count=3 v8_gc_ms=0.759 timestamp_ms=1783931459752
[metrics:log] scene=log type=Log processed=370 failed=0 ts_queue=0 ts_max_queue=7 rust_queue=0 rust_max_queue=7 backpressure=0 slow_disconnects=0 update_ms=0.00 handler_ms=0.00 max_handler_ms=1.00 total_handler_ms=9.00
[metrics:inner_transport] active=0 opened=0 pending=0 max_pending=0 overloads=0 timeouts=0 disconnected_calls=0 late_responses=0 idle_closes=0
[process-metrics] process=log cpu_percent=0.32 cpu_time_ms=328 rss_bytes=37638144 v8_heap_used_bytes=3445832 v8_heap_total_bytes=6561792 v8_gc_count=3 v8_gc_ms=0.759 timestamp_ms=1783931464753
[metrics:log] scene=log type=Log processed=370 failed=0 ts_queue=0 ts_max_queue=7 rust_queue=0 rust_max_queue=7 backpressure=0 slow_disconnects=0 update_ms=0.00 handler_ms=0.00 max_handler_ms=1.00 total_handler_ms=9.00
[metrics:inner_transport] active=0 opened=0 pending=0 max_pending=0 overloads=0 timeouts=0 disconnected_calls=0 late_responses=0 idle_closes=0
[process-metrics] process=log cpu_percent=0.94 cpu_time_ms=375 rss_bytes=37859328 v8_heap_used_bytes=3572552 v8_heap_total_bytes=6561792 v8_gc_count=3 v8_gc_ms=0.759 timestamp_ms=1783931469758
[metrics:log] scene=log type=Log processed=370 failed=0 ts_queue=0 ts_max_queue=7 rust_queue=0 rust_max_queue=7 backpressure=0 slow_disconnects=0 update_ms=0.00 handler_ms=0.00 max_handler_ms=1.00 total_handler_ms=9.00
