starting process log with one V8 and 1 scene(s) from E:\VsCode\skynet\ets_runtime\perf\results\runtime_configs\map_capacity_20260713_083029\185p_8g_r3\log.json
scene log (Log) listening on 127.0.0.1:7100
[process:log] one V8 started with 1 scene(s)
[log] Log scene started at 127.0.0.1:7100
log accepted 127.0.0.1:59568 as conn 1
log accepted 127.0.0.1:59610 as conn 2
[log] [login_1] perf_8g_10_185_0_1783931514042 login count 1
[log] [login_1] perf_8g_10_185_1_1783931514043 login count 1
[log] [login_1] perf_8g_10_185_2_1783931514043 login count 1
[log] [login_1] perf_8g_10_185_3_1783931514043 login count 1
[log] [login_1] perf_8g_10_185_5_1783931514044 login count 1
[log] [login_1] perf_8g_10_185_4_1783931514043 login count 1
[log] [login_1] perf_8g_10_185_6_1783931514044 login count 1
[log] [login_1] perf_8g_10_185_7_1783931514044 login count 1
[log] [login_1] perf_8g_10_185_8_1783931514044 login count 1
[log] [login_1] perf_8g_10_185_10_1783931514044 login count 1
[log] [login_1] perf_8g_10_185_11_1783931514044 login count 1
[log] [login_1] perf_8g_10_185_12_1783931514044 login count 1
[log] [login_1] perf_8g_10_185_14_1783931514044 login count 1
[log] [login_1] perf_8g_10_185_15_1783931514044 login count 1
[log] [login_1] perf_8g_10_185_9_1783931514044 login count 1
[log] [login_1] perf_8g_10_185_13_1783931514044 login count 1
log accepted 127.0.0.1:59641 as conn 3
[log] [gate_1] perf_8g_10_185_0_1783931514042 enter map_1 as unit 1000
log accepted 127.0.0.1:59657 as conn 4
log accepted 127.0.0.1:59660 as conn 5
log accepted 127.0.0.1:59661 as conn 6
log accepted 127.0.0.1:59662 as conn 7
log accepted 127.0.0.1:59658 as conn 8
log accepted 127.0.0.1:59663 as conn 9
log accepted 127.0.0.1:59664 as conn 10
[log] [gate_3] perf_8g_10_185_2_1783931514043 enter map_1 as unit 1001
[log] [gate_7] perf_8g_10_185_9_1783931514044 enter map_1 as unit 1005
[log] [gate_5] perf_8g_10_185_5_1783931514044 enter map_1 as unit 1007
[log] [gate_4] perf_8g_10_185_3_1783931514043 enter map_1 as unit 1006
[log] [gate_2] perf_8g_10_185_1_1783931514043 enter map_1 as unit 1004
[log] [gate_6] perf_8g_10_185_4_1783931514043 enter map_1 as unit 1003
[log] [gate_8] perf_8g_10_185_7_1783931514044 enter map_1 as unit 1002
[log] [login_1] perf_8g_10_185_16_1783931514068 login count 1
[log] [gate_1] perf_8g_10_185_8_1783931514044 enter map_1 as unit 1008
[log] [gate_3] perf_8g_10_185_11_1783931514044 enter map_1 as unit 1009
[log] [gate_7] perf_8g_10_185_6_1783931514044 enter map_1 as unit 1014
[log] [gate_2] perf_8g_10_185_10_1783931514044 enter map_1 as unit 1010
[log] [gate_4] perf_8g_10_185_12_1783931514044 enter map_1 as unit 1011
[log] [gate_5] perf_8g_10_185_14_1783931514044 enter map_1 as unit 1012
[log] [gate_8] perf_8g_10_185_13_1783931514044 enter map_1 as unit 1013
[log] [login_1] perf_8g_10_185_17_1783931514070 login count 1
[log] [gate_6] perf_8g_10_185_15_1783931514044 enter map_1 as unit 1015
[log] [gate_1] perf_8g_10_185_16_1783931514068 enter map_1 as unit 1016
[log] [login_1] perf_8g_10_185_18_1783931514071 login count 1
[log] [login_1] perf_8g_10_185_19_1783931514072 login count 1
[log] [gate_2] perf_8g_10_185_17_1783931514070 enter map_1 as unit 1017
[log] [login_1] perf_8g_10_185_20_1783931514074 login count 1
[log] [login_1] perf_8g_10_185_21_1783931514074 login count 1
[log] [login_1] perf_8g_10_185_22_1783931514074 login count 1
[log] [login_1] perf_8g_10_185_24_1783931514075 login count 1
[log] [login_1] perf_8g_10_185_23_1783931514074 login count 1
[log] [gate_3] perf_8g_10_185_18_1783931514071 enter map_1 as unit 1018
[log] [login_1] perf_8g_10_185_25_1783931514075 login count 1
[log] [login_1] perf_8g_10_185_27_1783931514075 login count 1
[log] [login_1] perf_8g_10_185_26_1783931514075 login count 1
[log] [login_1] perf_8g_10_185_30_1783931514076 login count 1
[log] [login_1] perf_8g_10_185_28_1783931514076 login count 1
[log] [login_1] perf_8g_10_185_31_1783931514076 login count 1
[log] [login_1] perf_8g_10_185_29_1783931514076 login count 1
[log] [login_1] perf_8g_10_185_32_1783931514077 login count 1
[log] [gate_4] perf_8g_10_185_19_1783931514072 enter map_1 as unit 1019
[log] [login_1] perf_8g_10_185_33_1783931514082 login count 1
[log] [gate_5] perf_8g_10_185_20_1783931514074 enter map_1 as unit 1020
[log] [login_1] perf_8g_10_185_34_1783931514085 login count 1
[log] [login_1] perf_8g_10_185_35_1783931514088 login count 1
[log] [gate_7] perf_8g_10_185_22_1783931514074 enter map_1 as unit 1022
[log] [gate_6] perf_8g_10_185_21_1783931514074 enter map_1 as unit 1021
[log] [gate_1] perf_8g_10_185_23_1783931514074 enter map_1 as unit 1023
[log] [gate_8] perf_8g_10_185_24_1783931514075 enter map_1 as unit 1024
[log] [gate_2] perf_8g_10_185_25_1783931514075 enter map_1 as unit 1027
[log] [gate_3] perf_8g_10_185_27_1783931514075 enter map_1 as unit 1025
[log] [gate_4] perf_8g_10_185_26_1783931514075 enter map_1 as unit 1026
[log] [login_1] perf_8g_10_185_36_1783931514091 login count 1
[log] [login_1] perf_8g_10_185_37_1783931514092 login count 1
[log] [gate_8] perf_8g_10_185_29_1783931514076 enter map_1 as unit 1031
[log] [gate_7] perf_8g_10_185_31_1783931514076 enter map_1 as unit 1030
[log] [gate_1] perf_8g_10_185_32_1783931514077 enter map_1 as unit 1029
[log] [gate_5] perf_8g_10_185_30_1783931514076 enter map_1 as unit 1028
[log] [gate_2] perf_8g_10_185_33_1783931514082 enter map_1 as unit 1033
[log] [gate_6] perf_8g_10_185_28_1783931514076 enter map_1 as unit 1032
[log] [gate_4] perf_8g_10_185_35_1783931514088 enter map_1 as unit 1035
[log] [gate_3] perf_8g_10_185_34_1783931514085 enter map_1 as unit 1034
[log] [gate_5] perf_8g_10_185_36_1783931514091 enter map_1 as unit 1036
[log] [login_1] perf_8g_10_185_38_1783931514094 login count 1
[log] [login_1] perf_8g_10_185_39_1783931514095 login count 1
[log] [login_1] perf_8g_10_185_40_1783931514096 login count 1
[log] [gate_6] perf_8g_10_185_37_1783931514092 enter map_1 as unit 1037
[log] [login_1] perf_8g_10_185_41_1783931514097 login count 1
[log] [login_1] perf_8g_10_185_42_1783931514098 login count 1
[log] [login_1] perf_8g_10_185_43_1783931514098 login count 1
[log] [login_1] perf_8g_10_185_44_1783931514098 login count 1
[log] [login_1] perf_8g_10_185_45_1783931514098 login count 1
[log] [login_1] perf_8g_10_185_46_1783931514099 login count 1
[log] [login_1] perf_8g_10_185_47_1783931514099 login count 1
[log] [login_1] perf_8g_10_185_48_1783931514100 login count 1
[log] [login_1] perf_8g_10_185_49_1783931514100 login count 1
[log] [login_1] perf_8g_10_185_50_1783931514101 login count 1
[log] [login_1] perf_8g_10_185_51_1783931514101 login count 1
[log] [gate_7] perf_8g_10_185_38_1783931514094 enter map_1 as unit 1038
[log] [gate_8] perf_8g_10_185_39_1783931514095 enter map_1 as unit 1039
[log] [login_1] perf_8g_10_185_52_1783931514103 login count 1
[log] [gate_1] perf_8g_10_185_40_1783931514096 enter map_1 as unit 1040
[log] [gate_2] perf_8g_10_185_41_1783931514097 enter map_1 as unit 1041
[log] [login_1] perf_8g_10_185_53_1783931514106 login count 1
[log] [gate_3] perf_8g_10_185_42_1783931514098 enter map_1 as unit 1042
[log] [gate_4] perf_8g_10_185_43_1783931514098 enter map_1 as unit 1043
[log] [gate_5] perf_8g_10_185_44_1783931514098 enter map_1 as unit 1044
[log] [gate_7] perf_8g_10_185_46_1783931514099 enter map_1 as unit 1045
[log] [gate_8] perf_8g_10_185_47_1783931514099 enter map_1 as unit 1046
[log] [gate_6] perf_8g_10_185_45_1783931514098 enter map_1 as unit 1047
[log] [gate_1] perf_8g_10_185_48_1783931514100 enter map_1 as unit 1048
[log] [gate_2] perf_8g_10_185_49_1783931514100 enter map_1 as unit 1049
[log] [login_1] perf_8g_10_185_54_1783931514112 login count 1
[log] [gate_4] perf_8g_10_185_51_1783931514101 enter map_1 as unit 1051
[log] [gate_3] perf_8g_10_185_50_1783931514101 enter map_1 as unit 1050
[log] [login_1] perf_8g_10_185_55_1783931514114 login count 1
[log] [login_1] perf_8g_10_185_56_1783931514114 login count 1
[log] [login_1] perf_8g_10_185_57_1783931514115 login count 1
[log] [gate_5] perf_8g_10_185_52_1783931514103 enter map_1 as unit 1052
[log] [login_1] perf_8g_10_185_58_1783931514116 login count 1
[log] [gate_6] perf_8g_10_185_53_1783931514106 enter map_1 as unit 1053
[log] [login_1] perf_8g_10_185_59_1783931514116 login count 1
[log] [login_1] perf_8g_10_185_60_1783931514118 login count 1
[log] [login_1] perf_8g_10_185_61_1783931514119 login count 1
[log] [login_1] perf_8g_10_185_62_1783931514119 login count 1
[log] [login_1] perf_8g_10_185_63_1783931514121 login count 1
[log] [gate_7] perf_8g_10_185_54_1783931514112 enter map_1 as unit 1054
[log] [login_1] perf_8g_10_185_64_1783931514121 login count 1
[log] [login_1] perf_8g_10_185_65_1783931514122 login count 1
[log] [login_1] perf_8g_10_185_66_1783931514123 login count 1
[log] [gate_8] perf_8g_10_185_55_1783931514114 enter map_1 as unit 1055
[log] [login_1] perf_8g_10_185_67_1783931514124 login count 1
[log] [login_1] perf_8g_10_185_68_1783931514125 login count 1
[log] [gate_3] perf_8g_10_185_58_1783931514116 enter map_1 as unit 1058
[log] [gate_1] perf_8g_10_185_56_1783931514114 enter map_1 as unit 1056
[log] [gate_2] perf_8g_10_185_57_1783931514115 enter map_1 as unit 1057
[log] [login_1] perf_8g_10_185_69_1783931514126 login count 1
[log] [gate_4] perf_8g_10_185_59_1783931514116 enter map_1 as unit 1059
[log] [gate_5] perf_8g_10_185_60_1783931514118 enter map_1 as unit 1060
[log] [gate_6] perf_8g_10_185_61_1783931514119 enter map_1 as unit 1061
[log] [gate_7] perf_8g_10_185_62_1783931514119 enter map_1 as unit 1062
[log] [gate_8] perf_8g_10_185_63_1783931514121 enter map_1 as unit 1063
[log] [gate_1] perf_8g_10_185_64_1783931514121 enter map_1 as unit 1064
[log] [gate_3] perf_8g_10_185_66_1783931514123 enter map_1 as unit 1066
[log] [gate_2] perf_8g_10_185_65_1783931514122 enter map_1 as unit 1065
[log] [login_1] perf_8g_10_185_70_1783931514132 login count 1
[log] [gate_4] perf_8g_10_185_67_1783931514124 enter map_1 as unit 1067
[log] [gate_5] perf_8g_10_185_68_1783931514125 enter map_1 as unit 1068
[log] [login_1] perf_8g_10_185_71_1783931514134 login count 1
[log] [gate_6] perf_8g_10_185_69_1783931514126 enter map_1 as unit 1069
[log] [login_1] perf_8g_10_185_72_1783931514137 login count 1
[log] [login_1] perf_8g_10_185_73_1783931514137 login count 1
[log] [login_1] perf_8g_10_185_74_1783931514138 login count 1
[log] [login_1] perf_8g_10_185_75_1783931514138 login count 1
[log] [login_1] perf_8g_10_185_76_1783931514141 login count 1
[log] [login_1] perf_8g_10_185_77_1783931514142 login count 1
[log] [login_1] perf_8g_10_185_78_1783931514144 login count 1
[log] [login_1] perf_8g_10_185_79_1783931514145 login count 1
[log] [gate_7] perf_8g_10_185_70_1783931514132 enter map_1 as unit 1070
[log] [login_1] perf_8g_10_185_80_1783931514147 login count 1
[log] [login_1] perf_8g_10_185_81_1783931514149 login count 1
[log] [gate_8] perf_8g_10_185_71_1783931514134 enter map_1 as unit 1071
[log] [login_1] perf_8g_10_185_82_1783931514149 login count 1
[log] [login_1] perf_8g_10_185_83_1783931514150 login count 1
[log] [login_1] perf_8g_10_185_84_1783931514150 login count 1
[log] [login_1] perf_8g_10_185_85_1783931514151 login count 1
[log] [gate_1] perf_8g_10_185_72_1783931514137 enter map_1 as unit 1072
[log] [login_1] perf_8g_10_185_86_1783931514159 login count 1
[log] [login_1] perf_8g_10_185_87_1783931514160 login count 1
[log] [gate_4] perf_8g_10_185_75_1783931514138 enter map_1 as unit 1075
[log] [gate_3] perf_8g_10_185_74_1783931514138 enter map_1 as unit 1073
[log] [login_1] perf_8g_10_185_88_1783931514163 login count 1
[log] [gate_5] perf_8g_10_185_76_1783931514141 enter map_1 as unit 1076
[log] [gate_2] perf_8g_10_185_73_1783931514137 enter map_1 as unit 1074
[log] [gate_6] perf_8g_10_185_77_1783931514142 enter map_1 as unit 1077
[log] [gate_1] perf_8g_10_185_80_1783931514147 enter map_1 as unit 1080
[log] [gate_7] perf_8g_10_185_78_1783931514144 enter map_1 as unit 1078
[log] [gate_8] perf_8g_10_185_79_1783931514145 enter map_1 as unit 1079
[log] [login_1] perf_8g_10_185_89_1783931514166 login count 1
[log] [login_1] perf_8g_10_185_90_1783931514167 login count 1
[log] [login_1] perf_8g_10_185_91_1783931514167 login count 1
[log] [login_1] perf_8g_10_185_92_1783931514168 login count 1
[log] [login_1] perf_8g_10_185_93_1783931514171 login count 1
[log] [gate_3] perf_8g_10_185_82_1783931514149 enter map_1 as unit 1084
[log] [gate_5] perf_8g_10_185_84_1783931514150 enter map_1 as unit 1083
[log] [gate_4] perf_8g_10_185_83_1783931514150 enter map_1 as unit 1082
[log] [gate_2] perf_8g_10_185_81_1783931514149 enter map_1 as unit 1081
[log] [login_1] perf_8g_10_185_94_1783931514172 login count 1
[log] [login_1] perf_8g_10_185_95_1783931514172 login count 1
[log] [login_1] perf_8g_10_185_96_1783931514173 login count 1
[log] [gate_1] perf_8g_10_185_88_1783931514163 enter map_1 as unit 1085
[log] [gate_6] perf_8g_10_185_85_1783931514151 enter map_1 as unit 1087
[log] [gate_8] perf_8g_10_185_87_1783931514160 enter map_1 as unit 1086
[log] [gate_7] perf_8g_10_185_86_1783931514159 enter map_1 as unit 1088
[log] [login_1] perf_8g_10_185_97_1783931514177 login count 1
[log] [login_1] perf_8g_10_185_98_1783931514178 login count 1
[log] [login_1] perf_8g_10_185_99_1783931514178 login count 1
[log] [login_1] perf_8g_10_185_100_1783931514179 login count 1
[log] [gate_5] perf_8g_10_185_92_1783931514168 enter map_1 as unit 1089
[log] [gate_2] perf_8g_10_185_89_1783931514166 enter map_1 as unit 1090
[log] [gate_4] perf_8g_10_185_91_1783931514167 enter map_1 as unit 1092
[log] [gate_3] perf_8g_10_185_90_1783931514167 enter map_1 as unit 1091
[log] [gate_6] perf_8g_10_185_93_1783931514171 enter map_1 as unit 1093
[log] [gate_7] perf_8g_10_185_94_1783931514172 enter map_1 as unit 1094
[log] [gate_1] perf_8g_10_185_96_1783931514173 enter map_1 as unit 1096
[log] [gate_8] perf_8g_10_185_95_1783931514172 enter map_1 as unit 1095
[log] [login_1] perf_8g_10_185_101_1783931514183 login count 1
[log] [login_1] perf_8g_10_185_102_1783931514184 login count 1
[log] [gate_2] perf_8g_10_185_97_1783931514177 enter map_1 as unit 1097
[log] [login_1] perf_8g_10_185_103_1783931514184 login count 1
[log] [login_1] perf_8g_10_185_104_1783931514184 login count 1
[log] [gate_3] perf_8g_10_185_98_1783931514178 enter map_1 as unit 1098
[log] [gate_4] perf_8g_10_185_99_1783931514178 enter map_1 as unit 1099
[log] [gate_5] perf_8g_10_185_100_1783931514179 enter map_1 as unit 1100
[log] [login_1] perf_8g_10_185_105_1783931514190 login count 1
[log] [login_1] perf_8g_10_185_106_1783931514191 login count 1
[log] [login_1] perf_8g_10_185_107_1783931514191 login count 1
[log] [login_1] perf_8g_10_185_108_1783931514191 login count 1
[log] [login_1] perf_8g_10_185_109_1783931514194 login count 1
[log] [login_1] perf_8g_10_185_110_1783931514195 login count 1
[log] [login_1] perf_8g_10_185_111_1783931514196 login count 1
[log] [gate_6] perf_8g_10_185_101_1783931514183 enter map_1 as unit 1101
[log] [login_1] perf_8g_10_185_112_1783931514196 login count 1
[log] [gate_8] perf_8g_10_185_103_1783931514184 enter map_1 as unit 1103
[log] [gate_7] perf_8g_10_185_102_1783931514184 enter map_1 as unit 1102
[log] [gate_1] perf_8g_10_185_104_1783931514184 enter map_1 as unit 1104
[log] [login_1] perf_8g_10_185_113_1783931514201 login count 1
[log] [login_1] perf_8g_10_185_114_1783931514203 login count 1
[log] [login_1] perf_8g_10_185_115_1783931514204 login count 1
[log] [gate_2] perf_8g_10_185_105_1783931514190 enter map_1 as unit 1105
[log] [login_1] perf_8g_10_185_116_1783931514205 login count 1
[log] [gate_3] perf_8g_10_185_106_1783931514191 enter map_1 as unit 1106
[log] [gate_4] perf_8g_10_185_107_1783931514191 enter map_1 as unit 1107
[log] [gate_5] perf_8g_10_185_108_1783931514191 enter map_1 as unit 1108
[log] [gate_6] perf_8g_10_185_109_1783931514194 enter map_1 as unit 1109
[log] [gate_7] perf_8g_10_185_110_1783931514195 enter map_1 as unit 1110
[log] [gate_8] perf_8g_10_185_111_1783931514196 enter map_1 as unit 1111
[log] [gate_1] perf_8g_10_185_112_1783931514196 enter map_1 as unit 1112
[log] [login_1] perf_8g_10_185_117_1783931514213 login count 1
[log] [gate_2] perf_8g_10_185_113_1783931514201 enter map_1 as unit 1113
[log] [login_1] perf_8g_10_185_118_1783931514216 login count 1
[log] [login_1] perf_8g_10_185_119_1783931514216 login count 1
[log] [gate_3] perf_8g_10_185_114_1783931514203 enter map_1 as unit 1114
[log] [gate_4] perf_8g_10_185_115_1783931514204 enter map_1 as unit 1115
[log] [login_1] perf_8g_10_185_120_1783931514219 login count 1
[log] [gate_5] perf_8g_10_185_116_1783931514205 enter map_1 as unit 1116
[log] [login_1] perf_8g_10_185_121_1783931514223 login count 1
[log] [login_1] perf_8g_10_185_122_1783931514225 login count 1
[log] [login_1] perf_8g_10_185_123_1783931514227 login count 1
[log] [login_1] perf_8g_10_185_124_1783931514228 login count 1
[log] [login_1] perf_8g_10_185_125_1783931514231 login count 1
[log] [login_1] perf_8g_10_185_126_1783931514231 login count 1
[log] [login_1] perf_8g_10_185_127_1783931514233 login count 1
[log] [gate_6] perf_8g_10_185_117_1783931514213 enter map_1 as unit 1117
[log] [login_1] perf_8g_10_185_128_1783931514237 login count 1
[log] [login_1] perf_8g_10_185_129_1783931514239 login count 1
[log] [gate_7] perf_8g_10_185_118_1783931514216 enter map_1 as unit 1118
[log] [gate_8] perf_8g_10_185_119_1783931514216 enter map_1 as unit 1119
[log] [login_1] perf_8g_10_185_130_1783931514241 login count 1
[log] [login_1] perf_8g_10_185_131_1783931514242 login count 1
[log] [gate_1] perf_8g_10_185_120_1783931514219 enter map_1 as unit 1120
[log] [login_1] perf_8g_10_185_132_1783931514243 login count 1
[log] [gate_3] perf_8g_10_185_122_1783931514225 enter map_1 as unit 1122
[log] [gate_2] perf_8g_10_185_121_1783931514223 enter map_1 as unit 1121
[log] [gate_4] perf_8g_10_185_123_1783931514227 enter map_1 as unit 1123
[log] [gate_5] perf_8g_10_185_124_1783931514228 enter map_1 as unit 1124
[log] [gate_6] perf_8g_10_185_125_1783931514231 enter map_1 as unit 1125
[log] [gate_7] perf_8g_10_185_126_1783931514231 enter map_1 as unit 1126
[log] [login_1] perf_8g_10_185_133_1783931514253 login count 1
[log] [login_1] perf_8g_10_185_134_1783931514258 login count 1
[log] [login_1] perf_8g_10_185_135_1783931514258 login count 1
[log] [login_1] perf_8g_10_185_136_1783931514262 login count 1
[log] [gate_3] perf_8g_10_185_130_1783931514241 enter map_1 as unit 1130
[log] [gate_2] perf_8g_10_185_129_1783931514239 enter map_1 as unit 1129
[log] [gate_8] perf_8g_10_185_127_1783931514233 enter map_1 as unit 1127
[log] [gate_1] perf_8g_10_185_128_1783931514237 enter map_1 as unit 1128
[log] [login_1] perf_8g_10_185_137_1783931514265 login count 1
[log] [login_1] perf_8g_10_185_138_1783931514266 login count 1
[log] [login_1] perf_8g_10_185_139_1783931514269 login count 1
[log] [gate_5] perf_8g_10_185_132_1783931514243 enter map_1 as unit 1132
[log] [gate_4] perf_8g_10_185_131_1783931514242 enter map_1 as unit 1131
[log] [login_1] perf_8g_10_185_140_1783931514269 login count 1
[log] [gate_6] perf_8g_10_185_133_1783931514253 enter map_1 as unit 1133
[log] [login_1] perf_8g_10_185_141_1783931514272 login count 1
[log] [login_1] perf_8g_10_185_142_1783931514274 login count 1
[log] [gate_7] perf_8g_10_185_134_1783931514258 enter map_1 as unit 1134
[log] [gate_8] perf_8g_10_185_135_1783931514258 enter map_1 as unit 1135
[log] [gate_1] perf_8g_10_185_136_1783931514262 enter map_1 as unit 1136
[log] [login_1] perf_8g_10_185_143_1783931514283 login count 1
[log] [login_1] perf_8g_10_185_144_1783931514283 login count 1
[log] [gate_2] perf_8g_10_185_137_1783931514265 enter map_1 as unit 1137
[log] [login_1] perf_8g_10_185_145_1783931514284 login count 1
[log] [login_1] perf_8g_10_185_146_1783931514285 login count 1
[log] [gate_3] perf_8g_10_185_138_1783931514266 enter map_1 as unit 1138
[log] [gate_4] perf_8g_10_185_139_1783931514269 enter map_1 as unit 1139
[log] [gate_5] perf_8g_10_185_140_1783931514269 enter map_1 as unit 1140
[log] [login_1] perf_8g_10_185_147_1783931514289 login count 1
[log] [login_1] perf_8g_10_185_148_1783931514289 login count 1
[log] [login_1] perf_8g_10_185_149_1783931514292 login count 1
[log] [gate_6] perf_8g_10_185_141_1783931514272 enter map_1 as unit 1141
[log] [gate_7] perf_8g_10_185_142_1783931514274 enter map_1 as unit 1142
[log] [login_1] perf_8g_10_185_150_1783931514297 login count 1
[log] [login_1] perf_8g_10_185_151_1783931514300 login count 1
[log] [login_1] perf_8g_10_185_152_1783931514303 login count 1
[log] [gate_8] perf_8g_10_185_143_1783931514283 enter map_1 as unit 1143
[log] [login_1] perf_8g_10_185_153_1783931514308 login count 1
[log] [login_1] perf_8g_10_185_154_1783931514311 login count 1
[log] [login_1] perf_8g_10_185_155_1783931514311 login count 1
[log] [login_1] perf_8g_10_185_156_1783931514315 login count 1
[log] [gate_3] perf_8g_10_185_146_1783931514285 enter map_1 as unit 1146
[log] [gate_2] perf_8g_10_185_145_1783931514284 enter map_1 as unit 1145
[log] [gate_1] perf_8g_10_185_144_1783931514283 enter map_1 as unit 1144
[log] [login_1] perf_8g_10_185_157_1783931514317 login count 1
[log] [login_1] perf_8g_10_185_158_1783931514319 login count 1
[log] [gate_4] perf_8g_10_185_147_1783931514289 enter map_1 as unit 1147
[log] [gate_5] perf_8g_10_185_148_1783931514289 enter map_1 as unit 1148
[log] [gate_6] perf_8g_10_185_149_1783931514292 enter map_1 as unit 1149
[log] [login_1] perf_8g_10_185_159_1783931514326 login count 1
[log] [login_1] perf_8g_10_185_160_1783931514333 login count 1
[log] [login_1] perf_8g_10_185_162_1783931514334 login count 1
[log] [gate_7] perf_8g_10_185_150_1783931514297 enter map_1 as unit 1150
[log] [gate_8] perf_8g_10_185_151_1783931514300 enter map_1 as unit 1151
[log] [login_1] perf_8g_10_185_161_1783931514333 login count 1
[log] [login_1] perf_8g_10_185_163_1783931514338 login count 1
[log] [login_1] perf_8g_10_185_164_1783931514338 login count 1
[log] [login_1] perf_8g_10_185_165_1783931514340 login count 1
[log] [login_1] perf_8g_10_185_166_1783931514343 login count 1
[log] [login_1] perf_8g_10_185_167_1783931514344 login count 1
[log] [gate_1] perf_8g_10_185_152_1783931514303 enter map_1 as unit 1152
[log] [gate_3] perf_8g_10_185_154_1783931514311 enter map_1 as unit 1154
[log] [gate_2] perf_8g_10_185_153_1783931514308 enter map_1 as unit 1153
[log] [gate_6] perf_8g_10_185_157_1783931514317 enter map_1 as unit 1155
[log] [login_1] perf_8g_10_185_168_1783931514353 login count 1
[log] [login_1] perf_8g_10_185_169_1783931514354 login count 1
[log] [login_1] perf_8g_10_185_170_1783931514356 login count 1
[log] [login_1] perf_8g_10_185_171_1783931514357 login count 1
[log] [gate_7] perf_8g_10_185_158_1783931514319 enter map_1 as unit 1159
[log] [gate_4] perf_8g_10_185_155_1783931514311 enter map_1 as unit 1157
[log] [gate_8] perf_8g_10_185_159_1783931514326 enter map_1 as unit 1158
[log] [gate_5] perf_8g_10_185_156_1783931514315 enter map_1 as unit 1156
[log] [login_1] perf_8g_10_185_172_1783931514365 login count 1
[log] [gate_3] perf_8g_10_185_161_1783931514333 enter map_1 as unit 1163
[log] [login_1] perf_8g_10_185_173_1783931514366 login count 1
[log] [gate_6] perf_8g_10_185_165_1783931514340 enter map_1 as unit 1161
[log] [gate_1] perf_8g_10_185_160_1783931514333 enter map_1 as unit 1160
[log] [login_1] perf_8g_10_185_174_1783931514367 login count 1
[log] [gate_2] perf_8g_10_185_162_1783931514334 enter map_1 as unit 1162
[log] [login_1] perf_8g_10_185_175_1783931514368 login count 1
[log] [login_1] perf_8g_10_185_176_1783931514374 login count 1
[log] [login_1] perf_8g_10_185_177_1783931514375 login count 1
[log] [login_1] perf_8g_10_185_178_1783931514376 login count 1
[log] [login_1] perf_8g_10_185_179_1783931514377 login count 1
[log] [gate_7] perf_8g_10_185_166_1783931514343 enter map_1 as unit 1164
[log] [gate_5] perf_8g_10_185_164_1783931514338 enter map_1 as unit 1165
[log] [gate_4] perf_8g_10_185_163_1783931514338 enter map_1 as unit 1167
[log] [gate_8] perf_8g_10_185_167_1783931514344 enter map_1 as unit 1166
[log] [login_1] perf_8g_10_185_180_1783931514384 login count 1
[log] [login_1] perf_8g_10_185_182_1783931514387 login count 1
[log] [login_1] perf_8g_10_185_181_1783931514386 login count 1
[log] [gate_3] perf_8g_10_185_170_1783931514356 enter map_1 as unit 1168
[log] [gate_1] perf_8g_10_185_168_1783931514353 enter map_1 as unit 1171
[log] [gate_6] perf_8g_10_185_173_1783931514366 enter map_1 as unit 1170
[log] [gate_2] perf_8g_10_185_169_1783931514354 enter map_1 as unit 1169
[log] [login_1] perf_8g_10_185_183_1783931514396 login count 1
[log] [login_1] perf_8g_10_185_184_1783931514397 login count 1
[log] [gate_4] perf_8g_10_185_171_1783931514357 enter map_1 as unit 1172
[log] [gate_5] perf_8g_10_185_172_1783931514365 enter map_1 as unit 1175
[log] [gate_7] perf_8g_10_185_174_1783931514367 enter map_1 as unit 1174
[log] [gate_8] perf_8g_10_185_175_1783931514368 enter map_1 as unit 1173
[log] [gate_3] perf_8g_10_185_178_1783931514376 enter map_1 as unit 1179
[log] [gate_1] perf_8g_10_185_176_1783931514374 enter map_1 as unit 1177
[log] [gate_6] perf_8g_10_185_182_1783931514387 enter map_1 as unit 1178
[log] [gate_2] perf_8g_10_185_177_1783931514375 enter map_1 as unit 1176
[log] [gate_5] perf_8g_10_185_180_1783931514384 enter map_1 as unit 1180
[log] [gate_7] perf_8g_10_185_181_1783931514386 enter map_1 as unit 1181
[log] [gate_4] perf_8g_10_185_179_1783931514377 enter map_1 as unit 1182
[log] [gate_8] perf_8g_10_185_183_1783931514396 enter map_1 as unit 1183
[log] [gate_1] perf_8g_10_185_184_1783931514397 enter map_1 as unit 1184
[metrics:inner_transport] active=0 opened=0 pending=0 max_pending=0 overloads=0 timeouts=0 disconnected_calls=0 late_responses=0 idle_closes=0
[process-metrics] process=log cpu_percent=3.42 cpu_time_ms=265 rss_bytes=36995072 v8_heap_used_bytes=2572984 v8_heap_total_bytes=5775360 v8_gc_count=3 v8_gc_ms=0.792 timestamp_ms=1783931518813
[metrics:log] scene=log type=Log processed=370 failed=0 ts_queue=0 ts_max_queue=7 rust_queue=0 rust_max_queue=7 backpressure=0 slow_disconnects=0 update_ms=0.00 handler_ms=0.00 max_handler_ms=1.00 total_handler_ms=8.00
[metrics:inner_transport] active=0 opened=0 pending=0 max_pending=0 overloads=0 timeouts=0 disconnected_calls=0 late_responses=0 idle_closes=0
[process-metrics] process=log cpu_percent=0.93 cpu_time_ms=312 rss_bytes=37007360 v8_heap_used_bytes=2709944 v8_heap_total_bytes=5775360 v8_gc_count=3 v8_gc_ms=0.792 timestamp_ms=1783931523843
[metrics:log] scene=log type=Log processed=370 failed=0 ts_queue=0 ts_max_queue=7 rust_queue=0 rust_max_queue=7 backpressure=0 slow_disconnects=0 update_ms=0.00 handler_ms=0.00 max_handler_ms=1.00 total_handler_ms=8.00
[metrics:inner_transport] active=0 opened=0 pending=0 max_pending=0 overloads=0 timeouts=0 disconnected_calls=0 late_responses=0 idle_closes=0
[process-metrics] process=log cpu_percent=0.32 cpu_time_ms=328 rss_bytes=37093376 v8_heap_used_bytes=2866064 v8_heap_total_bytes=6037504 v8_gc_count=3 v8_gc_ms=0.792 timestamp_ms=1783931528830
[metrics:log] scene=log type=Log processed=370 failed=0 ts_queue=0 ts_max_queue=7 rust_queue=0 rust_max_queue=7 backpressure=0 slow_disconnects=0 update_ms=0.00 handler_ms=0.00 max_handler_ms=1.00 total_handler_ms=8.00
[metrics:inner_transport] active=0 opened=0 pending=0 max_pending=0 overloads=0 timeouts=0 disconnected_calls=0 late_responses=0 idle_closes=0
[process-metrics] process=log cpu_percent=0.61 cpu_time_ms=359 rss_bytes=37224448 v8_heap_used_bytes=2995664 v8_heap_total_bytes=6037504 v8_gc_count=3 v8_gc_ms=0.792 timestamp_ms=1783931533877
[metrics:log] scene=log type=Log processed=370 failed=0 ts_queue=0 ts_max_queue=7 rust_queue=0 rust_max_queue=7 backpressure=0 slow_disconnects=0 update_ms=0.00 handler_ms=0.00 max_handler_ms=1.00 total_handler_ms=8.00
[metrics:inner_transport] active=0 opened=0 pending=0 max_pending=0 overloads=0 timeouts=0 disconnected_calls=0 late_responses=0 idle_closes=0
[process-metrics] process=log cpu_percent=1.24 cpu_time_ms=421 rss_bytes=37306368 v8_heap_used_bytes=3123736 v8_heap_total_bytes=6299648 v8_gc_count=3 v8_gc_ms=0.792 timestamp_ms=1783931538881
[metrics:log] scene=log type=Log processed=370 failed=0 ts_queue=0 ts_max_queue=7 rust_queue=0 rust_max_queue=7 backpressure=0 slow_disconnects=0 update_ms=0.00 handler_ms=0.00 max_handler_ms=1.00 total_handler_ms=8.00
[metrics:inner_transport] active=0 opened=0 pending=0 max_pending=0 overloads=0 timeouts=0 disconnected_calls=0 late_responses=0 idle_closes=0
[process-metrics] process=log cpu_percent=0.32 cpu_time_ms=437 rss_bytes=37437440 v8_heap_used_bytes=3253336 v8_heap_total_bytes=6299648 v8_gc_count=3 v8_gc_ms=0.792 timestamp_ms=1783931543929
[metrics:log] scene=log type=Log processed=370 failed=0 ts_queue=0 ts_max_queue=7 rust_queue=0 rust_max_queue=7 backpressure=0 slow_disconnects=0 update_ms=0.00 handler_ms=0.00 max_handler_ms=1.00 total_handler_ms=8.00
[metrics:inner_transport] active=0 opened=0 pending=0 max_pending=0 overloads=0 timeouts=0 disconnected_calls=0 late_responses=0 idle_closes=0
[process-metrics] process=log cpu_percent=0.32 cpu_time_ms=453 rss_bytes=37646336 v8_heap_used_bytes=3387240 v8_heap_total_bytes=6561792 v8_gc_count=3 v8_gc_ms=0.792 timestamp_ms=1783931548987
[metrics:log] scene=log type=Log processed=370 failed=0 ts_queue=0 ts_max_queue=7 rust_queue=0 rust_max_queue=7 backpressure=0 slow_disconnects=0 update_ms=0.00 handler_ms=0.00 max_handler_ms=1.00 total_handler_ms=8.00
[metrics:inner_transport] active=0 opened=0 pending=0 max_pending=0 overloads=0 timeouts=0 disconnected_calls=0 late_responses=0 idle_closes=0
[process-metrics] process=log cpu_percent=0.00 cpu_time_ms=453 rss_bytes=37797888 v8_heap_used_bytes=3513960 v8_heap_total_bytes=6561792 v8_gc_count=3 v8_gc_ms=0.792 timestamp_ms=1783931553993
[metrics:log] scene=log type=Log processed=370 failed=0 ts_queue=0 ts_max_queue=7 rust_queue=0 rust_max_queue=7 backpressure=0 slow_disconnects=0 update_ms=0.00 handler_ms=0.00 max_handler_ms=1.00 total_handler_ms=8.00
