starting process map1 with one V8 and 1 scene(s) from E:\VsCode\skynet\ets_runtime\perf\results\runtime_configs\map_capacity_20260713_083029\185p_8g_r2\map1.json
scene map_1 (MapHost) listening on 127.0.0.1:7301
[process:map1] one V8 started with 1 scene(s)
[map_1] MapHost scene started at 127.0.0.1:7301
map_1 accepted 127.0.0.1:55972 as conn 1
map_1 accepted 127.0.0.1:56030 as conn 2
map_1 accepted 127.0.0.1:56031 as conn 3
map_1 accepted 127.0.0.1:56032 as conn 4
map_1 accepted 127.0.0.1:56034 as conn 5
map_1 accepted 127.0.0.1:56035 as conn 6
map_1 accepted 127.0.0.1:56033 as conn 7
map_1 accepted 127.0.0.1:56036 as conn 8
map_1 accepted 127.0.0.1:56037 as conn 9
[map_1] perf_8g_10_185_0_1783931471901 enter map 1 unit 1000
[map_1] perf_8g_10_185_1_1783931471903 enter map 1 unit 1001
[map_1] perf_8g_10_185_4_1783931471903 enter map 1 unit 1002
[map_1] perf_8g_10_185_8_1783931471903 enter map 1 unit 1003
[map_1] perf_8g_10_185_7_1783931471903 enter map 1 unit 1004
[map_1] perf_8g_10_185_5_1783931471903 enter map 1 unit 1005
[map_1] perf_8g_10_185_3_1783931471903 enter map 1 unit 1006
[map_1] perf_8g_10_185_2_1783931471903 enter map 1 unit 1007
[map_1] perf_8g_10_185_6_1783931471903 enter map 1 unit 1008
[map_1] perf_8g_10_185_14_1783931471903 enter map 1 unit 1009
[map_1] perf_8g_10_185_15_1783931471903 enter map 1 unit 1010
[map_1] perf_8g_10_185_9_1783931471903 enter map 1 unit 1011
[map_1] perf_8g_10_185_13_1783931471903 enter map 1 unit 1012
[map_1] perf_8g_10_185_11_1783931471903 enter map 1 unit 1013
[map_1] perf_8g_10_185_10_1783931471903 enter map 1 unit 1014
[map_1] perf_8g_10_185_16_1783931471927 enter map 1 unit 1015
[map_1] perf_8g_10_185_17_1783931471929 enter map 1 unit 1016
[map_1] perf_8g_10_185_12_1783931471903 enter map 1 unit 1017
[map_1] perf_8g_10_185_18_1783931471931 enter map 1 unit 1018
[map_1] perf_8g_10_185_19_1783931471931 enter map 1 unit 1019
[map_1] perf_8g_10_185_20_1783931471933 enter map 1 unit 1020
[map_1] perf_8g_10_185_23_1783931471934 enter map 1 unit 1021
[map_1] perf_8g_10_185_21_1783931471933 enter map 1 unit 1022
[map_1] perf_8g_10_185_24_1783931471934 enter map 1 unit 1023
[map_1] perf_8g_10_185_22_1783931471934 enter map 1 unit 1024
[map_1] perf_8g_10_185_26_1783931471935 enter map 1 unit 1025
[map_1] perf_8g_10_185_25_1783931471934 enter map 1 unit 1027
[map_1] perf_8g_10_185_28_1783931471935 enter map 1 unit 1026
[map_1] perf_8g_10_185_27_1783931471935 enter map 1 unit 1028
[map_1] perf_8g_10_185_31_1783931471941 enter map 1 unit 1029
[map_1] perf_8g_10_185_30_1783931471936 enter map 1 unit 1030
[map_1] perf_8g_10_185_29_1783931471935 enter map 1 unit 1031
[map_1] perf_8g_10_185_34_1783931471945 enter map 1 unit 1032
[map_1] perf_8g_10_185_32_1783931471941 enter map 1 unit 1033
[map_1] perf_8g_10_185_33_1783931471942 enter map 1 unit 1034
[map_1] perf_8g_10_185_35_1783931471946 enter map 1 unit 1035
[map_1] perf_8g_10_185_36_1783931471951 enter map 1 unit 1036
[map_1] perf_8g_10_185_37_1783931471952 enter map 1 unit 1037
[map_1] perf_8g_10_185_38_1783931471955 enter map 1 unit 1038
[map_1] perf_8g_10_185_40_1783931471955 enter map 1 unit 1039
[map_1] perf_8g_10_185_42_1783931471956 enter map 1 unit 1040
[map_1] perf_8g_10_185_39_1783931471955 enter map 1 unit 1041
[map_1] perf_8g_10_185_43_1783931471957 enter map 1 unit 1043
[map_1] perf_8g_10_185_41_1783931471956 enter map 1 unit 1042
[map_1] perf_8g_10_185_44_1783931471958 enter map 1 unit 1044
[map_1] perf_8g_10_185_45_1783931471959 enter map 1 unit 1045
[map_1] perf_8g_10_185_46_1783931471960 enter map 1 unit 1046
[map_1] perf_8g_10_185_47_1783931471960 enter map 1 unit 1047
[map_1] perf_8g_10_185_49_1783931471963 enter map 1 unit 1048
[map_1] perf_8g_10_185_51_1783931471964 enter map 1 unit 1049
[map_1] perf_8g_10_185_48_1783931471962 enter map 1 unit 1050
[map_1] perf_8g_10_185_50_1783931471963 enter map 1 unit 1051
[map_1] perf_8g_10_185_54_1783931471976 enter map 1 unit 1052
[map_1] perf_8g_10_185_53_1783931471972 enter map 1 unit 1053
[map_1] perf_8g_10_185_52_1783931471970 enter map 1 unit 1054
[map_1] perf_8g_10_185_56_1783931471979 enter map 1 unit 1055
[map_1] perf_8g_10_185_55_1783931471978 enter map 1 unit 1056
[map_1] perf_8g_10_185_58_1783931471980 enter map 1 unit 1057
[map_1] perf_8g_10_185_57_1783931471979 enter map 1 unit 1058
[map_1] perf_8g_10_185_59_1783931471980 enter map 1 unit 1059
[map_1] perf_8g_10_185_60_1783931471981 enter map 1 unit 1060
[map_1] perf_8g_10_185_62_1783931471982 enter map 1 unit 1062
[map_1] perf_8g_10_185_61_1783931471982 enter map 1 unit 1061
[map_1] perf_8g_10_185_63_1783931471983 enter map 1 unit 1063
[map_1] perf_8g_10_185_66_1783931471988 enter map 1 unit 1066
[map_1] perf_8g_10_185_64_1783931471986 enter map 1 unit 1064
[map_1] perf_8g_10_185_65_1783931471986 enter map 1 unit 1065
[map_1] perf_8g_10_185_68_1783931471990 enter map 1 unit 1067
[map_1] perf_8g_10_185_69_1783931471990 enter map 1 unit 1068
[map_1] perf_8g_10_185_70_1783931471991 enter map 1 unit 1069
[map_1] perf_8g_10_185_67_1783931471988 enter map 1 unit 1070
[map_1] perf_8g_10_185_74_1783931472003 enter map 1 unit 1071
[map_1] perf_8g_10_185_71_1783931472000 enter map 1 unit 1073
[map_1] perf_8g_10_185_72_1783931472002 enter map 1 unit 1072
[map_1] perf_8g_10_185_73_1783931472003 enter map 1 unit 1074
[map_1] perf_8g_10_185_75_1783931472007 enter map 1 unit 1075
[map_1] perf_8g_10_185_76_1783931472009 enter map 1 unit 1076
[map_1] perf_8g_10_185_78_1783931472010 enter map 1 unit 1077
[map_1] perf_8g_10_185_77_1783931472009 enter map 1 unit 1078
[map_1] perf_8g_10_185_79_1783931472012 enter map 1 unit 1079
[map_1] perf_8g_10_185_80_1783931472013 enter map 1 unit 1080
[map_1] perf_8g_10_185_81_1783931472014 enter map 1 unit 1081
[map_1] perf_8g_10_185_84_1783931472017 enter map 1 unit 1084
[map_1] perf_8g_10_185_82_1783931472015 enter map 1 unit 1082
[map_1] perf_8g_10_185_83_1783931472016 enter map 1 unit 1083
[map_1] perf_8g_10_185_85_1783931472019 enter map 1 unit 1085
[map_1] perf_8g_10_185_86_1783931472020 enter map 1 unit 1086
[map_1] perf_8g_10_185_87_1783931472024 enter map 1 unit 1087
[map_1] perf_8g_10_185_88_1783931472024 enter map 1 unit 1088
[map_1] perf_8g_10_185_89_1783931472025 enter map 1 unit 1089
[map_1] perf_8g_10_185_91_1783931472029 enter map 1 unit 1090
[map_1] perf_8g_10_185_90_1783931472025 enter map 1 unit 1091
[map_1] perf_8g_10_185_92_1783931472033 enter map 1 unit 1092
[map_1] perf_8g_10_185_93_1783931472035 enter map 1 unit 1093
[map_1] perf_8g_10_185_94_1783931472035 enter map 1 unit 1094
[map_1] perf_8g_10_185_95_1783931472040 enter map 1 unit 1095
[map_1] perf_8g_10_185_96_1783931472042 enter map 1 unit 1096
[map_1] perf_8g_10_185_97_1783931472047 enter map 1 unit 1097
[map_1] perf_8g_10_185_98_1783931472048 enter map 1 unit 1098
[map_1] perf_8g_10_185_100_1783931472049 enter map 1 unit 1100
[map_1] perf_8g_10_185_99_1783931472049 enter map 1 unit 1099
[map_1] perf_8g_10_185_101_1783931472052 enter map 1 unit 1101
[map_1] perf_8g_10_185_103_1783931472056 enter map 1 unit 1103
[map_1] perf_8g_10_185_102_1783931472052 enter map 1 unit 1102
[map_1] perf_8g_10_185_104_1783931472056 enter map 1 unit 1104
[map_1] perf_8g_10_185_106_1783931472061 enter map 1 unit 1108
[map_1] perf_8g_10_185_105_1783931472059 enter map 1 unit 1105
[map_1] perf_8g_10_185_108_1783931472063 enter map 1 unit 1107
[map_1] perf_8g_10_185_107_1783931472061 enter map 1 unit 1106
[map_1] perf_8g_10_185_111_1783931472071 enter map 1 unit 1109
[map_1] perf_8g_10_185_110_1783931472066 enter map 1 unit 1111
[map_1] perf_8g_10_185_109_1783931472063 enter map 1 unit 1110
[map_1] perf_8g_10_185_114_1783931472083 enter map 1 unit 1112
[map_1] perf_8g_10_185_116_1783931472084 enter map 1 unit 1115
[map_1] perf_8g_10_185_112_1783931472073 enter map 1 unit 1113
[map_1] perf_8g_10_185_115_1783931472083 enter map 1 unit 1114
[map_1] perf_8g_10_185_113_1783931472081 enter map 1 unit 1116
[map_1] perf_8g_10_185_118_1783931472089 enter map 1 unit 1119
[map_1] perf_8g_10_185_119_1783931472089 enter map 1 unit 1117
[map_1] perf_8g_10_185_117_1783931472088 enter map 1 unit 1118
[map_1] perf_8g_10_185_124_1783931472101 enter map 1 unit 1120
[map_1] perf_8g_10_185_122_1783931472099 enter map 1 unit 1123
[map_1] perf_8g_10_185_120_1783931472097 enter map 1 unit 1121
[map_1] perf_8g_10_185_123_1783931472100 enter map 1 unit 1122
[map_1] perf_8g_10_185_126_1783931472104 enter map 1 unit 1124
[map_1] perf_8g_10_185_121_1783931472098 enter map 1 unit 1127
[map_1] perf_8g_10_185_125_1783931472103 enter map 1 unit 1125
[map_1] perf_8g_10_185_127_1783931472104 enter map 1 unit 1126
[map_1] perf_8g_10_185_130_1783931472113 enter map 1 unit 1128
[map_1] perf_8g_10_185_131_1783931472113 enter map 1 unit 1129
[map_1] perf_8g_10_185_132_1783931472117 enter map 1 unit 1131
[map_1] perf_8g_10_185_128_1783931472111 enter map 1 unit 1130
[map_1] perf_8g_10_185_129_1783931472112 enter map 1 unit 1132
[map_1] perf_8g_10_185_134_1783931472120 enter map 1 unit 1135
[map_1] perf_8g_10_185_133_1783931472119 enter map 1 unit 1133
[map_1] perf_8g_10_185_135_1783931472120 enter map 1 unit 1134
[map_1] perf_8g_10_185_140_1783931472134 enter map 1 unit 1136
[map_1] perf_8g_10_185_136_1783931472126 enter map 1 unit 1139
[map_1] perf_8g_10_185_138_1783931472128 enter map 1 unit 1137
[map_1] perf_8g_10_185_139_1783931472128 enter map 1 unit 1138
[map_1] perf_8g_10_185_137_1783931472127 enter map 1 unit 1140
[map_1] perf_8g_10_185_143_1783931472137 enter map 1 unit 1143
[map_1] perf_8g_10_185_141_1783931472135 enter map 1 unit 1141
[map_1] perf_8g_10_185_142_1783931472136 enter map 1 unit 1142
[map_1] perf_8g_10_185_147_1783931472147 enter map 1 unit 1144
[map_1] perf_8g_10_185_146_1783931472146 enter map 1 unit 1147
[map_1] perf_8g_10_185_144_1783931472144 enter map 1 unit 1145
[map_1] perf_8g_10_185_148_1783931472152 enter map 1 unit 1146
[map_1] perf_8g_10_185_152_1783931472163 enter map 1 unit 1148
[map_1] perf_8g_10_185_150_1783931472154 enter map 1 unit 1151
[map_1] perf_8g_10_185_149_1783931472153 enter map 1 unit 1149
[map_1] perf_8g_10_185_145_1783931472145 enter map 1 unit 1150
[map_1] perf_8g_10_185_154_1783931472165 enter map 1 unit 1152
[map_1] perf_8g_10_185_151_1783931472162 enter map 1 unit 1155
[map_1] perf_8g_10_185_155_1783931472171 enter map 1 unit 1153
[map_1] perf_8g_10_185_156_1783931472172 enter map 1 unit 1154
[map_1] perf_8g_10_185_153_1783931472165 enter map 1 unit 1156
[map_1] perf_8g_10_185_158_1783931472174 enter map 1 unit 1159
[map_1] perf_8g_10_185_157_1783931472173 enter map 1 unit 1157
[map_1] perf_8g_10_185_159_1783931472175 enter map 1 unit 1158
[map_1] perf_8g_10_185_164_1783931472191 enter map 1 unit 1160
[map_1] perf_8g_10_185_163_1783931472182 enter map 1 unit 1163
[map_1] perf_8g_10_185_161_1783931472181 enter map 1 unit 1161
[map_1] perf_8g_10_185_162_1783931472181 enter map 1 unit 1162
[map_1] perf_8g_10_185_160_1783931472180 enter map 1 unit 1164
[map_1] perf_8g_10_185_167_1783931472199 enter map 1 unit 1167
[map_1] perf_8g_10_185_165_1783931472191 enter map 1 unit 1165
[map_1] perf_8g_10_185_166_1783931472192 enter map 1 unit 1166
[map_1] perf_8g_10_185_170_1783931472202 enter map 1 unit 1168
[map_1] perf_8g_10_185_173_1783931472211 enter map 1 unit 1171
[map_1] perf_8g_10_185_171_1783931472209 enter map 1 unit 1169
[map_1] perf_8g_10_185_168_1783931472200 enter map 1 unit 1170
[map_1] perf_8g_10_185_169_1783931472201 enter map 1 unit 1172
[map_1] perf_8g_10_185_174_1783931472212 enter map 1 unit 1175
[map_1] perf_8g_10_185_175_1783931472213 enter map 1 unit 1173
[map_1] perf_8g_10_185_172_1783931472210 enter map 1 unit 1174
[map_1] perf_8g_10_185_178_1783931472221 enter map 1 unit 1176
[map_1] perf_8g_10_185_176_1783931472219 enter map 1 unit 1179
[map_1] perf_8g_10_185_180_1783931472230 enter map 1 unit 1177
[map_1] perf_8g_10_185_179_1783931472222 enter map 1 unit 1178
[map_1] perf_8g_10_185_181_1783931472231 enter map 1 unit 1180
[map_1] perf_8g_10_185_177_1783931472220 enter map 1 unit 1183
[map_1] perf_8g_10_185_183_1783931472241 enter map 1 unit 1181
[map_1] perf_8g_10_185_182_1783931472232 enter map 1 unit 1182
[map_1] perf_8g_10_185_184_1783931472242 enter map 1 unit 1184
[metrics:inner_transport] active=8 opened=8 pending=0 max_pending=0 overloads=0 timeouts=0 disconnected_calls=0 late_responses=0 idle_closes=0
[process-metrics] process=map1 cpu_percent=134.09 cpu_time_ms=6765 rss_bytes=151777280 v8_heap_used_bytes=52787488 v8_heap_total_bytes=106176512 v8_gc_count=114 v8_gc_ms=81.553 timestamp_ms=1783931476704
[metrics:map1] scene=map_1 type=MapHost processed=9338 failed=0 ts_queue=0 ts_max_queue=152 rust_queue=97 rust_max_queue=152 backpressure=0 slow_disconnects=0 update_ms=8.00 handler_ms=8.00 max_handler_ms=27.00 total_handler_ms=88576.00
[metrics:inner_transport] active=8 opened=8 pending=0 max_pending=0 overloads=0 timeouts=0 disconnected_calls=0 late_responses=0 idle_closes=0
[process-metrics] process=map1 cpu_percent=104.90 cpu_time_ms=12015 rss_bytes=153608192 v8_heap_used_bytes=21899376 v8_heap_total_bytes=78913536 v8_gc_count=202 v8_gc_ms=151.121 timestamp_ms=1783931481708
[metrics:map1] scene=map_1 type=MapHost processed=19507 failed=0 ts_queue=0 ts_max_queue=165 rust_queue=103 rust_max_queue=163 backpressure=0 slow_disconnects=0 update_ms=5.00 handler_ms=5.00 max_handler_ms=34.00 total_handler_ms=195489.00
[metrics:inner_transport] active=8 opened=8 pending=0 max_pending=0 overloads=0 timeouts=0 disconnected_calls=0 late_responses=0 idle_closes=0
[process-metrics] process=map1 cpu_percent=99.59 cpu_time_ms=17000 rss_bytes=123367424 v8_heap_used_bytes=13638944 v8_heap_total_bytes=78913536 v8_gc_count=289 v8_gc_ms=220.644 timestamp_ms=1783931486714
[metrics:map1] scene=map_1 type=MapHost processed=29657 failed=0 ts_queue=0 ts_max_queue=165 rust_queue=128 rust_max_queue=163 backpressure=0 slow_disconnects=0 update_ms=7.00 handler_ms=7.00 max_handler_ms=64.00 total_handler_ms=374427.00
[metrics:inner_transport] active=8 opened=8 pending=0 max_pending=0 overloads=0 timeouts=0 disconnected_calls=0 late_responses=0 idle_closes=0
[process-metrics] process=map1 cpu_percent=112.88 cpu_time_ms=22687 rss_bytes=124137472 v8_heap_used_bytes=9030824 v8_heap_total_bytes=78913536 v8_gc_count=376 v8_gc_ms=290.806 timestamp_ms=1783931491752
[metrics:map1] scene=map_1 type=MapHost processed=39934 failed=0 ts_queue=0 ts_max_queue=165 rust_queue=26 rust_max_queue=163 backpressure=0 slow_disconnects=0 update_ms=41.00 handler_ms=40.00 max_handler_ms=64.00 total_handler_ms=547145.00
[metrics:inner_transport] active=8 opened=8 pending=0 max_pending=0 overloads=0 timeouts=0 disconnected_calls=0 late_responses=0 idle_closes=0
[process-metrics] process=map1 cpu_percent=119.61 cpu_time_ms=28718 rss_bytes=124690432 v8_heap_used_bytes=23398312 v8_heap_total_bytes=78913536 v8_gc_count=462 v8_gc_ms=353.838 timestamp_ms=1783931496795
[metrics:map1] scene=map_1 type=MapHost processed=50136 failed=0 ts_queue=0 ts_max_queue=165 rust_queue=184 rust_max_queue=184 backpressure=0 slow_disconnects=0 update_ms=0.00 handler_ms=0.00 max_handler_ms=64.00 total_handler_ms=720189.00
[metrics:inner_transport] active=8 opened=8 pending=0 max_pending=0 overloads=0 timeouts=0 disconnected_calls=0 late_responses=0 idle_closes=0
[process-metrics] process=map1 cpu_percent=102.73 cpu_time_ms=33859 rss_bytes=125906944 v8_heap_used_bytes=33185328 v8_heap_total_bytes=78913536 v8_gc_count=548 v8_gc_ms=417.195 timestamp_ms=1783931501799
[metrics:map1] scene=map_1 type=MapHost processed=60312 failed=0 ts_queue=0 ts_max_queue=184 rust_queue=183 rust_max_queue=184 backpressure=0 slow_disconnects=0 update_ms=0.00 handler_ms=0.00 max_handler_ms=64.00 total_handler_ms=840136.00
[metrics:inner_transport] active=8 opened=8 pending=0 max_pending=0 overloads=0 timeouts=0 disconnected_calls=0 late_responses=0 idle_closes=0
[process-metrics] process=map1 cpu_percent=114.34 cpu_time_ms=39578 rss_bytes=126418944 v8_heap_used_bytes=18578208 v8_heap_total_bytes=80224256 v8_gc_count=636 v8_gc_ms=478.917 timestamp_ms=1783931506801
[metrics:map1] scene=map_1 type=MapHost processed=70487 failed=0 ts_queue=0 ts_max_queue=184 rust_queue=183 rust_max_queue=184 backpressure=0 slow_disconnects=0 update_ms=0.00 handler_ms=0.00 max_handler_ms=64.00 total_handler_ms=958431.00
[metrics:inner_transport] active=8 opened=8 pending=0 max_pending=0 overloads=0 timeouts=0 disconnected_calls=0 late_responses=0 idle_closes=0
[process-metrics] process=map1 cpu_percent=95.58 cpu_time_ms=44359 rss_bytes=126865408 v8_heap_used_bytes=27854304 v8_heap_total_bytes=80224256 v8_gc_count=722 v8_gc_ms=542.239 timestamp_ms=1783931511803
[metrics:map1] scene=map_1 type=MapHost processed=80680 failed=0 ts_queue=0 ts_max_queue=184 rust_queue=165 rust_max_queue=184 backpressure=0 slow_disconnects=0 update_ms=1.00 handler_ms=1.00 max_handler_ms=64.00 total_handler_ms=1112617.00
[map_1] perf_8g_10_185_1_1783931471903 leave map 1 unit 1001
[map_1] perf_8g_10_185_0_1783931471901 leave map 1 unit 1000
[map_1] perf_8g_10_185_11_1783931471903 leave map 1 unit 1013
[map_1] perf_8g_10_185_5_1783931471903 leave map 1 unit 1005
[map_1] perf_8g_10_185_184_1783931472242 leave map 1 unit 1184
[map_1] perf_8g_10_185_183_1783931472241 leave map 1 unit 1181
[map_1] perf_8g_10_185_182_1783931472232 leave map 1 unit 1182
[map_1] perf_8g_10_185_180_1783931472230 leave map 1 unit 1177
[map_1] perf_8g_10_185_181_1783931472231 leave map 1 unit 1180
[map_1] perf_8g_10_185_179_1783931472222 leave map 1 unit 1178
[map_1] perf_8g_10_185_177_1783931472220 leave map 1 unit 1183
[map_1] perf_8g_10_185_178_1783931472221 leave map 1 unit 1176
[map_1] perf_8g_10_185_175_1783931472213 leave map 1 unit 1173
[map_1] perf_8g_10_185_172_1783931472210 leave map 1 unit 1174
[map_1] perf_8g_10_185_176_1783931472219 leave map 1 unit 1179
[map_1] perf_8g_10_185_173_1783931472211 leave map 1 unit 1171
[map_1] perf_8g_10_185_174_1783931472212 leave map 1 unit 1175
[map_1] perf_8g_10_185_171_1783931472209 leave map 1 unit 1169
[map_1] perf_8g_10_185_169_1783931472201 leave map 1 unit 1172
[map_1] perf_8g_10_185_165_1783931472191 leave map 1 unit 1165
[map_1] perf_8g_10_185_3_1783931471903 leave map 1 unit 1006
[map_1] perf_8g_10_185_170_1783931472202 leave map 1 unit 1168
[map_1] perf_8g_10_185_166_1783931472192 leave map 1 unit 1166
[map_1] perf_8g_10_185_168_1783931472200 leave map 1 unit 1170
[map_1] perf_8g_10_185_167_1783931472199 leave map 1 unit 1167
[map_1] perf_8g_10_185_164_1783931472191 leave map 1 unit 1160
[map_1] perf_8g_10_185_163_1783931472182 leave map 1 unit 1163
[map_1] perf_8g_10_185_162_1783931472181 leave map 1 unit 1162
[map_1] perf_8g_10_185_22_1783931471934 leave map 1 unit 1024
[map_1] perf_8g_10_185_160_1783931472180 leave map 1 unit 1164
[map_1] perf_8g_10_185_161_1783931472181 leave map 1 unit 1161
[map_1] perf_8g_10_185_159_1783931472175 leave map 1 unit 1158
[map_1] perf_8g_10_185_158_1783931472174 leave map 1 unit 1159
[map_1] perf_8g_10_185_157_1783931472173 leave map 1 unit 1157
[map_1] perf_8g_10_185_156_1783931472172 leave map 1 unit 1154
[map_1] perf_8g_10_185_155_1783931472171 leave map 1 unit 1153
[map_1] perf_8g_10_185_154_1783931472165 leave map 1 unit 1152
[map_1] perf_8g_10_185_153_1783931472165 leave map 1 unit 1156
[map_1] perf_8g_10_185_4_1783931471903 leave map 1 unit 1002
[map_1] perf_8g_10_185_152_1783931472163 leave map 1 unit 1148
[map_1] perf_8g_10_185_151_1783931472162 leave map 1 unit 1155
[map_1] perf_8g_10_185_150_1783931472154 leave map 1 unit 1151
[map_1] perf_8g_10_185_149_1783931472153 leave map 1 unit 1149
[map_1] perf_8g_10_185_9_1783931471903 leave map 1 unit 1011
[map_1] perf_8g_10_185_148_1783931472152 leave map 1 unit 1146
[map_1] perf_8g_10_185_147_1783931472147 leave map 1 unit 1144
[map_1] perf_8g_10_185_146_1783931472146 leave map 1 unit 1147
[map_1] perf_8g_10_185_23_1783931471934 leave map 1 unit 1021
[map_1] perf_8g_10_185_145_1783931472145 leave map 1 unit 1150
[map_1] perf_8g_10_185_144_1783931472144 leave map 1 unit 1145
[map_1] perf_8g_10_185_143_1783931472137 leave map 1 unit 1143
[map_1] perf_8g_10_185_141_1783931472135 leave map 1 unit 1141
[map_1] perf_8g_10_185_142_1783931472136 leave map 1 unit 1142
[map_1] perf_8g_10_185_140_1783931472134 leave map 1 unit 1136
[map_1] perf_8g_10_185_14_1783931471903 leave map 1 unit 1009
[map_1] perf_8g_10_185_139_1783931472128 leave map 1 unit 1138
[map_1] perf_8g_10_185_138_1783931472128 leave map 1 unit 1137
[map_1] perf_8g_10_185_137_1783931472127 leave map 1 unit 1140
[map_1] perf_8g_10_185_6_1783931471903 leave map 1 unit 1008
[map_1] perf_8g_10_185_136_1783931472126 leave map 1 unit 1139
[map_1] perf_8g_10_185_135_1783931472120 leave map 1 unit 1134
[map_1] perf_8g_10_185_134_1783931472120 leave map 1 unit 1135
[map_1] perf_8g_10_185_16_1783931471927 leave map 1 unit 1015
[map_1] perf_8g_10_185_133_1783931472119 leave map 1 unit 1133
[map_1] perf_8g_10_185_132_1783931472117 leave map 1 unit 1131
[map_1] perf_8g_10_185_131_1783931472113 leave map 1 unit 1129
[map_1] perf_8g_10_185_130_1783931472113 leave map 1 unit 1128
[map_1] perf_8g_10_185_32_1783931471941 leave map 1 unit 1033
[map_1] perf_8g_10_185_129_1783931472112 leave map 1 unit 1132
[map_1] perf_8g_10_185_128_1783931472111 leave map 1 unit 1130
[map_1] perf_8g_10_185_127_1783931472104 leave map 1 unit 1126
[map_1] perf_8g_10_185_10_1783931471903 leave map 1 unit 1014
[map_1] perf_8g_10_185_126_1783931472104 leave map 1 unit 1124
[map_1] perf_8g_10_185_124_1783931472101 leave map 1 unit 1120
[map_1] perf_8g_10_185_8_1783931471903 leave map 1 unit 1003
[map_1] perf_8g_10_185_125_1783931472103 leave map 1 unit 1125
[map_1] perf_8g_10_185_123_1783931472100 leave map 1 unit 1122
[map_1] perf_8g_10_185_121_1783931472098 leave map 1 unit 1127
[map_1] perf_8g_10_185_122_1783931472099 leave map 1 unit 1123
[map_1] perf_8g_10_185_2_1783931471903 leave map 1 unit 1007
[map_1] perf_8g_10_185_120_1783931472097 leave map 1 unit 1121
[map_1] perf_8g_10_185_118_1783931472089 leave map 1 unit 1119
[map_1] perf_8g_10_185_19_1783931471931 leave map 1 unit 1019
[map_1] perf_8g_10_185_119_1783931472089 leave map 1 unit 1117
[map_1] perf_8g_10_185_116_1783931472084 leave map 1 unit 1115
[map_1] perf_8g_10_185_17_1783931471929 leave map 1 unit 1016
[map_1] perf_8g_10_185_108_1783931472063 leave map 1 unit 1107
[map_1] perf_8g_10_185_117_1783931472088 leave map 1 unit 1118
[map_1] perf_8g_10_185_54_1783931471976 leave map 1 unit 1052
[map_1] perf_8g_10_185_100_1783931472049 leave map 1 unit 1100
[map_1] perf_8g_10_185_109_1783931472063 leave map 1 unit 1110
[map_1] perf_8g_10_185_115_1783931472083 leave map 1 unit 1114
[map_1] perf_8g_10_185_7_1783931471903 leave map 1 unit 1004
[map_1] perf_8g_10_185_101_1783931472052 leave map 1 unit 1101
[map_1] perf_8g_10_185_114_1783931472083 leave map 1 unit 1112
[map_1] perf_8g_10_185_24_1783931471934 leave map 1 unit 1023
[map_1] perf_8g_10_185_113_1783931472081 leave map 1 unit 1116
[map_1] perf_8g_10_185_112_1783931472073 leave map 1 unit 1113
[map_1] perf_8g_10_185_15_1783931471903 leave map 1 unit 1010
[map_1] perf_8g_10_185_111_1783931472071 leave map 1 unit 1109
[map_1] perf_8g_10_185_18_1783931471931 leave map 1 unit 1018
[map_1] perf_8g_10_185_93_1783931472035 leave map 1 unit 1093
[map_1] perf_8g_10_185_92_1783931472033 leave map 1 unit 1092
[map_1] perf_8g_10_185_103_1783931472056 leave map 1 unit 1103
[map_1] perf_8g_10_185_95_1783931472040 leave map 1 unit 1095
[map_1] perf_8g_10_185_30_1783931471936 leave map 1 unit 1030
[map_1] perf_8g_10_185_107_1783931472061 leave map 1 unit 1106
[map_1] perf_8g_10_185_12_1783931471903 leave map 1 unit 1017
[map_1] perf_8g_10_185_85_1783931472019 leave map 1 unit 1085
[map_1] perf_8g_10_185_84_1783931472017 leave map 1 unit 1084
[map_1] perf_8g_10_185_26_1783931471935 leave map 1 unit 1025
[map_1] perf_8g_10_185_110_1783931472066 leave map 1 unit 1111
[map_1] perf_8g_10_185_43_1783931471957 leave map 1 unit 1043
[map_1] perf_8g_10_185_106_1783931472061 leave map 1 unit 1108
[map_1] perf_8g_10_185_105_1783931472059 leave map 1 unit 1105
[map_1] perf_8g_10_185_13_1783931471903 leave map 1 unit 1012
[map_1] perf_8g_10_185_87_1783931472024 leave map 1 unit 1087
[map_1] perf_8g_10_185_77_1783931472009 leave map 1 unit 1078
[map_1] perf_8g_10_185_98_1783931472048 leave map 1 unit 1098
[map_1] perf_8g_10_185_25_1783931471934 leave map 1 unit 1027
[map_1] perf_8g_10_185_99_1783931472049 leave map 1 unit 1099
[map_1] perf_8g_10_185_40_1783931471955 leave map 1 unit 1039
[map_1] perf_8g_10_185_97_1783931472047 leave map 1 unit 1097
[map_1] perf_8g_10_185_33_1783931471942 leave map 1 unit 1034
[map_1] perf_8g_10_185_79_1783931472012 leave map 1 unit 1079
[map_1] perf_8g_10_185_90_1783931472025 leave map 1 unit 1091
[map_1] perf_8g_10_185_34_1783931471945 leave map 1 unit 1032
[map_1] perf_8g_10_185_69_1783931471990 leave map 1 unit 1068
[map_1] perf_8g_10_185_28_1783931471935 leave map 1 unit 1026
[map_1] perf_8g_10_185_89_1783931472025 leave map 1 unit 1089
[map_1] perf_8g_10_185_27_1783931471935 leave map 1 unit 1028
[map_1] perf_8g_10_185_76_1783931472009 leave map 1 unit 1076
[map_1] perf_8g_10_185_104_1783931472056 leave map 1 unit 1104
[map_1] perf_8g_10_185_91_1783931472029 leave map 1 unit 1090
[map_1] perf_8g_10_185_38_1783931471955 leave map 1 unit 1038
[map_1] perf_8g_10_185_53_1783931471972 leave map 1 unit 1053
[map_1] perf_8g_10_185_31_1783931471941 leave map 1 unit 1029
[map_1] perf_8g_10_185_68_1783931471990 leave map 1 unit 1067
[map_1] perf_8g_10_185_48_1783931471962 leave map 1 unit 1050
[map_1] perf_8g_10_185_96_1783931472042 leave map 1 unit 1096
[map_1] perf_8g_10_185_71_1783931472000 leave map 1 unit 1073
[map_1] perf_8g_10_185_46_1783931471960 leave map 1 unit 1046
[map_1] perf_8g_10_185_60_1783931471981 leave map 1 unit 1060
[map_1] perf_8g_10_185_37_1783931471952 leave map 1 unit 1037
[map_1] perf_8g_10_185_81_1783931472014 leave map 1 unit 1081
[map_1] perf_8g_10_185_55_1783931471978 leave map 1 unit 1056
[map_1] perf_8g_10_185_83_1783931472016 leave map 1 unit 1083
[map_1] perf_8g_10_185_35_1783931471946 leave map 1 unit 1035
[map_1] perf_8g_10_185_102_1783931472052 leave map 1 unit 1102
[map_1] perf_8g_10_185_94_1783931472035 leave map 1 unit 1094
[map_1] perf_8g_10_185_41_1783931471956 leave map 1 unit 1042
[map_1] perf_8g_10_185_88_1783931472024 leave map 1 unit 1088
[map_1] perf_8g_10_185_82_1783931472015 leave map 1 unit 1082
[map_1] perf_8g_10_185_64_1783931471986 leave map 1 unit 1064
[map_1] perf_8g_10_185_63_1783931471983 leave map 1 unit 1063
[map_1] perf_8g_10_185_62_1783931471982 leave map 1 unit 1062
[map_1] perf_8g_10_185_61_1783931471982 leave map 1 unit 1061
[map_1] perf_8g_10_185_20_1783931471933 leave map 1 unit 1020
[map_1] perf_8g_10_185_52_1783931471970 leave map 1 unit 1054
[map_1] perf_8g_10_185_21_1783931471933 leave map 1 unit 1022
[map_1] perf_8g_10_185_73_1783931472003 leave map 1 unit 1074
[map_1] perf_8g_10_185_42_1783931471956 leave map 1 unit 1040
[map_1] perf_8g_10_185_75_1783931472007 leave map 1 unit 1075
[map_1] perf_8g_10_185_50_1783931471963 leave map 1 unit 1051
[map_1] perf_8g_10_185_74_1783931472003 leave map 1 unit 1071
[map_1] perf_8g_10_185_80_1783931472013 leave map 1 unit 1080
[map_1] perf_8g_10_185_39_1783931471955 leave map 1 unit 1041
[map_1] perf_8g_10_185_44_1783931471958 leave map 1 unit 1044
[map_1] perf_8g_10_185_47_1783931471960 leave map 1 unit 1047
[map_1] perf_8g_10_185_65_1783931471986 leave map 1 unit 1065
[map_1] perf_8g_10_185_70_1783931471991 leave map 1 unit 1069
[map_1] perf_8g_10_185_66_1783931471988 leave map 1 unit 1066
[map_1] perf_8g_10_185_78_1783931472010 leave map 1 unit 1077
[map_1] perf_8g_10_185_56_1783931471979 leave map 1 unit 1055
[map_1] perf_8g_10_185_51_1783931471964 leave map 1 unit 1049
[map_1] perf_8g_10_185_72_1783931472002 leave map 1 unit 1072
[map_1] perf_8g_10_185_49_1783931471963 leave map 1 unit 1048
[map_1] perf_8g_10_185_57_1783931471979 leave map 1 unit 1058
[map_1] perf_8g_10_185_59_1783931471980 leave map 1 unit 1059
[map_1] perf_8g_10_185_67_1783931471988 leave map 1 unit 1070
[map_1] perf_8g_10_185_29_1783931471935 leave map 1 unit 1031
[map_1] perf_8g_10_185_45_1783931471959 leave map 1 unit 1045
[map_1] perf_8g_10_185_36_1783931471951 leave map 1 unit 1036
[map_1] perf_8g_10_185_86_1783931472020 leave map 1 unit 1086
[map_1] perf_8g_10_185_58_1783931471980 leave map 1 unit 1057
