starting process map1 with one V8 and 1 scene(s) from E:\VsCode\skynet\ets_runtime\perf\results\runtime_configs\map_capacity_20260713_083029\185p_8g_r1\map1.json
scene map_1 (MapHost) listening on 127.0.0.1:7301
[process:map1] one V8 started with 1 scene(s)
[map_1] MapHost scene started at 127.0.0.1:7301
map_1 accepted 127.0.0.1:56449 as conn 1
map_1 accepted 127.0.0.1:56508 as conn 2
map_1 accepted 127.0.0.1:56509 as conn 3
map_1 accepted 127.0.0.1:56510 as conn 4
map_1 accepted 127.0.0.1:56512 as conn 5
map_1 accepted 127.0.0.1:56511 as conn 6
map_1 accepted 127.0.0.1:56514 as conn 7
map_1 accepted 127.0.0.1:56513 as conn 8
map_1 accepted 127.0.0.1:56515 as conn 9
[map_1] perf_8g_10_185_0_1783931429867 enter map 1 unit 1000
[map_1] perf_8g_10_185_6_1783931429869 enter map 1 unit 1001
[map_1] perf_8g_10_185_9_1783931429869 enter map 1 unit 1002
[map_1] perf_8g_10_185_1_1783931429868 enter map 1 unit 1003
[map_1] perf_8g_10_185_2_1783931429868 enter map 1 unit 1004
[map_1] perf_8g_10_185_3_1783931429868 enter map 1 unit 1005
[map_1] perf_8g_10_185_8_1783931429869 enter map 1 unit 1006
[map_1] perf_8g_10_185_7_1783931429869 enter map 1 unit 1007
[map_1] perf_8g_10_185_5_1783931429868 enter map 1 unit 1008
[map_1] perf_8g_10_185_15_1783931429869 enter map 1 unit 1009
[map_1] perf_8g_10_185_13_1783931429869 enter map 1 unit 1010
[map_1] perf_8g_10_185_4_1783931429868 enter map 1 unit 1011
[map_1] perf_8g_10_185_12_1783931429869 enter map 1 unit 1012
[map_1] perf_8g_10_185_10_1783931429869 enter map 1 unit 1013
[map_1] perf_8g_10_185_14_1783931429869 enter map 1 unit 1014
[map_1] perf_8g_10_185_11_1783931429869 enter map 1 unit 1015
[map_1] perf_8g_10_185_16_1783931429893 enter map 1 unit 1016
[map_1] perf_8g_10_185_17_1783931429896 enter map 1 unit 1017
[map_1] perf_8g_10_185_18_1783931429897 enter map 1 unit 1018
[map_1] perf_8g_10_185_19_1783931429897 enter map 1 unit 1019
[map_1] perf_8g_10_185_20_1783931429899 enter map 1 unit 1020
[map_1] perf_8g_10_185_21_1783931429899 enter map 1 unit 1021
[map_1] perf_8g_10_185_25_1783931429900 enter map 1 unit 1022
[map_1] perf_8g_10_185_22_1783931429899 enter map 1 unit 1023
[map_1] perf_8g_10_185_24_1783931429900 enter map 1 unit 1024
[map_1] perf_8g_10_185_26_1783931429900 enter map 1 unit 1025
[map_1] perf_8g_10_185_23_1783931429900 enter map 1 unit 1026
[map_1] perf_8g_10_185_27_1783931429901 enter map 1 unit 1027
[map_1] perf_8g_10_185_29_1783931429902 enter map 1 unit 1028
[map_1] perf_8g_10_185_28_1783931429901 enter map 1 unit 1029
[map_1] perf_8g_10_185_30_1783931429902 enter map 1 unit 1030
[map_1] perf_8g_10_185_33_1783931429904 enter map 1 unit 1031
[map_1] perf_8g_10_185_32_1783931429902 enter map 1 unit 1032
[map_1] perf_8g_10_185_31_1783931429902 enter map 1 unit 1033
[map_1] perf_8g_10_185_34_1783931429909 enter map 1 unit 1034
[map_1] perf_8g_10_185_35_1783931429912 enter map 1 unit 1035
[map_1] perf_8g_10_185_36_1783931429916 enter map 1 unit 1036
[map_1] perf_8g_10_185_37_1783931429920 enter map 1 unit 1037
[map_1] perf_8g_10_185_39_1783931429920 enter map 1 unit 1038
[map_1] perf_8g_10_185_38_1783931429920 enter map 1 unit 1039
[map_1] perf_8g_10_185_40_1783931429921 enter map 1 unit 1040
[map_1] perf_8g_10_185_42_1783931429922 enter map 1 unit 1041
[map_1] perf_8g_10_185_41_1783931429922 enter map 1 unit 1042
[map_1] perf_8g_10_185_43_1783931429922 enter map 1 unit 1043
[map_1] perf_8g_10_185_44_1783931429923 enter map 1 unit 1044
[map_1] perf_8g_10_185_45_1783931429923 enter map 1 unit 1045
[map_1] perf_8g_10_185_46_1783931429925 enter map 1 unit 1046
[map_1] perf_8g_10_185_47_1783931429925 enter map 1 unit 1047
[map_1] perf_8g_10_185_48_1783931429925 enter map 1 unit 1048
[map_1] perf_8g_10_185_51_1783931429926 enter map 1 unit 1049
[map_1] perf_8g_10_185_50_1783931429926 enter map 1 unit 1050
[map_1] perf_8g_10_185_49_1783931429926 enter map 1 unit 1051
[map_1] perf_8g_10_185_52_1783931429927 enter map 1 unit 1052
[map_1] perf_8g_10_185_53_1783931429937 enter map 1 unit 1053
[map_1] perf_8g_10_185_55_1783931429938 enter map 1 unit 1054
[map_1] perf_8g_10_185_54_1783931429937 enter map 1 unit 1055
[map_1] perf_8g_10_185_56_1783931429938 enter map 1 unit 1056
[map_1] perf_8g_10_185_57_1783931429940 enter map 1 unit 1057
[map_1] perf_8g_10_185_58_1783931429940 enter map 1 unit 1058
[map_1] perf_8g_10_185_59_1783931429941 enter map 1 unit 1059
[map_1] perf_8g_10_185_60_1783931429942 enter map 1 unit 1060
[map_1] perf_8g_10_185_61_1783931429943 enter map 1 unit 1061
[map_1] perf_8g_10_185_62_1783931429944 enter map 1 unit 1062
[map_1] perf_8g_10_185_64_1783931429945 enter map 1 unit 1063
[map_1] perf_8g_10_185_63_1783931429944 enter map 1 unit 1064
[map_1] perf_8g_10_185_65_1783931429946 enter map 1 unit 1065
[map_1] perf_8g_10_185_66_1783931429948 enter map 1 unit 1066
[map_1] perf_8g_10_185_67_1783931429948 enter map 1 unit 1067
[map_1] perf_8g_10_185_68_1783931429949 enter map 1 unit 1068
[map_1] perf_8g_10_185_69_1783931429956 enter map 1 unit 1069
[map_1] perf_8g_10_185_70_1783931429957 enter map 1 unit 1070
[map_1] perf_8g_10_185_71_1783931429958 enter map 1 unit 1071
[map_1] perf_8g_10_185_72_1783931429960 enter map 1 unit 1072
[map_1] perf_8g_10_185_73_1783931429961 enter map 1 unit 1073
[map_1] perf_8g_10_185_74_1783931429963 enter map 1 unit 1074
[map_1] perf_8g_10_185_75_1783931429964 enter map 1 unit 1075
[map_1] perf_8g_10_185_76_1783931429964 enter map 1 unit 1076
[map_1] perf_8g_10_185_77_1783931429966 enter map 1 unit 1077
[map_1] perf_8g_10_185_78_1783931429968 enter map 1 unit 1078
[map_1] perf_8g_10_185_79_1783931429969 enter map 1 unit 1079
[map_1] perf_8g_10_185_80_1783931429969 enter map 1 unit 1080
[map_1] perf_8g_10_185_81_1783931429970 enter map 1 unit 1081
[map_1] perf_8g_10_185_82_1783931429971 enter map 1 unit 1082
[map_1] perf_8g_10_185_83_1783931429971 enter map 1 unit 1083
[map_1] perf_8g_10_185_84_1783931429972 enter map 1 unit 1084
[map_1] perf_8g_10_185_85_1783931429983 enter map 1 unit 1085
[map_1] perf_8g_10_185_86_1783931429984 enter map 1 unit 1086
[map_1] perf_8g_10_185_87_1783931429985 enter map 1 unit 1087
[map_1] perf_8g_10_185_89_1783931429987 enter map 1 unit 1089
[map_1] perf_8g_10_185_88_1783931429986 enter map 1 unit 1088
[map_1] perf_8g_10_185_90_1783931429988 enter map 1 unit 1090
[map_1] perf_8g_10_185_92_1783931429990 enter map 1 unit 1092
[map_1] perf_8g_10_185_91_1783931429989 enter map 1 unit 1091
[map_1] perf_8g_10_185_93_1783931429993 enter map 1 unit 1093
[map_1] perf_8g_10_185_94_1783931429995 enter map 1 unit 1094
[map_1] perf_8g_10_185_95_1783931429996 enter map 1 unit 1095
[map_1] perf_8g_10_185_97_1783931429998 enter map 1 unit 1097
[map_1] perf_8g_10_185_96_1783931429998 enter map 1 unit 1096
[map_1] perf_8g_10_185_99_1783931429999 enter map 1 unit 1098
[map_1] perf_8g_10_185_100_1783931430001 enter map 1 unit 1100
[map_1] perf_8g_10_185_98_1783931429999 enter map 1 unit 1099
[map_1] perf_8g_10_185_101_1783931430008 enter map 1 unit 1101
[map_1] perf_8g_10_185_102_1783931430010 enter map 1 unit 1102
[map_1] perf_8g_10_185_103_1783931430012 enter map 1 unit 1103
[map_1] perf_8g_10_185_104_1783931430013 enter map 1 unit 1104
[map_1] perf_8g_10_185_105_1783931430013 enter map 1 unit 1105
[map_1] perf_8g_10_185_106_1783931430016 enter map 1 unit 1106
[map_1] perf_8g_10_185_107_1783931430017 enter map 1 unit 1107
[map_1] perf_8g_10_185_108_1783931430017 enter map 1 unit 1108
[map_1] perf_8g_10_185_109_1783931430020 enter map 1 unit 1109
[map_1] perf_8g_10_185_110_1783931430020 enter map 1 unit 1110
[map_1] perf_8g_10_185_111_1783931430024 enter map 1 unit 1111
[map_1] perf_8g_10_185_112_1783931430024 enter map 1 unit 1112
[map_1] perf_8g_10_185_113_1783931430024 enter map 1 unit 1113
[map_1] perf_8g_10_185_114_1783931430028 enter map 1 unit 1114
[map_1] perf_8g_10_185_115_1783931430029 enter map 1 unit 1115
[map_1] perf_8g_10_185_116_1783931430029 enter map 1 unit 1116
[map_1] perf_8g_10_185_117_1783931430032 enter map 1 unit 1117
[map_1] perf_8g_10_185_118_1783931430033 enter map 1 unit 1118
[map_1] perf_8g_10_185_119_1783931430038 enter map 1 unit 1119
[map_1] perf_8g_10_185_120_1783931430041 enter map 1 unit 1120
[map_1] perf_8g_10_185_121_1783931430041 enter map 1 unit 1121
[map_1] perf_8g_10_185_122_1783931430043 enter map 1 unit 1122
[map_1] perf_8g_10_185_123_1783931430044 enter map 1 unit 1123
[map_1] perf_8g_10_185_124_1783931430045 enter map 1 unit 1124
[map_1] perf_8g_10_185_125_1783931430047 enter map 1 unit 1125
[map_1] perf_8g_10_185_126_1783931430048 enter map 1 unit 1126
[map_1] perf_8g_10_185_127_1783931430051 enter map 1 unit 1127
[map_1] perf_8g_10_185_128_1783931430053 enter map 1 unit 1128
[map_1] perf_8g_10_185_129_1783931430054 enter map 1 unit 1129
[map_1] perf_8g_10_185_130_1783931430057 enter map 1 unit 1130
[map_1] perf_8g_10_185_131_1783931430060 enter map 1 unit 1131
[map_1] perf_8g_10_185_132_1783931430060 enter map 1 unit 1132
[map_1] perf_8g_10_185_133_1783931430061 enter map 1 unit 1133
[map_1] perf_8g_10_185_134_1783931430063 enter map 1 unit 1134
[map_1] perf_8g_10_185_135_1783931430067 enter map 1 unit 1135
[map_1] perf_8g_10_185_136_1783931430069 enter map 1 unit 1136
[map_1] perf_8g_10_185_137_1783931430071 enter map 1 unit 1137
[map_1] perf_8g_10_185_138_1783931430072 enter map 1 unit 1138
[map_1] perf_8g_10_185_139_1783931430076 enter map 1 unit 1139
[map_1] perf_8g_10_185_140_1783931430076 enter map 1 unit 1140
[map_1] perf_8g_10_185_141_1783931430079 enter map 1 unit 1141
[map_1] perf_8g_10_185_142_1783931430079 enter map 1 unit 1142
[map_1] perf_8g_10_185_143_1783931430081 enter map 1 unit 1143
[map_1] perf_8g_10_185_144_1783931430083 enter map 1 unit 1144
[map_1] perf_8g_10_185_145_1783931430085 enter map 1 unit 1145
[map_1] perf_8g_10_185_146_1783931430088 enter map 1 unit 1146
[map_1] perf_8g_10_185_147_1783931430090 enter map 1 unit 1147
[map_1] perf_8g_10_185_148_1783931430093 enter map 1 unit 1148
[map_1] perf_8g_10_185_149_1783931430094 enter map 1 unit 1149
[map_1] perf_8g_10_185_150_1783931430095 enter map 1 unit 1150
[map_1] perf_8g_10_185_151_1783931430097 enter map 1 unit 1151
[map_1] perf_8g_10_185_152_1783931430101 enter map 1 unit 1152
[map_1] perf_8g_10_185_153_1783931430103 enter map 1 unit 1153
[map_1] perf_8g_10_185_154_1783931430105 enter map 1 unit 1154
[map_1] perf_8g_10_185_155_1783931430107 enter map 1 unit 1155
[map_1] perf_8g_10_185_156_1783931430107 enter map 1 unit 1156
[map_1] perf_8g_10_185_157_1783931430111 enter map 1 unit 1157
[map_1] perf_8g_10_185_158_1783931430112 enter map 1 unit 1158
[map_1] perf_8g_10_185_159_1783931430116 enter map 1 unit 1159
[map_1] perf_8g_10_185_160_1783931430116 enter map 1 unit 1160
[map_1] perf_8g_10_185_162_1783931430120 enter map 1 unit 1162
[map_1] perf_8g_10_185_161_1783931430118 enter map 1 unit 1161
[map_1] perf_8g_10_185_163_1783931430121 enter map 1 unit 1163
[map_1] perf_8g_10_185_164_1783931430124 enter map 1 unit 1164
[map_1] perf_8g_10_185_165_1783931430127 enter map 1 unit 1165
[map_1] perf_8g_10_185_167_1783931430130 enter map 1 unit 1167
[map_1] perf_8g_10_185_166_1783931430128 enter map 1 unit 1166
[map_1] perf_8g_10_185_168_1783931430132 enter map 1 unit 1168
[map_1] perf_8g_10_185_170_1783931430138 enter map 1 unit 1170
[map_1] perf_8g_10_185_169_1783931430136 enter map 1 unit 1169
[map_1] perf_8g_10_185_171_1783931430143 enter map 1 unit 1171
[map_1] perf_8g_10_185_173_1783931430145 enter map 1 unit 1174
[map_1] perf_8g_10_185_172_1783931430143 enter map 1 unit 1172
[map_1] perf_8g_10_185_174_1783931430146 enter map 1 unit 1173
[map_1] perf_8g_10_185_175_1783931430150 enter map 1 unit 1175
[map_1] perf_8g_10_185_176_1783931430156 enter map 1 unit 1178
[map_1] perf_8g_10_185_178_1783931430157 enter map 1 unit 1176
[map_1] perf_8g_10_185_177_1783931430156 enter map 1 unit 1177
[map_1] perf_8g_10_185_182_1783931430167 enter map 1 unit 1179
[map_1] perf_8g_10_185_180_1783931430161 enter map 1 unit 1182
[map_1] perf_8g_10_185_181_1783931430166 enter map 1 unit 1180
[map_1] perf_8g_10_185_179_1783931430161 enter map 1 unit 1181
[map_1] perf_8g_10_185_184_1783931430172 enter map 1 unit 1183
[map_1] perf_8g_10_185_183_1783931430167 enter map 1 unit 1184
[metrics:inner_transport] active=8 opened=8 pending=0 max_pending=0 overloads=0 timeouts=0 disconnected_calls=0 late_responses=0 idle_closes=0
[process-metrics] process=map1 cpu_percent=90.50 cpu_time_ms=4578 rss_bytes=130277376 v8_heap_used_bytes=41204840 v8_heap_total_bytes=87564288 v8_gc_count=116 v8_gc_ms=108.657 timestamp_ms=1783931434693
[metrics:map1] scene=map_1 type=MapHost processed=9361 failed=0 ts_queue=0 ts_max_queue=185 rust_queue=73 rust_max_queue=185 backpressure=0 slow_disconnects=0 update_ms=41.00 handler_ms=41.00 max_handler_ms=167.00 total_handler_ms=242074.00
[metrics:inner_transport] active=8 opened=8 pending=0 max_pending=0 overloads=0 timeouts=0 disconnected_calls=0 late_responses=0 idle_closes=0
[process-metrics] process=map1 cpu_percent=96.56 cpu_time_ms=9421 rss_bytes=133283840 v8_heap_used_bytes=44527032 v8_heap_total_bytes=89923584 v8_gc_count=200 v8_gc_ms=223.819 timestamp_ms=1783931439709
[metrics:map1] scene=map_1 type=MapHost processed=19610 failed=0 ts_queue=0 ts_max_queue=185 rust_queue=104 rust_max_queue=185 backpressure=0 slow_disconnects=0 update_ms=27.00 handler_ms=27.00 max_handler_ms=167.00 total_handler_ms=538488.00
[metrics:inner_transport] active=8 opened=8 pending=0 max_pending=0 overloads=0 timeouts=0 disconnected_calls=0 late_responses=0 idle_closes=0
[process-metrics] process=map1 cpu_percent=95.84 cpu_time_ms=14218 rss_bytes=136310784 v8_heap_used_bytes=48708464 v8_heap_total_bytes=92545024 v8_gc_count=284 v8_gc_ms=338.933 timestamp_ms=1783931444714
[metrics:map1] scene=map_1 type=MapHost processed=29785 failed=0 ts_queue=0 ts_max_queue=185 rust_queue=136 rust_max_queue=185 backpressure=0 slow_disconnects=0 update_ms=7.00 handler_ms=6.00 max_handler_ms=167.00 total_handler_ms=843344.00
[metrics:inner_transport] active=8 opened=8 pending=0 max_pending=0 overloads=0 timeouts=0 disconnected_calls=0 late_responses=0 idle_closes=0
[process-metrics] process=map1 cpu_percent=99.15 cpu_time_ms=19171 rss_bytes=139374592 v8_heap_used_bytes=33900544 v8_heap_total_bytes=85204992 v8_gc_count=371 v8_gc_ms=471.938 timestamp_ms=1783931449710
[metrics:map1] scene=map_1 type=MapHost processed=39960 failed=0 ts_queue=0 ts_max_queue=185 rust_queue=0 rust_max_queue=185 backpressure=0 slow_disconnects=0 update_ms=0.00 handler_ms=9.00 max_handler_ms=167.00 total_handler_ms=1112709.00
[metrics:inner_transport] active=8 opened=8 pending=0 max_pending=0 overloads=0 timeouts=0 disconnected_calls=0 late_responses=0 idle_closes=0
[process-metrics] process=map1 cpu_percent=112.35 cpu_time_ms=24796 rss_bytes=128999424 v8_heap_used_bytes=32961816 v8_heap_total_bytes=85204992 v8_gc_count=456 v8_gc_ms=535.259 timestamp_ms=1783931454717
[metrics:map1] scene=map_1 type=MapHost processed=50135 failed=0 ts_queue=0 ts_max_queue=185 rust_queue=156 rust_max_queue=185 backpressure=0 slow_disconnects=0 update_ms=0.00 handler_ms=10.00 max_handler_ms=167.00 total_handler_ms=1209761.00
[metrics:inner_transport] active=8 opened=8 pending=0 max_pending=0 overloads=0 timeouts=0 disconnected_calls=0 late_responses=0 idle_closes=0
[process-metrics] process=map1 cpu_percent=81.08 cpu_time_ms=28859 rss_bytes=130326528 v8_heap_used_bytes=31849280 v8_heap_total_bytes=85204992 v8_gc_count=540 v8_gc_ms=596.003 timestamp_ms=1783931459728
[metrics:map1] scene=map_1 type=MapHost processed=60313 failed=0 ts_queue=0 ts_max_queue=185 rust_queue=160 rust_max_queue=185 backpressure=0 slow_disconnects=0 update_ms=0.00 handler_ms=0.00 max_handler_ms=167.00 total_handler_ms=1301713.00
[metrics:inner_transport] active=8 opened=8 pending=0 max_pending=0 overloads=0 timeouts=0 disconnected_calls=0 late_responses=0 idle_closes=0
[process-metrics] process=map1 cpu_percent=93.45 cpu_time_ms=33531 rss_bytes=130580480 v8_heap_used_bytes=9053104 v8_heap_total_bytes=81272832 v8_gc_count=627 v8_gc_ms=656.719 timestamp_ms=1783931464727
[metrics:map1] scene=map_1 type=MapHost processed=70555 failed=0 ts_queue=0 ts_max_queue=185 rust_queue=115 rust_max_queue=185 backpressure=0 slow_disconnects=0 update_ms=9.00 handler_ms=9.00 max_handler_ms=167.00 total_handler_ms=1391798.00
[metrics:inner_transport] active=8 opened=8 pending=0 max_pending=0 overloads=0 timeouts=0 disconnected_calls=0 late_responses=0 idle_closes=0
[process-metrics] process=map1 cpu_percent=83.72 cpu_time_ms=37718 rss_bytes=126599168 v8_heap_used_bytes=10704760 v8_heap_total_bytes=81272832 v8_gc_count=711 v8_gc_ms=716.358 timestamp_ms=1783931469728
[metrics:map1] scene=map_1 type=MapHost processed=80671 failed=0 ts_queue=0 ts_max_queue=185 rust_queue=149 rust_max_queue=185 backpressure=0 slow_disconnects=0 update_ms=1.00 handler_ms=1.00 max_handler_ms=167.00 total_handler_ms=1485169.00
[map_1] perf_8g_10_185_0_1783931429867 leave map 1 unit 1000
[map_1] perf_8g_10_185_2_1783931429868 leave map 1 unit 1004
[map_1] perf_8g_10_185_5_1783931429868 leave map 1 unit 1008
[map_1] perf_8g_10_185_1_1783931429868 leave map 1 unit 1003
[map_1] perf_8g_10_185_63_1783931429944 leave map 1 unit 1064
[map_1] perf_8g_10_185_3_1783931429868 leave map 1 unit 1005
[map_1] perf_8g_10_185_62_1783931429944 leave map 1 unit 1062
[map_1] perf_8g_10_185_10_1783931429869 leave map 1 unit 1013
[map_1] perf_8g_10_185_61_1783931429943 leave map 1 unit 1061
[map_1] perf_8g_10_185_58_1783931429940 leave map 1 unit 1058
[map_1] perf_8g_10_185_4_1783931429868 leave map 1 unit 1011
[map_1] perf_8g_10_185_56_1783931429938 leave map 1 unit 1056
[map_1] perf_8g_10_185_6_1783931429869 leave map 1 unit 1001
[map_1] perf_8g_10_185_59_1783931429941 leave map 1 unit 1059
[map_1] perf_8g_10_185_8_1783931429869 leave map 1 unit 1006
[map_1] perf_8g_10_185_60_1783931429942 leave map 1 unit 1060
[map_1] perf_8g_10_185_54_1783931429937 leave map 1 unit 1055
[map_1] perf_8g_10_185_7_1783931429869 leave map 1 unit 1007
[map_1] perf_8g_10_185_57_1783931429940 leave map 1 unit 1057
[map_1] perf_8g_10_185_9_1783931429869 leave map 1 unit 1002
[map_1] perf_8g_10_185_55_1783931429938 leave map 1 unit 1054
[map_1] perf_8g_10_185_11_1783931429869 leave map 1 unit 1015
[map_1] perf_8g_10_185_53_1783931429937 leave map 1 unit 1053
[map_1] perf_8g_10_185_52_1783931429927 leave map 1 unit 1052
[map_1] perf_8g_10_185_12_1783931429869 leave map 1 unit 1012
[map_1] perf_8g_10_185_49_1783931429926 leave map 1 unit 1051
[map_1] perf_8g_10_185_14_1783931429869 leave map 1 unit 1014
[map_1] perf_8g_10_185_51_1783931429926 leave map 1 unit 1049
[map_1] perf_8g_10_185_17_1783931429896 leave map 1 unit 1017
[map_1] perf_8g_10_185_50_1783931429926 leave map 1 unit 1050
[map_1] perf_8g_10_185_13_1783931429869 leave map 1 unit 1010
[map_1] perf_8g_10_185_48_1783931429925 leave map 1 unit 1048
[map_1] perf_8g_10_185_16_1783931429893 leave map 1 unit 1016
[map_1] perf_8g_10_185_47_1783931429925 leave map 1 unit 1047
[map_1] perf_8g_10_185_18_1783931429897 leave map 1 unit 1018
[map_1] perf_8g_10_185_46_1783931429925 leave map 1 unit 1046
[map_1] perf_8g_10_185_45_1783931429923 leave map 1 unit 1045
[map_1] perf_8g_10_185_19_1783931429897 leave map 1 unit 1019
[map_1] perf_8g_10_185_43_1783931429922 leave map 1 unit 1043
[map_1] perf_8g_10_185_20_1783931429899 leave map 1 unit 1020
[map_1] perf_8g_10_185_44_1783931429923 leave map 1 unit 1044
[map_1] perf_8g_10_185_15_1783931429869 leave map 1 unit 1009
[map_1] perf_8g_10_185_39_1783931429920 leave map 1 unit 1038
[map_1] perf_8g_10_185_21_1783931429899 leave map 1 unit 1021
[map_1] perf_8g_10_185_38_1783931429920 leave map 1 unit 1039
[map_1] perf_8g_10_185_40_1783931429921 leave map 1 unit 1040
[map_1] perf_8g_10_185_22_1783931429899 leave map 1 unit 1023
[map_1] perf_8g_10_185_32_1783931429902 leave map 1 unit 1032
[map_1] perf_8g_10_185_23_1783931429900 leave map 1 unit 1026
[map_1] perf_8g_10_185_24_1783931429900 leave map 1 unit 1024
[map_1] perf_8g_10_185_42_1783931429922 leave map 1 unit 1041
[map_1] perf_8g_10_185_27_1783931429901 leave map 1 unit 1027
[map_1] perf_8g_10_185_41_1783931429922 leave map 1 unit 1042
[map_1] perf_8g_10_185_33_1783931429904 leave map 1 unit 1031
[map_1] perf_8g_10_185_26_1783931429900 leave map 1 unit 1025
[map_1] perf_8g_10_185_34_1783931429909 leave map 1 unit 1034
[map_1] perf_8g_10_185_25_1783931429900 leave map 1 unit 1022
[map_1] perf_8g_10_185_31_1783931429902 leave map 1 unit 1033
[map_1] perf_8g_10_185_35_1783931429912 leave map 1 unit 1035
[map_1] perf_8g_10_185_37_1783931429920 leave map 1 unit 1037
[map_1] perf_8g_10_185_28_1783931429901 leave map 1 unit 1029
[map_1] perf_8g_10_185_36_1783931429916 leave map 1 unit 1036
[map_1] perf_8g_10_185_29_1783931429902 leave map 1 unit 1028
[map_1] perf_8g_10_185_30_1783931429902 leave map 1 unit 1030
[map_1] perf_8g_10_185_184_1783931430172 leave map 1 unit 1183
[map_1] perf_8g_10_185_64_1783931429945 leave map 1 unit 1063
[map_1] perf_8g_10_185_183_1783931430167 leave map 1 unit 1184
[map_1] perf_8g_10_185_181_1783931430166 leave map 1 unit 1180
[map_1] perf_8g_10_185_182_1783931430167 leave map 1 unit 1179
[map_1] perf_8g_10_185_179_1783931430161 leave map 1 unit 1181
[map_1] perf_8g_10_185_180_1783931430161 leave map 1 unit 1182
[map_1] perf_8g_10_185_178_1783931430157 leave map 1 unit 1176
[map_1] perf_8g_10_185_176_1783931430156 leave map 1 unit 1178
[map_1] perf_8g_10_185_177_1783931430156 leave map 1 unit 1177
[map_1] perf_8g_10_185_175_1783931430150 leave map 1 unit 1175
[map_1] perf_8g_10_185_174_1783931430146 leave map 1 unit 1173
[map_1] perf_8g_10_185_171_1783931430143 leave map 1 unit 1171
[map_1] perf_8g_10_185_173_1783931430145 leave map 1 unit 1174
[map_1] perf_8g_10_185_172_1783931430143 leave map 1 unit 1172
[map_1] perf_8g_10_185_168_1783931430132 leave map 1 unit 1168
[map_1] perf_8g_10_185_170_1783931430138 leave map 1 unit 1170
[map_1] perf_8g_10_185_65_1783931429946 leave map 1 unit 1065
[map_1] perf_8g_10_185_169_1783931430136 leave map 1 unit 1169
[map_1] perf_8g_10_185_167_1783931430130 leave map 1 unit 1167
[map_1] perf_8g_10_185_166_1783931430128 leave map 1 unit 1166
[map_1] perf_8g_10_185_164_1783931430124 leave map 1 unit 1164
[map_1] perf_8g_10_185_165_1783931430127 leave map 1 unit 1165
[map_1] perf_8g_10_185_163_1783931430121 leave map 1 unit 1163
[map_1] perf_8g_10_185_160_1783931430116 leave map 1 unit 1160
[map_1] perf_8g_10_185_66_1783931429948 leave map 1 unit 1066
[map_1] perf_8g_10_185_161_1783931430118 leave map 1 unit 1161
[map_1] perf_8g_10_185_162_1783931430120 leave map 1 unit 1162
[map_1] perf_8g_10_185_159_1783931430116 leave map 1 unit 1159
[map_1] perf_8g_10_185_157_1783931430111 leave map 1 unit 1157
[map_1] perf_8g_10_185_158_1783931430112 leave map 1 unit 1158
[map_1] perf_8g_10_185_67_1783931429948 leave map 1 unit 1067
[map_1] perf_8g_10_185_156_1783931430107 leave map 1 unit 1156
[map_1] perf_8g_10_185_155_1783931430107 leave map 1 unit 1155
[map_1] perf_8g_10_185_154_1783931430105 leave map 1 unit 1154
[map_1] perf_8g_10_185_153_1783931430103 leave map 1 unit 1153
[map_1] perf_8g_10_185_69_1783931429956 leave map 1 unit 1069
[map_1] perf_8g_10_185_152_1783931430101 leave map 1 unit 1152
[map_1] perf_8g_10_185_151_1783931430097 leave map 1 unit 1151
[map_1] perf_8g_10_185_149_1783931430094 leave map 1 unit 1149
[map_1] perf_8g_10_185_150_1783931430095 leave map 1 unit 1150
[map_1] perf_8g_10_185_71_1783931429958 leave map 1 unit 1071
[map_1] perf_8g_10_185_148_1783931430093 leave map 1 unit 1148
[map_1] perf_8g_10_185_146_1783931430088 leave map 1 unit 1146
[map_1] perf_8g_10_185_147_1783931430090 leave map 1 unit 1147
[map_1] perf_8g_10_185_144_1783931430083 leave map 1 unit 1144
[map_1] perf_8g_10_185_70_1783931429957 leave map 1 unit 1070
[map_1] perf_8g_10_185_145_1783931430085 leave map 1 unit 1145
[map_1] perf_8g_10_185_143_1783931430081 leave map 1 unit 1143
[map_1] perf_8g_10_185_142_1783931430079 leave map 1 unit 1142
[map_1] perf_8g_10_185_72_1783931429960 leave map 1 unit 1072
[map_1] perf_8g_10_185_141_1783931430079 leave map 1 unit 1141
[map_1] perf_8g_10_185_140_1783931430076 leave map 1 unit 1140
[map_1] perf_8g_10_185_139_1783931430076 leave map 1 unit 1139
[map_1] perf_8g_10_185_68_1783931429949 leave map 1 unit 1068
[map_1] perf_8g_10_185_73_1783931429961 leave map 1 unit 1073
[map_1] perf_8g_10_185_138_1783931430072 leave map 1 unit 1138
[map_1] perf_8g_10_185_137_1783931430071 leave map 1 unit 1137
[map_1] perf_8g_10_185_74_1783931429963 leave map 1 unit 1074
[map_1] perf_8g_10_185_135_1783931430067 leave map 1 unit 1135
[map_1] perf_8g_10_185_136_1783931430069 leave map 1 unit 1136
[map_1] perf_8g_10_185_134_1783931430063 leave map 1 unit 1134
[map_1] perf_8g_10_185_75_1783931429964 leave map 1 unit 1075
[map_1] perf_8g_10_185_132_1783931430060 leave map 1 unit 1132
[map_1] perf_8g_10_185_133_1783931430061 leave map 1 unit 1133
[map_1] perf_8g_10_185_131_1783931430060 leave map 1 unit 1131
[map_1] perf_8g_10_185_76_1783931429964 leave map 1 unit 1076
[map_1] perf_8g_10_185_130_1783931430057 leave map 1 unit 1130
[map_1] perf_8g_10_185_128_1783931430053 leave map 1 unit 1128
[map_1] perf_8g_10_185_77_1783931429966 leave map 1 unit 1077
[map_1] perf_8g_10_185_79_1783931429969 leave map 1 unit 1079
[map_1] perf_8g_10_185_129_1783931430054 leave map 1 unit 1129
[map_1] perf_8g_10_185_127_1783931430051 leave map 1 unit 1127
[map_1] perf_8g_10_185_78_1783931429968 leave map 1 unit 1078
[map_1] perf_8g_10_185_126_1783931430048 leave map 1 unit 1126
[map_1] perf_8g_10_185_125_1783931430047 leave map 1 unit 1125
[map_1] perf_8g_10_185_81_1783931429970 leave map 1 unit 1081
[map_1] perf_8g_10_185_124_1783931430045 leave map 1 unit 1124
[map_1] perf_8g_10_185_123_1783931430044 leave map 1 unit 1123
[map_1] perf_8g_10_185_121_1783931430041 leave map 1 unit 1121
[map_1] perf_8g_10_185_80_1783931429969 leave map 1 unit 1080
[map_1] perf_8g_10_185_122_1783931430043 leave map 1 unit 1122
[map_1] perf_8g_10_185_120_1783931430041 leave map 1 unit 1120
[map_1] perf_8g_10_185_82_1783931429971 leave map 1 unit 1082
[map_1] perf_8g_10_185_85_1783931429983 leave map 1 unit 1085
[map_1] perf_8g_10_185_119_1783931430038 leave map 1 unit 1119
[map_1] perf_8g_10_185_118_1783931430033 leave map 1 unit 1118
[map_1] perf_8g_10_185_83_1783931429971 leave map 1 unit 1083
[map_1] perf_8g_10_185_117_1783931430032 leave map 1 unit 1117
[map_1] perf_8g_10_185_84_1783931429972 leave map 1 unit 1084
[map_1] perf_8g_10_185_116_1783931430029 leave map 1 unit 1116
[map_1] perf_8g_10_185_115_1783931430029 leave map 1 unit 1115
[map_1] perf_8g_10_185_86_1783931429984 leave map 1 unit 1086
[map_1] perf_8g_10_185_114_1783931430028 leave map 1 unit 1114
[map_1] perf_8g_10_185_112_1783931430024 leave map 1 unit 1112
[map_1] perf_8g_10_185_87_1783931429985 leave map 1 unit 1087
[map_1] perf_8g_10_185_88_1783931429986 leave map 1 unit 1088
[map_1] perf_8g_10_185_113_1783931430024 leave map 1 unit 1113
[map_1] perf_8g_10_185_111_1783931430024 leave map 1 unit 1111
[map_1] perf_8g_10_185_89_1783931429987 leave map 1 unit 1089
[map_1] perf_8g_10_185_109_1783931430020 leave map 1 unit 1109
[map_1] perf_8g_10_185_110_1783931430020 leave map 1 unit 1110
[map_1] perf_8g_10_185_90_1783931429988 leave map 1 unit 1090
[map_1] perf_8g_10_185_91_1783931429989 leave map 1 unit 1091
[map_1] perf_8g_10_185_108_1783931430017 leave map 1 unit 1108
[map_1] perf_8g_10_185_92_1783931429990 leave map 1 unit 1092
[map_1] perf_8g_10_185_105_1783931430013 leave map 1 unit 1105
[map_1] perf_8g_10_185_106_1783931430016 leave map 1 unit 1106
[map_1] perf_8g_10_185_93_1783931429993 leave map 1 unit 1093
[map_1] perf_8g_10_185_107_1783931430017 leave map 1 unit 1107
[map_1] perf_8g_10_185_103_1783931430012 leave map 1 unit 1103
[map_1] perf_8g_10_185_94_1783931429995 leave map 1 unit 1094
[map_1] perf_8g_10_185_95_1783931429996 leave map 1 unit 1095
[map_1] perf_8g_10_185_104_1783931430013 leave map 1 unit 1104
[map_1] perf_8g_10_185_96_1783931429998 leave map 1 unit 1096
[map_1] perf_8g_10_185_102_1783931430010 leave map 1 unit 1102
[map_1] perf_8g_10_185_101_1783931430008 leave map 1 unit 1101
[map_1] perf_8g_10_185_97_1783931429998 leave map 1 unit 1097
[map_1] perf_8g_10_185_98_1783931429999 leave map 1 unit 1099
[map_1] perf_8g_10_185_99_1783931429999 leave map 1 unit 1098
[map_1] perf_8g_10_185_100_1783931430001 leave map 1 unit 1100
