starting process map1 with one V8 and 1 scene(s) from E:\VsCode\skynet\ets_runtime\perf\results\runtime_configs\map_capacity_20260713_083029\185p_8g_r3\map1.json
scene map_1 (MapHost) listening on 127.0.0.1:7301
[process:map1] one V8 started with 1 scene(s)
[map_1] MapHost scene started at 127.0.0.1:7301
map_1 accepted 127.0.0.1:59569 as conn 1
map_1 accepted 127.0.0.1:59630 as conn 2
map_1 accepted 127.0.0.1:59631 as conn 3
map_1 accepted 127.0.0.1:59632 as conn 4
map_1 accepted 127.0.0.1:59633 as conn 5
map_1 accepted 127.0.0.1:59634 as conn 6
map_1 accepted 127.0.0.1:59635 as conn 7
[map_1] perf_8g_10_185_0_1783931514042 enter map 1 unit 1000
map_1 accepted 127.0.0.1:59638 as conn 8
map_1 accepted 127.0.0.1:59639 as conn 9
[map_1] perf_8g_10_185_2_1783931514043 enter map 1 unit 1001
[map_1] perf_8g_10_185_7_1783931514044 enter map 1 unit 1002
[map_1] perf_8g_10_185_4_1783931514043 enter map 1 unit 1003
[map_1] perf_8g_10_185_1_1783931514043 enter map 1 unit 1004
[map_1] perf_8g_10_185_9_1783931514044 enter map 1 unit 1005
[map_1] perf_8g_10_185_3_1783931514043 enter map 1 unit 1006
[map_1] perf_8g_10_185_5_1783931514044 enter map 1 unit 1007
[map_1] perf_8g_10_185_8_1783931514044 enter map 1 unit 1008
[map_1] perf_8g_10_185_11_1783931514044 enter map 1 unit 1009
[map_1] perf_8g_10_185_10_1783931514044 enter map 1 unit 1010
[map_1] perf_8g_10_185_12_1783931514044 enter map 1 unit 1011
[map_1] perf_8g_10_185_14_1783931514044 enter map 1 unit 1012
[map_1] perf_8g_10_185_13_1783931514044 enter map 1 unit 1013
[map_1] perf_8g_10_185_6_1783931514044 enter map 1 unit 1014
[map_1] perf_8g_10_185_15_1783931514044 enter map 1 unit 1015
[map_1] perf_8g_10_185_16_1783931514068 enter map 1 unit 1016
[map_1] perf_8g_10_185_17_1783931514070 enter map 1 unit 1017
[map_1] perf_8g_10_185_18_1783931514071 enter map 1 unit 1018
[map_1] perf_8g_10_185_19_1783931514072 enter map 1 unit 1019
[map_1] perf_8g_10_185_20_1783931514074 enter map 1 unit 1020
[map_1] perf_8g_10_185_21_1783931514074 enter map 1 unit 1021
[map_1] perf_8g_10_185_22_1783931514074 enter map 1 unit 1022
[map_1] perf_8g_10_185_23_1783931514074 enter map 1 unit 1023
[map_1] perf_8g_10_185_24_1783931514075 enter map 1 unit 1024
[map_1] perf_8g_10_185_27_1783931514075 enter map 1 unit 1025
[map_1] perf_8g_10_185_26_1783931514075 enter map 1 unit 1026
[map_1] perf_8g_10_185_25_1783931514075 enter map 1 unit 1027
[map_1] perf_8g_10_185_30_1783931514076 enter map 1 unit 1028
[map_1] perf_8g_10_185_32_1783931514077 enter map 1 unit 1029
[map_1] perf_8g_10_185_31_1783931514076 enter map 1 unit 1030
[map_1] perf_8g_10_185_29_1783931514076 enter map 1 unit 1031
[map_1] perf_8g_10_185_28_1783931514076 enter map 1 unit 1032
[map_1] perf_8g_10_185_33_1783931514082 enter map 1 unit 1033
[map_1] perf_8g_10_185_34_1783931514085 enter map 1 unit 1034
[map_1] perf_8g_10_185_35_1783931514088 enter map 1 unit 1035
[map_1] perf_8g_10_185_36_1783931514091 enter map 1 unit 1036
[map_1] perf_8g_10_185_37_1783931514092 enter map 1 unit 1037
[map_1] perf_8g_10_185_38_1783931514094 enter map 1 unit 1038
[map_1] perf_8g_10_185_39_1783931514095 enter map 1 unit 1039
[map_1] perf_8g_10_185_40_1783931514096 enter map 1 unit 1040
[map_1] perf_8g_10_185_41_1783931514097 enter map 1 unit 1041
[map_1] perf_8g_10_185_42_1783931514098 enter map 1 unit 1042
[map_1] perf_8g_10_185_43_1783931514098 enter map 1 unit 1043
[map_1] perf_8g_10_185_44_1783931514098 enter map 1 unit 1044
[map_1] perf_8g_10_185_46_1783931514099 enter map 1 unit 1045
[map_1] perf_8g_10_185_47_1783931514099 enter map 1 unit 1046
[map_1] perf_8g_10_185_45_1783931514098 enter map 1 unit 1047
[map_1] perf_8g_10_185_48_1783931514100 enter map 1 unit 1048
[map_1] perf_8g_10_185_49_1783931514100 enter map 1 unit 1049
[map_1] perf_8g_10_185_50_1783931514101 enter map 1 unit 1050
[map_1] perf_8g_10_185_51_1783931514101 enter map 1 unit 1051
[map_1] perf_8g_10_185_52_1783931514103 enter map 1 unit 1052
[map_1] perf_8g_10_185_53_1783931514106 enter map 1 unit 1053
[map_1] perf_8g_10_185_54_1783931514112 enter map 1 unit 1054
[map_1] perf_8g_10_185_55_1783931514114 enter map 1 unit 1055
[map_1] perf_8g_10_185_56_1783931514114 enter map 1 unit 1056
[map_1] perf_8g_10_185_57_1783931514115 enter map 1 unit 1057
[map_1] perf_8g_10_185_58_1783931514116 enter map 1 unit 1058
[map_1] perf_8g_10_185_59_1783931514116 enter map 1 unit 1059
[map_1] perf_8g_10_185_60_1783931514118 enter map 1 unit 1060
[map_1] perf_8g_10_185_61_1783931514119 enter map 1 unit 1061
[map_1] perf_8g_10_185_62_1783931514119 enter map 1 unit 1062
[map_1] perf_8g_10_185_63_1783931514121 enter map 1 unit 1063
[map_1] perf_8g_10_185_64_1783931514121 enter map 1 unit 1064
[map_1] perf_8g_10_185_65_1783931514122 enter map 1 unit 1065
[map_1] perf_8g_10_185_66_1783931514123 enter map 1 unit 1066
[map_1] perf_8g_10_185_67_1783931514124 enter map 1 unit 1067
[map_1] perf_8g_10_185_68_1783931514125 enter map 1 unit 1068
[map_1] perf_8g_10_185_69_1783931514126 enter map 1 unit 1069
[map_1] perf_8g_10_185_70_1783931514132 enter map 1 unit 1070
[map_1] perf_8g_10_185_71_1783931514134 enter map 1 unit 1071
[map_1] perf_8g_10_185_72_1783931514137 enter map 1 unit 1072
[map_1] perf_8g_10_185_74_1783931514138 enter map 1 unit 1073
[map_1] perf_8g_10_185_76_1783931514141 enter map 1 unit 1076
[map_1] perf_8g_10_185_73_1783931514137 enter map 1 unit 1074
[map_1] perf_8g_10_185_75_1783931514138 enter map 1 unit 1075
[map_1] perf_8g_10_185_77_1783931514142 enter map 1 unit 1077
[map_1] perf_8g_10_185_80_1783931514147 enter map 1 unit 1080
[map_1] perf_8g_10_185_78_1783931514144 enter map 1 unit 1078
[map_1] perf_8g_10_185_79_1783931514145 enter map 1 unit 1079
[map_1] perf_8g_10_185_81_1783931514149 enter map 1 unit 1081
[map_1] perf_8g_10_185_82_1783931514149 enter map 1 unit 1084
[map_1] perf_8g_10_185_83_1783931514150 enter map 1 unit 1082
[map_1] perf_8g_10_185_84_1783931514150 enter map 1 unit 1083
[map_1] perf_8g_10_185_88_1783931514163 enter map 1 unit 1085
[map_1] perf_8g_10_185_86_1783931514159 enter map 1 unit 1088
[map_1] perf_8g_10_185_87_1783931514160 enter map 1 unit 1086
[map_1] perf_8g_10_185_85_1783931514151 enter map 1 unit 1087
[map_1] perf_8g_10_185_92_1783931514168 enter map 1 unit 1089
[map_1] perf_8g_10_185_91_1783931514167 enter map 1 unit 1092
[map_1] perf_8g_10_185_89_1783931514166 enter map 1 unit 1090
[map_1] perf_8g_10_185_90_1783931514167 enter map 1 unit 1091
[map_1] perf_8g_10_185_93_1783931514171 enter map 1 unit 1093
[map_1] perf_8g_10_185_94_1783931514172 enter map 1 unit 1094
[map_1] perf_8g_10_185_95_1783931514172 enter map 1 unit 1095
[map_1] perf_8g_10_185_96_1783931514173 enter map 1 unit 1096
[map_1] perf_8g_10_185_97_1783931514177 enter map 1 unit 1097
[map_1] perf_8g_10_185_98_1783931514178 enter map 1 unit 1098
[map_1] perf_8g_10_185_99_1783931514178 enter map 1 unit 1099
[map_1] perf_8g_10_185_100_1783931514179 enter map 1 unit 1100
[map_1] perf_8g_10_185_101_1783931514183 enter map 1 unit 1101
[map_1] perf_8g_10_185_102_1783931514184 enter map 1 unit 1102
[map_1] perf_8g_10_185_103_1783931514184 enter map 1 unit 1103
[map_1] perf_8g_10_185_104_1783931514184 enter map 1 unit 1104
[map_1] perf_8g_10_185_105_1783931514190 enter map 1 unit 1105
[map_1] perf_8g_10_185_106_1783931514191 enter map 1 unit 1106
[map_1] perf_8g_10_185_107_1783931514191 enter map 1 unit 1107
[map_1] perf_8g_10_185_108_1783931514191 enter map 1 unit 1108
[map_1] perf_8g_10_185_109_1783931514194 enter map 1 unit 1109
[map_1] perf_8g_10_185_110_1783931514195 enter map 1 unit 1110
[map_1] perf_8g_10_185_111_1783931514196 enter map 1 unit 1111
[map_1] perf_8g_10_185_112_1783931514196 enter map 1 unit 1112
[map_1] perf_8g_10_185_113_1783931514201 enter map 1 unit 1113
[map_1] perf_8g_10_185_114_1783931514203 enter map 1 unit 1114
[map_1] perf_8g_10_185_115_1783931514204 enter map 1 unit 1115
[map_1] perf_8g_10_185_116_1783931514205 enter map 1 unit 1116
[map_1] perf_8g_10_185_117_1783931514213 enter map 1 unit 1117
[map_1] perf_8g_10_185_118_1783931514216 enter map 1 unit 1118
[map_1] perf_8g_10_185_119_1783931514216 enter map 1 unit 1119
[map_1] perf_8g_10_185_120_1783931514219 enter map 1 unit 1120
[map_1] perf_8g_10_185_121_1783931514223 enter map 1 unit 1121
[map_1] perf_8g_10_185_122_1783931514225 enter map 1 unit 1122
[map_1] perf_8g_10_185_123_1783931514227 enter map 1 unit 1123
[map_1] perf_8g_10_185_124_1783931514228 enter map 1 unit 1124
[map_1] perf_8g_10_185_125_1783931514231 enter map 1 unit 1125
[map_1] perf_8g_10_185_126_1783931514231 enter map 1 unit 1126
[map_1] perf_8g_10_185_127_1783931514233 enter map 1 unit 1127
[map_1] perf_8g_10_185_128_1783931514237 enter map 1 unit 1128
[map_1] perf_8g_10_185_130_1783931514241 enter map 1 unit 1130
[map_1] perf_8g_10_185_129_1783931514239 enter map 1 unit 1129
[map_1] perf_8g_10_185_131_1783931514242 enter map 1 unit 1131
[map_1] perf_8g_10_185_132_1783931514243 enter map 1 unit 1132
[map_1] perf_8g_10_185_133_1783931514253 enter map 1 unit 1133
[map_1] perf_8g_10_185_134_1783931514258 enter map 1 unit 1134
[map_1] perf_8g_10_185_135_1783931514258 enter map 1 unit 1135
[map_1] perf_8g_10_185_136_1783931514262 enter map 1 unit 1136
[map_1] perf_8g_10_185_137_1783931514265 enter map 1 unit 1137
[map_1] perf_8g_10_185_138_1783931514266 enter map 1 unit 1138
[map_1] perf_8g_10_185_139_1783931514269 enter map 1 unit 1139
[map_1] perf_8g_10_185_140_1783931514269 enter map 1 unit 1140
[map_1] perf_8g_10_185_141_1783931514272 enter map 1 unit 1141
[map_1] perf_8g_10_185_142_1783931514274 enter map 1 unit 1142
[map_1] perf_8g_10_185_143_1783931514283 enter map 1 unit 1143
[map_1] perf_8g_10_185_144_1783931514283 enter map 1 unit 1144
[map_1] perf_8g_10_185_146_1783931514285 enter map 1 unit 1146
[map_1] perf_8g_10_185_145_1783931514284 enter map 1 unit 1145
[map_1] perf_8g_10_185_147_1783931514289 enter map 1 unit 1147
[map_1] perf_8g_10_185_149_1783931514292 enter map 1 unit 1149
[map_1] perf_8g_10_185_148_1783931514289 enter map 1 unit 1148
[map_1] perf_8g_10_185_150_1783931514297 enter map 1 unit 1150
[map_1] perf_8g_10_185_151_1783931514300 enter map 1 unit 1151
[map_1] perf_8g_10_185_152_1783931514303 enter map 1 unit 1152
[map_1] perf_8g_10_185_157_1783931514317 enter map 1 unit 1155
[map_1] perf_8g_10_185_153_1783931514308 enter map 1 unit 1153
[map_1] perf_8g_10_185_154_1783931514311 enter map 1 unit 1154
[map_1] perf_8g_10_185_156_1783931514315 enter map 1 unit 1156
[map_1] perf_8g_10_185_158_1783931514319 enter map 1 unit 1159
[map_1] perf_8g_10_185_155_1783931514311 enter map 1 unit 1157
[map_1] perf_8g_10_185_159_1783931514326 enter map 1 unit 1158
[map_1] perf_8g_10_185_160_1783931514333 enter map 1 unit 1160
[map_1] perf_8g_10_185_161_1783931514333 enter map 1 unit 1163
[map_1] perf_8g_10_185_165_1783931514340 enter map 1 unit 1161
[map_1] perf_8g_10_185_162_1783931514334 enter map 1 unit 1162
[map_1] perf_8g_10_185_166_1783931514343 enter map 1 unit 1164
[map_1] perf_8g_10_185_163_1783931514338 enter map 1 unit 1167
[map_1] perf_8g_10_185_164_1783931514338 enter map 1 unit 1165
[map_1] perf_8g_10_185_167_1783931514344 enter map 1 unit 1166
[map_1] perf_8g_10_185_170_1783931514356 enter map 1 unit 1168
[map_1] perf_8g_10_185_168_1783931514353 enter map 1 unit 1171
[map_1] perf_8g_10_185_169_1783931514354 enter map 1 unit 1169
[map_1] perf_8g_10_185_173_1783931514366 enter map 1 unit 1170
[map_1] perf_8g_10_185_171_1783931514357 enter map 1 unit 1172
[map_1] perf_8g_10_185_172_1783931514365 enter map 1 unit 1175
[map_1] perf_8g_10_185_175_1783931514368 enter map 1 unit 1173
[map_1] perf_8g_10_185_174_1783931514367 enter map 1 unit 1174
[map_1] perf_8g_10_185_177_1783931514375 enter map 1 unit 1176
[map_1] perf_8g_10_185_178_1783931514376 enter map 1 unit 1179
[map_1] perf_8g_10_185_176_1783931514374 enter map 1 unit 1177
[map_1] perf_8g_10_185_182_1783931514387 enter map 1 unit 1178
[map_1] perf_8g_10_185_180_1783931514384 enter map 1 unit 1180
[map_1] perf_8g_10_185_183_1783931514396 enter map 1 unit 1183
[map_1] perf_8g_10_185_181_1783931514386 enter map 1 unit 1181
[map_1] perf_8g_10_185_179_1783931514377 enter map 1 unit 1182
[map_1] perf_8g_10_185_184_1783931514397 enter map 1 unit 1184
[metrics:inner_transport] active=8 opened=8 pending=0 max_pending=0 overloads=0 timeouts=0 disconnected_calls=0 late_responses=0 idle_closes=0
[process-metrics] process=map1 cpu_percent=135.44 cpu_time_ms=6812 rss_bytes=166768640 v8_heap_used_bytes=22173008 v8_heap_total_bytes=78651392 v8_gc_count=115 v8_gc_ms=79.355 timestamp_ms=1783931518815
[metrics:map1] scene=map_1 type=MapHost processed=9219 failed=0 ts_queue=0 ts_max_queue=164 rust_queue=31 rust_max_queue=164 backpressure=0 slow_disconnects=0 update_ms=56.00 handler_ms=56.00 max_handler_ms=60.00 total_handler_ms=133131.00
[metrics:inner_transport] active=8 opened=8 pending=0 max_pending=0 overloads=0 timeouts=0 disconnected_calls=0 late_responses=0 idle_closes=0
[process-metrics] process=map1 cpu_percent=124.47 cpu_time_ms=13078 rss_bytes=166576128 v8_heap_used_bytes=6661912 v8_heap_total_bytes=78651392 v8_gc_count=202 v8_gc_ms=147.005 timestamp_ms=1783931523850
[metrics:map1] scene=map_1 type=MapHost processed=19425 failed=0 ts_queue=0 ts_max_queue=164 rust_queue=182 rust_max_queue=182 backpressure=0 slow_disconnects=0 update_ms=42.00 handler_ms=42.00 max_handler_ms=74.00 total_handler_ms=310561.00
[metrics:inner_transport] active=8 opened=8 pending=0 max_pending=0 overloads=0 timeouts=0 disconnected_calls=0 late_responses=0 idle_closes=0
[process-metrics] process=map1 cpu_percent=119.99 cpu_time_ms=19078 rss_bytes=124297216 v8_heap_used_bytes=15201944 v8_heap_total_bytes=78651392 v8_gc_count=289 v8_gc_ms=217.079 timestamp_ms=1783931528850
[metrics:map1] scene=map_1 type=MapHost processed=29600 failed=0 ts_queue=0 ts_max_queue=182 rust_queue=185 rust_max_queue=185 backpressure=0 slow_disconnects=0 update_ms=0.00 handler_ms=4.00 max_handler_ms=91.00 total_handler_ms=503278.00
[metrics:inner_transport] active=8 opened=8 pending=0 max_pending=0 overloads=0 timeouts=0 disconnected_calls=0 late_responses=0 idle_closes=0
[process-metrics] process=map1 cpu_percent=103.93 cpu_time_ms=24296 rss_bytes=124149760 v8_heap_used_bytes=7176104 v8_heap_total_bytes=78651392 v8_gc_count=377 v8_gc_ms=328.752 timestamp_ms=1783931533871
[metrics:map1] scene=map_1 type=MapHost processed=39775 failed=0 ts_queue=0 ts_max_queue=185 rust_queue=168 rust_max_queue=185 backpressure=0 slow_disconnects=0 update_ms=15.00 handler_ms=15.00 max_handler_ms=91.00 total_handler_ms=785373.00
[metrics:inner_transport] active=8 opened=8 pending=0 max_pending=0 overloads=0 timeouts=0 disconnected_calls=0 late_responses=0 idle_closes=0
[process-metrics] process=map1 cpu_percent=88.21 cpu_time_ms=28703 rss_bytes=124588032 v8_heap_used_bytes=24647768 v8_heap_total_bytes=78651392 v8_gc_count=464 v8_gc_ms=449.545 timestamp_ms=1783931538867
[metrics:map1] scene=map_1 type=MapHost processed=49966 failed=0 ts_queue=0 ts_max_queue=185 rust_queue=165 rust_max_queue=185 backpressure=0 slow_disconnects=0 update_ms=2.00 handler_ms=2.00 max_handler_ms=91.00 total_handler_ms=1094464.00
[metrics:inner_transport] active=8 opened=8 pending=0 max_pending=0 overloads=0 timeouts=0 disconnected_calls=0 late_responses=0 idle_closes=0
[process-metrics] process=map1 cpu_percent=108.35 cpu_time_ms=34109 rss_bytes=125059072 v8_heap_used_bytes=20017152 v8_heap_total_bytes=78651392 v8_gc_count=551 v8_gc_ms=554.794 timestamp_ms=1783931543856
[metrics:map1] scene=map_1 type=MapHost processed=60145 failed=0 ts_queue=0 ts_max_queue=185 rust_queue=165 rust_max_queue=185 backpressure=0 slow_disconnects=0 update_ms=2.00 handler_ms=2.00 max_handler_ms=91.00 total_handler_ms=1331121.00
[metrics:inner_transport] active=8 opened=8 pending=0 max_pending=0 overloads=0 timeouts=0 disconnected_calls=0 late_responses=0 idle_closes=0
[process-metrics] process=map1 cpu_percent=116.50 cpu_time_ms=39937 rss_bytes=125464576 v8_heap_used_bytes=23406712 v8_heap_total_bytes=78651392 v8_gc_count=637 v8_gc_ms=613.772 timestamp_ms=1783931548859
[metrics:map1] scene=map_1 type=MapHost processed=70344 failed=0 ts_queue=0 ts_max_queue=185 rust_queue=141 rust_max_queue=185 backpressure=0 slow_disconnects=0 update_ms=3.00 handler_ms=3.00 max_handler_ms=91.00 total_handler_ms=1471736.00
[metrics:inner_transport] active=8 opened=8 pending=0 max_pending=0 overloads=0 timeouts=0 disconnected_calls=0 late_responses=0 idle_closes=0
[process-metrics] process=map1 cpu_percent=124.90 cpu_time_ms=46187 rss_bytes=125968384 v8_heap_used_bytes=18278336 v8_heap_total_bytes=78651392 v8_gc_count=723 v8_gc_ms=674.677 timestamp_ms=1783931553862
[metrics:map1] scene=map_1 type=MapHost processed=80514 failed=0 ts_queue=0 ts_max_queue=185 rust_queue=126 rust_max_queue=185 backpressure=0 slow_disconnects=0 update_ms=4.00 handler_ms=4.00 max_handler_ms=91.00 total_handler_ms=1619221.00
[map_1] perf_8g_10_185_0_1783931514042 leave map 1 unit 1000
[map_1] perf_8g_10_185_3_1783931514043 leave map 1 unit 1006
[map_1] perf_8g_10_185_1_1783931514043 leave map 1 unit 1004
[map_1] perf_8g_10_185_56_1783931514114 leave map 1 unit 1056
[map_1] perf_8g_10_185_2_1783931514043 leave map 1 unit 1001
[map_1] perf_8g_10_185_10_1783931514044 leave map 1 unit 1010
[map_1] perf_8g_10_185_55_1783931514114 leave map 1 unit 1055
[map_1] perf_8g_10_185_54_1783931514112 leave map 1 unit 1054
[map_1] perf_8g_10_185_8_1783931514044 leave map 1 unit 1008
[map_1] perf_8g_10_185_52_1783931514103 leave map 1 unit 1052
[map_1] perf_8g_10_185_6_1783931514044 leave map 1 unit 1014
[map_1] perf_8g_10_185_50_1783931514101 leave map 1 unit 1050
[map_1] perf_8g_10_185_5_1783931514044 leave map 1 unit 1007
[map_1] perf_8g_10_185_51_1783931514101 leave map 1 unit 1051
[map_1] perf_8g_10_185_49_1783931514100 leave map 1 unit 1049
[map_1] perf_8g_10_185_7_1783931514044 leave map 1 unit 1002
[map_1] perf_8g_10_185_48_1783931514100 leave map 1 unit 1048
[map_1] perf_8g_10_185_9_1783931514044 leave map 1 unit 1005
[map_1] perf_8g_10_185_47_1783931514099 leave map 1 unit 1046
[map_1] perf_8g_10_185_46_1783931514099 leave map 1 unit 1045
[map_1] perf_8g_10_185_4_1783931514043 leave map 1 unit 1003
[map_1] perf_8g_10_185_44_1783931514098 leave map 1 unit 1044
[map_1] perf_8g_10_185_11_1783931514044 leave map 1 unit 1009
[map_1] perf_8g_10_185_43_1783931514098 leave map 1 unit 1043
[map_1] perf_8g_10_185_12_1783931514044 leave map 1 unit 1011
[map_1] perf_8g_10_185_42_1783931514098 leave map 1 unit 1042
[map_1] perf_8g_10_185_41_1783931514097 leave map 1 unit 1041
[map_1] perf_8g_10_185_13_1783931514044 leave map 1 unit 1013
[map_1] perf_8g_10_185_40_1783931514096 leave map 1 unit 1040
[map_1] perf_8g_10_185_14_1783931514044 leave map 1 unit 1012
[map_1] perf_8g_10_185_16_1783931514068 leave map 1 unit 1016
[map_1] perf_8g_10_185_38_1783931514094 leave map 1 unit 1038
[map_1] perf_8g_10_185_17_1783931514070 leave map 1 unit 1017
[map_1] perf_8g_10_185_39_1783931514095 leave map 1 unit 1039
[map_1] perf_8g_10_185_37_1783931514092 leave map 1 unit 1037
[map_1] perf_8g_10_185_15_1783931514044 leave map 1 unit 1015
[map_1] perf_8g_10_185_36_1783931514091 leave map 1 unit 1036
[map_1] perf_8g_10_185_19_1783931514072 leave map 1 unit 1019
[map_1] perf_8g_10_185_35_1783931514088 leave map 1 unit 1035
[map_1] perf_8g_10_185_18_1783931514071 leave map 1 unit 1018
[map_1] perf_8g_10_185_34_1783931514085 leave map 1 unit 1034
[map_1] perf_8g_10_185_20_1783931514074 leave map 1 unit 1020
[map_1] perf_8g_10_185_32_1783931514077 leave map 1 unit 1029
[map_1] perf_8g_10_185_21_1783931514074 leave map 1 unit 1021
[map_1] perf_8g_10_185_33_1783931514082 leave map 1 unit 1033
[map_1] perf_8g_10_185_25_1783931514075 leave map 1 unit 1027
[map_1] perf_8g_10_185_29_1783931514076 leave map 1 unit 1031
[map_1] perf_8g_10_185_22_1783931514074 leave map 1 unit 1022
[map_1] perf_8g_10_185_31_1783931514076 leave map 1 unit 1030
[map_1] perf_8g_10_185_23_1783931514074 leave map 1 unit 1023
[map_1] perf_8g_10_185_28_1783931514076 leave map 1 unit 1032
[map_1] perf_8g_10_185_27_1783931514075 leave map 1 unit 1025
[map_1] perf_8g_10_185_26_1783931514075 leave map 1 unit 1026
[map_1] perf_8g_10_185_24_1783931514075 leave map 1 unit 1024
[map_1] perf_8g_10_185_30_1783931514076 leave map 1 unit 1028
[map_1] perf_8g_10_185_182_1783931514387 leave map 1 unit 1178
[map_1] perf_8g_10_185_58_1783931514116 leave map 1 unit 1058
[map_1] perf_8g_10_185_173_1783931514366 leave map 1 unit 1170
[map_1] perf_8g_10_185_165_1783931514340 leave map 1 unit 1161
[map_1] perf_8g_10_185_157_1783931514317 leave map 1 unit 1155
[map_1] perf_8g_10_185_149_1783931514292 leave map 1 unit 1149
[map_1] perf_8g_10_185_141_1783931514272 leave map 1 unit 1141
[map_1] perf_8g_10_185_133_1783931514253 leave map 1 unit 1133
[map_1] perf_8g_10_185_125_1783931514231 leave map 1 unit 1125
[map_1] perf_8g_10_185_117_1783931514213 leave map 1 unit 1117
[map_1] perf_8g_10_185_109_1783931514194 leave map 1 unit 1109
[map_1] perf_8g_10_185_101_1783931514183 leave map 1 unit 1101
[map_1] perf_8g_10_185_93_1783931514171 leave map 1 unit 1093
[map_1] perf_8g_10_185_85_1783931514151 leave map 1 unit 1087
[map_1] perf_8g_10_185_184_1783931514397 leave map 1 unit 1184
[map_1] perf_8g_10_185_183_1783931514396 leave map 1 unit 1183
[map_1] perf_8g_10_185_181_1783931514386 leave map 1 unit 1181
[map_1] perf_8g_10_185_59_1783931514116 leave map 1 unit 1059
[map_1] perf_8g_10_185_180_1783931514384 leave map 1 unit 1180
[map_1] perf_8g_10_185_179_1783931514377 leave map 1 unit 1182
[map_1] perf_8g_10_185_178_1783931514376 leave map 1 unit 1179
[map_1] perf_8g_10_185_177_1783931514375 leave map 1 unit 1176
[map_1] perf_8g_10_185_176_1783931514374 leave map 1 unit 1177
[map_1] perf_8g_10_185_175_1783931514368 leave map 1 unit 1173
[map_1] perf_8g_10_185_174_1783931514367 leave map 1 unit 1174
[map_1] perf_8g_10_185_57_1783931514115 leave map 1 unit 1057
[map_1] perf_8g_10_185_172_1783931514365 leave map 1 unit 1175
[map_1] perf_8g_10_185_171_1783931514357 leave map 1 unit 1172
[map_1] perf_8g_10_185_170_1783931514356 leave map 1 unit 1168
[map_1] perf_8g_10_185_169_1783931514354 leave map 1 unit 1169
[map_1] perf_8g_10_185_168_1783931514353 leave map 1 unit 1171
[map_1] perf_8g_10_185_60_1783931514118 leave map 1 unit 1060
[map_1] perf_8g_10_185_166_1783931514343 leave map 1 unit 1164
[map_1] perf_8g_10_185_167_1783931514344 leave map 1 unit 1166
[map_1] perf_8g_10_185_164_1783931514338 leave map 1 unit 1165
[map_1] perf_8g_10_185_163_1783931514338 leave map 1 unit 1167
[map_1] perf_8g_10_185_62_1783931514119 leave map 1 unit 1062
[map_1] perf_8g_10_185_161_1783931514333 leave map 1 unit 1163
[map_1] perf_8g_10_185_162_1783931514334 leave map 1 unit 1162
[map_1] perf_8g_10_185_160_1783931514333 leave map 1 unit 1160
[map_1] perf_8g_10_185_159_1783931514326 leave map 1 unit 1158
[map_1] perf_8g_10_185_63_1783931514121 leave map 1 unit 1063
[map_1] perf_8g_10_185_158_1783931514319 leave map 1 unit 1159
[map_1] perf_8g_10_185_156_1783931514315 leave map 1 unit 1156
[map_1] perf_8g_10_185_155_1783931514311 leave map 1 unit 1157
[map_1] perf_8g_10_185_64_1783931514121 leave map 1 unit 1064
[map_1] perf_8g_10_185_154_1783931514311 leave map 1 unit 1154
[map_1] perf_8g_10_185_152_1783931514303 leave map 1 unit 1152
[map_1] perf_8g_10_185_153_1783931514308 leave map 1 unit 1153
[map_1] perf_8g_10_185_151_1783931514300 leave map 1 unit 1151
[map_1] perf_8g_10_185_67_1783931514124 leave map 1 unit 1067
[map_1] perf_8g_10_185_150_1783931514297 leave map 1 unit 1150
[map_1] perf_8g_10_185_148_1783931514289 leave map 1 unit 1148
[map_1] perf_8g_10_185_65_1783931514122 leave map 1 unit 1065
[map_1] perf_8g_10_185_147_1783931514289 leave map 1 unit 1147
[map_1] perf_8g_10_185_145_1783931514284 leave map 1 unit 1145
[map_1] perf_8g_10_185_146_1783931514285 leave map 1 unit 1146
[map_1] perf_8g_10_185_68_1783931514125 leave map 1 unit 1068
[map_1] perf_8g_10_185_143_1783931514283 leave map 1 unit 1143
[map_1] perf_8g_10_185_144_1783931514283 leave map 1 unit 1144
[map_1] perf_8g_10_185_142_1783931514274 leave map 1 unit 1142
[map_1] perf_8g_10_185_66_1783931514123 leave map 1 unit 1066
[map_1] perf_8g_10_185_139_1783931514269 leave map 1 unit 1139
[map_1] perf_8g_10_185_140_1783931514269 leave map 1 unit 1140
[map_1] perf_8g_10_185_70_1783931514132 leave map 1 unit 1070
[map_1] perf_8g_10_185_138_1783931514266 leave map 1 unit 1138
[map_1] perf_8g_10_185_137_1783931514265 leave map 1 unit 1137
[map_1] perf_8g_10_185_136_1783931514262 leave map 1 unit 1136
[map_1] perf_8g_10_185_71_1783931514134 leave map 1 unit 1071
[map_1] perf_8g_10_185_135_1783931514258 leave map 1 unit 1135
[map_1] perf_8g_10_185_134_1783931514258 leave map 1 unit 1134
[map_1] perf_8g_10_185_72_1783931514137 leave map 1 unit 1072
[map_1] perf_8g_10_185_132_1783931514243 leave map 1 unit 1132
[map_1] perf_8g_10_185_131_1783931514242 leave map 1 unit 1131
[map_1] perf_8g_10_185_75_1783931514138 leave map 1 unit 1075
[map_1] perf_8g_10_185_130_1783931514241 leave map 1 unit 1130
[map_1] perf_8g_10_185_129_1783931514239 leave map 1 unit 1129
[map_1] perf_8g_10_185_73_1783931514137 leave map 1 unit 1074
[map_1] perf_8g_10_185_74_1783931514138 leave map 1 unit 1073
[map_1] perf_8g_10_185_128_1783931514237 leave map 1 unit 1128
[map_1] perf_8g_10_185_127_1783931514233 leave map 1 unit 1127
[map_1] perf_8g_10_185_76_1783931514141 leave map 1 unit 1076
[map_1] perf_8g_10_185_126_1783931514231 leave map 1 unit 1126
[map_1] perf_8g_10_185_124_1783931514228 leave map 1 unit 1124
[map_1] perf_8g_10_185_78_1783931514144 leave map 1 unit 1078
[map_1] perf_8g_10_185_123_1783931514227 leave map 1 unit 1123
[map_1] perf_8g_10_185_122_1783931514225 leave map 1 unit 1122
[map_1] perf_8g_10_185_79_1783931514145 leave map 1 unit 1079
[map_1] perf_8g_10_185_121_1783931514223 leave map 1 unit 1121
[map_1] perf_8g_10_185_120_1783931514219 leave map 1 unit 1120
[map_1] perf_8g_10_185_81_1783931514149 leave map 1 unit 1081
[map_1] perf_8g_10_185_77_1783931514142 leave map 1 unit 1077
[map_1] perf_8g_10_185_119_1783931514216 leave map 1 unit 1119
[map_1] perf_8g_10_185_80_1783931514147 leave map 1 unit 1080
[map_1] perf_8g_10_185_69_1783931514126 leave map 1 unit 1069
[map_1] perf_8g_10_185_118_1783931514216 leave map 1 unit 1118
[map_1] perf_8g_10_185_82_1783931514149 leave map 1 unit 1084
[map_1] perf_8g_10_185_83_1783931514150 leave map 1 unit 1082
[map_1] perf_8g_10_185_116_1783931514205 leave map 1 unit 1116
[map_1] perf_8g_10_185_84_1783931514150 leave map 1 unit 1083
[map_1] perf_8g_10_185_61_1783931514119 leave map 1 unit 1061
[map_1] perf_8g_10_185_114_1783931514203 leave map 1 unit 1114
[map_1] perf_8g_10_185_86_1783931514159 leave map 1 unit 1088
[map_1] perf_8g_10_185_115_1783931514204 leave map 1 unit 1115
[map_1] perf_8g_10_185_113_1783931514201 leave map 1 unit 1113
[map_1] perf_8g_10_185_88_1783931514163 leave map 1 unit 1085
[map_1] perf_8g_10_185_53_1783931514106 leave map 1 unit 1053
[map_1] perf_8g_10_185_87_1783931514160 leave map 1 unit 1086
[map_1] perf_8g_10_185_90_1783931514167 leave map 1 unit 1091
[map_1] perf_8g_10_185_110_1783931514195 leave map 1 unit 1110
[map_1] perf_8g_10_185_108_1783931514191 leave map 1 unit 1108
[map_1] perf_8g_10_185_89_1783931514166 leave map 1 unit 1090
[map_1] perf_8g_10_185_112_1783931514196 leave map 1 unit 1112
[map_1] perf_8g_10_185_107_1783931514191 leave map 1 unit 1107
[map_1] perf_8g_10_185_92_1783931514168 leave map 1 unit 1089
[map_1] perf_8g_10_185_106_1783931514191 leave map 1 unit 1106
[map_1] perf_8g_10_185_91_1783931514167 leave map 1 unit 1092
[map_1] perf_8g_10_185_105_1783931514190 leave map 1 unit 1105
[map_1] perf_8g_10_185_111_1783931514196 leave map 1 unit 1111
[map_1] perf_8g_10_185_94_1783931514172 leave map 1 unit 1094
[map_1] perf_8g_10_185_95_1783931514172 leave map 1 unit 1095
[map_1] perf_8g_10_185_45_1783931514098 leave map 1 unit 1047
[map_1] perf_8g_10_185_96_1783931514173 leave map 1 unit 1096
[map_1] perf_8g_10_185_104_1783931514184 leave map 1 unit 1104
[map_1] perf_8g_10_185_103_1783931514184 leave map 1 unit 1103
[map_1] perf_8g_10_185_98_1783931514178 leave map 1 unit 1098
[map_1] perf_8g_10_185_99_1783931514178 leave map 1 unit 1099
[map_1] perf_8g_10_185_102_1783931514184 leave map 1 unit 1102
[map_1] perf_8g_10_185_97_1783931514177 leave map 1 unit 1097
[map_1] perf_8g_10_185_100_1783931514179 leave map 1 unit 1100
