starting process log with one V8 and 1 scene(s) from E:\VsCode\skynet\ets_runtime\perf\results\runtime_configs\map_capacity_20260713_083029\185p_8g_r2\log.json
scene log (Log) listening on 127.0.0.1:7100
[process:log] one V8 started with 1 scene(s)
[log] Log scene started at 127.0.0.1:7100
log accepted 127.0.0.1:55971 as conn 1
log accepted 127.0.0.1:56013 as conn 2
[log] [login_1] perf_8g_10_185_0_1783931471901 login count 1
[log] [login_1] perf_8g_10_185_1_1783931471903 login count 1
[log] [login_1] perf_8g_10_185_5_1783931471903 login count 1
[log] [login_1] perf_8g_10_185_3_1783931471903 login count 1
[log] [login_1] perf_8g_10_185_7_1783931471903 login count 1
[log] [login_1] perf_8g_10_185_2_1783931471903 login count 1
[log] [login_1] perf_8g_10_185_4_1783931471903 login count 1
[log] [login_1] perf_8g_10_185_8_1783931471903 login count 1
[log] [login_1] perf_8g_10_185_6_1783931471903 login count 1
[log] [login_1] perf_8g_10_185_9_1783931471903 login count 1
[log] [login_1] perf_8g_10_185_10_1783931471903 login count 1
[log] [login_1] perf_8g_10_185_11_1783931471903 login count 1
[log] [login_1] perf_8g_10_185_12_1783931471903 login count 1
[log] [login_1] perf_8g_10_185_13_1783931471903 login count 1
[log] [login_1] perf_8g_10_185_14_1783931471903 login count 1
[log] [login_1] perf_8g_10_185_15_1783931471903 login count 1
log accepted 127.0.0.1:56039 as conn 3
[log] [gate_1] perf_8g_10_185_0_1783931471901 enter map_1 as unit 1000
log accepted 127.0.0.1:56051 as conn 4
log accepted 127.0.0.1:56052 as conn 5
log accepted 127.0.0.1:56049 as conn 6
log accepted 127.0.0.1:56050 as conn 7
log accepted 127.0.0.1:56048 as conn 8
log accepted 127.0.0.1:56054 as conn 9
log accepted 127.0.0.1:56053 as conn 10
[log] [gate_4] perf_8g_10_185_3_1783931471903 enter map_1 as unit 1006
[log] [gate_6] perf_8g_10_185_2_1783931471903 enter map_1 as unit 1007
[log] [gate_7] perf_8g_10_185_4_1783931471903 enter map_1 as unit 1002
[log] [gate_2] perf_8g_10_185_1_1783931471903 enter map_1 as unit 1001
[log] [gate_8] perf_8g_10_185_8_1783931471903 enter map_1 as unit 1003
[log] [gate_3] perf_8g_10_185_5_1783931471903 enter map_1 as unit 1005
[log] [gate_1] perf_8g_10_185_6_1783931471903 enter map_1 as unit 1008
[log] [login_1] perf_8g_10_185_16_1783931471927 login count 1
[log] [gate_7] perf_8g_10_185_14_1783931471903 enter map_1 as unit 1009
[log] [login_1] perf_8g_10_185_17_1783931471929 login count 1
[log] [gate_8] perf_8g_10_185_15_1783931471903 enter map_1 as unit 1010
[log] [gate_4] perf_8g_10_185_11_1783931471903 enter map_1 as unit 1013
[log] [gate_2] perf_8g_10_185_9_1783931471903 enter map_1 as unit 1011
[log] [gate_3] perf_8g_10_185_10_1783931471903 enter map_1 as unit 1014
[log] [gate_6] perf_8g_10_185_13_1783931471903 enter map_1 as unit 1012
[log] [gate_1] perf_8g_10_185_16_1783931471927 enter map_1 as unit 1015
[log] [login_1] perf_8g_10_185_18_1783931471931 login count 1
[log] [login_1] perf_8g_10_185_19_1783931471931 login count 1
[log] [gate_2] perf_8g_10_185_17_1783931471929 enter map_1 as unit 1016
[log] [gate_5] perf_8g_10_185_7_1783931471903 enter map_1 as unit 1004
[log] [login_1] perf_8g_10_185_20_1783931471933 login count 1
[log] [gate_5] perf_8g_10_185_12_1783931471903 enter map_1 as unit 1017
[log] [login_1] perf_8g_10_185_21_1783931471933 login count 1
[log] [login_1] perf_8g_10_185_22_1783931471934 login count 1
[log] [login_1] perf_8g_10_185_23_1783931471934 login count 1
[log] [gate_3] perf_8g_10_185_18_1783931471931 enter map_1 as unit 1018
[log] [login_1] perf_8g_10_185_24_1783931471934 login count 1
[log] [login_1] perf_8g_10_185_26_1783931471935 login count 1
[log] [login_1] perf_8g_10_185_25_1783931471934 login count 1
[log] [login_1] perf_8g_10_185_28_1783931471935 login count 1
[log] [login_1] perf_8g_10_185_27_1783931471935 login count 1
[log] [login_1] perf_8g_10_185_29_1783931471935 login count 1
[log] [gate_4] perf_8g_10_185_19_1783931471931 enter map_1 as unit 1019
[log] [login_1] perf_8g_10_185_30_1783931471936 login count 1
[log] [login_1] perf_8g_10_185_31_1783931471941 login count 1
[log] [gate_5] perf_8g_10_185_20_1783931471933 enter map_1 as unit 1020
[log] [login_1] perf_8g_10_185_32_1783931471941 login count 1
[log] [login_1] perf_8g_10_185_33_1783931471942 login count 1
[log] [gate_8] perf_8g_10_185_23_1783931471934 enter map_1 as unit 1021
[log] [login_1] perf_8g_10_185_34_1783931471945 login count 1
[log] [login_1] perf_8g_10_185_35_1783931471946 login count 1
[log] [gate_6] perf_8g_10_185_21_1783931471933 enter map_1 as unit 1022
[log] [gate_4] perf_8g_10_185_28_1783931471935 enter map_1 as unit 1026
[log] [gate_2] perf_8g_10_185_26_1783931471935 enter map_1 as unit 1025
[log] [gate_3] perf_8g_10_185_25_1783931471934 enter map_1 as unit 1027
[log] [gate_7] perf_8g_10_185_22_1783931471934 enter map_1 as unit 1024
[log] [gate_1] perf_8g_10_185_24_1783931471934 enter map_1 as unit 1023
[log] [gate_5] perf_8g_10_185_27_1783931471935 enter map_1 as unit 1028
[log] [gate_8] perf_8g_10_185_31_1783931471941 enter map_1 as unit 1029
[log] [gate_7] perf_8g_10_185_30_1783931471936 enter map_1 as unit 1030
[log] [login_1] perf_8g_10_185_36_1783931471951 login count 1
[log] [gate_6] perf_8g_10_185_29_1783931471935 enter map_1 as unit 1031
[log] [gate_3] perf_8g_10_185_34_1783931471945 enter map_1 as unit 1032
[log] [login_1] perf_8g_10_185_37_1783931471952 login count 1
[log] [gate_2] perf_8g_10_185_33_1783931471942 enter map_1 as unit 1034
[log] [gate_1] perf_8g_10_185_32_1783931471941 enter map_1 as unit 1033
[log] [gate_4] perf_8g_10_185_35_1783931471946 enter map_1 as unit 1035
[log] [login_1] perf_8g_10_185_38_1783931471955 login count 1
[log] [login_1] perf_8g_10_185_39_1783931471955 login count 1
[log] [login_1] perf_8g_10_185_40_1783931471955 login count 1
[log] [login_1] perf_8g_10_185_41_1783931471956 login count 1
[log] [login_1] perf_8g_10_185_42_1783931471956 login count 1
[log] [login_1] perf_8g_10_185_43_1783931471957 login count 1
[log] [gate_5] perf_8g_10_185_36_1783931471951 enter map_1 as unit 1036
[log] [login_1] perf_8g_10_185_44_1783931471958 login count 1
[log] [login_1] perf_8g_10_185_45_1783931471959 login count 1
[log] [login_1] perf_8g_10_185_46_1783931471960 login count 1
[log] [gate_6] perf_8g_10_185_37_1783931471952 enter map_1 as unit 1037
[log] [login_1] perf_8g_10_185_47_1783931471960 login count 1
[log] [login_1] perf_8g_10_185_48_1783931471962 login count 1
[log] [login_1] perf_8g_10_185_49_1783931471963 login count 1
[log] [login_1] perf_8g_10_185_50_1783931471963 login count 1
[log] [login_1] perf_8g_10_185_51_1783931471964 login count 1
[log] [gate_7] perf_8g_10_185_38_1783931471955 enter map_1 as unit 1038
[log] [login_1] perf_8g_10_185_52_1783931471970 login count 1
[log] [login_1] perf_8g_10_185_53_1783931471972 login count 1
[log] [gate_4] perf_8g_10_185_43_1783931471957 enter map_1 as unit 1043
[log] [gate_3] perf_8g_10_185_42_1783931471956 enter map_1 as unit 1040
[log] [gate_8] perf_8g_10_185_39_1783931471955 enter map_1 as unit 1041
[log] [gate_1] perf_8g_10_185_40_1783931471955 enter map_1 as unit 1039
[log] [gate_2] perf_8g_10_185_41_1783931471956 enter map_1 as unit 1042
[log] [login_1] perf_8g_10_185_54_1783931471976 login count 1
[log] [gate_5] perf_8g_10_185_44_1783931471958 enter map_1 as unit 1044
[log] [gate_7] perf_8g_10_185_46_1783931471960 enter map_1 as unit 1046
[log] [gate_6] perf_8g_10_185_45_1783931471959 enter map_1 as unit 1045
[log] [gate_8] perf_8g_10_185_47_1783931471960 enter map_1 as unit 1047
[log] [gate_4] perf_8g_10_185_51_1783931471964 enter map_1 as unit 1049
[log] [gate_2] perf_8g_10_185_49_1783931471963 enter map_1 as unit 1048
[log] [gate_1] perf_8g_10_185_48_1783931471962 enter map_1 as unit 1050
[log] [gate_3] perf_8g_10_185_50_1783931471963 enter map_1 as unit 1051
[log] [gate_5] perf_8g_10_185_52_1783931471970 enter map_1 as unit 1054
[log] [gate_7] perf_8g_10_185_54_1783931471976 enter map_1 as unit 1052
[log] [gate_6] perf_8g_10_185_53_1783931471972 enter map_1 as unit 1053
[log] [login_1] perf_8g_10_185_56_1783931471979 login count 1
[log] [login_1] perf_8g_10_185_55_1783931471978 login count 1
[log] [login_1] perf_8g_10_185_57_1783931471979 login count 1
[log] [login_1] perf_8g_10_185_58_1783931471980 login count 1
[log] [login_1] perf_8g_10_185_59_1783931471980 login count 1
[log] [login_1] perf_8g_10_185_60_1783931471981 login count 1
[log] [login_1] perf_8g_10_185_61_1783931471982 login count 1
[log] [login_1] perf_8g_10_185_62_1783931471982 login count 1
[log] [login_1] perf_8g_10_185_63_1783931471983 login count 1
[log] [login_1] perf_8g_10_185_64_1783931471986 login count 1
[log] [login_1] perf_8g_10_185_65_1783931471986 login count 1
[log] [login_1] perf_8g_10_185_66_1783931471988 login count 1
[log] [login_1] perf_8g_10_185_67_1783931471988 login count 1
[log] [login_1] perf_8g_10_185_68_1783931471990 login count 1
[log] [login_1] perf_8g_10_185_69_1783931471990 login count 1
[log] [gate_8] perf_8g_10_185_56_1783931471979 enter map_1 as unit 1055
[log] [login_1] perf_8g_10_185_70_1783931471991 login count 1
[log] [gate_1] perf_8g_10_185_55_1783931471978 enter map_1 as unit 1056
[log] [gate_3] perf_8g_10_185_58_1783931471980 enter map_1 as unit 1057
[log] [gate_2] perf_8g_10_185_57_1783931471979 enter map_1 as unit 1058
[log] [login_1] perf_8g_10_185_71_1783931472000 login count 1
[log] [gate_5] perf_8g_10_185_60_1783931471981 enter map_1 as unit 1060
[log] [gate_4] perf_8g_10_185_59_1783931471980 enter map_1 as unit 1059
[log] [gate_7] perf_8g_10_185_62_1783931471982 enter map_1 as unit 1062
[log] [gate_6] perf_8g_10_185_61_1783931471982 enter map_1 as unit 1061
[log] [login_1] perf_8g_10_185_72_1783931472002 login count 1
[log] [login_1] perf_8g_10_185_73_1783931472003 login count 1
[log] [login_1] perf_8g_10_185_74_1783931472003 login count 1
[log] [gate_2] perf_8g_10_185_65_1783931471986 enter map_1 as unit 1065
[log] [gate_1] perf_8g_10_185_64_1783931471986 enter map_1 as unit 1064
[log] [gate_8] perf_8g_10_185_63_1783931471983 enter map_1 as unit 1063
[log] [gate_3] perf_8g_10_185_66_1783931471988 enter map_1 as unit 1066
[log] [login_1] perf_8g_10_185_75_1783931472007 login count 1
[log] [gate_6] perf_8g_10_185_69_1783931471990 enter map_1 as unit 1068
[log] [gate_5] perf_8g_10_185_68_1783931471990 enter map_1 as unit 1067
[log] [login_1] perf_8g_10_185_76_1783931472009 login count 1
[log] [gate_7] perf_8g_10_185_70_1783931471991 enter map_1 as unit 1069
[log] [gate_4] perf_8g_10_185_67_1783931471988 enter map_1 as unit 1070
[log] [login_1] perf_8g_10_185_77_1783931472009 login count 1
[log] [login_1] perf_8g_10_185_78_1783931472010 login count 1
[log] [gate_1] perf_8g_10_185_72_1783931472002 enter map_1 as unit 1072
[log] [gate_3] perf_8g_10_185_74_1783931472003 enter map_1 as unit 1071
[log] [gate_8] perf_8g_10_185_71_1783931472000 enter map_1 as unit 1073
[log] [gate_2] perf_8g_10_185_73_1783931472003 enter map_1 as unit 1074
[log] [login_1] perf_8g_10_185_79_1783931472012 login count 1
[log] [login_1] perf_8g_10_185_80_1783931472013 login count 1
[log] [gate_4] perf_8g_10_185_75_1783931472007 enter map_1 as unit 1075
[log] [login_1] perf_8g_10_185_81_1783931472014 login count 1
[log] [login_1] perf_8g_10_185_82_1783931472015 login count 1
[log] [login_1] perf_8g_10_185_83_1783931472016 login count 1
[log] [login_1] perf_8g_10_185_84_1783931472017 login count 1
[log] [gate_5] perf_8g_10_185_76_1783931472009 enter map_1 as unit 1076
[log] [login_1] perf_8g_10_185_85_1783931472019 login count 1
[log] [login_1] perf_8g_10_185_86_1783931472020 login count 1
[log] [gate_6] perf_8g_10_185_77_1783931472009 enter map_1 as unit 1078
[log] [gate_7] perf_8g_10_185_78_1783931472010 enter map_1 as unit 1077
[log] [login_1] perf_8g_10_185_87_1783931472024 login count 1
[log] [login_1] perf_8g_10_185_88_1783931472024 login count 1
[log] [login_1] perf_8g_10_185_89_1783931472025 login count 1
[log] [gate_8] perf_8g_10_185_79_1783931472012 enter map_1 as unit 1079
[log] [login_1] perf_8g_10_185_90_1783931472025 login count 1
[log] [gate_1] perf_8g_10_185_80_1783931472013 enter map_1 as unit 1080
[log] [login_1] perf_8g_10_185_91_1783931472029 login count 1
[log] [login_1] perf_8g_10_185_92_1783931472033 login count 1
[log] [login_1] perf_8g_10_185_93_1783931472035 login count 1
[log] [gate_2] perf_8g_10_185_81_1783931472014 enter map_1 as unit 1081
[log] [gate_5] perf_8g_10_185_84_1783931472017 enter map_1 as unit 1084
[log] [gate_3] perf_8g_10_185_82_1783931472015 enter map_1 as unit 1082
[log] [gate_4] perf_8g_10_185_83_1783931472016 enter map_1 as unit 1083
[log] [login_1] perf_8g_10_185_94_1783931472035 login count 1
[log] [gate_6] perf_8g_10_185_85_1783931472019 enter map_1 as unit 1085
[log] [gate_7] perf_8g_10_185_86_1783931472020 enter map_1 as unit 1086
[log] [gate_1] perf_8g_10_185_88_1783931472024 enter map_1 as unit 1088
[log] [login_1] perf_8g_10_185_95_1783931472040 login count 1
[log] [gate_8] perf_8g_10_185_87_1783931472024 enter map_1 as unit 1087
[log] [login_1] perf_8g_10_185_96_1783931472042 login count 1
[log] [gate_2] perf_8g_10_185_89_1783931472025 enter map_1 as unit 1089
[log] [gate_4] perf_8g_10_185_91_1783931472029 enter map_1 as unit 1090
[log] [gate_3] perf_8g_10_185_90_1783931472025 enter map_1 as unit 1091
[log] [gate_5] perf_8g_10_185_92_1783931472033 enter map_1 as unit 1092
[log] [gate_6] perf_8g_10_185_93_1783931472035 enter map_1 as unit 1093
[log] [login_1] perf_8g_10_185_97_1783931472047 login count 1
[log] [gate_7] perf_8g_10_185_94_1783931472035 enter map_1 as unit 1094
[log] [login_1] perf_8g_10_185_98_1783931472048 login count 1
[log] [login_1] perf_8g_10_185_99_1783931472049 login count 1
[log] [login_1] perf_8g_10_185_100_1783931472049 login count 1
[log] [gate_8] perf_8g_10_185_95_1783931472040 enter map_1 as unit 1095
[log] [login_1] perf_8g_10_185_101_1783931472052 login count 1
[log] [login_1] perf_8g_10_185_102_1783931472052 login count 1
[log] [gate_1] perf_8g_10_185_96_1783931472042 enter map_1 as unit 1096
[log] [login_1] perf_8g_10_185_103_1783931472056 login count 1
[log] [login_1] perf_8g_10_185_104_1783931472056 login count 1
[log] [login_1] perf_8g_10_185_105_1783931472059 login count 1
[log] [login_1] perf_8g_10_185_106_1783931472061 login count 1
[log] [login_1] perf_8g_10_185_107_1783931472061 login count 1
[log] [login_1] perf_8g_10_185_108_1783931472063 login count 1
[log] [login_1] perf_8g_10_185_109_1783931472063 login count 1
[log] [gate_2] perf_8g_10_185_97_1783931472047 enter map_1 as unit 1097
[log] [login_1] perf_8g_10_185_110_1783931472066 login count 1
[log] [gate_5] perf_8g_10_185_100_1783931472049 enter map_1 as unit 1100
[log] [gate_4] perf_8g_10_185_99_1783931472049 enter map_1 as unit 1099
[log] [gate_3] perf_8g_10_185_98_1783931472048 enter map_1 as unit 1098
[log] [login_1] perf_8g_10_185_111_1783931472071 login count 1
[log] [login_1] perf_8g_10_185_112_1783931472073 login count 1
[log] [gate_8] perf_8g_10_185_103_1783931472056 enter map_1 as unit 1103
[log] [gate_7] perf_8g_10_185_102_1783931472052 enter map_1 as unit 1102
[log] [gate_6] perf_8g_10_185_101_1783931472052 enter map_1 as unit 1101
[log] [login_1] perf_8g_10_185_113_1783931472081 login count 1
[log] [login_1] perf_8g_10_185_114_1783931472083 login count 1
[log] [login_1] perf_8g_10_185_115_1783931472083 login count 1
[log] [login_1] perf_8g_10_185_116_1783931472084 login count 1
[log] [login_1] perf_8g_10_185_117_1783931472088 login count 1
[log] [login_1] perf_8g_10_185_118_1783931472089 login count 1
[log] [login_1] perf_8g_10_185_119_1783931472089 login count 1
[log] [gate_1] perf_8g_10_185_104_1783931472056 enter map_1 as unit 1104
[log] [gate_4] perf_8g_10_185_107_1783931472061 enter map_1 as unit 1106
[log] [gate_3] perf_8g_10_185_106_1783931472061 enter map_1 as unit 1108
[log] [gate_2] perf_8g_10_185_105_1783931472059 enter map_1 as unit 1105
[log] [gate_5] perf_8g_10_185_108_1783931472063 enter map_1 as unit 1107
[log] [gate_8] perf_8g_10_185_111_1783931472071 enter map_1 as unit 1109
[log] [gate_7] perf_8g_10_185_110_1783931472066 enter map_1 as unit 1111
[log] [gate_6] perf_8g_10_185_109_1783931472063 enter map_1 as unit 1110
[log] [login_1] perf_8g_10_185_120_1783931472097 login count 1
[log] [login_1] perf_8g_10_185_121_1783931472098 login count 1
[log] [login_1] perf_8g_10_185_122_1783931472099 login count 1
[log] [login_1] perf_8g_10_185_123_1783931472100 login count 1
[log] [login_1] perf_8g_10_185_124_1783931472101 login count 1
[log] [gate_1] perf_8g_10_185_112_1783931472073 enter map_1 as unit 1113
[log] [gate_4] perf_8g_10_185_115_1783931472083 enter map_1 as unit 1114
[log] [gate_3] perf_8g_10_185_114_1783931472083 enter map_1 as unit 1112
[log] [gate_5] perf_8g_10_185_116_1783931472084 enter map_1 as unit 1115
[log] [login_1] perf_8g_10_185_125_1783931472103 login count 1
[log] [login_1] perf_8g_10_185_126_1783931472104 login count 1
[log] [login_1] perf_8g_10_185_127_1783931472104 login count 1
[log] [gate_2] perf_8g_10_185_113_1783931472081 enter map_1 as unit 1116
[log] [gate_8] perf_8g_10_185_119_1783931472089 enter map_1 as unit 1117
[log] [gate_7] perf_8g_10_185_118_1783931472089 enter map_1 as unit 1119
[log] [gate_6] perf_8g_10_185_117_1783931472088 enter map_1 as unit 1118
[log] [login_1] perf_8g_10_185_128_1783931472111 login count 1
[log] [login_1] perf_8g_10_185_129_1783931472112 login count 1
[log] [login_1] perf_8g_10_185_130_1783931472113 login count 1
[log] [login_1] perf_8g_10_185_131_1783931472113 login count 1
[log] [login_1] perf_8g_10_185_132_1783931472117 login count 1
[log] [login_1] perf_8g_10_185_133_1783931472119 login count 1
[log] [gate_1] perf_8g_10_185_120_1783931472097 enter map_1 as unit 1121
[log] [gate_3] perf_8g_10_185_122_1783931472099 enter map_1 as unit 1123
[log] [login_1] perf_8g_10_185_134_1783931472120 login count 1
[log] [gate_4] perf_8g_10_185_123_1783931472100 enter map_1 as unit 1122
[log] [gate_5] perf_8g_10_185_124_1783931472101 enter map_1 as unit 1120
[log] [login_1] perf_8g_10_185_135_1783931472120 login count 1
[log] [login_1] perf_8g_10_185_136_1783931472126 login count 1
[log] [login_1] perf_8g_10_185_137_1783931472127 login count 1
[log] [login_1] perf_8g_10_185_138_1783931472128 login count 1
[log] [login_1] perf_8g_10_185_139_1783931472128 login count 1
[log] [gate_6] perf_8g_10_185_125_1783931472103 enter map_1 as unit 1125
[log] [gate_7] perf_8g_10_185_126_1783931472104 enter map_1 as unit 1124
[log] [gate_2] perf_8g_10_185_121_1783931472098 enter map_1 as unit 1127
[log] [gate_8] perf_8g_10_185_127_1783931472104 enter map_1 as unit 1126
[log] [login_1] perf_8g_10_185_140_1783931472134 login count 1
[log] [login_1] perf_8g_10_185_141_1783931472135 login count 1
[log] [login_1] perf_8g_10_185_142_1783931472136 login count 1
[log] [login_1] perf_8g_10_185_143_1783931472137 login count 1
[log] [gate_5] perf_8g_10_185_132_1783931472117 enter map_1 as unit 1131
[log] [gate_1] perf_8g_10_185_128_1783931472111 enter map_1 as unit 1130
[log] [gate_4] perf_8g_10_185_131_1783931472113 enter map_1 as unit 1129
[log] [gate_3] perf_8g_10_185_130_1783931472113 enter map_1 as unit 1128
[log] [login_1] perf_8g_10_185_144_1783931472144 login count 1
[log] [login_1] perf_8g_10_185_145_1783931472145 login count 1
[log] [gate_6] perf_8g_10_185_133_1783931472119 enter map_1 as unit 1133
[log] [gate_8] perf_8g_10_185_135_1783931472120 enter map_1 as unit 1134
[log] [gate_7] perf_8g_10_185_134_1783931472120 enter map_1 as unit 1135
[log] [gate_2] perf_8g_10_185_129_1783931472112 enter map_1 as unit 1132
[log] [login_1] perf_8g_10_185_146_1783931472146 login count 1
[log] [login_1] perf_8g_10_185_147_1783931472147 login count 1
[log] [login_1] perf_8g_10_185_148_1783931472152 login count 1
[log] [login_1] perf_8g_10_185_149_1783931472153 login count 1
[log] [login_1] perf_8g_10_185_150_1783931472154 login count 1
[log] [gate_1] perf_8g_10_185_136_1783931472126 enter map_1 as unit 1139
[log] [gate_5] perf_8g_10_185_140_1783931472134 enter map_1 as unit 1136
[log] [gate_4] perf_8g_10_185_139_1783931472128 enter map_1 as unit 1138
[log] [gate_3] perf_8g_10_185_138_1783931472128 enter map_1 as unit 1137
[log] [login_1] perf_8g_10_185_152_1783931472163 login count 1
[log] [login_1] perf_8g_10_185_151_1783931472162 login count 1
[log] [login_1] perf_8g_10_185_153_1783931472165 login count 1
[log] [login_1] perf_8g_10_185_154_1783931472165 login count 1
[log] [gate_8] perf_8g_10_185_143_1783931472137 enter map_1 as unit 1143
[log] [gate_2] perf_8g_10_185_137_1783931472127 enter map_1 as unit 1140
[log] [gate_7] perf_8g_10_185_142_1783931472136 enter map_1 as unit 1142
[log] [gate_6] perf_8g_10_185_141_1783931472135 enter map_1 as unit 1141
[log] [login_1] perf_8g_10_185_155_1783931472171 login count 1
[log] [login_1] perf_8g_10_185_156_1783931472172 login count 1
[log] [login_1] perf_8g_10_185_158_1783931472174 login count 1
[log] [login_1] perf_8g_10_185_159_1783931472175 login count 1
[log] [login_1] perf_8g_10_185_157_1783931472173 login count 1
[log] [gate_3] perf_8g_10_185_146_1783931472146 enter map_1 as unit 1147
[log] [gate_4] perf_8g_10_185_147_1783931472147 enter map_1 as unit 1144
[log] [gate_1] perf_8g_10_185_144_1783931472144 enter map_1 as unit 1145
[log] [gate_5] perf_8g_10_185_148_1783931472152 enter map_1 as unit 1146
[log] [login_1] perf_8g_10_185_161_1783931472181 login count 1
[log] [login_1] perf_8g_10_185_160_1783931472180 login count 1
[log] [login_1] perf_8g_10_185_162_1783931472181 login count 1
[log] [login_1] perf_8g_10_185_163_1783931472182 login count 1
[log] [gate_7] perf_8g_10_185_150_1783931472154 enter map_1 as unit 1151
[log] [gate_6] perf_8g_10_185_149_1783931472153 enter map_1 as unit 1149
[log] [gate_2] perf_8g_10_185_145_1783931472145 enter map_1 as unit 1150
[log] [gate_8] perf_8g_10_185_152_1783931472163 enter map_1 as unit 1148
[log] [login_1] perf_8g_10_185_164_1783931472191 login count 1
[log] [login_1] perf_8g_10_185_165_1783931472191 login count 1
[log] [login_1] perf_8g_10_185_166_1783931472192 login count 1
[log] [gate_1] perf_8g_10_185_151_1783931472162 enter map_1 as unit 1155
[log] [gate_3] perf_8g_10_185_154_1783931472165 enter map_1 as unit 1152
[log] [gate_5] perf_8g_10_185_156_1783931472172 enter map_1 as unit 1154
[log] [gate_4] perf_8g_10_185_155_1783931472171 enter map_1 as unit 1153
[log] [login_1] perf_8g_10_185_167_1783931472199 login count 1
[log] [login_1] perf_8g_10_185_168_1783931472200 login count 1
[log] [login_1] perf_8g_10_185_169_1783931472201 login count 1
[log] [login_1] perf_8g_10_185_170_1783931472202 login count 1
[log] [gate_6] perf_8g_10_185_158_1783931472174 enter map_1 as unit 1159
[log] [gate_8] perf_8g_10_185_157_1783931472173 enter map_1 as unit 1157
[log] [gate_7] perf_8g_10_185_159_1783931472175 enter map_1 as unit 1158
[log] [gate_2] perf_8g_10_185_153_1783931472165 enter map_1 as unit 1156
[log] [login_1] perf_8g_10_185_171_1783931472209 login count 1
[log] [login_1] perf_8g_10_185_173_1783931472211 login count 1
[log] [gate_3] perf_8g_10_185_162_1783931472181 enter map_1 as unit 1162
[log] [gate_4] perf_8g_10_185_163_1783931472182 enter map_1 as unit 1163
[log] [gate_1] perf_8g_10_185_161_1783931472181 enter map_1 as unit 1161
[log] [gate_5] perf_8g_10_185_164_1783931472191 enter map_1 as unit 1160
[log] [login_1] perf_8g_10_185_172_1783931472210 login count 1
[log] [login_1] perf_8g_10_185_174_1783931472212 login count 1
[log] [login_1] perf_8g_10_185_175_1783931472213 login count 1
[log] [login_1] perf_8g_10_185_176_1783931472219 login count 1
[log] [login_1] perf_8g_10_185_177_1783931472220 login count 1
[log] [login_1] perf_8g_10_185_178_1783931472221 login count 1
[log] [login_1] perf_8g_10_185_179_1783931472222 login count 1
[log] [gate_8] perf_8g_10_185_167_1783931472199 enter map_1 as unit 1167
[log] [gate_6] perf_8g_10_185_165_1783931472191 enter map_1 as unit 1165
[log] [gate_7] perf_8g_10_185_166_1783931472192 enter map_1 as unit 1166
[log] [gate_2] perf_8g_10_185_160_1783931472180 enter map_1 as unit 1164
[log] [login_1] perf_8g_10_185_180_1783931472230 login count 1
[log] [login_1] perf_8g_10_185_181_1783931472231 login count 1
[log] [login_1] perf_8g_10_185_182_1783931472232 login count 1
[log] [gate_4] perf_8g_10_185_171_1783931472209 enter map_1 as unit 1169
[log] [gate_3] perf_8g_10_185_170_1783931472202 enter map_1 as unit 1168
[log] [gate_5] perf_8g_10_185_173_1783931472211 enter map_1 as unit 1171
[log] [gate_1] perf_8g_10_185_168_1783931472200 enter map_1 as unit 1170
[log] [login_1] perf_8g_10_185_183_1783931472241 login count 1
[log] [login_1] perf_8g_10_185_184_1783931472242 login count 1
[log] [gate_8] perf_8g_10_185_175_1783931472213 enter map_1 as unit 1173
[log] [gate_6] perf_8g_10_185_172_1783931472210 enter map_1 as unit 1174
[log] [gate_7] perf_8g_10_185_174_1783931472212 enter map_1 as unit 1175
[log] [gate_2] perf_8g_10_185_169_1783931472201 enter map_1 as unit 1172
[log] [gate_3] perf_8g_10_185_178_1783931472221 enter map_1 as unit 1176
[log] [gate_4] perf_8g_10_185_179_1783931472222 enter map_1 as unit 1178
[log] [gate_1] perf_8g_10_185_176_1783931472219 enter map_1 as unit 1179
[log] [gate_5] perf_8g_10_185_180_1783931472230 enter map_1 as unit 1177
[log] [gate_7] perf_8g_10_185_182_1783931472232 enter map_1 as unit 1182
[log] [gate_6] perf_8g_10_185_181_1783931472231 enter map_1 as unit 1180
[log] [gate_2] perf_8g_10_185_177_1783931472220 enter map_1 as unit 1183
[log] [gate_8] perf_8g_10_185_183_1783931472241 enter map_1 as unit 1181
[log] [gate_1] perf_8g_10_185_184_1783931472242 enter map_1 as unit 1184
[metrics:inner_transport] active=0 opened=0 pending=0 max_pending=0 overloads=0 timeouts=0 disconnected_calls=0 late_responses=0 idle_closes=0
[process-metrics] process=log cpu_percent=1.87 cpu_time_ms=156 rss_bytes=36913152 v8_heap_used_bytes=2543992 v8_heap_total_bytes=6037504 v8_gc_count=3 v8_gc_ms=0.815 timestamp_ms=1783931476700
[metrics:log] scene=log type=Log processed=370 failed=0 ts_queue=0 ts_max_queue=6 rust_queue=0 rust_max_queue=6 backpressure=0 slow_disconnects=0 update_ms=0.00 handler_ms=0.00 max_handler_ms=1.00 total_handler_ms=14.00
[metrics:inner_transport] active=0 opened=0 pending=0 max_pending=0 overloads=0 timeouts=0 disconnected_calls=0 late_responses=0 idle_closes=0
[process-metrics] process=log cpu_percent=0.30 cpu_time_ms=171 rss_bytes=36921344 v8_heap_used_bytes=2680952 v8_heap_total_bytes=6037504 v8_gc_count=3 v8_gc_ms=0.815 timestamp_ms=1783931481708
[metrics:log] scene=log type=Log processed=370 failed=0 ts_queue=0 ts_max_queue=6 rust_queue=0 rust_max_queue=6 backpressure=0 slow_disconnects=0 update_ms=0.00 handler_ms=0.00 max_handler_ms=1.00 total_handler_ms=14.00
[metrics:inner_transport] active=0 opened=0 pending=0 max_pending=0 overloads=0 timeouts=0 disconnected_calls=0 late_responses=0 idle_closes=0
[process-metrics] process=log cpu_percent=0.32 cpu_time_ms=187 rss_bytes=36990976 v8_heap_used_bytes=2844536 v8_heap_total_bytes=6037504 v8_gc_count=3 v8_gc_ms=0.815 timestamp_ms=1783931486718
[metrics:log] scene=log type=Log processed=370 failed=0 ts_queue=0 ts_max_queue=6 rust_queue=0 rust_max_queue=6 backpressure=0 slow_disconnects=0 update_ms=0.00 handler_ms=0.00 max_handler_ms=1.00 total_handler_ms=14.00
[metrics:inner_transport] active=0 opened=0 pending=0 max_pending=0 overloads=0 timeouts=0 disconnected_calls=0 late_responses=0 idle_closes=0
[process-metrics] process=log cpu_percent=0.32 cpu_time_ms=203 rss_bytes=37122048 v8_heap_used_bytes=2974136 v8_heap_total_bytes=6037504 v8_gc_count=3 v8_gc_ms=0.815 timestamp_ms=1783931491768
[metrics:log] scene=log type=Log processed=370 failed=0 ts_queue=0 ts_max_queue=6 rust_queue=0 rust_max_queue=6 backpressure=0 slow_disconnects=0 update_ms=0.00 handler_ms=0.00 max_handler_ms=1.00 total_handler_ms=14.00
[metrics:inner_transport] active=0 opened=0 pending=0 max_pending=0 overloads=0 timeouts=0 disconnected_calls=0 late_responses=0 idle_closes=0
[process-metrics] process=log cpu_percent=0.00 cpu_time_ms=203 rss_bytes=37179392 v8_heap_used_bytes=3102152 v8_heap_total_bytes=6299648 v8_gc_count=3 v8_gc_ms=0.815 timestamp_ms=1783931496762
[metrics:log] scene=log type=Log processed=370 failed=0 ts_queue=0 ts_max_queue=6 rust_queue=0 rust_max_queue=6 backpressure=0 slow_disconnects=0 update_ms=0.00 handler_ms=0.00 max_handler_ms=1.00 total_handler_ms=14.00
[metrics:inner_transport] active=0 opened=0 pending=0 max_pending=0 overloads=0 timeouts=0 disconnected_calls=0 late_responses=0 idle_closes=0
[process-metrics] process=log cpu_percent=0.30 cpu_time_ms=218 rss_bytes=37326848 v8_heap_used_bytes=3231752 v8_heap_total_bytes=6299648 v8_gc_count=3 v8_gc_ms=0.815 timestamp_ms=1783931501819
[metrics:log] scene=log type=Log processed=370 failed=0 ts_queue=0 ts_max_queue=6 rust_queue=0 rust_max_queue=6 backpressure=0 slow_disconnects=0 update_ms=0.00 handler_ms=0.00 max_handler_ms=1.00 total_handler_ms=14.00
[metrics:inner_transport] active=0 opened=0 pending=0 max_pending=0 overloads=0 timeouts=0 disconnected_calls=0 late_responses=0 idle_closes=0
[process-metrics] process=log cpu_percent=1.56 cpu_time_ms=296 rss_bytes=37617664 v8_heap_used_bytes=3364088 v8_heap_total_bytes=6561792 v8_gc_count=3 v8_gc_ms=0.815 timestamp_ms=1783931506831
[metrics:log] scene=log type=Log processed=370 failed=0 ts_queue=0 ts_max_queue=6 rust_queue=0 rust_max_queue=6 backpressure=0 slow_disconnects=0 update_ms=0.00 handler_ms=0.00 max_handler_ms=1.00 total_handler_ms=14.00
[metrics:inner_transport] active=0 opened=0 pending=0 max_pending=0 overloads=0 timeouts=0 disconnected_calls=0 late_responses=0 idle_closes=0
[process-metrics] process=log cpu_percent=0.32 cpu_time_ms=312 rss_bytes=37781504 v8_heap_used_bytes=3490808 v8_heap_total_bytes=6561792 v8_gc_count=3 v8_gc_ms=0.815 timestamp_ms=1783931511839
[metrics:log] scene=log type=Log processed=370 failed=0 ts_queue=0 ts_max_queue=6 rust_queue=0 rust_max_queue=6 backpressure=0 slow_disconnects=0 update_ms=0.00 handler_ms=0.00 max_handler_ms=1.00 total_handler_ms=14.00
