starting process log with one V8 and 1 scene(s) from E:\VsCode\skynet\ets_runtime\configs/local/log.json
scene log (Log) listening on 127.0.0.1:7100
[process:log] one V8 started with 1 scene(s)
[log] Log scene started at 127.0.0.1:7100
log accepted 127.0.0.1:62752 as conn 1
log accepted 127.0.0.1:62775 as conn 2
[log] [login_2] perf_split_10_100_1_1783918204757 login count 1
[log] [login_2] perf_split_10_100_3_1783918204757 login count 1
log accepted 127.0.0.1:62788 as conn 3
[log] [login_2] perf_split_10_100_5_1783918204757 login count 1
[log] [login_2] perf_split_10_100_7_1783918204757 login count 1
[log] [login_2] perf_split_10_100_11_1783918204758 login count 1
[log] [login_2] perf_split_10_100_9_1783918204757 login count 1
[log] [login_1] perf_split_10_100_0_1783918204756 login count 1
[log] [login_1] perf_split_10_100_2_1783918204757 login count 1
[log] [login_1] perf_split_10_100_4_1783918204757 login count 1
[log] [login_1] perf_split_10_100_6_1783918204757 login count 1
[log] [login_1] perf_split_10_100_8_1783918204757 login count 1
[log] [login_1] perf_split_10_100_12_1783918204758 login count 1
[log] [login_1] perf_split_10_100_10_1783918204758 login count 1
[log] [login_1] perf_split_10_100_14_1783918204758 login count 1
[log] [login_2] perf_split_10_100_15_1783918204758 login count 1
[log] [login_2] perf_split_10_100_13_1783918204758 login count 1
log accepted 127.0.0.1:62807 as conn 4
[log] [gate_1] perf_split_10_100_1_1783918204757 enter map_1 as unit 1000
[log] [gate_1] perf_split_10_100_3_1783918204757 enter map_1 as unit 1001
[log] [login_1] perf_split_10_100_16_1783918204801 login count 1
[log] [login_2] perf_split_10_100_17_1783918204801 login count 1
[log] [gate_1] perf_split_10_100_5_1783918204757 enter map_1 as unit 1002
[log] [gate_1] perf_split_10_100_7_1783918204757 enter map_1 as unit 1003
[log] [gate_1] perf_split_10_100_11_1783918204758 enter map_1 as unit 1004
[log] [gate_1] perf_split_10_100_0_1783918204756 enter map_1 as unit 1005
[log] [gate_1] perf_split_10_100_2_1783918204757 enter map_1 as unit 1006
[log] [gate_1] perf_split_10_100_9_1783918204757 enter map_1 as unit 1007
[log] [gate_1] perf_split_10_100_4_1783918204757 enter map_1 as unit 1008
[log] [gate_1] perf_split_10_100_8_1783918204757 enter map_1 as unit 1009
[log] [gate_1] perf_split_10_100_6_1783918204757 enter map_1 as unit 1010
[log] [gate_1] perf_split_10_100_10_1783918204758 enter map_1 as unit 1011
[log] [gate_1] perf_split_10_100_12_1783918204758 enter map_1 as unit 1012
[log] [gate_1] perf_split_10_100_14_1783918204758 enter map_1 as unit 1013
[log] [login_2] perf_split_10_100_21_1783918204813 login count 1
[log] [login_1] perf_split_10_100_20_1783918204812 login count 1
[log] [gate_1] perf_split_10_100_13_1783918204758 enter map_1 as unit 1014
[log] [login_2] perf_split_10_100_22_1783918204813 login count 1
[log] [login_2] perf_split_10_100_18_1783918204812 login count 1
[log] [login_1] perf_split_10_100_19_1783918204812 login count 1
[log] [login_1] perf_split_10_100_23_1783918204813 login count 1
[log] [gate_1] perf_split_10_100_15_1783918204758 enter map_1 as unit 1015
[log] [gate_1] perf_split_10_100_17_1783918204801 enter map_1 as unit 1016
[log] [gate_1] perf_split_10_100_16_1783918204801 enter map_1 as unit 1017
[log] [login_1] perf_split_10_100_24_1783918204818 login count 1
[log] [login_2] perf_split_10_100_25_1783918204818 login count 1
[log] [gate_1] perf_split_10_100_20_1783918204812 enter map_1 as unit 1018
[log] [gate_1] perf_split_10_100_21_1783918204813 enter map_1 as unit 1019
[log] [gate_1] perf_split_10_100_22_1783918204813 enter map_1 as unit 1020
[log] [login_1] perf_split_10_100_26_1783918204821 login count 1
[log] [login_2] perf_split_10_100_29_1783918204822 login count 1
[log] [login_1] perf_split_10_100_28_1783918204822 login count 1
[log] [login_1] perf_split_10_100_30_1783918204822 login count 1
[log] [login_1] perf_split_10_100_32_1783918204823 login count 1
[log] [login_2] perf_split_10_100_27_1783918204821 login count 1
[log] [login_2] perf_split_10_100_31_1783918204823 login count 1
[log] [login_2] perf_split_10_100_33_1783918204823 login count 1
[log] [gate_1] perf_split_10_100_18_1783918204812 enter map_1 as unit 1021
[log] [gate_1] perf_split_10_100_19_1783918204812 enter map_1 as unit 1022
[log] [gate_1] perf_split_10_100_23_1783918204813 enter map_1 as unit 1023
[log] [login_1] perf_split_10_100_34_1783918204830 login count 1
[log] [gate_1] perf_split_10_100_24_1783918204818 enter map_1 as unit 1024
[log] [gate_1] perf_split_10_100_25_1783918204818 enter map_1 as unit 1025
[log] [login_2] perf_split_10_100_35_1783918204832 login count 1
[log] [login_1] perf_split_10_100_38_1783918204833 login count 1
[log] [login_1] perf_split_10_100_36_1783918204833 login count 1
[log] [login_2] perf_split_10_100_37_1783918204833 login count 1
[log] [gate_1] perf_split_10_100_26_1783918204821 enter map_1 as unit 1026
[log] [gate_1] perf_split_10_100_29_1783918204822 enter map_1 as unit 1027
[log] [login_2] perf_split_10_100_39_1783918204836 login count 1
[log] [gate_1] perf_split_10_100_28_1783918204822 enter map_1 as unit 1028
[log] [gate_1] perf_split_10_100_30_1783918204822 enter map_1 as unit 1029
[log] [login_1] perf_split_10_100_41_1783918204839 login count 1
[log] [login_2] perf_split_10_100_40_1783918204839 login count 1
[log] [gate_1] perf_split_10_100_31_1783918204823 enter map_1 as unit 1030
[log] [gate_1] perf_split_10_100_32_1783918204823 enter map_1 as unit 1031
[log] [gate_1] perf_split_10_100_27_1783918204821 enter map_1 as unit 1032
[log] [gate_1] perf_split_10_100_33_1783918204823 enter map_1 as unit 1033
[log] [gate_1] perf_split_10_100_34_1783918204830 enter map_1 as unit 1034
[log] [login_1] perf_split_10_100_42_1783918204846 login count 1
[log] [login_2] perf_split_10_100_43_1783918204846 login count 1
[log] [gate_1] perf_split_10_100_36_1783918204833 enter map_1 as unit 1035
[log] [gate_1] perf_split_10_100_38_1783918204833 enter map_1 as unit 1036
[log] [gate_1] perf_split_10_100_35_1783918204832 enter map_1 as unit 1037
[log] [login_1] perf_split_10_100_44_1783918204849 login count 1
[log] [login_2] perf_split_10_100_47_1783918204850 login count 1
[log] [gate_1] perf_split_10_100_37_1783918204833 enter map_1 as unit 1038
[log] [login_1] perf_split_10_100_46_1783918204849 login count 1
[log] [login_1] perf_split_10_100_48_1783918204850 login count 1
[log] [login_2] perf_split_10_100_49_1783918204850 login count 1
[log] [login_2] perf_split_10_100_45_1783918204849 login count 1
[log] [gate_1] perf_split_10_100_39_1783918204836 enter map_1 as unit 1039
[log] [gate_1] perf_split_10_100_41_1783918204839 enter map_1 as unit 1040
[log] [login_1] perf_split_10_100_50_1783918204854 login count 1
[log] [gate_1] perf_split_10_100_40_1783918204839 enter map_1 as unit 1041
[log] [gate_1] perf_split_10_100_42_1783918204846 enter map_1 as unit 1042
[log] [gate_1] perf_split_10_100_43_1783918204846 enter map_1 as unit 1043
[log] [gate_1] perf_split_10_100_44_1783918204849 enter map_1 as unit 1044
[log] [login_2] perf_split_10_100_51_1783918204857 login count 1
[log] [login_1] perf_split_10_100_52_1783918204858 login count 1
[log] [login_2] perf_split_10_100_53_1783918204858 login count 1
[log] [gate_1] perf_split_10_100_47_1783918204850 enter map_1 as unit 1045
[log] [login_1] perf_split_10_100_54_1783918204858 login count 1
[log] [login_1] perf_split_10_100_56_1783918204859 login count 1
[log] [login_2] perf_split_10_100_55_1783918204859 login count 1
[log] [login_2] perf_split_10_100_57_1783918204860 login count 1
[log] [gate_1] perf_split_10_100_48_1783918204850 enter map_1 as unit 1046
[log] [gate_1] perf_split_10_100_46_1783918204849 enter map_1 as unit 1047
[log] [gate_1] perf_split_10_100_45_1783918204849 enter map_1 as unit 1048
[log] [login_1] perf_split_10_100_58_1783918204866 login count 1
[log] [gate_1] perf_split_10_100_49_1783918204850 enter map_1 as unit 1049
[log] [gate_1] perf_split_10_100_50_1783918204854 enter map_1 as unit 1050
[log] [gate_1] perf_split_10_100_52_1783918204858 enter map_1 as unit 1051
[log] [gate_1] perf_split_10_100_53_1783918204858 enter map_1 as unit 1052
[log] [login_2] perf_split_10_100_59_1783918204871 login count 1
[log] [gate_1] perf_split_10_100_51_1783918204857 enter map_1 as unit 1053
[log] [login_2] perf_split_10_100_60_1783918204871 login count 1
[log] [login_1] perf_split_10_100_61_1783918204872 login count 1
[log] [gate_1] perf_split_10_100_54_1783918204858 enter map_1 as unit 1054
[log] [login_2] perf_split_10_100_63_1783918204872 login count 1
[log] [login_2] perf_split_10_100_65_1783918204873 login count 1
[log] [login_1] perf_split_10_100_62_1783918204872 login count 1
[log] [login_1] perf_split_10_100_64_1783918204873 login count 1
[log] [login_1] perf_split_10_100_66_1783918204873 login count 1
[log] [gate_1] perf_split_10_100_55_1783918204859 enter map_1 as unit 1055
[log] [gate_1] perf_split_10_100_56_1783918204859 enter map_1 as unit 1056
[log] [gate_1] perf_split_10_100_57_1783918204860 enter map_1 as unit 1057
[log] [gate_1] perf_split_10_100_58_1783918204866 enter map_1 as unit 1058
[log] [login_2] perf_split_10_100_67_1783918204881 login count 1
[log] [gate_1] perf_split_10_100_59_1783918204871 enter map_1 as unit 1059
[log] [gate_1] perf_split_10_100_61_1783918204872 enter map_1 as unit 1060
[log] [gate_1] perf_split_10_100_63_1783918204872 enter map_1 as unit 1061
[log] [login_2] perf_split_10_100_68_1783918204884 login count 1
[log] [login_1] perf_split_10_100_71_1783918204885 login count 1
[log] [login_2] perf_split_10_100_69_1783918204885 login count 1
[log] [login_2] perf_split_10_100_73_1783918204886 login count 1
[log] [login_1] perf_split_10_100_72_1783918204885 login count 1
[log] [login_1] perf_split_10_100_70_1783918204885 login count 1
[log] [gate_1] perf_split_10_100_65_1783918204873 enter map_1 as unit 1062
[log] [login_1] perf_split_10_100_74_1783918204886 login count 1
[log] [gate_1] perf_split_10_100_62_1783918204872 enter map_1 as unit 1063
[log] [gate_1] perf_split_10_100_64_1783918204873 enter map_1 as unit 1064
[log] [gate_1] perf_split_10_100_60_1783918204871 enter map_1 as unit 1065
[log] [gate_1] perf_split_10_100_66_1783918204873 enter map_1 as unit 1066
[log] [gate_1] perf_split_10_100_67_1783918204881 enter map_1 as unit 1067
[log] [login_2] perf_split_10_100_75_1783918204896 login count 1
[log] [gate_1] perf_split_10_100_71_1783918204885 enter map_1 as unit 1068
[log] [gate_1] perf_split_10_100_73_1783918204886 enter map_1 as unit 1069
[log] [gate_1] perf_split_10_100_68_1783918204884 enter map_1 as unit 1070
[log] [login_1] perf_split_10_100_80_1783918204900 login count 1
[log] [login_2] perf_split_10_100_77_1783918204899 login count 1
[log] [gate_1] perf_split_10_100_69_1783918204885 enter map_1 as unit 1071
[log] [login_1] perf_split_10_100_78_1783918204900 login count 1
[log] [login_1] perf_split_10_100_79_1783918204900 login count 1
[log] [login_1] perf_split_10_100_82_1783918204901 login count 1
[log] [login_2] perf_split_10_100_76_1783918204899 login count 1
[log] [login_2] perf_split_10_100_81_1783918204901 login count 1
[log] [login_2] perf_split_10_100_83_1783918204901 login count 1
[log] [gate_1] perf_split_10_100_74_1783918204886 enter map_1 as unit 1072
[log] [gate_1] perf_split_10_100_70_1783918204885 enter map_1 as unit 1073
[log] [gate_1] perf_split_10_100_72_1783918204885 enter map_1 as unit 1074
[log] [gate_1] perf_split_10_100_75_1783918204896 enter map_1 as unit 1075
[log] [login_1] perf_split_10_100_84_1783918204910 login count 1
[log] [gate_1] perf_split_10_100_77_1783918204899 enter map_1 as unit 1076
[log] [gate_1] perf_split_10_100_78_1783918204900 enter map_1 as unit 1077
[log] [login_1] perf_split_10_100_85_1783918204914 login count 1
[log] [login_2] perf_split_10_100_86_1783918204914 login count 1
[log] [login_2] perf_split_10_100_89_1783918204915 login count 1
[log] [gate_1] perf_split_10_100_79_1783918204900 enter map_1 as unit 1078
[log] [login_1] perf_split_10_100_88_1783918204915 login count 1
[log] [login_1] perf_split_10_100_90_1783918204915 login count 1
[log] [login_2] perf_split_10_100_87_1783918204914 login count 1
[log] [login_2] perf_split_10_100_91_1783918204916 login count 1
[log] [gate_1] perf_split_10_100_80_1783918204900 enter map_1 as unit 1079
[log] [gate_1] perf_split_10_100_82_1783918204901 enter map_1 as unit 1080
[log] [gate_1] perf_split_10_100_83_1783918204901 enter map_1 as unit 1081
[log] [gate_1] perf_split_10_100_81_1783918204901 enter map_1 as unit 1082
[log] [gate_1] perf_split_10_100_76_1783918204899 enter map_1 as unit 1083
[log] [gate_1] perf_split_10_100_84_1783918204910 enter map_1 as unit 1084
[log] [login_1] perf_split_10_100_92_1783918204927 login count 1
[log] [gate_1] perf_split_10_100_86_1783918204914 enter map_1 as unit 1085
[log] [gate_1] perf_split_10_100_89_1783918204915 enter map_1 as unit 1086
[log] [login_2] perf_split_10_100_93_1783918204931 login count 1
[log] [login_1] perf_split_10_100_94_1783918204931 login count 1
[log] [login_2] perf_split_10_100_99_1783918204933 login count 1
[log] [login_2] perf_split_10_100_95_1783918204932 login count 1
[log] [login_2] perf_split_10_100_97_1783918204932 login count 1
[log] [login_1] perf_split_10_100_98_1783918204932 login count 1
[log] [login_1] perf_split_10_100_96_1783918204932 login count 1
[log] [gate_1] perf_split_10_100_85_1783918204914 enter map_1 as unit 1087
[log] [gate_1] perf_split_10_100_87_1783918204914 enter map_1 as unit 1088
[log] [gate_1] perf_split_10_100_88_1783918204915 enter map_1 as unit 1089
[log] [gate_1] perf_split_10_100_91_1783918204916 enter map_1 as unit 1090
[log] [gate_1] perf_split_10_100_90_1783918204915 enter map_1 as unit 1091
[log] [gate_1] perf_split_10_100_92_1783918204927 enter map_1 as unit 1092
[log] [gate_1] perf_split_10_100_93_1783918204931 enter map_1 as unit 1093
[log] [gate_1] perf_split_10_100_98_1783918204932 enter map_1 as unit 1094
[log] [gate_1] perf_split_10_100_94_1783918204931 enter map_1 as unit 1095
[log] [gate_1] perf_split_10_100_99_1783918204933 enter map_1 as unit 1096
[log] [gate_1] perf_split_10_100_95_1783918204932 enter map_1 as unit 1097
[log] [gate_1] perf_split_10_100_97_1783918204932 enter map_1 as unit 1098
[log] [gate_1] perf_split_10_100_96_1783918204932 enter map_1 as unit 1099
[metrics:inner_transport] active=0 opened=0 pending=0 max_pending=0 overloads=0 timeouts=0 disconnected_calls=0 late_responses=0 idle_closes=0
[metrics:log] scene=log type=Log processed=200 failed=0 ts_queue=0 ts_max_queue=6 rust_queue=0 rust_max_queue=6 backpressure=0 slow_disconnects=0 update_ms=0.00 handler_ms=0.00 max_handler_ms=4.00 total_handler_ms=39.00
[metrics:inner_transport] active=0 opened=0 pending=0 max_pending=0 overloads=0 timeouts=0 disconnected_calls=0 late_responses=0 idle_closes=0
[metrics:log] scene=log type=Log processed=200 failed=0 ts_queue=0 ts_max_queue=6 rust_queue=0 rust_max_queue=6 backpressure=0 slow_disconnects=0 update_ms=0.00 handler_ms=0.00 max_handler_ms=4.00 total_handler_ms=39.00
