starting process log with one V8 and 1 scene(s) from E:\VsCode\skynet\ets_runtime\configs/local/log.json
scene log (Log) listening on 127.0.0.1:7100
[process:log] one V8 started with 1 scene(s)
[log] Log scene started at 127.0.0.1:7100
log accepted 127.0.0.1:62345 as conn 1
log accepted 127.0.0.1:62368 as conn 2
[log] [login_2] perf_split_10_50_1_1783918176902 login count 1
log accepted 127.0.0.1:62381 as conn 3
[log] [login_2] perf_split_10_50_3_1783918176902 login count 1
[log] [login_1] perf_split_10_50_0_1783918176900 login count 1
[log] [login_1] perf_split_10_50_2_1783918176902 login count 1
[log] [login_1] perf_split_10_50_4_1783918176902 login count 1
[log] [login_1] perf_split_10_50_6_1783918176902 login count 1
[log] [login_1] perf_split_10_50_8_1783918176902 login count 1
[log] [login_1] perf_split_10_50_10_1783918176902 login count 1
[log] [login_1] perf_split_10_50_12_1783918176902 login count 1
[log] [login_1] perf_split_10_50_14_1783918176902 login count 1
log accepted 127.0.0.1:62393 as conn 4
[log] [gate_1] perf_split_10_50_1_1783918176902 enter map_1 as unit 1000
[log] [login_1] perf_split_10_50_16_1783918176946 login count 1
[log] [login_2] perf_split_10_50_5_1783918176902 login count 1
[log] [login_2] perf_split_10_50_7_1783918176902 login count 1
[log] [login_2] perf_split_10_50_9_1783918176902 login count 1
[log] [login_2] perf_split_10_50_11_1783918176902 login count 1
[log] [login_2] perf_split_10_50_15_1783918176902 login count 1
[log] [login_2] perf_split_10_50_13_1783918176902 login count 1
[log] [gate_1] perf_split_10_50_3_1783918176902 enter map_1 as unit 1001
[log] [login_2] perf_split_10_50_17_1783918176951 login count 1
[log] [gate_1] perf_split_10_50_0_1783918176900 enter map_1 as unit 1002
[log] [gate_1] perf_split_10_50_2_1783918176902 enter map_1 as unit 1003
[log] [gate_1] perf_split_10_50_4_1783918176902 enter map_1 as unit 1004
[log] [login_1] perf_split_10_50_18_1783918176956 login count 1
[log] [gate_1] perf_split_10_50_8_1783918176902 enter map_1 as unit 1005
[log] [gate_1] perf_split_10_50_12_1783918176902 enter map_1 as unit 1006
[log] [gate_1] perf_split_10_50_10_1783918176902 enter map_1 as unit 1007
[log] [gate_1] perf_split_10_50_14_1783918176902 enter map_1 as unit 1008
[log] [gate_1] perf_split_10_50_16_1783918176946 enter map_1 as unit 1009
[log] [gate_1] perf_split_10_50_7_1783918176902 enter map_1 as unit 1010
[log] [gate_1] perf_split_10_50_6_1783918176902 enter map_1 as unit 1011
[log] [gate_1] perf_split_10_50_9_1783918176902 enter map_1 as unit 1012
[log] [gate_1] perf_split_10_50_11_1783918176902 enter map_1 as unit 1013
[log] [gate_1] perf_split_10_50_15_1783918176902 enter map_1 as unit 1014
[log] [gate_1] perf_split_10_50_13_1783918176902 enter map_1 as unit 1015
[log] [gate_1] perf_split_10_50_17_1783918176951 enter map_1 as unit 1016
[log] [gate_1] perf_split_10_50_5_1783918176902 enter map_1 as unit 1017
[log] [login_2] perf_split_10_50_19_1783918176970 login count 1
[log] [gate_1] perf_split_10_50_18_1783918176956 enter map_1 as unit 1018
[log] [login_2] perf_split_10_50_20_1783918176972 login count 1
[log] [login_1] perf_split_10_50_22_1783918176972 login count 1
[log] [login_1] perf_split_10_50_21_1783918176972 login count 1
[log] [gate_1] perf_split_10_50_19_1783918176970 enter map_1 as unit 1019
[log] [login_2] perf_split_10_50_23_1783918176973 login count 1
[log] [login_2] perf_split_10_50_25_1783918176973 login count 1
[log] [login_2] perf_split_10_50_27_1783918176974 login count 1
[log] [login_2] perf_split_10_50_29_1783918176974 login count 1
[log] [login_2] perf_split_10_50_31_1783918176974 login count 1
[log] [login_1] perf_split_10_50_24_1783918176973 login count 1
[log] [login_1] perf_split_10_50_26_1783918176973 login count 1
[log] [login_1] perf_split_10_50_28_1783918176974 login count 1
[log] [login_1] perf_split_10_50_30_1783918176974 login count 1
[log] [login_1] perf_split_10_50_32_1783918176974 login count 1
[log] [login_1] perf_split_10_50_34_1783918176975 login count 1
[log] [login_2] perf_split_10_50_33_1783918176975 login count 1
[log] [gate_1] perf_split_10_50_20_1783918176972 enter map_1 as unit 1020
[log] [gate_1] perf_split_10_50_22_1783918176972 enter map_1 as unit 1021
[log] [gate_1] perf_split_10_50_21_1783918176972 enter map_1 as unit 1022
[log] [login_2] perf_split_10_50_35_1783918176981 login count 1
[log] [gate_1] perf_split_10_50_25_1783918176973 enter map_1 as unit 1023
[log] [gate_1] perf_split_10_50_27_1783918176974 enter map_1 as unit 1024
[log] [login_1] perf_split_10_50_36_1783918176987 login count 1
[log] [login_2] perf_split_10_50_37_1783918176988 login count 1
[log] [login_1] perf_split_10_50_38_1783918176988 login count 1
[log] [gate_1] perf_split_10_50_23_1783918176973 enter map_1 as unit 1025
[log] [gate_1] perf_split_10_50_29_1783918176974 enter map_1 as unit 1026
[log] [gate_1] perf_split_10_50_31_1783918176974 enter map_1 as unit 1027
[log] [gate_1] perf_split_10_50_24_1783918176973 enter map_1 as unit 1028
[log] [gate_1] perf_split_10_50_30_1783918176974 enter map_1 as unit 1029
[log] [gate_1] perf_split_10_50_28_1783918176974 enter map_1 as unit 1030
[log] [gate_1] perf_split_10_50_26_1783918176973 enter map_1 as unit 1031
[log] [gate_1] perf_split_10_50_34_1783918176975 enter map_1 as unit 1032
[log] [gate_1] perf_split_10_50_32_1783918176974 enter map_1 as unit 1033
[log] [gate_1] perf_split_10_50_33_1783918176975 enter map_1 as unit 1034
[log] [gate_1] perf_split_10_50_35_1783918176981 enter map_1 as unit 1035
[log] [login_2] perf_split_10_50_40_1783918177003 login count 1
[log] [login_1] perf_split_10_50_39_1783918177003 login count 1
[log] [gate_1] perf_split_10_50_36_1783918176987 enter map_1 as unit 1036
[log] [gate_1] perf_split_10_50_37_1783918176988 enter map_1 as unit 1037
[log] [gate_1] perf_split_10_50_38_1783918176988 enter map_1 as unit 1038
[log] [login_2] perf_split_10_50_41_1783918177005 login count 1
[log] [login_1] perf_split_10_50_42_1783918177005 login count 1
[log] [login_2] perf_split_10_50_43_1783918177006 login count 1
[log] [login_1] perf_split_10_50_44_1783918177006 login count 1
[log] [login_1] perf_split_10_50_46_1783918177006 login count 1
[log] [login_2] perf_split_10_50_45_1783918177006 login count 1
[log] [login_2] perf_split_10_50_47_1783918177007 login count 1
[log] [login_2] perf_split_10_50_49_1783918177007 login count 1
[log] [gate_1] perf_split_10_50_40_1783918177003 enter map_1 as unit 1039
[log] [login_1] perf_split_10_50_48_1783918177007 login count 1
[log] [gate_1] perf_split_10_50_39_1783918177003 enter map_1 as unit 1040
[log] [gate_1] perf_split_10_50_41_1783918177005 enter map_1 as unit 1041
[log] [gate_1] perf_split_10_50_43_1783918177006 enter map_1 as unit 1042
[log] [gate_1] perf_split_10_50_46_1783918177006 enter map_1 as unit 1043
[log] [gate_1] perf_split_10_50_42_1783918177005 enter map_1 as unit 1044
[log] [gate_1] perf_split_10_50_44_1783918177006 enter map_1 as unit 1045
[log] [gate_1] perf_split_10_50_48_1783918177007 enter map_1 as unit 1046
[log] [gate_1] perf_split_10_50_45_1783918177006 enter map_1 as unit 1047
[log] [gate_1] perf_split_10_50_49_1783918177007 enter map_1 as unit 1048
[log] [gate_1] perf_split_10_50_47_1783918177007 enter map_1 as unit 1049
[metrics:inner_transport] active=0 opened=0 pending=0 max_pending=0 overloads=0 timeouts=0 disconnected_calls=0 late_responses=0 idle_closes=0
[metrics:log] scene=log type=Log processed=100 failed=0 ts_queue=0 ts_max_queue=5 rust_queue=0 rust_max_queue=5 backpressure=0 slow_disconnects=0 update_ms=0.00 handler_ms=0.00 max_handler_ms=4.00 total_handler_ms=17.00
[metrics:inner_transport] active=0 opened=0 pending=0 max_pending=0 overloads=0 timeouts=0 disconnected_calls=0 late_responses=0 idle_closes=0
[metrics:log] scene=log type=Log processed=100 failed=0 ts_queue=0 ts_max_queue=5 rust_queue=0 rust_max_queue=5 backpressure=0 slow_disconnects=0 update_ms=0.00 handler_ms=0.00 max_handler_ms=4.00 total_handler_ms=17.00
