starting process map1 with one V8 and 1 scene(s) from E:\VsCode\skynet\ets_runtime\configs/local/map1.json
scene map_1 (MapHost) listening on 127.0.0.1:7301
[process:map1] one V8 started with 1 scene(s)
[map_1] MapHost scene started at 127.0.0.1:7301
map_1 accepted 127.0.0.1:62347 as conn 1
map_1 accepted 127.0.0.1:62383 as conn 2
[map_1] perf_split_10_50_1_1783918176902 enter map 1 unit 1000
[map_1] perf_split_10_50_3_1783918176902 enter map 1 unit 1001
[map_1] perf_split_10_50_0_1783918176900 enter map 1 unit 1002
[map_1] perf_split_10_50_2_1783918176902 enter map 1 unit 1003
[map_1] perf_split_10_50_4_1783918176902 enter map 1 unit 1004
[map_1] perf_split_10_50_8_1783918176902 enter map 1 unit 1005
[map_1] perf_split_10_50_12_1783918176902 enter map 1 unit 1006
[map_1] perf_split_10_50_10_1783918176902 enter map 1 unit 1007
[map_1] perf_split_10_50_14_1783918176902 enter map 1 unit 1008
[map_1] perf_split_10_50_16_1783918176946 enter map 1 unit 1009
[map_1] perf_split_10_50_7_1783918176902 enter map 1 unit 1010
[map_1] perf_split_10_50_6_1783918176902 enter map 1 unit 1011
[map_1] perf_split_10_50_9_1783918176902 enter map 1 unit 1012
[map_1] perf_split_10_50_11_1783918176902 enter map 1 unit 1013
[map_1] perf_split_10_50_15_1783918176902 enter map 1 unit 1014
[map_1] perf_split_10_50_13_1783918176902 enter map 1 unit 1015
[map_1] perf_split_10_50_17_1783918176951 enter map 1 unit 1016
[map_1] perf_split_10_50_5_1783918176902 enter map 1 unit 1017
[map_1] perf_split_10_50_18_1783918176956 enter map 1 unit 1018
[map_1] perf_split_10_50_19_1783918176970 enter map 1 unit 1019
[map_1] perf_split_10_50_20_1783918176972 enter map 1 unit 1020
[map_1] perf_split_10_50_22_1783918176972 enter map 1 unit 1021
[map_1] perf_split_10_50_21_1783918176972 enter map 1 unit 1022
[map_1] perf_split_10_50_25_1783918176973 enter map 1 unit 1023
[map_1] perf_split_10_50_27_1783918176974 enter map 1 unit 1024
[map_1] perf_split_10_50_23_1783918176973 enter map 1 unit 1025
[map_1] perf_split_10_50_29_1783918176974 enter map 1 unit 1026
[map_1] perf_split_10_50_31_1783918176974 enter map 1 unit 1027
[map_1] perf_split_10_50_24_1783918176973 enter map 1 unit 1028
[map_1] perf_split_10_50_30_1783918176974 enter map 1 unit 1029
[map_1] perf_split_10_50_28_1783918176974 enter map 1 unit 1030
[map_1] perf_split_10_50_26_1783918176973 enter map 1 unit 1031
[map_1] perf_split_10_50_34_1783918176975 enter map 1 unit 1032
[map_1] perf_split_10_50_32_1783918176974 enter map 1 unit 1033
[map_1] perf_split_10_50_33_1783918176975 enter map 1 unit 1034
[map_1] perf_split_10_50_35_1783918176981 enter map 1 unit 1035
[map_1] perf_split_10_50_36_1783918176987 enter map 1 unit 1036
[map_1] perf_split_10_50_37_1783918176988 enter map 1 unit 1037
[map_1] perf_split_10_50_38_1783918176988 enter map 1 unit 1038
[map_1] perf_split_10_50_40_1783918177003 enter map 1 unit 1039
[map_1] perf_split_10_50_39_1783918177003 enter map 1 unit 1040
[map_1] perf_split_10_50_41_1783918177005 enter map 1 unit 1041
[map_1] perf_split_10_50_43_1783918177006 enter map 1 unit 1042
[map_1] perf_split_10_50_46_1783918177006 enter map 1 unit 1043
[map_1] perf_split_10_50_42_1783918177005 enter map 1 unit 1044
[map_1] perf_split_10_50_44_1783918177006 enter map 1 unit 1045
[map_1] perf_split_10_50_48_1783918177007 enter map 1 unit 1046
[map_1] perf_split_10_50_45_1783918177006 enter map 1 unit 1047
[map_1] perf_split_10_50_49_1783918177007 enter map 1 unit 1048
[map_1] perf_split_10_50_47_1783918177007 enter map 1 unit 1049
[error] [map_1] [err 1005] message handler failed for msgcode 20009: [scene-overloaded] scene gate_1 outbound queue is full
[error] [map_1] [err 1005] message handler failed for msgcode 20009: [scene-overloaded] scene gate_1 outbound queue is full
[error] [map_1] [err 1005] message handler failed for msgcode 20009: [scene-overloaded] scene gate_1 outbound queue is full
[error] [map_1] [err 1005] message handler failed for msgcode 20009: [scene-overloaded] scene gate_1 outbound queue is full
[error] [map_1] [err 1005] message handler failed for msgcode 20009: [scene-overloaded] scene gate_1 outbound queue is full
[error] [map_1] [err 1005] message handler failed for msgcode 20009: [scene-overloaded] scene gate_1 outbound queue is full
[error] [map_1] [err 1005] message handler failed for msgcode 20009: [scene-overloaded] scene gate_1 outbound queue is full
[error] [map_1] [err 1005] message handler failed for msgcode 20009: [scene-overloaded] scene gate_1 outbound queue is full
[error] [map_1] [err 1005] message handler failed for msgcode 20009: [scene-overloaded] scene gate_1 outbound queue is full
[error] [map_1] [err 1005] message handler failed for msgcode 20009: [scene-overloaded] scene gate_1 outbound queue is full
[error] [map_1] [err 1005] message handler failed for msgcode 20009: [scene-overloaded] scene gate_1 outbound queue is full
[error] [map_1] [err 1005] message handler failed for msgcode 20009: [scene-overloaded] scene gate_1 outbound queue is full
[error] [map_1] [err 1005] message handler failed for msgcode 20009: [scene-overloaded] scene gate_1 outbound queue is full
[error] [map_1] [err 1005] message handler failed for msgcode 20009: [scene-overloaded] scene gate_1 outbound queue is full
[error] [map_1] [err 1005] message handler failed for msgcode 20009: [scene-overloaded] scene gate_1 outbound queue is full
[error] [map_1] [err 1005] message handler failed for msgcode 20009: [scene-overloaded] scene gate_1 outbound queue is full
[error] [map_1] [err 1005] message handler failed for msgcode 20009: [scene-overloaded] scene gate_1 outbound queue is full
[error] [map_1] [err 1005] message handler failed for msgcode 20009: [scene-overloaded] scene gate_1 outbound queue is full
[error] [map_1] [err 1005] message handler failed for msgcode 20009: [scene-overloaded] scene gate_1 outbound queue is full
[error] [map_1] [err 1005] message handler failed for msgcode 20009: [scene-overloaded] scene gate_1 outbound queue is full
[error] [map_1] [err 1005] message handler failed for msgcode 20009: [scene-overloaded] scene gate_1 outbound queue is full
[error] [map_1] [err 1005] message handler failed for msgcode 20009: [scene-overloaded] scene gate_1 outbound queue is full
[error] [map_1] [err 1005] message handler failed for msgcode 20009: [scene-overloaded] scene gate_1 outbound queue is full
[error] [map_1] [err 1005] message handler failed for msgcode 20009: [scene-overloaded] scene gate_1 outbound queue is full
[error] [map_1] [err 1005] message handler failed for msgcode 20009: [scene-overloaded] scene gate_1 outbound queue is full
[error] [map_1] [err 1005] message handler failed for msgcode 20009: [scene-overloaded] scene gate_1 outbound queue is full
[error] [map_1] [err 1005] message handler failed for msgcode 20009: [scene-overloaded] scene gate_1 outbound queue is full
[error] [map_1] [err 1005] message handler failed for msgcode 20009: [scene-overloaded] scene gate_1 outbound queue is full
[error] [map_1] [err 1005] message handler failed for msgcode 20009: [scene-overloaded] scene gate_1 outbound queue is full
[error] [map_1] [err 1005] message handler failed for msgcode 20009: [scene-overloaded] scene gate_1 outbound queue is full
[error] [map_1] [err 1005] message handler failed for msgcode 20009: [scene-overloaded] scene gate_1 outbound queue is full
[error] [map_1] [err 1005] message handler failed for msgcode 20009: [scene-overloaded] scene gate_1 outbound queue is full
[error] [map_1] [err 1005] message handler failed for msgcode 20009: [scene-overloaded] scene gate_1 outbound queue is full
[error] [map_1] [err 1005] message handler failed for msgcode 20009: [scene-overloaded] scene gate_1 outbound queue is full
[error] [map_1] [err 1005] message handler failed for msgcode 20009: [scene-overloaded] scene gate_1 outbound queue is full
[error] [map_1] [err 1005] message handler failed for msgcode 20009: [scene-overloaded] scene gate_1 outbound queue is full
[metrics:inner_transport] active=1 opened=1 pending=0 max_pending=0 overloads=1060 timeouts=0 disconnected_calls=0 late_responses=0 idle_closes=0
[metrics:map1] scene=map_1 type=MapHost processed=1521 failed=0 ts_queue=0 ts_max_queue=36 rust_queue=0 rust_max_queue=36 backpressure=0 slow_disconnects=0 update_ms=0.00 handler_ms=4.00 max_handler_ms=17.00 total_handler_ms=10022.00
[metrics:inner_transport] active=1 opened=1 pending=0 max_pending=0 overloads=1060 timeouts=0 disconnected_calls=0 late_responses=0 idle_closes=0
[metrics:map1] scene=map_1 type=MapHost processed=2137 failed=0 ts_queue=0 ts_max_queue=36 rust_queue=0 rust_max_queue=36 backpressure=0 slow_disconnects=0 update_ms=0.00 handler_ms=6.00 max_handler_ms=17.00 total_handler_ms=12911.00
[map_1] perf_split_10_50_0_1783918176900 leave map 1 unit 1002
[map_1] perf_split_10_50_1_1783918176902 leave map 1 unit 1000
[map_1] perf_split_10_50_3_1783918176902 leave map 1 unit 1001
[map_1] perf_split_10_50_2_1783918176902 leave map 1 unit 1003
[map_1] perf_split_10_50_5_1783918176902 leave map 1 unit 1017
[map_1] perf_split_10_50_44_1783918177006 leave map 1 unit 1045
[map_1] perf_split_10_50_43_1783918177006 leave map 1 unit 1042
[map_1] perf_split_10_50_42_1783918177005 leave map 1 unit 1044
[map_1] perf_split_10_50_41_1783918177005 leave map 1 unit 1041
[map_1] perf_split_10_50_40_1783918177003 leave map 1 unit 1039
[map_1] perf_split_10_50_39_1783918177003 leave map 1 unit 1040
[map_1] perf_split_10_50_38_1783918176988 leave map 1 unit 1038
[map_1] perf_split_10_50_37_1783918176988 leave map 1 unit 1037
[map_1] perf_split_10_50_35_1783918176981 leave map 1 unit 1035
[map_1] perf_split_10_50_36_1783918176987 leave map 1 unit 1036
[map_1] perf_split_10_50_33_1783918176975 leave map 1 unit 1034
[map_1] perf_split_10_50_32_1783918176974 leave map 1 unit 1033
[map_1] perf_split_10_50_4_1783918176902 leave map 1 unit 1004
[map_1] perf_split_10_50_6_1783918176902 leave map 1 unit 1011
[map_1] perf_split_10_50_7_1783918176902 leave map 1 unit 1010
[map_1] perf_split_10_50_34_1783918176975 leave map 1 unit 1032
[map_1] perf_split_10_50_30_1783918176974 leave map 1 unit 1029
[map_1] perf_split_10_50_31_1783918176974 leave map 1 unit 1027
[map_1] perf_split_10_50_28_1783918176974 leave map 1 unit 1030
[map_1] perf_split_10_50_29_1783918176974 leave map 1 unit 1026
[map_1] perf_split_10_50_26_1783918176973 leave map 1 unit 1031
[map_1] perf_split_10_50_9_1783918176902 leave map 1 unit 1012
[map_1] perf_split_10_50_10_1783918176902 leave map 1 unit 1007
[map_1] perf_split_10_50_11_1783918176902 leave map 1 unit 1013
[map_1] perf_split_10_50_8_1783918176902 leave map 1 unit 1005
[map_1] perf_split_10_50_27_1783918176974 leave map 1 unit 1024
[map_1] perf_split_10_50_24_1783918176973 leave map 1 unit 1028
[map_1] perf_split_10_50_25_1783918176973 leave map 1 unit 1023
[map_1] perf_split_10_50_23_1783918176973 leave map 1 unit 1025
[map_1] perf_split_10_50_21_1783918176972 leave map 1 unit 1022
[map_1] perf_split_10_50_12_1783918176902 leave map 1 unit 1006
[map_1] perf_split_10_50_14_1783918176902 leave map 1 unit 1008
[map_1] perf_split_10_50_13_1783918176902 leave map 1 unit 1015
[map_1] perf_split_10_50_20_1783918176972 leave map 1 unit 1020
[map_1] perf_split_10_50_22_1783918176972 leave map 1 unit 1021
[map_1] perf_split_10_50_19_1783918176970 leave map 1 unit 1019
[map_1] perf_split_10_50_17_1783918176951 leave map 1 unit 1016
[map_1] perf_split_10_50_16_1783918176946 leave map 1 unit 1009
[map_1] perf_split_10_50_15_1783918176902 leave map 1 unit 1014
[map_1] perf_split_10_50_18_1783918176956 leave map 1 unit 1018
[map_1] perf_split_10_50_49_1783918177007 leave map 1 unit 1048
[map_1] perf_split_10_50_45_1783918177006 leave map 1 unit 1047
[map_1] perf_split_10_50_47_1783918177007 leave map 1 unit 1049
[map_1] perf_split_10_50_46_1783918177006 leave map 1 unit 1043
[map_1] perf_split_10_50_48_1783918177007 leave map 1 unit 1046
