starting process map1 with one V8 and 1 scene(s) from E:\VsCode\skynet\ets_runtime\perf\results\runtime_configs\map_capacity_20260713_093222\100p_8g_r1\map1.json
scene map_1 (MapHost) listening on 127.0.0.1:7301
[process:map1] one V8 started with 1 scene(s)
[map_1] MapHost scene started at 127.0.0.1:7301
map_1 accepted 127.0.0.1:57978 as conn 1
map_1 accepted 127.0.0.1:58038 as conn 2
map_1 accepted 127.0.0.1:58042 as conn 3
map_1 accepted 127.0.0.1:58043 as conn 4
map_1 accepted 127.0.0.1:58044 as conn 5
map_1 accepted 127.0.0.1:58045 as conn 6
map_1 accepted 127.0.0.1:58046 as conn 7
map_1 accepted 127.0.0.1:58047 as conn 8
[map_1] perf_8g_10_100_0_1783935142912 enter map 1 unit 1000
map_1 accepted 127.0.0.1:58048 as conn 9
[map_1] perf_8g_10_100_3_1783935142913 enter map 1 unit 1001
[map_1] perf_8g_10_100_1_1783935142913 enter map 1 unit 1002
[map_1] perf_8g_10_100_2_1783935142913 enter map 1 unit 1003
[map_1] perf_8g_10_100_4_1783935142913 enter map 1 unit 1004
[map_1] perf_8g_10_100_6_1783935142913 enter map 1 unit 1005
[map_1] perf_8g_10_100_8_1783935142914 enter map 1 unit 1006
[map_1] perf_8g_10_100_5_1783935142913 enter map 1 unit 1007
[map_1] perf_8g_10_100_11_1783935142914 enter map 1 unit 1008
[map_1] perf_8g_10_100_9_1783935142914 enter map 1 unit 1009
[map_1] perf_8g_10_100_12_1783935142914 enter map 1 unit 1010
[map_1] perf_8g_10_100_14_1783935142914 enter map 1 unit 1011
[map_1] perf_8g_10_100_13_1783935142914 enter map 1 unit 1012
[map_1] perf_8g_10_100_15_1783935142914 enter map 1 unit 1013
[map_1] perf_8g_10_100_10_1783935142914 enter map 1 unit 1014
[map_1] perf_8g_10_100_7_1783935142914 enter map 1 unit 1015
[map_1] perf_8g_10_100_16_1783935142938 enter map 1 unit 1016
[map_1] perf_8g_10_100_17_1783935142940 enter map 1 unit 1017
[map_1] perf_8g_10_100_18_1783935142943 enter map 1 unit 1018
[map_1] perf_8g_10_100_19_1783935142943 enter map 1 unit 1019
[map_1] perf_8g_10_100_20_1783935142944 enter map 1 unit 1020
[map_1] perf_8g_10_100_21_1783935142944 enter map 1 unit 1021
[map_1] perf_8g_10_100_22_1783935142945 enter map 1 unit 1022
[map_1] perf_8g_10_100_23_1783935142945 enter map 1 unit 1023
[map_1] perf_8g_10_100_24_1783935142946 enter map 1 unit 1024
[map_1] perf_8g_10_100_27_1783935142947 enter map 1 unit 1025
[map_1] perf_8g_10_100_26_1783935142946 enter map 1 unit 1026
[map_1] perf_8g_10_100_29_1783935142947 enter map 1 unit 1027
[map_1] perf_8g_10_100_30_1783935142947 enter map 1 unit 1028
[map_1] perf_8g_10_100_28_1783935142947 enter map 1 unit 1029
[map_1] perf_8g_10_100_25_1783935142946 enter map 1 unit 1031
[map_1] perf_8g_10_100_31_1783935142948 enter map 1 unit 1030
[map_1] perf_8g_10_100_32_1783935142948 enter map 1 unit 1032
[map_1] perf_8g_10_100_34_1783935142958 enter map 1 unit 1033
[map_1] perf_8g_10_100_33_1783935142952 enter map 1 unit 1034
[map_1] perf_8g_10_100_38_1783935142961 enter map 1 unit 1035
[map_1] perf_8g_10_100_35_1783935142959 enter map 1 unit 1036
[map_1] perf_8g_10_100_37_1783935142960 enter map 1 unit 1037
[map_1] perf_8g_10_100_39_1783935142964 enter map 1 unit 1038
[map_1] perf_8g_10_100_36_1783935142959 enter map 1 unit 1039
[map_1] perf_8g_10_100_40_1783935142968 enter map 1 unit 1040
[map_1] perf_8g_10_100_41_1783935142968 enter map 1 unit 1041
[map_1] perf_8g_10_100_42_1783935142968 enter map 1 unit 1042
[map_1] perf_8g_10_100_43_1783935142969 enter map 1 unit 1043
[map_1] perf_8g_10_100_44_1783935142969 enter map 1 unit 1044
[map_1] perf_8g_10_100_46_1783935142970 enter map 1 unit 1045
[map_1] perf_8g_10_100_45_1783935142970 enter map 1 unit 1046
[map_1] perf_8g_10_100_48_1783935142971 enter map 1 unit 1047
[map_1] perf_8g_10_100_49_1783935142973 enter map 1 unit 1048
[map_1] perf_8g_10_100_50_1783935142973 enter map 1 unit 1050
[map_1] perf_8g_10_100_47_1783935142971 enter map 1 unit 1049
[map_1] perf_8g_10_100_51_1783935142974 enter map 1 unit 1051
[map_1] perf_8g_10_100_53_1783935142974 enter map 1 unit 1052
[map_1] perf_8g_10_100_54_1783935142975 enter map 1 unit 1053
[map_1] perf_8g_10_100_52_1783935142974 enter map 1 unit 1054
[map_1] perf_8g_10_100_55_1783935142975 enter map 1 unit 1055
[map_1] perf_8g_10_100_56_1783935142984 enter map 1 unit 1056
[map_1] perf_8g_10_100_57_1783935142985 enter map 1 unit 1057
[map_1] perf_8g_10_100_58_1783935142986 enter map 1 unit 1058
[map_1] perf_8g_10_100_59_1783935142987 enter map 1 unit 1059
[map_1] perf_8g_10_100_60_1783935142989 enter map 1 unit 1060
[map_1] perf_8g_10_100_61_1783935142989 enter map 1 unit 1061
[map_1] perf_8g_10_100_62_1783935142990 enter map 1 unit 1062
[map_1] perf_8g_10_100_63_1783935142992 enter map 1 unit 1063
[map_1] perf_8g_10_100_64_1783935142992 enter map 1 unit 1064
[map_1] perf_8g_10_100_66_1783935142993 enter map 1 unit 1066
[map_1] perf_8g_10_100_65_1783935142993 enter map 1 unit 1065
[map_1] perf_8g_10_100_67_1783935142995 enter map 1 unit 1067
[map_1] perf_8g_10_100_68_1783935142996 enter map 1 unit 1068
[map_1] perf_8g_10_100_69_1783935142996 enter map 1 unit 1069
[map_1] perf_8g_10_100_70_1783935142997 enter map 1 unit 1070
[map_1] perf_8g_10_100_71_1783935143000 enter map 1 unit 1071
[map_1] perf_8g_10_100_72_1783935143000 enter map 1 unit 1072
[map_1] perf_8g_10_100_73_1783935143001 enter map 1 unit 1073
[map_1] perf_8g_10_100_74_1783935143001 enter map 1 unit 1074
[map_1] perf_8g_10_100_75_1783935143002 enter map 1 unit 1075
[map_1] perf_8g_10_100_76_1783935143008 enter map 1 unit 1076
[map_1] perf_8g_10_100_77_1783935143009 enter map 1 unit 1077
[map_1] perf_8g_10_100_78_1783935143010 enter map 1 unit 1078
[map_1] perf_8g_10_100_79_1783935143014 enter map 1 unit 1079
[map_1] perf_8g_10_100_80_1783935143017 enter map 1 unit 1080
[map_1] perf_8g_10_100_81_1783935143018 enter map 1 unit 1081
[map_1] perf_8g_10_100_84_1783935143021 enter map 1 unit 1084
[map_1] perf_8g_10_100_82_1783935143018 enter map 1 unit 1082
[map_1] perf_8g_10_100_83_1783935143020 enter map 1 unit 1083
[map_1] perf_8g_10_100_85_1783935143022 enter map 1 unit 1085
[map_1] perf_8g_10_100_88_1783935143025 enter map 1 unit 1088
[map_1] perf_8g_10_100_86_1783935143023 enter map 1 unit 1086
[map_1] perf_8g_10_100_87_1783935143024 enter map 1 unit 1087
[map_1] perf_8g_10_100_89_1783935143026 enter map 1 unit 1089
[map_1] perf_8g_10_100_92_1783935143034 enter map 1 unit 1092
[map_1] perf_8g_10_100_90_1783935143027 enter map 1 unit 1090
[map_1] perf_8g_10_100_91_1783935143027 enter map 1 unit 1091
[map_1] perf_8g_10_100_96_1783935143040 enter map 1 unit 1093
[map_1] perf_8g_10_100_93_1783935143035 enter map 1 unit 1096
[map_1] perf_8g_10_100_95_1783935143040 enter map 1 unit 1094
[map_1] perf_8g_10_100_94_1783935143035 enter map 1 unit 1095
[map_1] perf_8g_10_100_97_1783935143043 enter map 1 unit 1097
[map_1] perf_8g_10_100_99_1783935143044 enter map 1 unit 1099
[map_1] perf_8g_10_100_98_1783935143044 enter map 1 unit 1098
[metrics:inner_transport] active=8 opened=8 pending=0 max_pending=0 overloads=0 timeouts=0 disconnected_calls=0 late_responses=0 idle_closes=0
[process-metrics] process=map1 cpu_percent=45.06 cpu_time_ms=2390 rss_bytes=111628288 v8_heap_used_bytes=7894656 v8_heap_total_bytes=72626176 v8_gc_count=65 v8_gc_ms=25.683 timestamp_ms=1783935147653
[metrics:map1] scene=map_1 type=MapHost processed=5200 failed=0 ts_queue=0 ts_max_queue=76 rust_queue=0 rust_max_queue=76 backpressure=0 slow_disconnects=0 update_ms=0.00 handler_ms=1.00 max_handler_ms=12.00 total_handler_ms=17839.00
[metrics:inner_transport] active=8 opened=8 pending=0 max_pending=0 overloads=0 timeouts=0 disconnected_calls=0 late_responses=0 idle_closes=0
[process-metrics] process=map1 cpu_percent=42.20 cpu_time_ms=4500 rss_bytes=113610752 v8_heap_used_bytes=25424144 v8_heap_total_bytes=73674752 v8_gc_count=92 v8_gc_ms=37.972 timestamp_ms=1783935152653
[metrics:map1] scene=map_1 type=MapHost processed=10700 failed=0 ts_queue=0 ts_max_queue=78 rust_queue=0 rust_max_queue=78 backpressure=0 slow_disconnects=0 update_ms=0.00 handler_ms=0.00 max_handler_ms=12.00 total_handler_ms=35000.00
[metrics:inner_transport] active=8 opened=8 pending=0 max_pending=0 overloads=0 timeouts=0 disconnected_calls=0 late_responses=0 idle_closes=0
[process-metrics] process=map1 cpu_percent=32.72 cpu_time_ms=6140 rss_bytes=115277824 v8_heap_used_bytes=29084336 v8_heap_total_bytes=74985472 v8_gc_count=118 v8_gc_ms=50.741 timestamp_ms=1783935157664
[metrics:map1] scene=map_1 type=MapHost processed=16200 failed=0 ts_queue=0 ts_max_queue=84 rust_queue=0 rust_max_queue=84 backpressure=0 slow_disconnects=0 update_ms=0.00 handler_ms=2.00 max_handler_ms=19.00 total_handler_ms=55708.00
[metrics:inner_transport] active=8 opened=8 pending=0 max_pending=0 overloads=0 timeouts=0 disconnected_calls=0 late_responses=0 idle_closes=0
[process-metrics] process=map1 cpu_percent=40.17 cpu_time_ms=8156 rss_bytes=116137984 v8_heap_used_bytes=28844408 v8_heap_total_bytes=74723328 v8_gc_count=146 v8_gc_ms=64.229 timestamp_ms=1783935162683
[metrics:map1] scene=map_1 type=MapHost processed=21701 failed=0 ts_queue=0 ts_max_queue=84 rust_queue=99 rust_max_queue=99 backpressure=0 slow_disconnects=0 update_ms=0.00 handler_ms=0.00 max_handler_ms=19.00 total_handler_ms=76485.00
[metrics:inner_transport] active=8 opened=8 pending=0 max_pending=0 overloads=0 timeouts=0 disconnected_calls=0 late_responses=0 idle_closes=0
[process-metrics] process=map1 cpu_percent=34.66 cpu_time_ms=9890 rss_bytes=114757632 v8_heap_used_bytes=16389000 v8_heap_total_bytes=74723328 v8_gc_count=174 v8_gc_ms=76.523 timestamp_ms=1783935167685
[metrics:map1] scene=map_1 type=MapHost processed=27241 failed=0 ts_queue=0 ts_max_queue=99 rust_queue=59 rust_max_queue=99 backpressure=0 slow_disconnects=0 update_ms=1.00 handler_ms=1.00 max_handler_ms=23.00 total_handler_ms=92048.00
[metrics:inner_transport] active=8 opened=8 pending=0 max_pending=0 overloads=0 timeouts=0 disconnected_calls=0 late_responses=0 idle_closes=0
[process-metrics] process=map1 cpu_percent=36.53 cpu_time_ms=11718 rss_bytes=115249152 v8_heap_used_bytes=22936352 v8_heap_total_bytes=74723328 v8_gc_count=201 v8_gc_ms=87.898 timestamp_ms=1783935172689
[metrics:map1] scene=map_1 type=MapHost processed=32701 failed=0 ts_queue=0 ts_max_queue=99 rust_queue=99 rust_max_queue=99 backpressure=0 slow_disconnects=0 update_ms=1.00 handler_ms=1.00 max_handler_ms=23.00 total_handler_ms=106481.00
[metrics:inner_transport] active=8 opened=8 pending=0 max_pending=0 overloads=0 timeouts=0 disconnected_calls=0 late_responses=0 idle_closes=0
[process-metrics] process=map1 cpu_percent=37.18 cpu_time_ms=13578 rss_bytes=116576256 v8_heap_used_bytes=20454880 v8_heap_total_bytes=76034048 v8_gc_count=229 v8_gc_ms=99.576 timestamp_ms=1783935177692
[metrics:map1] scene=map_1 type=MapHost processed=38250 failed=0 ts_queue=0 ts_max_queue=99 rust_queue=50 rust_max_queue=99 backpressure=0 slow_disconnects=0 update_ms=5.00 handler_ms=5.00 max_handler_ms=23.00 total_handler_ms=121154.00
[metrics:inner_transport] active=8 opened=8 pending=0 max_pending=0 overloads=0 timeouts=0 disconnected_calls=0 late_responses=0 idle_closes=0
[process-metrics] process=map1 cpu_percent=47.70 cpu_time_ms=15984 rss_bytes=118632448 v8_heap_used_bytes=30722832 v8_heap_total_bytes=77606912 v8_gc_count=257 v8_gc_ms=110.969 timestamp_ms=1783935182736
[metrics:map1] scene=map_1 type=MapHost processed=43800 failed=0 ts_queue=0 ts_max_queue=99 rust_queue=0 rust_max_queue=99 backpressure=0 slow_disconnects=0 update_ms=0.00 handler_ms=2.00 max_handler_ms=23.00 total_handler_ms=136672.00
[map_1] perf_8g_10_100_0_1783935142912 leave map 1 unit 1000
[map_1] perf_8g_10_100_3_1783935142913 leave map 1 unit 1001
[map_1] perf_8g_10_100_31_1783935142948 leave map 1 unit 1030
[map_1] perf_8g_10_100_5_1783935142913 leave map 1 unit 1007
[map_1] perf_8g_10_100_30_1783935142947 leave map 1 unit 1028
[map_1] perf_8g_10_100_29_1783935142947 leave map 1 unit 1027
[map_1] perf_8g_10_100_2_1783935142913 leave map 1 unit 1003
[map_1] perf_8g_10_100_1_1783935142913 leave map 1 unit 1002
[map_1] perf_8g_10_100_28_1783935142947 leave map 1 unit 1029
[map_1] perf_8g_10_100_27_1783935142947 leave map 1 unit 1025
[map_1] perf_8g_10_100_11_1783935142914 leave map 1 unit 1008
[map_1] perf_8g_10_100_26_1783935142946 leave map 1 unit 1026
[map_1] perf_8g_10_100_25_1783935142946 leave map 1 unit 1031
[map_1] perf_8g_10_100_9_1783935142914 leave map 1 unit 1009
[map_1] perf_8g_10_100_24_1783935142946 leave map 1 unit 1024
[map_1] perf_8g_10_100_22_1783935142945 leave map 1 unit 1022
[map_1] perf_8g_10_100_4_1783935142913 leave map 1 unit 1004
[map_1] perf_8g_10_100_13_1783935142914 leave map 1 unit 1012
[map_1] perf_8g_10_100_23_1783935142945 leave map 1 unit 1023
[map_1] perf_8g_10_100_6_1783935142913 leave map 1 unit 1005
[map_1] perf_8g_10_100_21_1783935142944 leave map 1 unit 1021
[map_1] perf_8g_10_100_8_1783935142914 leave map 1 unit 1006
[map_1] perf_8g_10_100_10_1783935142914 leave map 1 unit 1014
[map_1] perf_8g_10_100_14_1783935142914 leave map 1 unit 1011
[map_1] perf_8g_10_100_20_1783935142944 leave map 1 unit 1020
[map_1] perf_8g_10_100_18_1783935142943 leave map 1 unit 1018
[map_1] perf_8g_10_100_15_1783935142914 leave map 1 unit 1013
[map_1] perf_8g_10_100_12_1783935142914 leave map 1 unit 1010
[map_1] perf_8g_10_100_16_1783935142938 leave map 1 unit 1016
[map_1] perf_8g_10_100_19_1783935142943 leave map 1 unit 1019
[map_1] perf_8g_10_100_17_1783935142940 leave map 1 unit 1017
[map_1] perf_8g_10_100_7_1783935142914 leave map 1 unit 1015
[map_1] perf_8g_10_100_99_1783935143044 leave map 1 unit 1099
[map_1] perf_8g_10_100_98_1783935143044 leave map 1 unit 1098
[map_1] perf_8g_10_100_32_1783935142948 leave map 1 unit 1032
[map_1] perf_8g_10_100_97_1783935143043 leave map 1 unit 1097
[map_1] perf_8g_10_100_96_1783935143040 leave map 1 unit 1093
[map_1] perf_8g_10_100_95_1783935143040 leave map 1 unit 1094
[map_1] perf_8g_10_100_94_1783935143035 leave map 1 unit 1095
[map_1] perf_8g_10_100_93_1783935143035 leave map 1 unit 1096
[map_1] perf_8g_10_100_92_1783935143034 leave map 1 unit 1092
[map_1] perf_8g_10_100_91_1783935143027 leave map 1 unit 1091
[map_1] perf_8g_10_100_90_1783935143027 leave map 1 unit 1090
[map_1] perf_8g_10_100_89_1783935143026 leave map 1 unit 1089
[map_1] perf_8g_10_100_88_1783935143025 leave map 1 unit 1088
[map_1] perf_8g_10_100_87_1783935143024 leave map 1 unit 1087
[map_1] perf_8g_10_100_85_1783935143022 leave map 1 unit 1085
[map_1] perf_8g_10_100_86_1783935143023 leave map 1 unit 1086
[map_1] perf_8g_10_100_84_1783935143021 leave map 1 unit 1084
[map_1] perf_8g_10_100_33_1783935142952 leave map 1 unit 1034
[map_1] perf_8g_10_100_34_1783935142958 leave map 1 unit 1033
[map_1] perf_8g_10_100_83_1783935143020 leave map 1 unit 1083
[map_1] perf_8g_10_100_82_1783935143018 leave map 1 unit 1082
[map_1] perf_8g_10_100_81_1783935143018 leave map 1 unit 1081
[map_1] perf_8g_10_100_80_1783935143017 leave map 1 unit 1080
[map_1] perf_8g_10_100_79_1783935143014 leave map 1 unit 1079
[map_1] perf_8g_10_100_77_1783935143009 leave map 1 unit 1077
[map_1] perf_8g_10_100_78_1783935143010 leave map 1 unit 1078
[map_1] perf_8g_10_100_35_1783935142959 leave map 1 unit 1036
[map_1] perf_8g_10_100_37_1783935142960 leave map 1 unit 1037
[map_1] perf_8g_10_100_36_1783935142959 leave map 1 unit 1039
[map_1] perf_8g_10_100_76_1783935143008 leave map 1 unit 1076
[map_1] perf_8g_10_100_75_1783935143002 leave map 1 unit 1075
[map_1] perf_8g_10_100_74_1783935143001 leave map 1 unit 1074
[map_1] perf_8g_10_100_72_1783935143000 leave map 1 unit 1072
[map_1] perf_8g_10_100_73_1783935143001 leave map 1 unit 1073
[map_1] perf_8g_10_100_39_1783935142964 leave map 1 unit 1038
[map_1] perf_8g_10_100_38_1783935142961 leave map 1 unit 1035
[map_1] perf_8g_10_100_70_1783935142997 leave map 1 unit 1070
[map_1] perf_8g_10_100_71_1783935143000 leave map 1 unit 1071
[map_1] perf_8g_10_100_69_1783935142996 leave map 1 unit 1069
[map_1] perf_8g_10_100_68_1783935142996 leave map 1 unit 1068
[map_1] perf_8g_10_100_40_1783935142968 leave map 1 unit 1040
[map_1] perf_8g_10_100_41_1783935142968 leave map 1 unit 1041
[map_1] perf_8g_10_100_67_1783935142995 leave map 1 unit 1067
[map_1] perf_8g_10_100_66_1783935142993 leave map 1 unit 1066
[map_1] perf_8g_10_100_65_1783935142993 leave map 1 unit 1065
[map_1] perf_8g_10_100_64_1783935142992 leave map 1 unit 1064
[map_1] perf_8g_10_100_42_1783935142968 leave map 1 unit 1042
[map_1] perf_8g_10_100_43_1783935142969 leave map 1 unit 1043
[map_1] perf_8g_10_100_63_1783935142992 leave map 1 unit 1063
[map_1] perf_8g_10_100_62_1783935142990 leave map 1 unit 1062
[map_1] perf_8g_10_100_61_1783935142989 leave map 1 unit 1061
[map_1] perf_8g_10_100_44_1783935142969 leave map 1 unit 1044
[map_1] perf_8g_10_100_45_1783935142970 leave map 1 unit 1046
[map_1] perf_8g_10_100_46_1783935142970 leave map 1 unit 1045
[map_1] perf_8g_10_100_60_1783935142989 leave map 1 unit 1060
[map_1] perf_8g_10_100_59_1783935142987 leave map 1 unit 1059
[map_1] perf_8g_10_100_58_1783935142986 leave map 1 unit 1058
[map_1] perf_8g_10_100_57_1783935142985 leave map 1 unit 1057
[map_1] perf_8g_10_100_48_1783935142971 leave map 1 unit 1047
[map_1] perf_8g_10_100_47_1783935142971 leave map 1 unit 1049
[map_1] perf_8g_10_100_56_1783935142984 leave map 1 unit 1056
[map_1] perf_8g_10_100_55_1783935142975 leave map 1 unit 1055
[map_1] perf_8g_10_100_54_1783935142975 leave map 1 unit 1053
[map_1] perf_8g_10_100_49_1783935142973 leave map 1 unit 1048
[map_1] perf_8g_10_100_51_1783935142974 leave map 1 unit 1051
[map_1] perf_8g_10_100_50_1783935142973 leave map 1 unit 1050
[map_1] perf_8g_10_100_53_1783935142974 leave map 1 unit 1052
[map_1] perf_8g_10_100_52_1783935142974 leave map 1 unit 1054
