starting process log with one V8 and 1 scene(s) from E:\VsCode\skynet\ets_runtime\perf\results\runtime_configs\map_capacity_20260713_095506\200p_8g_r3\log.json
scene log (Log) listening on 127.0.0.1:7100
[process:log] one V8 started with 1 scene(s)
[log] Log scene started at 127.0.0.1:7100
log accepted 127.0.0.1:63722 as conn 1
log accepted 127.0.0.1:63764 as conn 2
[log] [login_1] perf_8g_10_200_0_1783936593049 login count 1
[log] [login_1] perf_8g_10_200_1_1783936593051 login count 1
[log] [login_1] perf_8g_10_200_2_1783936593051 login count 1
[log] [login_1] perf_8g_10_200_3_1783936593051 login count 1
[log] [login_1] perf_8g_10_200_5_1783936593051 login count 1
[log] [login_1] perf_8g_10_200_4_1783936593051 login count 1
[log] [login_1] perf_8g_10_200_7_1783936593051 login count 1
[log] [login_1] perf_8g_10_200_6_1783936593051 login count 1
[log] [login_1] perf_8g_10_200_8_1783936593051 login count 1
[log] [login_1] perf_8g_10_200_9_1783936593051 login count 1
[log] [login_1] perf_8g_10_200_11_1783936593051 login count 1
[log] [login_1] perf_8g_10_200_12_1783936593052 login count 1
[log] [login_1] perf_8g_10_200_10_1783936593051 login count 1
[log] [login_1] perf_8g_10_200_13_1783936593052 login count 1
[log] [login_1] perf_8g_10_200_15_1783936593052 login count 1
[log] [login_1] perf_8g_10_200_14_1783936593052 login count 1
log accepted 127.0.0.1:63792 as conn 3
[log] [gate_1] perf_8g_10_200_0_1783936593049 enter map_1 as unit 1000
log accepted 127.0.0.1:63799 as conn 4
log accepted 127.0.0.1:63800 as conn 5
log accepted 127.0.0.1:63801 as conn 6
log accepted 127.0.0.1:63803 as conn 7
[log] [gate_7] perf_8g_10_200_7_1783936593051 enter map_1 as unit 1003
log accepted 127.0.0.1:63802 as conn 8
[log] [gate_3] perf_8g_10_200_2_1783936593051 enter map_1 as unit 1001
[log] [gate_6] perf_8g_10_200_4_1783936593051 enter map_1 as unit 1004
[log] [gate_5] perf_8g_10_200_10_1783936593051 enter map_1 as unit 1005
log accepted 127.0.0.1:63805 as conn 9
[log] [gate_2] perf_8g_10_200_1_1783936593051 enter map_1 as unit 1002
[log] [gate_8] perf_8g_10_200_6_1783936593051 enter map_1 as unit 1006
log accepted 127.0.0.1:63806 as conn 10
[log] [gate_1] perf_8g_10_200_8_1783936593051 enter map_1 as unit 1008
[log] [gate_4] perf_8g_10_200_3_1783936593051 enter map_1 as unit 1007
[log] [login_1] perf_8g_10_200_16_1783936593090 login count 1
[log] [gate_2] perf_8g_10_200_9_1783936593051 enter map_1 as unit 1010
[log] [gate_5] perf_8g_10_200_5_1783936593051 enter map_1 as unit 1009
[log] [gate_8] perf_8g_10_200_14_1783936593052 enter map_1 as unit 1013
[log] [gate_3] perf_8g_10_200_11_1783936593051 enter map_1 as unit 1011
[log] [gate_7] perf_8g_10_200_15_1783936593052 enter map_1 as unit 1012
[log] [gate_6] perf_8g_10_200_13_1783936593052 enter map_1 as unit 1014
[log] [gate_1] perf_8g_10_200_16_1783936593090 enter map_1 as unit 1016
[log] [gate_4] perf_8g_10_200_12_1783936593052 enter map_1 as unit 1015
[log] [login_1] perf_8g_10_200_17_1783936593093 login count 1
[log] [login_1] perf_8g_10_200_18_1783936593096 login count 1
[log] [login_1] perf_8g_10_200_19_1783936593097 login count 1
[log] [login_1] perf_8g_10_200_20_1783936593097 login count 1
[log] [login_1] perf_8g_10_200_21_1783936593098 login count 1
[log] [gate_2] perf_8g_10_200_17_1783936593093 enter map_1 as unit 1017
[log] [login_1] perf_8g_10_200_22_1783936593099 login count 1
[log] [login_1] perf_8g_10_200_23_1783936593099 login count 1
[log] [login_1] perf_8g_10_200_25_1783936593100 login count 1
[log] [login_1] perf_8g_10_200_26_1783936593101 login count 1
[log] [login_1] perf_8g_10_200_24_1783936593100 login count 1
[log] [login_1] perf_8g_10_200_28_1783936593102 login count 1
[log] [login_1] perf_8g_10_200_29_1783936593102 login count 1
[log] [login_1] perf_8g_10_200_27_1783936593101 login count 1
[log] [login_1] perf_8g_10_200_30_1783936593103 login count 1
[log] [login_1] perf_8g_10_200_31_1783936593104 login count 1
[log] [login_1] perf_8g_10_200_32_1783936593104 login count 1
[log] [gate_3] perf_8g_10_200_18_1783936593096 enter map_1 as unit 1018
[log] [gate_4] perf_8g_10_200_19_1783936593097 enter map_1 as unit 1019
[log] [gate_5] perf_8g_10_200_20_1783936593097 enter map_1 as unit 1020
[log] [gate_6] perf_8g_10_200_21_1783936593098 enter map_1 as unit 1021
[log] [login_1] perf_8g_10_200_33_1783936593114 login count 1
[log] [gate_7] perf_8g_10_200_22_1783936593099 enter map_1 as unit 1022
[log] [gate_8] perf_8g_10_200_23_1783936593099 enter map_1 as unit 1023
[log] [gate_1] perf_8g_10_200_25_1783936593100 enter map_1 as unit 1024
[log] [gate_3] perf_8g_10_200_24_1783936593100 enter map_1 as unit 1025
[log] [gate_2] perf_8g_10_200_26_1783936593101 enter map_1 as unit 1026
[log] [gate_4] perf_8g_10_200_28_1783936593102 enter map_1 as unit 1027
[log] [gate_5] perf_8g_10_200_29_1783936593102 enter map_1 as unit 1028
[log] [gate_7] perf_8g_10_200_30_1783936593103 enter map_1 as unit 1029
[log] [gate_8] perf_8g_10_200_31_1783936593104 enter map_1 as unit 1030
[log] [gate_6] perf_8g_10_200_27_1783936593101 enter map_1 as unit 1032
[log] [gate_1] perf_8g_10_200_32_1783936593104 enter map_1 as unit 1031
[log] [login_1] perf_8g_10_200_34_1783936593122 login count 1
[log] [login_1] perf_8g_10_200_35_1783936593123 login count 1
[log] [login_1] perf_8g_10_200_36_1783936593124 login count 1
[log] [login_1] perf_8g_10_200_37_1783936593125 login count 1
[log] [gate_2] perf_8g_10_200_33_1783936593114 enter map_1 as unit 1033
[log] [login_1] perf_8g_10_200_38_1783936593129 login count 1
[log] [login_1] perf_8g_10_200_39_1783936593131 login count 1
[log] [login_1] perf_8g_10_200_40_1783936593131 login count 1
[log] [login_1] perf_8g_10_200_41_1783936593133 login count 1
[log] [login_1] perf_8g_10_200_42_1783936593134 login count 1
[log] [login_1] perf_8g_10_200_43_1783936593135 login count 1
[log] [login_1] perf_8g_10_200_44_1783936593135 login count 1
[log] [login_1] perf_8g_10_200_45_1783936593136 login count 1
[log] [gate_3] perf_8g_10_200_34_1783936593122 enter map_1 as unit 1034
[log] [login_1] perf_8g_10_200_46_1783936593137 login count 1
[log] [login_1] perf_8g_10_200_47_1783936593138 login count 1
[log] [login_1] perf_8g_10_200_48_1783936593138 login count 1
[log] [gate_4] perf_8g_10_200_35_1783936593123 enter map_1 as unit 1035
[log] [gate_5] perf_8g_10_200_36_1783936593124 enter map_1 as unit 1036
[log] [gate_6] perf_8g_10_200_37_1783936593125 enter map_1 as unit 1037
[log] [login_1] perf_8g_10_200_49_1783936593146 login count 1
[log] [gate_7] perf_8g_10_200_38_1783936593129 enter map_1 as unit 1038
[log] [gate_8] perf_8g_10_200_39_1783936593131 enter map_1 as unit 1039
[log] [login_1] perf_8g_10_200_50_1783936593157 login count 1
[log] [login_1] perf_8g_10_200_51_1783936593160 login count 1
[log] [login_1] perf_8g_10_200_52_1783936593160 login count 1
[log] [gate_1] perf_8g_10_200_40_1783936593131 enter map_1 as unit 1040
[log] [login_1] perf_8g_10_200_53_1783936593162 login count 1
[log] [gate_5] perf_8g_10_200_44_1783936593135 enter map_1 as unit 1044
[log] [gate_4] perf_8g_10_200_43_1783936593135 enter map_1 as unit 1043
[log] [gate_2] perf_8g_10_200_41_1783936593133 enter map_1 as unit 1041
[log] [gate_3] perf_8g_10_200_42_1783936593134 enter map_1 as unit 1042
[log] [login_1] perf_8g_10_200_54_1783936593166 login count 1
[log] [login_1] perf_8g_10_200_55_1783936593168 login count 1
[log] [gate_6] perf_8g_10_200_45_1783936593136 enter map_1 as unit 1045
[log] [gate_7] perf_8g_10_200_46_1783936593137 enter map_1 as unit 1046
[log] [gate_8] perf_8g_10_200_47_1783936593138 enter map_1 as unit 1047
[log] [gate_1] perf_8g_10_200_48_1783936593138 enter map_1 as unit 1048
[log] [gate_3] perf_8g_10_200_50_1783936593157 enter map_1 as unit 1050
[log] [gate_2] perf_8g_10_200_49_1783936593146 enter map_1 as unit 1049
[log] [gate_4] perf_8g_10_200_51_1783936593160 enter map_1 as unit 1051
[log] [gate_6] perf_8g_10_200_53_1783936593162 enter map_1 as unit 1053
[log] [gate_5] perf_8g_10_200_52_1783936593160 enter map_1 as unit 1052
[log] [login_1] perf_8g_10_200_56_1783936593173 login count 1
[log] [login_1] perf_8g_10_200_57_1783936593173 login count 1
[log] [login_1] perf_8g_10_200_58_1783936593174 login count 1
[log] [gate_7] perf_8g_10_200_54_1783936593166 enter map_1 as unit 1054
[log] [login_1] perf_8g_10_200_59_1783936593174 login count 1
[log] [gate_8] perf_8g_10_200_55_1783936593168 enter map_1 as unit 1055
[log] [login_1] perf_8g_10_200_60_1783936593175 login count 1
[log] [login_1] perf_8g_10_200_61_1783936593179 login count 1
[log] [login_1] perf_8g_10_200_62_1783936593180 login count 1
[log] [login_1] perf_8g_10_200_63_1783936593180 login count 1
[log] [login_1] perf_8g_10_200_64_1783936593187 login count 1
[log] [login_1] perf_8g_10_200_65_1783936593188 login count 1
[log] [login_1] perf_8g_10_200_66_1783936593190 login count 1
[log] [login_1] perf_8g_10_200_67_1783936593192 login count 1
[log] [login_1] perf_8g_10_200_68_1783936593196 login count 1
[log] [gate_2] perf_8g_10_200_57_1783936593173 enter map_1 as unit 1056
[log] [login_1] perf_8g_10_200_69_1783936593196 login count 1
[log] [login_1] perf_8g_10_200_70_1783936593199 login count 1
[log] [login_1] perf_8g_10_200_71_1783936593201 login count 1
[log] [gate_4] perf_8g_10_200_59_1783936593174 enter map_1 as unit 1059
[log] [gate_1] perf_8g_10_200_56_1783936593173 enter map_1 as unit 1057
[log] [gate_5] perf_8g_10_200_60_1783936593175 enter map_1 as unit 1060
[log] [gate_3] perf_8g_10_200_58_1783936593174 enter map_1 as unit 1058
[log] [gate_6] perf_8g_10_200_61_1783936593179 enter map_1 as unit 1061
[log] [gate_8] perf_8g_10_200_63_1783936593180 enter map_1 as unit 1063
[log] [gate_7] perf_8g_10_200_62_1783936593180 enter map_1 as unit 1062
[log] [gate_2] perf_8g_10_200_65_1783936593188 enter map_1 as unit 1064
[log] [gate_3] perf_8g_10_200_66_1783936593190 enter map_1 as unit 1065
[log] [gate_4] perf_8g_10_200_67_1783936593192 enter map_1 as unit 1066
[log] [gate_1] perf_8g_10_200_64_1783936593187 enter map_1 as unit 1067
[log] [gate_5] perf_8g_10_200_68_1783936593196 enter map_1 as unit 1068
[log] [gate_6] perf_8g_10_200_69_1783936593196 enter map_1 as unit 1069
[log] [gate_7] perf_8g_10_200_70_1783936593199 enter map_1 as unit 1070
[log] [gate_8] perf_8g_10_200_71_1783936593201 enter map_1 as unit 1071
[log] [login_1] perf_8g_10_200_72_1783936593217 login count 1
[log] [login_1] perf_8g_10_200_73_1783936593223 login count 1
[log] [login_1] perf_8g_10_200_74_1783936593224 login count 1
[log] [login_1] perf_8g_10_200_75_1783936593225 login count 1
[log] [login_1] perf_8g_10_200_77_1783936593227 login count 1
[log] [login_1] perf_8g_10_200_76_1783936593226 login count 1
[log] [login_1] perf_8g_10_200_78_1783936593229 login count 1
[log] [login_1] perf_8g_10_200_79_1783936593232 login count 1
[log] [login_1] perf_8g_10_200_80_1783936593233 login count 1
[log] [login_1] perf_8g_10_200_81_1783936593237 login count 1
[log] [login_1] perf_8g_10_200_82_1783936593240 login count 1
[log] [login_1] perf_8g_10_200_83_1783936593242 login count 1
[log] [login_1] perf_8g_10_200_84_1783936593248 login count 1
[log] [login_1] perf_8g_10_200_85_1783936593250 login count 1
[log] [gate_1] perf_8g_10_200_72_1783936593217 enter map_1 as unit 1072
[log] [login_1] perf_8g_10_200_86_1783936593251 login count 1
[log] [login_1] perf_8g_10_200_87_1783936593252 login count 1
[log] [gate_3] perf_8g_10_200_74_1783936593224 enter map_1 as unit 1073
[log] [gate_5] perf_8g_10_200_77_1783936593227 enter map_1 as unit 1076
[log] [gate_4] perf_8g_10_200_75_1783936593225 enter map_1 as unit 1074
[log] [gate_2] perf_8g_10_200_73_1783936593223 enter map_1 as unit 1075
[log] [gate_8] perf_8g_10_200_79_1783936593232 enter map_1 as unit 1078
[log] [gate_6] perf_8g_10_200_76_1783936593226 enter map_1 as unit 1077
[log] [gate_7] perf_8g_10_200_78_1783936593229 enter map_1 as unit 1079
[log] [gate_1] perf_8g_10_200_80_1783936593233 enter map_1 as unit 1080
[log] [gate_3] perf_8g_10_200_82_1783936593240 enter map_1 as unit 1081
[log] [gate_2] perf_8g_10_200_81_1783936593237 enter map_1 as unit 1082
[log] [gate_4] perf_8g_10_200_83_1783936593242 enter map_1 as unit 1083
[log] [gate_5] perf_8g_10_200_84_1783936593248 enter map_1 as unit 1084
[log] [gate_7] perf_8g_10_200_86_1783936593251 enter map_1 as unit 1085
[log] [login_1] perf_8g_10_200_88_1783936593272 login count 1
[log] [gate_6] perf_8g_10_200_85_1783936593250 enter map_1 as unit 1086
[log] [gate_8] perf_8g_10_200_87_1783936593252 enter map_1 as unit 1087
[log] [login_1] perf_8g_10_200_89_1783936593278 login count 1
[log] [login_1] perf_8g_10_200_90_1783936593281 login count 1
[log] [login_1] perf_8g_10_200_91_1783936593283 login count 1
[log] [login_1] perf_8g_10_200_92_1783936593284 login count 1
[log] [login_1] perf_8g_10_200_93_1783936593286 login count 1
[log] [login_1] perf_8g_10_200_94_1783936593287 login count 1
[log] [login_1] perf_8g_10_200_95_1783936593289 login count 1
[log] [login_1] perf_8g_10_200_96_1783936593290 login count 1
[log] [login_1] perf_8g_10_200_97_1783936593291 login count 1
[log] [login_1] perf_8g_10_200_98_1783936593294 login count 1
[log] [login_1] perf_8g_10_200_99_1783936593300 login count 1
[log] [login_1] perf_8g_10_200_100_1783936593300 login count 1
[log] [gate_1] perf_8g_10_200_88_1783936593272 enter map_1 as unit 1088
[log] [login_1] perf_8g_10_200_101_1783936593302 login count 1
[log] [login_1] perf_8g_10_200_102_1783936593304 login count 1
[log] [login_1] perf_8g_10_200_103_1783936593305 login count 1
[log] [gate_2] perf_8g_10_200_89_1783936593278 enter map_1 as unit 1089
[log] [gate_3] perf_8g_10_200_90_1783936593281 enter map_1 as unit 1090
[log] [gate_5] perf_8g_10_200_92_1783936593284 enter map_1 as unit 1093
[log] [gate_4] perf_8g_10_200_91_1783936593283 enter map_1 as unit 1091
[log] [gate_6] perf_8g_10_200_93_1783936593286 enter map_1 as unit 1092
[log] [gate_1] perf_8g_10_200_96_1783936593290 enter map_1 as unit 1096
[log] [gate_8] perf_8g_10_200_95_1783936593289 enter map_1 as unit 1095
[log] [gate_7] perf_8g_10_200_94_1783936593287 enter map_1 as unit 1094
[log] [gate_2] perf_8g_10_200_97_1783936593291 enter map_1 as unit 1097
[log] [gate_3] perf_8g_10_200_98_1783936593294 enter map_1 as unit 1098
[log] [login_1] perf_8g_10_200_104_1783936593320 login count 1
[log] [gate_5] perf_8g_10_200_100_1783936593300 enter map_1 as unit 1099
[log] [gate_6] perf_8g_10_200_101_1783936593302 enter map_1 as unit 1100
[log] [gate_4] perf_8g_10_200_99_1783936593300 enter map_1 as unit 1101
[log] [login_1] perf_8g_10_200_105_1783936593324 login count 1
[log] [gate_8] perf_8g_10_200_103_1783936593305 enter map_1 as unit 1102
[log] [login_1] perf_8g_10_200_106_1783936593326 login count 1
[log] [gate_7] perf_8g_10_200_102_1783936593304 enter map_1 as unit 1103
[log] [login_1] perf_8g_10_200_107_1783936593333 login count 1
[log] [login_1] perf_8g_10_200_108_1783936593334 login count 1
[log] [login_1] perf_8g_10_200_109_1783936593335 login count 1
[log] [login_1] perf_8g_10_200_110_1783936593340 login count 1
[log] [login_1] perf_8g_10_200_111_1783936593341 login count 1
[log] [gate_1] perf_8g_10_200_104_1783936593320 enter map_1 as unit 1104
[log] [login_1] perf_8g_10_200_112_1783936593344 login count 1
[log] [login_1] perf_8g_10_200_113_1783936593344 login count 1
[log] [login_1] perf_8g_10_200_114_1783936593346 login count 1
[log] [gate_2] perf_8g_10_200_105_1783936593324 enter map_1 as unit 1105
[log] [gate_3] perf_8g_10_200_106_1783936593326 enter map_1 as unit 1106
[log] [login_1] perf_8g_10_200_115_1783936593352 login count 1
[log] [login_1] perf_8g_10_200_116_1783936593353 login count 1
[log] [login_1] perf_8g_10_200_117_1783936593354 login count 1
[log] [login_1] perf_8g_10_200_118_1783936593357 login count 1
[log] [gate_4] perf_8g_10_200_107_1783936593333 enter map_1 as unit 1107
[log] [gate_5] perf_8g_10_200_108_1783936593334 enter map_1 as unit 1108
[log] [login_1] perf_8g_10_200_119_1783936593360 login count 1
[log] [gate_6] perf_8g_10_200_109_1783936593335 enter map_1 as unit 1109
[log] [gate_7] perf_8g_10_200_110_1783936593340 enter map_1 as unit 1110
[log] [gate_8] perf_8g_10_200_111_1783936593341 enter map_1 as unit 1111
[log] [gate_1] perf_8g_10_200_112_1783936593344 enter map_1 as unit 1112
[log] [gate_2] perf_8g_10_200_113_1783936593344 enter map_1 as unit 1113
[log] [gate_3] perf_8g_10_200_114_1783936593346 enter map_1 as unit 1114
[log] [login_1] perf_8g_10_200_120_1783936593374 login count 1
[log] [gate_4] perf_8g_10_200_115_1783936593352 enter map_1 as unit 1115
[log] [login_1] perf_8g_10_200_121_1783936593377 login count 1
[log] [login_1] perf_8g_10_200_122_1783936593379 login count 1
[log] [gate_5] perf_8g_10_200_116_1783936593353 enter map_1 as unit 1116
[log] [gate_6] perf_8g_10_200_117_1783936593354 enter map_1 as unit 1117
[log] [login_1] perf_8g_10_200_123_1783936593388 login count 1
[log] [gate_7] perf_8g_10_200_118_1783936593357 enter map_1 as unit 1118
[log] [gate_8] perf_8g_10_200_119_1783936593360 enter map_1 as unit 1119
[log] [login_1] perf_8g_10_200_124_1783936593394 login count 1
[log] [login_1] perf_8g_10_200_125_1783936593402 login count 1
[log] [login_1] perf_8g_10_200_126_1783936593403 login count 1
[log] [login_1] perf_8g_10_200_127_1783936593407 login count 1
[log] [login_1] perf_8g_10_200_128_1783936593408 login count 1
[log] [login_1] perf_8g_10_200_129_1783936593409 login count 1
[log] [gate_1] perf_8g_10_200_120_1783936593374 enter map_1 as unit 1120
[log] [login_1] perf_8g_10_200_130_1783936593411 login count 1
[log] [gate_2] perf_8g_10_200_121_1783936593377 enter map_1 as unit 1121
[log] [login_1] perf_8g_10_200_131_1783936593415 login count 1
[log] [gate_3] perf_8g_10_200_122_1783936593379 enter map_1 as unit 1122
[log] [login_1] perf_8g_10_200_132_1783936593421 login count 1
[log] [gate_4] perf_8g_10_200_123_1783936593388 enter map_1 as unit 1123
[log] [login_1] perf_8g_10_200_133_1783936593426 login count 1
[log] [login_1] perf_8g_10_200_134_1783936593427 login count 1
[log] [gate_5] perf_8g_10_200_124_1783936593394 enter map_1 as unit 1124
[log] [login_1] perf_8g_10_200_135_1783936593428 login count 1
[log] [gate_6] perf_8g_10_200_125_1783936593402 enter map_1 as unit 1125
[log] [gate_7] perf_8g_10_200_126_1783936593403 enter map_1 as unit 1126
[log] [gate_8] perf_8g_10_200_127_1783936593407 enter map_1 as unit 1127
[log] [login_1] perf_8g_10_200_136_1783936593441 login count 1
[log] [login_1] perf_8g_10_200_137_1783936593443 login count 1
[log] [login_1] perf_8g_10_200_138_1783936593446 login count 1
[log] [login_1] perf_8g_10_200_139_1783936593449 login count 1
[log] [login_1] perf_8g_10_200_140_1783936593459 login count 1
[log] [login_1] perf_8g_10_200_141_1783936593463 login count 1
[log] [gate_1] perf_8g_10_200_128_1783936593408 enter map_1 as unit 1128
[log] [gate_2] perf_8g_10_200_129_1783936593409 enter map_1 as unit 1129
[log] [gate_3] perf_8g_10_200_130_1783936593411 enter map_1 as unit 1130
[log] [login_1] perf_8g_10_200_142_1783936593467 login count 1
[log] [login_1] perf_8g_10_200_143_1783936593468 login count 1
[log] [login_1] perf_8g_10_200_144_1783936593480 login count 1
[log] [login_1] perf_8g_10_200_145_1783936593481 login count 1
[log] [login_1] perf_8g_10_200_146_1783936593481 login count 1
[log] [gate_7] perf_8g_10_200_134_1783936593427 enter map_1 as unit 1134
[log] [gate_8] perf_8g_10_200_135_1783936593428 enter map_1 as unit 1135
[log] [gate_5] perf_8g_10_200_132_1783936593421 enter map_1 as unit 1132
[log] [gate_4] perf_8g_10_200_131_1783936593415 enter map_1 as unit 1131
[log] [gate_6] perf_8g_10_200_133_1783936593426 enter map_1 as unit 1133
[log] [login_1] perf_8g_10_200_147_1783936593494 login count 1
[log] [login_1] perf_8g_10_200_148_1783936593496 login count 1
[log] [gate_2] perf_8g_10_200_137_1783936593443 enter map_1 as unit 1136
[log] [gate_1] perf_8g_10_200_136_1783936593441 enter map_1 as unit 1138
[log] [gate_3] perf_8g_10_200_138_1783936593446 enter map_1 as unit 1137
[log] [login_1] perf_8g_10_200_149_1783936593500 login count 1
[log] [login_1] perf_8g_10_200_150_1783936593501 login count 1
[log] [login_1] perf_8g_10_200_151_1783936593503 login count 1
[log] [login_1] perf_8g_10_200_152_1783936593507 login count 1
[log] [login_1] perf_8g_10_200_153_1783936593508 login count 1
[log] [login_1] perf_8g_10_200_154_1783936593510 login count 1
[log] [gate_5] perf_8g_10_200_140_1783936593459 enter map_1 as unit 1142
[log] [gate_6] perf_8g_10_200_141_1783936593463 enter map_1 as unit 1141
[log] [gate_7] perf_8g_10_200_142_1783936593467 enter map_1 as unit 1140
[log] [gate_8] perf_8g_10_200_143_1783936593468 enter map_1 as unit 1139
[log] [gate_3] perf_8g_10_200_146_1783936593481 enter map_1 as unit 1145
[log] [gate_1] perf_8g_10_200_144_1783936593480 enter map_1 as unit 1146
[log] [gate_4] perf_8g_10_200_139_1783936593449 enter map_1 as unit 1143
[log] [gate_2] perf_8g_10_200_145_1783936593481 enter map_1 as unit 1144
[log] [login_1] perf_8g_10_200_155_1783936593525 login count 1
[log] [login_1] perf_8g_10_200_156_1783936593526 login count 1
[log] [login_1] perf_8g_10_200_157_1783936593527 login count 1
[log] [login_1] perf_8g_10_200_158_1783936593529 login count 1
[log] [login_1] perf_8g_10_200_159_1783936593537 login count 1
[log] [login_1] perf_8g_10_200_160_1783936593538 login count 1
[log] [login_1] perf_8g_10_200_161_1783936593540 login count 1
[log] [login_1] perf_8g_10_200_162_1783936593542 login count 1
[log] [gate_8] perf_8g_10_200_151_1783936593503 enter map_1 as unit 1150
[log] [gate_5] perf_8g_10_200_148_1783936593496 enter map_1 as unit 1147
[log] [gate_7] perf_8g_10_200_150_1783936593501 enter map_1 as unit 1149
[log] [gate_6] perf_8g_10_200_149_1783936593500 enter map_1 as unit 1148
[log] [login_1] perf_8g_10_200_163_1783936593554 login count 1
[log] [login_1] perf_8g_10_200_164_1783936593556 login count 1
[log] [login_1] perf_8g_10_200_165_1783936593556 login count 1
[log] [login_1] perf_8g_10_200_166_1783936593558 login count 1
[log] [gate_4] perf_8g_10_200_147_1783936593494 enter map_1 as unit 1151
[log] [gate_2] perf_8g_10_200_153_1783936593508 enter map_1 as unit 1154
[log] [gate_1] perf_8g_10_200_152_1783936593507 enter map_1 as unit 1153
[log] [gate_3] perf_8g_10_200_154_1783936593510 enter map_1 as unit 1152
[log] [login_1] perf_8g_10_200_167_1783936593567 login count 1
[log] [login_1] perf_8g_10_200_168_1783936593568 login count 1
[log] [login_1] perf_8g_10_200_169_1783936593569 login count 1
[log] [gate_8] perf_8g_10_200_159_1783936593537 enter map_1 as unit 1156
[log] [gate_5] perf_8g_10_200_156_1783936593526 enter map_1 as unit 1155
[log] [gate_7] perf_8g_10_200_158_1783936593529 enter map_1 as unit 1157
[log] [gate_6] perf_8g_10_200_157_1783936593527 enter map_1 as unit 1158
[log] [login_1] perf_8g_10_200_170_1783936593585 login count 1
[log] [login_1] perf_8g_10_200_171_1783936593588 login count 1
[log] [login_1] perf_8g_10_200_172_1783936593589 login count 1
[log] [gate_4] perf_8g_10_200_155_1783936593525 enter map_1 as unit 1159
[log] [gate_3] perf_8g_10_200_162_1783936593542 enter map_1 as unit 1162
[log] [gate_2] perf_8g_10_200_161_1783936593540 enter map_1 as unit 1160
[log] [gate_1] perf_8g_10_200_160_1783936593538 enter map_1 as unit 1161
[log] [login_1] perf_8g_10_200_173_1783936593594 login count 1
[log] [login_1] perf_8g_10_200_174_1783936593599 login count 1
[log] [login_1] perf_8g_10_200_175_1783936593600 login count 1
[log] [login_1] perf_8g_10_200_176_1783936593602 login count 1
[log] [gate_7] perf_8g_10_200_166_1783936593558 enter map_1 as unit 1163
[log] [gate_5] perf_8g_10_200_164_1783936593556 enter map_1 as unit 1165
[log] [gate_8] perf_8g_10_200_167_1783936593567 enter map_1 as unit 1164
[log] [login_1] perf_8g_10_200_177_1783936593603 login count 1
[log] [login_1] perf_8g_10_200_178_1783936593605 login count 1
[log] [login_1] perf_8g_10_200_179_1783936593613 login count 1
[log] [login_1] perf_8g_10_200_180_1783936593614 login count 1
[log] [login_1] perf_8g_10_200_181_1783936593616 login count 1
[log] [gate_1] perf_8g_10_200_168_1783936593568 enter map_1 as unit 1170
[log] [gate_3] perf_8g_10_200_170_1783936593585 enter map_1 as unit 1167
[log] [gate_2] perf_8g_10_200_169_1783936593569 enter map_1 as unit 1168
[log] [gate_4] perf_8g_10_200_163_1783936593554 enter map_1 as unit 1169
[log] [gate_6] perf_8g_10_200_165_1783936593556 enter map_1 as unit 1166
[log] [login_1] perf_8g_10_200_182_1783936593639 login count 1
[log] [gate_8] perf_8g_10_200_175_1783936593600 enter map_1 as unit 1171
[log] [login_1] perf_8g_10_200_183_1783936593642 login count 1
[log] [gate_7] perf_8g_10_200_174_1783936593599 enter map_1 as unit 1173
[log] [login_1] perf_8g_10_200_185_1783936593645 login count 1
[log] [login_1] perf_8g_10_200_184_1783936593643 login count 1
[log] [gate_5] perf_8g_10_200_172_1783936593589 enter map_1 as unit 1172
[log] [gate_4] perf_8g_10_200_171_1783936593588 enter map_1 as unit 1175
[log] [gate_1] perf_8g_10_200_176_1783936593602 enter map_1 as unit 1176
[log] [gate_2] perf_8g_10_200_177_1783936593603 enter map_1 as unit 1174
[log] [gate_3] perf_8g_10_200_178_1783936593605 enter map_1 as unit 1177
[log] [gate_6] perf_8g_10_200_173_1783936593594 enter map_1 as unit 1178
[log] [login_1] perf_8g_10_200_186_1783936593659 login count 1
[log] [login_1] perf_8g_10_200_187_1783936593661 login count 1
[log] [login_1] perf_8g_10_200_188_1783936593662 login count 1
[log] [login_1] perf_8g_10_200_189_1783936593665 login count 1
[log] [gate_8] perf_8g_10_200_183_1783936593642 enter map_1 as unit 1181
[log] [gate_7] perf_8g_10_200_182_1783936593639 enter map_1 as unit 1179
[log] [gate_5] perf_8g_10_200_180_1783936593614 enter map_1 as unit 1180
[log] [login_1] perf_8g_10_200_190_1783936593672 login count 1
[log] [login_1] perf_8g_10_200_191_1783936593673 login count 1
[log] [login_1] perf_8g_10_200_192_1783936593676 login count 1
[log] [gate_6] perf_8g_10_200_181_1783936593616 enter map_1 as unit 1182
[log] [gate_3] perf_8g_10_200_186_1783936593659 enter map_1 as unit 1183
[log] [login_1] perf_8g_10_200_193_1783936593678 login count 1
[log] [login_1] perf_8g_10_200_194_1783936593679 login count 1
[log] [login_1] perf_8g_10_200_195_1783936593680 login count 1
[log] [login_1] perf_8g_10_200_196_1783936593682 login count 1
[log] [login_1] perf_8g_10_200_197_1783936593689 login count 1
[log] [login_1] perf_8g_10_200_198_1783936593693 login count 1
[log] [login_1] perf_8g_10_200_199_1783936593694 login count 1
[log] [gate_5] perf_8g_10_200_188_1783936593662 enter map_1 as unit 1187
[log] [gate_1] perf_8g_10_200_185_1783936593645 enter map_1 as unit 1184
[log] [gate_2] perf_8g_10_200_184_1783936593643 enter map_1 as unit 1185
[log] [gate_4] perf_8g_10_200_179_1783936593613 enter map_1 as unit 1186
[log] [gate_6] perf_8g_10_200_189_1783936593665 enter map_1 as unit 1190
[log] [gate_3] perf_8g_10_200_194_1783936593679 enter map_1 as unit 1191
[log] [gate_8] perf_8g_10_200_191_1783936593673 enter map_1 as unit 1189
[log] [gate_7] perf_8g_10_200_190_1783936593672 enter map_1 as unit 1188
[log] [gate_4] perf_8g_10_200_187_1783936593661 enter map_1 as unit 1194
[log] [gate_1] perf_8g_10_200_192_1783936593676 enter map_1 as unit 1193
[log] [gate_5] perf_8g_10_200_196_1783936593682 enter map_1 as unit 1192
[log] [gate_2] perf_8g_10_200_193_1783936593678 enter map_1 as unit 1195
[log] [gate_6] perf_8g_10_200_197_1783936593689 enter map_1 as unit 1196
[log] [gate_8] perf_8g_10_200_199_1783936593694 enter map_1 as unit 1198
[log] [gate_7] perf_8g_10_200_198_1783936593693 enter map_1 as unit 1197
[log] [gate_4] perf_8g_10_200_195_1783936593680 enter map_1 as unit 1199
[metrics:inner_transport] active=0 opened=0 pending=0 max_pending=0 overloads=0 timeouts=0 disconnected_calls=0 late_responses=0 idle_closes=0
[process-metrics] process=log cpu_percent=3.39 cpu_time_ms=250 rss_bytes=37478400 v8_heap_used_bytes=2891648 v8_heap_total_bytes=6041600 v8_gc_count=3 v8_gc_ms=1.167 timestamp_ms=1783936597705 outbound_batches=400 outbound_recipients=400 outbound_bridge_bytes=2073 outbound_logical_bytes=2073
[metrics:log] scene=log type=Log processed=400 failed=0 ts_queue=0 ts_max_queue=6 rust_queue=0 rust_max_queue=6 backpressure=0 slow_disconnects=0 update_ms=0.00 handler_ms=0.00 max_handler_ms=1.00 total_handler_ms=19.00
[metrics:inner_transport] active=0 opened=0 pending=0 max_pending=0 overloads=0 timeouts=0 disconnected_calls=0 late_responses=0 idle_closes=0
[process-metrics] process=log cpu_percent=0.62 cpu_time_ms=281 rss_bytes=37605376 v8_heap_used_bytes=3028744 v8_heap_total_bytes=6303744 v8_gc_count=3 v8_gc_ms=1.167 timestamp_ms=1783936602691 outbound_batches=400 outbound_recipients=400 outbound_bridge_bytes=2073 outbound_logical_bytes=2073
[metrics:log] scene=log type=Log processed=400 failed=0 ts_queue=0 ts_max_queue=6 rust_queue=0 rust_max_queue=6 backpressure=0 slow_disconnects=0 update_ms=0.00 handler_ms=0.00 max_handler_ms=1.00 total_handler_ms=19.00
[metrics:inner_transport] active=0 opened=0 pending=0 max_pending=0 overloads=0 timeouts=0 disconnected_calls=0 late_responses=0 idle_closes=0
[process-metrics] process=log cpu_percent=0.94 cpu_time_ms=328 rss_bytes=38232064 v8_heap_used_bytes=3182936 v8_heap_total_bytes=6565888 v8_gc_count=3 v8_gc_ms=1.167 timestamp_ms=1783936607688 outbound_batches=400 outbound_recipients=400 outbound_bridge_bytes=2073 outbound_logical_bytes=2073
[metrics:log] scene=log type=Log processed=400 failed=0 ts_queue=0 ts_max_queue=6 rust_queue=0 rust_max_queue=6 backpressure=0 slow_disconnects=0 update_ms=0.00 handler_ms=0.00 max_handler_ms=1.00 total_handler_ms=19.00
[metrics:inner_transport] active=0 opened=0 pending=0 max_pending=0 overloads=0 timeouts=0 disconnected_calls=0 late_responses=0 idle_closes=0
[process-metrics] process=log cpu_percent=0.30 cpu_time_ms=343 rss_bytes=38318080 v8_heap_used_bytes=3310984 v8_heap_total_bytes=6828032 v8_gc_count=3 v8_gc_ms=1.167 timestamp_ms=1783936612694 outbound_batches=400 outbound_recipients=400 outbound_bridge_bytes=2073 outbound_logical_bytes=2073
[metrics:log] scene=log type=Log processed=400 failed=0 ts_queue=0 ts_max_queue=6 rust_queue=0 rust_max_queue=6 backpressure=0 slow_disconnects=0 update_ms=0.00 handler_ms=0.00 max_handler_ms=1.00 total_handler_ms=19.00
[metrics:inner_transport] active=0 opened=0 pending=0 max_pending=0 overloads=0 timeouts=0 disconnected_calls=0 late_responses=0 idle_closes=0
[process-metrics] process=log cpu_percent=0.00 cpu_time_ms=343 rss_bytes=38510592 v8_heap_used_bytes=3440584 v8_heap_total_bytes=6828032 v8_gc_count=3 v8_gc_ms=1.167 timestamp_ms=1783936617760 outbound_batches=400 outbound_recipients=400 outbound_bridge_bytes=2073 outbound_logical_bytes=2073
[metrics:log] scene=log type=Log processed=400 failed=0 ts_queue=0 ts_max_queue=6 rust_queue=0 rust_max_queue=6 backpressure=0 slow_disconnects=0 update_ms=0.00 handler_ms=0.00 max_handler_ms=1.00 total_handler_ms=19.00
[metrics:inner_transport] active=0 opened=0 pending=0 max_pending=0 overloads=0 timeouts=0 disconnected_calls=0 late_responses=0 idle_closes=0
[process-metrics] process=log cpu_percent=0.93 cpu_time_ms=390 rss_bytes=38588416 v8_heap_used_bytes=3570184 v8_heap_total_bytes=6828032 v8_gc_count=3 v8_gc_ms=1.167 timestamp_ms=1783936622818 outbound_batches=400 outbound_recipients=400 outbound_bridge_bytes=2073 outbound_logical_bytes=2073
[metrics:log] scene=log type=Log processed=400 failed=0 ts_queue=0 ts_max_queue=6 rust_queue=0 rust_max_queue=6 backpressure=0 slow_disconnects=0 update_ms=0.00 handler_ms=0.00 max_handler_ms=1.00 total_handler_ms=19.00
[metrics:inner_transport] active=0 opened=0 pending=0 max_pending=0 overloads=0 timeouts=0 disconnected_calls=0 late_responses=0 idle_closes=0
[process-metrics] process=log cpu_percent=0.62 cpu_time_ms=421 rss_bytes=38834176 v8_heap_used_bytes=3703392 v8_heap_total_bytes=7090176 v8_gc_count=3 v8_gc_ms=1.167 timestamp_ms=1783936627831 outbound_batches=400 outbound_recipients=400 outbound_bridge_bytes=2073 outbound_logical_bytes=2073
[metrics:log] scene=log type=Log processed=400 failed=0 ts_queue=0 ts_max_queue=6 rust_queue=0 rust_max_queue=6 backpressure=0 slow_disconnects=0 update_ms=0.00 handler_ms=0.00 max_handler_ms=1.00 total_handler_ms=19.00
[metrics:inner_transport] active=0 opened=0 pending=0 max_pending=0 overloads=0 timeouts=0 disconnected_calls=0 late_responses=0 idle_closes=0
[process-metrics] process=log cpu_percent=0.64 cpu_time_ms=453 rss_bytes=38625280 v8_heap_used_bytes=2190088 v8_heap_total_bytes=4468736 v8_gc_count=4 v8_gc_ms=3.704 timestamp_ms=1783936632861 outbound_batches=400 outbound_recipients=400 outbound_bridge_bytes=2073 outbound_logical_bytes=2073
[metrics:log] scene=log type=Log processed=400 failed=0 ts_queue=0 ts_max_queue=6 rust_queue=0 rust_max_queue=6 backpressure=0 slow_disconnects=0 update_ms=0.00 handler_ms=0.00 max_handler_ms=1.00 total_handler_ms=19.00
