starting process map1 with one V8 and 1 scene(s) from E:\VsCode\skynet\ets_runtime\perf\results\runtime_configs\map_capacity_20260713_095506\200p_8g_r3\map1.json
scene map_1 (MapHost) listening on 127.0.0.1:7301
[process:map1] one V8 started with 1 scene(s)
[map_1] MapHost scene started at 127.0.0.1:7301
map_1 accepted 127.0.0.1:63723 as conn 1
map_1 accepted 127.0.0.1:63782 as conn 2
map_1 accepted 127.0.0.1:63783 as conn 3
map_1 accepted 127.0.0.1:63784 as conn 4
[map_1] perf_8g_10_200_0_1783936593049 enter map 1 unit 1000
map_1 accepted 127.0.0.1:63785 as conn 5
map_1 accepted 127.0.0.1:63786 as conn 6
map_1 accepted 127.0.0.1:63789 as conn 7
map_1 accepted 127.0.0.1:63788 as conn 8
map_1 accepted 127.0.0.1:63790 as conn 9
[map_1] perf_8g_10_200_2_1783936593051 enter map 1 unit 1001
[map_1] perf_8g_10_200_1_1783936593051 enter map 1 unit 1002
[map_1] perf_8g_10_200_7_1783936593051 enter map 1 unit 1003
[map_1] perf_8g_10_200_4_1783936593051 enter map 1 unit 1004
[map_1] perf_8g_10_200_10_1783936593051 enter map 1 unit 1005
[map_1] perf_8g_10_200_6_1783936593051 enter map 1 unit 1006
[map_1] perf_8g_10_200_3_1783936593051 enter map 1 unit 1007
[map_1] perf_8g_10_200_8_1783936593051 enter map 1 unit 1008
[map_1] perf_8g_10_200_5_1783936593051 enter map 1 unit 1009
[map_1] perf_8g_10_200_9_1783936593051 enter map 1 unit 1010
[map_1] perf_8g_10_200_11_1783936593051 enter map 1 unit 1011
[map_1] perf_8g_10_200_15_1783936593052 enter map 1 unit 1012
[map_1] perf_8g_10_200_14_1783936593052 enter map 1 unit 1013
[map_1] perf_8g_10_200_13_1783936593052 enter map 1 unit 1014
[map_1] perf_8g_10_200_12_1783936593052 enter map 1 unit 1015
[map_1] perf_8g_10_200_16_1783936593090 enter map 1 unit 1016
[map_1] perf_8g_10_200_17_1783936593093 enter map 1 unit 1017
[map_1] perf_8g_10_200_18_1783936593096 enter map 1 unit 1018
[map_1] perf_8g_10_200_19_1783936593097 enter map 1 unit 1019
[map_1] perf_8g_10_200_20_1783936593097 enter map 1 unit 1020
[map_1] perf_8g_10_200_21_1783936593098 enter map 1 unit 1021
[map_1] perf_8g_10_200_22_1783936593099 enter map 1 unit 1022
[map_1] perf_8g_10_200_23_1783936593099 enter map 1 unit 1023
[map_1] perf_8g_10_200_25_1783936593100 enter map 1 unit 1024
[map_1] perf_8g_10_200_24_1783936593100 enter map 1 unit 1025
[map_1] perf_8g_10_200_26_1783936593101 enter map 1 unit 1026
[map_1] perf_8g_10_200_28_1783936593102 enter map 1 unit 1027
[map_1] perf_8g_10_200_29_1783936593102 enter map 1 unit 1028
[map_1] perf_8g_10_200_30_1783936593103 enter map 1 unit 1029
[map_1] perf_8g_10_200_31_1783936593104 enter map 1 unit 1030
[map_1] perf_8g_10_200_32_1783936593104 enter map 1 unit 1031
[map_1] perf_8g_10_200_27_1783936593101 enter map 1 unit 1032
[map_1] perf_8g_10_200_33_1783936593114 enter map 1 unit 1033
[map_1] perf_8g_10_200_34_1783936593122 enter map 1 unit 1034
[map_1] perf_8g_10_200_35_1783936593123 enter map 1 unit 1035
[map_1] perf_8g_10_200_36_1783936593124 enter map 1 unit 1036
[map_1] perf_8g_10_200_37_1783936593125 enter map 1 unit 1037
[map_1] perf_8g_10_200_38_1783936593129 enter map 1 unit 1038
[map_1] perf_8g_10_200_39_1783936593131 enter map 1 unit 1039
[map_1] perf_8g_10_200_40_1783936593131 enter map 1 unit 1040
[map_1] perf_8g_10_200_41_1783936593133 enter map 1 unit 1041
[map_1] perf_8g_10_200_42_1783936593134 enter map 1 unit 1042
[map_1] perf_8g_10_200_44_1783936593135 enter map 1 unit 1044
[map_1] perf_8g_10_200_43_1783936593135 enter map 1 unit 1043
[map_1] perf_8g_10_200_45_1783936593136 enter map 1 unit 1045
[map_1] perf_8g_10_200_46_1783936593137 enter map 1 unit 1046
[map_1] perf_8g_10_200_47_1783936593138 enter map 1 unit 1047
[map_1] perf_8g_10_200_48_1783936593138 enter map 1 unit 1048
[map_1] perf_8g_10_200_49_1783936593146 enter map 1 unit 1049
[map_1] perf_8g_10_200_50_1783936593157 enter map 1 unit 1050
[map_1] perf_8g_10_200_51_1783936593160 enter map 1 unit 1051
[map_1] perf_8g_10_200_52_1783936593160 enter map 1 unit 1052
[map_1] perf_8g_10_200_53_1783936593162 enter map 1 unit 1053
[map_1] perf_8g_10_200_54_1783936593166 enter map 1 unit 1054
[map_1] perf_8g_10_200_55_1783936593168 enter map 1 unit 1055
[map_1] perf_8g_10_200_57_1783936593173 enter map 1 unit 1056
[map_1] perf_8g_10_200_56_1783936593173 enter map 1 unit 1057
[map_1] perf_8g_10_200_58_1783936593174 enter map 1 unit 1058
[map_1] perf_8g_10_200_60_1783936593175 enter map 1 unit 1060
[map_1] perf_8g_10_200_59_1783936593174 enter map 1 unit 1059
[map_1] perf_8g_10_200_61_1783936593179 enter map 1 unit 1061
[map_1] perf_8g_10_200_62_1783936593180 enter map 1 unit 1062
[map_1] perf_8g_10_200_63_1783936593180 enter map 1 unit 1063
[map_1] perf_8g_10_200_65_1783936593188 enter map 1 unit 1064
[map_1] perf_8g_10_200_66_1783936593190 enter map 1 unit 1065
[map_1] perf_8g_10_200_67_1783936593192 enter map 1 unit 1066
[map_1] perf_8g_10_200_64_1783936593187 enter map 1 unit 1067
[map_1] perf_8g_10_200_68_1783936593196 enter map 1 unit 1068
[map_1] perf_8g_10_200_69_1783936593196 enter map 1 unit 1069
[map_1] perf_8g_10_200_70_1783936593199 enter map 1 unit 1070
[map_1] perf_8g_10_200_71_1783936593201 enter map 1 unit 1071
[map_1] perf_8g_10_200_72_1783936593217 enter map 1 unit 1072
[map_1] perf_8g_10_200_74_1783936593224 enter map 1 unit 1073
[map_1] perf_8g_10_200_75_1783936593225 enter map 1 unit 1074
[map_1] perf_8g_10_200_77_1783936593227 enter map 1 unit 1076
[map_1] perf_8g_10_200_73_1783936593223 enter map 1 unit 1075
[map_1] perf_8g_10_200_76_1783936593226 enter map 1 unit 1077
[map_1] perf_8g_10_200_78_1783936593229 enter map 1 unit 1079
[map_1] perf_8g_10_200_79_1783936593232 enter map 1 unit 1078
[map_1] perf_8g_10_200_80_1783936593233 enter map 1 unit 1080
[map_1] perf_8g_10_200_82_1783936593240 enter map 1 unit 1081
[map_1] perf_8g_10_200_81_1783936593237 enter map 1 unit 1082
[map_1] perf_8g_10_200_83_1783936593242 enter map 1 unit 1083
[map_1] perf_8g_10_200_84_1783936593248 enter map 1 unit 1084
[map_1] perf_8g_10_200_86_1783936593251 enter map 1 unit 1085
[map_1] perf_8g_10_200_85_1783936593250 enter map 1 unit 1086
[map_1] perf_8g_10_200_87_1783936593252 enter map 1 unit 1087
[map_1] perf_8g_10_200_88_1783936593272 enter map 1 unit 1088
[map_1] perf_8g_10_200_89_1783936593278 enter map 1 unit 1089
[map_1] perf_8g_10_200_90_1783936593281 enter map 1 unit 1090
[map_1] perf_8g_10_200_91_1783936593283 enter map 1 unit 1091
[map_1] perf_8g_10_200_92_1783936593284 enter map 1 unit 1093
[map_1] perf_8g_10_200_93_1783936593286 enter map 1 unit 1092
[map_1] perf_8g_10_200_94_1783936593287 enter map 1 unit 1094
[map_1] perf_8g_10_200_97_1783936593291 enter map 1 unit 1097
[map_1] perf_8g_10_200_95_1783936593289 enter map 1 unit 1095
[map_1] perf_8g_10_200_96_1783936593290 enter map 1 unit 1096
[map_1] perf_8g_10_200_98_1783936593294 enter map 1 unit 1098
[map_1] perf_8g_10_200_100_1783936593300 enter map 1 unit 1099
[map_1] perf_8g_10_200_101_1783936593302 enter map 1 unit 1100
[map_1] perf_8g_10_200_99_1783936593300 enter map 1 unit 1101
[map_1] perf_8g_10_200_103_1783936593305 enter map 1 unit 1102
[map_1] perf_8g_10_200_102_1783936593304 enter map 1 unit 1103
[map_1] perf_8g_10_200_104_1783936593320 enter map 1 unit 1104
[map_1] perf_8g_10_200_105_1783936593324 enter map 1 unit 1105
[map_1] perf_8g_10_200_106_1783936593326 enter map 1 unit 1106
[map_1] perf_8g_10_200_107_1783936593333 enter map 1 unit 1107
[map_1] perf_8g_10_200_108_1783936593334 enter map 1 unit 1108
[map_1] perf_8g_10_200_109_1783936593335 enter map 1 unit 1109
[map_1] perf_8g_10_200_110_1783936593340 enter map 1 unit 1110
[map_1] perf_8g_10_200_111_1783936593341 enter map 1 unit 1111
[map_1] perf_8g_10_200_112_1783936593344 enter map 1 unit 1112
[map_1] perf_8g_10_200_113_1783936593344 enter map 1 unit 1113
[map_1] perf_8g_10_200_114_1783936593346 enter map 1 unit 1114
[map_1] perf_8g_10_200_115_1783936593352 enter map 1 unit 1115
[map_1] perf_8g_10_200_116_1783936593353 enter map 1 unit 1116
[map_1] perf_8g_10_200_117_1783936593354 enter map 1 unit 1117
[map_1] perf_8g_10_200_118_1783936593357 enter map 1 unit 1118
[map_1] perf_8g_10_200_119_1783936593360 enter map 1 unit 1119
[map_1] perf_8g_10_200_120_1783936593374 enter map 1 unit 1120
[map_1] perf_8g_10_200_121_1783936593377 enter map 1 unit 1121
[map_1] perf_8g_10_200_122_1783936593379 enter map 1 unit 1122
[map_1] perf_8g_10_200_123_1783936593388 enter map 1 unit 1123
[map_1] perf_8g_10_200_124_1783936593394 enter map 1 unit 1124
[map_1] perf_8g_10_200_125_1783936593402 enter map 1 unit 1125
[map_1] perf_8g_10_200_126_1783936593403 enter map 1 unit 1126
[map_1] perf_8g_10_200_127_1783936593407 enter map 1 unit 1127
[map_1] perf_8g_10_200_128_1783936593408 enter map 1 unit 1128
[map_1] perf_8g_10_200_130_1783936593411 enter map 1 unit 1130
[map_1] perf_8g_10_200_129_1783936593409 enter map 1 unit 1129
[map_1] perf_8g_10_200_131_1783936593415 enter map 1 unit 1131
[map_1] perf_8g_10_200_135_1783936593428 enter map 1 unit 1135
[map_1] perf_8g_10_200_132_1783936593421 enter map 1 unit 1132
[map_1] perf_8g_10_200_134_1783936593427 enter map 1 unit 1134
[map_1] perf_8g_10_200_133_1783936593426 enter map 1 unit 1133
[map_1] perf_8g_10_200_137_1783936593443 enter map 1 unit 1136
[map_1] perf_8g_10_200_136_1783936593441 enter map 1 unit 1138
[map_1] perf_8g_10_200_138_1783936593446 enter map 1 unit 1137
[map_1] perf_8g_10_200_143_1783936593468 enter map 1 unit 1139
[map_1] perf_8g_10_200_140_1783936593459 enter map 1 unit 1142
[map_1] perf_8g_10_200_142_1783936593467 enter map 1 unit 1140
[map_1] perf_8g_10_200_141_1783936593463 enter map 1 unit 1141
[map_1] perf_8g_10_200_139_1783936593449 enter map 1 unit 1143
[map_1] perf_8g_10_200_144_1783936593480 enter map 1 unit 1146
[map_1] perf_8g_10_200_145_1783936593481 enter map 1 unit 1144
[map_1] perf_8g_10_200_146_1783936593481 enter map 1 unit 1145
[map_1] perf_8g_10_200_148_1783936593496 enter map 1 unit 1147
[map_1] perf_8g_10_200_151_1783936593503 enter map 1 unit 1150
[map_1] perf_8g_10_200_149_1783936593500 enter map 1 unit 1148
[map_1] perf_8g_10_200_150_1783936593501 enter map 1 unit 1149
[map_1] perf_8g_10_200_147_1783936593494 enter map 1 unit 1151
[map_1] perf_8g_10_200_153_1783936593508 enter map 1 unit 1154
[map_1] perf_8g_10_200_154_1783936593510 enter map 1 unit 1152
[map_1] perf_8g_10_200_152_1783936593507 enter map 1 unit 1153
[map_1] perf_8g_10_200_156_1783936593526 enter map 1 unit 1155
[map_1] perf_8g_10_200_157_1783936593527 enter map 1 unit 1158
[map_1] perf_8g_10_200_159_1783936593537 enter map 1 unit 1156
[map_1] perf_8g_10_200_158_1783936593529 enter map 1 unit 1157
[map_1] perf_8g_10_200_155_1783936593525 enter map 1 unit 1159
[map_1] perf_8g_10_200_162_1783936593542 enter map 1 unit 1162
[map_1] perf_8g_10_200_161_1783936593540 enter map 1 unit 1160
[map_1] perf_8g_10_200_160_1783936593538 enter map 1 unit 1161
[map_1] perf_8g_10_200_166_1783936593558 enter map 1 unit 1163
[map_1] perf_8g_10_200_164_1783936593556 enter map 1 unit 1165
[map_1] perf_8g_10_200_167_1783936593567 enter map 1 unit 1164
[map_1] perf_8g_10_200_165_1783936593556 enter map 1 unit 1166
[map_1] perf_8g_10_200_168_1783936593568 enter map 1 unit 1170
[map_1] perf_8g_10_200_170_1783936593585 enter map 1 unit 1167
[map_1] perf_8g_10_200_163_1783936593554 enter map 1 unit 1169
[map_1] perf_8g_10_200_169_1783936593569 enter map 1 unit 1168
[map_1] perf_8g_10_200_175_1783936593600 enter map 1 unit 1171
[map_1] perf_8g_10_200_174_1783936593599 enter map 1 unit 1173
[map_1] perf_8g_10_200_172_1783936593589 enter map 1 unit 1172
[map_1] perf_8g_10_200_177_1783936593603 enter map 1 unit 1174
[map_1] perf_8g_10_200_178_1783936593605 enter map 1 unit 1177
[map_1] perf_8g_10_200_171_1783936593588 enter map 1 unit 1175
[map_1] perf_8g_10_200_176_1783936593602 enter map 1 unit 1176
[map_1] perf_8g_10_200_173_1783936593594 enter map 1 unit 1178
[map_1] perf_8g_10_200_182_1783936593639 enter map 1 unit 1179
[map_1] perf_8g_10_200_183_1783936593642 enter map 1 unit 1181
[map_1] perf_8g_10_200_180_1783936593614 enter map 1 unit 1180
[map_1] perf_8g_10_200_181_1783936593616 enter map 1 unit 1182
[map_1] perf_8g_10_200_186_1783936593659 enter map 1 unit 1183
[map_1] perf_8g_10_200_185_1783936593645 enter map 1 unit 1184
[map_1] perf_8g_10_200_188_1783936593662 enter map 1 unit 1187
[map_1] perf_8g_10_200_184_1783936593643 enter map 1 unit 1185
[map_1] perf_8g_10_200_179_1783936593613 enter map 1 unit 1186
[map_1] perf_8g_10_200_190_1783936593672 enter map 1 unit 1188
[map_1] perf_8g_10_200_194_1783936593679 enter map 1 unit 1191
[map_1] perf_8g_10_200_191_1783936593673 enter map 1 unit 1189
[map_1] perf_8g_10_200_189_1783936593665 enter map 1 unit 1190
[map_1] perf_8g_10_200_196_1783936593682 enter map 1 unit 1192
[map_1] perf_8g_10_200_193_1783936593678 enter map 1 unit 1195
[map_1] perf_8g_10_200_187_1783936593661 enter map 1 unit 1194
[map_1] perf_8g_10_200_192_1783936593676 enter map 1 unit 1193
[map_1] perf_8g_10_200_197_1783936593689 enter map 1 unit 1196
[map_1] perf_8g_10_200_199_1783936593694 enter map 1 unit 1198
[map_1] perf_8g_10_200_198_1783936593693 enter map 1 unit 1197
[map_1] perf_8g_10_200_195_1783936593680 enter map 1 unit 1199
[metrics:inner_transport] active=8 opened=8 pending=0 max_pending=0 overloads=0 timeouts=0 disconnected_calls=0 late_responses=0 idle_closes=0
[process-metrics] process=map1 cpu_percent=153.31 cpu_time_ms=7765 rss_bytes=80265216 v8_heap_used_bytes=15987976 v8_heap_total_bytes=37498880 v8_gc_count=56 v8_gc_ms=29.696 timestamp_ms=1783936597656 outbound_batches=1000 outbound_recipients=1000 outbound_bridge_bytes=829201 outbound_logical_bytes=829201
[metrics:map1] scene=map_1 type=MapHost processed=8025 failed=0 ts_queue=0 ts_max_queue=168 rust_queue=200 rust_max_queue=200 backpressure=0 slow_disconnects=0 update_ms=0.00 handler_ms=0.00 max_handler_ms=113.00 total_handler_ms=83059.00
[metrics:inner_transport] active=8 opened=8 pending=0 max_pending=0 overloads=0 timeouts=0 disconnected_calls=0 late_responses=0 idle_closes=0
[process-metrics] process=map1 cpu_percent=148.54 cpu_time_ms=15187 rss_bytes=110542848 v8_heap_used_bytes=22904680 v8_heap_total_bytes=65548288 v8_gc_count=77 v8_gc_ms=45.507 timestamp_ms=1783936602652 outbound_batches=2000 outbound_recipients=2000 outbound_bridge_bytes=837201 outbound_logical_bytes=837201
[metrics:map1] scene=map_1 type=MapHost processed=19665 failed=0 ts_queue=0 ts_max_queue=200 rust_queue=135 rust_max_queue=200 backpressure=0 slow_disconnects=0 update_ms=0.00 handler_ms=0.00 max_handler_ms=113.00 total_handler_ms=163403.00
[metrics:inner_transport] active=8 opened=8 pending=0 max_pending=0 overloads=0 timeouts=0 disconnected_calls=0 late_responses=0 idle_closes=0
[process-metrics] process=map1 cpu_percent=135.34 cpu_time_ms=21953 rss_bytes=113205248 v8_heap_used_bytes=14124056 v8_heap_total_bytes=66334720 v8_gc_count=97 v8_gc_ms=57.955 timestamp_ms=1783936607652 outbound_batches=3000 outbound_recipients=3000 outbound_bridge_bytes=845201 outbound_logical_bytes=845201
[metrics:map1] scene=map_1 type=MapHost processed=30783 failed=0 ts_queue=0 ts_max_queue=200 rust_queue=17 rust_max_queue=200 backpressure=0 slow_disconnects=0 update_ms=5.00 handler_ms=4.00 max_handler_ms=113.00 total_handler_ms=184500.00
[metrics:inner_transport] active=8 opened=8 pending=0 max_pending=0 overloads=0 timeouts=0 disconnected_calls=0 late_responses=0 idle_closes=0
[process-metrics] process=map1 cpu_percent=136.55 cpu_time_ms=28781 rss_bytes=116080640 v8_heap_used_bytes=29782472 v8_heap_total_bytes=66334720 v8_gc_count=114 v8_gc_ms=67.859 timestamp_ms=1783936612652 outbound_batches=4000 outbound_recipients=4000 outbound_bridge_bytes=853201 outbound_logical_bytes=853201
[metrics:map1] scene=map_1 type=MapHost processed=41695 failed=0 ts_queue=0 ts_max_queue=200 rust_queue=105 rust_max_queue=200 backpressure=0 slow_disconnects=0 update_ms=1.00 handler_ms=1.00 max_handler_ms=113.00 total_handler_ms=207708.00
[metrics:inner_transport] active=8 opened=8 pending=0 max_pending=0 overloads=0 timeouts=0 disconnected_calls=0 late_responses=0 idle_closes=0
[process-metrics] process=map1 cpu_percent=146.89 cpu_time_ms=36125 rss_bytes=115834880 v8_heap_used_bytes=18361384 v8_heap_total_bytes=68694016 v8_gc_count=134 v8_gc_ms=82.282 timestamp_ms=1783936617652 outbound_batches=5000 outbound_recipients=5000 outbound_bridge_bytes=861201 outbound_logical_bytes=861201
[metrics:map1] scene=map_1 type=MapHost processed=52800 failed=0 ts_queue=0 ts_max_queue=200 rust_queue=0 rust_max_queue=200 backpressure=0 slow_disconnects=0 update_ms=1.00 handler_ms=1.00 max_handler_ms=113.00 total_handler_ms=241437.00
[metrics:inner_transport] active=8 opened=8 pending=0 max_pending=0 overloads=0 timeouts=0 disconnected_calls=0 late_responses=0 idle_closes=0
[process-metrics] process=map1 cpu_percent=126.82 cpu_time_ms=42468 rss_bytes=116920320 v8_heap_used_bytes=28156736 v8_heap_total_bytes=68694016 v8_gc_count=151 v8_gc_ms=91.381 timestamp_ms=1783936622653 outbound_batches=5822 outbound_recipients=5822 outbound_bridge_bytes=867777 outbound_logical_bytes=867777
[metrics:map1] scene=map_1 type=MapHost processed=63466 failed=0 ts_queue=0 ts_max_queue=200 rust_queue=156 rust_max_queue=200 backpressure=0 slow_disconnects=0 update_ms=0.00 handler_ms=0.00 max_handler_ms=113.00 total_handler_ms=268992.00
[metrics:inner_transport] active=8 opened=8 pending=0 max_pending=0 overloads=0 timeouts=0 disconnected_calls=0 late_responses=0 idle_closes=0
[process-metrics] process=map1 cpu_percent=155.56 cpu_time_ms=50250 rss_bytes=116879360 v8_heap_used_bytes=16170368 v8_heap_total_bytes=68956160 v8_gc_count=171 v8_gc_ms=107.067 timestamp_ms=1783936627656 outbound_batches=6800 outbound_recipients=6800 outbound_bridge_bytes=875601 outbound_logical_bytes=875601
[metrics:map1] scene=map_1 type=MapHost processed=74452 failed=0 ts_queue=0 ts_max_queue=200 rust_queue=148 rust_max_queue=200 backpressure=0 slow_disconnects=0 update_ms=1.00 handler_ms=1.00 max_handler_ms=113.00 total_handler_ms=331769.00
[metrics:inner_transport] active=8 opened=8 pending=0 max_pending=0 overloads=0 timeouts=0 disconnected_calls=0 late_responses=0 idle_closes=0
[process-metrics] process=map1 cpu_percent=141.15 cpu_time_ms=57312 rss_bytes=115568640 v8_heap_used_bytes=9418232 v8_heap_total_bytes=68956160 v8_gc_count=189 v8_gc_ms=118.722 timestamp_ms=1783936632659 outbound_batches=7800 outbound_recipients=7800 outbound_bridge_bytes=883601 outbound_logical_bytes=883601
[metrics:map1] scene=map_1 type=MapHost processed=85468 failed=0 ts_queue=0 ts_max_queue=200 rust_queue=132 rust_max_queue=200 backpressure=0 slow_disconnects=0 update_ms=2.00 handler_ms=2.00 max_handler_ms=113.00 total_handler_ms=376099.00
[map_1] perf_8g_10_200_0_1783936593049 leave map 1 unit 1000
[map_1] perf_8g_10_200_1_1783936593051 leave map 1 unit 1002
[map_1] perf_8g_10_200_20_1783936593097 leave map 1 unit 1020
[map_1] perf_8g_10_200_19_1783936593097 leave map 1 unit 1019
[map_1] perf_8g_10_200_3_1783936593051 leave map 1 unit 1007
[map_1] perf_8g_10_200_2_1783936593051 leave map 1 unit 1001
[map_1] perf_8g_10_200_17_1783936593093 leave map 1 unit 1017
[map_1] perf_8g_10_200_18_1783936593096 leave map 1 unit 1018
[map_1] perf_8g_10_200_8_1783936593051 leave map 1 unit 1008
[map_1] perf_8g_10_200_5_1783936593051 leave map 1 unit 1009
[map_1] perf_8g_10_200_15_1783936593052 leave map 1 unit 1012
[map_1] perf_8g_10_200_13_1783936593052 leave map 1 unit 1014
[map_1] perf_8g_10_200_7_1783936593051 leave map 1 unit 1003
[map_1] perf_8g_10_200_16_1783936593090 leave map 1 unit 1016
[map_1] perf_8g_10_200_9_1783936593051 leave map 1 unit 1010
[map_1] perf_8g_10_200_11_1783936593051 leave map 1 unit 1011
[map_1] perf_8g_10_200_6_1783936593051 leave map 1 unit 1006
[map_1] perf_8g_10_200_14_1783936593052 leave map 1 unit 1013
[map_1] perf_8g_10_200_10_1783936593051 leave map 1 unit 1005
[map_1] perf_8g_10_200_12_1783936593052 leave map 1 unit 1015
[map_1] perf_8g_10_200_4_1783936593051 leave map 1 unit 1004
[map_1] perf_8g_10_200_199_1783936593694 leave map 1 unit 1198
[map_1] perf_8g_10_200_198_1783936593693 leave map 1 unit 1197
[map_1] perf_8g_10_200_196_1783936593682 leave map 1 unit 1192
[map_1] perf_8g_10_200_197_1783936593689 leave map 1 unit 1196
[map_1] perf_8g_10_200_195_1783936593680 leave map 1 unit 1199
[map_1] perf_8g_10_200_193_1783936593678 leave map 1 unit 1195
[map_1] perf_8g_10_200_194_1783936593679 leave map 1 unit 1191
[map_1] perf_8g_10_200_192_1783936593676 leave map 1 unit 1193
[map_1] perf_8g_10_200_190_1783936593672 leave map 1 unit 1188
[map_1] perf_8g_10_200_191_1783936593673 leave map 1 unit 1189
[map_1] perf_8g_10_200_187_1783936593661 leave map 1 unit 1194
[map_1] perf_8g_10_200_189_1783936593665 leave map 1 unit 1190
[map_1] perf_8g_10_200_188_1783936593662 leave map 1 unit 1187
[map_1] perf_8g_10_200_186_1783936593659 leave map 1 unit 1183
[map_1] perf_8g_10_200_185_1783936593645 leave map 1 unit 1184
[map_1] perf_8g_10_200_184_1783936593643 leave map 1 unit 1185
[map_1] perf_8g_10_200_21_1783936593098 leave map 1 unit 1021
[map_1] perf_8g_10_200_183_1783936593642 leave map 1 unit 1181
[map_1] perf_8g_10_200_181_1783936593616 leave map 1 unit 1182
[map_1] perf_8g_10_200_182_1783936593639 leave map 1 unit 1179
[map_1] perf_8g_10_200_180_1783936593614 leave map 1 unit 1180
[map_1] perf_8g_10_200_179_1783936593613 leave map 1 unit 1186
[map_1] perf_8g_10_200_177_1783936593603 leave map 1 unit 1174
[map_1] perf_8g_10_200_176_1783936593602 leave map 1 unit 1176
[map_1] perf_8g_10_200_22_1783936593099 leave map 1 unit 1022
[map_1] perf_8g_10_200_178_1783936593605 leave map 1 unit 1177
[map_1] perf_8g_10_200_175_1783936593600 leave map 1 unit 1171
[map_1] perf_8g_10_200_173_1783936593594 leave map 1 unit 1178
[map_1] perf_8g_10_200_174_1783936593599 leave map 1 unit 1173
[map_1] perf_8g_10_200_172_1783936593589 leave map 1 unit 1172
[map_1] perf_8g_10_200_171_1783936593588 leave map 1 unit 1175
[map_1] perf_8g_10_200_170_1783936593585 leave map 1 unit 1167
[map_1] perf_8g_10_200_169_1783936593569 leave map 1 unit 1168
[map_1] perf_8g_10_200_168_1783936593568 leave map 1 unit 1170
[map_1] perf_8g_10_200_23_1783936593099 leave map 1 unit 1023
[map_1] perf_8g_10_200_167_1783936593567 leave map 1 unit 1164
[map_1] perf_8g_10_200_166_1783936593558 leave map 1 unit 1163
[map_1] perf_8g_10_200_165_1783936593556 leave map 1 unit 1166
[map_1] perf_8g_10_200_164_1783936593556 leave map 1 unit 1165
[map_1] perf_8g_10_200_24_1783936593100 leave map 1 unit 1025
[map_1] perf_8g_10_200_163_1783936593554 leave map 1 unit 1169
[map_1] perf_8g_10_200_162_1783936593542 leave map 1 unit 1162
[map_1] perf_8g_10_200_160_1783936593538 leave map 1 unit 1161
[map_1] perf_8g_10_200_25_1783936593100 leave map 1 unit 1024
[map_1] perf_8g_10_200_161_1783936593540 leave map 1 unit 1160
[map_1] perf_8g_10_200_159_1783936593537 leave map 1 unit 1156
[map_1] perf_8g_10_200_158_1783936593529 leave map 1 unit 1157
[map_1] perf_8g_10_200_157_1783936593527 leave map 1 unit 1158
[map_1] perf_8g_10_200_156_1783936593526 leave map 1 unit 1155
[map_1] perf_8g_10_200_155_1783936593525 leave map 1 unit 1159
[map_1] perf_8g_10_200_26_1783936593101 leave map 1 unit 1026
[map_1] perf_8g_10_200_154_1783936593510 leave map 1 unit 1152
[map_1] perf_8g_10_200_153_1783936593508 leave map 1 unit 1154
[map_1] perf_8g_10_200_152_1783936593507 leave map 1 unit 1153
[map_1] perf_8g_10_200_27_1783936593101 leave map 1 unit 1032
[map_1] perf_8g_10_200_151_1783936593503 leave map 1 unit 1150
[map_1] perf_8g_10_200_148_1783936593496 leave map 1 unit 1147
[map_1] perf_8g_10_200_150_1783936593501 leave map 1 unit 1149
[map_1] perf_8g_10_200_28_1783936593102 leave map 1 unit 1027
[map_1] perf_8g_10_200_149_1783936593500 leave map 1 unit 1148
[map_1] perf_8g_10_200_147_1783936593494 leave map 1 unit 1151
[map_1] perf_8g_10_200_146_1783936593481 leave map 1 unit 1145
[map_1] perf_8g_10_200_145_1783936593481 leave map 1 unit 1144
[map_1] perf_8g_10_200_144_1783936593480 leave map 1 unit 1146
[map_1] perf_8g_10_200_31_1783936593104 leave map 1 unit 1030
[map_1] perf_8g_10_200_143_1783936593468 leave map 1 unit 1139
[map_1] perf_8g_10_200_142_1783936593467 leave map 1 unit 1140
[map_1] perf_8g_10_200_30_1783936593103 leave map 1 unit 1029
[map_1] perf_8g_10_200_141_1783936593463 leave map 1 unit 1141
[map_1] perf_8g_10_200_139_1783936593449 leave map 1 unit 1143
[map_1] perf_8g_10_200_32_1783936593104 leave map 1 unit 1031
[map_1] perf_8g_10_200_140_1783936593459 leave map 1 unit 1142
[map_1] perf_8g_10_200_138_1783936593446 leave map 1 unit 1137
[map_1] perf_8g_10_200_136_1783936593441 leave map 1 unit 1138
[map_1] perf_8g_10_200_137_1783936593443 leave map 1 unit 1136
[map_1] perf_8g_10_200_33_1783936593114 leave map 1 unit 1033
[map_1] perf_8g_10_200_135_1783936593428 leave map 1 unit 1135
[map_1] perf_8g_10_200_133_1783936593426 leave map 1 unit 1133
[map_1] perf_8g_10_200_34_1783936593122 leave map 1 unit 1034
[map_1] perf_8g_10_200_134_1783936593427 leave map 1 unit 1134
[map_1] perf_8g_10_200_131_1783936593415 leave map 1 unit 1131
[map_1] perf_8g_10_200_35_1783936593123 leave map 1 unit 1035
[map_1] perf_8g_10_200_132_1783936593421 leave map 1 unit 1132
[map_1] perf_8g_10_200_130_1783936593411 leave map 1 unit 1130
[map_1] perf_8g_10_200_37_1783936593125 leave map 1 unit 1037
[map_1] perf_8g_10_200_129_1783936593409 leave map 1 unit 1129
[map_1] perf_8g_10_200_128_1783936593408 leave map 1 unit 1128
[map_1] perf_8g_10_200_126_1783936593403 leave map 1 unit 1126
[map_1] perf_8g_10_200_127_1783936593407 leave map 1 unit 1127
[map_1] perf_8g_10_200_38_1783936593129 leave map 1 unit 1038
[map_1] perf_8g_10_200_125_1783936593402 leave map 1 unit 1125
[map_1] perf_8g_10_200_39_1783936593131 leave map 1 unit 1039
[map_1] perf_8g_10_200_124_1783936593394 leave map 1 unit 1124
[map_1] perf_8g_10_200_123_1783936593388 leave map 1 unit 1123
[map_1] perf_8g_10_200_29_1783936593102 leave map 1 unit 1028
[map_1] perf_8g_10_200_122_1783936593379 leave map 1 unit 1122
[map_1] perf_8g_10_200_120_1783936593374 leave map 1 unit 1120
[map_1] perf_8g_10_200_40_1783936593131 leave map 1 unit 1040
[map_1] perf_8g_10_200_121_1783936593377 leave map 1 unit 1121
[map_1] perf_8g_10_200_119_1783936593360 leave map 1 unit 1119
[map_1] perf_8g_10_200_118_1783936593357 leave map 1 unit 1118
[map_1] perf_8g_10_200_42_1783936593134 leave map 1 unit 1042
[map_1] perf_8g_10_200_117_1783936593354 leave map 1 unit 1117
[map_1] perf_8g_10_200_41_1783936593133 leave map 1 unit 1041
[map_1] perf_8g_10_200_116_1783936593353 leave map 1 unit 1116
[map_1] perf_8g_10_200_115_1783936593352 leave map 1 unit 1115
[map_1] perf_8g_10_200_43_1783936593135 leave map 1 unit 1043
[map_1] perf_8g_10_200_114_1783936593346 leave map 1 unit 1114
[map_1] perf_8g_10_200_45_1783936593136 leave map 1 unit 1045
[map_1] perf_8g_10_200_113_1783936593344 leave map 1 unit 1113
[map_1] perf_8g_10_200_111_1783936593341 leave map 1 unit 1111
[map_1] perf_8g_10_200_46_1783936593137 leave map 1 unit 1046
[map_1] perf_8g_10_200_112_1783936593344 leave map 1 unit 1112
[map_1] perf_8g_10_200_109_1783936593335 leave map 1 unit 1109
[map_1] perf_8g_10_200_108_1783936593334 leave map 1 unit 1108
[map_1] perf_8g_10_200_48_1783936593138 leave map 1 unit 1048
[map_1] perf_8g_10_200_110_1783936593340 leave map 1 unit 1110
[map_1] perf_8g_10_200_47_1783936593138 leave map 1 unit 1047
[map_1] perf_8g_10_200_107_1783936593333 leave map 1 unit 1107
[map_1] perf_8g_10_200_106_1783936593326 leave map 1 unit 1106
[map_1] perf_8g_10_200_49_1783936593146 leave map 1 unit 1049
[map_1] perf_8g_10_200_105_1783936593324 leave map 1 unit 1105
[map_1] perf_8g_10_200_50_1783936593157 leave map 1 unit 1050
[map_1] perf_8g_10_200_104_1783936593320 leave map 1 unit 1104
[map_1] perf_8g_10_200_51_1783936593160 leave map 1 unit 1051
[map_1] perf_8g_10_200_103_1783936593305 leave map 1 unit 1102
[map_1] perf_8g_10_200_102_1783936593304 leave map 1 unit 1103
[map_1] perf_8g_10_200_100_1783936593300 leave map 1 unit 1099
[map_1] perf_8g_10_200_36_1783936593124 leave map 1 unit 1036
[map_1] perf_8g_10_200_101_1783936593302 leave map 1 unit 1100
[map_1] perf_8g_10_200_54_1783936593166 leave map 1 unit 1054
[map_1] perf_8g_10_200_99_1783936593300 leave map 1 unit 1101
[map_1] perf_8g_10_200_98_1783936593294 leave map 1 unit 1098
[map_1] perf_8g_10_200_53_1783936593162 leave map 1 unit 1053
[map_1] perf_8g_10_200_97_1783936593291 leave map 1 unit 1097
[map_1] perf_8g_10_200_55_1783936593168 leave map 1 unit 1055
[map_1] perf_8g_10_200_96_1783936593290 leave map 1 unit 1096
[map_1] perf_8g_10_200_56_1783936593173 leave map 1 unit 1057
[map_1] perf_8g_10_200_95_1783936593289 leave map 1 unit 1095
[map_1] perf_8g_10_200_57_1783936593173 leave map 1 unit 1056
[map_1] perf_8g_10_200_94_1783936593287 leave map 1 unit 1094
[map_1] perf_8g_10_200_58_1783936593174 leave map 1 unit 1058
[map_1] perf_8g_10_200_93_1783936593286 leave map 1 unit 1092
[map_1] perf_8g_10_200_92_1783936593284 leave map 1 unit 1093
[map_1] perf_8g_10_200_59_1783936593174 leave map 1 unit 1059
[map_1] perf_8g_10_200_91_1783936593283 leave map 1 unit 1091
[map_1] perf_8g_10_200_90_1783936593281 leave map 1 unit 1090
[map_1] perf_8g_10_200_44_1783936593135 leave map 1 unit 1044
[map_1] perf_8g_10_200_89_1783936593278 leave map 1 unit 1089
[map_1] perf_8g_10_200_61_1783936593179 leave map 1 unit 1061
[map_1] perf_8g_10_200_88_1783936593272 leave map 1 unit 1088
[map_1] perf_8g_10_200_62_1783936593180 leave map 1 unit 1062
[map_1] perf_8g_10_200_85_1783936593250 leave map 1 unit 1086
[map_1] perf_8g_10_200_87_1783936593252 leave map 1 unit 1087
[map_1] perf_8g_10_200_63_1783936593180 leave map 1 unit 1063
[map_1] perf_8g_10_200_86_1783936593251 leave map 1 unit 1085
[map_1] perf_8g_10_200_64_1783936593187 leave map 1 unit 1067
[map_1] perf_8g_10_200_84_1783936593248 leave map 1 unit 1084
[map_1] perf_8g_10_200_52_1783936593160 leave map 1 unit 1052
[map_1] perf_8g_10_200_83_1783936593242 leave map 1 unit 1083
[map_1] perf_8g_10_200_65_1783936593188 leave map 1 unit 1064
[map_1] perf_8g_10_200_82_1783936593240 leave map 1 unit 1081
[map_1] perf_8g_10_200_66_1783936593190 leave map 1 unit 1065
[map_1] perf_8g_10_200_80_1783936593233 leave map 1 unit 1080
[map_1] perf_8g_10_200_60_1783936593175 leave map 1 unit 1060
[map_1] perf_8g_10_200_81_1783936593237 leave map 1 unit 1082
[map_1] perf_8g_10_200_67_1783936593192 leave map 1 unit 1066
[map_1] perf_8g_10_200_77_1783936593227 leave map 1 unit 1076
[map_1] perf_8g_10_200_69_1783936593196 leave map 1 unit 1069
[map_1] perf_8g_10_200_79_1783936593232 leave map 1 unit 1078
[map_1] perf_8g_10_200_70_1783936593199 leave map 1 unit 1070
[map_1] perf_8g_10_200_68_1783936593196 leave map 1 unit 1068
[map_1] perf_8g_10_200_71_1783936593201 leave map 1 unit 1071
[map_1] perf_8g_10_200_78_1783936593229 leave map 1 unit 1079
[map_1] perf_8g_10_200_72_1783936593217 leave map 1 unit 1072
[map_1] perf_8g_10_200_76_1783936593226 leave map 1 unit 1077
[map_1] perf_8g_10_200_73_1783936593223 leave map 1 unit 1075
[map_1] perf_8g_10_200_74_1783936593224 leave map 1 unit 1073
[map_1] perf_8g_10_200_75_1783936593225 leave map 1 unit 1074
