starting process map1 with one V8 and 1 scene(s) from E:\VsCode\skynet\ets_runtime\perf\results\runtime_configs\map_capacity_20260713_095506\200p_8g_r1\map1.json
scene map_1 (MapHost) listening on 127.0.0.1:7301
[process:map1] one V8 started with 1 scene(s)
[map_1] MapHost scene started at 127.0.0.1:7301
map_1 accepted 127.0.0.1:62184 as conn 1
map_1 accepted 127.0.0.1:62242 as conn 2
map_1 accepted 127.0.0.1:62243 as conn 3
map_1 accepted 127.0.0.1:62244 as conn 4
map_1 accepted 127.0.0.1:62245 as conn 5
map_1 accepted 127.0.0.1:62246 as conn 6
map_1 accepted 127.0.0.1:62247 as conn 7
[map_1] perf_8g_10_200_0_1783936506753 enter map 1 unit 1000
map_1 accepted 127.0.0.1:62248 as conn 8
map_1 accepted 127.0.0.1:62249 as conn 9
[map_1] perf_8g_10_200_1_1783936506754 enter map 1 unit 1001
[map_1] perf_8g_10_200_4_1783936506754 enter map 1 unit 1002
[map_1] perf_8g_10_200_8_1783936506755 enter map 1 unit 1003
[map_1] perf_8g_10_200_7_1783936506755 enter map 1 unit 1004
[map_1] perf_8g_10_200_2_1783936506754 enter map 1 unit 1005
[map_1] perf_8g_10_200_3_1783936506754 enter map 1 unit 1006
[map_1] perf_8g_10_200_9_1783936506755 enter map 1 unit 1007
[map_1] perf_8g_10_200_5_1783936506755 enter map 1 unit 1008
[map_1] perf_8g_10_200_6_1783936506755 enter map 1 unit 1009
[map_1] perf_8g_10_200_10_1783936506755 enter map 1 unit 1010
[map_1] perf_8g_10_200_13_1783936506755 enter map 1 unit 1011
[map_1] perf_8g_10_200_14_1783936506755 enter map 1 unit 1012
[map_1] perf_8g_10_200_15_1783936506755 enter map 1 unit 1013
[map_1] perf_8g_10_200_11_1783936506755 enter map 1 unit 1014
[map_1] perf_8g_10_200_16_1783936506787 enter map 1 unit 1015
[map_1] perf_8g_10_200_17_1783936506789 enter map 1 unit 1016
[map_1] perf_8g_10_200_12_1783936506755 enter map 1 unit 1017
[map_1] perf_8g_10_200_18_1783936506792 enter map 1 unit 1018
[map_1] perf_8g_10_200_19_1783936506792 enter map 1 unit 1019
[map_1] perf_8g_10_200_20_1783936506794 enter map 1 unit 1020
[map_1] perf_8g_10_200_21_1783936506794 enter map 1 unit 1021
[map_1] perf_8g_10_200_22_1783936506795 enter map 1 unit 1022
[map_1] perf_8g_10_200_24_1783936506796 enter map 1 unit 1023
[map_1] perf_8g_10_200_23_1783936506795 enter map 1 unit 1024
[map_1] perf_8g_10_200_25_1783936506796 enter map 1 unit 1025
[map_1] perf_8g_10_200_26_1783936506797 enter map 1 unit 1026
[map_1] perf_8g_10_200_28_1783936506797 enter map 1 unit 1027
[map_1] perf_8g_10_200_30_1783936506798 enter map 1 unit 1028
[map_1] perf_8g_10_200_27_1783936506797 enter map 1 unit 1029
[map_1] perf_8g_10_200_29_1783936506798 enter map 1 unit 1030
[map_1] perf_8g_10_200_31_1783936506800 enter map 1 unit 1031
[map_1] perf_8g_10_200_33_1783936506806 enter map 1 unit 1032
[map_1] perf_8g_10_200_32_1783936506806 enter map 1 unit 1033
[map_1] perf_8g_10_200_34_1783936506814 enter map 1 unit 1034
[map_1] perf_8g_10_200_35_1783936506816 enter map 1 unit 1035
[map_1] perf_8g_10_200_36_1783936506819 enter map 1 unit 1036
[map_1] perf_8g_10_200_37_1783936506821 enter map 1 unit 1037
[map_1] perf_8g_10_200_38_1783936506822 enter map 1 unit 1038
[map_1] perf_8g_10_200_39_1783936506823 enter map 1 unit 1039
[map_1] perf_8g_10_200_40_1783936506823 enter map 1 unit 1040
[map_1] perf_8g_10_200_41_1783936506825 enter map 1 unit 1041
[map_1] perf_8g_10_200_42_1783936506825 enter map 1 unit 1042
[map_1] perf_8g_10_200_43_1783936506828 enter map 1 unit 1043
[map_1] perf_8g_10_200_44_1783936506829 enter map 1 unit 1044
[map_1] perf_8g_10_200_45_1783936506830 enter map 1 unit 1045
[map_1] perf_8g_10_200_46_1783936506830 enter map 1 unit 1046
[map_1] perf_8g_10_200_47_1783936506831 enter map 1 unit 1047
[map_1] perf_8g_10_200_48_1783936506833 enter map 1 unit 1048
[map_1] perf_8g_10_200_49_1783936506833 enter map 1 unit 1049
[map_1] perf_8g_10_200_50_1783936506841 enter map 1 unit 1050
[map_1] perf_8g_10_200_51_1783936506843 enter map 1 unit 1051
[map_1] perf_8g_10_200_52_1783936506848 enter map 1 unit 1052
[map_1] perf_8g_10_200_53_1783936506851 enter map 1 unit 1053
[map_1] perf_8g_10_200_54_1783936506854 enter map 1 unit 1054
[map_1] perf_8g_10_200_55_1783936506855 enter map 1 unit 1055
[map_1] perf_8g_10_200_57_1783936506857 enter map 1 unit 1056
[map_1] perf_8g_10_200_56_1783936506856 enter map 1 unit 1057
[map_1] perf_8g_10_200_58_1783936506859 enter map 1 unit 1058
[map_1] perf_8g_10_200_59_1783936506861 enter map 1 unit 1059
[map_1] perf_8g_10_200_60_1783936506865 enter map 1 unit 1060
[map_1] perf_8g_10_200_61_1783936506865 enter map 1 unit 1061
[map_1] perf_8g_10_200_62_1783936506866 enter map 1 unit 1062
[map_1] perf_8g_10_200_63_1783936506867 enter map 1 unit 1063
[map_1] perf_8g_10_200_64_1783936506869 enter map 1 unit 1064
[map_1] perf_8g_10_200_65_1783936506869 enter map 1 unit 1065
[map_1] perf_8g_10_200_66_1783936506880 enter map 1 unit 1066
[map_1] perf_8g_10_200_67_1783936506882 enter map 1 unit 1067
[map_1] perf_8g_10_200_68_1783936506888 enter map 1 unit 1068
[map_1] perf_8g_10_200_69_1783936506888 enter map 1 unit 1069
[map_1] perf_8g_10_200_70_1783936506892 enter map 1 unit 1070
[map_1] perf_8g_10_200_71_1783936506897 enter map 1 unit 1071
[map_1] perf_8g_10_200_72_1783936506899 enter map 1 unit 1072
[map_1] perf_8g_10_200_73_1783936506900 enter map 1 unit 1073
[map_1] perf_8g_10_200_74_1783936506904 enter map 1 unit 1074
[map_1] perf_8g_10_200_78_1783936506910 enter map 1 unit 1078
[map_1] perf_8g_10_200_75_1783936506905 enter map 1 unit 1075
[map_1] perf_8g_10_200_76_1783936506908 enter map 1 unit 1076
[map_1] perf_8g_10_200_77_1783936506909 enter map 1 unit 1077
[map_1] perf_8g_10_200_79_1783936506911 enter map 1 unit 1079
[map_1] perf_8g_10_200_81_1783936506914 enter map 1 unit 1081
[map_1] perf_8g_10_200_80_1783936506912 enter map 1 unit 1080
[map_1] perf_8g_10_200_83_1783936506927 enter map 1 unit 1082
[map_1] perf_8g_10_200_84_1783936506932 enter map 1 unit 1083
[map_1] perf_8g_10_200_85_1783936506934 enter map 1 unit 1085
[map_1] perf_8g_10_200_82_1783936506923 enter map 1 unit 1084
[map_1] perf_8g_10_200_86_1783936506936 enter map 1 unit 1086
[map_1] perf_8g_10_200_87_1783936506940 enter map 1 unit 1087
[map_1] perf_8g_10_200_89_1783936506944 enter map 1 unit 1088
[map_1] perf_8g_10_200_88_1783936506943 enter map 1 unit 1089
[map_1] perf_8g_10_200_90_1783936506953 enter map 1 unit 1090
[map_1] perf_8g_10_200_92_1783936506954 enter map 1 unit 1091
[map_1] perf_8g_10_200_94_1783936506955 enter map 1 unit 1094
[map_1] perf_8g_10_200_91_1783936506953 enter map 1 unit 1092
[map_1] perf_8g_10_200_93_1783936506954 enter map 1 unit 1093
[map_1] perf_8g_10_200_95_1783936506957 enter map 1 unit 1095
[map_1] perf_8g_10_200_97_1783936506959 enter map 1 unit 1097
[map_1] perf_8g_10_200_96_1783936506959 enter map 1 unit 1096
[map_1] perf_8g_10_200_98_1783936506968 enter map 1 unit 1098
[map_1] perf_8g_10_200_99_1783936506974 enter map 1 unit 1099
[map_1] perf_8g_10_200_100_1783936506976 enter map 1 unit 1100
[map_1] perf_8g_10_200_101_1783936506977 enter map 1 unit 1101
[map_1] perf_8g_10_200_102_1783936506978 enter map 1 unit 1102
[map_1] perf_8g_10_200_104_1783936506983 enter map 1 unit 1104
[map_1] perf_8g_10_200_103_1783936506982 enter map 1 unit 1103
[map_1] perf_8g_10_200_105_1783936506985 enter map 1 unit 1105
[map_1] perf_8g_10_200_106_1783936506999 enter map 1 unit 1106
[map_1] perf_8g_10_200_107_1783936507006 enter map 1 unit 1107
[map_1] perf_8g_10_200_109_1783936507009 enter map 1 unit 1109
[map_1] perf_8g_10_200_108_1783936507009 enter map 1 unit 1108
[map_1] perf_8g_10_200_110_1783936507010 enter map 1 unit 1110
[map_1] perf_8g_10_200_113_1783936507013 enter map 1 unit 1113
[map_1] perf_8g_10_200_111_1783936507012 enter map 1 unit 1111
[map_1] perf_8g_10_200_112_1783936507012 enter map 1 unit 1112
[map_1] perf_8g_10_200_114_1783936507015 enter map 1 unit 1114
[map_1] perf_8g_10_200_117_1783936507025 enter map 1 unit 1117
[map_1] perf_8g_10_200_115_1783936507020 enter map 1 unit 1115
[map_1] perf_8g_10_200_116_1783936507024 enter map 1 unit 1116
[map_1] perf_8g_10_200_118_1783936507031 enter map 1 unit 1118
[map_1] perf_8g_10_200_121_1783936507034 enter map 1 unit 1121
[map_1] perf_8g_10_200_120_1783936507032 enter map 1 unit 1119
[map_1] perf_8g_10_200_119_1783936507031 enter map 1 unit 1120
[map_1] perf_8g_10_200_123_1783936507050 enter map 1 unit 1122
[map_1] perf_8g_10_200_122_1783936507046 enter map 1 unit 1125
[map_1] perf_8g_10_200_125_1783936507052 enter map 1 unit 1123
[map_1] perf_8g_10_200_124_1783936507052 enter map 1 unit 1124
[map_1] perf_8g_10_200_126_1783936507058 enter map 1 unit 1126
[map_1] perf_8g_10_200_129_1783936507061 enter map 1 unit 1129
[map_1] perf_8g_10_200_128_1783936507059 enter map 1 unit 1128
[map_1] perf_8g_10_200_127_1783936507058 enter map 1 unit 1127
[map_1] perf_8g_10_200_130_1783936507070 enter map 1 unit 1130
[map_1] perf_8g_10_200_132_1783936507073 enter map 1 unit 1133
[map_1] perf_8g_10_200_133_1783936507074 enter map 1 unit 1131
[map_1] perf_8g_10_200_131_1783936507071 enter map 1 unit 1132
[map_1] perf_8g_10_200_137_1783936507085 enter map 1 unit 1134
[map_1] perf_8g_10_200_135_1783936507083 enter map 1 unit 1137
[map_1] perf_8g_10_200_134_1783936507082 enter map 1 unit 1135
[map_1] perf_8g_10_200_136_1783936507084 enter map 1 unit 1136
[map_1] perf_8g_10_200_139_1783936507096 enter map 1 unit 1138
[map_1] perf_8g_10_200_138_1783936507094 enter map 1 unit 1141
[map_1] perf_8g_10_200_140_1783936507097 enter map 1 unit 1139
[map_1] perf_8g_10_200_141_1783936507098 enter map 1 unit 1140
[map_1] perf_8g_10_200_143_1783936507107 enter map 1 unit 1142
[map_1] perf_8g_10_200_142_1783936507105 enter map 1 unit 1145
[map_1] perf_8g_10_200_144_1783936507107 enter map 1 unit 1143
[map_1] perf_8g_10_200_145_1783936507108 enter map 1 unit 1144
[map_1] perf_8g_10_200_146_1783936507116 enter map 1 unit 1146
[map_1] perf_8g_10_200_147_1783936507117 enter map 1 unit 1149
[map_1] perf_8g_10_200_149_1783936507121 enter map 1 unit 1147
[map_1] perf_8g_10_200_148_1783936507118 enter map 1 unit 1148
[map_1] perf_8g_10_200_150_1783936507127 enter map 1 unit 1150
[map_1] perf_8g_10_200_151_1783936507129 enter map 1 unit 1153
[map_1] perf_8g_10_200_153_1783936507131 enter map 1 unit 1151
[map_1] perf_8g_10_200_152_1783936507130 enter map 1 unit 1152
[map_1] perf_8g_10_200_155_1783936507143 enter map 1 unit 1154
[map_1] perf_8g_10_200_154_1783936507141 enter map 1 unit 1157
[map_1] perf_8g_10_200_157_1783936507145 enter map 1 unit 1155
[map_1] perf_8g_10_200_156_1783936507144 enter map 1 unit 1156
[map_1] perf_8g_10_200_158_1783936507151 enter map 1 unit 1158
[map_1] perf_8g_10_200_160_1783936507153 enter map 1 unit 1161
[map_1] perf_8g_10_200_159_1783936507152 enter map 1 unit 1159
[map_1] perf_8g_10_200_161_1783936507155 enter map 1 unit 1160
[map_1] perf_8g_10_200_163_1783936507162 enter map 1 unit 1162
[map_1] perf_8g_10_200_165_1783936507164 enter map 1 unit 1165
[map_1] perf_8g_10_200_162_1783936507162 enter map 1 unit 1163
[map_1] perf_8g_10_200_164_1783936507163 enter map 1 unit 1164
[map_1] perf_8g_10_200_168_1783936507174 enter map 1 unit 1166
[map_1] perf_8g_10_200_167_1783936507174 enter map 1 unit 1169
[map_1] perf_8g_10_200_166_1783936507172 enter map 1 unit 1167
[map_1] perf_8g_10_200_169_1783936507176 enter map 1 unit 1168
[map_1] perf_8g_10_200_172_1783936507187 enter map 1 unit 1170
[map_1] perf_8g_10_200_171_1783936507186 enter map 1 unit 1173
[map_1] perf_8g_10_200_173_1783936507189 enter map 1 unit 1171
[map_1] perf_8g_10_200_170_1783936507184 enter map 1 unit 1172
[map_1] perf_8g_10_200_175_1783936507197 enter map 1 unit 1174
[map_1] perf_8g_10_200_176_1783936507198 enter map 1 unit 1177
[map_1] perf_8g_10_200_177_1783936507199 enter map 1 unit 1175
[map_1] perf_8g_10_200_174_1783936507195 enter map 1 unit 1176
[map_1] perf_8g_10_200_179_1783936507211 enter map 1 unit 1178
[map_1] perf_8g_10_200_180_1783936507212 enter map 1 unit 1181
[map_1] perf_8g_10_200_178_1783936507210 enter map 1 unit 1179
[map_1] perf_8g_10_200_181_1783936507213 enter map 1 unit 1180
[map_1] perf_8g_10_200_183_1783936507225 enter map 1 unit 1182
[map_1] perf_8g_10_200_185_1783936507227 enter map 1 unit 1185
[map_1] perf_8g_10_200_182_1783936507224 enter map 1 unit 1183
[map_1] perf_8g_10_200_184_1783936507226 enter map 1 unit 1184
[map_1] perf_8g_10_200_186_1783936507238 enter map 1 unit 1186
[map_1] perf_8g_10_200_188_1783936507241 enter map 1 unit 1189
[map_1] perf_8g_10_200_189_1783936507241 enter map 1 unit 1187
[map_1] perf_8g_10_200_187_1783936507239 enter map 1 unit 1188
[map_1] perf_8g_10_200_191_1783936507252 enter map 1 unit 1190
[map_1] perf_8g_10_200_190_1783936507250 enter map 1 unit 1193
[map_1] perf_8g_10_200_193_1783936507254 enter map 1 unit 1192
[map_1] perf_8g_10_200_192_1783936507253 enter map 1 unit 1191
[map_1] perf_8g_10_200_196_1783936507265 enter map 1 unit 1194
[map_1] perf_8g_10_200_197_1783936507266 enter map 1 unit 1197
[map_1] perf_8g_10_200_194_1783936507263 enter map 1 unit 1195
[map_1] perf_8g_10_200_195_1783936507264 enter map 1 unit 1196
[map_1] perf_8g_10_200_198_1783936507277 enter map 1 unit 1198
[map_1] perf_8g_10_200_199_1783936507278 enter map 1 unit 1199
[metrics:inner_transport] active=8 opened=8 pending=0 max_pending=0 overloads=0 timeouts=0 disconnected_calls=0 late_responses=0 idle_closes=0
[process-metrics] process=map1 cpu_percent=147.84 cpu_time_ms=7453 rss_bytes=84402176 v8_heap_used_bytes=11631632 v8_heap_total_bytes=38285312 v8_gc_count=60 v8_gc_ms=28.437 timestamp_ms=1783936511400 outbound_batches=1000 outbound_recipients=1000 outbound_bridge_bytes=830544 outbound_logical_bytes=830544
[metrics:map1] scene=map_1 type=MapHost processed=9147 failed=0 ts_queue=0 ts_max_queue=175 rust_queue=53 rust_max_queue=175 backpressure=0 slow_disconnects=0 update_ms=1.00 handler_ms=1.00 max_handler_ms=28.00 total_handler_ms=36785.00
[metrics:inner_transport] active=8 opened=8 pending=0 max_pending=0 overloads=0 timeouts=0 disconnected_calls=0 late_responses=0 idle_closes=0
[process-metrics] process=map1 cpu_percent=141.83 cpu_time_ms=14546 rss_bytes=113905664 v8_heap_used_bytes=24963656 v8_heap_total_bytes=66596864 v8_gc_count=88 v8_gc_ms=42.833 timestamp_ms=1783936516401 outbound_batches=2000 outbound_recipients=2000 outbound_bridge_bytes=838544 outbound_logical_bytes=838544
[metrics:map1] scene=map_1 type=MapHost processed=20129 failed=0 ts_queue=0 ts_max_queue=175 rust_queue=71 rust_max_queue=175 backpressure=0 slow_disconnects=0 update_ms=1.00 handler_ms=1.00 max_handler_ms=28.00 total_handler_ms=59402.00
[metrics:inner_transport] active=8 opened=8 pending=0 max_pending=0 overloads=0 timeouts=0 disconnected_calls=0 late_responses=0 idle_closes=0
[process-metrics] process=map1 cpu_percent=139.99 cpu_time_ms=21546 rss_bytes=114241536 v8_heap_used_bytes=18568048 v8_heap_total_bytes=66859008 v8_gc_count=106 v8_gc_ms=51.723 timestamp_ms=1783936521401 outbound_batches=3000 outbound_recipients=3000 outbound_bridge_bytes=846544 outbound_logical_bytes=846544
[metrics:map1] scene=map_1 type=MapHost processed=31154 failed=0 ts_queue=0 ts_max_queue=175 rust_queue=46 rust_max_queue=175 backpressure=0 slow_disconnects=0 update_ms=0.00 handler_ms=0.00 max_handler_ms=28.00 total_handler_ms=79252.00
[metrics:inner_transport] active=8 opened=8 pending=0 max_pending=0 overloads=0 timeouts=0 disconnected_calls=0 late_responses=0 idle_closes=0
[process-metrics] process=map1 cpu_percent=148.70 cpu_time_ms=28984 rss_bytes=116875264 v8_heap_used_bytes=27380088 v8_heap_total_bytes=67645440 v8_gc_count=125 v8_gc_ms=65.490 timestamp_ms=1783936526403 outbound_batches=4000 outbound_recipients=4000 outbound_bridge_bytes=854544 outbound_logical_bytes=854544
[metrics:map1] scene=map_1 type=MapHost processed=42109 failed=0 ts_queue=0 ts_max_queue=175 rust_queue=91 rust_max_queue=175 backpressure=0 slow_disconnects=0 update_ms=5.00 handler_ms=5.00 max_handler_ms=62.00 total_handler_ms=117991.00
[metrics:inner_transport] active=8 opened=8 pending=0 max_pending=0 overloads=0 timeouts=0 disconnected_calls=0 late_responses=0 idle_closes=0
[process-metrics] process=map1 cpu_percent=149.17 cpu_time_ms=36453 rss_bytes=116224000 v8_heap_used_bytes=13891296 v8_heap_total_bytes=68431872 v8_gc_count=145 v8_gc_ms=78.924 timestamp_ms=1783936531410 outbound_batches=5000 outbound_recipients=5000 outbound_bridge_bytes=862544 outbound_logical_bytes=862544
[metrics:map1] scene=map_1 type=MapHost processed=53200 failed=0 ts_queue=0 ts_max_queue=175 rust_queue=0 rust_max_queue=175 backpressure=0 slow_disconnects=0 update_ms=14.00 handler_ms=13.00 max_handler_ms=62.00 total_handler_ms=170694.00
[metrics:inner_transport] active=8 opened=8 pending=0 max_pending=0 overloads=0 timeouts=0 disconnected_calls=0 late_responses=0 idle_closes=0
[process-metrics] process=map1 cpu_percent=137.12 cpu_time_ms=43312 rss_bytes=118603776 v8_heap_used_bytes=25513128 v8_heap_total_bytes=69218304 v8_gc_count=162 v8_gc_ms=87.352 timestamp_ms=1783936536413 outbound_batches=6000 outbound_recipients=6000 outbound_bridge_bytes=870544 outbound_logical_bytes=870544
[metrics:map1] scene=map_1 type=MapHost processed=64012 failed=0 ts_queue=0 ts_max_queue=175 rust_queue=65 rust_max_queue=175 backpressure=0 slow_disconnects=0 update_ms=1.00 handler_ms=1.00 max_handler_ms=62.00 total_handler_ms=193208.00
[metrics:inner_transport] active=8 opened=8 pending=0 max_pending=0 overloads=0 timeouts=0 disconnected_calls=0 late_responses=0 idle_closes=0
[process-metrics] process=map1 cpu_percent=151.19 cpu_time_ms=50906 rss_bytes=118722560 v8_heap_used_bytes=21389728 v8_heap_total_bytes=70529024 v8_gc_count=181 v8_gc_ms=99.481 timestamp_ms=1783936541436 outbound_batches=7000 outbound_recipients=7000 outbound_bridge_bytes=878544 outbound_logical_bytes=878544
[metrics:map1] scene=map_1 type=MapHost processed=75200 failed=0 ts_queue=0 ts_max_queue=175 rust_queue=0 rust_max_queue=175 backpressure=0 slow_disconnects=0 update_ms=0.00 handler_ms=0.00 max_handler_ms=62.00 total_handler_ms=229328.00
[metrics:inner_transport] active=8 opened=8 pending=0 max_pending=0 overloads=0 timeouts=0 disconnected_calls=0 late_responses=0 idle_closes=0
[process-metrics] process=map1 cpu_percent=133.34 cpu_time_ms=57593 rss_bytes=118689792 v8_heap_used_bytes=14136352 v8_heap_total_bytes=70529024 v8_gc_count=199 v8_gc_ms=109.752 timestamp_ms=1783936546451 outbound_batches=8000 outbound_recipients=8000 outbound_bridge_bytes=886544 outbound_logical_bytes=886544
[metrics:map1] scene=map_1 type=MapHost processed=86193 failed=0 ts_queue=0 ts_max_queue=175 rust_queue=85 rust_max_queue=175 backpressure=0 slow_disconnects=0 update_ms=17.00 handler_ms=17.00 max_handler_ms=62.00 total_handler_ms=259784.00
[map_1] perf_8g_10_200_0_1783936506753 leave map 1 unit 1000
[map_1] perf_8g_10_200_2_1783936506754 leave map 1 unit 1005
[map_1] perf_8g_10_200_1_1783936506754 leave map 1 unit 1001
[map_1] perf_8g_10_200_5_1783936506755 leave map 1 unit 1008
[map_1] perf_8g_10_200_38_1783936506822 leave map 1 unit 1038
[map_1] perf_8g_10_200_35_1783936506816 leave map 1 unit 1035
[map_1] perf_8g_10_200_4_1783936506754 leave map 1 unit 1002
[map_1] perf_8g_10_200_36_1783936506819 leave map 1 unit 1036
[map_1] perf_8g_10_200_3_1783936506754 leave map 1 unit 1006
[map_1] perf_8g_10_200_37_1783936506821 leave map 1 unit 1037
[map_1] perf_8g_10_200_11_1783936506755 leave map 1 unit 1014
[map_1] perf_8g_10_200_33_1783936506806 leave map 1 unit 1032
[map_1] perf_8g_10_200_6_1783936506755 leave map 1 unit 1009
[map_1] perf_8g_10_200_34_1783936506814 leave map 1 unit 1034
[map_1] perf_8g_10_200_32_1783936506806 leave map 1 unit 1033
[map_1] perf_8g_10_200_7_1783936506755 leave map 1 unit 1004
[map_1] perf_8g_10_200_14_1783936506755 leave map 1 unit 1012
[map_1] perf_8g_10_200_31_1783936506800 leave map 1 unit 1031
[map_1] perf_8g_10_200_30_1783936506798 leave map 1 unit 1028
[map_1] perf_8g_10_200_13_1783936506755 leave map 1 unit 1011
[map_1] perf_8g_10_200_29_1783936506798 leave map 1 unit 1030
[map_1] perf_8g_10_200_12_1783936506755 leave map 1 unit 1017
[map_1] perf_8g_10_200_16_1783936506787 leave map 1 unit 1015
[map_1] perf_8g_10_200_27_1783936506797 leave map 1 unit 1029
[map_1] perf_8g_10_200_28_1783936506797 leave map 1 unit 1027
[map_1] perf_8g_10_200_17_1783936506789 leave map 1 unit 1016
[map_1] perf_8g_10_200_26_1783936506797 leave map 1 unit 1026
[map_1] perf_8g_10_200_18_1783936506792 leave map 1 unit 1018
[map_1] perf_8g_10_200_25_1783936506796 leave map 1 unit 1025
[map_1] perf_8g_10_200_8_1783936506755 leave map 1 unit 1003
[map_1] perf_8g_10_200_23_1783936506795 leave map 1 unit 1024
[map_1] perf_8g_10_200_10_1783936506755 leave map 1 unit 1010
[map_1] perf_8g_10_200_15_1783936506755 leave map 1 unit 1013
[map_1] perf_8g_10_200_21_1783936506794 leave map 1 unit 1021
[map_1] perf_8g_10_200_24_1783936506796 leave map 1 unit 1023
[map_1] perf_8g_10_200_19_1783936506792 leave map 1 unit 1019
[map_1] perf_8g_10_200_22_1783936506795 leave map 1 unit 1022
[map_1] perf_8g_10_200_9_1783936506755 leave map 1 unit 1007
[map_1] perf_8g_10_200_20_1783936506794 leave map 1 unit 1020
[map_1] perf_8g_10_200_199_1783936507278 leave map 1 unit 1199
[map_1] perf_8g_10_200_198_1783936507277 leave map 1 unit 1198
[map_1] perf_8g_10_200_197_1783936507266 leave map 1 unit 1197
[map_1] perf_8g_10_200_195_1783936507264 leave map 1 unit 1196
[map_1] perf_8g_10_200_196_1783936507265 leave map 1 unit 1194
[map_1] perf_8g_10_200_194_1783936507263 leave map 1 unit 1195
[map_1] perf_8g_10_200_192_1783936507253 leave map 1 unit 1191
[map_1] perf_8g_10_200_193_1783936507254 leave map 1 unit 1192
[map_1] perf_8g_10_200_191_1783936507252 leave map 1 unit 1190
[map_1] perf_8g_10_200_190_1783936507250 leave map 1 unit 1193
[map_1] perf_8g_10_200_189_1783936507241 leave map 1 unit 1187
[map_1] perf_8g_10_200_188_1783936507241 leave map 1 unit 1189
[map_1] perf_8g_10_200_187_1783936507239 leave map 1 unit 1188
[map_1] perf_8g_10_200_186_1783936507238 leave map 1 unit 1186
[map_1] perf_8g_10_200_185_1783936507227 leave map 1 unit 1185
[map_1] perf_8g_10_200_184_1783936507226 leave map 1 unit 1184
[map_1] perf_8g_10_200_40_1783936506823 leave map 1 unit 1040
[map_1] perf_8g_10_200_183_1783936507225 leave map 1 unit 1182
[map_1] perf_8g_10_200_182_1783936507224 leave map 1 unit 1183
[map_1] perf_8g_10_200_181_1783936507213 leave map 1 unit 1180
[map_1] perf_8g_10_200_179_1783936507211 leave map 1 unit 1178
[map_1] perf_8g_10_200_180_1783936507212 leave map 1 unit 1181
[map_1] perf_8g_10_200_178_1783936507210 leave map 1 unit 1179
[map_1] perf_8g_10_200_177_1783936507199 leave map 1 unit 1175
[map_1] perf_8g_10_200_39_1783936506823 leave map 1 unit 1039
[map_1] perf_8g_10_200_176_1783936507198 leave map 1 unit 1177
[map_1] perf_8g_10_200_175_1783936507197 leave map 1 unit 1174
[map_1] perf_8g_10_200_174_1783936507195 leave map 1 unit 1176
[map_1] perf_8g_10_200_173_1783936507189 leave map 1 unit 1171
[map_1] perf_8g_10_200_172_1783936507187 leave map 1 unit 1170
[map_1] perf_8g_10_200_41_1783936506825 leave map 1 unit 1041
[map_1] perf_8g_10_200_171_1783936507186 leave map 1 unit 1173
[map_1] perf_8g_10_200_170_1783936507184 leave map 1 unit 1172
[map_1] perf_8g_10_200_169_1783936507176 leave map 1 unit 1168
[map_1] perf_8g_10_200_168_1783936507174 leave map 1 unit 1166
[map_1] perf_8g_10_200_42_1783936506825 leave map 1 unit 1042
[map_1] perf_8g_10_200_165_1783936507164 leave map 1 unit 1165
[map_1] perf_8g_10_200_166_1783936507172 leave map 1 unit 1167
[map_1] perf_8g_10_200_167_1783936507174 leave map 1 unit 1169
[map_1] perf_8g_10_200_164_1783936507163 leave map 1 unit 1164
[map_1] perf_8g_10_200_163_1783936507162 leave map 1 unit 1162
[map_1] perf_8g_10_200_161_1783936507155 leave map 1 unit 1160
[map_1] perf_8g_10_200_162_1783936507162 leave map 1 unit 1163
[map_1] perf_8g_10_200_43_1783936506828 leave map 1 unit 1043
[map_1] perf_8g_10_200_160_1783936507153 leave map 1 unit 1161
[map_1] perf_8g_10_200_159_1783936507152 leave map 1 unit 1159
[map_1] perf_8g_10_200_158_1783936507151 leave map 1 unit 1158
[map_1] perf_8g_10_200_44_1783936506829 leave map 1 unit 1044
[map_1] perf_8g_10_200_157_1783936507145 leave map 1 unit 1155
[map_1] perf_8g_10_200_156_1783936507144 leave map 1 unit 1156
[map_1] perf_8g_10_200_155_1783936507143 leave map 1 unit 1154
[map_1] perf_8g_10_200_45_1783936506830 leave map 1 unit 1045
[map_1] perf_8g_10_200_154_1783936507141 leave map 1 unit 1157
[map_1] perf_8g_10_200_153_1783936507131 leave map 1 unit 1151
[map_1] perf_8g_10_200_151_1783936507129 leave map 1 unit 1153
[map_1] perf_8g_10_200_50_1783936506841 leave map 1 unit 1050
[map_1] perf_8g_10_200_152_1783936507130 leave map 1 unit 1152
[map_1] perf_8g_10_200_150_1783936507127 leave map 1 unit 1150
[map_1] perf_8g_10_200_148_1783936507118 leave map 1 unit 1148
[map_1] perf_8g_10_200_48_1783936506833 leave map 1 unit 1048
[map_1] perf_8g_10_200_149_1783936507121 leave map 1 unit 1147
[map_1] perf_8g_10_200_147_1783936507117 leave map 1 unit 1149
[map_1] perf_8g_10_200_146_1783936507116 leave map 1 unit 1146
[map_1] perf_8g_10_200_145_1783936507108 leave map 1 unit 1144
[map_1] perf_8g_10_200_144_1783936507107 leave map 1 unit 1143
[map_1] perf_8g_10_200_46_1783936506830 leave map 1 unit 1046
[map_1] perf_8g_10_200_143_1783936507107 leave map 1 unit 1142
[map_1] perf_8g_10_200_142_1783936507105 leave map 1 unit 1145
[map_1] perf_8g_10_200_47_1783936506831 leave map 1 unit 1047
[map_1] perf_8g_10_200_140_1783936507097 leave map 1 unit 1139
[map_1] perf_8g_10_200_141_1783936507098 leave map 1 unit 1140
[map_1] perf_8g_10_200_49_1783936506833 leave map 1 unit 1049
[map_1] perf_8g_10_200_139_1783936507096 leave map 1 unit 1138
[map_1] perf_8g_10_200_138_1783936507094 leave map 1 unit 1141
[map_1] perf_8g_10_200_51_1783936506843 leave map 1 unit 1051
[map_1] perf_8g_10_200_137_1783936507085 leave map 1 unit 1134
[map_1] perf_8g_10_200_136_1783936507084 leave map 1 unit 1136
[map_1] perf_8g_10_200_52_1783936506848 leave map 1 unit 1052
[map_1] perf_8g_10_200_135_1783936507083 leave map 1 unit 1137
[map_1] perf_8g_10_200_134_1783936507082 leave map 1 unit 1135
[map_1] perf_8g_10_200_53_1783936506851 leave map 1 unit 1053
[map_1] perf_8g_10_200_133_1783936507074 leave map 1 unit 1131
[map_1] perf_8g_10_200_132_1783936507073 leave map 1 unit 1133
[map_1] perf_8g_10_200_54_1783936506854 leave map 1 unit 1054
[map_1] perf_8g_10_200_131_1783936507071 leave map 1 unit 1132
[map_1] perf_8g_10_200_130_1783936507070 leave map 1 unit 1130
[map_1] perf_8g_10_200_55_1783936506855 leave map 1 unit 1055
[map_1] perf_8g_10_200_128_1783936507059 leave map 1 unit 1128
[map_1] perf_8g_10_200_129_1783936507061 leave map 1 unit 1129
[map_1] perf_8g_10_200_126_1783936507058 leave map 1 unit 1126
[map_1] perf_8g_10_200_127_1783936507058 leave map 1 unit 1127
[map_1] perf_8g_10_200_56_1783936506856 leave map 1 unit 1057
[map_1] perf_8g_10_200_125_1783936507052 leave map 1 unit 1123
[map_1] perf_8g_10_200_57_1783936506857 leave map 1 unit 1056
[map_1] perf_8g_10_200_124_1783936507052 leave map 1 unit 1124
[map_1] perf_8g_10_200_123_1783936507050 leave map 1 unit 1122
[map_1] perf_8g_10_200_59_1783936506861 leave map 1 unit 1059
[map_1] perf_8g_10_200_122_1783936507046 leave map 1 unit 1125
[map_1] perf_8g_10_200_121_1783936507034 leave map 1 unit 1121
[map_1] perf_8g_10_200_58_1783936506859 leave map 1 unit 1058
[map_1] perf_8g_10_200_119_1783936507031 leave map 1 unit 1120
[map_1] perf_8g_10_200_60_1783936506865 leave map 1 unit 1060
[map_1] perf_8g_10_200_120_1783936507032 leave map 1 unit 1119
[map_1] perf_8g_10_200_118_1783936507031 leave map 1 unit 1118
[map_1] perf_8g_10_200_61_1783936506865 leave map 1 unit 1061
[map_1] perf_8g_10_200_117_1783936507025 leave map 1 unit 1117
[map_1] perf_8g_10_200_115_1783936507020 leave map 1 unit 1115
[map_1] perf_8g_10_200_65_1783936506869 leave map 1 unit 1065
[map_1] perf_8g_10_200_116_1783936507024 leave map 1 unit 1116
[map_1] perf_8g_10_200_63_1783936506867 leave map 1 unit 1063
[map_1] perf_8g_10_200_113_1783936507013 leave map 1 unit 1113
[map_1] perf_8g_10_200_114_1783936507015 leave map 1 unit 1114
[map_1] perf_8g_10_200_62_1783936506866 leave map 1 unit 1062
[map_1] perf_8g_10_200_111_1783936507012 leave map 1 unit 1111
[map_1] perf_8g_10_200_64_1783936506869 leave map 1 unit 1064
[map_1] perf_8g_10_200_112_1783936507012 leave map 1 unit 1112
[map_1] perf_8g_10_200_67_1783936506882 leave map 1 unit 1067
[map_1] perf_8g_10_200_110_1783936507010 leave map 1 unit 1110
[map_1] perf_8g_10_200_109_1783936507009 leave map 1 unit 1109
[map_1] perf_8g_10_200_66_1783936506880 leave map 1 unit 1066
[map_1] perf_8g_10_200_108_1783936507009 leave map 1 unit 1108
[map_1] perf_8g_10_200_68_1783936506888 leave map 1 unit 1068
[map_1] perf_8g_10_200_107_1783936507006 leave map 1 unit 1107
[map_1] perf_8g_10_200_106_1783936506999 leave map 1 unit 1106
[map_1] perf_8g_10_200_70_1783936506892 leave map 1 unit 1070
[map_1] perf_8g_10_200_105_1783936506985 leave map 1 unit 1105
[map_1] perf_8g_10_200_69_1783936506888 leave map 1 unit 1069
[map_1] perf_8g_10_200_104_1783936506983 leave map 1 unit 1104
[map_1] perf_8g_10_200_71_1783936506897 leave map 1 unit 1071
[map_1] perf_8g_10_200_103_1783936506982 leave map 1 unit 1103
[map_1] perf_8g_10_200_102_1783936506978 leave map 1 unit 1102
[map_1] perf_8g_10_200_72_1783936506899 leave map 1 unit 1072
[map_1] perf_8g_10_200_101_1783936506977 leave map 1 unit 1101
[map_1] perf_8g_10_200_75_1783936506905 leave map 1 unit 1075
[map_1] perf_8g_10_200_100_1783936506976 leave map 1 unit 1100
[map_1] perf_8g_10_200_73_1783936506900 leave map 1 unit 1073
[map_1] perf_8g_10_200_98_1783936506968 leave map 1 unit 1098
[map_1] perf_8g_10_200_99_1783936506974 leave map 1 unit 1099
[map_1] perf_8g_10_200_76_1783936506908 leave map 1 unit 1076
[map_1] perf_8g_10_200_97_1783936506959 leave map 1 unit 1097
[map_1] perf_8g_10_200_74_1783936506904 leave map 1 unit 1074
[map_1] perf_8g_10_200_96_1783936506959 leave map 1 unit 1096
[map_1] perf_8g_10_200_77_1783936506909 leave map 1 unit 1077
[map_1] perf_8g_10_200_95_1783936506957 leave map 1 unit 1095
[map_1] perf_8g_10_200_78_1783936506910 leave map 1 unit 1078
[map_1] perf_8g_10_200_94_1783936506955 leave map 1 unit 1094
[map_1] perf_8g_10_200_79_1783936506911 leave map 1 unit 1079
[map_1] perf_8g_10_200_93_1783936506954 leave map 1 unit 1093
[map_1] perf_8g_10_200_92_1783936506954 leave map 1 unit 1091
[map_1] perf_8g_10_200_81_1783936506914 leave map 1 unit 1081
[map_1] perf_8g_10_200_90_1783936506953 leave map 1 unit 1090
[map_1] perf_8g_10_200_80_1783936506912 leave map 1 unit 1080
[map_1] perf_8g_10_200_91_1783936506953 leave map 1 unit 1092
[map_1] perf_8g_10_200_82_1783936506923 leave map 1 unit 1084
[map_1] perf_8g_10_200_89_1783936506944 leave map 1 unit 1088
[map_1] perf_8g_10_200_83_1783936506927 leave map 1 unit 1082
[map_1] perf_8g_10_200_88_1783936506943 leave map 1 unit 1089
[map_1] perf_8g_10_200_84_1783936506932 leave map 1 unit 1083
[map_1] perf_8g_10_200_86_1783936506936 leave map 1 unit 1086
[map_1] perf_8g_10_200_87_1783936506940 leave map 1 unit 1087
[map_1] perf_8g_10_200_85_1783936506934 leave map 1 unit 1085
