starting process map1 with one V8 and 1 scene(s) from E:\VsCode\skynet\ets_runtime\perf\results\runtime_configs\map_capacity_20260713_092236\200p_8g_r1\map1.json
scene map_1 (MapHost) listening on 127.0.0.1:7301
[process:map1] one V8 started with 1 scene(s)
[map_1] MapHost scene started at 127.0.0.1:7301
map_1 accepted 127.0.0.1:59641 as conn 1
map_1 accepted 127.0.0.1:59701 as conn 2
map_1 accepted 127.0.0.1:59702 as conn 3
map_1 accepted 127.0.0.1:59703 as conn 4
map_1 accepted 127.0.0.1:59704 as conn 5
map_1 accepted 127.0.0.1:59705 as conn 6
[map_1] perf_8g_10_200_0_1783934557193 enter map 1 unit 1000
map_1 accepted 127.0.0.1:59707 as conn 7
map_1 accepted 127.0.0.1:59706 as conn 8
map_1 accepted 127.0.0.1:59708 as conn 9
[map_1] perf_8g_10_200_5_1783934557194 enter map 1 unit 1001
[map_1] perf_8g_10_200_1_1783934557194 enter map 1 unit 1002
[map_1] perf_8g_10_200_2_1783934557194 enter map 1 unit 1003
[map_1] perf_8g_10_200_11_1783934557195 enter map 1 unit 1004
[map_1] perf_8g_10_200_6_1783934557194 enter map 1 unit 1005
[map_1] perf_8g_10_200_8_1783934557195 enter map 1 unit 1006
[map_1] perf_8g_10_200_3_1783934557194 enter map 1 unit 1007
[map_1] perf_8g_10_200_14_1783934557195 enter map 1 unit 1008
[map_1] perf_8g_10_200_12_1783934557195 enter map 1 unit 1009
[map_1] perf_8g_10_200_15_1783934557195 enter map 1 unit 1010
[map_1] perf_8g_10_200_7_1783934557195 enter map 1 unit 1011
[map_1] perf_8g_10_200_13_1783934557195 enter map 1 unit 1012
[map_1] perf_8g_10_200_9_1783934557195 enter map 1 unit 1013
[map_1] perf_8g_10_200_4_1783934557194 enter map 1 unit 1014
[map_1] perf_8g_10_200_10_1783934557195 enter map 1 unit 1015
[map_1] perf_8g_10_200_16_1783934557218 enter map 1 unit 1016
[map_1] perf_8g_10_200_17_1783934557220 enter map 1 unit 1017
[map_1] perf_8g_10_200_18_1783934557222 enter map 1 unit 1018
[map_1] perf_8g_10_200_19_1783934557222 enter map 1 unit 1019
[map_1] perf_8g_10_200_20_1783934557223 enter map 1 unit 1020
[map_1] perf_8g_10_200_21_1783934557224 enter map 1 unit 1021
[map_1] perf_8g_10_200_22_1783934557224 enter map 1 unit 1022
[map_1] perf_8g_10_200_23_1783934557224 enter map 1 unit 1023
[map_1] perf_8g_10_200_24_1783934557225 enter map 1 unit 1024
[map_1] perf_8g_10_200_25_1783934557225 enter map 1 unit 1025
[map_1] perf_8g_10_200_27_1783934557225 enter map 1 unit 1026
[map_1] perf_8g_10_200_26_1783934557225 enter map 1 unit 1027
[map_1] perf_8g_10_200_28_1783934557226 enter map 1 unit 1028
[map_1] perf_8g_10_200_30_1783934557226 enter map 1 unit 1029
[map_1] perf_8g_10_200_29_1783934557226 enter map 1 unit 1030
[map_1] perf_8g_10_200_33_1783934557228 enter map 1 unit 1031
[map_1] perf_8g_10_200_31_1783934557227 enter map 1 unit 1032
[map_1] perf_8g_10_200_32_1783934557227 enter map 1 unit 1033
[map_1] perf_8g_10_200_34_1783934557233 enter map 1 unit 1034
[map_1] perf_8g_10_200_35_1783934557235 enter map 1 unit 1035
[map_1] perf_8g_10_200_38_1783934557240 enter map 1 unit 1036
[map_1] perf_8g_10_200_37_1783934557240 enter map 1 unit 1037
[map_1] perf_8g_10_200_36_1783934557239 enter map 1 unit 1038
[map_1] perf_8g_10_200_39_1783934557242 enter map 1 unit 1039
[map_1] perf_8g_10_200_40_1783934557242 enter map 1 unit 1040
[map_1] perf_8g_10_200_41_1783934557244 enter map 1 unit 1041
[map_1] perf_8g_10_200_42_1783934557245 enter map 1 unit 1042
[map_1] perf_8g_10_200_43_1783934557245 enter map 1 unit 1043
[map_1] perf_8g_10_200_44_1783934557246 enter map 1 unit 1044
[map_1] perf_8g_10_200_45_1783934557247 enter map 1 unit 1045
[map_1] perf_8g_10_200_46_1783934557247 enter map 1 unit 1046
[map_1] perf_8g_10_200_47_1783934557247 enter map 1 unit 1047
[map_1] perf_8g_10_200_48_1783934557248 enter map 1 unit 1048
[map_1] perf_8g_10_200_49_1783934557248 enter map 1 unit 1049
[map_1] perf_8g_10_200_50_1783934557248 enter map 1 unit 1050
[map_1] perf_8g_10_200_51_1783934557249 enter map 1 unit 1051
[map_1] perf_8g_10_200_52_1783934557249 enter map 1 unit 1052
[map_1] perf_8g_10_200_53_1783934557250 enter map 1 unit 1053
[map_1] perf_8g_10_200_55_1783934557253 enter map 1 unit 1054
[map_1] perf_8g_10_200_54_1783934557251 enter map 1 unit 1055
[map_1] perf_8g_10_200_56_1783934557254 enter map 1 unit 1056
[map_1] perf_8g_10_200_57_1783934557256 enter map 1 unit 1057
[map_1] perf_8g_10_200_58_1783934557258 enter map 1 unit 1058
[map_1] perf_8g_10_200_59_1783934557259 enter map 1 unit 1059
[map_1] perf_8g_10_200_60_1783934557263 enter map 1 unit 1060
[map_1] perf_8g_10_200_61_1783934557264 enter map 1 unit 1061
[map_1] perf_8g_10_200_62_1783934557266 enter map 1 unit 1062
[map_1] perf_8g_10_200_63_1783934557266 enter map 1 unit 1063
[map_1] perf_8g_10_200_64_1783934557267 enter map 1 unit 1064
[map_1] perf_8g_10_200_65_1783934557269 enter map 1 unit 1065
[map_1] perf_8g_10_200_66_1783934557270 enter map 1 unit 1066
[map_1] perf_8g_10_200_67_1783934557270 enter map 1 unit 1067
[map_1] perf_8g_10_200_69_1783934557271 enter map 1 unit 1068
[map_1] perf_8g_10_200_68_1783934557271 enter map 1 unit 1069
[map_1] perf_8g_10_200_71_1783934557273 enter map 1 unit 1071
[map_1] perf_8g_10_200_70_1783934557272 enter map 1 unit 1070
[map_1] perf_8g_10_200_72_1783934557273 enter map 1 unit 1072
[map_1] perf_8g_10_200_73_1783934557276 enter map 1 unit 1073
[map_1] perf_8g_10_200_74_1783934557278 enter map 1 unit 1074
[map_1] perf_8g_10_200_75_1783934557279 enter map 1 unit 1075
[map_1] perf_8g_10_200_76_1783934557285 enter map 1 unit 1076
[map_1] perf_8g_10_200_77_1783934557286 enter map 1 unit 1077
[map_1] perf_8g_10_200_78_1783934557286 enter map 1 unit 1078
[map_1] perf_8g_10_200_80_1783934557288 enter map 1 unit 1080
[map_1] perf_8g_10_200_79_1783934557287 enter map 1 unit 1079
[map_1] perf_8g_10_200_81_1783934557290 enter map 1 unit 1081
[map_1] perf_8g_10_200_82_1783934557292 enter map 1 unit 1082
[map_1] perf_8g_10_200_84_1783934557295 enter map 1 unit 1084
[map_1] perf_8g_10_200_83_1783934557294 enter map 1 unit 1083
[map_1] perf_8g_10_200_85_1783934557296 enter map 1 unit 1085
[map_1] perf_8g_10_200_89_1783934557299 enter map 1 unit 1089
[map_1] perf_8g_10_200_87_1783934557297 enter map 1 unit 1086
[map_1] perf_8g_10_200_86_1783934557297 enter map 1 unit 1088
[map_1] perf_8g_10_200_88_1783934557298 enter map 1 unit 1087
[map_1] perf_8g_10_200_91_1783934557301 enter map 1 unit 1090
[map_1] perf_8g_10_200_92_1783934557308 enter map 1 unit 1092
[map_1] perf_8g_10_200_90_1783934557300 enter map 1 unit 1091
[map_1] perf_8g_10_200_94_1783934557310 enter map 1 unit 1093
[map_1] perf_8g_10_200_93_1783934557308 enter map 1 unit 1097
[map_1] perf_8g_10_200_96_1783934557311 enter map 1 unit 1094
[map_1] perf_8g_10_200_97_1783934557313 enter map 1 unit 1096
[map_1] perf_8g_10_200_95_1783934557310 enter map 1 unit 1095
[map_1] perf_8g_10_200_99_1783934557317 enter map 1 unit 1098
[map_1] perf_8g_10_200_100_1783934557317 enter map 1 unit 1100
[map_1] perf_8g_10_200_98_1783934557316 enter map 1 unit 1099
[map_1] perf_8g_10_200_102_1783934557322 enter map 1 unit 1101
[map_1] perf_8g_10_200_103_1783934557322 enter map 1 unit 1102
[map_1] perf_8g_10_200_101_1783934557321 enter map 1 unit 1103
[map_1] perf_8g_10_200_105_1783934557324 enter map 1 unit 1105
[map_1] perf_8g_10_200_104_1783934557323 enter map 1 unit 1104
[map_1] perf_8g_10_200_106_1783934557326 enter map 1 unit 1106
[map_1] perf_8g_10_200_108_1783934557327 enter map 1 unit 1108
[map_1] perf_8g_10_200_107_1783934557327 enter map 1 unit 1107
[map_1] perf_8g_10_200_109_1783934557333 enter map 1 unit 1109
[map_1] perf_8g_10_200_110_1783934557333 enter map 1 unit 1110
[map_1] perf_8g_10_200_113_1783934557335 enter map 1 unit 1113
[map_1] perf_8g_10_200_112_1783934557334 enter map 1 unit 1111
[map_1] perf_8g_10_200_111_1783934557334 enter map 1 unit 1112
[map_1] perf_8g_10_200_115_1783934557337 enter map 1 unit 1114
[map_1] perf_8g_10_200_117_1783934557340 enter map 1 unit 1117
[map_1] perf_8g_10_200_114_1783934557337 enter map 1 unit 1115
[map_1] perf_8g_10_200_116_1783934557338 enter map 1 unit 1116
[map_1] perf_8g_10_200_120_1783934557345 enter map 1 unit 1118
[map_1] perf_8g_10_200_119_1783934557345 enter map 1 unit 1121
[map_1] perf_8g_10_200_118_1783934557340 enter map 1 unit 1119
[map_1] perf_8g_10_200_121_1783934557346 enter map 1 unit 1120
[map_1] perf_8g_10_200_125_1783934557352 enter map 1 unit 1122
[map_1] perf_8g_10_200_124_1783934557351 enter map 1 unit 1125
[map_1] perf_8g_10_200_122_1783934557350 enter map 1 unit 1123
[map_1] perf_8g_10_200_123_1783934557351 enter map 1 unit 1124
[map_1] perf_8g_10_200_127_1783934557357 enter map 1 unit 1129
[map_1] perf_8g_10_200_128_1783934557357 enter map 1 unit 1126
[map_1] perf_8g_10_200_129_1783934557358 enter map 1 unit 1128
[map_1] perf_8g_10_200_126_1783934557356 enter map 1 unit 1127
[map_1] perf_8g_10_200_131_1783934557363 enter map 1 unit 1130
[map_1] perf_8g_10_200_133_1783934557364 enter map 1 unit 1133
[map_1] perf_8g_10_200_132_1783934557364 enter map 1 unit 1131
[map_1] perf_8g_10_200_130_1783934557361 enter map 1 unit 1132
[map_1] perf_8g_10_200_136_1783934557369 enter map 1 unit 1134
[map_1] perf_8g_10_200_135_1783934557368 enter map 1 unit 1137
[map_1] perf_8g_10_200_137_1783934557370 enter map 1 unit 1135
[map_1] perf_8g_10_200_134_1783934557368 enter map 1 unit 1136
[map_1] perf_8g_10_200_141_1783934557374 enter map 1 unit 1138
[map_1] perf_8g_10_200_139_1783934557373 enter map 1 unit 1141
[map_1] perf_8g_10_200_138_1783934557373 enter map 1 unit 1139
[map_1] perf_8g_10_200_140_1783934557374 enter map 1 unit 1140
[map_1] perf_8g_10_200_142_1783934557379 enter map 1 unit 1142
[map_1] perf_8g_10_200_144_1783934557380 enter map 1 unit 1145
[map_1] perf_8g_10_200_143_1783934557380 enter map 1 unit 1143
[map_1] perf_8g_10_200_145_1783934557381 enter map 1 unit 1144
[map_1] perf_8g_10_200_148_1783934557386 enter map 1 unit 1146
[map_1] perf_8g_10_200_146_1783934557385 enter map 1 unit 1149
[map_1] perf_8g_10_200_147_1783934557386 enter map 1 unit 1147
[map_1] perf_8g_10_200_149_1783934557387 enter map 1 unit 1148
[map_1] perf_8g_10_200_152_1783934557393 enter map 1 unit 1150
[map_1] perf_8g_10_200_151_1783934557392 enter map 1 unit 1153
[map_1] perf_8g_10_200_153_1783934557393 enter map 1 unit 1151
[map_1] perf_8g_10_200_150_1783934557391 enter map 1 unit 1152
[map_1] perf_8g_10_200_154_1783934557398 enter map 1 unit 1154
[map_1] perf_8g_10_200_156_1783934557399 enter map 1 unit 1157
[map_1] perf_8g_10_200_157_1783934557400 enter map 1 unit 1155
[map_1] perf_8g_10_200_155_1783934557398 enter map 1 unit 1156
[map_1] perf_8g_10_200_158_1783934557403 enter map 1 unit 1158
[map_1] perf_8g_10_200_161_1783934557405 enter map 1 unit 1161
[map_1] perf_8g_10_200_160_1783934557404 enter map 1 unit 1159
[map_1] perf_8g_10_200_159_1783934557404 enter map 1 unit 1160
[map_1] perf_8g_10_200_164_1783934557411 enter map 1 unit 1162
[map_1] perf_8g_10_200_162_1783934557409 enter map 1 unit 1165
[map_1] perf_8g_10_200_163_1783934557410 enter map 1 unit 1163
[map_1] perf_8g_10_200_165_1783934557411 enter map 1 unit 1164
[map_1] perf_8g_10_200_166_1783934557416 enter map 1 unit 1166
[map_1] perf_8g_10_200_167_1783934557416 enter map 1 unit 1169
[map_1] perf_8g_10_200_169_1783934557417 enter map 1 unit 1167
[map_1] perf_8g_10_200_168_1783934557417 enter map 1 unit 1168
[map_1] perf_8g_10_200_172_1783934557424 enter map 1 unit 1170
[map_1] perf_8g_10_200_171_1783934557423 enter map 1 unit 1173
[map_1] perf_8g_10_200_173_1783934557425 enter map 1 unit 1171
[map_1] perf_8g_10_200_170_1783934557422 enter map 1 unit 1172
[map_1] perf_8g_10_200_175_1783934557429 enter map 1 unit 1174
[map_1] perf_8g_10_200_176_1783934557429 enter map 1 unit 1177
[map_1] perf_8g_10_200_177_1783934557431 enter map 1 unit 1175
[map_1] perf_8g_10_200_174_1783934557429 enter map 1 unit 1176
[map_1] perf_8g_10_200_180_1783934557438 enter map 1 unit 1178
[map_1] perf_8g_10_200_178_1783934557437 enter map 1 unit 1181
[map_1] perf_8g_10_200_179_1783934557438 enter map 1 unit 1179
[map_1] perf_8g_10_200_181_1783934557439 enter map 1 unit 1180
[map_1] perf_8g_10_200_185_1783934557445 enter map 1 unit 1182
[map_1] perf_8g_10_200_183_1783934557444 enter map 1 unit 1185
[map_1] perf_8g_10_200_184_1783934557445 enter map 1 unit 1183
[map_1] perf_8g_10_200_182_1783934557444 enter map 1 unit 1184
[map_1] perf_8g_10_200_187_1783934557452 enter map 1 unit 1186
[map_1] perf_8g_10_200_186_1783934557451 enter map 1 unit 1189
[map_1] perf_8g_10_200_188_1783934557453 enter map 1 unit 1187
[map_1] perf_8g_10_200_189_1783934557453 enter map 1 unit 1188
[map_1] perf_8g_10_200_191_1783934557459 enter map 1 unit 1190
[map_1] perf_8g_10_200_190_1783934557459 enter map 1 unit 1193
[map_1] perf_8g_10_200_192_1783934557460 enter map 1 unit 1191
[map_1] perf_8g_10_200_193_1783934557460 enter map 1 unit 1192
[map_1] perf_8g_10_200_194_1783934557466 enter map 1 unit 1194
[map_1] perf_8g_10_200_196_1783934557468 enter map 1 unit 1197
[map_1] perf_8g_10_200_197_1783934557469 enter map 1 unit 1195
[map_1] perf_8g_10_200_195_1783934557467 enter map 1 unit 1196
[map_1] perf_8g_10_200_198_1783934557476 enter map 1 unit 1198
[map_1] perf_8g_10_200_199_1783934557477 enter map 1 unit 1199
[metrics:inner_transport] active=8 opened=8 pending=0 max_pending=0 overloads=0 timeouts=0 disconnected_calls=0 late_responses=0 idle_closes=0
[process-metrics] process=map1 cpu_percent=106.09 cpu_time_ms=5343 rss_bytes=79196160 v8_heap_used_bytes=6715880 v8_heap_total_bytes=35926016 v8_gc_count=57 v8_gc_ms=18.532 timestamp_ms=1783934561932
[metrics:map1] scene=map_1 type=MapHost processed=10003 failed=0 ts_queue=0 ts_max_queue=143 rust_queue=197 rust_max_queue=197 backpressure=0 slow_disconnects=0 update_ms=0.00 handler_ms=0.00 max_handler_ms=21.00 total_handler_ms=24260.00
[metrics:inner_transport] active=8 opened=8 pending=0 max_pending=0 overloads=0 timeouts=0 disconnected_calls=0 late_responses=0 idle_closes=0
[process-metrics] process=map1 cpu_percent=103.43 cpu_time_ms=10515 rss_bytes=112369664 v8_heap_used_bytes=6420736 v8_heap_total_bytes=66596864 v8_gc_count=80 v8_gc_ms=30.694 timestamp_ms=1783934566933
[metrics:map1] scene=map_1 type=MapHost processed=21031 failed=0 ts_queue=0 ts_max_queue=197 rust_queue=169 rust_max_queue=197 backpressure=0 slow_disconnects=0 update_ms=0.00 handler_ms=0.00 max_handler_ms=64.00 total_handler_ms=101552.00
[metrics:inner_transport] active=8 opened=8 pending=0 max_pending=0 overloads=0 timeouts=0 disconnected_calls=0 late_responses=0 idle_closes=0
[process-metrics] process=map1 cpu_percent=144.01 cpu_time_ms=17718 rss_bytes=118902784 v8_heap_used_bytes=34165192 v8_heap_total_bytes=68694016 v8_gc_count=93 v8_gc_ms=38.015 timestamp_ms=1783934571934
[metrics:map1] scene=map_1 type=MapHost processed=32049 failed=0 ts_queue=0 ts_max_queue=197 rust_queue=151 rust_max_queue=197 backpressure=0 slow_disconnects=0 update_ms=1.00 handler_ms=1.00 max_handler_ms=67.00 total_handler_ms=204949.00
[metrics:inner_transport] active=8 opened=8 pending=0 max_pending=0 overloads=0 timeouts=0 disconnected_calls=0 late_responses=0 idle_closes=0
[process-metrics] process=map1 cpu_percent=135.02 cpu_time_ms=24484 rss_bytes=121430016 v8_heap_used_bytes=34443336 v8_heap_total_bytes=69480448 v8_gc_count=107 v8_gc_ms=47.020 timestamp_ms=1783934576945
[metrics:map1] scene=map_1 type=MapHost processed=42719 failed=0 ts_queue=0 ts_max_queue=197 rust_queue=167 rust_max_queue=197 backpressure=0 slow_disconnects=0 update_ms=21.00 handler_ms=21.00 max_handler_ms=67.00 total_handler_ms=296808.00
[metrics:inner_transport] active=8 opened=8 pending=0 max_pending=0 overloads=0 timeouts=0 disconnected_calls=0 late_responses=0 idle_closes=0
[process-metrics] process=map1 cpu_percent=133.17 cpu_time_ms=31140 rss_bytes=115269632 v8_heap_used_bytes=6409232 v8_heap_total_bytes=68431872 v8_gc_count=124 v8_gc_ms=58.929 timestamp_ms=1783934581943
[metrics:map1] scene=map_1 type=MapHost processed=53852 failed=0 ts_queue=0 ts_max_queue=197 rust_queue=148 rust_max_queue=197 backpressure=0 slow_disconnects=0 update_ms=2.00 handler_ms=2.00 max_handler_ms=72.00 total_handler_ms=380647.00
[metrics:inner_transport] active=8 opened=8 pending=0 max_pending=0 overloads=0 timeouts=0 disconnected_calls=0 late_responses=0 idle_closes=0
[process-metrics] process=map1 cpu_percent=111.54 cpu_time_ms=36718 rss_bytes=120049664 v8_heap_used_bytes=33127496 v8_heap_total_bytes=68431872 v8_gc_count=137 v8_gc_ms=68.085 timestamp_ms=1783934586944
[metrics:map1] scene=map_1 type=MapHost processed=64839 failed=0 ts_queue=0 ts_max_queue=197 rust_queue=161 rust_max_queue=197 backpressure=0 slow_disconnects=0 update_ms=1.00 handler_ms=1.00 max_handler_ms=72.00 total_handler_ms=436838.00
[metrics:inner_transport] active=8 opened=8 pending=0 max_pending=0 overloads=0 timeouts=0 disconnected_calls=0 late_responses=0 idle_closes=0
[process-metrics] process=map1 cpu_percent=119.07 cpu_time_ms=42687 rss_bytes=122466304 v8_heap_used_bytes=27198120 v8_heap_total_bytes=71315456 v8_gc_count=153 v8_gc_ms=81.647 timestamp_ms=1783934591957
[metrics:map1] scene=map_1 type=MapHost processed=75843 failed=0 ts_queue=0 ts_max_queue=197 rust_queue=157 rust_max_queue=197 backpressure=0 slow_disconnects=0 update_ms=14.00 handler_ms=13.00 max_handler_ms=72.00 total_handler_ms=507398.00
[metrics:inner_transport] active=8 opened=8 pending=0 max_pending=0 overloads=0 timeouts=0 disconnected_calls=0 late_responses=0 idle_closes=0
[process-metrics] process=map1 cpu_percent=142.04 cpu_time_ms=49796 rss_bytes=122363904 v8_heap_used_bytes=30440976 v8_heap_total_bytes=71315456 v8_gc_count=167 v8_gc_ms=90.424 timestamp_ms=1783934596962
[metrics:map1] scene=map_1 type=MapHost processed=86886 failed=0 ts_queue=0 ts_max_queue=197 rust_queue=114 rust_max_queue=197 backpressure=0 slow_disconnects=0 update_ms=10.00 handler_ms=10.00 max_handler_ms=72.00 total_handler_ms=606964.00
[map_1] perf_8g_10_200_1_1783934557194 leave map 1 unit 1002
[map_1] perf_8g_10_200_4_1783934557194 leave map 1 unit 1014
[map_1] perf_8g_10_200_2_1783934557194 leave map 1 unit 1003
[map_1] perf_8g_10_200_6_1783934557194 leave map 1 unit 1005
[map_1] perf_8g_10_200_3_1783934557194 leave map 1 unit 1007
[map_1] perf_8g_10_200_0_1783934557193 leave map 1 unit 1000
[map_1] perf_8g_10_200_87_1783934557297 leave map 1 unit 1086
[map_1] perf_8g_10_200_7_1783934557195 leave map 1 unit 1011
[map_1] perf_8g_10_200_85_1783934557296 leave map 1 unit 1085
[map_1] perf_8g_10_200_5_1783934557194 leave map 1 unit 1001
[map_1] perf_8g_10_200_83_1783934557294 leave map 1 unit 1083
[map_1] perf_8g_10_200_82_1783934557292 leave map 1 unit 1082
[map_1] perf_8g_10_200_12_1783934557195 leave map 1 unit 1009
[map_1] perf_8g_10_200_84_1783934557295 leave map 1 unit 1084
[map_1] perf_8g_10_200_16_1783934557218 leave map 1 unit 1016
[map_1] perf_8g_10_200_81_1783934557290 leave map 1 unit 1081
[map_1] perf_8g_10_200_80_1783934557288 leave map 1 unit 1080
[map_1] perf_8g_10_200_10_1783934557195 leave map 1 unit 1015
[map_1] perf_8g_10_200_78_1783934557286 leave map 1 unit 1078
[map_1] perf_8g_10_200_9_1783934557195 leave map 1 unit 1013
[map_1] perf_8g_10_200_79_1783934557287 leave map 1 unit 1079
[map_1] perf_8g_10_200_75_1783934557279 leave map 1 unit 1075
[map_1] perf_8g_10_200_8_1783934557195 leave map 1 unit 1006
[map_1] perf_8g_10_200_77_1783934557286 leave map 1 unit 1077
[map_1] perf_8g_10_200_11_1783934557195 leave map 1 unit 1004
[map_1] perf_8g_10_200_76_1783934557285 leave map 1 unit 1076
[map_1] perf_8g_10_200_74_1783934557278 leave map 1 unit 1074
[map_1] perf_8g_10_200_73_1783934557276 leave map 1 unit 1073
[map_1] perf_8g_10_200_13_1783934557195 leave map 1 unit 1012
[map_1] perf_8g_10_200_72_1783934557273 leave map 1 unit 1072
[map_1] perf_8g_10_200_15_1783934557195 leave map 1 unit 1010
[map_1] perf_8g_10_200_70_1783934557272 leave map 1 unit 1070
[map_1] perf_8g_10_200_71_1783934557273 leave map 1 unit 1071
[map_1] perf_8g_10_200_18_1783934557222 leave map 1 unit 1018
[map_1] perf_8g_10_200_69_1783934557271 leave map 1 unit 1068
[map_1] perf_8g_10_200_21_1783934557224 leave map 1 unit 1021
[map_1] perf_8g_10_200_68_1783934557271 leave map 1 unit 1069
[map_1] perf_8g_10_200_14_1783934557195 leave map 1 unit 1008
[map_1] perf_8g_10_200_67_1783934557270 leave map 1 unit 1067
[map_1] perf_8g_10_200_19_1783934557222 leave map 1 unit 1019
[map_1] perf_8g_10_200_66_1783934557270 leave map 1 unit 1066
[map_1] perf_8g_10_200_27_1783934557225 leave map 1 unit 1026
[map_1] perf_8g_10_200_65_1783934557269 leave map 1 unit 1065
[map_1] perf_8g_10_200_64_1783934557267 leave map 1 unit 1064
[map_1] perf_8g_10_200_17_1783934557220 leave map 1 unit 1017
[map_1] perf_8g_10_200_63_1783934557266 leave map 1 unit 1063
[map_1] perf_8g_10_200_29_1783934557226 leave map 1 unit 1030
[map_1] perf_8g_10_200_62_1783934557266 leave map 1 unit 1062
[map_1] perf_8g_10_200_20_1783934557223 leave map 1 unit 1020
[map_1] perf_8g_10_200_61_1783934557264 leave map 1 unit 1061
[map_1] perf_8g_10_200_60_1783934557263 leave map 1 unit 1060
[map_1] perf_8g_10_200_26_1783934557225 leave map 1 unit 1027
[map_1] perf_8g_10_200_59_1783934557259 leave map 1 unit 1059
[map_1] perf_8g_10_200_23_1783934557224 leave map 1 unit 1023
[map_1] perf_8g_10_200_58_1783934557258 leave map 1 unit 1058
[map_1] perf_8g_10_200_24_1783934557225 leave map 1 unit 1024
[map_1] perf_8g_10_200_57_1783934557256 leave map 1 unit 1057
[map_1] perf_8g_10_200_56_1783934557254 leave map 1 unit 1056
[map_1] perf_8g_10_200_28_1783934557226 leave map 1 unit 1028
[map_1] perf_8g_10_200_55_1783934557253 leave map 1 unit 1054
[map_1] perf_8g_10_200_22_1783934557224 leave map 1 unit 1022
[map_1] perf_8g_10_200_54_1783934557251 leave map 1 unit 1055
[map_1] perf_8g_10_200_30_1783934557226 leave map 1 unit 1029
[map_1] perf_8g_10_200_53_1783934557250 leave map 1 unit 1053
[map_1] perf_8g_10_200_36_1783934557239 leave map 1 unit 1038
[map_1] perf_8g_10_200_52_1783934557249 leave map 1 unit 1052
[map_1] perf_8g_10_200_34_1783934557233 leave map 1 unit 1034
[map_1] perf_8g_10_200_51_1783934557249 leave map 1 unit 1051
[map_1] perf_8g_10_200_35_1783934557235 leave map 1 unit 1035
[map_1] perf_8g_10_200_50_1783934557248 leave map 1 unit 1050
[map_1] perf_8g_10_200_31_1783934557227 leave map 1 unit 1032
[map_1] perf_8g_10_200_49_1783934557248 leave map 1 unit 1049
[map_1] perf_8g_10_200_48_1783934557248 leave map 1 unit 1048
[map_1] perf_8g_10_200_25_1783934557225 leave map 1 unit 1025
[map_1] perf_8g_10_200_47_1783934557247 leave map 1 unit 1047
[map_1] perf_8g_10_200_37_1783934557240 leave map 1 unit 1037
[map_1] perf_8g_10_200_33_1783934557228 leave map 1 unit 1031
[map_1] perf_8g_10_200_46_1783934557247 leave map 1 unit 1046
[map_1] perf_8g_10_200_32_1783934557227 leave map 1 unit 1033
[map_1] perf_8g_10_200_44_1783934557246 leave map 1 unit 1044
[map_1] perf_8g_10_200_45_1783934557247 leave map 1 unit 1045
[map_1] perf_8g_10_200_38_1783934557240 leave map 1 unit 1036
[map_1] perf_8g_10_200_42_1783934557245 leave map 1 unit 1042
[map_1] perf_8g_10_200_39_1783934557242 leave map 1 unit 1039
[map_1] perf_8g_10_200_43_1783934557245 leave map 1 unit 1043
[map_1] perf_8g_10_200_40_1783934557242 leave map 1 unit 1040
[map_1] perf_8g_10_200_41_1783934557244 leave map 1 unit 1041
[map_1] perf_8g_10_200_199_1783934557477 leave map 1 unit 1199
[map_1] perf_8g_10_200_86_1783934557297 leave map 1 unit 1088
[map_1] perf_8g_10_200_197_1783934557469 leave map 1 unit 1195
[map_1] perf_8g_10_200_198_1783934557476 leave map 1 unit 1198
[map_1] perf_8g_10_200_196_1783934557468 leave map 1 unit 1197
[map_1] perf_8g_10_200_195_1783934557467 leave map 1 unit 1196
[map_1] perf_8g_10_200_194_1783934557466 leave map 1 unit 1194
[map_1] perf_8g_10_200_193_1783934557460 leave map 1 unit 1192
[map_1] perf_8g_10_200_192_1783934557460 leave map 1 unit 1191
[map_1] perf_8g_10_200_191_1783934557459 leave map 1 unit 1190
[map_1] perf_8g_10_200_190_1783934557459 leave map 1 unit 1193
[map_1] perf_8g_10_200_189_1783934557453 leave map 1 unit 1188
[map_1] perf_8g_10_200_188_1783934557453 leave map 1 unit 1187
[map_1] perf_8g_10_200_187_1783934557452 leave map 1 unit 1186
[map_1] perf_8g_10_200_186_1783934557451 leave map 1 unit 1189
[map_1] perf_8g_10_200_184_1783934557445 leave map 1 unit 1183
[map_1] perf_8g_10_200_185_1783934557445 leave map 1 unit 1182
[map_1] perf_8g_10_200_88_1783934557298 leave map 1 unit 1087
[map_1] perf_8g_10_200_183_1783934557444 leave map 1 unit 1185
[map_1] perf_8g_10_200_182_1783934557444 leave map 1 unit 1184
[map_1] perf_8g_10_200_181_1783934557439 leave map 1 unit 1180
[map_1] perf_8g_10_200_180_1783934557438 leave map 1 unit 1178
[map_1] perf_8g_10_200_179_1783934557438 leave map 1 unit 1179
[map_1] perf_8g_10_200_178_1783934557437 leave map 1 unit 1181
[map_1] perf_8g_10_200_177_1783934557431 leave map 1 unit 1175
[map_1] perf_8g_10_200_89_1783934557299 leave map 1 unit 1089
[map_1] perf_8g_10_200_176_1783934557429 leave map 1 unit 1177
[map_1] perf_8g_10_200_175_1783934557429 leave map 1 unit 1174
[map_1] perf_8g_10_200_174_1783934557429 leave map 1 unit 1176
[map_1] perf_8g_10_200_173_1783934557425 leave map 1 unit 1171
[map_1] perf_8g_10_200_172_1783934557424 leave map 1 unit 1170
[map_1] perf_8g_10_200_90_1783934557300 leave map 1 unit 1091
[map_1] perf_8g_10_200_171_1783934557423 leave map 1 unit 1173
[map_1] perf_8g_10_200_170_1783934557422 leave map 1 unit 1172
[map_1] perf_8g_10_200_169_1783934557417 leave map 1 unit 1167
[map_1] perf_8g_10_200_168_1783934557417 leave map 1 unit 1168
[map_1] perf_8g_10_200_91_1783934557301 leave map 1 unit 1090
[map_1] perf_8g_10_200_167_1783934557416 leave map 1 unit 1169
[map_1] perf_8g_10_200_166_1783934557416 leave map 1 unit 1166
[map_1] perf_8g_10_200_165_1783934557411 leave map 1 unit 1164
[map_1] perf_8g_10_200_164_1783934557411 leave map 1 unit 1162
[map_1] perf_8g_10_200_92_1783934557308 leave map 1 unit 1092
[map_1] perf_8g_10_200_93_1783934557308 leave map 1 unit 1097
[map_1] perf_8g_10_200_163_1783934557410 leave map 1 unit 1163
[map_1] perf_8g_10_200_162_1783934557409 leave map 1 unit 1165
[map_1] perf_8g_10_200_161_1783934557405 leave map 1 unit 1161
[map_1] perf_8g_10_200_94_1783934557310 leave map 1 unit 1093
[map_1] perf_8g_10_200_160_1783934557404 leave map 1 unit 1159
[map_1] perf_8g_10_200_159_1783934557404 leave map 1 unit 1160
[map_1] perf_8g_10_200_158_1783934557403 leave map 1 unit 1158
[map_1] perf_8g_10_200_95_1783934557310 leave map 1 unit 1095
[map_1] perf_8g_10_200_157_1783934557400 leave map 1 unit 1155
[map_1] perf_8g_10_200_156_1783934557399 leave map 1 unit 1157
[map_1] perf_8g_10_200_155_1783934557398 leave map 1 unit 1156
[map_1] perf_8g_10_200_96_1783934557311 leave map 1 unit 1094
[map_1] perf_8g_10_200_154_1783934557398 leave map 1 unit 1154
[map_1] perf_8g_10_200_153_1783934557393 leave map 1 unit 1151
[map_1] perf_8g_10_200_152_1783934557393 leave map 1 unit 1150
[map_1] perf_8g_10_200_97_1783934557313 leave map 1 unit 1096
[map_1] perf_8g_10_200_98_1783934557316 leave map 1 unit 1099
[map_1] perf_8g_10_200_150_1783934557391 leave map 1 unit 1152
[map_1] perf_8g_10_200_151_1783934557392 leave map 1 unit 1153
[map_1] perf_8g_10_200_149_1783934557387 leave map 1 unit 1148
[map_1] perf_8g_10_200_99_1783934557317 leave map 1 unit 1098
[map_1] perf_8g_10_200_148_1783934557386 leave map 1 unit 1146
[map_1] perf_8g_10_200_147_1783934557386 leave map 1 unit 1147
[map_1] perf_8g_10_200_100_1783934557317 leave map 1 unit 1100
[map_1] perf_8g_10_200_146_1783934557385 leave map 1 unit 1149
[map_1] perf_8g_10_200_145_1783934557381 leave map 1 unit 1144
[map_1] perf_8g_10_200_144_1783934557380 leave map 1 unit 1145
[map_1] perf_8g_10_200_102_1783934557322 leave map 1 unit 1101
[map_1] perf_8g_10_200_101_1783934557321 leave map 1 unit 1103
[map_1] perf_8g_10_200_143_1783934557380 leave map 1 unit 1143
[map_1] perf_8g_10_200_142_1783934557379 leave map 1 unit 1142
[map_1] perf_8g_10_200_104_1783934557323 leave map 1 unit 1104
[map_1] perf_8g_10_200_141_1783934557374 leave map 1 unit 1138
[map_1] perf_8g_10_200_140_1783934557374 leave map 1 unit 1140
[map_1] perf_8g_10_200_103_1783934557322 leave map 1 unit 1102
[map_1] perf_8g_10_200_139_1783934557373 leave map 1 unit 1141
[map_1] perf_8g_10_200_138_1783934557373 leave map 1 unit 1139
[map_1] perf_8g_10_200_105_1783934557324 leave map 1 unit 1105
[map_1] perf_8g_10_200_106_1783934557326 leave map 1 unit 1106
[map_1] perf_8g_10_200_137_1783934557370 leave map 1 unit 1135
[map_1] perf_8g_10_200_136_1783934557369 leave map 1 unit 1134
[map_1] perf_8g_10_200_107_1783934557327 leave map 1 unit 1107
[map_1] perf_8g_10_200_134_1783934557368 leave map 1 unit 1136
[map_1] perf_8g_10_200_133_1783934557364 leave map 1 unit 1133
[map_1] perf_8g_10_200_108_1783934557327 leave map 1 unit 1108
[map_1] perf_8g_10_200_109_1783934557333 leave map 1 unit 1109
[map_1] perf_8g_10_200_135_1783934557368 leave map 1 unit 1137
[map_1] perf_8g_10_200_132_1783934557364 leave map 1 unit 1131
[map_1] perf_8g_10_200_110_1783934557333 leave map 1 unit 1110
[map_1] perf_8g_10_200_131_1783934557363 leave map 1 unit 1130
[map_1] perf_8g_10_200_130_1783934557361 leave map 1 unit 1132
[map_1] perf_8g_10_200_111_1783934557334 leave map 1 unit 1112
[map_1] perf_8g_10_200_129_1783934557358 leave map 1 unit 1128
[map_1] perf_8g_10_200_128_1783934557357 leave map 1 unit 1126
[map_1] perf_8g_10_200_113_1783934557335 leave map 1 unit 1113
[map_1] perf_8g_10_200_114_1783934557337 leave map 1 unit 1115
[map_1] perf_8g_10_200_127_1783934557357 leave map 1 unit 1129
[map_1] perf_8g_10_200_112_1783934557334 leave map 1 unit 1111
[map_1] perf_8g_10_200_126_1783934557356 leave map 1 unit 1127
[map_1] perf_8g_10_200_125_1783934557352 leave map 1 unit 1122
[map_1] perf_8g_10_200_117_1783934557340 leave map 1 unit 1117
[map_1] perf_8g_10_200_115_1783934557337 leave map 1 unit 1114
[map_1] perf_8g_10_200_124_1783934557351 leave map 1 unit 1125
[map_1] perf_8g_10_200_123_1783934557351 leave map 1 unit 1124
[map_1] perf_8g_10_200_116_1783934557338 leave map 1 unit 1116
[map_1] perf_8g_10_200_119_1783934557345 leave map 1 unit 1121
[map_1] perf_8g_10_200_122_1783934557350 leave map 1 unit 1123
[map_1] perf_8g_10_200_118_1783934557340 leave map 1 unit 1119
[map_1] perf_8g_10_200_121_1783934557346 leave map 1 unit 1120
[map_1] perf_8g_10_200_120_1783934557345 leave map 1 unit 1118
