starting process map1 with one V8 and 1 scene(s) from E:\VsCode\skynet\ets_runtime\perf\results\runtime_configs\map_capacity_20260713_092236\200p_8g_r2\map1.json
scene map_1 (MapHost) listening on 127.0.0.1:7301
[process:map1] one V8 started with 1 scene(s)
[map_1] MapHost scene started at 127.0.0.1:7301
map_1 accepted 127.0.0.1:51728 as conn 1
map_1 accepted 127.0.0.1:51786 as conn 2
map_1 accepted 127.0.0.1:51788 as conn 3
map_1 accepted 127.0.0.1:51787 as conn 4
map_1 accepted 127.0.0.1:51789 as conn 5
map_1 accepted 127.0.0.1:51790 as conn 6
[map_1] perf_8g_10_200_0_1783934599385 enter map 1 unit 1000
map_1 accepted 127.0.0.1:51791 as conn 7
map_1 accepted 127.0.0.1:51792 as conn 8
map_1 accepted 127.0.0.1:51793 as conn 9
[map_1] perf_8g_10_200_2_1783934599387 enter map 1 unit 1007
[map_1] perf_8g_10_200_4_1783934599387 enter map 1 unit 1001
[map_1] perf_8g_10_200_1_1783934599387 enter map 1 unit 1002
[map_1] perf_8g_10_200_6_1783934599387 enter map 1 unit 1003
[map_1] perf_8g_10_200_5_1783934599387 enter map 1 unit 1004
[map_1] perf_8g_10_200_9_1783934599387 enter map 1 unit 1005
[map_1] perf_8g_10_200_3_1783934599387 enter map 1 unit 1006
[map_1] perf_8g_10_200_10_1783934599387 enter map 1 unit 1008
[map_1] perf_8g_10_200_11_1783934599387 enter map 1 unit 1009
[map_1] perf_8g_10_200_16_1783934599414 enter map 1 unit 1010
[map_1] perf_8g_10_200_8_1783934599387 enter map 1 unit 1011
[map_1] perf_8g_10_200_14_1783934599387 enter map 1 unit 1012
[map_1] perf_8g_10_200_15_1783934599387 enter map 1 unit 1013
[map_1] perf_8g_10_200_7_1783934599387 enter map 1 unit 1014
[map_1] perf_8g_10_200_12_1783934599387 enter map 1 unit 1015
[map_1] perf_8g_10_200_13_1783934599387 enter map 1 unit 1016
[map_1] perf_8g_10_200_17_1783934599431 enter map 1 unit 1017
[map_1] perf_8g_10_200_18_1783934599433 enter map 1 unit 1018
[map_1] perf_8g_10_200_19_1783934599433 enter map 1 unit 1019
[map_1] perf_8g_10_200_20_1783934599435 enter map 1 unit 1020
[map_1] perf_8g_10_200_21_1783934599435 enter map 1 unit 1021
[map_1] perf_8g_10_200_22_1783934599435 enter map 1 unit 1022
[map_1] perf_8g_10_200_25_1783934599436 enter map 1 unit 1023
[map_1] perf_8g_10_200_24_1783934599436 enter map 1 unit 1024
[map_1] perf_8g_10_200_26_1783934599436 enter map 1 unit 1025
[map_1] perf_8g_10_200_23_1783934599436 enter map 1 unit 1026
[map_1] perf_8g_10_200_27_1783934599437 enter map 1 unit 1027
[map_1] perf_8g_10_200_30_1783934599437 enter map 1 unit 1028
[map_1] perf_8g_10_200_28_1783934599437 enter map 1 unit 1029
[map_1] perf_8g_10_200_29_1783934599437 enter map 1 unit 1030
[map_1] perf_8g_10_200_31_1783934599438 enter map 1 unit 1031
[map_1] perf_8g_10_200_32_1783934599438 enter map 1 unit 1032
[map_1] perf_8g_10_200_35_1783934599449 enter map 1 unit 1033
[map_1] perf_8g_10_200_34_1783934599446 enter map 1 unit 1034
[map_1] perf_8g_10_200_33_1783934599443 enter map 1 unit 1035
[map_1] perf_8g_10_200_37_1783934599454 enter map 1 unit 1036
[map_1] perf_8g_10_200_36_1783934599453 enter map 1 unit 1037
[map_1] perf_8g_10_200_38_1783934599457 enter map 1 unit 1038
[map_1] perf_8g_10_200_40_1783934599458 enter map 1 unit 1039
[map_1] perf_8g_10_200_39_1783934599457 enter map 1 unit 1040
[map_1] perf_8g_10_200_41_1783934599460 enter map 1 unit 1041
[map_1] perf_8g_10_200_42_1783934599460 enter map 1 unit 1042
[map_1] perf_8g_10_200_43_1783934599461 enter map 1 unit 1043
[map_1] perf_8g_10_200_44_1783934599461 enter map 1 unit 1044
[map_1] perf_8g_10_200_45_1783934599463 enter map 1 unit 1045
[map_1] perf_8g_10_200_46_1783934599463 enter map 1 unit 1046
[map_1] perf_8g_10_200_47_1783934599464 enter map 1 unit 1047
[map_1] perf_8g_10_200_49_1783934599464 enter map 1 unit 1049
[map_1] perf_8g_10_200_48_1783934599464 enter map 1 unit 1048
[map_1] perf_8g_10_200_50_1783934599465 enter map 1 unit 1050
[map_1] perf_8g_10_200_52_1783934599467 enter map 1 unit 1051
[map_1] perf_8g_10_200_53_1783934599467 enter map 1 unit 1053
[map_1] perf_8g_10_200_51_1783934599465 enter map 1 unit 1052
[map_1] perf_8g_10_200_55_1783934599474 enter map 1 unit 1054
[map_1] perf_8g_10_200_54_1783934599473 enter map 1 unit 1055
[map_1] perf_8g_10_200_56_1783934599474 enter map 1 unit 1056
[map_1] perf_8g_10_200_57_1783934599480 enter map 1 unit 1057
[map_1] perf_8g_10_200_58_1783934599481 enter map 1 unit 1058
[map_1] perf_8g_10_200_59_1783934599481 enter map 1 unit 1059
[map_1] perf_8g_10_200_60_1783934599482 enter map 1 unit 1060
[map_1] perf_8g_10_200_61_1783934599484 enter map 1 unit 1061
[map_1] perf_8g_10_200_62_1783934599487 enter map 1 unit 1062
[map_1] perf_8g_10_200_63_1783934599487 enter map 1 unit 1063
[map_1] perf_8g_10_200_65_1783934599488 enter map 1 unit 1064
[map_1] perf_8g_10_200_64_1783934599487 enter map 1 unit 1065
[map_1] perf_8g_10_200_66_1783934599492 enter map 1 unit 1066
[map_1] perf_8g_10_200_67_1783934599493 enter map 1 unit 1067
[map_1] perf_8g_10_200_69_1783934599494 enter map 1 unit 1069
[map_1] perf_8g_10_200_68_1783934599493 enter map 1 unit 1068
[map_1] perf_8g_10_200_70_1783934599496 enter map 1 unit 1070
[map_1] perf_8g_10_200_71_1783934599496 enter map 1 unit 1071
[map_1] perf_8g_10_200_72_1783934599497 enter map 1 unit 1072
[map_1] perf_8g_10_200_73_1783934599504 enter map 1 unit 1073
[map_1] perf_8g_10_200_74_1783934599506 enter map 1 unit 1074
[map_1] perf_8g_10_200_76_1783934599506 enter map 1 unit 1075
[map_1] perf_8g_10_200_75_1783934599506 enter map 1 unit 1076
[map_1] perf_8g_10_200_77_1783934599508 enter map 1 unit 1077
[map_1] perf_8g_10_200_78_1783934599514 enter map 1 unit 1078
[map_1] perf_8g_10_200_79_1783934599515 enter map 1 unit 1079
[map_1] perf_8g_10_200_80_1783934599516 enter map 1 unit 1080
[map_1] perf_8g_10_200_81_1783934599517 enter map 1 unit 1081
[map_1] perf_8g_10_200_82_1783934599519 enter map 1 unit 1082
[map_1] perf_8g_10_200_83_1783934599525 enter map 1 unit 1083
[map_1] perf_8g_10_200_84_1783934599525 enter map 1 unit 1084
[map_1] perf_8g_10_200_86_1783934599526 enter map 1 unit 1085
[map_1] perf_8g_10_200_87_1783934599528 enter map 1 unit 1088
[map_1] perf_8g_10_200_85_1783934599525 enter map 1 unit 1086
[map_1] perf_8g_10_200_88_1783934599528 enter map 1 unit 1087
[map_1] perf_8g_10_200_89_1783934599535 enter map 1 unit 1089
[map_1] perf_8g_10_200_90_1783934599537 enter map 1 unit 1090
[map_1] perf_8g_10_200_91_1783934599538 enter map 1 unit 1091
[map_1] perf_8g_10_200_92_1783934599538 enter map 1 unit 1092
[map_1] perf_8g_10_200_93_1783934599539 enter map 1 unit 1093
[map_1] perf_8g_10_200_94_1783934599544 enter map 1 unit 1094
[map_1] perf_8g_10_200_95_1783934599547 enter map 1 unit 1095
[map_1] perf_8g_10_200_96_1783934599549 enter map 1 unit 1096
[map_1] perf_8g_10_200_97_1783934599553 enter map 1 unit 1097
[map_1] perf_8g_10_200_98_1783934599554 enter map 1 unit 1098
[map_1] perf_8g_10_200_99_1783934599557 enter map 1 unit 1100
[map_1] perf_8g_10_200_100_1783934599557 enter map 1 unit 1099
[map_1] perf_8g_10_200_101_1783934599562 enter map 1 unit 1101
[map_1] perf_8g_10_200_102_1783934599562 enter map 1 unit 1102
[map_1] perf_8g_10_200_104_1783934599563 enter map 1 unit 1104
[map_1] perf_8g_10_200_103_1783934599563 enter map 1 unit 1103
[map_1] perf_8g_10_200_105_1783934599566 enter map 1 unit 1105
[map_1] perf_8g_10_200_108_1783934599570 enter map 1 unit 1108
[map_1] perf_8g_10_200_106_1783934599568 enter map 1 unit 1106
[map_1] perf_8g_10_200_107_1783934599569 enter map 1 unit 1107
[map_1] perf_8g_10_200_109_1783934599574 enter map 1 unit 1109
[map_1] perf_8g_10_200_112_1783934599582 enter map 1 unit 1112
[map_1] perf_8g_10_200_111_1783934599579 enter map 1 unit 1110
[map_1] perf_8g_10_200_110_1783934599576 enter map 1 unit 1111
[map_1] perf_8g_10_200_114_1783934599589 enter map 1 unit 1113
[map_1] perf_8g_10_200_116_1783934599590 enter map 1 unit 1115
[map_1] perf_8g_10_200_113_1783934599586 enter map 1 unit 1114
[map_1] perf_8g_10_200_115_1783934599590 enter map 1 unit 1116
[map_1] perf_8g_10_200_118_1783934599597 enter map 1 unit 1118
[map_1] perf_8g_10_200_120_1783934599599 enter map 1 unit 1117
[map_1] perf_8g_10_200_117_1783934599593 enter map 1 unit 1119
[map_1] perf_8g_10_200_119_1783934599599 enter map 1 unit 1120
[map_1] perf_8g_10_200_121_1783934599606 enter map 1 unit 1121
[map_1] perf_8g_10_200_122_1783934599608 enter map 1 unit 1122
[map_1] perf_8g_10_200_123_1783934599609 enter map 1 unit 1123
[map_1] perf_8g_10_200_124_1783934599610 enter map 1 unit 1124
[map_1] perf_8g_10_200_125_1783934599614 enter map 1 unit 1125
[map_1] perf_8g_10_200_126_1783934599615 enter map 1 unit 1126
[map_1] perf_8g_10_200_127_1783934599616 enter map 1 unit 1127
[map_1] perf_8g_10_200_128_1783934599617 enter map 1 unit 1128
[map_1] perf_8g_10_200_129_1783934599619 enter map 1 unit 1129
[map_1] perf_8g_10_200_130_1783934599620 enter map 1 unit 1130
[map_1] perf_8g_10_200_131_1783934599620 enter map 1 unit 1131
[map_1] perf_8g_10_200_132_1783934599626 enter map 1 unit 1132
[map_1] perf_8g_10_200_134_1783934599627 enter map 1 unit 1133
[map_1] perf_8g_10_200_133_1783934599627 enter map 1 unit 1134
[map_1] perf_8g_10_200_135_1783934599634 enter map 1 unit 1135
[map_1] perf_8g_10_200_136_1783934599634 enter map 1 unit 1136
[map_1] perf_8g_10_200_137_1783934599637 enter map 1 unit 1137
[map_1] perf_8g_10_200_138_1783934599640 enter map 1 unit 1138
[map_1] perf_8g_10_200_139_1783934599646 enter map 1 unit 1139
[map_1] perf_8g_10_200_140_1783934599646 enter map 1 unit 1140
[map_1] perf_8g_10_200_141_1783934599650 enter map 1 unit 1141
[map_1] perf_8g_10_200_142_1783934599655 enter map 1 unit 1142
[map_1] perf_8g_10_200_143_1783934599657 enter map 1 unit 1143
[map_1] perf_8g_10_200_144_1783934599659 enter map 1 unit 1144
[map_1] perf_8g_10_200_145_1783934599661 enter map 1 unit 1145
[map_1] perf_8g_10_200_146_1783934599665 enter map 1 unit 1146
[map_1] perf_8g_10_200_147_1783934599665 enter map 1 unit 1147
[map_1] perf_8g_10_200_148_1783934599673 enter map 1 unit 1148
[map_1] perf_8g_10_200_149_1783934599675 enter map 1 unit 1149
[map_1] perf_8g_10_200_150_1783934599676 enter map 1 unit 1150
[map_1] perf_8g_10_200_151_1783934599679 enter map 1 unit 1151
[map_1] perf_8g_10_200_152_1783934599683 enter map 1 unit 1152
[map_1] perf_8g_10_200_153_1783934599684 enter map 1 unit 1153
[map_1] perf_8g_10_200_154_1783934599687 enter map 1 unit 1154
[map_1] perf_8g_10_200_155_1783934599689 enter map 1 unit 1155
[map_1] perf_8g_10_200_156_1783934599691 enter map 1 unit 1156
[map_1] perf_8g_10_200_157_1783934599694 enter map 1 unit 1157
[map_1] perf_8g_10_200_158_1783934599698 enter map 1 unit 1158
[map_1] perf_8g_10_200_159_1783934599700 enter map 1 unit 1159
[map_1] perf_8g_10_200_160_1783934599703 enter map 1 unit 1160
[map_1] perf_8g_10_200_161_1783934599704 enter map 1 unit 1161
[map_1] perf_8g_10_200_162_1783934599711 enter map 1 unit 1162
[map_1] perf_8g_10_200_164_1783934599713 enter map 1 unit 1164
[map_1] perf_8g_10_200_163_1783934599712 enter map 1 unit 1163
[map_1] perf_8g_10_200_165_1783934599717 enter map 1 unit 1165
[map_1] perf_8g_10_200_169_1783934599726 enter map 1 unit 1169
[map_1] perf_8g_10_200_166_1783934599718 enter map 1 unit 1166
[map_1] perf_8g_10_200_168_1783934599724 enter map 1 unit 1168
[map_1] perf_8g_10_200_167_1783934599721 enter map 1 unit 1167
[map_1] perf_8g_10_200_172_1783934599734 enter map 1 unit 1170
[map_1] perf_8g_10_200_171_1783934599730 enter map 1 unit 1172
[map_1] perf_8g_10_200_170_1783934599728 enter map 1 unit 1171
[map_1] perf_8g_10_200_176_1783934599749 enter map 1 unit 1173
[map_1] perf_8g_10_200_174_1783934599743 enter map 1 unit 1177
[map_1] perf_8g_10_200_177_1783934599750 enter map 1 unit 1174
[map_1] perf_8g_10_200_173_1783934599737 enter map 1 unit 1176
[map_1] perf_8g_10_200_175_1783934599744 enter map 1 unit 1175
[map_1] perf_8g_10_200_179_1783934599756 enter map 1 unit 1178
[map_1] perf_8g_10_200_180_1783934599757 enter map 1 unit 1180
[map_1] perf_8g_10_200_178_1783934599755 enter map 1 unit 1179
[map_1] perf_8g_10_200_183_1783934599768 enter map 1 unit 1181
[map_1] perf_8g_10_200_182_1783934599767 enter map 1 unit 1185
[map_1] perf_8g_10_200_181_1783934599767 enter map 1 unit 1182
[map_1] perf_8g_10_200_184_1783934599769 enter map 1 unit 1184
[map_1] perf_8g_10_200_185_1783934599770 enter map 1 unit 1183
[map_1] perf_8g_10_200_188_1783934599778 enter map 1 unit 1186
[map_1] perf_8g_10_200_187_1783934599777 enter map 1 unit 1188
[map_1] perf_8g_10_200_186_1783934599776 enter map 1 unit 1187
[map_1] perf_8g_10_200_192_1783934599789 enter map 1 unit 1189
[map_1] perf_8g_10_200_190_1783934599787 enter map 1 unit 1193
[map_1] perf_8g_10_200_191_1783934599788 enter map 1 unit 1190
[map_1] perf_8g_10_200_193_1783934599790 enter map 1 unit 1192
[map_1] perf_8g_10_200_189_1783934599786 enter map 1 unit 1191
[map_1] perf_8g_10_200_196_1783934599796 enter map 1 unit 1194
[map_1] perf_8g_10_200_195_1783934599796 enter map 1 unit 1196
[map_1] perf_8g_10_200_194_1783934599794 enter map 1 unit 1195
[map_1] perf_8g_10_200_198_1783934599812 enter map 1 unit 1197
[map_1] perf_8g_10_200_199_1783934599813 enter map 1 unit 1199
[map_1] perf_8g_10_200_197_1783934599811 enter map 1 unit 1198
[metrics:inner_transport] active=8 opened=8 pending=0 max_pending=0 overloads=0 timeouts=0 disconnected_calls=0 late_responses=0 idle_closes=0
[process-metrics] process=map1 cpu_percent=136.82 cpu_time_ms=6875 rss_bytes=80953344 v8_heap_used_bytes=11362416 v8_heap_total_bytes=38547456 v8_gc_count=59 v8_gc_ms=21.579 timestamp_ms=1783934604077
[metrics:map1] scene=map_1 type=MapHost processed=9615 failed=0 ts_queue=0 ts_max_queue=172 rust_queue=185 rust_max_queue=185 backpressure=0 slow_disconnects=0 update_ms=2.00 handler_ms=2.00 max_handler_ms=49.00 total_handler_ms=48181.00
[metrics:inner_transport] active=8 opened=8 pending=0 max_pending=0 overloads=0 timeouts=0 disconnected_calls=0 late_responses=0 idle_closes=0
[process-metrics] process=map1 cpu_percent=128.07 cpu_time_ms=13281 rss_bytes=107741184 v8_heap_used_bytes=24682272 v8_heap_total_bytes=60567552 v8_gc_count=85 v8_gc_ms=37.609 timestamp_ms=1783934609079
[metrics:map1] scene=map_1 type=MapHost processed=20576 failed=0 ts_queue=0 ts_max_queue=185 rust_queue=37 rust_max_queue=185 backpressure=0 slow_disconnects=0 update_ms=0.00 handler_ms=0.00 max_handler_ms=51.00 total_handler_ms=117759.00
[metrics:inner_transport] active=8 opened=8 pending=0 max_pending=0 overloads=0 timeouts=0 disconnected_calls=0 late_responses=0 idle_closes=0
[process-metrics] process=map1 cpu_percent=124.41 cpu_time_ms=19500 rss_bytes=111783936 v8_heap_used_bytes=30323056 v8_heap_total_bytes=63713280 v8_gc_count=99 v8_gc_ms=45.819 timestamp_ms=1783934614078
[metrics:map1] scene=map_1 type=MapHost processed=31483 failed=0 ts_queue=0 ts_max_queue=185 rust_queue=117 rust_max_queue=185 backpressure=0 slow_disconnects=0 update_ms=2.00 handler_ms=2.00 max_handler_ms=64.00 total_handler_ms=176525.00
[metrics:inner_transport] active=8 opened=8 pending=0 max_pending=0 overloads=0 timeouts=0 disconnected_calls=0 late_responses=0 idle_closes=0
[process-metrics] process=map1 cpu_percent=120.78 cpu_time_ms=25546 rss_bytes=114085888 v8_heap_used_bytes=24626512 v8_heap_total_bytes=66334720 v8_gc_count=114 v8_gc_ms=56.648 timestamp_ms=1783934619084
[metrics:map1] scene=map_1 type=MapHost processed=42417 failed=0 ts_queue=0 ts_max_queue=185 rust_queue=183 rust_max_queue=185 backpressure=0 slow_disconnects=0 update_ms=4.00 handler_ms=4.00 max_handler_ms=64.00 total_handler_ms=253701.00
[metrics:inner_transport] active=8 opened=8 pending=0 max_pending=0 overloads=0 timeouts=0 disconnected_calls=0 late_responses=0 idle_closes=0
[process-metrics] process=map1 cpu_percent=124.77 cpu_time_ms=31781 rss_bytes=111140864 v8_heap_used_bytes=23199112 v8_heap_total_bytes=63975424 v8_gc_count=129 v8_gc_ms=67.625 timestamp_ms=1783934624081
[metrics:map1] scene=map_1 type=MapHost processed=53442 failed=0 ts_queue=0 ts_max_queue=185 rust_queue=158 rust_max_queue=185 backpressure=0 slow_disconnects=0 update_ms=1.00 handler_ms=1.00 max_handler_ms=88.00 total_handler_ms=352590.00
[metrics:inner_transport] active=8 opened=8 pending=0 max_pending=0 overloads=0 timeouts=0 disconnected_calls=0 late_responses=0 idle_closes=0
[process-metrics] process=map1 cpu_percent=126.50 cpu_time_ms=38109 rss_bytes=112689152 v8_heap_used_bytes=29237504 v8_heap_total_bytes=63975424 v8_gc_count=143 v8_gc_ms=76.182 timestamp_ms=1783934629083
[metrics:map1] scene=map_1 type=MapHost processed=64496 failed=0 ts_queue=0 ts_max_queue=185 rust_queue=104 rust_max_queue=185 backpressure=0 slow_disconnects=0 update_ms=3.00 handler_ms=3.00 max_handler_ms=88.00 total_handler_ms=411098.00
[metrics:inner_transport] active=8 opened=8 pending=0 max_pending=0 overloads=0 timeouts=0 disconnected_calls=0 late_responses=0 idle_closes=0
[process-metrics] process=map1 cpu_percent=140.06 cpu_time_ms=45125 rss_bytes=111439872 v8_heap_used_bytes=6682456 v8_heap_total_bytes=64761856 v8_gc_count=158 v8_gc_ms=85.099 timestamp_ms=1783934634093
[metrics:map1] scene=map_1 type=MapHost processed=75526 failed=0 ts_queue=0 ts_max_queue=185 rust_queue=74 rust_max_queue=185 backpressure=0 slow_disconnects=0 update_ms=8.00 handler_ms=8.00 max_handler_ms=88.00 total_handler_ms=476672.00
[metrics:inner_transport] active=8 opened=8 pending=0 max_pending=0 overloads=0 timeouts=0 disconnected_calls=0 late_responses=0 idle_closes=0
[process-metrics] process=map1 cpu_percent=104.81 cpu_time_ms=50375 rss_bytes=114118656 v8_heap_used_bytes=26745464 v8_heap_total_bytes=64761856 v8_gc_count=171 v8_gc_ms=92.835 timestamp_ms=1783934639102
[metrics:map1] scene=map_1 type=MapHost processed=86366 failed=0 ts_queue=0 ts_max_queue=185 rust_queue=148 rust_max_queue=185 backpressure=0 slow_disconnects=0 update_ms=9.00 handler_ms=9.00 max_handler_ms=88.00 total_handler_ms=560363.00
[map_1] perf_8g_10_200_0_1783934599385 leave map 1 unit 1000
[map_1] perf_8g_10_200_4_1783934599387 leave map 1 unit 1001
[map_1] perf_8g_10_200_1_1783934599387 leave map 1 unit 1002
[map_1] perf_8g_10_200_10_1783934599387 leave map 1 unit 1008
[map_1] perf_8g_10_200_3_1783934599387 leave map 1 unit 1006
[map_1] perf_8g_10_200_88_1783934599528 leave map 1 unit 1087
[map_1] perf_8g_10_200_8_1783934599387 leave map 1 unit 1011
[map_1] perf_8g_10_200_87_1783934599528 leave map 1 unit 1088
[map_1] perf_8g_10_200_85_1783934599525 leave map 1 unit 1086
[map_1] perf_8g_10_200_6_1783934599387 leave map 1 unit 1003
[map_1] perf_8g_10_200_86_1783934599526 leave map 1 unit 1085
[map_1] perf_8g_10_200_7_1783934599387 leave map 1 unit 1014
[map_1] perf_8g_10_200_84_1783934599525 leave map 1 unit 1084
[map_1] perf_8g_10_200_5_1783934599387 leave map 1 unit 1004
[map_1] perf_8g_10_200_83_1783934599525 leave map 1 unit 1083
[map_1] perf_8g_10_200_80_1783934599516 leave map 1 unit 1080
[map_1] perf_8g_10_200_13_1783934599387 leave map 1 unit 1016
[map_1] perf_8g_10_200_81_1783934599517 leave map 1 unit 1081
[map_1] perf_8g_10_200_2_1783934599387 leave map 1 unit 1007
[map_1] perf_8g_10_200_82_1783934599519 leave map 1 unit 1082
[map_1] perf_8g_10_200_76_1783934599506 leave map 1 unit 1075
[map_1] perf_8g_10_200_77_1783934599508 leave map 1 unit 1077
[map_1] perf_8g_10_200_17_1783934599431 leave map 1 unit 1017
[map_1] perf_8g_10_200_79_1783934599515 leave map 1 unit 1079
[map_1] perf_8g_10_200_16_1783934599414 leave map 1 unit 1010
[map_1] perf_8g_10_200_78_1783934599514 leave map 1 unit 1078
[map_1] perf_8g_10_200_75_1783934599506 leave map 1 unit 1076
[map_1] perf_8g_10_200_18_1783934599433 leave map 1 unit 1018
[map_1] perf_8g_10_200_74_1783934599506 leave map 1 unit 1074
[map_1] perf_8g_10_200_14_1783934599387 leave map 1 unit 1012
[map_1] perf_8g_10_200_73_1783934599504 leave map 1 unit 1073
[map_1] perf_8g_10_200_72_1783934599497 leave map 1 unit 1072
[map_1] perf_8g_10_200_9_1783934599387 leave map 1 unit 1005
[map_1] perf_8g_10_200_71_1783934599496 leave map 1 unit 1071
[map_1] perf_8g_10_200_12_1783934599387 leave map 1 unit 1015
[map_1] perf_8g_10_200_69_1783934599494 leave map 1 unit 1069
[map_1] perf_8g_10_200_11_1783934599387 leave map 1 unit 1009
[map_1] perf_8g_10_200_70_1783934599496 leave map 1 unit 1070
[map_1] perf_8g_10_200_68_1783934599493 leave map 1 unit 1068
[map_1] perf_8g_10_200_19_1783934599433 leave map 1 unit 1019
[map_1] perf_8g_10_200_66_1783934599492 leave map 1 unit 1066
[map_1] perf_8g_10_200_15_1783934599387 leave map 1 unit 1013
[map_1] perf_8g_10_200_67_1783934599493 leave map 1 unit 1067
[map_1] perf_8g_10_200_65_1783934599488 leave map 1 unit 1064
[map_1] perf_8g_10_200_21_1783934599435 leave map 1 unit 1021
[map_1] perf_8g_10_200_64_1783934599487 leave map 1 unit 1065
[map_1] perf_8g_10_200_22_1783934599435 leave map 1 unit 1022
[map_1] perf_8g_10_200_63_1783934599487 leave map 1 unit 1063
[map_1] perf_8g_10_200_20_1783934599435 leave map 1 unit 1020
[map_1] perf_8g_10_200_62_1783934599487 leave map 1 unit 1062
[map_1] perf_8g_10_200_61_1783934599484 leave map 1 unit 1061
[map_1] perf_8g_10_200_23_1783934599436 leave map 1 unit 1026
[map_1] perf_8g_10_200_24_1783934599436 leave map 1 unit 1024
[map_1] perf_8g_10_200_60_1783934599482 leave map 1 unit 1060
[map_1] perf_8g_10_200_25_1783934599436 leave map 1 unit 1023
[map_1] perf_8g_10_200_59_1783934599481 leave map 1 unit 1059
[map_1] perf_8g_10_200_58_1783934599481 leave map 1 unit 1058
[map_1] perf_8g_10_200_27_1783934599437 leave map 1 unit 1027
[map_1] perf_8g_10_200_56_1783934599474 leave map 1 unit 1056
[map_1] perf_8g_10_200_28_1783934599437 leave map 1 unit 1029
[map_1] perf_8g_10_200_57_1783934599480 leave map 1 unit 1057
[map_1] perf_8g_10_200_29_1783934599437 leave map 1 unit 1030
[map_1] perf_8g_10_200_55_1783934599474 leave map 1 unit 1054
[map_1] perf_8g_10_200_54_1783934599473 leave map 1 unit 1055
[map_1] perf_8g_10_200_26_1783934599436 leave map 1 unit 1025
[map_1] perf_8g_10_200_52_1783934599467 leave map 1 unit 1051
[map_1] perf_8g_10_200_30_1783934599437 leave map 1 unit 1028
[map_1] perf_8g_10_200_53_1783934599467 leave map 1 unit 1053
[map_1] perf_8g_10_200_31_1783934599438 leave map 1 unit 1031
[map_1] perf_8g_10_200_51_1783934599465 leave map 1 unit 1052
[map_1] perf_8g_10_200_32_1783934599438 leave map 1 unit 1032
[map_1] perf_8g_10_200_49_1783934599464 leave map 1 unit 1049
[map_1] perf_8g_10_200_33_1783934599443 leave map 1 unit 1035
[map_1] perf_8g_10_200_50_1783934599465 leave map 1 unit 1050
[map_1] perf_8g_10_200_35_1783934599449 leave map 1 unit 1033
[map_1] perf_8g_10_200_48_1783934599464 leave map 1 unit 1048
[map_1] perf_8g_10_200_34_1783934599446 leave map 1 unit 1034
[map_1] perf_8g_10_200_47_1783934599464 leave map 1 unit 1047
[map_1] perf_8g_10_200_46_1783934599463 leave map 1 unit 1046
[map_1] perf_8g_10_200_36_1783934599453 leave map 1 unit 1037
[map_1] perf_8g_10_200_37_1783934599454 leave map 1 unit 1036
[map_1] perf_8g_10_200_45_1783934599463 leave map 1 unit 1045
[map_1] perf_8g_10_200_38_1783934599457 leave map 1 unit 1038
[map_1] perf_8g_10_200_44_1783934599461 leave map 1 unit 1044
[map_1] perf_8g_10_200_39_1783934599457 leave map 1 unit 1040
[map_1] perf_8g_10_200_43_1783934599461 leave map 1 unit 1043
[map_1] perf_8g_10_200_42_1783934599460 leave map 1 unit 1042
[map_1] perf_8g_10_200_40_1783934599458 leave map 1 unit 1039
[map_1] perf_8g_10_200_41_1783934599460 leave map 1 unit 1041
[map_1] perf_8g_10_200_199_1783934599813 leave map 1 unit 1199
[map_1] perf_8g_10_200_89_1783934599535 leave map 1 unit 1089
[map_1] perf_8g_10_200_197_1783934599811 leave map 1 unit 1198
[map_1] perf_8g_10_200_198_1783934599812 leave map 1 unit 1197
[map_1] perf_8g_10_200_196_1783934599796 leave map 1 unit 1194
[map_1] perf_8g_10_200_195_1783934599796 leave map 1 unit 1196
[map_1] perf_8g_10_200_194_1783934599794 leave map 1 unit 1195
[map_1] perf_8g_10_200_193_1783934599790 leave map 1 unit 1192
[map_1] perf_8g_10_200_192_1783934599789 leave map 1 unit 1189
[map_1] perf_8g_10_200_187_1783934599777 leave map 1 unit 1188
[map_1] perf_8g_10_200_191_1783934599788 leave map 1 unit 1190
[map_1] perf_8g_10_200_189_1783934599786 leave map 1 unit 1191
[map_1] perf_8g_10_200_190_1783934599787 leave map 1 unit 1193
[map_1] perf_8g_10_200_188_1783934599778 leave map 1 unit 1186
[map_1] perf_8g_10_200_185_1783934599770 leave map 1 unit 1183
[map_1] perf_8g_10_200_183_1783934599768 leave map 1 unit 1181
[map_1] perf_8g_10_200_186_1783934599776 leave map 1 unit 1187
[map_1] perf_8g_10_200_90_1783934599537 leave map 1 unit 1090
[map_1] perf_8g_10_200_184_1783934599769 leave map 1 unit 1184
[map_1] perf_8g_10_200_182_1783934599767 leave map 1 unit 1185
[map_1] perf_8g_10_200_181_1783934599767 leave map 1 unit 1182
[map_1] perf_8g_10_200_180_1783934599757 leave map 1 unit 1180
[map_1] perf_8g_10_200_179_1783934599756 leave map 1 unit 1178
[map_1] perf_8g_10_200_178_1783934599755 leave map 1 unit 1179
[map_1] perf_8g_10_200_177_1783934599750 leave map 1 unit 1174
[map_1] perf_8g_10_200_91_1783934599538 leave map 1 unit 1091
[map_1] perf_8g_10_200_176_1783934599749 leave map 1 unit 1173
[map_1] perf_8g_10_200_175_1783934599744 leave map 1 unit 1175
[map_1] perf_8g_10_200_174_1783934599743 leave map 1 unit 1177
[map_1] perf_8g_10_200_173_1783934599737 leave map 1 unit 1176
[map_1] perf_8g_10_200_171_1783934599730 leave map 1 unit 1172
[map_1] perf_8g_10_200_92_1783934599538 leave map 1 unit 1092
[map_1] perf_8g_10_200_172_1783934599734 leave map 1 unit 1170
[map_1] perf_8g_10_200_170_1783934599728 leave map 1 unit 1171
[map_1] perf_8g_10_200_169_1783934599726 leave map 1 unit 1169
[map_1] perf_8g_10_200_167_1783934599721 leave map 1 unit 1167
[map_1] perf_8g_10_200_93_1783934599539 leave map 1 unit 1093
[map_1] perf_8g_10_200_94_1783934599544 leave map 1 unit 1094
[map_1] perf_8g_10_200_168_1783934599724 leave map 1 unit 1168
[map_1] perf_8g_10_200_166_1783934599718 leave map 1 unit 1166
[map_1] perf_8g_10_200_165_1783934599717 leave map 1 unit 1165
[map_1] perf_8g_10_200_164_1783934599713 leave map 1 unit 1164
[map_1] perf_8g_10_200_96_1783934599549 leave map 1 unit 1096
[map_1] perf_8g_10_200_163_1783934599712 leave map 1 unit 1163
[map_1] perf_8g_10_200_161_1783934599704 leave map 1 unit 1161
[map_1] perf_8g_10_200_162_1783934599711 leave map 1 unit 1162
[map_1] perf_8g_10_200_160_1783934599703 leave map 1 unit 1160
[map_1] perf_8g_10_200_95_1783934599547 leave map 1 unit 1095
[map_1] perf_8g_10_200_158_1783934599698 leave map 1 unit 1158
[map_1] perf_8g_10_200_159_1783934599700 leave map 1 unit 1159
[map_1] perf_8g_10_200_156_1783934599691 leave map 1 unit 1156
[map_1] perf_8g_10_200_97_1783934599553 leave map 1 unit 1097
[map_1] perf_8g_10_200_157_1783934599694 leave map 1 unit 1157
[map_1] perf_8g_10_200_155_1783934599689 leave map 1 unit 1155
[map_1] perf_8g_10_200_154_1783934599687 leave map 1 unit 1154
[map_1] perf_8g_10_200_98_1783934599554 leave map 1 unit 1098
[map_1] perf_8g_10_200_100_1783934599557 leave map 1 unit 1099
[map_1] perf_8g_10_200_153_1783934599684 leave map 1 unit 1153
[map_1] perf_8g_10_200_152_1783934599683 leave map 1 unit 1152
[map_1] perf_8g_10_200_99_1783934599557 leave map 1 unit 1100
[map_1] perf_8g_10_200_151_1783934599679 leave map 1 unit 1151
[map_1] perf_8g_10_200_149_1783934599675 leave map 1 unit 1149
[map_1] perf_8g_10_200_150_1783934599676 leave map 1 unit 1150
[map_1] perf_8g_10_200_102_1783934599562 leave map 1 unit 1102
[map_1] perf_8g_10_200_148_1783934599673 leave map 1 unit 1148
[map_1] perf_8g_10_200_147_1783934599665 leave map 1 unit 1147
[map_1] perf_8g_10_200_146_1783934599665 leave map 1 unit 1146
[map_1] perf_8g_10_200_103_1783934599563 leave map 1 unit 1103
[map_1] perf_8g_10_200_101_1783934599562 leave map 1 unit 1101
[map_1] perf_8g_10_200_145_1783934599661 leave map 1 unit 1145
[map_1] perf_8g_10_200_144_1783934599659 leave map 1 unit 1144
[map_1] perf_8g_10_200_104_1783934599563 leave map 1 unit 1104
[map_1] perf_8g_10_200_143_1783934599657 leave map 1 unit 1143
[map_1] perf_8g_10_200_142_1783934599655 leave map 1 unit 1142
[map_1] perf_8g_10_200_106_1783934599568 leave map 1 unit 1106
[map_1] perf_8g_10_200_105_1783934599566 leave map 1 unit 1105
[map_1] perf_8g_10_200_141_1783934599650 leave map 1 unit 1141
[map_1] perf_8g_10_200_140_1783934599646 leave map 1 unit 1140
[map_1] perf_8g_10_200_107_1783934599569 leave map 1 unit 1107
[map_1] perf_8g_10_200_139_1783934599646 leave map 1 unit 1139
[map_1] perf_8g_10_200_138_1783934599640 leave map 1 unit 1138
[map_1] perf_8g_10_200_137_1783934599637 leave map 1 unit 1137
[map_1] perf_8g_10_200_109_1783934599574 leave map 1 unit 1109
[map_1] perf_8g_10_200_136_1783934599634 leave map 1 unit 1136
[map_1] perf_8g_10_200_135_1783934599634 leave map 1 unit 1135
[map_1] perf_8g_10_200_108_1783934599570 leave map 1 unit 1108
[map_1] perf_8g_10_200_110_1783934599576 leave map 1 unit 1111
[map_1] perf_8g_10_200_134_1783934599627 leave map 1 unit 1133
[map_1] perf_8g_10_200_111_1783934599579 leave map 1 unit 1110
[map_1] perf_8g_10_200_133_1783934599627 leave map 1 unit 1134
[map_1] perf_8g_10_200_132_1783934599626 leave map 1 unit 1132
[map_1] perf_8g_10_200_112_1783934599582 leave map 1 unit 1112
[map_1] perf_8g_10_200_113_1783934599586 leave map 1 unit 1114
[map_1] perf_8g_10_200_130_1783934599620 leave map 1 unit 1130
[map_1] perf_8g_10_200_131_1783934599620 leave map 1 unit 1131
[map_1] perf_8g_10_200_114_1783934599589 leave map 1 unit 1113
[map_1] perf_8g_10_200_115_1783934599590 leave map 1 unit 1116
[map_1] perf_8g_10_200_129_1783934599619 leave map 1 unit 1129
[map_1] perf_8g_10_200_124_1783934599610 leave map 1 unit 1124
[map_1] perf_8g_10_200_116_1783934599590 leave map 1 unit 1115
[map_1] perf_8g_10_200_127_1783934599616 leave map 1 unit 1127
[map_1] perf_8g_10_200_128_1783934599617 leave map 1 unit 1128
[map_1] perf_8g_10_200_117_1783934599593 leave map 1 unit 1119
[map_1] perf_8g_10_200_119_1783934599599 leave map 1 unit 1120
[map_1] perf_8g_10_200_126_1783934599615 leave map 1 unit 1126
[map_1] perf_8g_10_200_125_1783934599614 leave map 1 unit 1125
[map_1] perf_8g_10_200_118_1783934599597 leave map 1 unit 1118
[map_1] perf_8g_10_200_122_1783934599608 leave map 1 unit 1122
[map_1] perf_8g_10_200_121_1783934599606 leave map 1 unit 1121
[map_1] perf_8g_10_200_120_1783934599599 leave map 1 unit 1117
[map_1] perf_8g_10_200_123_1783934599609 leave map 1 unit 1123
