starting process map1 with one V8 and 1 scene(s) from E:\VsCode\skynet\ets_runtime\perf\results\runtime_configs\map_capacity_20260713_092236\200p_8g_r3\map1.json
scene map_1 (MapHost) listening on 127.0.0.1:7301
[process:map1] one V8 started with 1 scene(s)
[map_1] MapHost scene started at 127.0.0.1:7301
map_1 accepted 127.0.0.1:65518 as conn 1
map_1 accepted 127.0.0.1:49193 as conn 2
map_1 accepted 127.0.0.1:49194 as conn 3
map_1 accepted 127.0.0.1:49195 as conn 4
map_1 accepted 127.0.0.1:49196 as conn 5
map_1 accepted 127.0.0.1:49197 as conn 6
map_1 accepted 127.0.0.1:49198 as conn 7
[map_1] perf_8g_10_200_1_1783934642159 enter map 1 unit 1000
map_1 accepted 127.0.0.1:49199 as conn 8
map_1 accepted 127.0.0.1:49200 as conn 9
[map_1] perf_8g_10_200_2_1783934642159 enter map 1 unit 1003
[map_1] perf_8g_10_200_0_1783934642158 enter map 1 unit 1001
[map_1] perf_8g_10_200_4_1783934642159 enter map 1 unit 1002
[map_1] perf_8g_10_200_7_1783934642160 enter map 1 unit 1004
[map_1] perf_8g_10_200_10_1783934642160 enter map 1 unit 1005
[map_1] perf_8g_10_200_12_1783934642160 enter map 1 unit 1006
[map_1] perf_8g_10_200_3_1783934642159 enter map 1 unit 1007
[map_1] perf_8g_10_200_6_1783934642160 enter map 1 unit 1008
[map_1] perf_8g_10_200_15_1783934642160 enter map 1 unit 1009
[map_1] perf_8g_10_200_13_1783934642160 enter map 1 unit 1010
[map_1] perf_8g_10_200_8_1783934642160 enter map 1 unit 1011
[map_1] perf_8g_10_200_5_1783934642159 enter map 1 unit 1012
[map_1] perf_8g_10_200_9_1783934642160 enter map 1 unit 1013
[map_1] perf_8g_10_200_16_1783934642183 enter map 1 unit 1014
[map_1] perf_8g_10_200_11_1783934642160 enter map 1 unit 1015
[map_1] perf_8g_10_200_17_1783934642202 enter map 1 unit 1016
[map_1] perf_8g_10_200_18_1783934642203 enter map 1 unit 1017
[map_1] perf_8g_10_200_19_1783934642204 enter map 1 unit 1018
[map_1] perf_8g_10_200_21_1783934642205 enter map 1 unit 1019
[map_1] perf_8g_10_200_22_1783934642205 enter map 1 unit 1020
[map_1] perf_8g_10_200_24_1783934642206 enter map 1 unit 1021
[map_1] perf_8g_10_200_23_1783934642206 enter map 1 unit 1022
[map_1] perf_8g_10_200_25_1783934642206 enter map 1 unit 1023
[map_1] perf_8g_10_200_26_1783934642206 enter map 1 unit 1024
[map_1] perf_8g_10_200_28_1783934642207 enter map 1 unit 1026
[map_1] perf_8g_10_200_14_1783934642160 enter map 1 unit 1025
[map_1] perf_8g_10_200_27_1783934642207 enter map 1 unit 1027
[map_1] perf_8g_10_200_30_1783934642207 enter map 1 unit 1028
[map_1] perf_8g_10_200_31_1783934642211 enter map 1 unit 1029
[map_1] perf_8g_10_200_33_1783934642215 enter map 1 unit 1030
[map_1] perf_8g_10_200_34_1783934642217 enter map 1 unit 1031
[map_1] perf_8g_10_200_32_1783934642215 enter map 1 unit 1032
[map_1] perf_8g_10_200_29_1783934642207 enter map 1 unit 1033
[map_1] perf_8g_10_200_20_1783934642205 enter map 1 unit 1034
[map_1] perf_8g_10_200_35_1783934642219 enter map 1 unit 1035
[map_1] perf_8g_10_200_36_1783934642220 enter map 1 unit 1036
[map_1] perf_8g_10_200_38_1783934642221 enter map 1 unit 1037
[map_1] perf_8g_10_200_37_1783934642221 enter map 1 unit 1038
[map_1] perf_8g_10_200_39_1783934642221 enter map 1 unit 1039
[map_1] perf_8g_10_200_41_1783934642222 enter map 1 unit 1040
[map_1] perf_8g_10_200_42_1783934642223 enter map 1 unit 1041
[map_1] perf_8g_10_200_40_1783934642222 enter map 1 unit 1042
[map_1] perf_8g_10_200_43_1783934642223 enter map 1 unit 1043
[map_1] perf_8g_10_200_44_1783934642224 enter map 1 unit 1044
[map_1] perf_8g_10_200_45_1783934642224 enter map 1 unit 1046
[map_1] perf_8g_10_200_46_1783934642225 enter map 1 unit 1045
[map_1] perf_8g_10_200_47_1783934642226 enter map 1 unit 1047
[map_1] perf_8g_10_200_48_1783934642227 enter map 1 unit 1048
[map_1] perf_8g_10_200_50_1783934642229 enter map 1 unit 1049
[map_1] perf_8g_10_200_49_1783934642229 enter map 1 unit 1050
[map_1] perf_8g_10_200_51_1783934642230 enter map 1 unit 1051
[map_1] perf_8g_10_200_52_1783934642235 enter map 1 unit 1052
[map_1] perf_8g_10_200_53_1783934642236 enter map 1 unit 1053
[map_1] perf_8g_10_200_54_1783934642236 enter map 1 unit 1054
[map_1] perf_8g_10_200_55_1783934642238 enter map 1 unit 1055
[map_1] perf_8g_10_200_56_1783934642239 enter map 1 unit 1056
[map_1] perf_8g_10_200_57_1783934642239 enter map 1 unit 1057
[map_1] perf_8g_10_200_58_1783934642240 enter map 1 unit 1058
[map_1] perf_8g_10_200_59_1783934642242 enter map 1 unit 1059
[map_1] perf_8g_10_200_60_1783934642243 enter map 1 unit 1060
[map_1] perf_8g_10_200_61_1783934642243 enter map 1 unit 1061
[map_1] perf_8g_10_200_62_1783934642243 enter map 1 unit 1062
[map_1] perf_8g_10_200_63_1783934642244 enter map 1 unit 1063
[map_1] perf_8g_10_200_64_1783934642246 enter map 1 unit 1064
[map_1] perf_8g_10_200_65_1783934642246 enter map 1 unit 1065
[map_1] perf_8g_10_200_67_1783934642249 enter map 1 unit 1067
[map_1] perf_8g_10_200_66_1783934642247 enter map 1 unit 1066
[map_1] perf_8g_10_200_68_1783934642249 enter map 1 unit 1068
[map_1] perf_8g_10_200_69_1783934642252 enter map 1 unit 1069
[map_1] perf_8g_10_200_70_1783934642252 enter map 1 unit 1070
[map_1] perf_8g_10_200_71_1783934642259 enter map 1 unit 1071
[map_1] perf_8g_10_200_72_1783934642260 enter map 1 unit 1072
[map_1] perf_8g_10_200_74_1783934642261 enter map 1 unit 1073
[map_1] perf_8g_10_200_73_1783934642261 enter map 1 unit 1074
[map_1] perf_8g_10_200_75_1783934642263 enter map 1 unit 1075
[map_1] perf_8g_10_200_77_1783934642264 enter map 1 unit 1077
[map_1] perf_8g_10_200_76_1783934642264 enter map 1 unit 1076
[map_1] perf_8g_10_200_78_1783934642266 enter map 1 unit 1078
[map_1] perf_8g_10_200_80_1783934642268 enter map 1 unit 1079
[map_1] perf_8g_10_200_79_1783934642266 enter map 1 unit 1080
[map_1] perf_8g_10_200_81_1783934642270 enter map 1 unit 1081
[map_1] perf_8g_10_200_82_1783934642270 enter map 1 unit 1082
[map_1] perf_8g_10_200_83_1783934642271 enter map 1 unit 1083
[map_1] perf_8g_10_200_85_1783934642273 enter map 1 unit 1085
[map_1] perf_8g_10_200_84_1783934642272 enter map 1 unit 1084
[map_1] perf_8g_10_200_86_1783934642274 enter map 1 unit 1086
[map_1] perf_8g_10_200_87_1783934642281 enter map 1 unit 1087
[map_1] perf_8g_10_200_88_1783934642283 enter map 1 unit 1088
[map_1] perf_8g_10_200_89_1783934642284 enter map 1 unit 1089
[map_1] perf_8g_10_200_90_1783934642285 enter map 1 unit 1090
[map_1] perf_8g_10_200_93_1783934642287 enter map 1 unit 1093
[map_1] perf_8g_10_200_91_1783934642286 enter map 1 unit 1091
[map_1] perf_8g_10_200_92_1783934642287 enter map 1 unit 1092
[map_1] perf_8g_10_200_94_1783934642289 enter map 1 unit 1094
[map_1] perf_8g_10_200_97_1783934642293 enter map 1 unit 1097
[map_1] perf_8g_10_200_95_1783934642291 enter map 1 unit 1095
[map_1] perf_8g_10_200_96_1783934642291 enter map 1 unit 1096
[map_1] perf_8g_10_200_98_1783934642295 enter map 1 unit 1098
[map_1] perf_8g_10_200_101_1783934642298 enter map 1 unit 1101
[map_1] perf_8g_10_200_99_1783934642297 enter map 1 unit 1099
[map_1] perf_8g_10_200_100_1783934642297 enter map 1 unit 1100
[map_1] perf_8g_10_200_103_1783934642305 enter map 1 unit 1102
[map_1] perf_8g_10_200_102_1783934642299 enter map 1 unit 1103
[map_1] perf_8g_10_200_105_1783934642307 enter map 1 unit 1105
[map_1] perf_8g_10_200_104_1783934642307 enter map 1 unit 1104
[map_1] perf_8g_10_200_106_1783934642312 enter map 1 unit 1106
[map_1] perf_8g_10_200_107_1783934642312 enter map 1 unit 1107
[map_1] perf_8g_10_200_109_1783934642313 enter map 1 unit 1109
[map_1] perf_8g_10_200_108_1783934642312 enter map 1 unit 1108
[map_1] perf_8g_10_200_110_1783934642317 enter map 1 unit 1110
[map_1] perf_8g_10_200_111_1783934642317 enter map 1 unit 1111
[map_1] perf_8g_10_200_113_1783934642318 enter map 1 unit 1112
[map_1] perf_8g_10_200_112_1783934642318 enter map 1 unit 1113
[map_1] perf_8g_10_200_114_1783934642323 enter map 1 unit 1114
[map_1] perf_8g_10_200_116_1783934642323 enter map 1 unit 1115
[map_1] perf_8g_10_200_118_1783934642325 enter map 1 unit 1118
[map_1] perf_8g_10_200_115_1783934642323 enter map 1 unit 1116
[map_1] perf_8g_10_200_117_1783934642324 enter map 1 unit 1117
[map_1] perf_8g_10_200_119_1783934642328 enter map 1 unit 1119
[map_1] perf_8g_10_200_121_1783934642328 enter map 1 unit 1121
[map_1] perf_8g_10_200_120_1783934642328 enter map 1 unit 1120
[map_1] perf_8g_10_200_122_1783934642331 enter map 1 unit 1122
[map_1] perf_8g_10_200_123_1783934642336 enter map 1 unit 1123
[map_1] perf_8g_10_200_124_1783934642336 enter map 1 unit 1125
[map_1] perf_8g_10_200_125_1783934642336 enter map 1 unit 1124
[map_1] perf_8g_10_200_126_1783934642338 enter map 1 unit 1126
[map_1] perf_8g_10_200_127_1783934642339 enter map 1 unit 1127
[map_1] perf_8g_10_200_128_1783934642342 enter map 1 unit 1128
[map_1] perf_8g_10_200_129_1783934642343 enter map 1 unit 1129
[map_1] perf_8g_10_200_130_1783934642346 enter map 1 unit 1130
[map_1] perf_8g_10_200_131_1783934642351 enter map 1 unit 1131
[map_1] perf_8g_10_200_132_1783934642352 enter map 1 unit 1132
[map_1] perf_8g_10_200_133_1783934642352 enter map 1 unit 1134
[map_1] perf_8g_10_200_134_1783934642352 enter map 1 unit 1133
[map_1] perf_8g_10_200_135_1783934642356 enter map 1 unit 1135
[map_1] perf_8g_10_200_137_1783934642357 enter map 1 unit 1137
[map_1] perf_8g_10_200_136_1783934642357 enter map 1 unit 1136
[map_1] perf_8g_10_200_138_1783934642361 enter map 1 unit 1138
[map_1] perf_8g_10_200_139_1783934642364 enter map 1 unit 1139
[map_1] perf_8g_10_200_141_1783934642365 enter map 1 unit 1141
[map_1] perf_8g_10_200_140_1783934642365 enter map 1 unit 1140
[map_1] perf_8g_10_200_142_1783934642370 enter map 1 unit 1142
[map_1] perf_8g_10_200_145_1783934642375 enter map 1 unit 1145
[map_1] perf_8g_10_200_143_1783934642370 enter map 1 unit 1143
[map_1] perf_8g_10_200_144_1783934642374 enter map 1 unit 1144
[map_1] perf_8g_10_200_146_1783934642378 enter map 1 unit 1146
[map_1] perf_8g_10_200_149_1783934642390 enter map 1 unit 1149
[map_1] perf_8g_10_200_147_1783934642384 enter map 1 unit 1147
[map_1] perf_8g_10_200_148_1783934642389 enter map 1 unit 1148
[map_1] perf_8g_10_200_151_1783934642394 enter map 1 unit 1150
[map_1] perf_8g_10_200_152_1783934642394 enter map 1 unit 1153
[map_1] perf_8g_10_200_150_1783934642390 enter map 1 unit 1151
[map_1] perf_8g_10_200_153_1783934642395 enter map 1 unit 1152
[map_1] perf_8g_10_200_157_1783934642405 enter map 1 unit 1154
[map_1] perf_8g_10_200_155_1783934642404 enter map 1 unit 1157
[map_1] perf_8g_10_200_156_1783934642404 enter map 1 unit 1155
[map_1] perf_8g_10_200_154_1783934642398 enter map 1 unit 1156
[map_1] perf_8g_10_200_161_1783934642415 enter map 1 unit 1158
[map_1] perf_8g_10_200_158_1783934642412 enter map 1 unit 1161
[map_1] perf_8g_10_200_159_1783934642413 enter map 1 unit 1159
[map_1] perf_8g_10_200_160_1783934642414 enter map 1 unit 1160
[map_1] perf_8g_10_200_162_1783934642421 enter map 1 unit 1162
[map_1] perf_8g_10_200_165_1783934642424 enter map 1 unit 1165
[map_1] perf_8g_10_200_163_1783934642422 enter map 1 unit 1163
[map_1] perf_8g_10_200_164_1783934642423 enter map 1 unit 1164
[map_1] perf_8g_10_200_167_1783934642431 enter map 1 unit 1166
[map_1] perf_8g_10_200_166_1783934642430 enter map 1 unit 1169
[map_1] perf_8g_10_200_169_1783934642432 enter map 1 unit 1167
[map_1] perf_8g_10_200_168_1783934642431 enter map 1 unit 1168
[map_1] perf_8g_10_200_173_1783934642442 enter map 1 unit 1170
[map_1] perf_8g_10_200_170_1783934642439 enter map 1 unit 1173
[map_1] perf_8g_10_200_171_1783934642440 enter map 1 unit 1171
[map_1] perf_8g_10_200_172_1783934642441 enter map 1 unit 1172
[map_1] perf_8g_10_200_175_1783934642451 enter map 1 unit 1174
[map_1] perf_8g_10_200_174_1783934642450 enter map 1 unit 1177
[map_1] perf_8g_10_200_176_1783934642452 enter map 1 unit 1175
[map_1] perf_8g_10_200_177_1783934642453 enter map 1 unit 1176
[map_1] perf_8g_10_200_178_1783934642461 enter map 1 unit 1178
[map_1] perf_8g_10_200_181_1783934642464 enter map 1 unit 1181
[map_1] perf_8g_10_200_180_1783934642463 enter map 1 unit 1179
[map_1] perf_8g_10_200_179_1783934642463 enter map 1 unit 1180
[map_1] perf_8g_10_200_183_1783934642473 enter map 1 unit 1182
[map_1] perf_8g_10_200_185_1783934642474 enter map 1 unit 1185
[map_1] perf_8g_10_200_184_1783934642474 enter map 1 unit 1183
[map_1] perf_8g_10_200_182_1783934642472 enter map 1 unit 1184
[map_1] perf_8g_10_200_189_1783934642487 enter map 1 unit 1186
[map_1] perf_8g_10_200_188_1783934642486 enter map 1 unit 1189
[map_1] perf_8g_10_200_187_1783934642486 enter map 1 unit 1187
[map_1] perf_8g_10_200_186_1783934642484 enter map 1 unit 1188
[map_1] perf_8g_10_200_192_1783934642495 enter map 1 unit 1190
[map_1] perf_8g_10_200_190_1783934642494 enter map 1 unit 1193
[map_1] perf_8g_10_200_191_1783934642495 enter map 1 unit 1191
[map_1] perf_8g_10_200_193_1783934642496 enter map 1 unit 1192
[map_1] perf_8g_10_200_194_1783934642504 enter map 1 unit 1194
[map_1] perf_8g_10_200_197_1783934642507 enter map 1 unit 1197
[map_1] perf_8g_10_200_196_1783934642506 enter map 1 unit 1195
[map_1] perf_8g_10_200_195_1783934642505 enter map 1 unit 1196
[map_1] perf_8g_10_200_199_1783934642519 enter map 1 unit 1198
[map_1] perf_8g_10_200_198_1783934642518 enter map 1 unit 1199
[metrics:inner_transport] active=8 opened=8 pending=0 max_pending=0 overloads=0 timeouts=0 disconnected_calls=0 late_responses=0 idle_closes=0
[process-metrics] process=map1 cpu_percent=149.00 cpu_time_ms=7515 rss_bytes=77144064 v8_heap_used_bytes=7472616 v8_heap_total_bytes=35663872 v8_gc_count=54 v8_gc_ms=20.804 timestamp_ms=1783934646880
[metrics:map1] scene=map_1 type=MapHost processed=9802 failed=0 ts_queue=0 ts_max_queue=98 rust_queue=198 rust_max_queue=198 backpressure=0 slow_disconnects=0 update_ms=0.00 handler_ms=0.00 max_handler_ms=33.00 total_handler_ms=37563.00
[metrics:inner_transport] active=8 opened=8 pending=0 max_pending=0 overloads=0 timeouts=0 disconnected_calls=0 late_responses=0 idle_closes=0
[process-metrics] process=map1 cpu_percent=125.92 cpu_time_ms=13812 rss_bytes=111222784 v8_heap_used_bytes=27337064 v8_heap_total_bytes=62926848 v8_gc_count=76 v8_gc_ms=33.838 timestamp_ms=1783934651881
[metrics:map1] scene=map_1 type=MapHost processed=20826 failed=0 ts_queue=0 ts_max_queue=198 rust_queue=174 rust_max_queue=198 backpressure=0 slow_disconnects=0 update_ms=0.00 handler_ms=0.00 max_handler_ms=63.00 total_handler_ms=129363.00
[metrics:inner_transport] active=8 opened=8 pending=0 max_pending=0 overloads=0 timeouts=0 disconnected_calls=0 late_responses=0 idle_closes=0
[process-metrics] process=map1 cpu_percent=141.81 cpu_time_ms=20906 rss_bytes=114470912 v8_heap_used_bytes=27853304 v8_heap_total_bytes=66072576 v8_gc_count=90 v8_gc_ms=42.289 timestamp_ms=1783934656884
[metrics:map1] scene=map_1 type=MapHost processed=31624 failed=0 ts_queue=0 ts_max_queue=198 rust_queue=176 rust_max_queue=198 backpressure=0 slow_disconnects=0 update_ms=3.00 handler_ms=3.00 max_handler_ms=98.00 total_handler_ms=234418.00
[metrics:inner_transport] active=8 opened=8 pending=0 max_pending=0 overloads=0 timeouts=0 disconnected_calls=0 late_responses=0 idle_closes=0
[process-metrics] process=map1 cpu_percent=137.16 cpu_time_ms=27765 rss_bytes=117592064 v8_heap_used_bytes=32453208 v8_heap_total_bytes=67121152 v8_gc_count=104 v8_gc_ms=51.015 timestamp_ms=1783934661885
[metrics:map1] scene=map_1 type=MapHost processed=42646 failed=0 ts_queue=0 ts_max_queue=198 rust_queue=154 rust_max_queue=198 backpressure=0 slow_disconnects=0 update_ms=2.00 handler_ms=2.00 max_handler_ms=98.00 total_handler_ms=323890.00
[metrics:inner_transport] active=8 opened=8 pending=0 max_pending=0 overloads=0 timeouts=0 disconnected_calls=0 late_responses=0 idle_closes=0
[process-metrics] process=map1 cpu_percent=129.74 cpu_time_ms=34250 rss_bytes=116011008 v8_heap_used_bytes=24302936 v8_heap_total_bytes=67907584 v8_gc_count=120 v8_gc_ms=63.281 timestamp_ms=1783934666883
[metrics:map1] scene=map_1 type=MapHost processed=53616 failed=0 ts_queue=0 ts_max_queue=198 rust_queue=184 rust_max_queue=198 backpressure=0 slow_disconnects=0 update_ms=1.00 handler_ms=1.00 max_handler_ms=98.00 total_handler_ms=437593.00
[metrics:inner_transport] active=8 opened=8 pending=0 max_pending=0 overloads=0 timeouts=0 disconnected_calls=0 late_responses=0 idle_closes=0
[process-metrics] process=map1 cpu_percent=127.19 cpu_time_ms=40609 rss_bytes=116514816 v8_heap_used_bytes=25349160 v8_heap_total_bytes=67907584 v8_gc_count=134 v8_gc_ms=70.576 timestamp_ms=1783934671883
[metrics:map1] scene=map_1 type=MapHost processed=64600 failed=0 ts_queue=0 ts_max_queue=198 rust_queue=200 rust_max_queue=200 backpressure=0 slow_disconnects=0 update_ms=0.00 handler_ms=0.00 max_handler_ms=98.00 total_handler_ms=499656.00
[metrics:inner_transport] active=8 opened=8 pending=0 max_pending=0 overloads=0 timeouts=0 disconnected_calls=0 late_responses=0 idle_closes=0
[process-metrics] process=map1 cpu_percent=127.43 cpu_time_ms=46984 rss_bytes=118128640 v8_heap_used_bytes=28031144 v8_heap_total_bytes=68694016 v8_gc_count=148 v8_gc_ms=79.982 timestamp_ms=1783934676885
[metrics:map1] scene=map_1 type=MapHost processed=75615 failed=0 ts_queue=0 ts_max_queue=200 rust_queue=185 rust_max_queue=200 backpressure=0 slow_disconnects=0 update_ms=0.00 handler_ms=0.00 max_handler_ms=98.00 total_handler_ms=569878.00
[metrics:inner_transport] active=8 opened=8 pending=0 max_pending=0 overloads=0 timeouts=0 disconnected_calls=0 late_responses=0 idle_closes=0
[process-metrics] process=map1 cpu_percent=141.29 cpu_time_ms=54046 rss_bytes=118181888 v8_heap_used_bytes=25007336 v8_heap_total_bytes=68956160 v8_gc_count=164 v8_gc_ms=90.479 timestamp_ms=1783934681884
[metrics:map1] scene=map_1 type=MapHost processed=86651 failed=0 ts_queue=0 ts_max_queue=200 rust_queue=149 rust_max_queue=200 backpressure=0 slow_disconnects=0 update_ms=1.00 handler_ms=1.00 max_handler_ms=98.00 total_handler_ms=642698.00
[map_1] perf_8g_10_200_2_1783934642159 leave map 1 unit 1003
[map_1] perf_8g_10_200_13_1783934642160 leave map 1 unit 1010
[map_1] perf_8g_10_200_14_1783934642160 leave map 1 unit 1025
[map_1] perf_8g_10_200_4_1783934642159 leave map 1 unit 1002
[map_1] perf_8g_10_200_3_1783934642159 leave map 1 unit 1007
[map_1] perf_8g_10_200_5_1783934642159 leave map 1 unit 1012
[map_1] perf_8g_10_200_8_1783934642160 leave map 1 unit 1011
[map_1] perf_8g_10_200_7_1783934642160 leave map 1 unit 1004
[map_1] perf_8g_10_200_199_1783934642519 leave map 1 unit 1198
[map_1] perf_8g_10_200_198_1783934642518 leave map 1 unit 1199
[map_1] perf_8g_10_200_197_1783934642507 leave map 1 unit 1197
[map_1] perf_8g_10_200_196_1783934642506 leave map 1 unit 1195
[map_1] perf_8g_10_200_194_1783934642504 leave map 1 unit 1194
[map_1] perf_8g_10_200_195_1783934642505 leave map 1 unit 1196
[map_1] perf_8g_10_200_193_1783934642496 leave map 1 unit 1192
[map_1] perf_8g_10_200_192_1783934642495 leave map 1 unit 1190
[map_1] perf_8g_10_200_190_1783934642494 leave map 1 unit 1193
[map_1] perf_8g_10_200_191_1783934642495 leave map 1 unit 1191
[map_1] perf_8g_10_200_188_1783934642486 leave map 1 unit 1189
[map_1] perf_8g_10_200_186_1783934642484 leave map 1 unit 1188
[map_1] perf_8g_10_200_189_1783934642487 leave map 1 unit 1186
[map_1] perf_8g_10_200_187_1783934642486 leave map 1 unit 1187
[map_1] perf_8g_10_200_183_1783934642473 leave map 1 unit 1182
[map_1] perf_8g_10_200_184_1783934642474 leave map 1 unit 1183
[map_1] perf_8g_10_200_9_1783934642160 leave map 1 unit 1013
[map_1] perf_8g_10_200_185_1783934642474 leave map 1 unit 1185
[map_1] perf_8g_10_200_182_1783934642472 leave map 1 unit 1184
[map_1] perf_8g_10_200_181_1783934642464 leave map 1 unit 1181
[map_1] perf_8g_10_200_180_1783934642463 leave map 1 unit 1179
[map_1] perf_8g_10_200_179_1783934642463 leave map 1 unit 1180
[map_1] perf_8g_10_200_177_1783934642453 leave map 1 unit 1176
[map_1] perf_8g_10_200_178_1783934642461 leave map 1 unit 1178
[map_1] perf_8g_10_200_21_1783934642205 leave map 1 unit 1019
[map_1] perf_8g_10_200_176_1783934642452 leave map 1 unit 1175
[map_1] perf_8g_10_200_175_1783934642451 leave map 1 unit 1174
[map_1] perf_8g_10_200_174_1783934642450 leave map 1 unit 1177
[map_1] perf_8g_10_200_173_1783934642442 leave map 1 unit 1170
[map_1] perf_8g_10_200_171_1783934642440 leave map 1 unit 1171
[map_1] perf_8g_10_200_172_1783934642441 leave map 1 unit 1172
[map_1] perf_8g_10_200_170_1783934642439 leave map 1 unit 1173
[map_1] perf_8g_10_200_169_1783934642432 leave map 1 unit 1167
[map_1] perf_8g_10_200_168_1783934642431 leave map 1 unit 1168
[map_1] perf_8g_10_200_1_1783934642159 leave map 1 unit 1000
[map_1] perf_8g_10_200_167_1783934642431 leave map 1 unit 1166
[map_1] perf_8g_10_200_166_1783934642430 leave map 1 unit 1169
[map_1] perf_8g_10_200_164_1783934642423 leave map 1 unit 1164
[map_1] perf_8g_10_200_165_1783934642424 leave map 1 unit 1165
[map_1] perf_8g_10_200_18_1783934642203 leave map 1 unit 1017
[map_1] perf_8g_10_200_163_1783934642422 leave map 1 unit 1163
[map_1] perf_8g_10_200_162_1783934642421 leave map 1 unit 1162
[map_1] perf_8g_10_200_161_1783934642415 leave map 1 unit 1158
[map_1] perf_8g_10_200_159_1783934642413 leave map 1 unit 1159
[map_1] perf_8g_10_200_160_1783934642414 leave map 1 unit 1160
[map_1] perf_8g_10_200_158_1783934642412 leave map 1 unit 1161
[map_1] perf_8g_10_200_0_1783934642158 leave map 1 unit 1001
[map_1] perf_8g_10_200_157_1783934642405 leave map 1 unit 1154
[map_1] perf_8g_10_200_156_1783934642404 leave map 1 unit 1155
[map_1] perf_8g_10_200_153_1783934642395 leave map 1 unit 1152
[map_1] perf_8g_10_200_19_1783934642204 leave map 1 unit 1018
[map_1] perf_8g_10_200_154_1783934642398 leave map 1 unit 1156
[map_1] perf_8g_10_200_155_1783934642404 leave map 1 unit 1157
[map_1] perf_8g_10_200_152_1783934642394 leave map 1 unit 1153
[map_1] perf_8g_10_200_150_1783934642390 leave map 1 unit 1151
[map_1] perf_8g_10_200_151_1783934642394 leave map 1 unit 1150
[map_1] perf_8g_10_200_149_1783934642390 leave map 1 unit 1149
[map_1] perf_8g_10_200_12_1783934642160 leave map 1 unit 1006
[map_1] perf_8g_10_200_148_1783934642389 leave map 1 unit 1148
[map_1] perf_8g_10_200_147_1783934642384 leave map 1 unit 1147
[map_1] perf_8g_10_200_20_1783934642205 leave map 1 unit 1034
[map_1] perf_8g_10_200_146_1783934642378 leave map 1 unit 1146
[map_1] perf_8g_10_200_145_1783934642375 leave map 1 unit 1145
[map_1] perf_8g_10_200_144_1783934642374 leave map 1 unit 1144
[map_1] perf_8g_10_200_143_1783934642370 leave map 1 unit 1143
[map_1] perf_8g_10_200_141_1783934642365 leave map 1 unit 1141
[map_1] perf_8g_10_200_24_1783934642206 leave map 1 unit 1021
[map_1] perf_8g_10_200_142_1783934642370 leave map 1 unit 1142
[map_1] perf_8g_10_200_140_1783934642365 leave map 1 unit 1140
[map_1] perf_8g_10_200_28_1783934642207 leave map 1 unit 1026
[map_1] perf_8g_10_200_138_1783934642361 leave map 1 unit 1138
[map_1] perf_8g_10_200_139_1783934642364 leave map 1 unit 1139
[map_1] perf_8g_10_200_29_1783934642207 leave map 1 unit 1033
[map_1] perf_8g_10_200_137_1783934642357 leave map 1 unit 1137
[map_1] perf_8g_10_200_136_1783934642357 leave map 1 unit 1136
[map_1] perf_8g_10_200_135_1783934642356 leave map 1 unit 1135
[map_1] perf_8g_10_200_134_1783934642352 leave map 1 unit 1133
[map_1] perf_8g_10_200_26_1783934642206 leave map 1 unit 1024
[map_1] perf_8g_10_200_133_1783934642352 leave map 1 unit 1134
[map_1] perf_8g_10_200_132_1783934642352 leave map 1 unit 1132
[map_1] perf_8g_10_200_11_1783934642160 leave map 1 unit 1015
[map_1] perf_8g_10_200_131_1783934642351 leave map 1 unit 1131
[map_1] perf_8g_10_200_130_1783934642346 leave map 1 unit 1130
[map_1] perf_8g_10_200_129_1783934642343 leave map 1 unit 1129
[map_1] perf_8g_10_200_128_1783934642342 leave map 1 unit 1128
[map_1] perf_8g_10_200_10_1783934642160 leave map 1 unit 1005
[map_1] perf_8g_10_200_127_1783934642339 leave map 1 unit 1127
[map_1] perf_8g_10_200_16_1783934642183 leave map 1 unit 1014
[map_1] perf_8g_10_200_126_1783934642338 leave map 1 unit 1126
[map_1] perf_8g_10_200_125_1783934642336 leave map 1 unit 1124
[map_1] perf_8g_10_200_27_1783934642207 leave map 1 unit 1027
[map_1] perf_8g_10_200_124_1783934642336 leave map 1 unit 1125
[map_1] perf_8g_10_200_123_1783934642336 leave map 1 unit 1123
[map_1] perf_8g_10_200_122_1783934642331 leave map 1 unit 1122
[map_1] perf_8g_10_200_6_1783934642160 leave map 1 unit 1008
[map_1] perf_8g_10_200_121_1783934642328 leave map 1 unit 1121
[map_1] perf_8g_10_200_120_1783934642328 leave map 1 unit 1120
[map_1] perf_8g_10_200_31_1783934642211 leave map 1 unit 1029
[map_1] perf_8g_10_200_118_1783934642325 leave map 1 unit 1118
[map_1] perf_8g_10_200_119_1783934642328 leave map 1 unit 1119
[map_1] perf_8g_10_200_15_1783934642160 leave map 1 unit 1009
[map_1] perf_8g_10_200_117_1783934642324 leave map 1 unit 1117
[map_1] perf_8g_10_200_116_1783934642323 leave map 1 unit 1115
[map_1] perf_8g_10_200_115_1783934642323 leave map 1 unit 1116
[map_1] perf_8g_10_200_23_1783934642206 leave map 1 unit 1022
[map_1] perf_8g_10_200_114_1783934642323 leave map 1 unit 1114
[map_1] perf_8g_10_200_17_1783934642202 leave map 1 unit 1016
[map_1] perf_8g_10_200_113_1783934642318 leave map 1 unit 1112
[map_1] perf_8g_10_200_112_1783934642318 leave map 1 unit 1113
[map_1] perf_8g_10_200_22_1783934642205 leave map 1 unit 1020
[map_1] perf_8g_10_200_111_1783934642317 leave map 1 unit 1111
[map_1] perf_8g_10_200_25_1783934642206 leave map 1 unit 1023
[map_1] perf_8g_10_200_110_1783934642317 leave map 1 unit 1110
[map_1] perf_8g_10_200_109_1783934642313 leave map 1 unit 1109
[map_1] perf_8g_10_200_108_1783934642312 leave map 1 unit 1108
[map_1] perf_8g_10_200_30_1783934642207 leave map 1 unit 1028
[map_1] perf_8g_10_200_107_1783934642312 leave map 1 unit 1107
[map_1] perf_8g_10_200_32_1783934642215 leave map 1 unit 1032
[map_1] perf_8g_10_200_106_1783934642312 leave map 1 unit 1106
[map_1] perf_8g_10_200_105_1783934642307 leave map 1 unit 1105
[map_1] perf_8g_10_200_34_1783934642217 leave map 1 unit 1031
[map_1] perf_8g_10_200_104_1783934642307 leave map 1 unit 1104
[map_1] perf_8g_10_200_103_1783934642305 leave map 1 unit 1102
[map_1] perf_8g_10_200_35_1783934642219 leave map 1 unit 1035
[map_1] perf_8g_10_200_102_1783934642299 leave map 1 unit 1103
[map_1] perf_8g_10_200_101_1783934642298 leave map 1 unit 1101
[map_1] perf_8g_10_200_33_1783934642215 leave map 1 unit 1030
[map_1] perf_8g_10_200_100_1783934642297 leave map 1 unit 1100
[map_1] perf_8g_10_200_36_1783934642220 leave map 1 unit 1036
[map_1] perf_8g_10_200_99_1783934642297 leave map 1 unit 1099
[map_1] perf_8g_10_200_37_1783934642221 leave map 1 unit 1038
[map_1] perf_8g_10_200_98_1783934642295 leave map 1 unit 1098
[map_1] perf_8g_10_200_95_1783934642291 leave map 1 unit 1095
[map_1] perf_8g_10_200_97_1783934642293 leave map 1 unit 1097
[map_1] perf_8g_10_200_38_1783934642221 leave map 1 unit 1037
[map_1] perf_8g_10_200_96_1783934642291 leave map 1 unit 1096
[map_1] perf_8g_10_200_39_1783934642221 leave map 1 unit 1039
[map_1] perf_8g_10_200_94_1783934642289 leave map 1 unit 1094
[map_1] perf_8g_10_200_40_1783934642222 leave map 1 unit 1042
[map_1] perf_8g_10_200_93_1783934642287 leave map 1 unit 1093
[map_1] perf_8g_10_200_43_1783934642223 leave map 1 unit 1043
[map_1] perf_8g_10_200_92_1783934642287 leave map 1 unit 1092
[map_1] perf_8g_10_200_91_1783934642286 leave map 1 unit 1091
[map_1] perf_8g_10_200_90_1783934642285 leave map 1 unit 1090
[map_1] perf_8g_10_200_41_1783934642222 leave map 1 unit 1040
[map_1] perf_8g_10_200_89_1783934642284 leave map 1 unit 1089
[map_1] perf_8g_10_200_42_1783934642223 leave map 1 unit 1041
[map_1] perf_8g_10_200_88_1783934642283 leave map 1 unit 1088
[map_1] perf_8g_10_200_45_1783934642224 leave map 1 unit 1046
[map_1] perf_8g_10_200_87_1783934642281 leave map 1 unit 1087
[map_1] perf_8g_10_200_44_1783934642224 leave map 1 unit 1044
[map_1] perf_8g_10_200_86_1783934642274 leave map 1 unit 1086
[map_1] perf_8g_10_200_46_1783934642225 leave map 1 unit 1045
[map_1] perf_8g_10_200_85_1783934642273 leave map 1 unit 1085
[map_1] perf_8g_10_200_47_1783934642226 leave map 1 unit 1047
[map_1] perf_8g_10_200_84_1783934642272 leave map 1 unit 1084
[map_1] perf_8g_10_200_83_1783934642271 leave map 1 unit 1083
[map_1] perf_8g_10_200_82_1783934642270 leave map 1 unit 1082
[map_1] perf_8g_10_200_48_1783934642227 leave map 1 unit 1048
[map_1] perf_8g_10_200_81_1783934642270 leave map 1 unit 1081
[map_1] perf_8g_10_200_49_1783934642229 leave map 1 unit 1050
[map_1] perf_8g_10_200_80_1783934642268 leave map 1 unit 1079
[map_1] perf_8g_10_200_50_1783934642229 leave map 1 unit 1049
[map_1] perf_8g_10_200_79_1783934642266 leave map 1 unit 1080
[map_1] perf_8g_10_200_51_1783934642230 leave map 1 unit 1051
[map_1] perf_8g_10_200_78_1783934642266 leave map 1 unit 1078
[map_1] perf_8g_10_200_52_1783934642235 leave map 1 unit 1052
[map_1] perf_8g_10_200_77_1783934642264 leave map 1 unit 1077
[map_1] perf_8g_10_200_54_1783934642236 leave map 1 unit 1054
[map_1] perf_8g_10_200_74_1783934642261 leave map 1 unit 1073
[map_1] perf_8g_10_200_53_1783934642236 leave map 1 unit 1053
[map_1] perf_8g_10_200_75_1783934642263 leave map 1 unit 1075
[map_1] perf_8g_10_200_76_1783934642264 leave map 1 unit 1076
[map_1] perf_8g_10_200_55_1783934642238 leave map 1 unit 1055
[map_1] perf_8g_10_200_73_1783934642261 leave map 1 unit 1074
[map_1] perf_8g_10_200_56_1783934642239 leave map 1 unit 1056
[map_1] perf_8g_10_200_72_1783934642260 leave map 1 unit 1072
[map_1] perf_8g_10_200_57_1783934642239 leave map 1 unit 1057
[map_1] perf_8g_10_200_71_1783934642259 leave map 1 unit 1071
[map_1] perf_8g_10_200_58_1783934642240 leave map 1 unit 1058
[map_1] perf_8g_10_200_70_1783934642252 leave map 1 unit 1070
[map_1] perf_8g_10_200_59_1783934642242 leave map 1 unit 1059
[map_1] perf_8g_10_200_69_1783934642252 leave map 1 unit 1069
[map_1] perf_8g_10_200_60_1783934642243 leave map 1 unit 1060
[map_1] perf_8g_10_200_68_1783934642249 leave map 1 unit 1068
[map_1] perf_8g_10_200_62_1783934642243 leave map 1 unit 1062
[map_1] perf_8g_10_200_67_1783934642249 leave map 1 unit 1067
[map_1] perf_8g_10_200_61_1783934642243 leave map 1 unit 1061
[map_1] perf_8g_10_200_66_1783934642247 leave map 1 unit 1066
[map_1] perf_8g_10_200_63_1783934642244 leave map 1 unit 1063
[map_1] perf_8g_10_200_65_1783934642246 leave map 1 unit 1065
[map_1] perf_8g_10_200_64_1783934642246 leave map 1 unit 1064
