starting process log with one V8 and 1 scene(s) from E:\VsCode\skynet\ets_runtime\perf\results\runtime_configs\map_capacity_20260713_092236\200p_8g_r3\log.json
scene log (Log) listening on 127.0.0.1:7100
[process:log] one V8 started with 1 scene(s)
[log] Log scene started at 127.0.0.1:7100
log accepted 127.0.0.1:65517 as conn 1
log accepted 127.0.0.1:49176 as conn 2
[log] [login_1] perf_8g_10_200_0_1783934642158 login count 1
[log] [login_1] perf_8g_10_200_1_1783934642159 login count 1
[log] [login_1] perf_8g_10_200_4_1783934642159 login count 1
[log] [login_1] perf_8g_10_200_2_1783934642159 login count 1
[log] [login_1] perf_8g_10_200_7_1783934642160 login count 1
[log] [login_1] perf_8g_10_200_3_1783934642159 login count 1
[log] [login_1] perf_8g_10_200_10_1783934642160 login count 1
[log] [login_1] perf_8g_10_200_5_1783934642159 login count 1
[log] [login_1] perf_8g_10_200_11_1783934642160 login count 1
[log] [login_1] perf_8g_10_200_6_1783934642160 login count 1
[log] [login_1] perf_8g_10_200_8_1783934642160 login count 1
[log] [login_1] perf_8g_10_200_13_1783934642160 login count 1
[log] [login_1] perf_8g_10_200_14_1783934642160 login count 1
[log] [login_1] perf_8g_10_200_9_1783934642160 login count 1
[log] [login_1] perf_8g_10_200_15_1783934642160 login count 1
[log] [login_1] perf_8g_10_200_12_1783934642160 login count 1
log accepted 127.0.0.1:49202 as conn 3
[log] [gate_2] perf_8g_10_200_1_1783934642159 enter map_1 as unit 1000
[log] [login_1] perf_8g_10_200_16_1783934642183 login count 1
log accepted 127.0.0.1:49214 as conn 4
log accepted 127.0.0.1:49213 as conn 5
log accepted 127.0.0.1:49215 as conn 6
log accepted 127.0.0.1:49216 as conn 7
log accepted 127.0.0.1:49218 as conn 8
log accepted 127.0.0.1:49217 as conn 9
[log] [gate_2] perf_8g_10_200_6_1783934642160 enter map_1 as unit 1008
log accepted 127.0.0.1:49219 as conn 10
[log] [gate_7] perf_8g_10_200_10_1783934642160 enter map_1 as unit 1005
[log] [gate_4] perf_8g_10_200_2_1783934642159 enter map_1 as unit 1003
[log] [gate_6] perf_8g_10_200_3_1783934642159 enter map_1 as unit 1007
[log] [gate_3] perf_8g_10_200_4_1783934642159 enter map_1 as unit 1002
[log] [gate_1] perf_8g_10_200_0_1783934642158 enter map_1 as unit 1001
[log] [gate_8] perf_8g_10_200_12_1783934642160 enter map_1 as unit 1006
[log] [gate_7] perf_8g_10_200_15_1783934642160 enter map_1 as unit 1009
[log] [login_1] perf_8g_10_200_17_1783934642202 login count 1
[log] [gate_3] perf_8g_10_200_8_1783934642160 enter map_1 as unit 1011
[log] [gate_4] perf_8g_10_200_13_1783934642160 enter map_1 as unit 1010
[log] [gate_6] perf_8g_10_200_9_1783934642160 enter map_1 as unit 1013
[log] [gate_8] perf_8g_10_200_5_1783934642159 enter map_1 as unit 1012
[log] [gate_1] perf_8g_10_200_16_1783934642183 enter map_1 as unit 1014
[log] [gate_1] perf_8g_10_200_11_1783934642160 enter map_1 as unit 1015
[log] [login_1] perf_8g_10_200_18_1783934642203 login count 1
[log] [gate_2] perf_8g_10_200_17_1783934642202 enter map_1 as unit 1016
[log] [login_1] perf_8g_10_200_19_1783934642204 login count 1
[log] [login_1] perf_8g_10_200_20_1783934642205 login count 1
[log] [login_1] perf_8g_10_200_21_1783934642205 login count 1
[log] [login_1] perf_8g_10_200_22_1783934642205 login count 1
[log] [login_1] perf_8g_10_200_24_1783934642206 login count 1
[log] [login_1] perf_8g_10_200_23_1783934642206 login count 1
[log] [login_1] perf_8g_10_200_25_1783934642206 login count 1
[log] [login_1] perf_8g_10_200_26_1783934642206 login count 1
[log] [login_1] perf_8g_10_200_28_1783934642207 login count 1
[log] [login_1] perf_8g_10_200_29_1783934642207 login count 1
[log] [login_1] perf_8g_10_200_27_1783934642207 login count 1
[log] [login_1] perf_8g_10_200_30_1783934642207 login count 1
[log] [gate_3] perf_8g_10_200_18_1783934642203 enter map_1 as unit 1017
[log] [gate_4] perf_8g_10_200_19_1783934642204 enter map_1 as unit 1018
[log] [gate_5] perf_8g_10_200_7_1783934642160 enter map_1 as unit 1004
[log] [login_1] perf_8g_10_200_31_1783934642211 login count 1
[log] [gate_6] perf_8g_10_200_21_1783934642205 enter map_1 as unit 1019
[log] [gate_7] perf_8g_10_200_22_1783934642205 enter map_1 as unit 1020
[log] [login_1] perf_8g_10_200_32_1783934642215 login count 1
[log] [login_1] perf_8g_10_200_33_1783934642215 login count 1
[log] [login_1] perf_8g_10_200_34_1783934642217 login count 1
[log] [gate_2] perf_8g_10_200_25_1783934642206 enter map_1 as unit 1023
[log] [gate_3] perf_8g_10_200_26_1783934642206 enter map_1 as unit 1024
[log] [gate_8] perf_8g_10_200_24_1783934642206 enter map_1 as unit 1021
[log] [gate_1] perf_8g_10_200_23_1783934642206 enter map_1 as unit 1022
[log] [gate_4] perf_8g_10_200_28_1783934642207 enter map_1 as unit 1026
[log] [gate_5] perf_8g_10_200_14_1783934642160 enter map_1 as unit 1025
[log] [gate_6] perf_8g_10_200_27_1783934642207 enter map_1 as unit 1027
[log] [login_1] perf_8g_10_200_35_1783934642219 login count 1
[log] [gate_7] perf_8g_10_200_30_1783934642207 enter map_1 as unit 1028
[log] [gate_8] perf_8g_10_200_31_1783934642211 enter map_1 as unit 1029
[log] [gate_2] perf_8g_10_200_33_1783934642215 enter map_1 as unit 1030
[log] [gate_3] perf_8g_10_200_34_1783934642217 enter map_1 as unit 1031
[log] [gate_1] perf_8g_10_200_32_1783934642215 enter map_1 as unit 1032
[log] [gate_5] perf_8g_10_200_29_1783934642207 enter map_1 as unit 1033
[log] [login_1] perf_8g_10_200_36_1783934642220 login count 1
[log] [login_1] perf_8g_10_200_38_1783934642221 login count 1
[log] [gate_5] perf_8g_10_200_20_1783934642205 enter map_1 as unit 1034
[log] [login_1] perf_8g_10_200_37_1783934642221 login count 1
[log] [login_1] perf_8g_10_200_39_1783934642221 login count 1
[log] [gate_4] perf_8g_10_200_35_1783934642219 enter map_1 as unit 1035
[log] [login_1] perf_8g_10_200_40_1783934642222 login count 1
[log] [login_1] perf_8g_10_200_41_1783934642222 login count 1
[log] [login_1] perf_8g_10_200_42_1783934642223 login count 1
[log] [login_1] perf_8g_10_200_43_1783934642223 login count 1
[log] [login_1] perf_8g_10_200_44_1783934642224 login count 1
[log] [login_1] perf_8g_10_200_45_1783934642224 login count 1
[log] [login_1] perf_8g_10_200_46_1783934642225 login count 1
[log] [login_1] perf_8g_10_200_47_1783934642226 login count 1
[log] [login_1] perf_8g_10_200_48_1783934642227 login count 1
[log] [gate_5] perf_8g_10_200_36_1783934642220 enter map_1 as unit 1036
[log] [gate_7] perf_8g_10_200_37_1783934642221 enter map_1 as unit 1038
[log] [gate_6] perf_8g_10_200_38_1783934642221 enter map_1 as unit 1037
[log] [login_1] perf_8g_10_200_49_1783934642229 login count 1
[log] [login_1] perf_8g_10_200_50_1783934642229 login count 1
[log] [login_1] perf_8g_10_200_51_1783934642230 login count 1
[log] [gate_1] perf_8g_10_200_40_1783934642222 enter map_1 as unit 1042
[log] [gate_2] perf_8g_10_200_41_1783934642222 enter map_1 as unit 1040
[log] [gate_8] perf_8g_10_200_39_1783934642221 enter map_1 as unit 1039
[log] [gate_3] perf_8g_10_200_42_1783934642223 enter map_1 as unit 1041
[log] [login_1] perf_8g_10_200_52_1783934642235 login count 1
[log] [login_1] perf_8g_10_200_53_1783934642236 login count 1
[log] [gate_7] perf_8g_10_200_46_1783934642225 enter map_1 as unit 1045
[log] [gate_5] perf_8g_10_200_44_1783934642224 enter map_1 as unit 1044
[log] [login_1] perf_8g_10_200_54_1783934642236 login count 1
[log] [gate_4] perf_8g_10_200_43_1783934642223 enter map_1 as unit 1043
[log] [gate_6] perf_8g_10_200_45_1783934642224 enter map_1 as unit 1046
[log] [gate_8] perf_8g_10_200_47_1783934642226 enter map_1 as unit 1047
[log] [gate_3] perf_8g_10_200_50_1783934642229 enter map_1 as unit 1049
[log] [gate_1] perf_8g_10_200_48_1783934642227 enter map_1 as unit 1048
[log] [gate_2] perf_8g_10_200_49_1783934642229 enter map_1 as unit 1050
[log] [gate_4] perf_8g_10_200_51_1783934642230 enter map_1 as unit 1051
[log] [gate_5] perf_8g_10_200_52_1783934642235 enter map_1 as unit 1052
[log] [login_1] perf_8g_10_200_55_1783934642238 login count 1
[log] [login_1] perf_8g_10_200_56_1783934642239 login count 1
[log] [login_1] perf_8g_10_200_57_1783934642239 login count 1
[log] [login_1] perf_8g_10_200_58_1783934642240 login count 1
[log] [gate_6] perf_8g_10_200_53_1783934642236 enter map_1 as unit 1053
[log] [gate_7] perf_8g_10_200_54_1783934642236 enter map_1 as unit 1054
[log] [login_1] perf_8g_10_200_59_1783934642242 login count 1
[log] [login_1] perf_8g_10_200_60_1783934642243 login count 1
[log] [login_1] perf_8g_10_200_61_1783934642243 login count 1
[log] [login_1] perf_8g_10_200_62_1783934642243 login count 1
[log] [login_1] perf_8g_10_200_63_1783934642244 login count 1
[log] [login_1] perf_8g_10_200_64_1783934642246 login count 1
[log] [login_1] perf_8g_10_200_65_1783934642246 login count 1
[log] [login_1] perf_8g_10_200_66_1783934642247 login count 1
[log] [login_1] perf_8g_10_200_67_1783934642249 login count 1
[log] [gate_8] perf_8g_10_200_55_1783934642238 enter map_1 as unit 1055
[log] [login_1] perf_8g_10_200_68_1783934642249 login count 1
[log] [gate_2] perf_8g_10_200_57_1783934642239 enter map_1 as unit 1057
[log] [gate_3] perf_8g_10_200_58_1783934642240 enter map_1 as unit 1058
[log] [gate_1] perf_8g_10_200_56_1783934642239 enter map_1 as unit 1056
[log] [login_1] perf_8g_10_200_69_1783934642252 login count 1
[log] [login_1] perf_8g_10_200_70_1783934642252 login count 1
[log] [gate_4] perf_8g_10_200_59_1783934642242 enter map_1 as unit 1059
[log] [gate_5] perf_8g_10_200_60_1783934642243 enter map_1 as unit 1060
[log] [gate_6] perf_8g_10_200_61_1783934642243 enter map_1 as unit 1061
[log] [gate_7] perf_8g_10_200_62_1783934642243 enter map_1 as unit 1062
[log] [gate_8] perf_8g_10_200_63_1783934642244 enter map_1 as unit 1063
[log] [gate_1] perf_8g_10_200_64_1783934642246 enter map_1 as unit 1064
[log] [gate_2] perf_8g_10_200_65_1783934642246 enter map_1 as unit 1065
[log] [gate_4] perf_8g_10_200_67_1783934642249 enter map_1 as unit 1067
[log] [gate_3] perf_8g_10_200_66_1783934642247 enter map_1 as unit 1066
[log] [login_1] perf_8g_10_200_71_1783934642259 login count 1
[log] [gate_5] perf_8g_10_200_68_1783934642249 enter map_1 as unit 1068
[log] [gate_6] perf_8g_10_200_69_1783934642252 enter map_1 as unit 1069
[log] [login_1] perf_8g_10_200_72_1783934642260 login count 1
[log] [login_1] perf_8g_10_200_73_1783934642261 login count 1
[log] [login_1] perf_8g_10_200_74_1783934642261 login count 1
[log] [gate_7] perf_8g_10_200_70_1783934642252 enter map_1 as unit 1070
[log] [login_1] perf_8g_10_200_75_1783934642263 login count 1
[log] [login_1] perf_8g_10_200_76_1783934642264 login count 1
[log] [login_1] perf_8g_10_200_77_1783934642264 login count 1
[log] [login_1] perf_8g_10_200_78_1783934642266 login count 1
[log] [login_1] perf_8g_10_200_79_1783934642266 login count 1
[log] [login_1] perf_8g_10_200_80_1783934642268 login count 1
[log] [gate_8] perf_8g_10_200_71_1783934642259 enter map_1 as unit 1071
[log] [login_1] perf_8g_10_200_81_1783934642270 login count 1
[log] [login_1] perf_8g_10_200_82_1783934642270 login count 1
[log] [login_1] perf_8g_10_200_83_1783934642271 login count 1
[log] [gate_1] perf_8g_10_200_72_1783934642260 enter map_1 as unit 1072
[log] [login_1] perf_8g_10_200_84_1783934642272 login count 1
[log] [login_1] perf_8g_10_200_85_1783934642273 login count 1
[log] [gate_3] perf_8g_10_200_74_1783934642261 enter map_1 as unit 1073
[log] [gate_2] perf_8g_10_200_73_1783934642261 enter map_1 as unit 1074
[log] [login_1] perf_8g_10_200_86_1783934642274 login count 1
[log] [gate_6] perf_8g_10_200_77_1783934642264 enter map_1 as unit 1077
[log] [gate_4] perf_8g_10_200_75_1783934642263 enter map_1 as unit 1075
[log] [gate_5] perf_8g_10_200_76_1783934642264 enter map_1 as unit 1076
[log] [gate_7] perf_8g_10_200_78_1783934642266 enter map_1 as unit 1078
[log] [gate_1] perf_8g_10_200_80_1783934642268 enter map_1 as unit 1079
[log] [gate_8] perf_8g_10_200_79_1783934642266 enter map_1 as unit 1080
[log] [gate_2] perf_8g_10_200_81_1783934642270 enter map_1 as unit 1081
[log] [gate_3] perf_8g_10_200_82_1783934642270 enter map_1 as unit 1082
[log] [login_1] perf_8g_10_200_87_1783934642281 login count 1
[log] [login_1] perf_8g_10_200_88_1783934642283 login count 1
[log] [gate_5] perf_8g_10_200_84_1783934642272 enter map_1 as unit 1084
[log] [gate_4] perf_8g_10_200_83_1783934642271 enter map_1 as unit 1083
[log] [gate_6] perf_8g_10_200_85_1783934642273 enter map_1 as unit 1085
[log] [login_1] perf_8g_10_200_89_1783934642284 login count 1
[log] [login_1] perf_8g_10_200_90_1783934642285 login count 1
[log] [gate_7] perf_8g_10_200_86_1783934642274 enter map_1 as unit 1086
[log] [login_1] perf_8g_10_200_91_1783934642286 login count 1
[log] [login_1] perf_8g_10_200_92_1783934642287 login count 1
[log] [login_1] perf_8g_10_200_93_1783934642287 login count 1
[log] [login_1] perf_8g_10_200_94_1783934642289 login count 1
[log] [login_1] perf_8g_10_200_95_1783934642291 login count 1
[log] [login_1] perf_8g_10_200_96_1783934642291 login count 1
[log] [login_1] perf_8g_10_200_97_1783934642293 login count 1
[log] [login_1] perf_8g_10_200_98_1783934642295 login count 1
[log] [gate_8] perf_8g_10_200_87_1783934642281 enter map_1 as unit 1087
[log] [login_1] perf_8g_10_200_99_1783934642297 login count 1
[log] [gate_2] perf_8g_10_200_89_1783934642284 enter map_1 as unit 1089
[log] [gate_1] perf_8g_10_200_88_1783934642283 enter map_1 as unit 1088
[log] [login_1] perf_8g_10_200_100_1783934642297 login count 1
[log] [login_1] perf_8g_10_200_101_1783934642298 login count 1
[log] [login_1] perf_8g_10_200_102_1783934642299 login count 1
[log] [gate_3] perf_8g_10_200_90_1783934642285 enter map_1 as unit 1090
[log] [gate_4] perf_8g_10_200_91_1783934642286 enter map_1 as unit 1091
[log] [gate_6] perf_8g_10_200_93_1783934642287 enter map_1 as unit 1093
[log] [gate_5] perf_8g_10_200_92_1783934642287 enter map_1 as unit 1092
[log] [login_1] perf_8g_10_200_103_1783934642305 login count 1
[log] [login_1] perf_8g_10_200_104_1783934642307 login count 1
[log] [login_1] perf_8g_10_200_105_1783934642307 login count 1
[log] [gate_2] perf_8g_10_200_97_1783934642293 enter map_1 as unit 1097
[log] [gate_8] perf_8g_10_200_95_1783934642291 enter map_1 as unit 1095
[log] [gate_7] perf_8g_10_200_94_1783934642289 enter map_1 as unit 1094
[log] [gate_1] perf_8g_10_200_96_1783934642291 enter map_1 as unit 1096
[log] [login_1] perf_8g_10_200_106_1783934642312 login count 1
[log] [login_1] perf_8g_10_200_107_1783934642312 login count 1
[log] [login_1] perf_8g_10_200_108_1783934642312 login count 1
[log] [gate_5] perf_8g_10_200_100_1783934642297 enter map_1 as unit 1100
[log] [gate_4] perf_8g_10_200_99_1783934642297 enter map_1 as unit 1099
[log] [gate_3] perf_8g_10_200_98_1783934642295 enter map_1 as unit 1098
[log] [gate_6] perf_8g_10_200_101_1783934642298 enter map_1 as unit 1101
[log] [login_1] perf_8g_10_200_109_1783934642313 login count 1
[log] [gate_8] perf_8g_10_200_103_1783934642305 enter map_1 as unit 1102
[log] [login_1] perf_8g_10_200_110_1783934642317 login count 1
[log] [gate_2] perf_8g_10_200_105_1783934642307 enter map_1 as unit 1105
[log] [gate_1] perf_8g_10_200_104_1783934642307 enter map_1 as unit 1104
[log] [gate_7] perf_8g_10_200_102_1783934642299 enter map_1 as unit 1103
[log] [login_1] perf_8g_10_200_111_1783934642317 login count 1
[log] [login_1] perf_8g_10_200_112_1783934642318 login count 1
[log] [login_1] perf_8g_10_200_113_1783934642318 login count 1
[log] [gate_3] perf_8g_10_200_106_1783934642312 enter map_1 as unit 1106
[log] [login_1] perf_8g_10_200_114_1783934642323 login count 1
[log] [login_1] perf_8g_10_200_116_1783934642323 login count 1
[log] [login_1] perf_8g_10_200_115_1783934642323 login count 1
[log] [login_1] perf_8g_10_200_117_1783934642324 login count 1
[log] [login_1] perf_8g_10_200_118_1783934642325 login count 1
[log] [gate_4] perf_8g_10_200_107_1783934642312 enter map_1 as unit 1107
[log] [gate_5] perf_8g_10_200_108_1783934642312 enter map_1 as unit 1108
[log] [gate_6] perf_8g_10_200_109_1783934642313 enter map_1 as unit 1109
[log] [gate_7] perf_8g_10_200_110_1783934642317 enter map_1 as unit 1110
[log] [login_1] perf_8g_10_200_119_1783934642328 login count 1
[log] [gate_8] perf_8g_10_200_111_1783934642317 enter map_1 as unit 1111
[log] [login_1] perf_8g_10_200_120_1783934642328 login count 1
[log] [login_1] perf_8g_10_200_121_1783934642328 login count 1
[log] [gate_2] perf_8g_10_200_113_1783934642318 enter map_1 as unit 1112
[log] [gate_1] perf_8g_10_200_112_1783934642318 enter map_1 as unit 1113
[log] [login_1] perf_8g_10_200_122_1783934642331 login count 1
[log] [gate_3] perf_8g_10_200_114_1783934642323 enter map_1 as unit 1114
[log] [login_1] perf_8g_10_200_123_1783934642336 login count 1
[log] [login_1] perf_8g_10_200_124_1783934642336 login count 1
[log] [login_1] perf_8g_10_200_125_1783934642336 login count 1
[log] [login_1] perf_8g_10_200_126_1783934642338 login count 1
[log] [login_1] perf_8g_10_200_127_1783934642339 login count 1
[log] [gate_4] perf_8g_10_200_116_1783934642323 enter map_1 as unit 1115
[log] [gate_5] perf_8g_10_200_115_1783934642323 enter map_1 as unit 1116
[log] [gate_7] perf_8g_10_200_118_1783934642325 enter map_1 as unit 1118
[log] [gate_6] perf_8g_10_200_117_1783934642324 enter map_1 as unit 1117
[log] [login_1] perf_8g_10_200_128_1783934642342 login count 1
[log] [login_1] perf_8g_10_200_129_1783934642343 login count 1
[log] [gate_8] perf_8g_10_200_119_1783934642328 enter map_1 as unit 1119
[log] [gate_1] perf_8g_10_200_120_1783934642328 enter map_1 as unit 1120
[log] [gate_2] perf_8g_10_200_121_1783934642328 enter map_1 as unit 1121
[log] [login_1] perf_8g_10_200_130_1783934642346 login count 1
[log] [gate_3] perf_8g_10_200_122_1783934642331 enter map_1 as unit 1122
[log] [gate_4] perf_8g_10_200_123_1783934642336 enter map_1 as unit 1123
[log] [gate_5] perf_8g_10_200_124_1783934642336 enter map_1 as unit 1125
[log] [gate_6] perf_8g_10_200_125_1783934642336 enter map_1 as unit 1124
[log] [login_1] perf_8g_10_200_131_1783934642351 login count 1
[log] [login_1] perf_8g_10_200_132_1783934642352 login count 1
[log] [login_1] perf_8g_10_200_133_1783934642352 login count 1
[log] [login_1] perf_8g_10_200_134_1783934642352 login count 1
[log] [gate_7] perf_8g_10_200_126_1783934642338 enter map_1 as unit 1126
[log] [gate_8] perf_8g_10_200_127_1783934642339 enter map_1 as unit 1127
[log] [login_1] perf_8g_10_200_135_1783934642356 login count 1
[log] [login_1] perf_8g_10_200_136_1783934642357 login count 1
[log] [login_1] perf_8g_10_200_137_1783934642357 login count 1
[log] [gate_1] perf_8g_10_200_128_1783934642342 enter map_1 as unit 1128
[log] [gate_2] perf_8g_10_200_129_1783934642343 enter map_1 as unit 1129
[log] [login_1] perf_8g_10_200_138_1783934642361 login count 1
[log] [gate_3] perf_8g_10_200_130_1783934642346 enter map_1 as unit 1130
[log] [login_1] perf_8g_10_200_139_1783934642364 login count 1
[log] [login_1] perf_8g_10_200_140_1783934642365 login count 1
[log] [login_1] perf_8g_10_200_141_1783934642365 login count 1
[log] [gate_4] perf_8g_10_200_131_1783934642351 enter map_1 as unit 1131
[log] [login_1] perf_8g_10_200_142_1783934642370 login count 1
[log] [login_1] perf_8g_10_200_143_1783934642370 login count 1
[log] [gate_6] perf_8g_10_200_133_1783934642352 enter map_1 as unit 1134
[log] [gate_5] perf_8g_10_200_132_1783934642352 enter map_1 as unit 1132
[log] [gate_7] perf_8g_10_200_134_1783934642352 enter map_1 as unit 1133
[log] [login_1] perf_8g_10_200_144_1783934642374 login count 1
[log] [login_1] perf_8g_10_200_145_1783934642375 login count 1
[log] [gate_2] perf_8g_10_200_137_1783934642357 enter map_1 as unit 1137
[log] [gate_8] perf_8g_10_200_135_1783934642356 enter map_1 as unit 1135
[log] [gate_1] perf_8g_10_200_136_1783934642357 enter map_1 as unit 1136
[log] [login_1] perf_8g_10_200_146_1783934642378 login count 1
[log] [gate_3] perf_8g_10_200_138_1783934642361 enter map_1 as unit 1138
[log] [login_1] perf_8g_10_200_147_1783934642384 login count 1
[log] [login_1] perf_8g_10_200_148_1783934642389 login count 1
[log] [gate_5] perf_8g_10_200_140_1783934642365 enter map_1 as unit 1140
[log] [login_1] perf_8g_10_200_149_1783934642390 login count 1
[log] [login_1] perf_8g_10_200_150_1783934642390 login count 1
[log] [gate_6] perf_8g_10_200_141_1783934642365 enter map_1 as unit 1141
[log] [gate_4] perf_8g_10_200_139_1783934642364 enter map_1 as unit 1139
[log] [login_1] perf_8g_10_200_151_1783934642394 login count 1
[log] [login_1] perf_8g_10_200_152_1783934642394 login count 1
[log] [login_1] perf_8g_10_200_153_1783934642395 login count 1
[log] [login_1] perf_8g_10_200_154_1783934642398 login count 1
[log] [gate_7] perf_8g_10_200_142_1783934642370 enter map_1 as unit 1142
[log] [gate_2] perf_8g_10_200_145_1783934642375 enter map_1 as unit 1145
[log] [gate_1] perf_8g_10_200_144_1783934642374 enter map_1 as unit 1144
[log] [gate_8] perf_8g_10_200_143_1783934642370 enter map_1 as unit 1143
[log] [login_1] perf_8g_10_200_155_1783934642404 login count 1
[log] [login_1] perf_8g_10_200_156_1783934642404 login count 1
[log] [login_1] perf_8g_10_200_157_1783934642405 login count 1
[log] [login_1] perf_8g_10_200_161_1783934642415 login count 1
[log] [login_1] perf_8g_10_200_160_1783934642414 login count 1
[log] [login_1] perf_8g_10_200_159_1783934642413 login count 1
[log] [login_1] perf_8g_10_200_158_1783934642412 login count 1
[log] [gate_3] perf_8g_10_200_146_1783934642378 enter map_1 as unit 1146
[log] [gate_6] perf_8g_10_200_149_1783934642390 enter map_1 as unit 1149
[log] [gate_4] perf_8g_10_200_147_1783934642384 enter map_1 as unit 1147
[log] [gate_5] perf_8g_10_200_148_1783934642389 enter map_1 as unit 1148
[log] [login_1] perf_8g_10_200_162_1783934642421 login count 1
[log] [login_1] perf_8g_10_200_164_1783934642423 login count 1
[log] [login_1] perf_8g_10_200_163_1783934642422 login count 1
[log] [login_1] perf_8g_10_200_165_1783934642424 login count 1
[log] [gate_8] perf_8g_10_200_151_1783934642394 enter map_1 as unit 1150
[log] [gate_1] perf_8g_10_200_152_1783934642394 enter map_1 as unit 1153
[log] [gate_7] perf_8g_10_200_150_1783934642390 enter map_1 as unit 1151
[log] [gate_2] perf_8g_10_200_153_1783934642395 enter map_1 as unit 1152
[log] [login_1] perf_8g_10_200_166_1783934642430 login count 1
[log] [login_1] perf_8g_10_200_168_1783934642431 login count 1
[log] [login_1] perf_8g_10_200_167_1783934642431 login count 1
[log] [login_1] perf_8g_10_200_169_1783934642432 login count 1
[log] [gate_6] perf_8g_10_200_157_1783934642405 enter map_1 as unit 1154
[log] [gate_4] perf_8g_10_200_155_1783934642404 enter map_1 as unit 1157
[log] [gate_3] perf_8g_10_200_154_1783934642398 enter map_1 as unit 1156
[log] [gate_5] perf_8g_10_200_156_1783934642404 enter map_1 as unit 1155
[log] [login_1] perf_8g_10_200_170_1783934642439 login count 1
[log] [login_1] perf_8g_10_200_171_1783934642440 login count 1
[log] [login_1] perf_8g_10_200_172_1783934642441 login count 1
[log] [login_1] perf_8g_10_200_173_1783934642442 login count 1
[log] [gate_1] perf_8g_10_200_159_1783934642413 enter map_1 as unit 1159
[log] [gate_7] perf_8g_10_200_161_1783934642415 enter map_1 as unit 1158
[log] [gate_8] perf_8g_10_200_160_1783934642414 enter map_1 as unit 1160
[log] [gate_2] perf_8g_10_200_158_1783934642412 enter map_1 as unit 1161
[log] [login_1] perf_8g_10_200_174_1783934642450 login count 1
[log] [login_1] perf_8g_10_200_175_1783934642451 login count 1
[log] [login_1] perf_8g_10_200_176_1783934642452 login count 1
[log] [login_1] perf_8g_10_200_177_1783934642453 login count 1
[log] [gate_5] perf_8g_10_200_163_1783934642422 enter map_1 as unit 1163
[log] [gate_6] perf_8g_10_200_165_1783934642424 enter map_1 as unit 1165
[log] [gate_3] perf_8g_10_200_162_1783934642421 enter map_1 as unit 1162
[log] [gate_4] perf_8g_10_200_164_1783934642423 enter map_1 as unit 1164
[log] [login_1] perf_8g_10_200_178_1783934642461 login count 1
[log] [login_1] perf_8g_10_200_179_1783934642463 login count 1
[log] [login_1] perf_8g_10_200_180_1783934642463 login count 1
[log] [login_1] perf_8g_10_200_181_1783934642464 login count 1
[log] [gate_1] perf_8g_10_200_167_1783934642431 enter map_1 as unit 1166
[log] [gate_7] perf_8g_10_200_166_1783934642430 enter map_1 as unit 1169
[log] [gate_8] perf_8g_10_200_168_1783934642431 enter map_1 as unit 1168
[log] [gate_2] perf_8g_10_200_169_1783934642432 enter map_1 as unit 1167
[log] [login_1] perf_8g_10_200_182_1783934642472 login count 1
[log] [login_1] perf_8g_10_200_183_1783934642473 login count 1
[log] [login_1] perf_8g_10_200_184_1783934642474 login count 1
[log] [login_1] perf_8g_10_200_185_1783934642474 login count 1
[log] [gate_3] perf_8g_10_200_170_1783934642439 enter map_1 as unit 1173
[log] [gate_6] perf_8g_10_200_173_1783934642442 enter map_1 as unit 1170
[log] [gate_4] perf_8g_10_200_171_1783934642440 enter map_1 as unit 1171
[log] [gate_5] perf_8g_10_200_172_1783934642441 enter map_1 as unit 1172
[log] [login_1] perf_8g_10_200_186_1783934642484 login count 1
[log] [login_1] perf_8g_10_200_187_1783934642486 login count 1
[log] [login_1] perf_8g_10_200_188_1783934642486 login count 1
[log] [login_1] perf_8g_10_200_189_1783934642487 login count 1
[log] [gate_8] perf_8g_10_200_175_1783934642451 enter map_1 as unit 1174
[log] [gate_1] perf_8g_10_200_176_1783934642452 enter map_1 as unit 1175
[log] [gate_7] perf_8g_10_200_174_1783934642450 enter map_1 as unit 1177
[log] [gate_2] perf_8g_10_200_177_1783934642453 enter map_1 as unit 1176
[log] [login_1] perf_8g_10_200_190_1783934642494 login count 1
[log] [login_1] perf_8g_10_200_191_1783934642495 login count 1
[log] [login_1] perf_8g_10_200_192_1783934642495 login count 1
[log] [login_1] perf_8g_10_200_193_1783934642496 login count 1
[log] [gate_3] perf_8g_10_200_178_1783934642461 enter map_1 as unit 1178
[log] [gate_5] perf_8g_10_200_180_1783934642463 enter map_1 as unit 1179
[log] [gate_6] perf_8g_10_200_181_1783934642464 enter map_1 as unit 1181
[log] [gate_4] perf_8g_10_200_179_1783934642463 enter map_1 as unit 1180
[log] [login_1] perf_8g_10_200_194_1783934642504 login count 1
[log] [login_1] perf_8g_10_200_195_1783934642505 login count 1
[log] [login_1] perf_8g_10_200_196_1783934642506 login count 1
[log] [login_1] perf_8g_10_200_197_1783934642507 login count 1
[log] [gate_8] perf_8g_10_200_183_1783934642473 enter map_1 as unit 1182
[log] [gate_1] perf_8g_10_200_184_1783934642474 enter map_1 as unit 1183
[log] [gate_2] perf_8g_10_200_185_1783934642474 enter map_1 as unit 1185
[log] [gate_7] perf_8g_10_200_182_1783934642472 enter map_1 as unit 1184
[log] [login_1] perf_8g_10_200_198_1783934642518 login count 1
[log] [login_1] perf_8g_10_200_199_1783934642519 login count 1
[log] [gate_4] perf_8g_10_200_187_1783934642486 enter map_1 as unit 1187
[log] [gate_3] perf_8g_10_200_186_1783934642484 enter map_1 as unit 1188
[log] [gate_5] perf_8g_10_200_188_1783934642486 enter map_1 as unit 1189
[log] [gate_6] perf_8g_10_200_189_1783934642487 enter map_1 as unit 1186
[log] [gate_7] perf_8g_10_200_190_1783934642494 enter map_1 as unit 1193
[log] [gate_1] perf_8g_10_200_192_1783934642495 enter map_1 as unit 1190
[log] [gate_8] perf_8g_10_200_191_1783934642495 enter map_1 as unit 1191
[log] [gate_2] perf_8g_10_200_193_1783934642496 enter map_1 as unit 1192
[log] [gate_5] perf_8g_10_200_196_1783934642506 enter map_1 as unit 1195
[log] [gate_3] perf_8g_10_200_194_1783934642504 enter map_1 as unit 1194
[log] [gate_4] perf_8g_10_200_195_1783934642505 enter map_1 as unit 1196
[log] [gate_6] perf_8g_10_200_197_1783934642507 enter map_1 as unit 1197
[log] [gate_7] perf_8g_10_200_198_1783934642518 enter map_1 as unit 1199
[log] [gate_8] perf_8g_10_200_199_1783934642519 enter map_1 as unit 1198
[metrics:inner_transport] active=0 opened=0 pending=0 max_pending=0 overloads=0 timeouts=0 disconnected_calls=0 late_responses=0 idle_closes=0
[process-metrics] process=log cpu_percent=1.88 cpu_time_ms=140 rss_bytes=36843520 v8_heap_used_bytes=2738832 v8_heap_total_bytes=6041600 v8_gc_count=3 v8_gc_ms=0.909 timestamp_ms=1783934646863
[metrics:log] scene=log type=Log processed=400 failed=0 ts_queue=0 ts_max_queue=9 rust_queue=0 rust_max_queue=9 backpressure=0 slow_disconnects=0 update_ms=0.00 handler_ms=0.00 max_handler_ms=1.00 total_handler_ms=12.00
[metrics:inner_transport] active=0 opened=0 pending=0 max_pending=0 overloads=0 timeouts=0 disconnected_calls=0 late_responses=0 idle_closes=0
[process-metrics] process=log cpu_percent=2.16 cpu_time_ms=250 rss_bytes=36990976 v8_heap_used_bytes=2877504 v8_heap_total_bytes=6041600 v8_gc_count=3 v8_gc_ms=0.909 timestamp_ms=1783934651947
[metrics:log] scene=log type=Log processed=400 failed=0 ts_queue=0 ts_max_queue=9 rust_queue=0 rust_max_queue=9 backpressure=0 slow_disconnects=0 update_ms=0.00 handler_ms=0.00 max_handler_ms=1.00 total_handler_ms=12.00
[metrics:inner_transport] active=0 opened=0 pending=0 max_pending=0 overloads=0 timeouts=0 disconnected_calls=0 late_responses=0 idle_closes=0
[process-metrics] process=log cpu_percent=0.30 cpu_time_ms=265 rss_bytes=37130240 v8_heap_used_bytes=3037192 v8_heap_total_bytes=6303744 v8_gc_count=3 v8_gc_ms=0.909 timestamp_ms=1783934656955
[metrics:log] scene=log type=Log processed=400 failed=0 ts_queue=0 ts_max_queue=9 rust_queue=0 rust_max_queue=9 backpressure=0 slow_disconnects=0 update_ms=0.00 handler_ms=0.00 max_handler_ms=1.00 total_handler_ms=12.00
[metrics:inner_transport] active=0 opened=0 pending=0 max_pending=0 overloads=0 timeouts=0 disconnected_calls=0 late_responses=0 idle_closes=0
[process-metrics] process=log cpu_percent=0.32 cpu_time_ms=281 rss_bytes=37314560 v8_heap_used_bytes=3165192 v8_heap_total_bytes=6303744 v8_gc_count=3 v8_gc_ms=0.909 timestamp_ms=1783934661959
[metrics:log] scene=log type=Log processed=400 failed=0 ts_queue=0 ts_max_queue=9 rust_queue=0 rust_max_queue=9 backpressure=0 slow_disconnects=0 update_ms=0.00 handler_ms=0.00 max_handler_ms=1.00 total_handler_ms=12.00
[metrics:inner_transport] active=0 opened=0 pending=0 max_pending=0 overloads=0 timeouts=0 disconnected_calls=0 late_responses=0 idle_closes=0
[process-metrics] process=log cpu_percent=0.61 cpu_time_ms=312 rss_bytes=37445632 v8_heap_used_bytes=3294792 v8_heap_total_bytes=6303744 v8_gc_count=3 v8_gc_ms=0.909 timestamp_ms=1783934667009
[metrics:log] scene=log type=Log processed=400 failed=0 ts_queue=0 ts_max_queue=9 rust_queue=0 rust_max_queue=9 backpressure=0 slow_disconnects=0 update_ms=0.00 handler_ms=0.00 max_handler_ms=1.00 total_handler_ms=12.00
[metrics:inner_transport] active=0 opened=0 pending=0 max_pending=0 overloads=0 timeouts=0 disconnected_calls=0 late_responses=0 idle_closes=0
[process-metrics] process=log cpu_percent=0.32 cpu_time_ms=328 rss_bytes=37502976 v8_heap_used_bytes=3424440 v8_heap_total_bytes=6565888 v8_gc_count=3 v8_gc_ms=0.909 timestamp_ms=1783934672052
[metrics:log] scene=log type=Log processed=400 failed=0 ts_queue=0 ts_max_queue=9 rust_queue=0 rust_max_queue=9 backpressure=0 slow_disconnects=0 update_ms=0.00 handler_ms=0.00 max_handler_ms=1.00 total_handler_ms=12.00
[metrics:inner_transport] active=0 opened=0 pending=0 max_pending=0 overloads=0 timeouts=0 disconnected_calls=0 late_responses=0 idle_closes=0
[process-metrics] process=log cpu_percent=0.30 cpu_time_ms=343 rss_bytes=37859328 v8_heap_used_bytes=3558344 v8_heap_total_bytes=6565888 v8_gc_count=3 v8_gc_ms=0.909 timestamp_ms=1783934677118
[metrics:log] scene=log type=Log processed=400 failed=0 ts_queue=0 ts_max_queue=9 rust_queue=0 rust_max_queue=9 backpressure=0 slow_disconnects=0 update_ms=0.00 handler_ms=0.00 max_handler_ms=1.00 total_handler_ms=12.00
[metrics:inner_transport] active=0 opened=0 pending=0 max_pending=0 overloads=0 timeouts=0 disconnected_calls=0 late_responses=0 idle_closes=0
[process-metrics] process=log cpu_percent=0.32 cpu_time_ms=359 rss_bytes=38002688 v8_heap_used_bytes=3685216 v8_heap_total_bytes=6828032 v8_gc_count=3 v8_gc_ms=0.909 timestamp_ms=1783934682111
[metrics:log] scene=log type=Log processed=400 failed=0 ts_queue=0 ts_max_queue=9 rust_queue=0 rust_max_queue=9 backpressure=0 slow_disconnects=0 update_ms=0.00 handler_ms=0.00 max_handler_ms=1.00 total_handler_ms=12.00
