starting process log with one V8 and 1 scene(s) from E:\VsCode\skynet\ets_runtime\perf\results\runtime_configs\map_capacity_20260713_092236\200p_8g_r1\log.json
scene log (Log) listening on 127.0.0.1:7100
[process:log] one V8 started with 1 scene(s)
[log] Log scene started at 127.0.0.1:7100
log accepted 127.0.0.1:59640 as conn 1
log accepted 127.0.0.1:59684 as conn 2
[log] [login_1] perf_8g_10_200_0_1783934557193 login count 1
[log] [login_1] perf_8g_10_200_1_1783934557194 login count 1
[log] [login_1] perf_8g_10_200_2_1783934557194 login count 1
[log] [login_1] perf_8g_10_200_5_1783934557194 login count 1
[log] [login_1] perf_8g_10_200_3_1783934557194 login count 1
[log] [login_1] perf_8g_10_200_8_1783934557195 login count 1
[log] [login_1] perf_8g_10_200_6_1783934557194 login count 1
[log] [login_1] perf_8g_10_200_11_1783934557195 login count 1
[log] [login_1] perf_8g_10_200_14_1783934557195 login count 1
[log] [login_1] perf_8g_10_200_9_1783934557195 login count 1
[log] [login_1] perf_8g_10_200_12_1783934557195 login count 1
[log] [login_1] perf_8g_10_200_4_1783934557194 login count 1
[log] [login_1] perf_8g_10_200_7_1783934557195 login count 1
[log] [login_1] perf_8g_10_200_15_1783934557195 login count 1
[log] [login_1] perf_8g_10_200_10_1783934557195 login count 1
[log] [login_1] perf_8g_10_200_13_1783934557195 login count 1
log accepted 127.0.0.1:59710 as conn 3
[log] [gate_1] perf_8g_10_200_0_1783934557193 enter map_1 as unit 1000
log accepted 127.0.0.1:59719 as conn 4
log accepted 127.0.0.1:59720 as conn 5
log accepted 127.0.0.1:59721 as conn 6
[log] [gate_6] perf_8g_10_200_8_1783934557195 enter map_1 as unit 1006
log accepted 127.0.0.1:59723 as conn 7
[log] [gate_5] perf_8g_10_200_3_1783934557194 enter map_1 as unit 1007
[log] [gate_7] perf_8g_10_200_6_1783934557194 enter map_1 as unit 1005
log accepted 127.0.0.1:59725 as conn 8
log accepted 127.0.0.1:59724 as conn 9
[log] [gate_2] perf_8g_10_200_1_1783934557194 enter map_1 as unit 1002
[log] [gate_1] perf_8g_10_200_14_1783934557195 enter map_1 as unit 1008
log accepted 127.0.0.1:59726 as conn 10
[log] [login_1] perf_8g_10_200_16_1783934557218 login count 1
[log] [gate_4] perf_8g_10_200_5_1783934557194 enter map_1 as unit 1001
[log] [gate_3] perf_8g_10_200_2_1783934557194 enter map_1 as unit 1003
[log] [gate_8] perf_8g_10_200_11_1783934557195 enter map_1 as unit 1004
[log] [gate_3] perf_8g_10_200_12_1783934557195 enter map_1 as unit 1009
[log] [login_1] perf_8g_10_200_17_1783934557220 login count 1
[log] [gate_2] perf_8g_10_200_9_1783934557195 enter map_1 as unit 1013
[log] [gate_4] perf_8g_10_200_4_1783934557194 enter map_1 as unit 1014
[log] [gate_5] perf_8g_10_200_7_1783934557195 enter map_1 as unit 1011
[log] [gate_6] perf_8g_10_200_15_1783934557195 enter map_1 as unit 1010
[log] [gate_7] perf_8g_10_200_10_1783934557195 enter map_1 as unit 1015
[log] [gate_8] perf_8g_10_200_13_1783934557195 enter map_1 as unit 1012
[log] [gate_1] perf_8g_10_200_16_1783934557218 enter map_1 as unit 1016
[log] [login_1] perf_8g_10_200_18_1783934557222 login count 1
[log] [login_1] perf_8g_10_200_19_1783934557222 login count 1
[log] [gate_2] perf_8g_10_200_17_1783934557220 enter map_1 as unit 1017
[log] [login_1] perf_8g_10_200_20_1783934557223 login count 1
[log] [login_1] perf_8g_10_200_21_1783934557224 login count 1
[log] [gate_3] perf_8g_10_200_18_1783934557222 enter map_1 as unit 1018
[log] [login_1] perf_8g_10_200_22_1783934557224 login count 1
[log] [login_1] perf_8g_10_200_23_1783934557224 login count 1
[log] [login_1] perf_8g_10_200_24_1783934557225 login count 1
[log] [login_1] perf_8g_10_200_25_1783934557225 login count 1
[log] [login_1] perf_8g_10_200_26_1783934557225 login count 1
[log] [login_1] perf_8g_10_200_27_1783934557225 login count 1
[log] [login_1] perf_8g_10_200_28_1783934557226 login count 1
[log] [login_1] perf_8g_10_200_29_1783934557226 login count 1
[log] [login_1] perf_8g_10_200_30_1783934557226 login count 1
[log] [login_1] perf_8g_10_200_31_1783934557227 login count 1
[log] [gate_4] perf_8g_10_200_19_1783934557222 enter map_1 as unit 1019
[log] [login_1] perf_8g_10_200_32_1783934557227 login count 1
[log] [login_1] perf_8g_10_200_33_1783934557228 login count 1
[log] [gate_5] perf_8g_10_200_20_1783934557223 enter map_1 as unit 1020
[log] [login_1] perf_8g_10_200_34_1783934557233 login count 1
[log] [login_1] perf_8g_10_200_35_1783934557235 login count 1
[log] [gate_7] perf_8g_10_200_22_1783934557224 enter map_1 as unit 1022
[log] [gate_6] perf_8g_10_200_21_1783934557224 enter map_1 as unit 1021
[log] [gate_4] perf_8g_10_200_27_1783934557225 enter map_1 as unit 1026
[log] [gate_1] perf_8g_10_200_24_1783934557225 enter map_1 as unit 1024
[log] [gate_2] perf_8g_10_200_25_1783934557225 enter map_1 as unit 1025
[log] [gate_8] perf_8g_10_200_23_1783934557224 enter map_1 as unit 1023
[log] [gate_3] perf_8g_10_200_26_1783934557225 enter map_1 as unit 1027
[log] [login_1] perf_8g_10_200_36_1783934557239 login count 1
[log] [login_1] perf_8g_10_200_37_1783934557240 login count 1
[log] [login_1] perf_8g_10_200_38_1783934557240 login count 1
[log] [gate_7] perf_8g_10_200_30_1783934557226 enter map_1 as unit 1029
[log] [gate_5] perf_8g_10_200_28_1783934557226 enter map_1 as unit 1028
[log] [gate_6] perf_8g_10_200_29_1783934557226 enter map_1 as unit 1030
[log] [login_1] perf_8g_10_200_39_1783934557242 login count 1
[log] [login_1] perf_8g_10_200_40_1783934557242 login count 1
[log] [gate_1] perf_8g_10_200_32_1783934557227 enter map_1 as unit 1033
[log] [gate_8] perf_8g_10_200_31_1783934557227 enter map_1 as unit 1032
[log] [gate_2] perf_8g_10_200_33_1783934557228 enter map_1 as unit 1031
[log] [gate_7] perf_8g_10_200_38_1783934557240 enter map_1 as unit 1036
[log] [gate_3] perf_8g_10_200_34_1783934557233 enter map_1 as unit 1034
[log] [gate_4] perf_8g_10_200_35_1783934557235 enter map_1 as unit 1035
[log] [login_1] perf_8g_10_200_41_1783934557244 login count 1
[log] [login_1] perf_8g_10_200_42_1783934557245 login count 1
[log] [login_1] perf_8g_10_200_43_1783934557245 login count 1
[log] [gate_5] perf_8g_10_200_36_1783934557239 enter map_1 as unit 1038
[log] [gate_6] perf_8g_10_200_37_1783934557240 enter map_1 as unit 1037
[log] [gate_8] perf_8g_10_200_39_1783934557242 enter map_1 as unit 1039
[log] [gate_1] perf_8g_10_200_40_1783934557242 enter map_1 as unit 1040
[log] [login_1] perf_8g_10_200_44_1783934557246 login count 1
[log] [gate_2] perf_8g_10_200_41_1783934557244 enter map_1 as unit 1041
[log] [login_1] perf_8g_10_200_45_1783934557247 login count 1
[log] [login_1] perf_8g_10_200_46_1783934557247 login count 1
[log] [login_1] perf_8g_10_200_47_1783934557247 login count 1
[log] [login_1] perf_8g_10_200_48_1783934557248 login count 1
[log] [login_1] perf_8g_10_200_49_1783934557248 login count 1
[log] [gate_3] perf_8g_10_200_42_1783934557245 enter map_1 as unit 1042
[log] [login_1] perf_8g_10_200_50_1783934557248 login count 1
[log] [login_1] perf_8g_10_200_51_1783934557249 login count 1
[log] [gate_4] perf_8g_10_200_43_1783934557245 enter map_1 as unit 1043
[log] [login_1] perf_8g_10_200_52_1783934557249 login count 1
[log] [login_1] perf_8g_10_200_53_1783934557250 login count 1
[log] [login_1] perf_8g_10_200_54_1783934557251 login count 1
[log] [login_1] perf_8g_10_200_55_1783934557253 login count 1
[log] [gate_5] perf_8g_10_200_44_1783934557246 enter map_1 as unit 1044
[log] [login_1] perf_8g_10_200_56_1783934557254 login count 1
[log] [gate_6] perf_8g_10_200_45_1783934557247 enter map_1 as unit 1045
[log] [login_1] perf_8g_10_200_57_1783934557256 login count 1
[log] [gate_8] perf_8g_10_200_47_1783934557247 enter map_1 as unit 1047
[log] [gate_7] perf_8g_10_200_46_1783934557247 enter map_1 as unit 1046
[log] [gate_1] perf_8g_10_200_48_1783934557248 enter map_1 as unit 1048
[log] [login_1] perf_8g_10_200_58_1783934557258 login count 1
[log] [login_1] perf_8g_10_200_59_1783934557259 login count 1
[log] [gate_3] perf_8g_10_200_50_1783934557248 enter map_1 as unit 1050
[log] [gate_4] perf_8g_10_200_51_1783934557249 enter map_1 as unit 1051
[log] [gate_2] perf_8g_10_200_49_1783934557248 enter map_1 as unit 1049
[log] [gate_6] perf_8g_10_200_53_1783934557250 enter map_1 as unit 1053
[log] [gate_5] perf_8g_10_200_52_1783934557249 enter map_1 as unit 1052
[log] [gate_8] perf_8g_10_200_55_1783934557253 enter map_1 as unit 1054
[log] [gate_7] perf_8g_10_200_54_1783934557251 enter map_1 as unit 1055
[log] [gate_1] perf_8g_10_200_56_1783934557254 enter map_1 as unit 1056
[log] [login_1] perf_8g_10_200_60_1783934557263 login count 1
[log] [gate_2] perf_8g_10_200_57_1783934557256 enter map_1 as unit 1057
[log] [login_1] perf_8g_10_200_61_1783934557264 login count 1
[log] [login_1] perf_8g_10_200_62_1783934557266 login count 1
[log] [gate_3] perf_8g_10_200_58_1783934557258 enter map_1 as unit 1058
[log] [login_1] perf_8g_10_200_63_1783934557266 login count 1
[log] [login_1] perf_8g_10_200_64_1783934557267 login count 1
[log] [gate_4] perf_8g_10_200_59_1783934557259 enter map_1 as unit 1059
[log] [login_1] perf_8g_10_200_65_1783934557269 login count 1
[log] [login_1] perf_8g_10_200_66_1783934557270 login count 1
[log] [login_1] perf_8g_10_200_67_1783934557270 login count 1
[log] [login_1] perf_8g_10_200_68_1783934557271 login count 1
[log] [login_1] perf_8g_10_200_69_1783934557271 login count 1
[log] [login_1] perf_8g_10_200_70_1783934557272 login count 1
[log] [login_1] perf_8g_10_200_71_1783934557273 login count 1
[log] [login_1] perf_8g_10_200_72_1783934557273 login count 1
[log] [gate_5] perf_8g_10_200_60_1783934557263 enter map_1 as unit 1060
[log] [gate_6] perf_8g_10_200_61_1783934557264 enter map_1 as unit 1061
[log] [gate_8] perf_8g_10_200_63_1783934557266 enter map_1 as unit 1063
[log] [gate_7] perf_8g_10_200_62_1783934557266 enter map_1 as unit 1062
[log] [login_1] perf_8g_10_200_73_1783934557276 login count 1
[log] [gate_1] perf_8g_10_200_64_1783934557267 enter map_1 as unit 1064
[log] [login_1] perf_8g_10_200_74_1783934557278 login count 1
[log] [login_1] perf_8g_10_200_75_1783934557279 login count 1
[log] [gate_2] perf_8g_10_200_65_1783934557269 enter map_1 as unit 1065
[log] [gate_3] perf_8g_10_200_66_1783934557270 enter map_1 as unit 1066
[log] [gate_4] perf_8g_10_200_67_1783934557270 enter map_1 as unit 1067
[log] [gate_6] perf_8g_10_200_69_1783934557271 enter map_1 as unit 1068
[log] [gate_8] perf_8g_10_200_71_1783934557273 enter map_1 as unit 1071
[log] [gate_5] perf_8g_10_200_68_1783934557271 enter map_1 as unit 1069
[log] [gate_7] perf_8g_10_200_70_1783934557272 enter map_1 as unit 1070
[log] [gate_1] perf_8g_10_200_72_1783934557273 enter map_1 as unit 1072
[log] [login_1] perf_8g_10_200_76_1783934557285 login count 1
[log] [gate_2] perf_8g_10_200_73_1783934557276 enter map_1 as unit 1073
[log] [login_1] perf_8g_10_200_77_1783934557286 login count 1
[log] [login_1] perf_8g_10_200_78_1783934557286 login count 1
[log] [login_1] perf_8g_10_200_79_1783934557287 login count 1
[log] [gate_3] perf_8g_10_200_74_1783934557278 enter map_1 as unit 1074
[log] [gate_4] perf_8g_10_200_75_1783934557279 enter map_1 as unit 1075
[log] [login_1] perf_8g_10_200_80_1783934557288 login count 1
[log] [login_1] perf_8g_10_200_81_1783934557290 login count 1
[log] [login_1] perf_8g_10_200_82_1783934557292 login count 1
[log] [login_1] perf_8g_10_200_83_1783934557294 login count 1
[log] [login_1] perf_8g_10_200_84_1783934557295 login count 1
[log] [login_1] perf_8g_10_200_85_1783934557296 login count 1
[log] [gate_5] perf_8g_10_200_76_1783934557285 enter map_1 as unit 1076
[log] [login_1] perf_8g_10_200_86_1783934557297 login count 1
[log] [login_1] perf_8g_10_200_87_1783934557297 login count 1
[log] [login_1] perf_8g_10_200_88_1783934557298 login count 1
[log] [gate_6] perf_8g_10_200_77_1783934557286 enter map_1 as unit 1077
[log] [login_1] perf_8g_10_200_89_1783934557299 login count 1
[log] [login_1] perf_8g_10_200_90_1783934557300 login count 1
[log] [login_1] perf_8g_10_200_91_1783934557301 login count 1
[log] [gate_8] perf_8g_10_200_79_1783934557287 enter map_1 as unit 1079
[log] [gate_1] perf_8g_10_200_80_1783934557288 enter map_1 as unit 1080
[log] [gate_7] perf_8g_10_200_78_1783934557286 enter map_1 as unit 1078
[log] [gate_2] perf_8g_10_200_81_1783934557290 enter map_1 as unit 1081
[log] [login_1] perf_8g_10_200_92_1783934557308 login count 1
[log] [login_1] perf_8g_10_200_93_1783934557308 login count 1
[log] [gate_4] perf_8g_10_200_83_1783934557294 enter map_1 as unit 1083
[log] [gate_3] perf_8g_10_200_82_1783934557292 enter map_1 as unit 1082
[log] [gate_5] perf_8g_10_200_84_1783934557295 enter map_1 as unit 1084
[log] [login_1] perf_8g_10_200_94_1783934557310 login count 1
[log] [login_1] perf_8g_10_200_95_1783934557310 login count 1
[log] [login_1] perf_8g_10_200_96_1783934557311 login count 1
[log] [login_1] perf_8g_10_200_97_1783934557313 login count 1
[log] [gate_1] perf_8g_10_200_88_1783934557298 enter map_1 as unit 1087
[log] [gate_8] perf_8g_10_200_87_1783934557297 enter map_1 as unit 1086
[log] [gate_6] perf_8g_10_200_85_1783934557296 enter map_1 as unit 1085
[log] [gate_2] perf_8g_10_200_89_1783934557299 enter map_1 as unit 1089
[log] [gate_7] perf_8g_10_200_86_1783934557297 enter map_1 as unit 1088
[log] [login_1] perf_8g_10_200_98_1783934557316 login count 1
[log] [login_1] perf_8g_10_200_99_1783934557317 login count 1
[log] [login_1] perf_8g_10_200_100_1783934557317 login count 1
[log] [gate_4] perf_8g_10_200_91_1783934557301 enter map_1 as unit 1090
[log] [gate_3] perf_8g_10_200_90_1783934557300 enter map_1 as unit 1091
[log] [gate_5] perf_8g_10_200_92_1783934557308 enter map_1 as unit 1092
[log] [login_1] perf_8g_10_200_101_1783934557321 login count 1
[log] [login_1] perf_8g_10_200_102_1783934557322 login count 1
[log] [login_1] perf_8g_10_200_103_1783934557322 login count 1
[log] [login_1] perf_8g_10_200_104_1783934557323 login count 1
[log] [login_1] perf_8g_10_200_105_1783934557324 login count 1
[log] [gate_2] perf_8g_10_200_97_1783934557313 enter map_1 as unit 1096
[log] [gate_6] perf_8g_10_200_93_1783934557308 enter map_1 as unit 1097
[log] [gate_1] perf_8g_10_200_96_1783934557311 enter map_1 as unit 1094
[log] [gate_7] perf_8g_10_200_94_1783934557310 enter map_1 as unit 1093
[log] [gate_8] perf_8g_10_200_95_1783934557310 enter map_1 as unit 1095
[log] [login_1] perf_8g_10_200_106_1783934557326 login count 1
[log] [login_1] perf_8g_10_200_107_1783934557327 login count 1
[log] [login_1] perf_8g_10_200_108_1783934557327 login count 1
[log] [gate_4] perf_8g_10_200_99_1783934557317 enter map_1 as unit 1098
[log] [gate_5] perf_8g_10_200_100_1783934557317 enter map_1 as unit 1100
[log] [gate_3] perf_8g_10_200_98_1783934557316 enter map_1 as unit 1099
[log] [gate_8] perf_8g_10_200_103_1783934557322 enter map_1 as unit 1102
[log] [gate_7] perf_8g_10_200_102_1783934557322 enter map_1 as unit 1101
[log] [login_1] perf_8g_10_200_109_1783934557333 login count 1
[log] [login_1] perf_8g_10_200_110_1783934557333 login count 1
[log] [login_1] perf_8g_10_200_112_1783934557334 login count 1
[log] [login_1] perf_8g_10_200_111_1783934557334 login count 1
[log] [gate_6] perf_8g_10_200_101_1783934557321 enter map_1 as unit 1103
[log] [gate_1] perf_8g_10_200_104_1783934557323 enter map_1 as unit 1104
[log] [gate_2] perf_8g_10_200_105_1783934557324 enter map_1 as unit 1105
[log] [login_1] perf_8g_10_200_113_1783934557335 login count 1
[log] [login_1] perf_8g_10_200_114_1783934557337 login count 1
[log] [login_1] perf_8g_10_200_115_1783934557337 login count 1
[log] [login_1] perf_8g_10_200_116_1783934557338 login count 1
[log] [login_1] perf_8g_10_200_117_1783934557340 login count 1
[log] [gate_3] perf_8g_10_200_106_1783934557326 enter map_1 as unit 1106
[log] [gate_4] perf_8g_10_200_107_1783934557327 enter map_1 as unit 1107
[log] [gate_5] perf_8g_10_200_108_1783934557327 enter map_1 as unit 1108
[log] [login_1] perf_8g_10_200_118_1783934557340 login count 1
[log] [gate_6] perf_8g_10_200_109_1783934557333 enter map_1 as unit 1109
[log] [login_1] perf_8g_10_200_119_1783934557345 login count 1
[log] [login_1] perf_8g_10_200_120_1783934557345 login count 1
[log] [login_1] perf_8g_10_200_121_1783934557346 login count 1
[log] [gate_2] perf_8g_10_200_113_1783934557335 enter map_1 as unit 1113
[log] [gate_8] perf_8g_10_200_112_1783934557334 enter map_1 as unit 1111
[log] [gate_7] perf_8g_10_200_110_1783934557333 enter map_1 as unit 1110
[log] [gate_1] perf_8g_10_200_111_1783934557334 enter map_1 as unit 1112
[log] [login_1] perf_8g_10_200_122_1783934557350 login count 1
[log] [login_1] perf_8g_10_200_123_1783934557351 login count 1
[log] [login_1] perf_8g_10_200_124_1783934557351 login count 1
[log] [login_1] perf_8g_10_200_125_1783934557352 login count 1
[log] [gate_6] perf_8g_10_200_117_1783934557340 enter map_1 as unit 1117
[log] [gate_4] perf_8g_10_200_115_1783934557337 enter map_1 as unit 1114
[log] [gate_3] perf_8g_10_200_114_1783934557337 enter map_1 as unit 1115
[log] [gate_5] perf_8g_10_200_116_1783934557338 enter map_1 as unit 1116
[log] [login_1] perf_8g_10_200_126_1783934557356 login count 1
[log] [login_1] perf_8g_10_200_128_1783934557357 login count 1
[log] [login_1] perf_8g_10_200_127_1783934557357 login count 1
[log] [login_1] perf_8g_10_200_129_1783934557358 login count 1
[log] [gate_2] perf_8g_10_200_121_1783934557346 enter map_1 as unit 1120
[log] [gate_1] perf_8g_10_200_120_1783934557345 enter map_1 as unit 1118
[log] [gate_8] perf_8g_10_200_119_1783934557345 enter map_1 as unit 1121
[log] [login_1] perf_8g_10_200_130_1783934557361 login count 1
[log] [gate_7] perf_8g_10_200_118_1783934557340 enter map_1 as unit 1119
[log] [login_1] perf_8g_10_200_131_1783934557363 login count 1
[log] [login_1] perf_8g_10_200_132_1783934557364 login count 1
[log] [login_1] perf_8g_10_200_133_1783934557364 login count 1
[log] [gate_3] perf_8g_10_200_122_1783934557350 enter map_1 as unit 1123
[log] [gate_6] perf_8g_10_200_125_1783934557352 enter map_1 as unit 1122
[log] [gate_5] perf_8g_10_200_124_1783934557351 enter map_1 as unit 1125
[log] [gate_4] perf_8g_10_200_123_1783934557351 enter map_1 as unit 1124
[log] [login_1] perf_8g_10_200_134_1783934557368 login count 1
[log] [login_1] perf_8g_10_200_135_1783934557368 login count 1
[log] [login_1] perf_8g_10_200_136_1783934557369 login count 1
[log] [login_1] perf_8g_10_200_137_1783934557370 login count 1
[log] [gate_2] perf_8g_10_200_129_1783934557358 enter map_1 as unit 1128
[log] [gate_8] perf_8g_10_200_128_1783934557357 enter map_1 as unit 1126
[log] [gate_1] perf_8g_10_200_127_1783934557357 enter map_1 as unit 1129
[log] [gate_7] perf_8g_10_200_126_1783934557356 enter map_1 as unit 1127
[log] [login_1] perf_8g_10_200_138_1783934557373 login count 1
[log] [login_1] perf_8g_10_200_139_1783934557373 login count 1
[log] [login_1] perf_8g_10_200_140_1783934557374 login count 1
[log] [login_1] perf_8g_10_200_141_1783934557374 login count 1
[log] [login_1] perf_8g_10_200_142_1783934557379 login count 1
[log] [login_1] perf_8g_10_200_143_1783934557380 login count 1
[log] [login_1] perf_8g_10_200_144_1783934557380 login count 1
[log] [login_1] perf_8g_10_200_145_1783934557381 login count 1
[log] [gate_5] perf_8g_10_200_132_1783934557364 enter map_1 as unit 1131
[log] [gate_6] perf_8g_10_200_133_1783934557364 enter map_1 as unit 1133
[log] [gate_4] perf_8g_10_200_131_1783934557363 enter map_1 as unit 1130
[log] [gate_3] perf_8g_10_200_130_1783934557361 enter map_1 as unit 1132
[log] [login_1] perf_8g_10_200_146_1783934557385 login count 1
[log] [login_1] perf_8g_10_200_147_1783934557386 login count 1
[log] [login_1] perf_8g_10_200_148_1783934557386 login count 1
[log] [login_1] perf_8g_10_200_149_1783934557387 login count 1
[log] [gate_1] perf_8g_10_200_136_1783934557369 enter map_1 as unit 1134
[log] [gate_2] perf_8g_10_200_137_1783934557370 enter map_1 as unit 1135
[log] [gate_7] perf_8g_10_200_134_1783934557368 enter map_1 as unit 1136
[log] [gate_8] perf_8g_10_200_135_1783934557368 enter map_1 as unit 1137
[log] [login_1] perf_8g_10_200_150_1783934557391 login count 1
[log] [login_1] perf_8g_10_200_151_1783934557392 login count 1
[log] [login_1] perf_8g_10_200_152_1783934557393 login count 1
[log] [login_1] perf_8g_10_200_153_1783934557393 login count 1
[log] [gate_5] perf_8g_10_200_140_1783934557374 enter map_1 as unit 1140
[log] [gate_3] perf_8g_10_200_138_1783934557373 enter map_1 as unit 1139
[log] [gate_6] perf_8g_10_200_141_1783934557374 enter map_1 as unit 1138
[log] [gate_4] perf_8g_10_200_139_1783934557373 enter map_1 as unit 1141
[log] [login_1] perf_8g_10_200_154_1783934557398 login count 1
[log] [login_1] perf_8g_10_200_155_1783934557398 login count 1
[log] [login_1] perf_8g_10_200_156_1783934557399 login count 1
[log] [login_1] perf_8g_10_200_157_1783934557400 login count 1
[log] [gate_2] perf_8g_10_200_145_1783934557381 enter map_1 as unit 1144
[log] [gate_1] perf_8g_10_200_144_1783934557380 enter map_1 as unit 1145
[log] [gate_8] perf_8g_10_200_143_1783934557380 enter map_1 as unit 1143
[log] [gate_7] perf_8g_10_200_142_1783934557379 enter map_1 as unit 1142
[log] [login_1] perf_8g_10_200_158_1783934557403 login count 1
[log] [login_1] perf_8g_10_200_159_1783934557404 login count 1
[log] [login_1] perf_8g_10_200_160_1783934557404 login count 1
[log] [login_1] perf_8g_10_200_161_1783934557405 login count 1
[log] [gate_4] perf_8g_10_200_147_1783934557386 enter map_1 as unit 1147
[log] [gate_5] perf_8g_10_200_148_1783934557386 enter map_1 as unit 1146
[log] [gate_6] perf_8g_10_200_149_1783934557387 enter map_1 as unit 1148
[log] [gate_3] perf_8g_10_200_146_1783934557385 enter map_1 as unit 1149
[log] [login_1] perf_8g_10_200_162_1783934557409 login count 1
[log] [login_1] perf_8g_10_200_163_1783934557410 login count 1
[log] [login_1] perf_8g_10_200_164_1783934557411 login count 1
[log] [login_1] perf_8g_10_200_165_1783934557411 login count 1
[log] [gate_7] perf_8g_10_200_150_1783934557391 enter map_1 as unit 1152
[log] [gate_1] perf_8g_10_200_152_1783934557393 enter map_1 as unit 1150
[log] [gate_2] perf_8g_10_200_153_1783934557393 enter map_1 as unit 1151
[log] [gate_8] perf_8g_10_200_151_1783934557392 enter map_1 as unit 1153
[log] [login_1] perf_8g_10_200_166_1783934557416 login count 1
[log] [login_1] perf_8g_10_200_167_1783934557416 login count 1
[log] [login_1] perf_8g_10_200_168_1783934557417 login count 1
[log] [login_1] perf_8g_10_200_169_1783934557417 login count 1
[log] [gate_4] perf_8g_10_200_155_1783934557398 enter map_1 as unit 1156
[log] [gate_3] perf_8g_10_200_154_1783934557398 enter map_1 as unit 1154
[log] [gate_5] perf_8g_10_200_156_1783934557399 enter map_1 as unit 1157
[log] [gate_6] perf_8g_10_200_157_1783934557400 enter map_1 as unit 1155
[log] [login_1] perf_8g_10_200_170_1783934557422 login count 1
[log] [gate_2] perf_8g_10_200_161_1783934557405 enter map_1 as unit 1161
[log] [gate_1] perf_8g_10_200_160_1783934557404 enter map_1 as unit 1159
[log] [gate_7] perf_8g_10_200_158_1783934557403 enter map_1 as unit 1158
[log] [gate_8] perf_8g_10_200_159_1783934557404 enter map_1 as unit 1160
[log] [login_1] perf_8g_10_200_171_1783934557423 login count 1
[log] [login_1] perf_8g_10_200_172_1783934557424 login count 1
[log] [login_1] perf_8g_10_200_173_1783934557425 login count 1
[log] [login_1] perf_8g_10_200_174_1783934557429 login count 1
[log] [login_1] perf_8g_10_200_176_1783934557429 login count 1
[log] [login_1] perf_8g_10_200_175_1783934557429 login count 1
[log] [login_1] perf_8g_10_200_177_1783934557431 login count 1
[log] [gate_5] perf_8g_10_200_164_1783934557411 enter map_1 as unit 1162
[log] [gate_3] perf_8g_10_200_162_1783934557409 enter map_1 as unit 1165
[log] [gate_6] perf_8g_10_200_165_1783934557411 enter map_1 as unit 1164
[log] [gate_4] perf_8g_10_200_163_1783934557410 enter map_1 as unit 1163
[log] [login_1] perf_8g_10_200_178_1783934557437 login count 1
[log] [login_1] perf_8g_10_200_179_1783934557438 login count 1
[log] [login_1] perf_8g_10_200_180_1783934557438 login count 1
[log] [login_1] perf_8g_10_200_181_1783934557439 login count 1
[log] [gate_2] perf_8g_10_200_169_1783934557417 enter map_1 as unit 1167
[log] [gate_8] perf_8g_10_200_167_1783934557416 enter map_1 as unit 1169
[log] [gate_7] perf_8g_10_200_166_1783934557416 enter map_1 as unit 1166
[log] [gate_1] perf_8g_10_200_168_1783934557417 enter map_1 as unit 1168
[log] [login_1] perf_8g_10_200_182_1783934557444 login count 1
[log] [login_1] perf_8g_10_200_183_1783934557444 login count 1
[log] [login_1] perf_8g_10_200_184_1783934557445 login count 1
[log] [login_1] perf_8g_10_200_185_1783934557445 login count 1
[log] [gate_6] perf_8g_10_200_173_1783934557425 enter map_1 as unit 1171
[log] [gate_5] perf_8g_10_200_172_1783934557424 enter map_1 as unit 1170
[log] [gate_4] perf_8g_10_200_171_1783934557423 enter map_1 as unit 1173
[log] [gate_3] perf_8g_10_200_170_1783934557422 enter map_1 as unit 1172
[log] [login_1] perf_8g_10_200_189_1783934557453 login count 1
[log] [login_1] perf_8g_10_200_188_1783934557453 login count 1
[log] [login_1] perf_8g_10_200_186_1783934557451 login count 1
[log] [login_1] perf_8g_10_200_187_1783934557452 login count 1
[log] [gate_2] perf_8g_10_200_177_1783934557431 enter map_1 as unit 1175
[log] [gate_7] perf_8g_10_200_174_1783934557429 enter map_1 as unit 1176
[log] [gate_8] perf_8g_10_200_176_1783934557429 enter map_1 as unit 1177
[log] [gate_1] perf_8g_10_200_175_1783934557429 enter map_1 as unit 1174
[log] [login_1] perf_8g_10_200_190_1783934557459 login count 1
[log] [login_1] perf_8g_10_200_191_1783934557459 login count 1
[log] [login_1] perf_8g_10_200_192_1783934557460 login count 1
[log] [login_1] perf_8g_10_200_193_1783934557460 login count 1
[log] [gate_3] perf_8g_10_200_178_1783934557437 enter map_1 as unit 1181
[log] [gate_4] perf_8g_10_200_179_1783934557438 enter map_1 as unit 1179
[log] [gate_6] perf_8g_10_200_181_1783934557439 enter map_1 as unit 1180
[log] [gate_5] perf_8g_10_200_180_1783934557438 enter map_1 as unit 1178
[log] [login_1] perf_8g_10_200_194_1783934557466 login count 1
[log] [login_1] perf_8g_10_200_195_1783934557467 login count 1
[log] [login_1] perf_8g_10_200_196_1783934557468 login count 1
[log] [login_1] perf_8g_10_200_197_1783934557469 login count 1
[log] [gate_8] perf_8g_10_200_183_1783934557444 enter map_1 as unit 1185
[log] [gate_2] perf_8g_10_200_185_1783934557445 enter map_1 as unit 1182
[log] [gate_1] perf_8g_10_200_184_1783934557445 enter map_1 as unit 1183
[log] [gate_7] perf_8g_10_200_182_1783934557444 enter map_1 as unit 1184
[log] [login_1] perf_8g_10_200_198_1783934557476 login count 1
[log] [login_1] perf_8g_10_200_199_1783934557477 login count 1
[log] [gate_5] perf_8g_10_200_186_1783934557451 enter map_1 as unit 1189
[log] [gate_4] perf_8g_10_200_188_1783934557453 enter map_1 as unit 1187
[log] [gate_3] perf_8g_10_200_189_1783934557453 enter map_1 as unit 1188
[log] [gate_6] perf_8g_10_200_187_1783934557452 enter map_1 as unit 1186
[log] [gate_7] perf_8g_10_200_190_1783934557459 enter map_1 as unit 1193
[log] [gate_8] perf_8g_10_200_191_1783934557459 enter map_1 as unit 1190
[log] [gate_2] perf_8g_10_200_193_1783934557460 enter map_1 as unit 1192
[log] [gate_1] perf_8g_10_200_192_1783934557460 enter map_1 as unit 1191
[log] [gate_4] perf_8g_10_200_195_1783934557467 enter map_1 as unit 1196
[log] [gate_3] perf_8g_10_200_194_1783934557466 enter map_1 as unit 1194
[log] [gate_6] perf_8g_10_200_197_1783934557469 enter map_1 as unit 1195
[log] [gate_5] perf_8g_10_200_196_1783934557468 enter map_1 as unit 1197
[log] [gate_8] perf_8g_10_200_199_1783934557477 enter map_1 as unit 1199
[log] [gate_7] perf_8g_10_200_198_1783934557476 enter map_1 as unit 1198
[metrics:inner_transport] active=0 opened=0 pending=0 max_pending=0 overloads=0 timeouts=0 disconnected_calls=0 late_responses=0 idle_closes=0
[process-metrics] process=log cpu_percent=1.25 cpu_time_ms=125 rss_bytes=36913152 v8_heap_used_bytes=2613496 v8_heap_total_bytes=6041600 v8_gc_count=3 v8_gc_ms=0.842 timestamp_ms=1783934561946
[metrics:log] scene=log type=Log processed=400 failed=0 ts_queue=0 ts_max_queue=12 rust_queue=0 rust_max_queue=12 backpressure=0 slow_disconnects=0 update_ms=0.00 handler_ms=0.00 max_handler_ms=1.00 total_handler_ms=6.00
[metrics:inner_transport] active=0 opened=0 pending=0 max_pending=0 overloads=0 timeouts=0 disconnected_calls=0 late_responses=0 idle_closes=0
[process-metrics] process=log cpu_percent=0.30 cpu_time_ms=140 rss_bytes=36937728 v8_heap_used_bytes=2752168 v8_heap_total_bytes=6041600 v8_gc_count=3 v8_gc_ms=0.842 timestamp_ms=1783934566997
[metrics:log] scene=log type=Log processed=400 failed=0 ts_queue=0 ts_max_queue=12 rust_queue=0 rust_max_queue=12 backpressure=0 slow_disconnects=0 update_ms=0.00 handler_ms=0.00 max_handler_ms=1.00 total_handler_ms=6.00
[metrics:inner_transport] active=0 opened=0 pending=0 max_pending=0 overloads=0 timeouts=0 disconnected_calls=0 late_responses=0 idle_closes=0
[process-metrics] process=log cpu_percent=0.00 cpu_time_ms=140 rss_bytes=37363712 v8_heap_used_bytes=2915408 v8_heap_total_bytes=6303744 v8_gc_count=3 v8_gc_ms=0.842 timestamp_ms=1783934572056
[metrics:log] scene=log type=Log processed=400 failed=0 ts_queue=0 ts_max_queue=12 rust_queue=0 rust_max_queue=12 backpressure=0 slow_disconnects=0 update_ms=0.00 handler_ms=0.00 max_handler_ms=1.00 total_handler_ms=6.00
[metrics:inner_transport] active=0 opened=0 pending=0 max_pending=0 overloads=0 timeouts=0 disconnected_calls=0 late_responses=0 idle_closes=0
[process-metrics] process=log cpu_percent=0.00 cpu_time_ms=140 rss_bytes=37457920 v8_heap_used_bytes=3045016 v8_heap_total_bytes=6565888 v8_gc_count=3 v8_gc_ms=0.842 timestamp_ms=1783934577111
[metrics:log] scene=log type=Log processed=400 failed=0 ts_queue=0 ts_max_queue=12 rust_queue=0 rust_max_queue=12 backpressure=0 slow_disconnects=0 update_ms=0.00 handler_ms=0.00 max_handler_ms=1.00 total_handler_ms=6.00
[metrics:inner_transport] active=0 opened=0 pending=0 max_pending=0 overloads=0 timeouts=0 disconnected_calls=0 late_responses=0 idle_closes=0
[process-metrics] process=log cpu_percent=0.32 cpu_time_ms=156 rss_bytes=37650432 v8_heap_used_bytes=3173016 v8_heap_total_bytes=6565888 v8_gc_count=3 v8_gc_ms=0.842 timestamp_ms=1783934582094
[metrics:log] scene=log type=Log processed=400 failed=0 ts_queue=0 ts_max_queue=12 rust_queue=0 rust_max_queue=12 backpressure=0 slow_disconnects=0 update_ms=0.00 handler_ms=0.00 max_handler_ms=1.00 total_handler_ms=6.00
[metrics:inner_transport] active=0 opened=0 pending=0 max_pending=0 overloads=0 timeouts=0 disconnected_calls=0 late_responses=0 idle_closes=0
[process-metrics] process=log cpu_percent=0.30 cpu_time_ms=171 rss_bytes=37728256 v8_heap_used_bytes=3302616 v8_heap_total_bytes=6565888 v8_gc_count=3 v8_gc_ms=0.842 timestamp_ms=1783934587154
[metrics:log] scene=log type=Log processed=400 failed=0 ts_queue=0 ts_max_queue=12 rust_queue=0 rust_max_queue=12 backpressure=0 slow_disconnects=0 update_ms=0.00 handler_ms=0.00 max_handler_ms=1.00 total_handler_ms=6.00
[metrics:inner_transport] active=0 opened=0 pending=0 max_pending=0 overloads=0 timeouts=0 disconnected_calls=0 late_responses=0 idle_closes=0
[process-metrics] process=log cpu_percent=0.93 cpu_time_ms=218 rss_bytes=37990400 v8_heap_used_bytes=3436480 v8_heap_total_bytes=6828032 v8_gc_count=3 v8_gc_ms=0.842 timestamp_ms=1783934592190
[metrics:log] scene=log type=Log processed=400 failed=0 ts_queue=0 ts_max_queue=12 rust_queue=0 rust_max_queue=12 backpressure=0 slow_disconnects=0 update_ms=0.00 handler_ms=0.00 max_handler_ms=1.00 total_handler_ms=6.00
[metrics:inner_transport] active=0 opened=0 pending=0 max_pending=0 overloads=0 timeouts=0 disconnected_calls=0 late_responses=0 idle_closes=0
[process-metrics] process=log cpu_percent=0.32 cpu_time_ms=234 rss_bytes=38121472 v8_heap_used_bytes=3564784 v8_heap_total_bytes=6828032 v8_gc_count=3 v8_gc_ms=0.842 timestamp_ms=1783934597245
[metrics:log] scene=log type=Log processed=400 failed=0 ts_queue=0 ts_max_queue=12 rust_queue=0 rust_max_queue=12 backpressure=0 slow_disconnects=0 update_ms=0.00 handler_ms=0.00 max_handler_ms=1.00 total_handler_ms=6.00
